[09:01:10] ProCto_DS (d3139add-473e-468f-9582-8b46bb0e237c): "
[09:01:16] ProCto_DS (d3139add-473e-468f-9582-8b46bb0e237c): Всм
[10:00:05] ProCto_DS (d3139add-473e-468f-9582-8b46bb0e237c): )
[12:43:16] Stxywxthme (d459fc31-975c-11ee-ae9d-0242ae5c0002): откуда пилоны?
[12:43:20] Nergaloff (88da800e-1614-4c65-ace8-c18f7e99e914): украл
[12:48:20] Stxywxthme (d459fc31-975c-11ee-ae9d-0242ae5c0002): карьер
[12:48:29] Nergaloff (88da800e-1614-4c65-ace8-c18f7e99e914): что
[12:48:32] Stxywxthme (d459fc31-975c-11ee-ae9d-0242ae5c0002): с доната?
[12:48:35] Nergaloff (88da800e-1614-4c65-ace8-c18f7e99e914): нет
[12:48:40] Stxywxthme (d459fc31-975c-11ee-ae9d-0242ae5c0002): пон
[12:49:43] Stxywxthme (d459fc31-975c-11ee-ae9d-0242ae5c0002): сделаешь супер абсорбационные ботинки?
[12:50:03] Nergaloff (88da800e-1614-4c65-ace8-c18f7e99e914): это какие
[12:50:12] Stxywxthme (d459fc31-975c-11ee-ae9d-0242ae5c0002): 6437
[12:50:36] Nergaloff (88da800e-1614-4c65-ace8-c18f7e99e914): не ищет по айди
[12:50:57] Stxywxthme (d459fc31-975c-11ee-ae9d-0242ae5c0002): ботинки супер
[12:51:13] Stxywxthme (d459fc31-975c-11ee-ae9d-0242ae5c0002): не супремениевые
[12:51:37] Nergaloff (88da800e-1614-4c65-ace8-c18f7e99e914): суперлюбрицентные?
[12:51:39] Stxywxthme (d459fc31-975c-11ee-ae9d-0242ae5c0002): +
[12:51:47] Nergaloff (88da800e-1614-4c65-ace8-c18f7e99e914): у меня бобов нет
[12:51:52] Stxywxthme (d459fc31-975c-11ee-ae9d-0242ae5c0002): ща найду
[12:53:50] Stxywxthme (d459fc31-975c-11ee-ae9d-0242ae5c0002): спс
[12:54:16] Stxywxthme (d459fc31-975c-11ee-ae9d-0242ae5c0002): может чуть лагать
[12:59:27] Stxywxthme (d459fc31-975c-11ee-ae9d-0242ae5c0002): наконец добрался домой
[12:59:35] Nergaloff (88da800e-1614-4c65-ace8-c18f7e99e914): )
[13:00:17] Stxywxthme (d459fc31-975c-11ee-ae9d-0242ae5c0002): но жаль не имею доступ к привату
[13:05:55] Stxywxthme (d459fc31-975c-11ee-ae9d-0242ae5c0002): прими тп
[13:06:12] Stxywxthme (d459fc31-975c-11ee-ae9d-0242ae5c0002): я забыл поставить сетхом
[13:06:21] Stxywxthme (d459fc31-975c-11ee-ae9d-0242ae5c0002): нужны еще ботинки
[13:06:21] Nergaloff (88da800e-1614-4c65-ace8-c18f7e99e914): где
[13:06:28] Stxywxthme (d459fc31-975c-11ee-ae9d-0242ae5c0002): дома
[13:07:24] Stxywxthme (d459fc31-975c-11ee-ae9d-0242ae5c0002): спс х2
[13:09:15] Stxywxthme (d459fc31-975c-11ee-ae9d-0242ae5c0002): 2к блоков за 1 минуту
[13:40:04] Stxywxthme (d459fc31-975c-11ee-ae9d-0242ae5c0002): .
[14:36:17] Stxywxthme (6ce0cde9-8c92-4c66-96ad-6bffb9dfc01b): оооооо
[14:36:20] Stxywxthme (6ce0cde9-8c92-4c66-96ad-6bffb9dfc01b): имба
[14:36:27] Stxywxthme (6ce0cde9-8c92-4c66-96ad-6bffb9dfc01b): я гений
[14:47:46] Stxywxthme (6ce0cde9-8c92-4c66-96ad-6bffb9dfc01b): ммм
[14:48:46] Stxywxthme (6ce0cde9-8c92-4c66-96ad-6bffb9dfc01b): !
[16:52:59] Shick (1e509a89-d5e1-4571-bec0-bbd919826fe9): Ес
[16:53:10] Stxywxthme (6ce0cde9-8c92-4c66-96ad-6bffb9dfc01b): ес
[17:25:44] Stxywxthme (6ce0cde9-8c92-4c66-96ad-6bffb9dfc01b): я перезайду
[17:50:28] Stxywxthme (6ce0cde9-8c92-4c66-96ad-6bffb9dfc01b): все спс
[17:50:53] Stxywxthme (6ce0cde9-8c92-4c66-96ad-6bffb9dfc01b): а кстати достижения
[17:51:04] Stxywxthme (6ce0cde9-8c92-4c66-96ad-6bffb9dfc01b): они слетели
[17:52:08] AETERNAL (6015b02d-f272-4154-8209-5e3b23bbc09c): какие
[17:52:17] Stxywxthme (6ce0cde9-8c92-4c66-96ad-6bffb9dfc01b): в ботании в основном
[17:52:40] AETERNAL (6015b02d-f272-4154-8209-5e3b23bbc09c): ну это последствия слетевшего uuid
[17:53:08] Stxywxthme (6ce0cde9-8c92-4c66-96ad-6bffb9dfc01b): мне все пересоздавать и засирать чат?
[17:53:30] AETERNAL (6015b02d-f272-4154-8209-5e3b23bbc09c): угу
[18:04:14] Stxywxthme (6ce0cde9-8c92-4c66-96ad-6bffb9dfc01b): нужны достижения астрала
[19:10:47] Stxywxthme (6ce0cde9-8c92-4c66-96ad-6bffb9dfc01b): эммм
[19:11:14] Stxywxthme (6ce0cde9-8c92-4c66-96ad-6bffb9dfc01b): печенье маны по-круче всей еды
[19:11:37] Nergaloff (88da800e-1614-4c65-ace8-c18f7e99e914): я занят немного
[19:11:43] Stxywxthme (6ce0cde9-8c92-4c66-96ad-6bffb9dfc01b): ок
[19:22:10] Stxywxthme (6ce0cde9-8c92-4c66-96ad-6bffb9dfc01b): кажись у нас новый игрок
[19:23:55] Stxywxthme (6ce0cde9-8c92-4c66-96ad-6bffb9dfc01b): ку
[19:24:34] Stxywxthme (6ce0cde9-8c92-4c66-96ad-6bffb9dfc01b): я случайно не бросил спектральный нагрудник?
[19:24:39] Shick (1e509a89-d5e1-4571-bec0-bbd919826fe9): не
[19:25:42] Stxywxthme (6ce0cde9-8c92-4c66-96ad-6bffb9dfc01b): кстати
[19:25:55] Shick (1e509a89-d5e1-4571-bec0-bbd919826fe9): о
[19:25:57] Shick (1e509a89-d5e1-4571-bec0-bbd919826fe9): намана
[19:25:58] Stxywxthme (6ce0cde9-8c92-4c66-96ad-6bffb9dfc01b): он имбовый
[19:26:09] Shick (1e509a89-d5e1-4571-bec0-bbd919826fe9): мы пока ботанию не развивали
[19:26:27] Stxywxthme (6ce0cde9-8c92-4c66-96ad-6bffb9dfc01b): надо развить
[19:26:32] Shick (1e509a89-d5e1-4571-bec0-bbd919826fe9): пока термал
[19:26:54] Stxywxthme (6ce0cde9-8c92-4c66-96ad-6bffb9dfc01b): походу вы не дружите с вход выходами
[19:27:05] Shick (1e509a89-d5e1-4571-bec0-bbd919826fe9): дружим
[19:27:06] Shick (1e509a89-d5e1-4571-bec0-bbd919826fe9): пока так
[19:27:09] Shick (1e509a89-d5e1-4571-bec0-bbd919826fe9): энергии нема
[19:27:12] Shick (1e509a89-d5e1-4571-bec0-bbd919826fe9): так что похуй
[19:27:14] Stxywxthme (6ce0cde9-8c92-4c66-96ad-6bffb9dfc01b): а че тогда воронки
[19:27:22] Shick (1e509a89-d5e1-4571-bec0-bbd919826fe9): временно
[19:27:36] Shick (1e509a89-d5e1-4571-bec0-bbd919826fe9): говорю же пока похуй
[19:27:39] Stxywxthme (6ce0cde9-8c92-4c66-96ad-6bffb9dfc01b): ок
[19:27:58] LucKefir (4e9a468e-dcee-4495-981b-16afc62515ef): друг, мы всё знаем, пока нам не нужна ни в чём помощь
[19:28:04] Stxywxthme (6ce0cde9-8c92-4c66-96ad-6bffb9dfc01b): ок
[20:28:49] Stxywxthme (6ce0cde9-8c92-4c66-96ad-6bffb9dfc01b): ку
[20:28:57] AETERNAL (6015b02d-f272-4154-8209-5e3b23bbc09c): q
[20:29:07] Shick (1e509a89-d5e1-4571-bec0-bbd919826fe9): о бля
[20:29:11] Shick (1e509a89-d5e1-4571-bec0-bbd919826fe9): иди сюда
[20:29:13] Shick (1e509a89-d5e1-4571-bec0-bbd919826fe9): аптека
[20:29:59] AETERNAL (6015b02d-f272-4154-8209-5e3b23bbc09c): бей щас
[20:30:04] Shick (1e509a89-d5e1-4571-bec0-bbd919826fe9): хахаахахахах
[20:30:06] [CAPS] Shick (1e509a89-d5e1-4571-bec0-bbd919826fe9): хаахахаха
[20:30:07] AETERNAL (6015b02d-f272-4154-8209-5e3b23bbc09c): та не меня бля
[20:30:13] Shick (1e509a89-d5e1-4571-bec0-bbd919826fe9): хахахаахах
[20:30:13] Shick (1e509a89-d5e1-4571-bec0-bbd919826fe9): хахах
[20:30:43] LucKefir (4e9a468e-dcee-4495-981b-16afc62515ef): нифига
[20:30:44] AETERNAL (6015b02d-f272-4154-8209-5e3b23bbc09c): и
[20:30:58] Shick (1e509a89-d5e1-4571-bec0-bbd919826fe9): решай проблему
[20:30:59] Shick (1e509a89-d5e1-4571-bec0-bbd919826fe9): епт
[20:31:10] Stxywxthme (6ce0cde9-8c92-4c66-96ad-6bffb9dfc01b): XD
[20:31:19] AETERNAL (6015b02d-f272-4154-8209-5e3b23bbc09c): скинь скрин своих ачивок твайлайта
[20:31:31] LucKefir (4e9a468e-dcee-4495-981b-16afc62515ef): а где они?
[20:32:43] AETERNAL (6015b02d-f272-4154-8209-5e3b23bbc09c): щас
[20:32:44] AETERNAL (6015b02d-f272-4154-8209-5e3b23bbc09c): ,
[20:32:46] AETERNAL (6015b02d-f272-4154-8209-5e3b23bbc09c): ?
[20:34:51] AETERNAL (6015b02d-f272-4154-8209-5e3b23bbc09c): бля
[20:34:51] Shick (1e509a89-d5e1-4571-bec0-bbd919826fe9): а мне
[20:34:52] AETERNAL (6015b02d-f272-4154-8209-5e3b23bbc09c): не то
[20:34:54] AETERNAL (6015b02d-f272-4154-8209-5e3b23bbc09c): сука
[20:34:55] Shick (1e509a89-d5e1-4571-bec0-bbd919826fe9): а мнееее
[20:35:03] Stxywxthme (6ce0cde9-8c92-4c66-96ad-6bffb9dfc01b): эммм
[20:35:08] Shick (1e509a89-d5e1-4571-bec0-bbd919826fe9): хааххаа
[20:35:13] Shick (1e509a89-d5e1-4571-bec0-bbd919826fe9): шалун XD
[20:35:40] AETERNAL (6015b02d-f272-4154-8209-5e3b23bbc09c): LucKefir скинь скрин ачивое
[20:35:41] AETERNAL (6015b02d-f272-4154-8209-5e3b23bbc09c): в дс
[20:35:42] Stxywxthme (6ce0cde9-8c92-4c66-96ad-6bffb9dfc01b): кстати такое же мне тоже надо ляпнуть
[20:36:22] AETERNAL (6015b02d-f272-4154-8209-5e3b23bbc09c): алё
[20:36:26] AETERNAL (6015b02d-f272-4154-8209-5e3b23bbc09c): меня слышно?
[20:37:17] Shick (1e509a89-d5e1-4571-bec0-bbd919826fe9): у него нету ничего из этого
[20:39:16] Shick (1e509a89-d5e1-4571-bec0-bbd919826fe9): ворону найди ему
[20:39:18] Stxywxthme (6ce0cde9-8c92-4c66-96ad-6bffb9dfc01b): аптечка
[20:39:19] Shick (1e509a89-d5e1-4571-bec0-bbd919826fe9): ну или заспавни
[20:39:22] AETERNAL (6015b02d-f272-4154-8209-5e3b23bbc09c): бей
[20:39:28] Stxywxthme (6ce0cde9-8c92-4c66-96ad-6bffb9dfc01b): видел что я написал в предложке?
[20:39:29] Shick (1e509a89-d5e1-4571-bec0-bbd919826fe9): это олени
[20:39:42] AETERNAL (6015b02d-f272-4154-8209-5e3b23bbc09c): и теперь смотри
[20:39:47] Shick (1e509a89-d5e1-4571-bec0-bbd919826fe9): о
[20:39:50] AETERNAL (6015b02d-f272-4154-8209-5e3b23bbc09c): гении
[20:39:52] Shick (1e509a89-d5e1-4571-bec0-bbd919826fe9): ахахах
[20:39:55] LucKefir (4e9a468e-dcee-4495-981b-16afc62515ef): пхахаха
[20:39:57] Shick (1e509a89-d5e1-4571-bec0-bbd919826fe9): гений на аптечке бл
[20:40:00] Shick (1e509a89-d5e1-4571-bec0-bbd919826fe9): говорит бей щас
[20:40:06] Shick (1e509a89-d5e1-4571-bec0-bbd919826fe9): и дает меч космоса
[20:40:10] Shick (1e509a89-d5e1-4571-bec0-bbd919826fe9): XD
[20:40:17] Shick (1e509a89-d5e1-4571-bec0-bbd919826fe9): а потом еще все квесты
[20:40:19] Shick (1e509a89-d5e1-4571-bec0-bbd919826fe9): xDDD
[20:40:35] AETERNAL (6015b02d-f272-4154-8209-5e3b23bbc09c): Stxywxthme
[20:40:38] AETERNAL (6015b02d-f272-4154-8209-5e3b23bbc09c): что имено
[20:40:47] Shick (1e509a89-d5e1-4571-bec0-bbd919826fe9): все пасиба аптеча
[20:40:47] Stxywxthme (6ce0cde9-8c92-4c66-96ad-6bffb9dfc01b): мод animus
[20:41:00] AETERNAL (6015b02d-f272-4154-8209-5e3b23bbc09c): я не понял этот момент не много
[20:41:02] AETERNAL (6015b02d-f272-4154-8209-5e3b23bbc09c): что значит
[20:41:04] AETERNAL (6015b02d-f272-4154-8209-5e3b23bbc09c): имён
[20:41:06] AETERNAL (6015b02d-f272-4154-8209-5e3b23bbc09c): нет
[20:41:09] AETERNAL (6015b02d-f272-4154-8209-5e3b23bbc09c): не локализовано?
[20:41:20] Stxywxthme (6ce0cde9-8c92-4c66-96ad-6bffb9dfc01b): там у всего нет имени
[20:41:38] Stxywxthme (6ce0cde9-8c92-4c66-96ad-6bffb9dfc01b): просто пустое место
[20:41:42] AETERNAL (6015b02d-f272-4154-8209-5e3b23bbc09c): crhby
[20:41:44] AETERNAL (6015b02d-f272-4154-8209-5e3b23bbc09c): скрин
[20:42:00] Stxywxthme (6ce0cde9-8c92-4c66-96ad-6bffb9dfc01b): я кину ролик
[20:44:40] Shick (1e509a89-d5e1-4571-bec0-bbd919826fe9): Аптечка бл
[20:45:02] AETERNAL (6015b02d-f272-4154-8209-5e3b23bbc09c): ?
[20:45:09] Shick (1e509a89-d5e1-4571-bec0-bbd919826fe9): а хули каждому
[20:45:11] Shick (1e509a89-d5e1-4571-bec0-bbd919826fe9): надо убивать
[20:45:15] Shick (1e509a89-d5e1-4571-bec0-bbd919826fe9): а не 1 на
[20:45:17] Shick (1e509a89-d5e1-4571-bec0-bbd919826fe9): 2
[20:45:26] Stxywxthme (6ce0cde9-8c92-4c66-96ad-6bffb9dfc01b): кинул
[20:45:38] AETERNAL (6015b02d-f272-4154-8209-5e3b23bbc09c): где ты видел чтобы 1 ачивку 2 давали
[20:46:53] Shick (1e509a89-d5e1-4571-bec0-bbd919826fe9): аптчека
[20:46:55] Shick (1e509a89-d5e1-4571-bec0-bbd919826fe9): дак че?
[20:46:58] AETERNAL (6015b02d-f272-4154-8209-5e3b23bbc09c): что чё
[20:47:03] Shick (1e509a89-d5e1-4571-bec0-bbd919826fe9): Что че то
[20:47:18] AETERNAL (6015b02d-f272-4154-8209-5e3b23bbc09c): так каждый убить должен
[20:47:22] Shick (1e509a89-d5e1-4571-bec0-bbd919826fe9): а нахуя
[20:47:24] AETERNAL (6015b02d-f272-4154-8209-5e3b23bbc09c): не будет 1 ачивка на двоих
[20:47:28] AETERNAL (6015b02d-f272-4154-8209-5e3b23bbc09c): а где ты такое видел
[20:47:34] Shick (1e509a89-d5e1-4571-bec0-bbd919826fe9): да пиздец же не
[20:52:50] AETERNAL (6015b02d-f272-4154-8209-5e3b23bbc09c): нажми
[20:56:38] Stxywxthme (6ce0cde9-8c92-4c66-96ad-6bffb9dfc01b): я думал можно ману в мэ засунуть
[20:56:48] AETERNAL (6015b02d-f272-4154-8209-5e3b23bbc09c): а почему нельзя
[20:57:23] AETERNAL (6015b02d-f272-4154-8209-5e3b23bbc09c): вот же
[20:57:27] Stxywxthme (6ce0cde9-8c92-4c66-96ad-6bffb9dfc01b): есть ядра маны
[20:58:00] AETERNAL (6015b02d-f272-4154-8209-5e3b23bbc09c): во ттебе мана
[20:58:06] AETERNAL (6015b02d-f272-4154-8209-5e3b23bbc09c): пихай хоть в трусы
[20:58:28] AETERNAL (6015b02d-f272-4154-8209-5e3b23bbc09c): и потом можно её обратно
[20:58:32] Stxywxthme (6ce0cde9-8c92-4c66-96ad-6bffb9dfc01b): в баках хранить?
[20:58:57] Stxywxthme (6ce0cde9-8c92-4c66-96ad-6bffb9dfc01b): и какова макс скорость?
[21:00:10] AETERNAL (6015b02d-f272-4154-8209-5e3b23bbc09c): скорость огромная
[21:00:15] AETERNAL (6015b02d-f272-4154-8209-5e3b23bbc09c): огран только по искрам
[21:00:23] Stxywxthme (6ce0cde9-8c92-4c66-96ad-6bffb9dfc01b): искра асгарда?
[21:00:27] AETERNAL (6015b02d-f272-4154-8209-5e3b23bbc09c): 1 ведро 1 лям маны
[21:00:30] AETERNAL (6015b02d-f272-4154-8209-5e3b23bbc09c): и наоборот
[21:00:32] Stxywxthme (6ce0cde9-8c92-4c66-96ad-6bffb9dfc01b): пон
[21:00:55] AETERNAL (6015b02d-f272-4154-8209-5e3b23bbc09c): вот
[21:00:57] Stxywxthme (6ce0cde9-8c92-4c66-96ad-6bffb9dfc01b): ммм
[21:01:02] AETERNAL (6015b02d-f272-4154-8209-5e3b23bbc09c): моментально на лерьмовой искре
[21:01:20] AETERNAL (6015b02d-f272-4154-8209-5e3b23bbc09c): liquifier, deliquifie
[21:01:22] AETERNAL (6015b02d-f272-4154-8209-5e3b23bbc09c): r
[21:01:30] Stxywxthme (6ce0cde9-8c92-4c66-96ad-6bffb9dfc01b): я понял
