[11:51:36] fat_tiger (57a16550-f177-4a5b-8a56-3703e2406ae5): спать ?
[11:51:42] fat_tiger (57a16550-f177-4a5b-8a56-3703e2406ae5): спать ?
[11:51:58] PrySHio (53d10e20-e320-4876-a33a-c9b8e5781449): В глобал мог и не писать я локал вижу
[11:52:07] fat_tiger (57a16550-f177-4a5b-8a56-3703e2406ae5): а
[11:57:49] fat_tiger (57a16550-f177-4a5b-8a56-3703e2406ae5): можешь свою базу показать ?
[11:58:50] PrySHio (53d10e20-e320-4876-a33a-c9b8e5781449): Ну тп
[11:59:30] fat_tiger (57a16550-f177-4a5b-8a56-3703e2406ae5): как ты летаешь ?
[11:59:46] PrySHio (53d10e20-e320-4876-a33a-c9b8e5781449): ./fly
[11:59:51] fat_tiger (57a16550-f177-4a5b-8a56-3703e2406ae5): а
[11:59:54] fat_tiger (57a16550-f177-4a5b-8a56-3703e2406ae5): донат
[12:00:00] PrySHio (53d10e20-e320-4876-a33a-c9b8e5781449): Не донат
[12:00:02] PrySHio (53d10e20-e320-4876-a33a-c9b8e5781449): А опка
[12:00:07] fat_tiger (57a16550-f177-4a5b-8a56-3703e2406ae5): )))
[12:00:14] fat_tiger (57a16550-f177-4a5b-8a56-3703e2406ae5): спс
[12:02:56] fat_tiger (57a16550-f177-4a5b-8a56-3703e2406ae5): день пж
[12:14:31] fat_tiger (57a16550-f177-4a5b-8a56-3703e2406ae5): день пж
[12:38:52] fat_tiger (57a16550-f177-4a5b-8a56-3703e2406ae5): тут хом 1
[12:38:54] fat_tiger (57a16550-f177-4a5b-8a56-3703e2406ae5): у меня ?
[12:41:50] PrySHio (53d10e20-e320-4876-a33a-c9b8e5781449): всм
[12:42:09] fat_tiger (57a16550-f177-4a5b-8a56-3703e2406ae5): ну я могу ток 1 home поставить
[12:42:15] PrySHio (53d10e20-e320-4876-a33a-c9b8e5781449): Да
[12:46:54] fat_tiger (57a16550-f177-4a5b-8a56-3703e2406ae5): день пж
[13:04:22] fat_tiger (57a16550-f177-4a5b-8a56-3703e2406ae5): день пж
[13:19:21] fat_tiger (57a16550-f177-4a5b-8a56-3703e2406ae5): день пж
[16:26:50] PrySHio (53d10e20-e320-4876-a33a-c9b8e5781449): Явился
[16:27:20] AETERNAL (6015b02d-f272-4154-8209-5e3b23bbc09c): показывай кварку
[16:28:00] AETERNAL (6015b02d-f272-4154-8209-5e3b23bbc09c): фу
[16:28:06] AETERNAL (6015b02d-f272-4154-8209-5e3b23bbc09c): это фальшивая
[16:28:44] AETERNAL (6015b02d-f272-4154-8209-5e3b23bbc09c): щас гайу сделаю короче
[16:29:19] AETERNAL (6015b02d-f272-4154-8209-5e3b23bbc09c): чё там чел ахуел?
[16:29:25] PrySHio (53d10e20-e320-4876-a33a-c9b8e5781449): Xt
[16:29:29] PrySHio (53d10e20-e320-4876-a33a-c9b8e5781449): Че
[16:29:35] AETERNAL (6015b02d-f272-4154-8209-5e3b23bbc09c): ты говорил кто то был
[16:29:40] AETERNAL (6015b02d-f272-4154-8209-5e3b23bbc09c): потыкал и ливнул
[16:29:43] PrySHio (53d10e20-e320-4876-a33a-c9b8e5781449): А
[16:29:45] PrySHio (53d10e20-e320-4876-a33a-c9b8e5781449): Хз че он
[16:30:00] AETERNAL (6015b02d-f272-4154-8209-5e3b23bbc09c): не выдержал бедолага
[16:30:08] PrySHio (53d10e20-e320-4876-a33a-c9b8e5781449): Я так и написал_
[16:30:39] AETERNAL (6015b02d-f272-4154-8209-5e3b23bbc09c): мля
[16:30:41] AETERNAL (6015b02d-f272-4154-8209-5e3b23bbc09c): звезда надо
[16:33:40] AETERNAL (6015b02d-f272-4154-8209-5e3b23bbc09c): из чего там тесак норм делать
[16:34:23] PrySHio (53d10e20-e320-4876-a33a-c9b8e5781449): Нах тебе тесак
[16:34:47] PrySHio (53d10e20-e320-4876-a33a-c9b8e5781449): Делаешь его из зачарованной древесины
[16:34:52] PrySHio (53d10e20-e320-4876-a33a-c9b8e5781449): Тратишь все модификаторы
[16:35:01] PrySHio (53d10e20-e320-4876-a33a-c9b8e5781449): И заменяешь части
[16:35:08] PrySHio (53d10e20-e320-4876-a33a-c9b8e5781449): На манулин наверн
[16:35:27] AETERNAL (6015b02d-f272-4154-8209-5e3b23bbc09c): черепушки конечно же
[16:35:31] AETERNAL (6015b02d-f272-4154-8209-5e3b23bbc09c): для чего же ещё
[16:35:39] PrySHio (53d10e20-e320-4876-a33a-c9b8e5781449): Зачар есть
[16:35:52] PrySHio (53d10e20-e320-4876-a33a-c9b8e5781449): Обезглавливание
[16:36:41] AETERNAL (6015b02d-f272-4154-8209-5e3b23bbc09c): нужен зачаровыватель................
[16:39:16] PrySHio (53d10e20-e320-4876-a33a-c9b8e5781449): О вот он
[16:39:25] PrySHio (53d10e20-e320-4876-a33a-c9b8e5781449): Вернулся
[16:39:43] AETERNAL (6015b02d-f272-4154-8209-5e3b23bbc09c): драсьте)
[16:39:57] PrySHio (53d10e20-e320-4876-a33a-c9b8e5781449): Салам
[16:42:23] PrySHio (53d10e20-e320-4876-a33a-c9b8e5781449): ,e
[16:42:25] PrySHio (53d10e20-e320-4876-a33a-c9b8e5781449): бу
[16:42:31] fat_tiger (57a16550-f177-4a5b-8a56-3703e2406ae5): бу
[16:42:49] PrySHio (53d10e20-e320-4876-a33a-c9b8e5781449): Я все равно сталь жду
[16:43:09] AETERNAL (6015b02d-f272-4154-8209-5e3b23bbc09c): ещё и распределитель нужен
[16:43:27] PrySHio (53d10e20-e320-4876-a33a-c9b8e5781449): Я хочу сначала свою задумку
[16:43:34] PrySHio (53d10e20-e320-4876-a33a-c9b8e5781449): С бекс энергией
[16:43:44] PrySHio (53d10e20-e320-4876-a33a-c9b8e5781449): Ну точнее вечный двигатель
[16:43:54] AETERNAL (6015b02d-f272-4154-8209-5e3b23bbc09c): на чём
[16:44:08] PrySHio (53d10e20-e320-4876-a33a-c9b8e5781449): Геотермалках и гене лавы
[16:44:38] AETERNAL (6015b02d-f272-4154-8209-5e3b23bbc09c): оно так не работает
[16:44:41] AETERNAL (6015b02d-f272-4154-8209-5e3b23bbc09c): ну ты пробуй пробуй
[16:44:49] PrySHio (53d10e20-e320-4876-a33a-c9b8e5781449): Всм не работает
[16:44:58] AETERNAL (6015b02d-f272-4154-8209-5e3b23bbc09c): затраты больше
[16:45:18] PrySHio (53d10e20-e320-4876-a33a-c9b8e5781449): Ну так геотермалки прокачать
[16:45:25] PrySHio (53d10e20-e320-4876-a33a-c9b8e5781449): Еще че нибудь высрать
[16:45:31] PrySHio (53d10e20-e320-4876-a33a-c9b8e5781449): Я уверен оно будет работать
[16:45:33] AETERNAL (6015b02d-f272-4154-8209-5e3b23bbc09c): геотермаки иу?)
[16:45:42] PrySHio (53d10e20-e320-4876-a33a-c9b8e5781449): Да
[16:45:54] AETERNAL (6015b02d-f272-4154-8209-5e3b23bbc09c): ну удачи больше улучшенных качнуть
[16:46:19] PrySHio (53d10e20-e320-4876-a33a-c9b8e5781449): Вот и помер
[16:46:44] fat_tiger (57a16550-f177-4a5b-8a56-3703e2406ae5): можешь на корды тп ?
[16:46:50] AETERNAL (6015b02d-f272-4154-8209-5e3b23bbc09c): могу
[16:47:04] fat_tiger (57a16550-f177-4a5b-8a56-3703e2406ae5): -2471 66 2748
[16:47:22] fat_tiger (57a16550-f177-4a5b-8a56-3703e2406ae5): сяп
[16:47:36] AETERNAL (6015b02d-f272-4154-8209-5e3b23bbc09c): с вас десять тысяч :D
[16:50:22] PrySHio (53d10e20-e320-4876-a33a-c9b8e5781449): Понял
[16:50:30] AETERNAL (6015b02d-f272-4154-8209-5e3b23bbc09c): Ден не настолько дурной же
[16:50:47] PrySHio (53d10e20-e320-4876-a33a-c9b8e5781449): Ну я думаю пару роторов и можно дохуя геотермалок)
[16:50:58] PrySHio (53d10e20-e320-4876-a33a-c9b8e5781449): 3 угольгых хватит наверн
[16:51:05] AETERNAL (6015b02d-f272-4154-8209-5e3b23bbc09c): тлолько вот чем лаву собирать
[16:51:11] PrySHio (53d10e20-e320-4876-a33a-c9b8e5781449): Вст
[16:51:13] PrySHio (53d10e20-e320-4876-a33a-c9b8e5781449): Всм*
[16:51:15] PrySHio (53d10e20-e320-4876-a33a-c9b8e5781449): Трубами
[16:51:24] AETERNAL (6015b02d-f272-4154-8209-5e3b23bbc09c): ага
[16:51:29] AETERNAL (6015b02d-f272-4154-8209-5e3b23bbc09c): имею ввиду
[16:51:34] AETERNAL (6015b02d-f272-4154-8209-5e3b23bbc09c): помпы нету нормальной
[16:52:43] fat_tiger (57a16550-f177-4a5b-8a56-3703e2406ae5): фоч у меня факела став сами
[16:52:46] fat_tiger (57a16550-f177-4a5b-8a56-3703e2406ae5): ?
[16:53:01] AETERNAL (6015b02d-f272-4154-8209-5e3b23bbc09c): мб у тебя автоматический факел в инвентаре
[16:53:06] AETERNAL (6015b02d-f272-4154-8209-5e3b23bbc09c): из cyclic
[16:53:07] fat_tiger (57a16550-f177-4a5b-8a56-3703e2406ae5): нету
[16:53:07] PrySHio (53d10e20-e320-4876-a33a-c9b8e5781449): Так ген лавы есть
[16:53:10] PrySHio (53d10e20-e320-4876-a33a-c9b8e5781449): Нафиг помпа
[16:53:26] PrySHio (53d10e20-e320-4876-a33a-c9b8e5781449): Пару ветряков и можно огромную залупу на геотермалках делать
[16:53:29] AETERNAL (6015b02d-f272-4154-8209-5e3b23bbc09c): пламя в бутылке?
[16:53:33] fat_tiger (57a16550-f177-4a5b-8a56-3703e2406ae5): +
[16:53:39] fat_tiger (57a16550-f177-4a5b-8a56-3703e2406ae5): пон
[16:53:40] AETERNAL (6015b02d-f272-4154-8209-5e3b23bbc09c): ну вот, оно ставит
[16:54:01] AETERNAL (6015b02d-f272-4154-8209-5e3b23bbc09c): сталь готова твоя
[16:54:43] AETERNAL (6015b02d-f272-4154-8209-5e3b23bbc09c): я бы вообще молот из more plates забанил
[16:55:07] PrySHio (53d10e20-e320-4876-a33a-c9b8e5781449): Ну он же не все пластины делает
[16:55:15] AETERNAL (6015b02d-f272-4154-8209-5e3b23bbc09c): почти что все
[16:55:21] PrySHio (53d10e20-e320-4876-a33a-c9b8e5781449): Просто крафт похожий сделай
[16:55:27] PrySHio (53d10e20-e320-4876-a33a-c9b8e5781449): Как крафт молота из иу
[16:57:28] PrySHio (53d10e20-e320-4876-a33a-c9b8e5781449): Сын земли
[16:59:23] PrySHio (53d10e20-e320-4876-a33a-c9b8e5781449): Я немного обосрался
[16:59:37] PrySHio (53d10e20-e320-4876-a33a-c9b8e5781449): Мне же 2 датчика надо сука
[16:59:44] PrySHio (53d10e20-e320-4876-a33a-c9b8e5781449): А я на 1 сделал только
[16:59:50] PrySHio (53d10e20-e320-4876-a33a-c9b8e5781449): Ну ебаный сыр
[17:01:04] PrySHio (53d10e20-e320-4876-a33a-c9b8e5781449): ОН БЫЛ ИЗ ТЕХ КТО ПРОСТО ЛЮБИЛ ЖИЗНЬ
[17:03:44] PrySHio (53d10e20-e320-4876-a33a-c9b8e5781449): Вернулся мой отец
[17:03:58] AETERNAL (6015b02d-f272-4154-8209-5e3b23bbc09c): да, сын мой
[17:04:10] PrySHio (53d10e20-e320-4876-a33a-c9b8e5781449): Ну и заебись хуле
[17:04:45] PrySHio (53d10e20-e320-4876-a33a-c9b8e5781449): Слушай
[17:04:49] PrySHio (53d10e20-e320-4876-a33a-c9b8e5781449): Я тут подумал
[17:04:52] PrySHio (53d10e20-e320-4876-a33a-c9b8e5781449): Посчитал
[17:04:56] PrySHio (53d10e20-e320-4876-a33a-c9b8e5781449): Мы это не потянем
[17:05:01] PrySHio (53d10e20-e320-4876-a33a-c9b8e5781449): Ну как мы
[17:05:03] PrySHio (53d10e20-e320-4876-a33a-c9b8e5781449): Я нахуй
[17:05:07] AETERNAL (6015b02d-f272-4154-8209-5e3b23bbc09c): что не потянешь
[17:05:10] PrySHio (53d10e20-e320-4876-a33a-c9b8e5781449): Всю ночь буду делать
[17:05:18] AETERNAL (6015b02d-f272-4154-8209-5e3b23bbc09c): а чё делаешь то
[17:05:25] PrySHio (53d10e20-e320-4876-a33a-c9b8e5781449): 4 меха из иу блять
[17:05:30] PrySHio (53d10e20-e320-4876-a33a-c9b8e5781449): Самые обычные
[17:05:35] AETERNAL (6015b02d-f272-4154-8209-5e3b23bbc09c): там изи
[17:05:42] PrySHio (53d10e20-e320-4876-a33a-c9b8e5781449): Еще и мультиблок ферму для резины строить из леса
[17:06:01] PrySHio (53d10e20-e320-4876-a33a-c9b8e5781449): Я не сморю что изи
[17:06:21] PrySHio (53d10e20-e320-4876-a33a-c9b8e5781449): Но все это руками делать и ждать пол века на 1 слитков из 32 это пиздец
[17:06:33] AETERNAL (6015b02d-f272-4154-8209-5e3b23bbc09c): бутылка тебе зачем
[17:06:35] AETERNAL (6015b02d-f272-4154-8209-5e3b23bbc09c): ало
[17:06:42] PrySHio (53d10e20-e320-4876-a33a-c9b8e5781449): С ней только хуже
[17:06:46] PrySHio (53d10e20-e320-4876-a33a-c9b8e5781449): Им энергии мало
[17:06:48] PrySHio (53d10e20-e320-4876-a33a-c9b8e5781449): Если ускорить
[17:06:54] PrySHio (53d10e20-e320-4876-a33a-c9b8e5781449): И так они еле еле
[17:06:56] AETERNAL (6015b02d-f272-4154-8209-5e3b23bbc09c): ты гений?
[17:07:16] AETERNAL (6015b02d-f272-4154-8209-5e3b23bbc09c): ну вот, 1 ускорение тянет
[17:07:21] AETERNAL (6015b02d-f272-4154-8209-5e3b23bbc09c): энергии просто не хватает
[17:07:35] PrySHio (53d10e20-e320-4876-a33a-c9b8e5781449): А я о чем
[17:07:37] PrySHio (53d10e20-e320-4876-a33a-c9b8e5781449): )
[17:07:51] PrySHio (53d10e20-e320-4876-a33a-c9b8e5781449): Первые 2 почти не ускоряют
[17:07:57] PrySHio (53d10e20-e320-4876-a33a-c9b8e5781449): А выше дохуя энергии надо
[17:08:02] PrySHio (53d10e20-e320-4876-a33a-c9b8e5781449): Может курочек спокнуть
[17:08:09] PrySHio (53d10e20-e320-4876-a33a-c9b8e5781449): Мы богаты будем
[17:08:13] AETERNAL (6015b02d-f272-4154-8209-5e3b23bbc09c): удачи)
[17:08:23] PrySHio (53d10e20-e320-4876-a33a-c9b8e5781449): Мне не впервые)
[17:08:26] AETERNAL (6015b02d-f272-4154-8209-5e3b23bbc09c): там ядро в русте
[17:08:40] PrySHio (53d10e20-e320-4876-a33a-c9b8e5781449): Вот ты пидр
[17:08:46] AETERNAL (6015b02d-f272-4154-8209-5e3b23bbc09c): :D
[17:08:55] PrySHio (53d10e20-e320-4876-a33a-c9b8e5781449): Великий план заруинил
[17:09:43] PrySHio (53d10e20-e320-4876-a33a-c9b8e5781449): Даже 2 нажатия дохуя
[17:09:49] PrySHio (53d10e20-e320-4876-a33a-c9b8e5781449): Максимум на 1
[17:10:21] PrySHio (53d10e20-e320-4876-a33a-c9b8e5781449): Как я хочу мэ мама
[17:10:28] PrySHio (53d10e20-e320-4876-a33a-c9b8e5781449): Помоги
[17:11:15] AETERNAL (6015b02d-f272-4154-8209-5e3b23bbc09c): мэ для бохатых
[17:11:21] AETERNAL (6015b02d-f272-4154-8209-5e3b23bbc09c): мы люди простые
[17:11:29] PrySHio (53d10e20-e320-4876-a33a-c9b8e5781449): Мы с админкой
[17:11:51] PrySHio (53d10e20-e320-4876-a33a-c9b8e5781449): Значит нас будут считать пидарасами и отбросами общества
[17:12:35] PrySHio (53d10e20-e320-4876-a33a-c9b8e5781449): Ну правда если тут вообще люди будут
[17:12:38] PrySHio (53d10e20-e320-4876-a33a-c9b8e5781449): Кроме меня
[17:12:42] PrySHio (53d10e20-e320-4876-a33a-c9b8e5781449): И тебя вечером
[17:13:19] PrySHio (53d10e20-e320-4876-a33a-c9b8e5781449): Все
[17:13:26] AETERNAL (6015b02d-f272-4154-8209-5e3b23bbc09c): потух
[17:13:36] PrySHio (53d10e20-e320-4876-a33a-c9b8e5781449): Блять
[17:13:39] PrySHio (53d10e20-e320-4876-a33a-c9b8e5781449): Вот он пидр
[17:13:42] PrySHio (53d10e20-e320-4876-a33a-c9b8e5781449): Я такую речь писал
[17:14:25] PrySHio (53d10e20-e320-4876-a33a-c9b8e5781449): Что мы остались наедине и всякое такое
[17:14:29] PrySHio (53d10e20-e320-4876-a33a-c9b8e5781449): Он все обламал
[17:14:49] AETERNAL (6015b02d-f272-4154-8209-5e3b23bbc09c): ура
[17:14:59] PrySHio (53d10e20-e320-4876-a33a-c9b8e5781449): А нафига он
[17:15:05] AETERNAL (6015b02d-f272-4154-8209-5e3b23bbc09c): бутылки опыта
[17:15:11] PrySHio (53d10e20-e320-4876-a33a-c9b8e5781449): а они нафига
[17:15:17] AETERNAL (6015b02d-f272-4154-8209-5e3b23bbc09c): зачарователь
[17:15:56] PrySHio (53d10e20-e320-4876-a33a-c9b8e5781449): ебать ты ему крафт высрал
[17:15:57] fat_tiger (57a16550-f177-4a5b-8a56-3703e2406ae5): утро
[17:15:58] PrySHio (53d10e20-e320-4876-a33a-c9b8e5781449): Зачто так
[17:16:02] PrySHio (53d10e20-e320-4876-a33a-c9b8e5781449): Вечер
[17:16:14] PrySHio (53d10e20-e320-4876-a33a-c9b8e5781449): xD
[17:16:18] fat_tiger (57a16550-f177-4a5b-8a56-3703e2406ae5): )
[17:16:45] AETERNAL (6015b02d-f272-4154-8209-5e3b23bbc09c): ёпта
[17:16:47] PrySHio (53d10e20-e320-4876-a33a-c9b8e5781449): Я короче кину ссылку на афтер лайф
[17:16:50] AETERNAL (6015b02d-f272-4154-8209-5e3b23bbc09c): где вчя обса
[17:16:50] PrySHio (53d10e20-e320-4876-a33a-c9b8e5781449): Своим даунам
[17:17:02] PrySHio (53d10e20-e320-4876-a33a-c9b8e5781449): Из за которых нас на сезонке откинули
[17:17:25] AETERNAL (6015b02d-f272-4154-8209-5e3b23bbc09c): блять ещё цветокююю
[17:17:34] PrySHio (53d10e20-e320-4876-a33a-c9b8e5781449): Че
[17:17:35] AETERNAL (6015b02d-f272-4154-8209-5e3b23bbc09c): ...
[17:17:43] AETERNAL (6015b02d-f272-4154-8209-5e3b23bbc09c): кровавая эта
[17:17:43] PrySHio (53d10e20-e320-4876-a33a-c9b8e5781449): Обсы нету
[17:17:47] AETERNAL (6015b02d-f272-4154-8209-5e3b23bbc09c): чаровалка
[17:18:03] PrySHio (53d10e20-e320-4876-a33a-c9b8e5781449): Ты всю обсу тратишь на сундуки
[17:18:20] AETERNAL (6015b02d-f272-4154-8209-5e3b23bbc09c): надо ведро криотеума
[17:18:24] PrySHio (53d10e20-e320-4876-a33a-c9b8e5781449): Ну и я пол стака потратил на крафты)
[17:18:46] PrySHio (53d10e20-e320-4876-a33a-c9b8e5781449): Ну сделай
[17:18:49] PrySHio (53d10e20-e320-4876-a33a-c9b8e5781449): У нас все есть
[17:19:10] PrySHio (53d10e20-e320-4876-a33a-c9b8e5781449): Бляяя
[17:19:12] PrySHio (53d10e20-e320-4876-a33a-c9b8e5781449): Я щас понял
[17:19:17] PrySHio (53d10e20-e320-4876-a33a-c9b8e5781449): press f типу
[17:19:21] PrySHio (53d10e20-e320-4876-a33a-c9b8e5781449): Вибраниум искать
[17:19:22] PrySHio (53d10e20-e320-4876-a33a-c9b8e5781449): xD
[17:19:27] AETERNAL (6015b02d-f272-4154-8209-5e3b23bbc09c): f
[17:20:02] AETERNAL (6015b02d-f272-4154-8209-5e3b23bbc09c): выдай себе изучения таума если хоч
[17:20:08] PrySHio (53d10e20-e320-4876-a33a-c9b8e5781449): Я последний раз летал за ним за 500+ блоков
[17:20:24] PrySHio (53d10e20-e320-4876-a33a-c9b8e5781449): Ты раньше сказать не мог
[17:20:36] PrySHio (53d10e20-e320-4876-a33a-c9b8e5781449): Чтобы я не ебался с этим сталом ебаным
[17:20:41] PrySHio (53d10e20-e320-4876-a33a-c9b8e5781449): В кадык ему срал
[17:20:52] PrySHio (53d10e20-e320-4876-a33a-c9b8e5781449): Какая же залупа таум 6 в плане изучений
[17:20:58] AETERNAL (6015b02d-f272-4154-8209-5e3b23bbc09c): гемор
[17:21:19] PrySHio (53d10e20-e320-4876-a33a-c9b8e5781449): поэтому мне и 4 больше нравится
[17:21:37] PrySHio (53d10e20-e320-4876-a33a-c9b8e5781449): 1-4ч и все изучил
[17:21:44] PrySHio (53d10e20-e320-4876-a33a-c9b8e5781449): И крафти че хочешь
[17:24:01] AETERNAL (6015b02d-f272-4154-8209-5e3b23bbc09c): закинь мне песок и слизьц
[17:27:24] PrySHio (53d10e20-e320-4876-a33a-c9b8e5781449): Что куда
[17:27:29] AETERNAL (6015b02d-f272-4154-8209-5e3b23bbc09c): забей
[17:27:41] PrySHio (53d10e20-e320-4876-a33a-c9b8e5781449): Я скинул этим даунам ссылку
[17:27:55] PrySHio (53d10e20-e320-4876-a33a-c9b8e5781449): И 1 из них как всегда словесно по ебало хотел получить
[17:28:02] AETERNAL (6015b02d-f272-4154-8209-5e3b23bbc09c): xD
[17:30:38] PrySHio (53d10e20-e320-4876-a33a-c9b8e5781449): Кстати
[17:30:50] PrySHio (53d10e20-e320-4876-a33a-c9b8e5781449): Пластины из иу нельзя в крафте юзать
[17:30:59] PrySHio (53d10e20-e320-4876-a33a-c9b8e5781449): катушек
[17:31:12] fat_tiger (57a16550-f177-4a5b-8a56-3703e2406ae5): день плз
[17:31:13] AETERNAL (6015b02d-f272-4154-8209-5e3b23bbc09c): каких катушек
[17:31:17] PrySHio (53d10e20-e320-4876-a33a-c9b8e5781449): Из термала
[17:31:20] PrySHio (53d10e20-e320-4876-a33a-c9b8e5781449): Отдающих
[17:31:22] AETERNAL (6015b02d-f272-4154-8209-5e3b23bbc09c): кровать есть?
[17:31:27] AETERNAL (6015b02d-f272-4154-8209-5e3b23bbc09c): фиксану
[17:31:52] fat_tiger (57a16550-f177-4a5b-8a56-3703e2406ae5): rfrfz &
[17:31:55] fat_tiger (57a16550-f177-4a5b-8a56-3703e2406ae5): какая ?
[17:32:00] AETERNAL (6015b02d-f272-4154-8209-5e3b23bbc09c): обычная
[17:32:09] AETERNAL (6015b02d-f272-4154-8209-5e3b23bbc09c): должна работать
[17:32:16] fat_tiger (57a16550-f177-4a5b-8a56-3703e2406ae5): тинкер ?
[17:32:21] fat_tiger (57a16550-f177-4a5b-8a56-3703e2406ae5): или что
[17:32:24] AETERNAL (6015b02d-f272-4154-8209-5e3b23bbc09c): не, кровать
[17:32:30] fat_tiger (57a16550-f177-4a5b-8a56-3703e2406ae5): ввв
[17:32:32] fat_tiger (57a16550-f177-4a5b-8a56-3703e2406ae5): ааа
[17:32:59] AETERNAL (6015b02d-f272-4154-8209-5e3b23bbc09c): во
[17:33:06] PrySHio (53d10e20-e320-4876-a33a-c9b8e5781449): О ты сделал эту хуйню
[17:33:10] AETERNAL (6015b02d-f272-4154-8209-5e3b23bbc09c): да
[17:33:16] PrySHio (53d10e20-e320-4876-a33a-c9b8e5781449): Хороший мальчик
[17:33:19] PrySHio (53d10e20-e320-4876-a33a-c9b8e5781449): ;)
[17:36:43] PrySHio (53d10e20-e320-4876-a33a-c9b8e5781449): Да сука как заебали эти датчики и корпуса из рф тулс
[17:37:09] AETERNAL (6015b02d-f272-4154-8209-5e3b23bbc09c): :D
[17:39:13] AETERNAL (6015b02d-f272-4154-8209-5e3b23bbc09c): теперь тянет 2 ускора
[17:39:34] PrySHio (53d10e20-e320-4876-a33a-c9b8e5781449): Ты расширил ген?
[17:40:17] PrySHio (53d10e20-e320-4876-a33a-c9b8e5781449): Стак латекса налутал
[17:40:43] AETERNAL (6015b02d-f272-4154-8209-5e3b23bbc09c): ресов на трубы конечно дофига надо
[17:40:54] AETERNAL (6015b02d-f272-4154-8209-5e3b23bbc09c): и это хорошо
[17:40:55] AETERNAL (6015b02d-f272-4154-8209-5e3b23bbc09c): :S
[17:41:06] PrySHio (53d10e20-e320-4876-a33a-c9b8e5781449): Я в рот ебал твои датчики
[17:54:14] PrySHio (53d10e20-e320-4876-a33a-c9b8e5781449): Какой он божественный тайминг словил
[17:54:16] PrySHio (53d10e20-e320-4876-a33a-c9b8e5781449): Я балдею
[17:55:38] AETERNAL (6015b02d-f272-4154-8209-5e3b23bbc09c): всё норм?
[17:55:41] Jenya_SINS (4c0b0d0c-f375-4478-b341-24dd0572e207): да
[17:55:41] PrySHio (53d10e20-e320-4876-a33a-c9b8e5781449): Эт че за подарок
[17:55:42] AETERNAL (6015b02d-f272-4154-8209-5e3b23bbc09c): ну кроме краша...
[17:56:01] AETERNAL (6015b02d-f272-4154-8209-5e3b23bbc09c): я потом в чёреный список закину боссов твайлайта
[17:56:14] Jenya_SINS (4c0b0d0c-f375-4478-b341-24dd0572e207): окей
[17:56:16] Jenya_SINS (4c0b0d0c-f375-4478-b341-24dd0572e207): сяб
[17:56:24] AETERNAL (6015b02d-f272-4154-8209-5e3b23bbc09c): а пока старайся не возвращатся на ту локацию
[17:56:30] Jenya_SINS (4c0b0d0c-f375-4478-b341-24dd0572e207): хорошо
[17:56:45] AETERNAL (6015b02d-f272-4154-8209-5e3b23bbc09c): извиняюсь за вот такие приколы
[17:57:33] PrySHio (53d10e20-e320-4876-a33a-c9b8e5781449): Шо
[17:57:36] AETERNAL (6015b02d-f272-4154-8209-5e3b23bbc09c): шляпа
[17:59:47] AETERNAL (6015b02d-f272-4154-8209-5e3b23bbc09c): опять хуйню фиксить
[18:00:01] PrySHio (53d10e20-e320-4876-a33a-c9b8e5781449): )
[18:00:47] AETERNAL (6015b02d-f272-4154-8209-5e3b23bbc09c): Jenya_SINS так это нага была?
[18:00:50] AETERNAL (6015b02d-f272-4154-8209-5e3b23bbc09c): минибосс
[18:03:16] AETERNAL (6015b02d-f272-4154-8209-5e3b23bbc09c): чё опять то
[18:03:21] AETERNAL (6015b02d-f272-4154-8209-5e3b23bbc09c): ёбана в рот
[18:05:44] AETERNAL (6015b02d-f272-4154-8209-5e3b23bbc09c): книг просто дохуища надо на ту маг древесину
[18:06:16] PrySHio (53d10e20-e320-4876-a33a-c9b8e5781449): У меня весь инвент засран
[18:06:21] PrySHio (53d10e20-e320-4876-a33a-c9b8e5781449): И все это для крафтов
[18:06:47] AETERNAL (6015b02d-f272-4154-8209-5e3b23bbc09c): ты как геотремалку так просто сделал
[18:06:51] AETERNAL (6015b02d-f272-4154-8209-5e3b23bbc09c): не порядок....
[18:07:00] PrySHio (53d10e20-e320-4876-a33a-c9b8e5781449): xD
[18:07:12] AETERNAL (6015b02d-f272-4154-8209-5e3b23bbc09c): надо бы туда теплолилию припихнуть....
[18:07:26] PrySHio (53d10e20-e320-4876-a33a-c9b8e5781449): Да себе припихни
[18:07:31] AETERNAL (6015b02d-f272-4154-8209-5e3b23bbc09c): XDD
[18:08:53] AETERNAL (6015b02d-f272-4154-8209-5e3b23bbc09c): а какие вообще модификаторы на бошки
[18:09:14] PrySHio (53d10e20-e320-4876-a33a-c9b8e5781449): По факту жемчуг + обса
[18:09:18] PrySHio (53d10e20-e320-4876-a33a-c9b8e5781449): Это на старых
[18:09:23] PrySHio (53d10e20-e320-4876-a33a-c9b8e5781449): На
[18:09:44] AETERNAL (6015b02d-f272-4154-8209-5e3b23bbc09c): а ну да
[18:10:20] AETERNAL (6015b02d-f272-4154-8209-5e3b23bbc09c): мля, для жидкого криотеума нужен магмовый тигель
[18:11:22] PrySHio (53d10e20-e320-4876-a33a-c9b8e5781449): Чек
[18:11:33] AETERNAL (6015b02d-f272-4154-8209-5e3b23bbc09c): нифига
[18:11:36] AETERNAL (6015b02d-f272-4154-8209-5e3b23bbc09c): крутой
[18:11:38] PrySHio (53d10e20-e320-4876-a33a-c9b8e5781449): Только это не все нахуй
[18:11:47] PrySHio (53d10e20-e320-4876-a33a-c9b8e5781449): А потом еще 1 делать
[18:11:49] PrySHio (53d10e20-e320-4876-a33a-c9b8e5781449): СУКАААААААААААААААА
[18:12:10] PrySHio (53d10e20-e320-4876-a33a-c9b8e5781449): 4 индукционки надо теперь
[18:12:32] AETERNAL (6015b02d-f272-4154-8209-5e3b23bbc09c): :D
[18:13:17] AETERNAL (6015b02d-f272-4154-8209-5e3b23bbc09c): ну слушай, там для мэ не только производитель нужен :D
[18:13:27] PrySHio (53d10e20-e320-4876-a33a-c9b8e5781449): Ты про верстак?
[18:13:31] AETERNAL (6015b02d-f272-4154-8209-5e3b23bbc09c): и пластик
[18:13:37] PrySHio (53d10e20-e320-4876-a33a-c9b8e5781449): А ну и пластик
[18:14:07] PrySHio (53d10e20-e320-4876-a33a-c9b8e5781449): Бляяяяяяяяяяяя
[18:14:18] AETERNAL (6015b02d-f272-4154-8209-5e3b23bbc09c): та ключ сделай
[18:14:35] PrySHio (53d10e20-e320-4876-a33a-c9b8e5781449): Так там не 100% что оно дропнет
[18:14:59] PrySHio (53d10e20-e320-4876-a33a-c9b8e5781449): Ухххххххх
[18:15:03] AETERNAL (6015b02d-f272-4154-8209-5e3b23bbc09c): и панель скрути
[18:15:07] AETERNAL (6015b02d-f272-4154-8209-5e3b23bbc09c): а то она в говне
[18:15:14] AETERNAL (6015b02d-f272-4154-8209-5e3b23bbc09c): сука
[18:15:17] PrySHio (53d10e20-e320-4876-a33a-c9b8e5781449): Размазал и не стесняется
[18:15:17] AETERNAL (6015b02d-f272-4154-8209-5e3b23bbc09c): Ден блять
[18:15:24] AETERNAL (6015b02d-f272-4154-8209-5e3b23bbc09c): умный самый что-ли
[18:15:35] AETERNAL (6015b02d-f272-4154-8209-5e3b23bbc09c): нихуя оно уже так не чистит
[18:15:42] AETERNAL (6015b02d-f272-4154-8209-5e3b23bbc09c): вот чёрт
[18:17:18] AETERNAL (6015b02d-f272-4154-8209-5e3b23bbc09c): я хз в курсе ты иои нет
[18:17:25] AETERNAL (6015b02d-f272-4154-8209-5e3b23bbc09c): но можно жать T по предмету
[18:17:32] AETERNAL (6015b02d-f272-4154-8209-5e3b23bbc09c): и он покажет где он есть
[18:17:33] PrySHio (53d10e20-e320-4876-a33a-c9b8e5781449): Только что так сделал
[18:17:41] PrySHio (53d10e20-e320-4876-a33a-c9b8e5781449): перед тем как ты написал
[18:21:46] PrySHio (53d10e20-e320-4876-a33a-c9b8e5781449): 16 рамок корпусов
[18:21:56] PrySHio (53d10e20-e320-4876-a33a-c9b8e5781449): Мама спаси меня
[18:22:03] AETERNAL (6015b02d-f272-4154-8209-5e3b23bbc09c): из рфт?
[18:22:06] PrySHio (53d10e20-e320-4876-a33a-c9b8e5781449): Да
[18:22:12] PrySHio (53d10e20-e320-4876-a33a-c9b8e5781449): Потом еще 8
[18:22:14] AETERNAL (6015b02d-f272-4154-8209-5e3b23bbc09c): прометеума не хватит
[18:22:16] PrySHio (53d10e20-e320-4876-a33a-c9b8e5781449): На 2 печи
[18:23:26] AETERNAL (6015b02d-f272-4154-8209-5e3b23bbc09c): даже ты ахуел?
[18:23:30] PrySHio (53d10e20-e320-4876-a33a-c9b8e5781449): Че
[18:23:40] AETERNAL (6015b02d-f272-4154-8209-5e3b23bbc09c): от крафтов?)
[18:24:01] PrySHio (53d10e20-e320-4876-a33a-c9b8e5781449): Яб не сказал что это все сложно
[18:24:09] PrySHio (53d10e20-e320-4876-a33a-c9b8e5781449): Просто геморно из за того что румаки делать
[18:26:23] AETERNAL (6015b02d-f272-4154-8209-5e3b23bbc09c): let's cook Waltuh
[18:27:25] PrySHio (53d10e20-e320-4876-a33a-c9b8e5781449): 10 vis xD
[18:27:38] AETERNAL (6015b02d-f272-4154-8209-5e3b23bbc09c): кажись засрали атмосферу
[18:27:46] PrySHio (53d10e20-e320-4876-a33a-c9b8e5781449): Так и есть
[18:29:36] AETERNAL (6015b02d-f272-4154-8209-5e3b23bbc09c): а ресы то уходят..
[18:29:53] PrySHio (53d10e20-e320-4876-a33a-c9b8e5781449): Моя жизнь уходит от такого прогресса
[18:33:06] AETERNAL (6015b02d-f272-4154-8209-5e3b23bbc09c): ладно мне надо топать
[18:33:11] AETERNAL (6015b02d-f272-4154-8209-5e3b23bbc09c): потом зайду ещё
[18:33:23] PrySHio (53d10e20-e320-4876-a33a-c9b8e5781449): Как будешь заходить напишеь
[18:33:29] AETERNAL (6015b02d-f272-4154-8209-5e3b23bbc09c): окей
[18:33:36] PrySHio (53d10e20-e320-4876-a33a-c9b8e5781449): Я думаю отойду пока тебя не будет
[18:33:43] PrySHio (53d10e20-e320-4876-a33a-c9b8e5781449): Я тут 1 морально здохну
[18:33:47] AETERNAL (6015b02d-f272-4154-8209-5e3b23bbc09c): xD
[19:36:17] Jenya_SINS (4c0b0d0c-f375-4478-b341-24dd0572e207): админ есть тут варп какойто
[19:36:23] Jenya_SINS (4c0b0d0c-f375-4478-b341-24dd0572e207): по типу магаза
[19:36:30] AETERNAL (6015b02d-f272-4154-8209-5e3b23bbc09c): варпов нету пока что
[19:36:42] Jenya_SINS (4c0b0d0c-f375-4478-b341-24dd0572e207): а Админ-Шоп?
[19:36:45] AETERNAL (6015b02d-f272-4154-8209-5e3b23bbc09c): могу продать чё то если надо
[19:36:50] AETERNAL (6015b02d-f272-4154-8209-5e3b23bbc09c): тоже, нету
[19:36:50] Jenya_SINS (4c0b0d0c-f375-4478-b341-24dd0572e207): да
[19:36:58] Jenya_SINS (4c0b0d0c-f375-4478-b341-24dd0572e207): чпровальню
[19:37:14] Jenya_SINS (4c0b0d0c-f375-4478-b341-24dd0572e207): или осмат
[19:37:29] AETERNAL (6015b02d-f272-4154-8209-5e3b23bbc09c): могу чарку
[19:37:35] AETERNAL (6015b02d-f272-4154-8209-5e3b23bbc09c): осмата нету у меня
[19:38:13] Jenya_SINS (4c0b0d0c-f375-4478-b341-24dd0572e207): давай тогда чарку
[19:38:20] Jenya_SINS (4c0b0d0c-f375-4478-b341-24dd0572e207): за 32 алмаза?
[19:38:40] AETERNAL (6015b02d-f272-4154-8209-5e3b23bbc09c): прометум есть?
[19:38:51] AETERNAL (6015b02d-f272-4154-8209-5e3b23bbc09c): прометеум*
[19:39:02] Jenya_SINS (4c0b0d0c-f375-4478-b341-24dd0572e207): что это
[19:39:08] AETERNAL (6015b02d-f272-4154-8209-5e3b23bbc09c): из тайги руда
[19:40:11] Jenya_SINS (4c0b0d0c-f375-4478-b341-24dd0572e207): нету
[19:40:52] AETERNAL (6015b02d-f272-4154-8209-5e3b23bbc09c): а золото?
[19:41:03] Jenya_SINS (4c0b0d0c-f375-4478-b341-24dd0572e207): есть
[19:41:09] AETERNAL (6015b02d-f272-4154-8209-5e3b23bbc09c): пол стака будет?
[19:41:13] Jenya_SINS (4c0b0d0c-f375-4478-b341-24dd0572e207): да
[19:41:51] Jenya_SINS (4c0b0d0c-f375-4478-b341-24dd0572e207): а книжных полок или пилонов?
[19:41:53] AETERNAL (6015b02d-f272-4154-8209-5e3b23bbc09c): ты подобрал?
[19:41:56] Jenya_SINS (4c0b0d0c-f375-4478-b341-24dd0572e207): да
[19:42:01] AETERNAL (6015b02d-f272-4154-8209-5e3b23bbc09c): ой, я все истратил
[19:42:09] AETERNAL (6015b02d-f272-4154-8209-5e3b23bbc09c): их много в замках лича
[19:42:26] AETERNAL (6015b02d-f272-4154-8209-5e3b23bbc09c): или в башнях гаста
[19:42:41] Jenya_SINS (4c0b0d0c-f375-4478-b341-24dd0572e207): можешь продать?
[19:42:48] Jenya_SINS (4c0b0d0c-f375-4478-b341-24dd0572e207): можешь продать?
[19:42:53] AETERNAL (6015b02d-f272-4154-8209-5e3b23bbc09c): у меня не осталось их
[19:42:54] Jenya_SINS (4c0b0d0c-f375-4478-b341-24dd0572e207): за золото
[19:43:25] Jenya_SINS (4c0b0d0c-f375-4478-b341-24dd0572e207): gjrf;b ,fpe
[19:43:27] AETERNAL (6015b02d-f272-4154-8209-5e3b23bbc09c): хотя, стак могу
[19:43:48] Jenya_SINS (4c0b0d0c-f375-4478-b341-24dd0572e207): j
[19:43:50] Jenya_SINS (4c0b0d0c-f375-4478-b341-24dd0572e207): о
[19:43:58] Jenya_SINS (4c0b0d0c-f375-4478-b341-24dd0572e207): примете в тим?
[19:44:04] Jenya_SINS (4c0b0d0c-f375-4478-b341-24dd0572e207): я в ботании шарю
[19:44:12] Jenya_SINS (4c0b0d0c-f375-4478-b341-24dd0572e207): и в аплайде
[19:44:27] AETERNAL (6015b02d-f272-4154-8209-5e3b23bbc09c): я этого бездаря спрошу
[19:44:31] Jenya_SINS (4c0b0d0c-f375-4478-b341-24dd0572e207): могу автокрафты сделать
[19:45:23] Jenya_SINS (4c0b0d0c-f375-4478-b341-24dd0572e207): я случайно подобрал гдето
[19:45:33] AETERNAL (6015b02d-f272-4154-8209-5e3b23bbc09c): выкинул где-то походу
[19:45:49] Jenya_SINS (4c0b0d0c-f375-4478-b341-24dd0572e207): мда
[19:46:17] Jenya_SINS (4c0b0d0c-f375-4478-b341-24dd0572e207): ферма у вас нелучшая но хотябы есть
[19:46:23] AETERNAL (6015b02d-f272-4154-8209-5e3b23bbc09c): какая ферма
[19:46:26] Jenya_SINS (4c0b0d0c-f375-4478-b341-24dd0572e207): маны
[19:46:29] AETERNAL (6015b02d-f272-4154-8209-5e3b23bbc09c): это старая
[19:46:34] AETERNAL (6015b02d-f272-4154-8209-5e3b23bbc09c): я её не использую
[19:46:45] AETERNAL (6015b02d-f272-4154-8209-5e3b23bbc09c): рейкар и колокольчики
[19:46:52] Jenya_SINS (4c0b0d0c-f375-4478-b341-24dd0572e207): дадада
[19:47:09] Jenya_SINS (4c0b0d0c-f375-4478-b341-24dd0572e207): а можно же с семянами разростания
[19:47:16] Jenya_SINS (4c0b0d0c-f375-4478-b341-24dd0572e207): резве нет?
[19:47:28] AETERNAL (6015b02d-f272-4154-8209-5e3b23bbc09c): я дурак забыл семенам крафт сделать
[19:47:38] AETERNAL (6015b02d-f272-4154-8209-5e3b23bbc09c): но да , можно
[19:48:28] Jenya_SINS (4c0b0d0c-f375-4478-b341-24dd0572e207): предлагая чтоб крафтилась из террастали в малекулярке 5к1 и 1кк еу потреблял
[19:48:38] AETERNAL (6015b02d-f272-4154-8209-5e3b23bbc09c): я так и хотел
[19:48:41] AETERNAL (6015b02d-f272-4154-8209-5e3b23bbc09c): )
[19:48:44] Jenya_SINS (4c0b0d0c-f375-4478-b341-24dd0572e207): хехе
[19:49:06] Jenya_SINS (4c0b0d0c-f375-4478-b341-24dd0572e207): кста
[19:49:16] Jenya_SINS (4c0b0d0c-f375-4478-b341-24dd0572e207): тут кольца работают из бртанмм
[19:49:19] Jenya_SINS (4c0b0d0c-f375-4478-b341-24dd0572e207): ?
[19:49:24] AETERNAL (6015b02d-f272-4154-8209-5e3b23bbc09c): та все работают
[19:49:26] Jenya_SINS (4c0b0d0c-f375-4478-b341-24dd0572e207): ботании
[19:49:29] AETERNAL (6015b02d-f272-4154-8209-5e3b23bbc09c): я ничё вроде не урезал
[19:49:31] Jenya_SINS (4c0b0d0c-f375-4478-b341-24dd0572e207): это отлично
[19:53:19] Jenya_SINS (4c0b0d0c-f375-4478-b341-24dd0572e207): ну?
[19:53:24] AETERNAL (6015b02d-f272-4154-8209-5e3b23bbc09c): а?
[19:53:29] Jenya_SINS (4c0b0d0c-f375-4478-b341-24dd0572e207): спросил?
[19:53:36] AETERNAL (6015b02d-f272-4154-8209-5e3b23bbc09c): он афк стоит
[19:53:39] AETERNAL (6015b02d-f272-4154-8209-5e3b23bbc09c): в дс так же
[19:53:53] Jenya_SINS (4c0b0d0c-f375-4478-b341-24dd0572e207): даш дс?
[19:54:24] AETERNAL (6015b02d-f272-4154-8209-5e3b23bbc09c): хранитель в групе афтера
[19:54:54] Jenya_SINS (4c0b0d0c-f375-4478-b341-24dd0572e207): чёрный дракончик да?
[19:54:58] AETERNAL (6015b02d-f272-4154-8209-5e3b23bbc09c): он)
[19:56:22] AETERNAL (6015b02d-f272-4154-8209-5e3b23bbc09c): уйди сейчас лучше отсюда
[20:21:34] fat_tiger (57a16550-f177-4a5b-8a56-3703e2406ae5): f
[20:21:48] AETERNAL (6015b02d-f272-4154-8209-5e3b23bbc09c): день?
[20:21:54] fat_tiger (57a16550-f177-4a5b-8a56-3703e2406ae5): да
[20:21:56] fat_tiger (57a16550-f177-4a5b-8a56-3703e2406ae5): спс
[20:22:10] AETERNAL (6015b02d-f272-4154-8209-5e3b23bbc09c): мне лень просто в кровать бегать)
[20:22:14] fat_tiger (57a16550-f177-4a5b-8a56-3703e2406ae5): +
[20:57:04] AETERNAL (6015b02d-f272-4154-8209-5e3b23bbc09c): каких 4 игроков то
[20:57:24] fat_tiger (57a16550-f177-4a5b-8a56-3703e2406ae5): 4 втф
[20:57:32] fat_tiger (57a16550-f177-4a5b-8a56-3703e2406ae5): 3 онлайн
[20:57:35] AETERNAL (6015b02d-f272-4154-8209-5e3b23bbc09c): а ну ка ложись
[20:57:42] AETERNAL (6015b02d-f272-4154-8209-5e3b23bbc09c): пиздец
[20:57:59] AETERNAL (6015b02d-f272-4154-8209-5e3b23bbc09c): плагин дуру дал
[21:34:40] AETERNAL (6015b02d-f272-4154-8209-5e3b23bbc09c): .
[21:39:19] AETERNAL (6015b02d-f272-4154-8209-5e3b23bbc09c): .
