[09:03:08] ProCto_DS (d3139add-473e-468f-9582-8b46bb0e237c): !
[09:03:11] ProCto_DS (d3139add-473e-468f-9582-8b46bb0e237c): Ку
[09:04:48] ProCto_DS (d3139add-473e-468f-9582-8b46bb0e237c): оки(
[09:12:51] ProCto_DS (d3139add-473e-468f-9582-8b46bb0e237c): У меня нет)
[16:51:08] Shick (1e509a89-d5e1-4571-bec0-bbd919826fe9): Ес
[19:21:23] VladDoor (f83aa885-2487-4295-b366-193cd21d8701): варум хаб ищ 2к пинг
[19:21:28] VladDoor (f83aa885-2487-4295-b366-193cd21d8701): вас лос
[19:21:32] VladDoor (f83aa885-2487-4295-b366-193cd21d8701): хальо майнкрафт
[19:21:42] VladDoor (f83aa885-2487-4295-b366-193cd21d8701): шайзе
[19:27:45] VladDoor (f83aa885-2487-4295-b366-193cd21d8701): пабеда
[19:27:48] VladDoor (f83aa885-2487-4295-b366-193cd21d8701): 125 пинг
[19:27:57] VladDoor (f83aa885-2487-4295-b366-193cd21d8701): сосать соседи
[19:28:06] VladDoor (f83aa885-2487-4295-b366-193cd21d8701): влан кабель чудеса творит
[19:28:49] VladDoor (f83aa885-2487-4295-b366-193cd21d8701): а че кста является католизатором на алтаре сообственно говоря?
[19:30:42] VladDoor (f83aa885-2487-4295-b366-193cd21d8701): так бы и написали что тыкнуть рукой
[19:30:50] VladDoor (f83aa885-2487-4295-b366-193cd21d8701): а то я блять с бубном кружляю
[19:32:37] VladDoor (f83aa885-2487-4295-b366-193cd21d8701): каф 139 пинг
[19:32:55] VladDoor (f83aa885-2487-4295-b366-193cd21d8701): Чо ты там этернал говорил про то что я его выдумал
[20:03:04] VladDoor (f83aa885-2487-4295-b366-193cd21d8701): привет
[20:04:41] AETERNAL (6015b02d-f272-4154-8209-5e3b23bbc09c): q
[20:06:40] AETERNAL (6015b02d-f272-4154-8209-5e3b23bbc09c): чекни изучения
[20:06:42] VladDoor (f83aa885-2487-4295-b366-193cd21d8701): 2к материи за стержень ифрита норм же ?
[20:06:57] AETERNAL (6015b02d-f272-4154-8209-5e3b23bbc09c): зачем его матрией делать
[20:07:00] VladDoor (f83aa885-2487-4295-b366-193cd21d8701): таум?
[20:07:10] AETERNAL (6015b02d-f272-4154-8209-5e3b23bbc09c): квесты 1 старница
[20:07:38] VladDoor (f83aa885-2487-4295-b366-193cd21d8701): норм
[20:07:45] VladDoor (f83aa885-2487-4295-b366-193cd21d8701): на изи
[20:07:47] VladDoor (f83aa885-2487-4295-b366-193cd21d8701): фулл таум
[20:08:12] VladDoor (f83aa885-2487-4295-b366-193cd21d8701): ну как зачем
[20:08:29] VladDoor (f83aa885-2487-4295-b366-193cd21d8701): ну как зачемне уж ли мне самому фармить эти палки?
[20:08:38] VladDoor (f83aa885-2487-4295-b366-193cd21d8701): там запятую сам поставь
[20:08:45] VladDoor (f83aa885-2487-4295-b366-193cd21d8701): я хз где ставить
[20:09:55] AETERNAL (6015b02d-f272-4154-8209-5e3b23bbc09c): автоохотник и у тебя этих палок мильён
[20:10:18] VladDoor (f83aa885-2487-4295-b366-193cd21d8701): мне они нужны щас
[20:10:34] AETERNAL (6015b02d-f272-4154-8209-5e3b23bbc09c): если его можно через материю создать, это не значитт что так и нужно делать
[20:10:34] VladDoor (f83aa885-2487-4295-b366-193cd21d8701): штук 20
[20:10:41] AETERNAL (6015b02d-f272-4154-8209-5e3b23bbc09c): ну так иди нафарми
[20:10:45] AETERNAL (6015b02d-f272-4154-8209-5e3b23bbc09c): в чём проблема
[20:11:13] VladDoor (f83aa885-2487-4295-b366-193cd21d8701): ОО
[20:11:16] VladDoor (f83aa885-2487-4295-b366-193cd21d8701): нашел крепость
[20:11:20] VladDoor (f83aa885-2487-4295-b366-193cd21d8701): этот незер икс ваще
[20:11:30] VladDoor (f83aa885-2487-4295-b366-193cd21d8701): шанс на крепость еще ниже
[20:11:58] VladDoor (f83aa885-2487-4295-b366-193cd21d8701): у меня все еще надписи что завершено исследование
[20:13:12] VladDoor (f83aa885-2487-4295-b366-193cd21d8701): стоп это типа над делать меч из мистикала
[20:13:21] VladDoor (f83aa885-2487-4295-b366-193cd21d8701): с ним 35 шанс на душу этого бомжа
[20:13:24] VladDoor (f83aa885-2487-4295-b366-193cd21d8701): визера
[20:13:38] VladDoor (f83aa885-2487-4295-b366-193cd21d8701): я так понимаю да?
[20:13:44] AETERNAL (6015b02d-f272-4154-8209-5e3b23bbc09c): что
[20:13:52] VladDoor (f83aa885-2487-4295-b366-193cd21d8701): ну меч из соумиума
[20:14:00] AETERNAL (6015b02d-f272-4154-8209-5e3b23bbc09c): ну и что с ним
[20:14:21] VladDoor (f83aa885-2487-4295-b366-193cd21d8701): ну он дропает из визеров с шансом 35 его душу?
[20:14:25] VladDoor (f83aa885-2487-4295-b366-193cd21d8701): которая 3 = 3 головы
[20:14:56] AETERNAL (6015b02d-f272-4154-8209-5e3b23bbc09c): а меч то причём вообще
[20:15:07] AETERNAL (6015b02d-f272-4154-8209-5e3b23bbc09c): он для кусков мобов
[20:15:31] VladDoor (f83aa885-2487-4295-b366-193cd21d8701): ну
[20:15:39] VladDoor (f83aa885-2487-4295-b366-193cd21d8701): она падает и так?
[20:15:40] VladDoor (f83aa885-2487-4295-b366-193cd21d8701): или чо
[20:15:57] VladDoor (f83aa885-2487-4295-b366-193cd21d8701): имено душа не из драконика а
[20:16:03] VladDoor (f83aa885-2487-4295-b366-193cd21d8701): withering soul
[20:16:11] AETERNAL (6015b02d-f272-4154-8209-5e3b23bbc09c): я не понимаю почему ты изначально предположил что меч соулимовый имеет что то к этой душе
[20:16:22] AETERNAL (6015b02d-f272-4154-8209-5e3b23bbc09c): в джеи и так написано
[20:16:26] AETERNAL (6015b02d-f272-4154-8209-5e3b23bbc09c): выпадает с визеров
[20:16:43] VladDoor (f83aa885-2487-4295-b366-193cd21d8701): Так это из мистикала по этому подумал что это есть
[20:16:45] VladDoor (f83aa885-2487-4295-b366-193cd21d8701): часть моба
[20:18:23] VladDoor (f83aa885-2487-4295-b366-193cd21d8701): чиво
[20:18:27] VladDoor (f83aa885-2487-4295-b366-193cd21d8701): у меня пинг
[20:18:31] VladDoor (f83aa885-2487-4295-b366-193cd21d8701): ниже чем у тебя
[20:18:54] AETERNAL (6015b02d-f272-4154-8209-5e3b23bbc09c): ты в Европе
[20:19:02] VladDoor (f83aa885-2487-4295-b366-193cd21d8701): да
[20:19:04] VladDoor (f83aa885-2487-4295-b366-193cd21d8701): западная
[20:19:08] AETERNAL (6015b02d-f272-4154-8209-5e3b23bbc09c): это не вопрос
[20:19:27] VladDoor (f83aa885-2487-4295-b366-193cd21d8701): уже убил штук 5
[20:19:29] VladDoor (f83aa885-2487-4295-b366-193cd21d8701): не выпало
[20:19:35] VladDoor (f83aa885-2487-4295-b366-193cd21d8701): за то выпала палка 7 проц
[20:19:48] VladDoor (f83aa885-2487-4295-b366-193cd21d8701): а вот душа нет
[20:28:46] AETERNAL (6015b02d-f272-4154-8209-5e3b23bbc09c): ?
[20:30:06] VladDoor (f83aa885-2487-4295-b366-193cd21d8701): там связыватель над?
[20:30:22] AETERNAL (6015b02d-f272-4154-8209-5e3b23bbc09c): кого
[20:30:50] VladDoor (f83aa885-2487-4295-b366-193cd21d8701): ну что бы связать
[20:30:50] AETERNAL (6015b02d-f272-4154-8209-5e3b23bbc09c): эльфийский алтарь искру поддерживает
[20:31:02] AETERNAL (6015b02d-f272-4154-8209-5e3b23bbc09c): хз зачем ты распредами в него
[20:31:28] VladDoor (f83aa885-2487-4295-b366-193cd21d8701): сюда
[20:31:38] VladDoor (f83aa885-2487-4295-b366-193cd21d8701): я прошел игру
[20:31:52] AETERNAL (6015b02d-f272-4154-8209-5e3b23bbc09c): не начав ? :S
[20:31:57] VladDoor (f83aa885-2487-4295-b366-193cd21d8701): именнол
[20:32:03] VladDoor (f83aa885-2487-4295-b366-193cd21d8701): астрал готов
[20:32:08] VladDoor (f83aa885-2487-4295-b366-193cd21d8701): а дальше фигня
[20:32:14] AETERNAL (6015b02d-f272-4154-8209-5e3b23bbc09c): даже топового алтаря нет
[20:32:15] VladDoor (f83aa885-2487-4295-b366-193cd21d8701): всякие интерфейсики
[20:32:20] VladDoor (f83aa885-2487-4295-b366-193cd21d8701): топовый?
[20:32:24] VladDoor (f83aa885-2487-4295-b366-193cd21d8701): пиздец
[20:32:37] VladDoor (f83aa885-2487-4295-b366-193cd21d8701): переливчатый?
[20:32:42] AETERNAL (6015b02d-f272-4154-8209-5e3b23bbc09c): я его за 5 часов сделал
[20:32:48] AETERNAL (6015b02d-f272-4154-8209-5e3b23bbc09c): ты уже недели 2
[20:33:08] AETERNAL (6015b02d-f272-4154-8209-5e3b23bbc09c): ага
[20:33:09] AETERNAL (6015b02d-f272-4154-8209-5e3b23bbc09c): кит
[20:34:49] VladDoor (f83aa885-2487-4295-b366-193cd21d8701): Я не за недели две
[20:34:55] VladDoor (f83aa885-2487-4295-b366-193cd21d8701): а за
[20:35:00] VladDoor (f83aa885-2487-4295-b366-193cd21d8701): 10 часов
[20:35:03] VladDoor (f83aa885-2487-4295-b366-193cd21d8701): в сумме
[20:35:09] AETERNAL (6015b02d-f272-4154-8209-5e3b23bbc09c): расскажешь
[20:35:09] VladDoor (f83aa885-2487-4295-b366-193cd21d8701): в сумме
[20:35:19] VladDoor (f83aa885-2487-4295-b366-193cd21d8701): у меня наиграно 2 дня
[20:35:28] VladDoor (f83aa885-2487-4295-b366-193cd21d8701): из них половина это афк
[20:36:04] VladDoor (f83aa885-2487-4295-b366-193cd21d8701): и ваще я могу его за пару часиков сделать если пинг будет 100
[20:36:13] AETERNAL (6015b02d-f272-4154-8209-5e3b23bbc09c): слова
[20:36:27] AETERNAL (6015b02d-f272-4154-8209-5e3b23bbc09c): ты структуру даже построить не мог
[20:36:35] VladDoor (f83aa885-2487-4295-b366-193cd21d8701): так и че
[20:36:37] VladDoor (f83aa885-2487-4295-b366-193cd21d8701): уже могу
[20:37:08] VladDoor (f83aa885-2487-4295-b366-193cd21d8701): так просто блять я чо знал что там палка есть
[20:37:15] VladDoor (f83aa885-2487-4295-b366-193cd21d8701): которая показывает куда ставить
[20:37:25] VladDoor (f83aa885-2487-4295-b366-193cd21d8701): а на картинке хуй поймешь что хотят
[20:37:40] VladDoor (f83aa885-2487-4295-b366-193cd21d8701): и ваще я чистотехно
[20:37:45] VladDoor (f83aa885-2487-4295-b366-193cd21d8701): всю жизнь
[20:38:19] VladDoor (f83aa885-2487-4295-b366-193cd21d8701): нано техи всякие это да
[20:38:21] VladDoor (f83aa885-2487-4295-b366-193cd21d8701): а вот когда
[20:38:24] VladDoor (f83aa885-2487-4295-b366-193cd21d8701): для одной хуйни
[20:38:29] VladDoor (f83aa885-2487-4295-b366-193cd21d8701): нада 5 хуень
[20:38:33] VladDoor (f83aa885-2487-4295-b366-193cd21d8701): из другой хуйни
[20:38:54] VladDoor (f83aa885-2487-4295-b366-193cd21d8701): не понимаешь за что браться
[20:38:58] VladDoor (f83aa885-2487-4295-b366-193cd21d8701): нада за все и сразу
[20:39:10] VladDoor (f83aa885-2487-4295-b366-193cd21d8701): а ты додик в магии
[20:39:16] VladDoor (f83aa885-2487-4295-b366-193cd21d8701): я с таумом реально
[20:39:20] VladDoor (f83aa885-2487-4295-b366-193cd21d8701): и ботанией
[20:39:22] VladDoor (f83aa885-2487-4295-b366-193cd21d8701): и астралом
[20:39:25] VladDoor (f83aa885-2487-4295-b366-193cd21d8701): первый раз играю
[20:39:39] VladDoor (f83aa885-2487-4295-b366-193cd21d8701): и больше не хочу
[20:39:47] VladDoor (f83aa885-2487-4295-b366-193cd21d8701): замудренно все
[20:39:50] VladDoor (f83aa885-2487-4295-b366-193cd21d8701): мана хуяна
[20:39:52] VladDoor (f83aa885-2487-4295-b366-193cd21d8701): аспекты
[20:39:55] VladDoor (f83aa885-2487-4295-b366-193cd21d8701): теория
[20:40:01] AETERNAL (6015b02d-f272-4154-8209-5e3b23bbc09c): ботания и астрал самые лёгкие модв
[20:40:04] VladDoor (f83aa885-2487-4295-b366-193cd21d8701): а индастриале том же
[20:40:08] VladDoor (f83aa885-2487-4295-b366-193cd21d8701): чисто
[20:40:10] VladDoor (f83aa885-2487-4295-b366-193cd21d8701): нада вот тебе
[20:40:23] VladDoor (f83aa885-2487-4295-b366-193cd21d8701): нано бронька
[20:40:28] VladDoor (f83aa885-2487-4295-b366-193cd21d8701): по джеи
[20:40:30] VladDoor (f83aa885-2487-4295-b366-193cd21d8701): все понятно
[20:40:37] VladDoor (f83aa885-2487-4295-b366-193cd21d8701): что нада вот это это это и это
[20:40:39] AETERNAL (6015b02d-f272-4154-8209-5e3b23bbc09c): skill issue
[20:41:03] VladDoor (f83aa885-2487-4295-b366-193cd21d8701): ?
[20:41:52] VladDoor (f83aa885-2487-4295-b366-193cd21d8701): ну ботания не оч сложная
[20:41:59] VladDoor (f83aa885-2487-4295-b366-193cd21d8701): там не много нада потеть
[20:42:05] VladDoor (f83aa885-2487-4295-b366-193cd21d8701): больше в шахте нада
[20:42:09] VladDoor (f83aa885-2487-4295-b366-193cd21d8701): если на пламе
[20:42:15] VladDoor (f83aa885-2487-4295-b366-193cd21d8701): астрал в первый раз сложный
[20:42:17] AETERNAL (6015b02d-f272-4154-8209-5e3b23bbc09c): ты её даже не начал толком даже
[20:42:18] VladDoor (f83aa885-2487-4295-b366-193cd21d8701): а таум хуйня
[20:42:33] VladDoor (f83aa885-2487-4295-b366-193cd21d8701): ичо
[20:42:55] VladDoor (f83aa885-2487-4295-b366-193cd21d8701): вот самый лучший мод это аешка
[20:43:07] VladDoor (f83aa885-2487-4295-b366-193cd21d8701): сделал первый автокрафт
[20:43:10] VladDoor (f83aa885-2487-4295-b366-193cd21d8701): и дальше все ваще
[20:43:19] AETERNAL (6015b02d-f272-4154-8209-5e3b23bbc09c): тут нет лучших модов
[20:43:24] VladDoor (f83aa885-2487-4295-b366-193cd21d8701): есть
[20:43:24] AETERNAL (6015b02d-f272-4154-8209-5e3b23bbc09c): все играют свою роль
[20:43:32] VladDoor (f83aa885-2487-4295-b366-193cd21d8701): ну так то да
[20:43:44] VladDoor (f83aa885-2487-4295-b366-193cd21d8701): Лучшие моды тут это иу ае и джеи
[20:44:08] AETERNAL (6015b02d-f272-4154-8209-5e3b23bbc09c): ну так раз так, то что тебе мешает сделать такую сборку из трёх модов и играть себе
[20:44:23] VladDoor (f83aa885-2487-4295-b366-193cd21d8701): всм
[20:44:27] VladDoor (f83aa885-2487-4295-b366-193cd21d8701): причем тут это
[20:45:18] VladDoor (f83aa885-2487-4295-b366-193cd21d8701): а
[20:45:25] VladDoor (f83aa885-2487-4295-b366-193cd21d8701): еще биабс тут и мистикал агрикультур
[20:45:27] VladDoor (f83aa885-2487-4295-b366-193cd21d8701): вот это
[20:45:30] VladDoor (f83aa885-2487-4295-b366-193cd21d8701): еще топ
[20:46:04] VladDoor (f83aa885-2487-4295-b366-193cd21d8701): тиабс точней
[20:46:44] VladDoor (f83aa885-2487-4295-b366-193cd21d8701): кста
[20:46:47] VladDoor (f83aa885-2487-4295-b366-193cd21d8701): а поч теперь
[20:46:53] VladDoor (f83aa885-2487-4295-b366-193cd21d8701): время в бутылке это рандом ринг
[20:47:31] VladDoor (f83aa885-2487-4295-b366-193cd21d8701): а норм
[20:48:24] VladDoor (f83aa885-2487-4295-b366-193cd21d8701): у тебя щас 12 декабря?
[20:49:21] VladDoor (f83aa885-2487-4295-b366-193cd21d8701): лан я спать завтра на 7 часиков школа пиздец
