[00:00:34] XBOST (ed244ead-df9a-464f-a48f-28478c7d8db3): там на сайте
[00:00:39] XBOST (ed244ead-df9a-464f-a48f-28478c7d8db3): когда лаунчер качаешь
[00:00:48] XBOST (ed244ead-df9a-464f-a48f-28478c7d8db3): вон у тебя щас норм пинг
[00:00:54] LaNipge (347d9fd5-d990-49a9-9903-2d39a3b73974): смотри
[00:00:57] LaNipge (347d9fd5-d990-49a9-9903-2d39a3b73974): на спавн иду
[00:02:19] XBOST (ed244ead-df9a-464f-a48f-28478c7d8db3): пиздец сколько здесь руд
[00:02:21] LaNipge (347d9fd5-d990-49a9-9903-2d39a3b73974): де кирку взял
[00:02:22] XBOST (ed244ead-df9a-464f-a48f-28478c7d8db3): я вахуе
[00:02:33] XBOST (ed244ead-df9a-464f-a48f-28478c7d8db3): алмаз выбил из какой то хуйни
[00:02:50] XBOST (ed244ead-df9a-464f-a48f-28478c7d8db3): железо надо
[00:02:54] LaNipge (347d9fd5-d990-49a9-9903-2d39a3b73974): да
[00:02:57] LaNipge (347d9fd5-d990-49a9-9903-2d39a3b73974): надо
[00:03:02] XBOST (ed244ead-df9a-464f-a48f-28478c7d8db3): я в шахту ту
[00:03:31] XBOST (ed244ead-df9a-464f-a48f-28478c7d8db3): броню наденб
[00:04:10] LaNipge (347d9fd5-d990-49a9-9903-2d39a3b73974): 1
[00:04:11] LaNipge (347d9fd5-d990-49a9-9903-2d39a3b73974): )
[00:04:15] XBOST (ed244ead-df9a-464f-a48f-28478c7d8db3): там освещение есть от факела
[00:04:16] XBOST (ed244ead-df9a-464f-a48f-28478c7d8db3): включи
[00:04:18] XBOST (ed244ead-df9a-464f-a48f-28478c7d8db3): норм тема
[00:05:14] galaxy3231 (d4f7a5f3-2cd4-40bf-b49f-e6b7300e0ce3): ну всё bb
[00:05:18] XBOST (ed244ead-df9a-464f-a48f-28478c7d8db3): бб
[00:05:21] LaNipge (347d9fd5-d990-49a9-9903-2d39a3b73974): 66
[00:05:21] galaxy3231 (d4f7a5f3-2cd4-40bf-b49f-e6b7300e0ce3): пойду посплю
[00:05:26] XBOST (ed244ead-df9a-464f-a48f-28478c7d8db3): спокойной
[00:05:29] galaxy3231 (d4f7a5f3-2cd4-40bf-b49f-e6b7300e0ce3): заебался делать эту хуйню
[00:05:34] galaxy3231 (d4f7a5f3-2cd4-40bf-b49f-e6b7300e0ce3): вам там удачи чтоль
[00:05:41] galaxy3231 (d4f7a5f3-2cd4-40bf-b49f-e6b7300e0ce3): и терпения эти крафты делать
[00:10:27] LaNipge (347d9fd5-d990-49a9-9903-2d39a3b73974): там разлом есть
[00:10:56] LaNipge (347d9fd5-d990-49a9-9903-2d39a3b73974): а золото как
[00:11:16] LaNipge (347d9fd5-d990-49a9-9903-2d39a3b73974): ниче не помню
[00:11:21] XBOST (ed244ead-df9a-464f-a48f-28478c7d8db3): вон 12 шт сесть
[00:12:04] XBOST (ed244ead-df9a-464f-a48f-28478c7d8db3): у меня все
[00:12:12] LaNipge (347d9fd5-d990-49a9-9903-2d39a3b73974): че ты сделал
[00:12:19] XBOST (ed244ead-df9a-464f-a48f-28478c7d8db3): че
[00:12:19] LaNipge (347d9fd5-d990-49a9-9903-2d39a3b73974): нахуй вылил
[00:12:31] XBOST (ed244ead-df9a-464f-a48f-28478c7d8db3): инженерная кузня то все равно нужна
[00:12:38] LaNipge (347d9fd5-d990-49a9-9903-2d39a3b73974): накой
[00:12:43] XBOST (ed244ead-df9a-464f-a48f-28478c7d8db3): молот сделать
[00:12:47] LaNipge (347d9fd5-d990-49a9-9903-2d39a3b73974): а
[00:12:54] XBOST (ed244ead-df9a-464f-a48f-28478c7d8db3): мы не на скайблоке
[00:13:16] LaNipge (347d9fd5-d990-49a9-9903-2d39a3b73974): дай булыгу
[00:13:20] XBOST (ed244ead-df9a-464f-a48f-28478c7d8db3): нету
[00:13:39] XBOST (ed244ead-df9a-464f-a48f-28478c7d8db3): блять ебанное золото
[00:13:49] LaNipge (347d9fd5-d990-49a9-9903-2d39a3b73974): ну ты пизда
[00:14:07] XBOST (ed244ead-df9a-464f-a48f-28478c7d8db3): еще есть пох
[00:14:10] LaNipge (347d9fd5-d990-49a9-9903-2d39a3b73974): стой
[00:14:13] LaNipge (347d9fd5-d990-49a9-9903-2d39a3b73974): не выливай
[00:14:20] LaNipge (347d9fd5-d990-49a9-9903-2d39a3b73974): на молот не хватит золота
[00:14:26] XBOST (ed244ead-df9a-464f-a48f-28478c7d8db3): мне еще 2 блока надо
[00:15:09] LaNipge (347d9fd5-d990-49a9-9903-2d39a3b73974): тебе тоже
[00:15:11] LaNipge (347d9fd5-d990-49a9-9903-2d39a3b73974): ?
[00:15:14] XBOST (ed244ead-df9a-464f-a48f-28478c7d8db3): не
[00:16:47] XBOST (ed244ead-df9a-464f-a48f-28478c7d8db3): ебать
[00:16:48] LaNipge (347d9fd5-d990-49a9-9903-2d39a3b73974): а да
[00:16:59] XBOST (ed244ead-df9a-464f-a48f-28478c7d8db3): там в сумке
[00:20:42] XBOST (ed244ead-df9a-464f-a48f-28478c7d8db3): сын земли
[00:22:33] LaNipge (347d9fd5-d990-49a9-9903-2d39a3b73974): ебать руды
[00:23:16] XBOST (ed244ead-df9a-464f-a48f-28478c7d8db3): я там сундук сделал
[00:23:18] XBOST (ed244ead-df9a-464f-a48f-28478c7d8db3): чисто для руд
[00:23:21] XBOST (ed244ead-df9a-464f-a48f-28478c7d8db3): ес е
[00:23:24] XBOST (ed244ead-df9a-464f-a48f-28478c7d8db3): ес че
[00:24:56] LaNipge (347d9fd5-d990-49a9-9903-2d39a3b73974): это пизда
[00:25:00] XBOST (ed244ead-df9a-464f-a48f-28478c7d8db3): че
[00:25:05] LaNipge (347d9fd5-d990-49a9-9903-2d39a3b73974): че копать
[00:25:11] LaNipge (347d9fd5-d990-49a9-9903-2d39a3b73974): оно не влазит всё
[00:26:26] LaNipge (347d9fd5-d990-49a9-9903-2d39a3b73974): там бабака
[00:29:50] LaNipge (347d9fd5-d990-49a9-9903-2d39a3b73974): чет помоему вино не бесконечное
[00:30:00] XBOST (ed244ead-df9a-464f-a48f-28478c7d8db3): (
[00:32:18] XBOST (ed244ead-df9a-464f-a48f-28478c7d8db3): кирка сломалась бб
[00:35:03] XBOST (ed244ead-df9a-464f-a48f-28478c7d8db3): че молоты делаем?
[00:35:08] LaNipge (347d9fd5-d990-49a9-9903-2d39a3b73974): офк
[00:35:20] XBOST (ed244ead-df9a-464f-a48f-28478c7d8db3): по русски базарь
[00:35:23] LaNipge (347d9fd5-d990-49a9-9903-2d39a3b73974): да
[00:35:51] LaNipge (347d9fd5-d990-49a9-9903-2d39a3b73974): я сумочку возьму?
[00:35:55] LaNipge (347d9fd5-d990-49a9-9903-2d39a3b73974): тяжко без нее
[00:36:00] XBOST (ed244ead-df9a-464f-a48f-28478c7d8db3): она твоя
[00:37:40] XBOST (ed244ead-df9a-464f-a48f-28478c7d8db3): из какого металла молот будем делать?
[00:37:45] LaNipge (347d9fd5-d990-49a9-9903-2d39a3b73974): железо
[00:37:46] XBOST (ed244ead-df9a-464f-a48f-28478c7d8db3): не шарю типо
[00:37:51] XBOST (ed244ead-df9a-464f-a48f-28478c7d8db3): ок
[00:37:58] LaNipge (347d9fd5-d990-49a9-9903-2d39a3b73974): у нас и нет ничего больше
[00:39:25] LaNipge (347d9fd5-d990-49a9-9903-2d39a3b73974): долго до молотов?
[00:39:32] XBOST (ed244ead-df9a-464f-a48f-28478c7d8db3): не
[00:42:02] LaNipge (347d9fd5-d990-49a9-9903-2d39a3b73974): я алмазик накину на него
[00:42:06] LaNipge (347d9fd5-d990-49a9-9903-2d39a3b73974): чтоб не ломался
[00:42:14] XBOST (ed244ead-df9a-464f-a48f-28478c7d8db3): угу
[00:42:54] XBOST (ed244ead-df9a-464f-a48f-28478c7d8db3): к бедроку копай я щас тпнусь
[00:43:10] XBOST (ed244ead-df9a-464f-a48f-28478c7d8db3): будем апгрейдить молот так сказать
[00:46:48] LaNipge (347d9fd5-d990-49a9-9903-2d39a3b73974): опа
[00:47:36] LaNipge (347d9fd5-d990-49a9-9903-2d39a3b73974): а железо есть?
[00:52:20] XBOST (ed244ead-df9a-464f-a48f-28478c7d8db3): вино кончилось
[00:53:01] XBOST (ed244ead-df9a-464f-a48f-28478c7d8db3): лава
[00:53:37] LaNipge (347d9fd5-d990-49a9-9903-2d39a3b73974): дай тейбл
[00:53:52] LaNipge (347d9fd5-d990-49a9-9903-2d39a3b73974): 2?
[00:55:13] LaNipge (347d9fd5-d990-49a9-9903-2d39a3b73974): копаешь одну руду находишь 10
[01:05:58] LaNipge (347d9fd5-d990-49a9-9903-2d39a3b73974): валим
[01:09:45] XBOST (ed244ead-df9a-464f-a48f-28478c7d8db3): че делать то
[01:09:50] XBOST (ed244ead-df9a-464f-a48f-28478c7d8db3): я даже хз с чего начать
[01:09:53] XBOST (ed244ead-df9a-464f-a48f-28478c7d8db3): так много руд
[01:10:06] LaNipge (347d9fd5-d990-49a9-9903-2d39a3b73974): c переработки?
[01:10:32] XBOST (ed244ead-df9a-464f-a48f-28478c7d8db3): я думал сделать рупиевый мультиинструмент и абузить шахту
[01:10:36] XBOST (ed244ead-df9a-464f-a48f-28478c7d8db3): но там крафт уебский
[01:11:36] XBOST (ed244ead-df9a-464f-a48f-28478c7d8db3): я так понимаю все на ic тут
[01:11:40] XBOST (ed244ead-df9a-464f-a48f-28478c7d8db3): я думаю с него начать
[01:11:42] LaNipge (347d9fd5-d990-49a9-9903-2d39a3b73974): ну типо
[01:11:47] XBOST (ed244ead-df9a-464f-a48f-28478c7d8db3): пойду резину искать
[01:12:06] LaNipge (347d9fd5-d990-49a9-9903-2d39a3b73974): я так понимаю здесь нет нихуя кроме ic2 и ae2
[01:12:13] LaNipge (347d9fd5-d990-49a9-9903-2d39a3b73974): я так понимаю здесь нет нихуя кроме ic2 и ae2
[01:12:27] XBOST (ed244ead-df9a-464f-a48f-28478c7d8db3): а тут ic ебнутый какой то и так
[01:15:04] LaNipge (347d9fd5-d990-49a9-9903-2d39a3b73974): ты де
[01:15:13] XBOST (ed244ead-df9a-464f-a48f-28478c7d8db3): гевеи ищу
[01:20:58] XBOST (ed244ead-df9a-464f-a48f-28478c7d8db3): слышь
[01:21:02] XBOST (ed244ead-df9a-464f-a48f-28478c7d8db3): тут курочки есть
[01:21:14] LaNipge (347d9fd5-d990-49a9-9903-2d39a3b73974): ого
[01:24:06] LaNipge (347d9fd5-d990-49a9-9903-2d39a3b73974): необходим день
[01:27:04] LaNipge (347d9fd5-d990-49a9-9903-2d39a3b73974): а я нитки искал
[01:27:18] XBOST (ed244ead-df9a-464f-a48f-28478c7d8db3): ты написал что день надо
[01:27:30] LaNipge (347d9fd5-d990-49a9-9903-2d39a3b73974): для кровати нитки
[01:30:27] XBOST (ed244ead-df9a-464f-a48f-28478c7d8db3): походу с ае надо
[01:30:32] XBOST (ed244ead-df9a-464f-a48f-28478c7d8db3): там чет пиздец вообще
[01:31:10] XBOST (ed244ead-df9a-464f-a48f-28478c7d8db3): ой
[01:31:12] XBOST (ed244ead-df9a-464f-a48f-28478c7d8db3): не с ае
[01:31:15] XBOST (ed244ead-df9a-464f-a48f-28478c7d8db3): а термалки
[01:31:25] LaNipge (347d9fd5-d990-49a9-9903-2d39a3b73974): делаю измельчитель
[01:31:28] LaNipge (347d9fd5-d990-49a9-9903-2d39a3b73974): в процессе
[01:31:59] XBOST (ed244ead-df9a-464f-a48f-28478c7d8db3): пиздец че за крафты вообще
[01:32:01] LaNipge (347d9fd5-d990-49a9-9903-2d39a3b73974): ебать
[01:32:03] XBOST (ed244ead-df9a-464f-a48f-28478c7d8db3): мне они нравятся
[01:32:04] LaNipge (347d9fd5-d990-49a9-9903-2d39a3b73974): а че с соляркой
[01:32:09] LaNipge (347d9fd5-d990-49a9-9903-2d39a3b73974): она чет загрязняетэ
[01:32:27] XBOST (ed244ead-df9a-464f-a48f-28478c7d8db3): хз
[01:32:56] LaNipge (347d9fd5-d990-49a9-9903-2d39a3b73974): поставь тейбл
[01:33:12] LaNipge (347d9fd5-d990-49a9-9903-2d39a3b73974): а железо?
[01:33:53] LaNipge (347d9fd5-d990-49a9-9903-2d39a3b73974): биндов не хватает
[01:36:27] XBOST (ed244ead-df9a-464f-a48f-28478c7d8db3): крафт мэ накопителя чек
[01:36:38] XBOST (ed244ead-df9a-464f-a48f-28478c7d8db3): решили контролер не усложнять
[01:36:44] XBOST (ed244ead-df9a-464f-a48f-28478c7d8db3): а усложнить накопитель)
[01:36:46] LaNipge (347d9fd5-d990-49a9-9903-2d39a3b73974): (
[01:37:22] LaNipge (347d9fd5-d990-49a9-9903-2d39a3b73974): нужно 6 кварца
[01:37:35] XBOST (ed244ead-df9a-464f-a48f-28478c7d8db3): как раз 6 было
[01:37:47] XBOST (ed244ead-df9a-464f-a48f-28478c7d8db3): посплю?
[01:37:53] LaNipge (347d9fd5-d990-49a9-9903-2d39a3b73974): +
[01:40:08] LaNipge (347d9fd5-d990-49a9-9903-2d39a3b73974): доски пропитанного дерева
[01:40:25] XBOST (ed244ead-df9a-464f-a48f-28478c7d8db3): я не понимаю с ЧЕГО НАЧАТЬ
[01:40:28] LaNipge (347d9fd5-d990-49a9-9903-2d39a3b73974): я в ахуе с крафтов
[01:40:34] LaNipge (347d9fd5-d990-49a9-9903-2d39a3b73974): это не сбалансированная хуйня
[01:42:08] LaNipge (347d9fd5-d990-49a9-9903-2d39a3b73974): астрал нужен
[01:42:11] LaNipge (347d9fd5-d990-49a9-9903-2d39a3b73974): я ебал
[01:42:17] LaNipge (347d9fd5-d990-49a9-9903-2d39a3b73974): я не понимаю
[01:42:51] LaNipge (347d9fd5-d990-49a9-9903-2d39a3b73974): еще и жижа заебала
[01:43:08] XBOST (ed244ead-df9a-464f-a48f-28478c7d8db3): У меня с аегисом такой проблемы нету)
[01:43:24] LaNipge (347d9fd5-d990-49a9-9903-2d39a3b73974): у меня всегда была.
[01:43:29] LaNipge (347d9fd5-d990-49a9-9903-2d39a3b73974): на всех подах
[01:44:10] LaNipge (347d9fd5-d990-49a9-9903-2d39a3b73974): какая же энигматика замечательная сборка
[01:44:30] XBOST (ed244ead-df9a-464f-a48f-28478c7d8db3): мы обязаны эту пройти
[01:44:52] XBOST (ed244ead-df9a-464f-a48f-28478c7d8db3): но я пока не понимаю
[01:47:20] LaNipge (347d9fd5-d990-49a9-9903-2d39a3b73974): с астрала ?
[01:47:59] XBOST (ed244ead-df9a-464f-a48f-28478c7d8db3): для чего астрал?
[01:48:18] LaNipge (347d9fd5-d990-49a9-9903-2d39a3b73974): для термалки
[01:50:27] XBOST (ed244ead-df9a-464f-a48f-28478c7d8db3): не хватает хороших квестов
[01:50:29] LaNipge (347d9fd5-d990-49a9-9903-2d39a3b73974): че надо?
[01:50:33] LaNipge (347d9fd5-d990-49a9-9903-2d39a3b73974): искать храм?
[01:50:54] XBOST (ed244ead-df9a-464f-a48f-28478c7d8db3): там гайд надо смотреть наверное
[01:51:00] XBOST (ed244ead-df9a-464f-a48f-28478c7d8db3): чтоб не нубом быть
[01:53:55] XBOST (ed244ead-df9a-464f-a48f-28478c7d8db3): нашел?
[01:53:59] LaNipge (347d9fd5-d990-49a9-9903-2d39a3b73974): da
[01:55:13] LaNipge (347d9fd5-d990-49a9-9903-2d39a3b73974): а ну да
[01:55:16] LaNipge (347d9fd5-d990-49a9-9903-2d39a3b73974): не то нашел
[01:55:24] LaNipge (347d9fd5-d990-49a9-9903-2d39a3b73974): я пошел искать
[01:55:28] LaNipge (347d9fd5-d990-49a9-9903-2d39a3b73974): rtp
[01:56:18] LaNipge (347d9fd5-d990-49a9-9903-2d39a3b73974): базу нашел чью то
[01:56:22] LaNipge (347d9fd5-d990-49a9-9903-2d39a3b73974): базу нашел чью то
[01:59:20] XBOST (ed244ead-df9a-464f-a48f-28478c7d8db3): ебать
[01:59:29] XBOST (ed244ead-df9a-464f-a48f-28478c7d8db3): откуда свинины сток
[01:59:35] LaNipge (347d9fd5-d990-49a9-9903-2d39a3b73974): честно спизженое
[01:59:41] XBOST (ed244ead-df9a-464f-a48f-28478c7d8db3): пон
[01:59:47] LaNipge (347d9fd5-d990-49a9-9903-2d39a3b73974): там же где и старлайт нашел
[02:00:02] LaNipge (347d9fd5-d990-49a9-9903-2d39a3b73974): верстак не сделаем но измельчитель да
[02:01:21] XBOST (ed244ead-df9a-464f-a48f-28478c7d8db3): чувствую себя бесполезным
[02:01:35] LaNipge (347d9fd5-d990-49a9-9903-2d39a3b73974): для чего термалка нужна была
[02:01:54] XBOST (ed244ead-df9a-464f-a48f-28478c7d8db3): та это в принципе по крафтам адекватный мод на старте для нас
[02:02:15] XBOST (ed244ead-df9a-464f-a48f-28478c7d8db3): ща суету сделаю
[02:05:00] LaNipge (347d9fd5-d990-49a9-9903-2d39a3b73974): в ик же есть какой то крафтер
[02:05:10] LaNipge (347d9fd5-d990-49a9-9903-2d39a3b73974): ресы кладешь и забираешь
[02:05:26] XBOST (ed244ead-df9a-464f-a48f-28478c7d8db3): это в новом ик
[02:05:36] LaNipge (347d9fd5-d990-49a9-9903-2d39a3b73974): этот похож на новый
[02:05:40] LaNipge (347d9fd5-d990-49a9-9903-2d39a3b73974): ракеты какие то
[02:06:07] XBOST (ed244ead-df9a-464f-a48f-28478c7d8db3): дай кабеля
[02:06:21] LaNipge (347d9fd5-d990-49a9-9903-2d39a3b73974): там не привата
[02:10:41] XBOST (ed244ead-df9a-464f-a48f-28478c7d8db3): кажется нужна обычная печь
[02:11:19] LaNipge (347d9fd5-d990-49a9-9903-2d39a3b73974): крафты конечно мое почтение
[02:14:04] XBOST (ed244ead-df9a-464f-a48f-28478c7d8db3): ладно,надо начать просто
[02:14:08] LaNipge (347d9fd5-d990-49a9-9903-2d39a3b73974): я электросхему делаю
[02:14:11] LaNipge (347d9fd5-d990-49a9-9903-2d39a3b73974): хз зачем
[02:14:13] LaNipge (347d9fd5-d990-49a9-9903-2d39a3b73974): надо
[02:14:23] LaNipge (347d9fd5-d990-49a9-9903-2d39a3b73974): какой хуя пинг такой
[02:14:26] LaNipge (347d9fd5-d990-49a9-9903-2d39a3b73974): расскажи
[02:14:34] XBOST (ed244ead-df9a-464f-a48f-28478c7d8db3): норм пинг у тебя
[02:14:42] LaNipge (347d9fd5-d990-49a9-9903-2d39a3b73974): да?
[02:14:47] XBOST (ed244ead-df9a-464f-a48f-28478c7d8db3): 47
[02:14:49] LaNipge (347d9fd5-d990-49a9-9903-2d39a3b73974): до российского сервера?
[02:17:27] LaNipge (347d9fd5-d990-49a9-9903-2d39a3b73974): молоток делается из полированной палки
[02:18:07] XBOST (ed244ead-df9a-464f-a48f-28478c7d8db3): фармлю семена
[02:20:26] XBOST (ed244ead-df9a-464f-a48f-28478c7d8db3): я нашел лучше чем семена
[02:23:01] LaNipge (347d9fd5-d990-49a9-9903-2d39a3b73974): а трубы
[02:24:04] LaNipge (347d9fd5-d990-49a9-9903-2d39a3b73974): норм все
[02:24:08] XBOST (ed244ead-df9a-464f-a48f-28478c7d8db3): че
[02:26:53] XBOST (ed244ead-df9a-464f-a48f-28478c7d8db3): обшивки делаб
[02:27:10] LaNipge (347d9fd5-d990-49a9-9903-2d39a3b73974): зачем
[02:27:24] XBOST (ed244ead-df9a-464f-a48f-28478c7d8db3): точно так же как и ты
[02:27:30] LaNipge (347d9fd5-d990-49a9-9903-2d39a3b73974): пон
[02:27:32] XBOST (ed244ead-df9a-464f-a48f-28478c7d8db3): чтоб было
[02:31:31] LaNipge (347d9fd5-d990-49a9-9903-2d39a3b73974): резиа есть?
[02:33:10] XBOST (ed244ead-df9a-464f-a48f-28478c7d8db3): посплю?
[02:34:32] XBOST (ed244ead-df9a-464f-a48f-28478c7d8db3): че там с схемой?
[02:34:41] LaNipge (347d9fd5-d990-49a9-9903-2d39a3b73974): почти
[02:36:56] XBOST (ed244ead-df9a-464f-a48f-28478c7d8db3): олово есть?
[02:37:02] LaNipge (347d9fd5-d990-49a9-9903-2d39a3b73974): нсмть
[02:37:11] XBOST (ed244ead-df9a-464f-a48f-28478c7d8db3): и стекло одно
[02:39:14] XBOST (ed244ead-df9a-464f-a48f-28478c7d8db3): че долго
[02:39:19] XBOST (ed244ead-df9a-464f-a48f-28478c7d8db3): хочу квесты залутать
[02:40:00] LaNipge (347d9fd5-d990-49a9-9903-2d39a3b73974): ты крафт вообще видел?
[02:40:03] XBOST (ed244ead-df9a-464f-a48f-28478c7d8db3): да
[02:41:02] XBOST (ed244ead-df9a-464f-a48f-28478c7d8db3): лучший
[02:41:29] LaNipge (347d9fd5-d990-49a9-9903-2d39a3b73974): вроде чето начинает нравится
[02:41:33] LaNipge (347d9fd5-d990-49a9-9903-2d39a3b73974): ь
[02:41:37] XBOST (ed244ead-df9a-464f-a48f-28478c7d8db3): +
[02:42:08] LaNipge (347d9fd5-d990-49a9-9903-2d39a3b73974): экстрактор бы
[02:42:18] XBOST (ed244ead-df9a-464f-a48f-28478c7d8db3): дай железо
[02:42:19] LaNipge (347d9fd5-d990-49a9-9903-2d39a3b73974): не похоже
[02:42:49] LaNipge (347d9fd5-d990-49a9-9903-2d39a3b73974): сделаю без проблем
[02:42:52] LaNipge (347d9fd5-d990-49a9-9903-2d39a3b73974): ресов пока нет
[02:42:55] LaNipge (347d9fd5-d990-49a9-9903-2d39a3b73974): ждем
[02:43:06] XBOST (ed244ead-df9a-464f-a48f-28478c7d8db3): чего ждать будем?
[02:43:10] LaNipge (347d9fd5-d990-49a9-9903-2d39a3b73974): ресов
[02:46:03] XBOST (ed244ead-df9a-464f-a48f-28478c7d8db3): железо дай
[02:47:25] XBOST (ed244ead-df9a-464f-a48f-28478c7d8db3): опять же выживание до мэ
[02:47:30] XBOST (ed244ead-df9a-464f-a48f-28478c7d8db3): потом один кайф будет
[02:47:35] LaNipge (347d9fd5-d990-49a9-9903-2d39a3b73974): ахаха
[02:47:43] LaNipge (347d9fd5-d990-49a9-9903-2d39a3b73974): я так понимаю тут на неделю до ме
[02:47:54] XBOST (ed244ead-df9a-464f-a48f-28478c7d8db3): тут карьеры прикольные есть какие то
[02:50:20] LaNipge (347d9fd5-d990-49a9-9903-2d39a3b73974): долго будешь?
[02:50:25] XBOST (ed244ead-df9a-464f-a48f-28478c7d8db3): не
[02:50:31] XBOST (ed244ead-df9a-464f-a48f-28478c7d8db3): ливну буквально через пару мин
[02:50:38] LaNipge (347d9fd5-d990-49a9-9903-2d39a3b73974): )
[02:51:41] XBOST (ed244ead-df9a-464f-a48f-28478c7d8db3): и так поздно встану завтра
[02:51:47] XBOST (ed244ead-df9a-464f-a48f-28478c7d8db3): будильник наверное поставлю
[02:51:53] XBOST (ed244ead-df9a-464f-a48f-28478c7d8db3): чтоб до часов 3 не проспать
[02:52:07] LaNipge (347d9fd5-d990-49a9-9903-2d39a3b73974): 66 тогда
[02:52:10] XBOST (ed244ead-df9a-464f-a48f-28478c7d8db3): бб
[09:54:11] XBOST (ed244ead-df9a-464f-a48f-28478c7d8db3): добрый день
[09:54:15] Nergaloff (88da800e-1614-4c65-ace8-c18f7e99e914): привет
[09:59:26] XBOST (ed244ead-df9a-464f-a48f-28478c7d8db3): а что за загрязнение на панелях?
[09:59:53] Nergaloff (88da800e-1614-4c65-ace8-c18f7e99e914): буквально механика загрязнения, хуже вырабатывает энергию. очищается очистителем
[10:00:05] Nergaloff (88da800e-1614-4c65-ace8-c18f7e99e914): ну и модуль на автоочистку есть
[10:00:10] XBOST (ed244ead-df9a-464f-a48f-28478c7d8db3): и еще один вопрос
[10:00:25] XBOST (ed244ead-df9a-464f-a48f-28478c7d8db3): можно ли приват увеличить в будущем
[10:00:31] XBOST (ed244ead-df9a-464f-a48f-28478c7d8db3): а то в одном чанке не очень
[10:00:52] Nergaloff (88da800e-1614-4c65-ace8-c18f7e99e914): у тебя есть 4 привата
[10:01:07] Nergaloff (88da800e-1614-4c65-ace8-c18f7e99e914): в итоге если не ошибаюсь 4х4 чанка выходит
[10:01:13] Nergaloff (88da800e-1614-4c65-ace8-c18f7e99e914): увеличить только донат
[10:01:18] XBOST (ed244ead-df9a-464f-a48f-28478c7d8db3): ну все равно не очень(
[10:11:59] XBOST (ed244ead-df9a-464f-a48f-28478c7d8db3): а мехи взрываются?)
[10:12:03] Nergaloff (88da800e-1614-4c65-ace8-c18f7e99e914): не
[10:12:09] XBOST (ed244ead-df9a-464f-a48f-28478c7d8db3): кайф
[10:12:09] Nergaloff (88da800e-1614-4c65-ace8-c18f7e99e914): трансформаторы не нужны
[10:19:52] XBOST (ed244ead-df9a-464f-a48f-28478c7d8db3): :(
[11:10:11] XBOST (ed244ead-df9a-464f-a48f-28478c7d8db3): если ночь нужно будет,скажи,я не буду скипать
[11:10:25] XBOST (ed244ead-df9a-464f-a48f-28478c7d8db3): а то я на улицы живу,мобы унижают)
[11:10:29] Nergaloff (88da800e-1614-4c65-ace8-c18f7e99e914): понимаю
[11:11:29] XBOST (ed244ead-df9a-464f-a48f-28478c7d8db3): капец тут руд много конечно,не удобно чет
[11:11:42] Nergaloff (88da800e-1614-4c65-ace8-c18f7e99e914): быстро привыкаешь
[11:16:22] XBOST (ed244ead-df9a-464f-a48f-28478c7d8db3): снег нужен,есть биом зимний рядом?
[11:16:43] Nergaloff (88da800e-1614-4c65-ace8-c18f7e99e914): тп
[11:17:01] XBOST (ed244ead-df9a-464f-a48f-28478c7d8db3): sps
[11:46:50] Stxywxthme (6ce0cde9-8c92-4c66-96ad-6bffb9dfc01b): аххааха
[11:46:58] Stxywxthme (6ce0cde9-8c92-4c66-96ad-6bffb9dfc01b): 1111 блоков пробуд дк
[12:19:10] XBOST (ed244ead-df9a-464f-a48f-28478c7d8db3): я афк ес че
[12:19:13] XBOST (ed244ead-df9a-464f-a48f-28478c7d8db3): стричься щас пойду
[12:19:20] XBOST (ed244ead-df9a-464f-a48f-28478c7d8db3): в миллионой очереди сидеть
[12:19:33] XBOST (ed244ead-df9a-464f-a48f-28478c7d8db3): там экстрактор в сундуке большом
[12:19:45] XBOST (ed244ead-df9a-464f-a48f-28478c7d8db3): и на удобную штуку
[12:19:50] XBOST (ed244ead-df9a-464f-a48f-28478c7d8db3): если в шахту пойдешь
[12:20:02] XBOST (ed244ead-df9a-464f-a48f-28478c7d8db3): ток 2 получилось
[12:20:04] XBOST (ed244ead-df9a-464f-a48f-28478c7d8db3): шерсти нету
[12:20:10] XBOST (ed244ead-df9a-464f-a48f-28478c7d8db3): я ушел
[12:20:23] XBOST (ed244ead-df9a-464f-a48f-28478c7d8db3): за дробителем смотри иногда
[12:20:27] XBOST (ed244ead-df9a-464f-a48f-28478c7d8db3): там некоторыне руды не дробятся
[12:21:20] XBOST (ed244ead-df9a-464f-a48f-28478c7d8db3): пригодится поверь)
[12:21:34] LaNipge (347d9fd5-d990-49a9-9903-2d39a3b73974): а че сделать то
[12:22:10] XBOST (ed244ead-df9a-464f-a48f-28478c7d8db3): мехи из ic
[12:22:20] XBOST (ed244ead-df9a-464f-a48f-28478c7d8db3): желательно тот которые делает провода
[12:22:32] XBOST (ed244ead-df9a-464f-a48f-28478c7d8db3): ну и так посмотришь что по надобности надоэ
[12:23:48] XBOST (ed244ead-df9a-464f-a48f-28478c7d8db3): и кста загрязнение это хуйня
[12:24:01] XBOST (ed244ead-df9a-464f-a48f-28478c7d8db3): просто выработка меньше будет
[12:24:08] XBOST (ed244ead-df9a-464f-a48f-28478c7d8db3): она там каким то очистителем убирается
[13:32:09] Apt_bolka (99791d25-cc6a-40d5-9fab-db8d91e26277): привет
[13:33:01] XBOST (ed244ead-df9a-464f-a48f-28478c7d8db3): ОЙ
[13:33:01] Stxywxthme (6ce0cde9-8c92-4c66-96ad-6bffb9dfc01b): привет
[13:33:13] XBOST (ed244ead-df9a-464f-a48f-28478c7d8db3): СОРЯН
[13:33:15] Apt_bolka (99791d25-cc6a-40d5-9fab-db8d91e26277): ты инжектора крафтил с ядром?
[13:33:17] XBOST (ed244ead-df9a-464f-a48f-28478c7d8db3): не думал что тапну
[13:33:21] XBOST (ed244ead-df9a-464f-a48f-28478c7d8db3): че как сумки
[13:33:21] LaNipge (347d9fd5-d990-49a9-9903-2d39a3b73974): зачарится хотел
[13:33:25] LaNipge (347d9fd5-d990-49a9-9903-2d39a3b73974): спс
[13:33:26] XBOST (ed244ead-df9a-464f-a48f-28478c7d8db3): вся руда влезла?
[13:33:37] Stxywxthme (6ce0cde9-8c92-4c66-96ad-6bffb9dfc01b): ядро нет
[13:33:39] XBOST (ed244ead-df9a-464f-a48f-28478c7d8db3): в внигу опыт суй всегда
[13:33:41] Apt_bolka (99791d25-cc6a-40d5-9fab-db8d91e26277): просто щяс инжектора надо
[13:33:46] XBOST (ed244ead-df9a-464f-a48f-28478c7d8db3): она в большом сундуке
[13:33:50] Apt_bolka (99791d25-cc6a-40d5-9fab-db8d91e26277): а чекай
[13:33:51] Stxywxthme (6ce0cde9-8c92-4c66-96ad-6bffb9dfc01b): только само слияник
[13:33:56] XBOST (ed244ead-df9a-464f-a48f-28478c7d8db3): че делаешь щас
[13:34:23] XBOST (ed244ead-df9a-464f-a48f-28478c7d8db3): че делаешь
[13:34:26] LaNipge (347d9fd5-d990-49a9-9903-2d39a3b73974): завод сплавов
[13:34:39] XBOST (ed244ead-df9a-464f-a48f-28478c7d8db3): для стекла?
[13:34:54] XBOST (ed244ead-df9a-464f-a48f-28478c7d8db3): там есть свинцовое стекло укрепленное
[13:34:58] XBOST (ed244ead-df9a-464f-a48f-28478c7d8db3): оно норм крафтится
[13:35:03] XBOST (ed244ead-df9a-464f-a48f-28478c7d8db3): я его делал
[13:35:31] Stxywxthme (6ce0cde9-8c92-4c66-96ad-6bffb9dfc01b): смотри
[13:35:32] XBOST (ed244ead-df9a-464f-a48f-28478c7d8db3): потихоньку пустыню сносить буду
[13:35:43] Apt_bolka (99791d25-cc6a-40d5-9fab-db8d91e26277): ой её ё
[13:35:47] Apt_bolka (99791d25-cc6a-40d5-9fab-db8d91e26277): какой хороший
[13:35:51] Stxywxthme (6ce0cde9-8c92-4c66-96ad-6bffb9dfc01b): ага
[13:35:58] Apt_bolka (99791d25-cc6a-40d5-9fab-db8d91e26277): можеш беспроводную сеть сделать
[13:36:02] Stxywxthme (6ce0cde9-8c92-4c66-96ad-6bffb9dfc01b): сейчас построю норм рудо переработку
[13:36:16] Apt_bolka (99791d25-cc6a-40d5-9fab-db8d91e26277): а всё
[13:36:22] Apt_bolka (99791d25-cc6a-40d5-9fab-db8d91e26277): осталось ядро поставить
[13:36:25] Stxywxthme (6ce0cde9-8c92-4c66-96ad-6bffb9dfc01b): приват
[13:36:29] Apt_bolka (99791d25-cc6a-40d5-9fab-db8d91e26277): а точно
[13:36:51] XBOST (ed244ead-df9a-464f-a48f-28478c7d8db3): в аду бывал кстати уже?
[13:36:53] XBOST (ed244ead-df9a-464f-a48f-28478c7d8db3): там пиздец
[13:37:12] Stxywxthme (6ce0cde9-8c92-4c66-96ad-6bffb9dfc01b): написал в предложку про упрощение крафта сплавов
[13:37:13] Apt_bolka (99791d25-cc6a-40d5-9fab-db8d91e26277): добавил
[13:37:27] XBOST (ed244ead-df9a-464f-a48f-28478c7d8db3): че не разговорчивый какйо
[13:37:31] Stxywxthme (6ce0cde9-8c92-4c66-96ad-6bffb9dfc01b): все
[13:37:39] Stxywxthme (6ce0cde9-8c92-4c66-96ad-6bffb9dfc01b): ты тоже можешь пользоваться
[13:37:44] Apt_bolka (99791d25-cc6a-40d5-9fab-db8d91e26277): ядро ток надо
[13:37:46] LaNipge (347d9fd5-d990-49a9-9903-2d39a3b73974): )
[13:37:47] Stxywxthme (6ce0cde9-8c92-4c66-96ad-6bffb9dfc01b): да
[13:37:53] Stxywxthme (6ce0cde9-8c92-4c66-96ad-6bffb9dfc01b): сделай автокрафт ядра дк
[13:38:03] Apt_bolka (99791d25-cc6a-40d5-9fab-db8d91e26277): ок
[13:38:11] Apt_bolka (99791d25-cc6a-40d5-9fab-db8d91e26277): которые на слияние?
[13:38:15] Stxywxthme (6ce0cde9-8c92-4c66-96ad-6bffb9dfc01b): да
[13:38:17] Apt_bolka (99791d25-cc6a-40d5-9fab-db8d91e26277): Ок
[13:39:51] Apt_bolka (99791d25-cc6a-40d5-9fab-db8d91e26277): сделал
[13:40:00] Stxywxthme (6ce0cde9-8c92-4c66-96ad-6bffb9dfc01b): эмм
[13:40:07] Stxywxthme (6ce0cde9-8c92-4c66-96ad-6bffb9dfc01b): на ядро дк
[13:40:16] Apt_bolka (99791d25-cc6a-40d5-9fab-db8d91e26277): сделал шаблон
[13:40:33] Apt_bolka (99791d25-cc6a-40d5-9fab-db8d91e26277): хм
[13:40:45] Apt_bolka (99791d25-cc6a-40d5-9fab-db8d91e26277): может сразу на дк слияние авто крафт через пакет сделать?
[13:40:49] Stxywxthme (6ce0cde9-8c92-4c66-96ad-6bffb9dfc01b): да
[13:40:51] Stxywxthme (6ce0cde9-8c92-4c66-96ad-6bffb9dfc01b): сделай
[13:40:52] Apt_bolka (99791d25-cc6a-40d5-9fab-db8d91e26277): ок щя
[13:41:48] LaNipge (347d9fd5-d990-49a9-9903-2d39a3b73974): есть порошок ифрита?
[13:42:23] Apt_bolka (99791d25-cc6a-40d5-9fab-db8d91e26277): надо дк пыль
[13:42:40] Apt_bolka (99791d25-cc6a-40d5-9fab-db8d91e26277): а измельчитель всё может)
[13:43:48] Apt_bolka (99791d25-cc6a-40d5-9fab-db8d91e26277): мммм
[13:44:04] Apt_bolka (99791d25-cc6a-40d5-9fab-db8d91e26277): надо сначало Одно пробуждённое ядро чтоб сделать автоматическое
[13:47:24] Stxywxthme (6ce0cde9-8c92-4c66-96ad-6bffb9dfc01b): ладно я пошел
[13:47:24] XBOST (ed244ead-df9a-464f-a48f-28478c7d8db3): кажется тут что то бахнуло
[13:47:31] Apt_bolka (99791d25-cc6a-40d5-9fab-db8d91e26277): ок
[13:47:32] XBOST (ed244ead-df9a-464f-a48f-28478c7d8db3): давай
[13:47:33] Stxywxthme (6ce0cde9-8c92-4c66-96ad-6bffb9dfc01b): буду через 2-3
[13:47:36] Apt_bolka (99791d25-cc6a-40d5-9fab-db8d91e26277): удачи
[13:48:00] LaNipge (347d9fd5-d990-49a9-9903-2d39a3b73974): мб у тебя есть порошок ифртиа?
[13:48:09] XBOST (ed244ead-df9a-464f-a48f-28478c7d8db3): tp на хом
[13:48:25] XBOST (ed244ead-df9a-464f-a48f-28478c7d8db3): из магмовой слизи делается
[13:48:27] XBOST (ed244ead-df9a-464f-a48f-28478c7d8db3): не забывай
[13:48:35] XBOST (ed244ead-df9a-464f-a48f-28478c7d8db3): она легко фармится
[13:48:48] XBOST (ed244ead-df9a-464f-a48f-28478c7d8db3): так че
[13:48:54] XBOST (ed244ead-df9a-464f-a48f-28478c7d8db3): эта руда вся в сумки кладется
[13:49:01] XBOST (ed244ead-df9a-464f-a48f-28478c7d8db3): мне делать миллион суок
[13:49:03] LaNipge (347d9fd5-d990-49a9-9903-2d39a3b73974): хз
[13:49:09] LaNipge (347d9fd5-d990-49a9-9903-2d39a3b73974): я немного копал
[13:49:09] XBOST (ed244ead-df9a-464f-a48f-28478c7d8db3): скинь сумки
[13:49:12] LaNipge (347d9fd5-d990-49a9-9903-2d39a3b73974): туда все летит
[13:49:18] LaNipge (347d9fd5-d990-49a9-9903-2d39a3b73974): и кварц и ред
[13:49:28] XBOST (ed244ead-df9a-464f-a48f-28478c7d8db3): крч делаю
[13:51:39] XBOST (ed244ead-df9a-464f-a48f-28478c7d8db3): из нее еще можно выгружать все
[13:57:21] XBOST (ed244ead-df9a-464f-a48f-28478c7d8db3): сундук чисто для сумок
[13:57:32] XBOST (ed244ead-df9a-464f-a48f-28478c7d8db3): закинь свои
[13:57:46] LaNipge (347d9fd5-d990-49a9-9903-2d39a3b73974): у меня нет ниче
[13:57:52] XBOST (ed244ead-df9a-464f-a48f-28478c7d8db3): я тебе 2 сумки давал
[13:58:25] XBOST (ed244ead-df9a-464f-a48f-28478c7d8db3): че делаешь
[13:58:28] XBOST (ed244ead-df9a-464f-a48f-28478c7d8db3): завод?
[13:58:35] LaNipge (347d9fd5-d990-49a9-9903-2d39a3b73974): да пизда
[13:58:41] LaNipge (347d9fd5-d990-49a9-9903-2d39a3b73974): я ну как
[13:58:42] XBOST (ed244ead-df9a-464f-a48f-28478c7d8db3): секс крафты
[13:58:56] XBOST (ed244ead-df9a-464f-a48f-28478c7d8db3): буду экструдер делать
[13:58:57] LaNipge (347d9fd5-d990-49a9-9903-2d39a3b73974): я 2 часа крафчу
[13:59:06] XBOST (ed244ead-df9a-464f-a48f-28478c7d8db3): я 2 часа экстрактор делал
[13:59:08] LaNipge (347d9fd5-d990-49a9-9903-2d39a3b73974): и только щас поял что не сделаю
[13:59:50] XBOST (ed244ead-df9a-464f-a48f-28478c7d8db3): zzz
[14:00:43] LaNipge (347d9fd5-d990-49a9-9903-2d39a3b73974): слотов не хватает
[14:01:02] XBOST (ed244ead-df9a-464f-a48f-28478c7d8db3): тут какой то нагрев
[14:01:35] XBOST (ed244ead-df9a-464f-a48f-28478c7d8db3): а если механизм перегреется то он взорвется?
[14:01:40] Nergaloff (88da800e-1614-4c65-ace8-c18f7e99e914): нет
[14:01:49] XBOST (ed244ead-df9a-464f-a48f-28478c7d8db3): работать просто перестанет?
[14:01:54] Nergaloff (88da800e-1614-4c65-ace8-c18f7e99e914): угу
[14:01:59] XBOST (ed244ead-df9a-464f-a48f-28478c7d8db3): а ну норм
[14:11:04] XBOST (ed244ead-df9a-464f-a48f-28478c7d8db3): zzz
[14:13:22] XBOST (ed244ead-df9a-464f-a48f-28478c7d8db3): 6 железа осталось
[14:14:16] LaNipge (347d9fd5-d990-49a9-9903-2d39a3b73974): а золото
[14:17:06] LaNipge (347d9fd5-d990-49a9-9903-2d39a3b73974): а золото есть
[14:17:10] XBOST (ed244ead-df9a-464f-a48f-28478c7d8db3): 3 шт
[14:17:47] XBOST (ed244ead-df9a-464f-a48f-28478c7d8db3): а все мне золота не хватает
[14:17:52] XBOST (ed244ead-df9a-464f-a48f-28478c7d8db3): я в шахту крч
[14:18:16] XBOST (ed244ead-df9a-464f-a48f-28478c7d8db3): не трогай из этого сундука ничего ес че
[14:18:20] XBOST (ed244ead-df9a-464f-a48f-28478c7d8db3): там где схемы лежат
[14:18:52] XBOST (ed244ead-df9a-464f-a48f-28478c7d8db3): забираю все железо
[14:32:40] XBOST (ed244ead-df9a-464f-a48f-28478c7d8db3): на какой высоте золото чаще всего попадаетсяэ
[14:33:18] LaNipge (347d9fd5-d990-49a9-9903-2d39a3b73974): 5-28
[14:33:24] XBOST (ed244ead-df9a-464f-a48f-28478c7d8db3): нашел
[14:34:21] Apt_bolka (99791d25-cc6a-40d5-9fab-db8d91e26277): у кого есть 1 эндермен?
[14:34:48] Apt_bolka (99791d25-cc6a-40d5-9fab-db8d91e26277): или ферма мобов
[14:36:33] XBOST (ed244ead-df9a-464f-a48f-28478c7d8db3): che
[14:36:38] XBOST (ed244ead-df9a-464f-a48f-28478c7d8db3): на
[14:37:12] XBOST (ed244ead-df9a-464f-a48f-28478c7d8db3): у меня железо кончилось чтоб чинится если что
[14:37:26] LaNipge (347d9fd5-d990-49a9-9903-2d39a3b73974): дай наплавлю и приду
[14:37:51] XBOST (ed244ead-df9a-464f-a48f-28478c7d8db3): помоги вытащить все лишнее
[14:38:34] LaNipge (347d9fd5-d990-49a9-9903-2d39a3b73974): че оно не идет
[14:38:40] XBOST (ed244ead-df9a-464f-a48f-28478c7d8db3): всм
[14:38:51] LaNipge (347d9fd5-d990-49a9-9903-2d39a3b73974): измельчитель
[14:40:31] XBOST (ed244ead-df9a-464f-a48f-28478c7d8db3): пол стака хватит?
[14:41:08] XBOST (ed244ead-df9a-464f-a48f-28478c7d8db3): я пошел копать крч
[14:41:21] LaNipge (347d9fd5-d990-49a9-9903-2d39a3b73974): дай починиться
[14:41:47] XBOST (ed244ead-df9a-464f-a48f-28478c7d8db3): ниже 28 надофц
[14:42:21] XBOST (ed244ead-df9a-464f-a48f-28478c7d8db3): выше надо
[14:42:36] XBOST (ed244ead-df9a-464f-a48f-28478c7d8db3): на 5 хотя б
[14:44:06] Apt_bolka (99791d25-cc6a-40d5-9fab-db8d91e26277): Для кристала края
[14:44:29] Apt_bolka (99791d25-cc6a-40d5-9fab-db8d91e26277): уже всё равно выхожу ток вечером зайду
[14:44:56] XBOST (ed244ead-df9a-464f-a48f-28478c7d8db3): книга на автоплавку
[15:42:31] XBOST (ed244ead-df9a-464f-a48f-28478c7d8db3): производитель схем щас сделаюц
[15:50:14] XBOST (ed244ead-df9a-464f-a48f-28478c7d8db3): как называется
[15:50:21] LaNipge (347d9fd5-d990-49a9-9903-2d39a3b73974): время в бутылке
[15:50:52] LaNipge (347d9fd5-d990-49a9-9903-2d39a3b73974): работает
[15:50:54] LaNipge (347d9fd5-d990-49a9-9903-2d39a3b73974): збс
[15:51:03] LaNipge (347d9fd5-d990-49a9-9903-2d39a3b73974): скрафти пускай копиться
[15:51:15] XBOST (ed244ead-df9a-464f-a48f-28478c7d8db3): ща
[15:51:43] XBOST (ed244ead-df9a-464f-a48f-28478c7d8db3): пузырек есть?
[16:05:25] LaNipge (347d9fd5-d990-49a9-9903-2d39a3b73974): пошел алтарь искать
[16:31:27] XBOST (ed244ead-df9a-464f-a48f-28478c7d8db3): Nergaloff как холодильник работает?
[16:32:08] XBOST (ed244ead-df9a-464f-a48f-28478c7d8db3): я еще не скрафтил его,хочу понятно просто как работает
[16:32:18] XBOST (ed244ead-df9a-464f-a48f-28478c7d8db3): одного холодильника на все мехи хватит?
[16:32:25] XBOST (ed244ead-df9a-464f-a48f-28478c7d8db3): ну у меня немного их в данный момент
[16:32:50] Nergaloff (88da800e-1614-4c65-ace8-c18f7e99e914): хватит
[16:33:11] XBOST (ed244ead-df9a-464f-a48f-28478c7d8db3): холодильник буду делать
[16:33:15] LaNipge (347d9fd5-d990-49a9-9903-2d39a3b73974): не нашел
[16:33:44] Nergaloff (88da800e-1614-4c65-ace8-c18f7e99e914): в интерфейсе температуру регулируешь, можешь ставить вплотную к механизмам, чтоб охлаждал, можешь трубы использовать
[16:33:53] Nergaloff (88da800e-1614-4c65-ace8-c18f7e99e914): нагреватель работает аналогично
[16:42:46] LaNipge (347d9fd5-d990-49a9-9903-2d39a3b73974): я не знаю че делать
[16:42:54] XBOST (ed244ead-df9a-464f-a48f-28478c7d8db3): мехи
[16:43:06] LaNipge (347d9fd5-d990-49a9-9903-2d39a3b73974): скажи какие
[16:43:41] XBOST (ed244ead-df9a-464f-a48f-28478c7d8db3): электрический нагреватель
[16:46:53] LaNipge (347d9fd5-d990-49a9-9903-2d39a3b73974): там одни уроды
[16:48:19] XBOST (ed244ead-df9a-464f-a48f-28478c7d8db3): поспи
[16:49:14] XBOST (ed244ead-df9a-464f-a48f-28478c7d8db3): zzz
[16:53:57] XBOST (ed244ead-df9a-464f-a48f-28478c7d8db3): электрический нагреватель
[16:54:01] XBOST (ed244ead-df9a-464f-a48f-28478c7d8db3): его сделай
[16:54:09] LaNipge (347d9fd5-d990-49a9-9903-2d39a3b73974): я услышал с 1 раза
[16:54:16] LaNipge (347d9fd5-d990-49a9-9903-2d39a3b73974): ходил за говном для батарейки
[16:54:22] XBOST (ed244ead-df9a-464f-a48f-28478c7d8db3): она была у нас
[16:54:28] XBOST (ed244ead-df9a-464f-a48f-28478c7d8db3): 24 шт
[16:54:29] LaNipge (347d9fd5-d990-49a9-9903-2d39a3b73974): (
[16:54:39] XBOST (ed244ead-df9a-464f-a48f-28478c7d8db3): че как взорвался?)
[16:54:46] LaNipge (347d9fd5-d990-49a9-9903-2d39a3b73974): прикольно
[16:57:03] LaNipge (347d9fd5-d990-49a9-9903-2d39a3b73974): хорус нужен
[16:57:13] XBOST (ed244ead-df9a-464f-a48f-28478c7d8db3): для чего?
[16:57:23] LaNipge (347d9fd5-d990-49a9-9903-2d39a3b73974): мелодик капаситор
[16:57:41] LaNipge (347d9fd5-d990-49a9-9903-2d39a3b73974): крафт там конечно топ
[16:58:19] XBOST (ed244ead-df9a-464f-a48f-28478c7d8db3): нихуя там крафт сексуальный
[16:58:23] LaNipge (347d9fd5-d990-49a9-9903-2d39a3b73974): ну да
[16:59:51] XBOST (ed244ead-df9a-464f-a48f-28478c7d8db3): warp end
[17:15:15] LaNipge (347d9fd5-d990-49a9-9903-2d39a3b73974): светопыль естть?
[17:15:20] XBOST (ed244ead-df9a-464f-a48f-28478c7d8db3): неа
[17:15:23] LaNipge (347d9fd5-d990-49a9-9903-2d39a3b73974): )
[17:17:58] XBOST (ed244ead-df9a-464f-a48f-28478c7d8db3): дай 2 блока скрафчу
[17:18:27] LaNipge (347d9fd5-d990-49a9-9903-2d39a3b73974): ой
[17:18:32] XBOST (ed244ead-df9a-464f-a48f-28478c7d8db3): че
[17:26:57] XBOST (ed244ead-df9a-464f-a48f-28478c7d8db3): ждун типо?
[17:27:13] LaNipge (347d9fd5-d990-49a9-9903-2d39a3b73974): я буду тут 30 лет ждать
[17:27:21] LaNipge (347d9fd5-d990-49a9-9903-2d39a3b73974): а потом еще 60 на другой сплав
[17:27:31] XBOST (ed244ead-df9a-464f-a48f-28478c7d8db3): бывает,я пол дня пару мехов делаю
[17:43:27] LaNipge (347d9fd5-d990-49a9-9903-2d39a3b73974): сделай конвертер как освободишься
[17:44:31] LaNipge (347d9fd5-d990-49a9-9903-2d39a3b73974): это точно так работает?*
[17:44:35] XBOST (ed244ead-df9a-464f-a48f-28478c7d8db3): нет
[17:44:42] LaNipge (347d9fd5-d990-49a9-9903-2d39a3b73974): трубами же вроде
[17:44:45] XBOST (ed244ead-df9a-464f-a48f-28478c7d8db3): да
[17:44:47] XBOST (ed244ead-df9a-464f-a48f-28478c7d8db3): посмотри крафт
[17:45:01] LaNipge (347d9fd5-d990-49a9-9903-2d39a3b73974): вплотную тогда поставь
[17:45:02] LaNipge (347d9fd5-d990-49a9-9903-2d39a3b73974): ?
