[00:21:17] Nindly (3196f6ce-0e2b-41e1-8fe5-97e8a4e07927): Есть кто ?
[01:32:07] Nindly (3196f6ce-0e2b-41e1-8fe5-97e8a4e07927): q
[04:55:26] Nindly (3196f6ce-0e2b-41e1-8fe5-97e8a4e07927): rtp
[06:30:26] Stxywxthme (6ce0cde9-8c92-4c66-96ad-6bffb9dfc01b): ку
[06:30:31] Nindly (3196f6ce-0e2b-41e1-8fe5-97e8a4e07927): q
[06:30:42] Nindly (3196f6ce-0e2b-41e1-8fe5-97e8a4e07927): У тебя с тпс всё в порядке ?
[06:30:46] Stxywxthme (6ce0cde9-8c92-4c66-96ad-6bffb9dfc01b): да
[06:51:19] Stxywxthme (6ce0cde9-8c92-4c66-96ad-6bffb9dfc01b): )
[06:59:46] Stxywxthme (6ce0cde9-8c92-4c66-96ad-6bffb9dfc01b): да я на сервере
[07:03:16] ProCto_DS (d3139add-473e-468f-9582-8b46bb0e237c): qq
[07:03:21] Stxywxthme (6ce0cde9-8c92-4c66-96ad-6bffb9dfc01b): re
[07:05:43] ProCto_DS (d3139add-473e-468f-9582-8b46bb0e237c): готовлюсь к реле)
[07:06:08] Stxywxthme (6ce0cde9-8c92-4c66-96ad-6bffb9dfc01b): о
[07:06:43] ProCto_DS (d3139add-473e-468f-9582-8b46bb0e237c): ?
[07:06:58] Stxywxthme (6ce0cde9-8c92-4c66-96ad-6bffb9dfc01b): можно эктоплазмы?
[07:07:05] ProCto_DS (d3139add-473e-468f-9582-8b46bb0e237c): Пойдёт?
[07:07:11] Stxywxthme (6ce0cde9-8c92-4c66-96ad-6bffb9dfc01b): с него выпадет?
[07:07:18] ProCto_DS (d3139add-473e-468f-9582-8b46bb0e237c): Ща посмотрю в инете)
[07:07:41] Stxywxthme (6ce0cde9-8c92-4c66-96ad-6bffb9dfc01b): в джеи написано что падает
[07:08:59] ProCto_DS (d3139add-473e-468f-9582-8b46bb0e237c): Ну да
[07:09:00] Stxywxthme (6ce0cde9-8c92-4c66-96ad-6bffb9dfc01b): амулет вис у тебя видно
[07:09:03] ProCto_DS (d3139add-473e-468f-9582-8b46bb0e237c): Это я видел
[07:09:10] ProCto_DS (d3139add-473e-468f-9582-8b46bb0e237c): да)
[07:09:19] ProCto_DS (d3139add-473e-468f-9582-8b46bb0e237c): Это заряжает и еще предметы)
[07:09:40] ProCto_DS (d3139add-473e-468f-9582-8b46bb0e237c): Ну чем его ломать
[07:09:42] ProCto_DS (d3139add-473e-468f-9582-8b46bb0e237c): чтоб выпало
[07:09:48] Stxywxthme (6ce0cde9-8c92-4c66-96ad-6bffb9dfc01b): хз
[07:09:52] ProCto_DS (d3139add-473e-468f-9582-8b46bb0e237c): Эти деревья пп как долго растут
[07:09:56] ProCto_DS (d3139add-473e-468f-9582-8b46bb0e237c): И ускорить незя
[07:10:03] ProCto_DS (d3139add-473e-468f-9582-8b46bb0e237c): Хотя мотыгой роста мона попробавать
[07:10:05] ProCto_DS (d3139add-473e-468f-9582-8b46bb0e237c): Из таума
[07:10:06] Stxywxthme (6ce0cde9-8c92-4c66-96ad-6bffb9dfc01b): бутылки
[07:10:09] ProCto_DS (d3139add-473e-468f-9582-8b46bb0e237c): Не робит
[07:10:12] ProCto_DS (d3139add-473e-468f-9582-8b46bb0e237c): Пробовал
[07:10:15] Stxywxthme (6ce0cde9-8c92-4c66-96ad-6bffb9dfc01b): у меня там 11 часов
[07:10:20] ProCto_DS (d3139add-473e-468f-9582-8b46bb0e237c): бл чем сломаь
[07:10:35] Stxywxthme (6ce0cde9-8c92-4c66-96ad-6bffb9dfc01b): дай доступ к привату
[07:11:02] ProCto_DS (d3139add-473e-468f-9582-8b46bb0e237c): Отойдии
[07:11:45] ProCto_DS (d3139add-473e-468f-9582-8b46bb0e237c): Что выпало
[07:11:55] ProCto_DS (d3139add-473e-468f-9582-8b46bb0e237c): Что выпало?
[07:12:05] ProCto_DS (d3139add-473e-468f-9582-8b46bb0e237c): я знаю что не бревно...
[07:12:27] ProCto_DS (d3139add-473e-468f-9582-8b46bb0e237c): бл
[07:12:30] ProCto_DS (d3139add-473e-468f-9582-8b46bb0e237c): Выруби магнит
[07:12:51] ProCto_DS (d3139add-473e-468f-9582-8b46bb0e237c): Дайка 2 саженца
[07:13:01] ProCto_DS (d3139add-473e-468f-9582-8b46bb0e237c): Ост себе оставь)
[07:13:02] ProCto_DS (d3139add-473e-468f-9582-8b46bb0e237c): Подарок)
[07:13:10] ProCto_DS (d3139add-473e-468f-9582-8b46bb0e237c): Бляя ночь
[07:13:19] Stxywxthme (6ce0cde9-8c92-4c66-96ad-6bffb9dfc01b): )
[07:14:22] ProCto_DS (d3139add-473e-468f-9582-8b46bb0e237c): Бляя
[07:27:31] ProCto_DS (d3139add-473e-468f-9582-8b46bb0e237c): повер
[07:27:36] Stxywxthme (6ce0cde9-8c92-4c66-96ad-6bffb9dfc01b): ?
[07:27:39] ProCto_DS (d3139add-473e-468f-9582-8b46bb0e237c): я посмотрел про этот сажанец
[07:28:08] ProCto_DS (d3139add-473e-468f-9582-8b46bb0e237c): с него выпадает плазма эта, но очень редко и мало, поэтому рекомендуется сажать много таких деревьев
[07:28:15] Stxywxthme (6ce0cde9-8c92-4c66-96ad-6bffb9dfc01b): ок
[07:28:19] ProCto_DS (d3139add-473e-468f-9582-8b46bb0e237c): чтоб был профит
[07:31:08] ProCto_DS (d3139add-473e-468f-9582-8b46bb0e237c): Ща будем таум воскорещать)
[07:31:48] Stxywxthme (6ce0cde9-8c92-4c66-96ad-6bffb9dfc01b): квантовый буфер хранит 1024 миллиона маны
[07:31:53] ProCto_DS (d3139add-473e-468f-9582-8b46bb0e237c): чаго нах
[07:32:20] Stxywxthme (6ce0cde9-8c92-4c66-96ad-6bffb9dfc01b): типа 1024 бассейна обычных
[07:32:24] ProCto_DS (d3139add-473e-468f-9582-8b46bb0e237c): пон
[07:34:27] ProCto_DS (d3139add-473e-468f-9582-8b46bb0e237c): НИХУЯ
[07:34:34] Stxywxthme (6ce0cde9-8c92-4c66-96ad-6bffb9dfc01b): ?
[07:34:40] ProCto_DS (d3139add-473e-468f-9582-8b46bb0e237c): я не знал что эти реле на сток многа света дают
[07:34:48] Stxywxthme (6ce0cde9-8c92-4c66-96ad-6bffb9dfc01b): а да
[07:35:17] ProCto_DS (d3139add-473e-468f-9582-8b46bb0e237c): алтарь полностью заполнен...
[07:37:40] Stxywxthme (6ce0cde9-8c92-4c66-96ad-6bffb9dfc01b): да на него нужно кучу ресов
[07:37:53] Stxywxthme (6ce0cde9-8c92-4c66-96ad-6bffb9dfc01b): лучше 2 кв буфера чем твой асгард
[07:38:16] Stxywxthme (6ce0cde9-8c92-4c66-96ad-6bffb9dfc01b): террасталь заебешься создавать
[07:38:25] ProCto_DS (d3139add-473e-468f-9582-8b46bb0e237c): А терь звездный метал тоесть его руды через
[07:38:31] ProCto_DS (d3139add-473e-468f-9582-8b46bb0e237c): кристальную линзу фармить?
[07:38:55] Stxywxthme (6ce0cde9-8c92-4c66-96ad-6bffb9dfc01b): хочу мультиблок создающий террасталь
[07:46:09] ProCto_DS (d3139add-473e-468f-9582-8b46bb0e237c): Повер
[07:46:13] Stxywxthme (6ce0cde9-8c92-4c66-96ad-6bffb9dfc01b): ?
[07:46:14] ProCto_DS (d3139add-473e-468f-9582-8b46bb0e237c): таумоникон
[07:46:16] ProCto_DS (d3139add-473e-468f-9582-8b46bb0e237c): или как там он
[07:46:20] ProCto_DS (d3139add-473e-468f-9582-8b46bb0e237c): есть у те?
[07:46:59] Stxywxthme (6ce0cde9-8c92-4c66-96ad-6bffb9dfc01b): матрица
[07:47:16] ProCto_DS (d3139add-473e-468f-9582-8b46bb0e237c): ебббой
[07:47:21] ProCto_DS (d3139add-473e-468f-9582-8b46bb0e237c): Хммм
[07:47:21] Stxywxthme (6ce0cde9-8c92-4c66-96ad-6bffb9dfc01b): стабильно
[07:47:23] Stxywxthme (6ce0cde9-8c92-4c66-96ad-6bffb9dfc01b): 0
[07:47:28] ProCto_DS (d3139add-473e-468f-9582-8b46bb0e237c): Та она пиздит)
[07:47:31] ProCto_DS (d3139add-473e-468f-9582-8b46bb0e237c): Нестабильная она)
[07:47:36] ProCto_DS (d3139add-473e-468f-9582-8b46bb0e237c): Найдётся гнилая плоть)
[07:47:39] ProCto_DS (d3139add-473e-468f-9582-8b46bb0e237c): Она теж не нужна)
[07:48:53] ProCto_DS (d3139add-473e-468f-9582-8b46bb0e237c): кст
[07:48:54] Stxywxthme (6ce0cde9-8c92-4c66-96ad-6bffb9dfc01b): yf
[07:48:57] ProCto_DS (d3139add-473e-468f-9582-8b46bb0e237c): Это баг с кирпичами
[07:49:02] ProCto_DS (d3139add-473e-468f-9582-8b46bb0e237c): он пиздец ща как поможет
[07:49:04] Stxywxthme (6ce0cde9-8c92-4c66-96ad-6bffb9dfc01b): lf
[07:49:08] ProCto_DS (d3139add-473e-468f-9582-8b46bb0e237c): отойди
[07:49:08] Stxywxthme (6ce0cde9-8c92-4c66-96ad-6bffb9dfc01b): аспекты?
[07:49:41] Stxywxthme (6ce0cde9-8c92-4c66-96ad-6bffb9dfc01b): маг жир
[07:49:44] ProCto_DS (d3139add-473e-468f-9582-8b46bb0e237c): +
[07:50:04] ProCto_DS (d3139add-473e-468f-9582-8b46bb0e237c): Ебаать
[07:50:08] Stxywxthme (6ce0cde9-8c92-4c66-96ad-6bffb9dfc01b): ?
[07:50:17] ProCto_DS (d3139add-473e-468f-9582-8b46bb0e237c): матрица 100 проц будет стабализирована)_
[07:50:21] Stxywxthme (6ce0cde9-8c92-4c66-96ad-6bffb9dfc01b): ааа
[07:50:46] ProCto_DS (d3139add-473e-468f-9582-8b46bb0e237c): Хах
[07:50:52] ProCto_DS (d3139add-473e-468f-9582-8b46bb0e237c): чанк полностью заражён
[07:51:02] Stxywxthme (6ce0cde9-8c92-4c66-96ad-6bffb9dfc01b): нет заражения
[07:51:12] Stxywxthme (6ce0cde9-8c92-4c66-96ad-6bffb9dfc01b): отключено
[07:51:14] ProCto_DS (d3139add-473e-468f-9582-8b46bb0e237c): Ну да
[07:51:17] ProCto_DS (d3139add-473e-468f-9582-8b46bb0e237c): Еслиб была
[07:51:23] ProCto_DS (d3139add-473e-468f-9582-8b46bb0e237c): То база полностью была в семях
[07:51:25] ProCto_DS (d3139add-473e-468f-9582-8b46bb0e237c): Разломах)
[07:51:47] ProCto_DS (d3139add-473e-468f-9582-8b46bb0e237c): хмм
[07:51:51] ProCto_DS (d3139add-473e-468f-9582-8b46bb0e237c): Терь красители нужны
[07:51:56] ProCto_DS (d3139add-473e-468f-9582-8b46bb0e237c): Эт я сам
[07:52:13] Stxywxthme (6ce0cde9-8c92-4c66-96ad-6bffb9dfc01b): у меня есть какао бобы
[08:15:40] ProCto_DS (d3139add-473e-468f-9582-8b46bb0e237c): А чё кристальная линза не делает звездное железо
[08:15:46] Stxywxthme (6ce0cde9-8c92-4c66-96ad-6bffb9dfc01b): хз
[08:17:25] ProCto_DS (d3139add-473e-468f-9582-8b46bb0e237c): зайдёшь*?
[08:18:19] ProCto_DS (d3139add-473e-468f-9582-8b46bb0e237c): а это руда долга будет создаваться?
[08:18:39] ProCto_DS (d3139add-473e-468f-9582-8b46bb0e237c): оооо
[08:18:42] ProCto_DS (d3139add-473e-468f-9582-8b46bb0e237c): Довольно быстро
[08:19:56] Stxywxthme (6ce0cde9-8c92-4c66-96ad-6bffb9dfc01b): 30 блоков триберума
[08:22:10] Stxywxthme (6ce0cde9-8c92-4c66-96ad-6bffb9dfc01b): 54 блоков вышло
[08:31:53] Stxywxthme (6ce0cde9-8c92-4c66-96ad-6bffb9dfc01b): лучше заменять
[08:31:59] Stxywxthme (6ce0cde9-8c92-4c66-96ad-6bffb9dfc01b): гаджетом
[08:32:19] Stxywxthme (6ce0cde9-8c92-4c66-96ad-6bffb9dfc01b): никогда не подводит
[08:33:54] ProCto_DS (d3139add-473e-468f-9582-8b46bb0e237c): эээ
[08:45:12] ProCto_DS (d3139add-473e-468f-9582-8b46bb0e237c): оп
[08:45:15] ProCto_DS (d3139add-473e-468f-9582-8b46bb0e237c): )
[08:45:18] _reflexed (a4982e19-bdcc-40a7-a685-78ee1c50ad23): ку
[08:45:21] ProCto_DS (d3139add-473e-468f-9582-8b46bb0e237c): ку
[08:50:22] ProCto_DS (d3139add-473e-468f-9582-8b46bb0e237c): аптечка
[08:50:32] _reflexed (a4982e19-bdcc-40a7-a685-78ee1c50ad23): ?
[08:50:51] ProCto_DS (d3139add-473e-468f-9582-8b46bb0e237c): Для вклдаки потусторонее
[08:50:58] ProCto_DS (d3139add-473e-468f-9582-8b46bb0e237c): Нужно изучить чтот из постотного
[08:51:19] ProCto_DS (d3139add-473e-468f-9582-8b46bb0e237c): изучить что-то, что имеет происхождение из пустоты
[08:51:25] ProCto_DS (d3139add-473e-468f-9582-8b46bb0e237c): но что...
[08:51:30] _reflexed (a4982e19-bdcc-40a7-a685-78ee1c50ad23): Ты взял исследование из квеста?
[08:51:36] ProCto_DS (d3139add-473e-468f-9582-8b46bb0e237c): Там не даётся
[09:01:21] ProCto_DS (d3139add-473e-468f-9582-8b46bb0e237c): Что делать то((
[09:10:19] _reflexed (a4982e19-bdcc-40a7-a685-78ee1c50ad23): ?
[09:10:25] ProCto_DS (d3139add-473e-468f-9582-8b46bb0e237c): просто
[09:10:35] ProCto_DS (d3139add-473e-468f-9582-8b46bb0e237c): А чё тут плоска
[09:10:40] _reflexed (a4982e19-bdcc-40a7-a685-78ee1c50ad23): Плоский мир прост
[09:12:17] ProCto_DS (d3139add-473e-468f-9582-8b46bb0e237c): Чисто терь ждать ночь
[09:12:20] ProCto_DS (d3139add-473e-468f-9582-8b46bb0e237c): зашибись
[09:53:45] ProCto_DS (d3139add-473e-468f-9582-8b46bb0e237c): )
[09:55:43] Nergaloff (88da800e-1614-4c65-ace8-c18f7e99e914): ?
[09:55:49] ProCto_DS (d3139add-473e-468f-9582-8b46bb0e237c): купить одну штуку
[09:55:53] ProCto_DS (d3139add-473e-468f-9582-8b46bb0e237c): прими
[09:56:08] ProCto_DS (d3139add-473e-468f-9582-8b46bb0e237c): Горный кристал найдётся?
[09:56:17] ProCto_DS (d3139add-473e-468f-9582-8b46bb0e237c): Ну там неск штук)
[09:56:25] Nergaloff (88da800e-1614-4c65-ace8-c18f7e99e914): удачей сломай
[09:56:33] ProCto_DS (d3139add-473e-468f-9582-8b46bb0e237c): спс
[09:56:37] ProCto_DS (d3139add-473e-468f-9582-8b46bb0e237c): Вот тут сломаю)
[09:58:34] ProCto_DS (d3139add-473e-468f-9582-8b46bb0e237c): сюдаа
[10:05:50] ProCto_DS (d3139add-473e-468f-9582-8b46bb0e237c): каеф
[10:09:07] ProCto_DS (d3139add-473e-468f-9582-8b46bb0e237c): Русский покинул чат
[10:10:00] ProCto_DS (d3139add-473e-468f-9582-8b46bb0e237c): ?
[10:13:34] ProCto_DS (d3139add-473e-468f-9582-8b46bb0e237c): Nergaloff, мрамор продашь?
[10:13:57] Nergaloff (88da800e-1614-4c65-ace8-c18f7e99e914): накопай
[10:14:11] Nergaloff (88da800e-1614-4c65-ace8-c18f7e99e914): у меня нет
[10:14:14] ProCto_DS (d3139add-473e-468f-9582-8b46bb0e237c): )
[10:14:31] ProCto_DS (d3139add-473e-468f-9582-8b46bb0e237c): для алтаря настройки его дохера нада)
[10:14:42] Nergaloff (88da800e-1614-4c65-ace8-c18f7e99e914): его для мода в принципе дохера надо
[10:19:38] ProCto_DS (d3139add-473e-468f-9582-8b46bb0e237c): ничёсе, я красивый остров нашёл
[11:06:31] _reflexed (a4982e19-bdcc-40a7-a685-78ee1c50ad23): Я вернулся
[11:09:20] Stxywxthme (6ce0cde9-8c92-4c66-96ad-6bffb9dfc01b): ок
[11:09:39] Stxywxthme (6ce0cde9-8c92-4c66-96ad-6bffb9dfc01b): ку
[11:19:34] _reflexed (a4982e19-bdcc-40a7-a685-78ee1c50ad23): Уххх
[11:19:40] _reflexed (a4982e19-bdcc-40a7-a685-78ee1c50ad23): Зачем тебе столько молний?
[11:19:49] Stxywxthme (6ce0cde9-8c92-4c66-96ad-6bffb9dfc01b): лилия рейка
[11:19:58] _reflexed (a4982e19-bdcc-40a7-a685-78ee1c50ad23): Ясно
[11:20:52] _reflexed (a4982e19-bdcc-40a7-a685-78ee1c50ad23): И сколько дает маны?
[11:21:00] Stxywxthme (6ce0cde9-8c92-4c66-96ad-6bffb9dfc01b): очень много
[11:21:07] _reflexed (a4982e19-bdcc-40a7-a685-78ee1c50ad23): 250к маны за алмаз или что?
[11:21:21] Stxywxthme (6ce0cde9-8c92-4c66-96ad-6bffb9dfc01b): гдето 5 бассейнов
[11:21:26] _reflexed (a4982e19-bdcc-40a7-a685-78ee1c50ad23): 0_0
[11:21:26] Stxywxthme (6ce0cde9-8c92-4c66-96ad-6bffb9dfc01b): с 1 серенады
[11:21:46] _reflexed (a4982e19-bdcc-40a7-a685-78ee1c50ad23): Мне бы такую схему увидеть
[11:24:24] _reflexed (a4982e19-bdcc-40a7-a685-78ee1c50ad23): ого
[11:24:36] _reflexed (a4982e19-bdcc-40a7-a685-78ee1c50ad23): Для такого цветка надо гайю убивать
[11:26:43] _reflexed (a4982e19-bdcc-40a7-a685-78ee1c50ad23): Возможно сделать сет из картошки?))
[11:47:28] _reflexed (a4982e19-bdcc-40a7-a685-78ee1c50ad23): Сколько небес. кристальный кластер ростет?
[11:47:39] Stxywxthme (6ce0cde9-8c92-4c66-96ad-6bffb9dfc01b): хз
[14:00:20] Nergaloff (88da800e-1614-4c65-ace8-c18f7e99e914): ну да
[14:01:29] Nergaloff (88da800e-1614-4c65-ace8-c18f7e99e914): алтарей со свитками ограничено в мире, но много
[14:01:32] Nergaloff (88da800e-1614-4c65-ace8-c18f7e99e914): нужно искать
[14:02:01] Nergaloff (88da800e-1614-4c65-ace8-c18f7e99e914): новые свитки открываются с новыми главами
[14:02:35] Nergaloff (88da800e-1614-4c65-ace8-c18f7e99e914): вряд ли
[16:06:41] Stxywxthme (6ce0cde9-8c92-4c66-96ad-6bffb9dfc01b): ?
