[12:32:58] PrySHio (53d10e20-e320-4876-a33a-c9b8e5781449): Шо
[14:43:42] PrySHio (53d10e20-e320-4876-a33a-c9b8e5781449): Оно живое
[14:45:07] AETERNAL (6015b02d-f272-4154-8209-5e3b23bbc09c): зашёл обнову залить
[14:45:20] AETERNAL (6015b02d-f272-4154-8209-5e3b23bbc09c): нормально ты так накрафтил мехов
[14:45:37] PrySHio (53d10e20-e320-4876-a33a-c9b8e5781449): Ну к мэ надо
[14:45:42] PrySHio (53d10e20-e320-4876-a33a-c9b8e5781449): Заебало это все
[14:46:31] PrySHio (53d10e20-e320-4876-a33a-c9b8e5781449): Ты не будешь?
[14:59:31] AETERNAL (6015b02d-f272-4154-8209-5e3b23bbc09c): пойду звёзды фармить
[14:59:36] AETERNAL (6015b02d-f272-4154-8209-5e3b23bbc09c): 16 штук
[14:59:39] PrySHio (53d10e20-e320-4876-a33a-c9b8e5781449): Ну иди
[15:00:02] AETERNAL (6015b02d-f272-4154-8209-5e3b23bbc09c): мощный слушай
[15:00:11] PrySHio (53d10e20-e320-4876-a33a-c9b8e5781449): Я ему в кадык срал
[15:00:25] AETERNAL (6015b02d-f272-4154-8209-5e3b23bbc09c): ты зеркало маны не видел
[15:00:27] PrySHio (53d10e20-e320-4876-a33a-c9b8e5781449): Надо еще залупу для роторов сделать
[15:00:29] PrySHio (53d10e20-e320-4876-a33a-c9b8e5781449): Неа
[15:03:18] PrySHio (53d10e20-e320-4876-a33a-c9b8e5781449): Втф
[15:03:25] PrySHio (53d10e20-e320-4876-a33a-c9b8e5781449): Я делал датчик 4 слота
[15:03:34] PrySHio (53d10e20-e320-4876-a33a-c9b8e5781449): Он у меня в инвенторе был
[15:03:37] PrySHio (53d10e20-e320-4876-a33a-c9b8e5781449): А щас его нету
[15:03:39] PrySHio (53d10e20-e320-4876-a33a-c9b8e5781449): .-.
[15:03:50] AETERNAL (6015b02d-f272-4154-8209-5e3b23bbc09c): выронил мб
[15:04:04] PrySHio (53d10e20-e320-4876-a33a-c9b8e5781449): Да я его все нахуй
[15:04:52] PrySHio (53d10e20-e320-4876-a33a-c9b8e5781449): xD
[15:09:14] PrySHio (53d10e20-e320-4876-a33a-c9b8e5781449): Это рофл?
[15:09:19] AETERNAL (6015b02d-f272-4154-8209-5e3b23bbc09c): каой
[15:09:25] PrySHio (53d10e20-e320-4876-a33a-c9b8e5781449): На 1 ветро генератор нужно пром ирид
[15:09:35] AETERNAL (6015b02d-f272-4154-8209-5e3b23bbc09c): ну я их не трогал
[15:09:50] PrySHio (53d10e20-e320-4876-a33a-c9b8e5781449): Кто че курил когда это делал
[15:10:15] PrySHio (53d10e20-e320-4876-a33a-c9b8e5781449): 16 пром ирида на ветроген
[15:10:18] PrySHio (53d10e20-e320-4876-a33a-c9b8e5781449): Че за дичь
[15:10:32] AETERNAL (6015b02d-f272-4154-8209-5e3b23bbc09c): ну так
[15:10:33] PrySHio (53d10e20-e320-4876-a33a-c9b8e5781449): Где я его высру без роторов
[15:10:40] AETERNAL (6015b02d-f272-4154-8209-5e3b23bbc09c): легче будет реактор + конвертор
[15:11:29] AETERNAL (6015b02d-f272-4154-8209-5e3b23bbc09c): правда там каравка нужна
[15:11:34] AETERNAL (6015b02d-f272-4154-8209-5e3b23bbc09c): но всё равно легче
[15:12:36] PrySHio (53d10e20-e320-4876-a33a-c9b8e5781449): Так по факту легче реактор сделать
[15:12:41] PrySHio (53d10e20-e320-4876-a33a-c9b8e5781449): Мэ контроллер так и так делать
[15:12:49] AETERNAL (6015b02d-f272-4154-8209-5e3b23bbc09c): а я что написал
[15:13:07] PrySHio (53d10e20-e320-4876-a33a-c9b8e5781449): Бля че ден курил когда сунул 16 пром ирида сунул в крафт ВЕТРОГЕНА
[15:13:17] AETERNAL (6015b02d-f272-4154-8209-5e3b23bbc09c): ну вот иди спроси))
[15:14:42] PrySHio (53d10e20-e320-4876-a33a-c9b8e5781449): Я конечно могу наковырять это города края полутав
[15:14:46] PrySHio (53d10e20-e320-4876-a33a-c9b8e5781449): Но только на 1
[15:26:07] PrySHio (53d10e20-e320-4876-a33a-c9b8e5781449): А точно нету ограна на передачу у проводов?
[15:26:15] AETERNAL (6015b02d-f272-4154-8209-5e3b23bbc09c): нету
[15:26:40] PrySHio (53d10e20-e320-4876-a33a-c9b8e5781449): Все
[15:26:47] PrySHio (53d10e20-e320-4876-a33a-c9b8e5781449): Можно переработку через мехи ебашить
[15:34:03] PrySHio (53d10e20-e320-4876-a33a-c9b8e5781449): Тише валыну убери
[15:34:17] AETERNAL (6015b02d-f272-4154-8209-5e3b23bbc09c): :D
[15:34:42] PrySHio (53d10e20-e320-4876-a33a-c9b8e5781449): Сколько оно в воде будет расти?
[15:34:49] AETERNAL (6015b02d-f272-4154-8209-5e3b23bbc09c): кто
[15:34:52] PrySHio (53d10e20-e320-4876-a33a-c9b8e5781449): Семена
[15:34:58] AETERNAL (6015b02d-f272-4154-8209-5e3b23bbc09c): кварца?
[15:35:00] PrySHio (53d10e20-e320-4876-a33a-c9b8e5781449): Да
[15:35:05] AETERNAL (6015b02d-f272-4154-8209-5e3b23bbc09c): ух блять
[15:35:10] AETERNAL (6015b02d-f272-4154-8209-5e3b23bbc09c): через год чекни
[15:35:44] PrySHio (53d10e20-e320-4876-a33a-c9b8e5781449): И как мне их вырасти
[15:35:51] AETERNAL (6015b02d-f272-4154-8209-5e3b23bbc09c): ускорители роста
[15:36:10] PrySHio (53d10e20-e320-4876-a33a-c9b8e5781449): Так для него преобразователь энергии надо
[15:36:18] AETERNAL (6015b02d-f272-4154-8209-5e3b23bbc09c): я упростил ему крафт
[15:36:22] AETERNAL (6015b02d-f272-4154-8209-5e3b23bbc09c): щас с обновой
[15:38:36] AETERNAL (6015b02d-f272-4154-8209-5e3b23bbc09c): ну что, обнова?
[15:38:59] PrySHio (53d10e20-e320-4876-a33a-c9b8e5781449): Так я не понял
[15:39:17] PrySHio (53d10e20-e320-4876-a33a-c9b8e5781449): Поч нельзя просто рестарт серва с новыми zs скриптами
[15:39:26] PrySHio (53d10e20-e320-4876-a33a-c9b8e5781449): Ониж не обязательны на стороне клиента
[15:39:33] PrySHio (53d10e20-e320-4876-a33a-c9b8e5781449): Или крафт твикер сосет
[15:39:37] AETERNAL (6015b02d-f272-4154-8209-5e3b23bbc09c): я тебе уже говорил, обязательні
[15:39:38] PrySHio (53d10e20-e320-4876-a33a-c9b8e5781449): На 1.12.2
[15:39:56] AETERNAL (6015b02d-f272-4154-8209-5e3b23bbc09c): он самый хуёвый на 1.12 мне кажется
[15:40:08] PrySHio (53d10e20-e320-4876-a33a-c9b8e5781449): Самый топ на 1.7.10 был
[15:40:21] PrySHio (53d10e20-e320-4876-a33a-c9b8e5781449): Просто скрипты кинул на серв часть
[15:40:36] PrySHio (53d10e20-e320-4876-a33a-c9b8e5781449): ./mt reload и все
[15:41:12] AETERNAL (6015b02d-f272-4154-8209-5e3b23bbc09c): короче давай
[15:41:27] AETERNAL (6015b02d-f272-4154-8209-5e3b23bbc09c): лаунчер так же
[16:59:03] AETERNAL (6015b02d-f272-4154-8209-5e3b23bbc09c): привет
[16:59:09] Swat99Swat (9ce303e4-8a19-4d67-82f9-74ca7bafa055): Прив
[16:59:19] AETERNAL (6015b02d-f272-4154-8209-5e3b23bbc09c): введи в поиске astral quarry, cooler
[16:59:32] AETERNAL (6015b02d-f272-4154-8209-5e3b23bbc09c): я залил обнову, встала ли нормально
[17:00:08] Swat99Swat (9ce303e4-8a19-4d67-82f9-74ca7bafa055): Эм и посмотреть рецепт или ?
[17:00:16] AETERNAL (6015b02d-f272-4154-8209-5e3b23bbc09c): ну они есть,
[17:00:19] AETERNAL (6015b02d-f272-4154-8209-5e3b23bbc09c): ?
[17:00:27] Swat99Swat (9ce303e4-8a19-4d67-82f9-74ca7bafa055): Ну я хз что это
[17:00:42] Swat99Swat (9ce303e4-8a19-4d67-82f9-74ca7bafa055): С этим модом не играл MultiBLock
[17:00:45] Swat99Swat (9ce303e4-8a19-4d67-82f9-74ca7bafa055): Хз что это
[17:00:49] AETERNAL (6015b02d-f272-4154-8209-5e3b23bbc09c): ну предметы сами
[17:00:51] AETERNAL (6015b02d-f272-4154-8209-5e3b23bbc09c): контроллеры
[17:00:57] AETERNAL (6015b02d-f272-4154-8209-5e3b23bbc09c): astral quarry controller
[17:01:10] Swat99Swat (9ce303e4-8a19-4d67-82f9-74ca7bafa055): В лс
[17:01:16] AETERNAL (6015b02d-f272-4154-8209-5e3b23bbc09c): вижу
[17:01:31] AETERNAL (6015b02d-f272-4154-8209-5e3b23bbc09c): и вижу что так же проблема с рендером структурі.....
[17:02:10] AETERNAL (6015b02d-f272-4154-8209-5e3b23bbc09c): привет чёрт
[17:02:35] AETERNAL (6015b02d-f272-4154-8209-5e3b23bbc09c): astral quarry controller, cooler чекни
[17:02:50] Swat99Swat (9ce303e4-8a19-4d67-82f9-74ca7bafa055): Я дупля не врубаю как сделать таумоникон. Кликаю салис мундусом по книжной полке и ничего
[17:02:59] Swat99Swat (9ce303e4-8a19-4d67-82f9-74ca7bafa055): Вот он новый таум 6 версии
[17:03:15] AETERNAL (6015b02d-f272-4154-8209-5e3b23bbc09c): Swat99Swat если что, в квестах во вкладке Multiblocked есть подробное описание механизмов
[17:03:46] Swat99Swat (9ce303e4-8a19-4d67-82f9-74ca7bafa055): лк
[17:03:48] Swat99Swat (9ce303e4-8a19-4d67-82f9-74ca7bafa055): ок
[17:03:54] AETERNAL (6015b02d-f272-4154-8209-5e3b23bbc09c): возьми в руки любой кристалл и переспи с ним одну ночь, как бы это не звучало)
[17:04:16] PrySHio (53d10e20-e320-4876-a33a-c9b8e5781449): Че карик
[17:04:16] Swat99Swat (9ce303e4-8a19-4d67-82f9-74ca7bafa055): Во
[17:04:24] PrySHio (53d10e20-e320-4876-a33a-c9b8e5781449): Я не буду его делать)
[17:04:30] AETERNAL (6015b02d-f272-4154-8209-5e3b23bbc09c): та я сделаю
[17:04:35] AETERNAL (6015b02d-f272-4154-8209-5e3b23bbc09c): там нефиг делать
[17:04:54] AETERNAL (6015b02d-f272-4154-8209-5e3b23bbc09c): правда чтобы он нормально так генерил нужен кристаллизатор
[17:04:59] AETERNAL (6015b02d-f272-4154-8209-5e3b23bbc09c): на топ кристаллы
[17:05:31] PrySHio (53d10e20-e320-4876-a33a-c9b8e5781449): Аче рун вообще нет
[17:05:41] AETERNAL (6015b02d-f272-4154-8209-5e3b23bbc09c): кого
[17:05:52] PrySHio (53d10e20-e320-4876-a33a-c9b8e5781449): Рун ботани
[17:05:58] AETERNAL (6015b02d-f272-4154-8209-5e3b23bbc09c): как это нет
[17:06:05] AETERNAL (6015b02d-f272-4154-8209-5e3b23bbc09c): у меня есть всё
[17:06:05] PrySHio (53d10e20-e320-4876-a33a-c9b8e5781449): Готовых
[17:06:08] AETERNAL (6015b02d-f272-4154-8209-5e3b23bbc09c): ааа
[17:06:10] AETERNAL (6015b02d-f272-4154-8209-5e3b23bbc09c): бля
[17:06:16] AETERNAL (6015b02d-f272-4154-8209-5e3b23bbc09c): вот
[17:07:02] AETERNAL (6015b02d-f272-4154-8209-5e3b23bbc09c): у тебя рендера структуры карика тоже нет?\
[17:07:17] PrySHio (53d10e20-e320-4876-a33a-c9b8e5781449): Где че
[17:07:32] AETERNAL (6015b02d-f272-4154-8209-5e3b23bbc09c): когда нна контроллдер жмёшь
[17:07:38] AETERNAL (6015b02d-f272-4154-8209-5e3b23bbc09c): там всегда рендерит структуру
[17:07:42] AETERNAL (6015b02d-f272-4154-8209-5e3b23bbc09c): предпросмотр
[17:07:50] PrySHio (53d10e20-e320-4876-a33a-c9b8e5781449): Да нету
[17:09:02] AETERNAL (6015b02d-f272-4154-8209-5e3b23bbc09c): теперь не должно так память выжирать
[17:09:23] PrySHio (53d10e20-e320-4876-a33a-c9b8e5781449): Есть посох леса?
[17:09:31] AETERNAL (6015b02d-f272-4154-8209-5e3b23bbc09c): сделай себе
[17:12:45] PrySHio (53d10e20-e320-4876-a33a-c9b8e5781449): Чет 61 не мало так то
[17:15:38] PrySHio (53d10e20-e320-4876-a33a-c9b8e5781449): Ты мож мобов очистить?
[17:18:49] Swat99Swat (9ce303e4-8a19-4d67-82f9-74ca7bafa055): Подскажи первый генератор rf
[17:19:00] PrySHio (53d10e20-e320-4876-a33a-c9b8e5781449): Из рф
[17:19:03] PrySHio (53d10e20-e320-4876-a33a-c9b8e5781449): тулс
[17:19:30] Swat99Swat (9ce303e4-8a19-4d67-82f9-74ca7bafa055): МММ )
[17:19:36] Swat99Swat (9ce303e4-8a19-4d67-82f9-74ca7bafa055): Можно базу чекнуть ?
[17:20:35] PrySHio (53d10e20-e320-4876-a33a-c9b8e5781449): Тп
[17:20:50] PrySHio (53d10e20-e320-4876-a33a-c9b8e5781449): Семена
[17:20:55] PrySHio (53d10e20-e320-4876-a33a-c9b8e5781449): Дропни
[17:29:40] AETERNAL (6015b02d-f272-4154-8209-5e3b23bbc09c): ну штош, карьер?
[17:29:44] AETERNAL (6015b02d-f272-4154-8209-5e3b23bbc09c): а неи
[17:29:51] AETERNAL (6015b02d-f272-4154-8209-5e3b23bbc09c): визеров пиздить
[17:30:04] PrySHio (53d10e20-e320-4876-a33a-c9b8e5781449): Я щас когда мобов убивал снизу
[17:30:08] PrySHio (53d10e20-e320-4876-a33a-c9b8e5781449): 2 зомби убил
[17:30:11] PrySHio (53d10e20-e320-4876-a33a-c9b8e5781449): 2 головы
[17:30:14] AETERNAL (6015b02d-f272-4154-8209-5e3b23bbc09c): ёбана в блоки переделай угли и тд
[17:30:21] PrySHio (53d10e20-e320-4876-a33a-c9b8e5781449): Не надо
[17:30:26] PrySHio (53d10e20-e320-4876-a33a-c9b8e5781449): Скоро мэ будет
[17:30:29] PrySHio (53d10e20-e320-4876-a33a-c9b8e5781449): Надеюсь)
[17:30:32] AETERNAL (6015b02d-f272-4154-8209-5e3b23bbc09c): ладно
[17:31:02] AETERNAL (6015b02d-f272-4154-8209-5e3b23bbc09c): я вот, вроде отключал визеров xD
[17:32:38] PrySHio (53d10e20-e320-4876-a33a-c9b8e5781449): Там 8 звезд кста в сундуке
[17:32:43] AETERNAL (6015b02d-f272-4154-8209-5e3b23bbc09c): ху
[17:32:44] AETERNAL (6015b02d-f272-4154-8209-5e3b23bbc09c): я
[17:32:47] Swat99Swat (9ce303e4-8a19-4d67-82f9-74ca7bafa055): Я познаю боль когда мой молот не может ломать незерак :D
[17:33:18] PrySHio (53d10e20-e320-4876-a33a-c9b8e5781449): kit start
[17:33:19] AETERNAL (6015b02d-f272-4154-8209-5e3b23bbc09c): из дерево что-ли?
[17:33:35] Swat99Swat (9ce303e4-8a19-4d67-82f9-74ca7bafa055): Не он слишком быстро ломает и сервер не успевает его прогрузить :D
[17:33:46] Swat99Swat (9ce303e4-8a19-4d67-82f9-74ca7bafa055): Поэтому он не ломается )
[17:34:08] PrySHio (53d10e20-e320-4876-a33a-c9b8e5781449): Ты про фантом блоки?
[17:34:23] PrySHio (53d10e20-e320-4876-a33a-c9b8e5781449): xD
[17:34:44] AETERNAL (6015b02d-f272-4154-8209-5e3b23bbc09c): ну это рассинхрон, я хз как это фиксить
[17:34:48] AETERNAL (6015b02d-f272-4154-8209-5e3b23bbc09c): это везде есть
[17:40:29] AETERNAL (6015b02d-f272-4154-8209-5e3b23bbc09c): бля
[17:40:37] AETERNAL (6015b02d-f272-4154-8209-5e3b23bbc09c): мечи отключены из дивана не те
[17:53:40] AETERNAL (6015b02d-f272-4154-8209-5e3b23bbc09c): столик готов
[17:59:18] PrySHio (53d10e20-e320-4876-a33a-c9b8e5781449): Я живое
[17:59:25] AETERNAL (6015b02d-f272-4154-8209-5e3b23bbc09c): ну что, наварил?
[17:59:31] PrySHio (53d10e20-e320-4876-a33a-c9b8e5781449): xD
[17:59:55] PrySHio (53d10e20-e320-4876-a33a-c9b8e5781449): Блять почему тут так много мобов
[18:00:01] PrySHio (53d10e20-e320-4876-a33a-c9b8e5781449): Яж поставил флаг
[18:00:10] AETERNAL (6015b02d-f272-4154-8209-5e3b23bbc09c): а я убрал флаг
[18:00:15] PrySHio (53d10e20-e320-4876-a33a-c9b8e5781449): .-.
[18:00:16] AETERNAL (6015b02d-f272-4154-8209-5e3b23bbc09c): визеров надо было
[18:00:53] AETERNAL (6015b02d-f272-4154-8209-5e3b23bbc09c): ну и как это блять фиксить ёбана в рот
[18:01:05] PrySHio (53d10e20-e320-4876-a33a-c9b8e5781449): Я хз
[18:01:08] PrySHio (53d10e20-e320-4876-a33a-c9b8e5781449): Откат делать
[18:01:15] AETERNAL (6015b02d-f272-4154-8209-5e3b23bbc09c): ты гений ещё лучший
[18:01:20] AETERNAL (6015b02d-f272-4154-8209-5e3b23bbc09c): снести то не проблема
[18:01:52] AETERNAL (6015b02d-f272-4154-8209-5e3b23bbc09c): вот так это делается
[18:01:55] AETERNAL (6015b02d-f272-4154-8209-5e3b23bbc09c): и никакого отката
[18:02:12] PrySHio (53d10e20-e320-4876-a33a-c9b8e5781449): Ты тигель снес?
[18:02:15] AETERNAL (6015b02d-f272-4154-8209-5e3b23bbc09c): ну да
[18:02:21] AETERNAL (6015b02d-f272-4154-8209-5e3b23bbc09c): а чё ты предлагаешь
[18:02:47] PrySHio (53d10e20-e320-4876-a33a-c9b8e5781449): Ебал в рот ваш таум крафт 6
[18:03:22] PrySHio (53d10e20-e320-4876-a33a-c9b8e5781449): Сделай порт таум крафта 4.2.3.5 или как он там
[18:03:25] PrySHio (53d10e20-e320-4876-a33a-c9b8e5781449): )
[18:08:20] PrySHio (53d10e20-e320-4876-a33a-c9b8e5781449): Че можно на тигеле делать?
[18:08:22] AETERNAL (6015b02d-f272-4154-8209-5e3b23bbc09c): показывай как делал
[18:08:28] AETERNAL (6015b02d-f272-4154-8209-5e3b23bbc09c): ибо я не могу повторить
[18:08:49] PrySHio (53d10e20-e320-4876-a33a-c9b8e5781449): Там есть чето?
[18:08:54] AETERNAL (6015b02d-f272-4154-8209-5e3b23bbc09c): да
[18:08:56] AETERNAL (6015b02d-f272-4154-8209-5e3b23bbc09c): аспекті
[18:09:05] PrySHio (53d10e20-e320-4876-a33a-c9b8e5781449): Чет не крафтит
[18:09:20] PrySHio (53d10e20-e320-4876-a33a-c9b8e5781449): Переставь тигель
[18:09:25] AETERNAL (6015b02d-f272-4154-8209-5e3b23bbc09c): ты зачем медь кидаешь
[18:09:31] PrySHio (53d10e20-e320-4876-a33a-c9b8e5781449): Я железо кидал
[18:10:11] PrySHio (53d10e20-e320-4876-a33a-c9b8e5781449): Где прекантатио высрать
[18:10:19] AETERNAL (6015b02d-f272-4154-8209-5e3b23bbc09c): та иди сюда я дам
[18:10:22] PrySHio (53d10e20-e320-4876-a33a-c9b8e5781449): Я короче кинул пыльцу фей
[18:10:25] PrySHio (53d10e20-e320-4876-a33a-c9b8e5781449): Камень
[18:10:29] PrySHio (53d10e20-e320-4876-a33a-c9b8e5781449): И заспамил железом
[18:10:33] AETERNAL (6015b02d-f272-4154-8209-5e3b23bbc09c): камень какой
[18:10:35] AETERNAL (6015b02d-f272-4154-8209-5e3b23bbc09c): обычный
[18:10:37] PrySHio (53d10e20-e320-4876-a33a-c9b8e5781449): Обычный
[18:10:38] PrySHio (53d10e20-e320-4876-a33a-c9b8e5781449): Майн
[18:10:41] AETERNAL (6015b02d-f272-4154-8209-5e3b23bbc09c): щас
[18:10:42] AETERNAL (6015b02d-f272-4154-8209-5e3b23bbc09c): стой
[18:10:44] AETERNAL (6015b02d-f272-4154-8209-5e3b23bbc09c): отойди
[18:11:33] PrySHio (53d10e20-e320-4876-a33a-c9b8e5781449): Попробуй этим тигель наполнить
[18:12:38] PrySHio (53d10e20-e320-4876-a33a-c9b8e5781449): Просто открой инвентарь и дропой кнопкой
[18:12:42] PrySHio (53d10e20-e320-4876-a33a-c9b8e5781449): По 1
[18:12:48] PrySHio (53d10e20-e320-4876-a33a-c9b8e5781449): Быстро
[18:13:17] PrySHio (53d10e20-e320-4876-a33a-c9b8e5781449): Я кинул 8 пыльцы и 10 камня
[18:13:18] AETERNAL (6015b02d-f272-4154-8209-5e3b23bbc09c): железо?
[18:13:20] PrySHio (53d10e20-e320-4876-a33a-c9b8e5781449): ДА
[18:13:55] AETERNAL (6015b02d-f272-4154-8209-5e3b23bbc09c): без понятия
[18:13:57] PrySHio (53d10e20-e320-4876-a33a-c9b8e5781449): Короче магия какая то
[18:14:14] PrySHio (53d10e20-e320-4876-a33a-c9b8e5781449): Только ты мою верни
[18:14:22] PrySHio (53d10e20-e320-4876-a33a-c9b8e5781449): Я ей лаву тоская
[18:15:10] PrySHio (53d10e20-e320-4876-a33a-c9b8e5781449): Где прекантатио
[18:15:19] AETERNAL (6015b02d-f272-4154-8209-5e3b23bbc09c): дерево
[18:15:24] AETERNAL (6015b02d-f272-4154-8209-5e3b23bbc09c): великое или как там его
[18:15:39] AETERNAL (6015b02d-f272-4154-8209-5e3b23bbc09c): так стоп
[18:15:41] AETERNAL (6015b02d-f272-4154-8209-5e3b23bbc09c): не подходи
[18:16:29] AETERNAL (6015b02d-f272-4154-8209-5e3b23bbc09c): не
[18:16:30] AETERNAL (6015b02d-f272-4154-8209-5e3b23bbc09c): хз
[18:17:53] AETERNAL (6015b02d-f272-4154-8209-5e3b23bbc09c): так
[18:17:56] AETERNAL (6015b02d-f272-4154-8209-5e3b23bbc09c): чё я там делал
[18:18:05] PrySHio (53d10e20-e320-4876-a33a-c9b8e5781449): Бур
[18:18:06] PrySHio (53d10e20-e320-4876-a33a-c9b8e5781449): Астрал
[18:18:08] PrySHio (53d10e20-e320-4876-a33a-c9b8e5781449): Карик
[18:18:13] AETERNAL (6015b02d-f272-4154-8209-5e3b23bbc09c): точно
[18:19:31] PrySHio (53d10e20-e320-4876-a33a-c9b8e5781449): Сделай пж 1 поршень
[18:19:35] PrySHio (53d10e20-e320-4876-a33a-c9b8e5781449): У меня места нет
[18:29:45] AETERNAL (6015b02d-f272-4154-8209-5e3b23bbc09c): хуя себе
[18:30:00] PrySHio (53d10e20-e320-4876-a33a-c9b8e5781449): Теперь на этот блок можно дрочить вечно
[18:30:04] AETERNAL (6015b02d-f272-4154-8209-5e3b23bbc09c): xD
[18:30:15] PrySHio (53d10e20-e320-4876-a33a-c9b8e5781449): Сделай пластик)
[18:30:24] AETERNAL (6015b02d-f272-4154-8209-5e3b23bbc09c): щас, когда карик сделаю
[18:30:30] AETERNAL (6015b02d-f272-4154-8209-5e3b23bbc09c): сделаю на пластик мехи
[18:31:31] PrySHio (53d10e20-e320-4876-a33a-c9b8e5781449): Я короче хавать
[18:31:41] AETERNAL (6015b02d-f272-4154-8209-5e3b23bbc09c): окей
[18:31:41] PrySHio (53d10e20-e320-4876-a33a-c9b8e5781449): Надеюсь вернусь когда все готово)
[18:48:20] AETERNAL (6015b02d-f272-4154-8209-5e3b23bbc09c): .
[18:50:17] PrySHio (53d10e20-e320-4876-a33a-c9b8e5781449): Бля рили
[18:50:23] PrySHio (53d10e20-e320-4876-a33a-c9b8e5781449): Я проверить кое че хочу
[18:50:24] PrySHio (53d10e20-e320-4876-a33a-c9b8e5781449): Я зас
[18:59:10] AETERNAL (6015b02d-f272-4154-8209-5e3b23bbc09c): у нас так то нету биома пустыни
[18:59:21] AETERNAL (6015b02d-f272-4154-8209-5e3b23bbc09c): вот и нефти нет
[18:59:50] PrySHio (53d10e20-e320-4876-a33a-c9b8e5781449): Мдам
[19:00:27] AETERNAL (6015b02d-f272-4154-8209-5e3b23bbc09c): ну я добавлю не выгодный рецепт потом
[19:00:32] AETERNAL (6015b02d-f272-4154-8209-5e3b23bbc09c): чтобы просто те капсулы сделать
[19:00:48] AETERNAL (6015b02d-f272-4154-8209-5e3b23bbc09c): а ща пойду похаваю
[20:02:42] Swat99Swat (9ce303e4-8a19-4d67-82f9-74ca7bafa055): Начало в игре просто нереально тяжелое
[20:02:51] Swat99Swat (9ce303e4-8a19-4d67-82f9-74ca7bafa055): В ГТНХ оно помойму проще )
[20:12:38] Swat99Swat (9ce303e4-8a19-4d67-82f9-74ca7bafa055): И где добыть первую сталь для молота ?
[20:12:52] AETERNAL (6015b02d-f272-4154-8209-5e3b23bbc09c): а зачем там сталь
[20:12:58] AETERNAL (6015b02d-f272-4154-8209-5e3b23bbc09c): там другой молот есть
[20:13:05] AETERNAL (6015b02d-f272-4154-8209-5e3b23bbc09c): тот не совсем первый
[20:13:21] AETERNAL (6015b02d-f272-4154-8209-5e3b23bbc09c): молот из апгрейда
[20:13:25] [CAPS] Swat99Swat (9ce303e4-8a19-4d67-82f9-74ca7bafa055): с iu ?
[20:13:28] AETERNAL (6015b02d-f272-4154-8209-5e3b23bbc09c): агась
[20:13:37] Swat99Swat (9ce303e4-8a19-4d67-82f9-74ca7bafa055): Ну так он не все же пластины делает
[20:14:39] AETERNAL (6015b02d-f272-4154-8209-5e3b23bbc09c): его достаточно чтобы дойти до завода сплавов и сделать сталь
[20:14:50] AETERNAL (6015b02d-f272-4154-8209-5e3b23bbc09c): индукционной плавильни*
[20:16:25] Swat99Swat (9ce303e4-8a19-4d67-82f9-74ca7bafa055): ладно тогда другой вопрос где сделать Redstone alloy который нужен для мехов термала
[20:17:45] AETERNAL (6015b02d-f272-4154-8209-5e3b23bbc09c): упс, а смешивания сплавов то нет xD
[20:17:51] AETERNAL (6015b02d-f272-4154-8209-5e3b23bbc09c): щас добавлю
[20:18:37] Swat99Swat (9ce303e4-8a19-4d67-82f9-74ca7bafa055): Я изначально сделал из Project Reda сплав
[20:18:41] Swat99Swat (9ce303e4-8a19-4d67-82f9-74ca7bafa055): Просто попутал )
[20:19:04] Swat99Swat (9ce303e4-8a19-4d67-82f9-74ca7bafa055): Ну а первый генератор рф это часы из Forestry
[20:19:13] Swat99Swat (9ce303e4-8a19-4d67-82f9-74ca7bafa055): Писец конечно но тоже ничего
[20:22:57] AETERNAL (6015b02d-f272-4154-8209-5e3b23bbc09c): так, обновил рецепт
[20:23:10] AETERNAL (6015b02d-f272-4154-8209-5e3b23bbc09c): теперь сплав можно сделать в плавильне из дест камня и расп кварца
[20:23:38] AETERNAL (6015b02d-f272-4154-8209-5e3b23bbc09c): если тебе срочно надо, можем сделать рестарт
[20:23:49] Swat99Swat (9ce303e4-8a19-4d67-82f9-74ca7bafa055): А перезагрузить крафттвикер ?
[20:23:54] AETERNAL (6015b02d-f272-4154-8209-5e3b23bbc09c): и лаунчер тебе тоже нужно будет перезапустить
[20:23:55] Swat99Swat (9ce303e4-8a19-4d67-82f9-74ca7bafa055): или теперь так нельзя
[20:23:58] AETERNAL (6015b02d-f272-4154-8209-5e3b23bbc09c): это так не работает
[20:24:00] Swat99Swat (9ce303e4-8a19-4d67-82f9-74ca7bafa055): :(
[20:24:06] Swat99Swat (9ce303e4-8a19-4d67-82f9-74ca7bafa055): А раньше можно было )))
[20:24:07] Swat99Swat (9ce303e4-8a19-4d67-82f9-74ca7bafa055): Эх
[20:24:19] Swat99Swat (9ce303e4-8a19-4d67-82f9-74ca7bafa055): Да не срочно
[20:24:32] Swat99Swat (9ce303e4-8a19-4d67-82f9-74ca7bafa055): У меня ещё нет компонентов никаких я просто рецепты смотрел
[20:24:38] AETERNAL (6015b02d-f272-4154-8209-5e3b23bbc09c): можно серверную часть перезагрузить, рецепт будет активный, но ты просто видеть его у себя не будешь
[20:24:41] Swat99Swat (9ce303e4-8a19-4d67-82f9-74ca7bafa055): Искал то генератор по проще то ещё что то
[20:24:47] AETERNAL (6015b02d-f272-4154-8209-5e3b23bbc09c): окей, если что скажешь
[20:25:14] AETERNAL (6015b02d-f272-4154-8209-5e3b23bbc09c): эта проблема уже была
[20:25:22] AETERNAL (6015b02d-f272-4154-8209-5e3b23bbc09c): я просто чё то думал что уже фиксил
[20:25:34] AETERNAL (6015b02d-f272-4154-8209-5e3b23bbc09c): видимо, дальше думанью дело не пошло
[20:26:37] Swat99Swat (9ce303e4-8a19-4d67-82f9-74ca7bafa055): Не прёт мне на эти руды адонов тинкерса
[20:26:51] Swat99Swat (9ce303e4-8a19-4d67-82f9-74ca7bafa055): Если нахожу ломать не могу а те которые нужны ещё даже не видел
[20:26:58] AETERNAL (6015b02d-f272-4154-8209-5e3b23bbc09c): они редкие
[20:27:02] AETERNAL (6015b02d-f272-4154-8209-5e3b23bbc09c): и есть лайфхак
[20:27:07] Swat99Swat (9ce303e4-8a19-4d67-82f9-74ca7bafa055): ???
[20:27:14] AETERNAL (6015b02d-f272-4154-8209-5e3b23bbc09c): гаджет обмена
[20:27:21] AETERNAL (6015b02d-f272-4154-8209-5e3b23bbc09c): добудет тебе что угодно
[20:27:29] Swat99Swat (9ce303e4-8a19-4d67-82f9-74ca7bafa055): Впервые слышу
[20:27:36] AETERNAL (6015b02d-f272-4154-8209-5e3b23bbc09c): @building gadgets
[20:27:53] AETERNAL (6015b02d-f272-4154-8209-5e3b23bbc09c): либо любая приспособа которая может заменить блок
[20:28:16] AETERNAL (6015b02d-f272-4154-8209-5e3b23bbc09c): я это патчить не стал так как это по сути нереально
[20:29:05] Swat99Swat (9ce303e4-8a19-4d67-82f9-74ca7bafa055): Тип заменять камень на воздух ?
[20:29:20] AETERNAL (6015b02d-f272-4154-8209-5e3b23bbc09c): руду на любой блок, камень булыгу, что угодно
[20:29:26] AETERNAL (6015b02d-f272-4154-8209-5e3b23bbc09c): руда в инвентарь, блок в мир
[20:30:00] Swat99Swat (9ce303e4-8a19-4d67-82f9-74ca7bafa055): Ну это вроде приятно но мне хватает экскаватора
[20:30:13] Swat99Swat (9ce303e4-8a19-4d67-82f9-74ca7bafa055): Я подумал что он поможет найти эту редкую руду
[20:30:19] AETERNAL (6015b02d-f272-4154-8209-5e3b23bbc09c): ты не понял, гаджет игнорирует уровень добычи руды
[20:30:26] Swat99Swat (9ce303e4-8a19-4d67-82f9-74ca7bafa055): ААА
[20:30:30] AETERNAL (6015b02d-f272-4154-8209-5e3b23bbc09c): хоть вибраниум им подбирай
[20:30:56] AETERNAL (6015b02d-f272-4154-8209-5e3b23bbc09c): любой заменитель блоков игнорирует уровень добычи
[20:33:08] Swat99Swat (9ce303e4-8a19-4d67-82f9-74ca7bafa055): В термал мехов сразу 1 слот доступен или по стандарту стоит ?
[20:33:14] Swat99Swat (9ce303e4-8a19-4d67-82f9-74ca7bafa055): Для улучшений
[20:33:23] AETERNAL (6015b02d-f272-4154-8209-5e3b23bbc09c): он не доступен без грейда
[20:33:29] Swat99Swat (9ce303e4-8a19-4d67-82f9-74ca7bafa055): :(
[20:33:32] Swat99Swat (9ce303e4-8a19-4d67-82f9-74ca7bafa055): Жоско
[20:43:42] Swat99Swat (9ce303e4-8a19-4d67-82f9-74ca7bafa055): Block miner из Cyclic не ломает всё ))))))
[20:43:50] Swat99Swat (9ce303e4-8a19-4d67-82f9-74ca7bafa055): Я про руду
[20:44:25] AETERNAL (6015b02d-f272-4154-8209-5e3b23bbc09c): что ломать хочешь
[20:44:34] AETERNAL (6015b02d-f272-4154-8209-5e3b23bbc09c): у него есть уровень добычи
[20:44:44] Swat99Swat (9ce303e4-8a19-4d67-82f9-74ca7bafa055): Prometheum
[20:44:51] AETERNAL (6015b02d-f272-4154-8209-5e3b23bbc09c): ну его точно неот
[20:45:00] Swat99Swat (9ce303e4-8a19-4d67-82f9-74ca7bafa055): Ну я так понял у него уровень железной кирки
[20:45:03] AETERNAL (6015b02d-f272-4154-8209-5e3b23bbc09c): обменяй просто чё то на руду
[20:45:14] Swat99Swat (9ce303e4-8a19-4d67-82f9-74ca7bafa055): Заряжалки нет
[20:45:18] AETERNAL (6015b02d-f272-4154-8209-5e3b23bbc09c): спавн
[20:45:21] AETERNAL (6015b02d-f272-4154-8209-5e3b23bbc09c): ТОЛЬКО
[20:45:25] AETERNAL (6015b02d-f272-4154-8209-5e3b23bbc09c): не вставай на плиту
[20:45:31] AETERNAL (6015b02d-f272-4154-8209-5e3b23bbc09c): когда есть предмет с РФ зарядом
[20:45:37] AETERNAL (6015b02d-f272-4154-8209-5e3b23bbc09c): там в воздухе РФ
[20:45:48] AETERNAL (6015b02d-f272-4154-8209-5e3b23bbc09c): просто тепнись
[20:49:02] AETERNAL (6015b02d-f272-4154-8209-5e3b23bbc09c): я гений конечно, аукцион добавил, а как валюту получить хорший вопрос
[21:32:22] AETERNAL (6015b02d-f272-4154-8209-5e3b23bbc09c): бЛЯЯ я это пиздеец
[21:34:10] AETERNAL (6015b02d-f272-4154-8209-5e3b23bbc09c): один мех час делал...
[21:34:36] Swat99Swat (9ce303e4-8a19-4d67-82f9-74ca7bafa055): Ну я вот 13 часов играю и из мехов 2 меха форестри и плавилка
[21:35:03] Swat99Swat (9ce303e4-8a19-4d67-82f9-74ca7bafa055): У меня много времени уходит на просмотр рецептов
[21:35:20] AETERNAL (6015b02d-f272-4154-8209-5e3b23bbc09c): делай калькулятор, без него ёбу можно дать
