[08:05:57] ProCto_DS (d3139add-473e-468f-9582-8b46bb0e237c): Как дела?)
[08:21:09] ProCto_DS (d3139add-473e-468f-9582-8b46bb0e237c): У вас лишние лилия рейкар есть?
[08:25:16] Stxywxthme (6ce0cde9-8c92-4c66-96ad-6bffb9dfc01b): 400 слитков нейтрония
[08:43:25] ProCto_DS (d3139add-473e-468f-9582-8b46bb0e237c): Шо делаешь?
[08:43:29] Stxywxthme (6ce0cde9-8c92-4c66-96ad-6bffb9dfc01b): да так
[08:43:38] Stxywxthme (6ce0cde9-8c92-4c66-96ad-6bffb9dfc01b): пока сделал автокрафт небесный
[08:43:56] Stxywxthme (6ce0cde9-8c92-4c66-96ad-6bffb9dfc01b): чтобы дальше нужно сделать обсерваторию
[08:44:01] ProCto_DS (d3139add-473e-468f-9582-8b46bb0e237c): Сделай
[08:44:21] Stxywxthme (6ce0cde9-8c92-4c66-96ad-6bffb9dfc01b): ок
[08:44:33] Stxywxthme (6ce0cde9-8c92-4c66-96ad-6bffb9dfc01b): нужно изучить созвездие
[08:44:40] ProCto_DS (d3139add-473e-468f-9582-8b46bb0e237c): Хах
[08:44:50] ProCto_DS (d3139add-473e-468f-9582-8b46bb0e237c): Те этот алтарь наложения нужен будет?
[08:44:51] Stxywxthme (6ce0cde9-8c92-4c66-96ad-6bffb9dfc01b): luckerna
[08:44:59] Stxywxthme (6ce0cde9-8c92-4c66-96ad-6bffb9dfc01b): да
[08:45:05] ProCto_DS (d3139add-473e-468f-9582-8b46bb0e237c): Могу те ресы дать
[08:45:08] ProCto_DS (d3139add-473e-468f-9582-8b46bb0e237c): У себя построишь
[08:45:11] Stxywxthme (6ce0cde9-8c92-4c66-96ad-6bffb9dfc01b): ок
[08:45:21] ProCto_DS (d3139add-473e-468f-9582-8b46bb0e237c): Сюда
[08:45:52] ProCto_DS (d3139add-473e-468f-9582-8b46bb0e237c): Делай у себя на базе
[08:45:58] Stxywxthme (6ce0cde9-8c92-4c66-96ad-6bffb9dfc01b): ок
[08:47:45] ProCto_DS (d3139add-473e-468f-9582-8b46bb0e237c): Это что
[08:53:52] ProCto_DS (d3139add-473e-468f-9582-8b46bb0e237c): я шейдеры уберу и приду
[09:27:12] ProCto_DS (d3139add-473e-468f-9582-8b46bb0e237c): ааааааааааааааааааааа
[09:27:16] [CAPS] ProCto_DS (d3139add-473e-468f-9582-8b46bb0e237c): я просрал гайююю
[09:27:18] [CAPS] ProCto_DS (d3139add-473e-468f-9582-8b46bb0e237c): бляяяяяяяяяяяяяя
[09:27:26] Nergaloff (88da800e-1614-4c65-ace8-c18f7e99e914): че
[09:27:41] ProCto_DS (d3139add-473e-468f-9582-8b46bb0e237c): эм
[09:27:44] ProCto_DS (d3139add-473e-468f-9582-8b46bb0e237c): Шо эта
[09:27:51] Nergaloff (88da800e-1614-4c65-ace8-c18f7e99e914): автоматизация прокачки куриц
[09:27:53] ProCto_DS (d3139add-473e-468f-9582-8b46bb0e237c): Дюп?
[09:27:54] ProCto_DS (d3139add-473e-468f-9582-8b46bb0e237c): %)))
[09:28:16] ProCto_DS (d3139add-473e-468f-9582-8b46bb0e237c): Я у те гайю грохал
[09:28:18] [CAPS] ProCto_DS (d3139add-473e-468f-9582-8b46bb0e237c): эта сука
[09:28:20] Nergaloff (88da800e-1614-4c65-ace8-c18f7e99e914): на здоровье
[09:28:35] ProCto_DS (d3139add-473e-468f-9582-8b46bb0e237c): Подбросила вверх
[09:28:37] ProCto_DS (d3139add-473e-468f-9582-8b46bb0e237c): И ВСЁ
[09:28:42] ProCto_DS (d3139add-473e-468f-9582-8b46bb0e237c): Пизда моему слитку
[09:28:48] Nergaloff (88da800e-1614-4c65-ace8-c18f7e99e914): (
[09:34:11] ProCto_DS (d3139add-473e-468f-9582-8b46bb0e237c): можешь тп и посмотреть шо за хуйня у меня
[09:34:26] [CAPS] ProCto_DS (d3139add-473e-468f-9582-8b46bb0e237c): вот сук
[09:34:29] ProCto_DS (d3139add-473e-468f-9582-8b46bb0e237c): Когда те не было
[09:34:33] ProCto_DS (d3139add-473e-468f-9582-8b46bb0e237c): Она ману не добавляляо
[09:34:36] Nergaloff (88da800e-1614-4c65-ace8-c18f7e99e914): ахахх
[09:34:42] Nergaloff (88da800e-1614-4c65-ace8-c18f7e99e914): хз
[09:34:43] [CAPS] ProCto_DS (d3139add-473e-468f-9582-8b46bb0e237c): видишь
[09:34:51] ProCto_DS (d3139add-473e-468f-9582-8b46bb0e237c): оно ману не доставляет
[09:34:54] [CAPS] ProCto_DS (d3139add-473e-468f-9582-8b46bb0e237c): ааааааааааааааа
[09:35:03] [CAPS] ProCto_DS (d3139add-473e-468f-9582-8b46bb0e237c): видишь
[09:35:13] Nergaloff (88da800e-1614-4c65-ace8-c18f7e99e914): вроде работает
[09:35:17] [CAPS] ProCto_DS (d3139add-473e-468f-9582-8b46bb0e237c): та сука
[09:35:20] [CAPS] ProCto_DS (d3139add-473e-468f-9582-8b46bb0e237c): при тебе работает
[09:35:22] [CAPS] ProCto_DS (d3139add-473e-468f-9582-8b46bb0e237c): при мне
[09:35:25] ProCto_DS (d3139add-473e-468f-9582-8b46bb0e237c): нихуя не робит
[09:35:36] ProCto_DS (d3139add-473e-468f-9582-8b46bb0e237c): Вот
[09:35:38] ProCto_DS (d3139add-473e-468f-9582-8b46bb0e237c): с хули
[09:35:42] ProCto_DS (d3139add-473e-468f-9582-8b46bb0e237c): Оно не доставляет ману
[09:35:57] ProCto_DS (d3139add-473e-468f-9582-8b46bb0e237c): ТА
[09:36:04] ProCto_DS (d3139add-473e-468f-9582-8b46bb0e237c): сука, как это робит
[09:36:13] Nergaloff (88da800e-1614-4c65-ace8-c18f7e99e914): попробуй распространитель над бассейном поставить
[09:37:04] Nergaloff (88da800e-1614-4c65-ace8-c18f7e99e914): ну вот
[09:37:05] ProCto_DS (d3139add-473e-468f-9582-8b46bb0e237c): Работает
[09:37:21] ProCto_DS (d3139add-473e-468f-9582-8b46bb0e237c): Спасибо <3
[09:37:41] ProCto_DS (d3139add-473e-468f-9582-8b46bb0e237c): 8 лилий рейкар будут на меня робить
[09:37:47] Nergaloff (88da800e-1614-4c65-ace8-c18f7e99e914): норм
[09:43:14] ProCto_DS (d3139add-473e-468f-9582-8b46bb0e237c): с
[09:44:23] ProCto_DS (d3139add-473e-468f-9582-8b46bb0e237c): Я ебал
[09:44:30] ProCto_DS (d3139add-473e-468f-9582-8b46bb0e237c): Распрост пуляет ману но не в алтарь
[09:44:34] ProCto_DS (d3139add-473e-468f-9582-8b46bb0e237c): И мана просто пропадает
[09:45:33] ProCto_DS (d3139add-473e-468f-9582-8b46bb0e237c): Кстати, аптечка одобрил кит который я скинул(
[09:45:40] Nergaloff (88da800e-1614-4c65-ace8-c18f7e99e914): понятно
[09:45:58] ProCto_DS (d3139add-473e-468f-9582-8b46bb0e237c): Ну и что понятно?
[09:47:12] ProCto_DS (d3139add-473e-468f-9582-8b46bb0e237c): Думаешь я его для себя делал?
[09:47:23] Nergaloff (88da800e-1614-4c65-ace8-c18f7e99e914): я ничего не думаю
[09:48:29] Nergaloff (88da800e-1614-4c65-ace8-c18f7e99e914): меня тоже устраивает
[09:49:01] ProCto_DS (d3139add-473e-468f-9582-8b46bb0e237c): Жаба хочешь?
[09:49:04] Nergaloff (88da800e-1614-4c65-ace8-c18f7e99e914): кидай
[09:51:32] ProCto_DS (d3139add-473e-468f-9582-8b46bb0e237c): Херня или норм?
[09:51:38] Nergaloff (88da800e-1614-4c65-ace8-c18f7e99e914): я бы меньше сделал
[09:51:44] Nergaloff (88da800e-1614-4c65-ace8-c18f7e99e914): скорее всего будет корректировать
[09:51:49] ProCto_DS (d3139add-473e-468f-9582-8b46bb0e237c): +
[09:52:01] ProCto_DS (d3139add-473e-468f-9582-8b46bb0e237c): Ну главное чтоб наборы улучшения оставил))))))))))))))
[09:52:04] ProCto_DS (d3139add-473e-468f-9582-8b46bb0e237c): Они мне нужны
[09:52:11] Nergaloff (88da800e-1614-4c65-ace8-c18f7e99e914): понятно всё с тобой
[09:52:40] ProCto_DS (d3139add-473e-468f-9582-8b46bb0e237c): Та бл, все равно я думаю он бы добавил наборы улучшений в кит
[09:57:23] ProCto_DS (d3139add-473e-468f-9582-8b46bb0e237c): Ну не факт что он как там есть сделает
[09:57:36] ProCto_DS (d3139add-473e-468f-9582-8b46bb0e237c): Он же от себя чтот сделает
[09:58:10] ProCto_DS (d3139add-473e-468f-9582-8b46bb0e237c): Чисто 320000 маны за 3 цветка из 1 молнии
[09:58:11] ProCto_DS (d3139add-473e-468f-9582-8b46bb0e237c): пп
[09:59:03] ProCto_DS (d3139add-473e-468f-9582-8b46bb0e237c): Как я понял у этих лилий есть кд
[10:02:31] ProCto_DS (d3139add-473e-468f-9582-8b46bb0e237c): Жаба
[10:02:42] ProCto_DS (d3139add-473e-468f-9582-8b46bb0e237c): У те на базе какой самый топ распрост?
[10:02:53] Nergaloff (88da800e-1614-4c65-ace8-c18f7e99e914): нильфхейма
[10:03:02] ProCto_DS (d3139add-473e-468f-9582-8b46bb0e237c): Я сделал
[10:03:07] ProCto_DS (d3139add-473e-468f-9582-8b46bb0e237c): 9 цветок и поставил их
[10:03:12] ProCto_DS (d3139add-473e-468f-9582-8b46bb0e237c): Дашь на время свой распрст
[10:03:18] ProCto_DS (d3139add-473e-468f-9582-8b46bb0e237c): я проверю скок все дают
[10:03:23] ProCto_DS (d3139add-473e-468f-9582-8b46bb0e237c): Плз
[10:03:33] ProCto_DS (d3139add-473e-468f-9582-8b46bb0e237c): Спасибо
[10:04:11] ProCto_DS (d3139add-473e-468f-9582-8b46bb0e237c): фуф, начнем
[10:04:40] [CAPS] ProCto_DS (d3139add-473e-468f-9582-8b46bb0e237c): мммммммммммммм
[10:04:54] ProCto_DS (d3139add-473e-468f-9582-8b46bb0e237c): Пиздец, даж распр не успевает передавать сток маны
[10:09:14] ProCto_DS (d3139add-473e-468f-9582-8b46bb0e237c): На
[10:09:30] ProCto_DS (d3139add-473e-468f-9582-8b46bb0e237c): Это оплата
[10:09:42] ProCto_DS (d3139add-473e-468f-9582-8b46bb0e237c): Мне нада след уровня сделать
[10:09:49] ProCto_DS (d3139add-473e-468f-9582-8b46bb0e237c): Чтоб успевало все отдавать)
[10:19:22] ProCto_DS (d3139add-473e-468f-9582-8b46bb0e237c): Каеф
[18:26:26] galaxy3231 (d4f7a5f3-2cd4-40bf-b49f-e6b7300e0ce3): q
[18:26:46] galaxy3231 (d4f7a5f3-2cd4-40bf-b49f-e6b7300e0ce3): (
[19:08:28] AETERNAL (6015b02d-f272-4154-8209-5e3b23bbc09c): ёмаё
[19:08:30] galaxy3231 (d4f7a5f3-2cd4-40bf-b49f-e6b7300e0ce3): а
[19:08:40] galaxy3231 (d4f7a5f3-2cd4-40bf-b49f-e6b7300e0ce3): я их фулл чанк собираюсь скоро делать
[19:08:42] galaxy3231 (d4f7a5f3-2cd4-40bf-b49f-e6b7300e0ce3): так что еще мало
[19:09:11] AETERNAL (6015b02d-f272-4154-8209-5e3b23bbc09c): ну это вообще ни в какие рамки вы со своими курами
[19:09:21] galaxy3231 (d4f7a5f3-2cd4-40bf-b49f-e6b7300e0ce3): я выводил 3 дня 10 10 10
[19:09:22] galaxy3231 (d4f7a5f3-2cd4-40bf-b49f-e6b7300e0ce3): чтобы делать
[19:09:27] galaxy3231 (d4f7a5f3-2cd4-40bf-b49f-e6b7300e0ce3): я заебался
[19:09:29] galaxy3231 (d4f7a5f3-2cd4-40bf-b49f-e6b7300e0ce3): очень
[19:09:38] galaxy3231 (d4f7a5f3-2cd4-40bf-b49f-e6b7300e0ce3): просто бутылка спасла нахуй от еще 20+ часов афк
[19:09:49] AETERNAL (6015b02d-f272-4154-8209-5e3b23bbc09c): щас фокус
[19:10:01] galaxy3231 (d4f7a5f3-2cd4-40bf-b49f-e6b7300e0ce3): ой бля эти часики это пиздец
[19:10:04] galaxy3231 (d4f7a5f3-2cd4-40bf-b49f-e6b7300e0ce3): на стоуне юзал
[19:10:08] galaxy3231 (d4f7a5f3-2cd4-40bf-b49f-e6b7300e0ce3): слишком имба
[19:10:17] galaxy3231 (d4f7a5f3-2cd4-40bf-b49f-e6b7300e0ce3): трубы не успевают
[19:10:45] AETERNAL (6015b02d-f272-4154-8209-5e3b23bbc09c): ну это жесть товарищ
[19:11:14] galaxy3231 (d4f7a5f3-2cd4-40bf-b49f-e6b7300e0ce3): фулл сундук
[19:11:20] galaxy3231 (d4f7a5f3-2cd4-40bf-b49f-e6b7300e0ce3): надо бы улучшить
[19:12:08] AETERNAL (6015b02d-f272-4154-8209-5e3b23bbc09c): 32 руста в чанк
[19:12:18] AETERNAL (6015b02d-f272-4154-8209-5e3b23bbc09c): остальное передвигай
[19:12:23] galaxy3231 (d4f7a5f3-2cd4-40bf-b49f-e6b7300e0ce3): (
[19:12:32] galaxy3231 (d4f7a5f3-2cd4-40bf-b49f-e6b7300e0ce3): ну попозже щас не могу
[19:13:49] galaxy3231 (d4f7a5f3-2cd4-40bf-b49f-e6b7300e0ce3): почему мэ так ебануто делается
[19:13:57] galaxy3231 (d4f7a5f3-2cd4-40bf-b49f-e6b7300e0ce3): через инду термал эндр
[19:14:07] galaxy3231 (d4f7a5f3-2cd4-40bf-b49f-e6b7300e0ce3): я заебался уже на эндр
[19:14:10] AETERNAL (6015b02d-f272-4154-8209-5e3b23bbc09c): ну если бы у тебя мэ ещё в начале была
[19:14:17] AETERNAL (6015b02d-f272-4154-8209-5e3b23bbc09c): то сборка была бы афк с самого начала
[19:14:21] galaxy3231 (d4f7a5f3-2cd4-40bf-b49f-e6b7300e0ce3): ну эт да
[19:14:31] AETERNAL (6015b02d-f272-4154-8209-5e3b23bbc09c): в будущем мэ ещё дальше будет
[19:14:38] galaxy3231 (d4f7a5f3-2cd4-40bf-b49f-e6b7300e0ce3): (
[19:14:49] galaxy3231 (d4f7a5f3-2cd4-40bf-b49f-e6b7300e0ce3): но когда щас получу её такой кайф будет
[19:14:53] galaxy3231 (d4f7a5f3-2cd4-40bf-b49f-e6b7300e0ce3): 2 сумки в этих ресах
[19:15:07] AETERNAL (6015b02d-f272-4154-8209-5e3b23bbc09c): капец ты в куры упоролся
[19:15:18] galaxy3231 (d4f7a5f3-2cd4-40bf-b49f-e6b7300e0ce3): ну они имба я это знаю
[19:15:22] galaxy3231 (d4f7a5f3-2cd4-40bf-b49f-e6b7300e0ce3): из за этого в них пошёл
[19:15:28] galaxy3231 (d4f7a5f3-2cd4-40bf-b49f-e6b7300e0ce3): выводить пиздец долго
[19:15:32] galaxy3231 (d4f7a5f3-2cd4-40bf-b49f-e6b7300e0ce3): но ресов тоже дохуя
[19:16:30] AETERNAL (6015b02d-f272-4154-8209-5e3b23bbc09c): а я то думаю, чё у меня с фпс
[19:16:35] galaxy3231 (d4f7a5f3-2cd4-40bf-b49f-e6b7300e0ce3): ?
[19:16:47] AETERNAL (6015b02d-f272-4154-8209-5e3b23bbc09c): парящие цветки, 100 рустов в 1 чанке)
[19:16:55] galaxy3231 (d4f7a5f3-2cd4-40bf-b49f-e6b7300e0ce3): )
[19:17:05] galaxy3231 (d4f7a5f3-2cd4-40bf-b49f-e6b7300e0ce3): ману фармлю для портала
[19:17:16] AETERNAL (6015b02d-f272-4154-8209-5e3b23bbc09c): цветки это дело твоё, но русты распредели по чанкам
[19:17:25] galaxy3231 (d4f7a5f3-2cd4-40bf-b49f-e6b7300e0ce3): этим займусь
[19:17:31] galaxy3231 (d4f7a5f3-2cd4-40bf-b49f-e6b7300e0ce3): подвал всё равно будут копать
[19:17:35] galaxy3231 (d4f7a5f3-2cd4-40bf-b49f-e6b7300e0ce3): 6 чанков
[19:17:45] galaxy3231 (d4f7a5f3-2cd4-40bf-b49f-e6b7300e0ce3): вот там уже и распределю
[19:18:05] AETERNAL (6015b02d-f272-4154-8209-5e3b23bbc09c): и имей ввиду, если ты их ещё больше ставить будешь, я не даю гарантии что в будущем их прийдёться убирать
[19:18:15] AETERNAL (6015b02d-f272-4154-8209-5e3b23bbc09c): ибо я хз как они с тпс в таком кол-ве
[19:18:28] AETERNAL (6015b02d-f272-4154-8209-5e3b23bbc09c): пока что норм, а дальше будет видно
[19:18:30] galaxy3231 (d4f7a5f3-2cd4-40bf-b49f-e6b7300e0ce3): хз если часики поставить то -тпс
[19:19:25] galaxy3231 (d4f7a5f3-2cd4-40bf-b49f-e6b7300e0ce3): но кста пока я не видел чтобы -тпс был
[19:19:32] galaxy3231 (d4f7a5f3-2cd4-40bf-b49f-e6b7300e0ce3): ну только если удаление ent
[19:19:40] galaxy3231 (d4f7a5f3-2cd4-40bf-b49f-e6b7300e0ce3): провисает сервак на 3-5 сек
[19:19:41] AETERNAL (6015b02d-f272-4154-8209-5e3b23bbc09c): потому что баз больших нет
[19:20:29] AETERNAL (6015b02d-f272-4154-8209-5e3b23bbc09c): кит залутай)
[19:20:34] galaxy3231 (d4f7a5f3-2cd4-40bf-b49f-e6b7300e0ce3): ?
[19:20:39] galaxy3231 (d4f7a5f3-2cd4-40bf-b49f-e6b7300e0ce3): gde и какой
[19:20:41] AETERNAL (6015b02d-f272-4154-8209-5e3b23bbc09c): k NewYear
[19:20:50] galaxy3231 (d4f7a5f3-2cd4-40bf-b49f-e6b7300e0ce3): ща
[19:21:02] galaxy3231 (d4f7a5f3-2cd4-40bf-b49f-e6b7300e0ce3): ща
[19:21:05] AETERNAL (6015b02d-f272-4154-8209-5e3b23bbc09c): не
[19:21:07] AETERNAL (6015b02d-f272-4154-8209-5e3b23bbc09c): кидай
[19:21:12] galaxy3231 (d4f7a5f3-2cd4-40bf-b49f-e6b7300e0ce3): а
[19:21:14] galaxy3231 (d4f7a5f3-2cd4-40bf-b49f-e6b7300e0ce3): ладно
[19:21:16] AETERNAL (6015b02d-f272-4154-8209-5e3b23bbc09c): пускай заходит
[19:21:18] galaxy3231 (d4f7a5f3-2cd4-40bf-b49f-e6b7300e0ce3): не не сможу
[19:21:19] AETERNAL (6015b02d-f272-4154-8209-5e3b23bbc09c): заебал
[19:22:09] galaxy3231 (d4f7a5f3-2cd4-40bf-b49f-e6b7300e0ce3): вот это нихуя себе
[19:22:38] galaxy3231 (d4f7a5f3-2cd4-40bf-b49f-e6b7300e0ce3): о квп это хорошо
[19:23:05] AETERNAL (6015b02d-f272-4154-8209-5e3b23bbc09c): распространы еть кастомные если что
[19:23:09] AETERNAL (6015b02d-f272-4154-8209-5e3b23bbc09c): эти шляпа
[19:23:14] galaxy3231 (d4f7a5f3-2cd4-40bf-b49f-e6b7300e0ce3): это видел
[19:23:18] galaxy3231 (d4f7a5f3-2cd4-40bf-b49f-e6b7300e0ce3): просто гаю еще не убивал
[19:23:22] galaxy3231 (d4f7a5f3-2cd4-40bf-b49f-e6b7300e0ce3): а так этим заниюсь
[19:23:28] galaxy3231 (d4f7a5f3-2cd4-40bf-b49f-e6b7300e0ce3): но земляные осколки нужны
[19:23:32] galaxy3231 (d4f7a5f3-2cd4-40bf-b49f-e6b7300e0ce3): но хуй знает как их добыть
[19:23:36] galaxy3231 (d4f7a5f3-2cd4-40bf-b49f-e6b7300e0ce3): пытался найти не 1
[19:23:47] AETERNAL (6015b02d-f272-4154-8209-5e3b23bbc09c): что за осколки
[19:23:51] galaxy3231 (d4f7a5f3-2cd4-40bf-b49f-e6b7300e0ce3): земляные
[19:24:04] galaxy3231 (d4f7a5f3-2cd4-40bf-b49f-e6b7300e0ce3): для природ пилон
[19:24:14] AETERNAL (6015b02d-f272-4154-8209-5e3b23bbc09c): а
[19:24:16] AETERNAL (6015b02d-f272-4154-8209-5e3b23bbc09c): эти
[19:24:26] AETERNAL (6015b02d-f272-4154-8209-5e3b23bbc09c): в джеи
[19:24:29] AETERNAL (6015b02d-f272-4154-8209-5e3b23bbc09c): лут с мобов
[19:24:35] AETERNAL (6015b02d-f272-4154-8209-5e3b23bbc09c): там довольно просто
[19:24:37] galaxy3231 (d4f7a5f3-2cd4-40bf-b49f-e6b7300e0ce3): ну я этим мобов не видел
[19:24:40] galaxy3231 (d4f7a5f3-2cd4-40bf-b49f-e6b7300e0ce3): за 4 часа
[19:24:42] galaxy3231 (d4f7a5f3-2cd4-40bf-b49f-e6b7300e0ce3): не 1
[19:24:51] AETERNAL (6015b02d-f272-4154-8209-5e3b23bbc09c): та ну
[19:25:18] galaxy3231 (d4f7a5f3-2cd4-40bf-b49f-e6b7300e0ce3): я то думал что меня почти ебнуло а это беск вино
[19:27:05] galaxy3231 (d4f7a5f3-2cd4-40bf-b49f-e6b7300e0ce3): ну шо нашёл хотяб 1
[19:27:26] AETERNAL (6015b02d-f272-4154-8209-5e3b23bbc09c): вот
[19:27:28] AETERNAL (6015b02d-f272-4154-8209-5e3b23bbc09c): !
[19:27:31] AETERNAL (6015b02d-f272-4154-8209-5e3b23bbc09c): 1
[19:27:41] galaxy3231 (d4f7a5f3-2cd4-40bf-b49f-e6b7300e0ce3): а где ты
[19:28:06] galaxy3231 (d4f7a5f3-2cd4-40bf-b49f-e6b7300e0ce3): блять я тут сколько бегал
[19:28:08] galaxy3231 (d4f7a5f3-2cd4-40bf-b49f-e6b7300e0ce3): как нахуй
[19:28:41] AETERNAL (6015b02d-f272-4154-8209-5e3b23bbc09c): есть ещё 1 спосоь
[19:28:48] AETERNAL (6015b02d-f272-4154-8209-5e3b23bbc09c): ночной порошок из астрала
[19:28:48] galaxy3231 (d4f7a5f3-2cd4-40bf-b49f-e6b7300e0ce3): через материю
[19:28:49] galaxy3231 (d4f7a5f3-2cd4-40bf-b49f-e6b7300e0ce3): видел
[19:28:52] AETERNAL (6015b02d-f272-4154-8209-5e3b23bbc09c): гляди
[19:28:53] galaxy3231 (d4f7a5f3-2cd4-40bf-b49f-e6b7300e0ce3): ,
[19:29:00] galaxy3231 (d4f7a5f3-2cd4-40bf-b49f-e6b7300e0ce3): каво
[19:29:34] galaxy3231 (d4f7a5f3-2cd4-40bf-b49f-e6b7300e0ce3): а шо он даст то
[19:29:38] AETERNAL (6015b02d-f272-4154-8209-5e3b23bbc09c): смотри
[19:29:50] AETERNAL (6015b02d-f272-4154-8209-5e3b23bbc09c): только не їочу на базе у теб
[19:30:13] galaxy3231 (d4f7a5f3-2cd4-40bf-b49f-e6b7300e0ce3): я просто только тут астрал в 1 раз изучал
[19:30:18] galaxy3231 (d4f7a5f3-2cd4-40bf-b49f-e6b7300e0ce3): всегда обходил
[19:30:23] galaxy3231 (d4f7a5f3-2cd4-40bf-b49f-e6b7300e0ce3): каво
[19:30:46] galaxy3231 (d4f7a5f3-2cd4-40bf-b49f-e6b7300e0ce3): он притягивает мобов
[19:30:47] galaxy3231 (d4f7a5f3-2cd4-40bf-b49f-e6b7300e0ce3): или как
[19:30:47] AETERNAL (6015b02d-f272-4154-8209-5e3b23bbc09c): и есть шанс что получишь тех мобов
[19:30:50] galaxy3231 (d4f7a5f3-2cd4-40bf-b49f-e6b7300e0ce3): а
[19:31:08] galaxy3231 (d4f7a5f3-2cd4-40bf-b49f-e6b7300e0ce3): а он только ночью юзается
[19:31:14] AETERNAL (6015b02d-f272-4154-8209-5e3b23bbc09c): когда угодно
[19:31:20] galaxy3231 (d4f7a5f3-2cd4-40bf-b49f-e6b7300e0ce3): понял
[19:31:27] galaxy3231 (d4f7a5f3-2cd4-40bf-b49f-e6b7300e0ce3): ну значит щас пойду крафтить
[19:31:33] AETERNAL (6015b02d-f272-4154-8209-5e3b23bbc09c): вот выбил кобблина
[19:31:53] galaxy3231 (d4f7a5f3-2cd4-40bf-b49f-e6b7300e0ce3): я просто хуй знаю этот астрал
[19:32:19] AETERNAL (6015b02d-f272-4154-8209-5e3b23bbc09c): имба мод
[19:32:23] AETERNAL (6015b02d-f272-4154-8209-5e3b23bbc09c): никто чё то не хочет
[19:32:31] galaxy3231 (d4f7a5f3-2cd4-40bf-b49f-e6b7300e0ce3): ну я его всегда обходил
[19:32:43] galaxy3231 (d4f7a5f3-2cd4-40bf-b49f-e6b7300e0ce3): он муторный тем что ночью только изучается
[19:33:10] AETERNAL (6015b02d-f272-4154-8209-5e3b23bbc09c): лан я пойду
[19:33:13] galaxy3231 (d4f7a5f3-2cd4-40bf-b49f-e6b7300e0ce3): bb
[19:33:14] AETERNAL (6015b02d-f272-4154-8209-5e3b23bbc09c): кур перенеси
[19:41:40] galaxy3231 (d4f7a5f3-2cd4-40bf-b49f-e6b7300e0ce3): Nergaloff а скок у тебя рустов в чанке?
[19:42:20] Nergaloff (88da800e-1614-4c65-ace8-c18f7e99e914): я только вывожу, пока их не определял никуда
[19:42:31] Nergaloff (88da800e-1614-4c65-ace8-c18f7e99e914): только 2 шт с деревом стоят
[19:42:44] galaxy3231 (d4f7a5f3-2cd4-40bf-b49f-e6b7300e0ce3): Ну мне сказали что огр 32 в чанк
[19:42:54] galaxy3231 (d4f7a5f3-2cd4-40bf-b49f-e6b7300e0ce3): У меня же стояло 3 стака почти
[19:43:00] Nergaloff (88da800e-1614-4c65-ace8-c18f7e99e914): нихуя
[19:45:03] galaxy3231 (d4f7a5f3-2cd4-40bf-b49f-e6b7300e0ce3): о взял кит
[19:45:33] Nergaloff (88da800e-1614-4c65-ace8-c18f7e99e914): угу
[19:45:38] Nergaloff (88da800e-1614-4c65-ace8-c18f7e99e914): только ради этого зашел
[19:45:43] galaxy3231 (d4f7a5f3-2cd4-40bf-b49f-e6b7300e0ce3): Он очень хороший
[19:45:47] galaxy3231 (d4f7a5f3-2cd4-40bf-b49f-e6b7300e0ce3): Особенно квп
[19:47:17] Nergaloff (88da800e-1614-4c65-ace8-c18f7e99e914): норм
[19:47:39] Nergaloff (88da800e-1614-4c65-ace8-c18f7e99e914): я уже раскидал все
[19:47:48] Nergaloff (88da800e-1614-4c65-ace8-c18f7e99e914): на твой мало чем похож
[20:24:48] galaxy3231 (d4f7a5f3-2cd4-40bf-b49f-e6b7300e0ce3): а
[20:25:15] galaxy3231 (d4f7a5f3-2cd4-40bf-b49f-e6b7300e0ce3): 5 пропит дерева из астрала 1 гибрид ядро 3 снопа сена
[20:25:41] galaxy3231 (d4f7a5f3-2cd4-40bf-b49f-e6b7300e0ce3): А
[20:25:58] galaxy3231 (d4f7a5f3-2cd4-40bf-b49f-e6b7300e0ce3): Я просто ебашу щас подвал на 6 чанков
[20:26:05] galaxy3231 (d4f7a5f3-2cd4-40bf-b49f-e6b7300e0ce3): И взрываю всё чтобы он больше былб
[20:26:32] galaxy3231 (d4f7a5f3-2cd4-40bf-b49f-e6b7300e0ce3): блять они тут были
[20:26:45] galaxy3231 (d4f7a5f3-2cd4-40bf-b49f-e6b7300e0ce3): Я и не делаю
[20:26:57] galaxy3231 (d4f7a5f3-2cd4-40bf-b49f-e6b7300e0ce3): Я просто из астрала кирпичи делаю и акац доски
[20:28:08] galaxy3231 (d4f7a5f3-2cd4-40bf-b49f-e6b7300e0ce3): Кста а какие огры на русты
[20:28:19] galaxy3231 (d4f7a5f3-2cd4-40bf-b49f-e6b7300e0ce3): Просто сказали 32 в чанк
[20:29:00] galaxy3231 (d4f7a5f3-2cd4-40bf-b49f-e6b7300e0ce3): Так руст всё таки 32 в чанк да(
[20:30:59] galaxy3231 (d4f7a5f3-2cd4-40bf-b49f-e6b7300e0ce3): я так и хотел сделать и тут на огры(
[20:31:19] galaxy3231 (d4f7a5f3-2cd4-40bf-b49f-e6b7300e0ce3): В чанк
[20:32:21] galaxy3231 (d4f7a5f3-2cd4-40bf-b49f-e6b7300e0ce3): yes
[20:38:11] galaxy3231 (d4f7a5f3-2cd4-40bf-b49f-e6b7300e0ce3): (
[20:38:21] galaxy3231 (d4f7a5f3-2cd4-40bf-b49f-e6b7300e0ce3): мало
[20:39:40] galaxy3231 (d4f7a5f3-2cd4-40bf-b49f-e6b7300e0ce3): Теперь куда мне деть 25 стаков ирид куриц и 15 стаков пробуд куриц
