[07:25:07] ProCto_DS (d3139add-473e-468f-9582-8b46bb0e237c): Бляяя, какой-же это каеф с мышкой
[07:54:53] ProCto_DS (d3139add-473e-468f-9582-8b46bb0e237c): Играть будешь?
[07:59:08] ProCto_DS (d3139add-473e-468f-9582-8b46bb0e237c): Эх(
[08:04:29] ProCto_DS (d3139add-473e-468f-9582-8b46bb0e237c): Лучшеб ща зашёл :)
[08:06:28] ProCto_DS (d3139add-473e-468f-9582-8b46bb0e237c): Постараюсь)
[08:06:30] ProCto_DS (d3139add-473e-468f-9582-8b46bb0e237c): Каво
[08:07:20] ProCto_DS (d3139add-473e-468f-9582-8b46bb0e237c): Вот почему он с утра в сети)
[08:08:01] ProCto_DS (d3139add-473e-468f-9582-8b46bb0e237c): Болка шоли?
[08:08:10] ProCto_DS (d3139add-473e-468f-9582-8b46bb0e237c): ааа
[08:08:12] ProCto_DS (d3139add-473e-468f-9582-8b46bb0e237c): Беззубик
[08:08:58] ProCto_DS (d3139add-473e-468f-9582-8b46bb0e237c): хах)
[08:09:26] ProCto_DS (d3139add-473e-468f-9582-8b46bb0e237c): Что за?
[08:12:48] ProCto_DS (d3139add-473e-468f-9582-8b46bb0e237c): Скока же эссенции из таума
[08:55:53] ProCto_DS (d3139add-473e-468f-9582-8b46bb0e237c): Ну чё повер?
[08:58:09] ProCto_DS (d3139add-473e-468f-9582-8b46bb0e237c): Закончил?
[08:58:57] ProCto_DS (d3139add-473e-468f-9582-8b46bb0e237c): ЭЭЭЭ
[08:59:03] ProCto_DS (d3139add-473e-468f-9582-8b46bb0e237c): Чё за херня
[08:59:07] ProCto_DS (d3139add-473e-468f-9582-8b46bb0e237c): а во
[08:59:16] ProCto_DS (d3139add-473e-468f-9582-8b46bb0e237c): фуф)
[09:07:40] ProCto_DS (d3139add-473e-468f-9582-8b46bb0e237c): Хах, мне повезло?)
[09:07:54] ProCto_DS (d3139add-473e-468f-9582-8b46bb0e237c): Когда оффлайн режим уберут?
[09:08:38] ProCto_DS (d3139add-473e-468f-9582-8b46bb0e237c): Ну мне через 2 часа на учёбу)
[09:10:01] ProCto_DS (d3139add-473e-468f-9582-8b46bb0e237c): почему лагает то, с инетом всё норм
[09:11:56] ProCto_DS (d3139add-473e-468f-9582-8b46bb0e237c): воооо
[09:12:09] ProCto_DS (d3139add-473e-468f-9582-8b46bb0e237c): Прям на глазах 3 тпс ушло
[09:12:14] ProCto_DS (d3139add-473e-468f-9582-8b46bb0e237c): И в этот момент лаг
[09:13:13] ProCto_DS (d3139add-473e-468f-9582-8b46bb0e237c): и шо?
[09:14:29] ProCto_DS (d3139add-473e-468f-9582-8b46bb0e237c): ммм
[09:14:33] ProCto_DS (d3139add-473e-468f-9582-8b46bb0e237c): Я забыл что тут ихор есть
[09:14:36] ProCto_DS (d3139add-473e-468f-9582-8b46bb0e237c): +
[09:15:40] ProCto_DS (d3139add-473e-468f-9582-8b46bb0e237c): никакой ссылки
[09:16:23] ProCto_DS (d3139add-473e-468f-9582-8b46bb0e237c): Expected flag at position 0 but stop instead
[09:17:00] ProCto_DS (d3139add-473e-468f-9582-8b46bb0e237c): снова тоже самое
[09:18:27] ProCto_DS (d3139add-473e-468f-9582-8b46bb0e237c): тоже самое
[09:19:07] ProCto_DS (d3139add-473e-468f-9582-8b46bb0e237c): Эт сейчас прописать?
[09:20:01] ProCto_DS (d3139add-473e-468f-9582-8b46bb0e237c): прописал
[09:20:04] ProCto_DS (d3139add-473e-468f-9582-8b46bb0e237c): ждём фриз
[09:20:51] ProCto_DS (d3139add-473e-468f-9582-8b46bb0e237c): Ahbp
[09:20:53] ProCto_DS (d3139add-473e-468f-9582-8b46bb0e237c): фриз
[09:21:07] ProCto_DS (d3139add-473e-468f-9582-8b46bb0e237c): Прописал
[09:21:12] ProCto_DS (d3139add-473e-468f-9582-8b46bb0e237c): Та же ошибка
[09:22:41] ProCto_DS (d3139add-473e-468f-9582-8b46bb0e237c): Таум есть, терь асстрал
[09:22:42] ProCto_DS (d3139add-473e-468f-9582-8b46bb0e237c): Ёпта
[10:06:05] ProCto_DS (d3139add-473e-468f-9582-8b46bb0e237c): а светящий верстак как сделато, крафт выложил а он не делается)
[10:06:23] ProCto_DS (d3139add-473e-468f-9582-8b46bb0e237c): Повер
[10:12:49] ProCto_DS (d3139add-473e-468f-9582-8b46bb0e237c): На базе
[10:14:14] ProCto_DS (d3139add-473e-468f-9582-8b46bb0e237c): оо)
[10:21:00] ProCto_DS (d3139add-473e-468f-9582-8b46bb0e237c): получилось
[10:23:43] ProCto_DS (d3139add-473e-468f-9582-8b46bb0e237c): Будет прикол если ща матрица бабахнет
[10:24:11] [CAPS] ProCto_DS (d3139add-473e-468f-9582-8b46bb0e237c): аааааа
[10:24:21] ProCto_DS (d3139add-473e-468f-9582-8b46bb0e237c): О май гат
[10:26:32] ProCto_DS (d3139add-473e-468f-9582-8b46bb0e237c): Повер, ты тут
[10:26:35] ProCto_DS (d3139add-473e-468f-9582-8b46bb0e237c): ?
[10:28:47] ProCto_DS (d3139add-473e-468f-9582-8b46bb0e237c): подскажешь части для кирки, мне для шахты___
[10:30:22] ProCto_DS (d3139add-473e-468f-9582-8b46bb0e237c): А какая кроме нее?
[10:30:33] ProCto_DS (d3139add-473e-468f-9582-8b46bb0e237c): У меня в уме ток проб.ихор кирка
[10:30:51] ProCto_DS (d3139add-473e-468f-9582-8b46bb0e237c): его крафт...
[10:31:22] ProCto_DS (d3139add-473e-468f-9582-8b46bb0e237c): какие буры?
[10:31:52] ProCto_DS (d3139add-473e-468f-9582-8b46bb0e237c): Ща будет подбирвать части
[10:32:00] ProCto_DS (d3139add-473e-468f-9582-8b46bb0e237c): повер, когда ты зайдёшь меня не будет(
[19:05:23] Nergaloff (88da800e-1614-4c65-ace8-c18f7e99e914): q
[19:41:40] VladDoor (f83aa885-2487-4295-b366-193cd21d8701): ку
[19:41:45] Nergaloff (88da800e-1614-4c65-ace8-c18f7e99e914): q
[20:51:24] VladDoor (f83aa885-2487-4295-b366-193cd21d8701): Привет
[20:51:30] VladDoor (f83aa885-2487-4295-b366-193cd21d8701): ты шаришь в астрале?
[20:51:30] Kroks__ (b0f230fd-9d20-48eb-9c98-d48c865a82c4): привет
[20:52:29] Kroks__ (b0f230fd-9d20-48eb-9c98-d48c865a82c4): неа
[20:52:38] Kroks__ (b0f230fd-9d20-48eb-9c98-d48c865a82c4): я совсем не знаю этот мод
[20:55:37] VladDoor (f83aa885-2487-4295-b366-193cd21d8701): ТЫ шаришь в астрале?
[20:57:18] VladDoor (f83aa885-2487-4295-b366-193cd21d8701): У меня верстак не крафтит
[20:57:21] VladDoor (f83aa885-2487-4295-b366-193cd21d8701): из астрала
[20:57:50] VladDoor (f83aa885-2487-4295-b366-193cd21d8701): где взять
[20:58:06] VladDoor (f83aa885-2487-4295-b366-193cd21d8701): где взять свет
[20:59:01] VladDoor (f83aa885-2487-4295-b366-193cd21d8701): типа над землей?
[20:59:09] VladDoor (f83aa885-2487-4295-b366-193cd21d8701): не на 100 высоте?
[21:13:03] VladDoor (f83aa885-2487-4295-b366-193cd21d8701): Почему не забирается крафт в верстаке?
[21:13:13] VladDoor (f83aa885-2487-4295-b366-193cd21d8701): наполнилась шкала света
[21:24:23] VladDoor (f83aa885-2487-4295-b366-193cd21d8701): уже в гайде посмотрел
[21:48:19] VladDoor (f83aa885-2487-4295-b366-193cd21d8701): блят
[21:48:26] VladDoor (f83aa885-2487-4295-b366-193cd21d8701): почему не выпадают эти алтари?
[21:50:36] VladDoor (f83aa885-2487-4295-b366-193cd21d8701): для квеста
[21:50:39] VladDoor (f83aa885-2487-4295-b366-193cd21d8701): как их
[21:50:43] VladDoor (f83aa885-2487-4295-b366-193cd21d8701): снимать?
[22:33:14] VladDoor (f83aa885-2487-4295-b366-193cd21d8701): что кого
[22:40:26] VladDoor (f83aa885-2487-4295-b366-193cd21d8701): В гайде нету ничего связаного с крафтом телескопа
[22:40:35] VladDoor (f83aa885-2487-4295-b366-193cd21d8701): только во 2 части созвездия где он изучает
[22:40:44] VladDoor (f83aa885-2487-4295-b366-193cd21d8701): но там уже скрафченый
[22:41:11] VladDoor (f83aa885-2487-4295-b366-193cd21d8701): созвездия для крафтов нужны?
[22:51:39] VladDoor (f83aa885-2487-4295-b366-193cd21d8701): о товарищ нашелся по нещастью
[22:51:42] VladDoor (f83aa885-2487-4295-b366-193cd21d8701): пинг класный
[22:51:46] VladDoor (f83aa885-2487-4295-b366-193cd21d8701): как у меня
[22:57:41] VladDoor (f83aa885-2487-4295-b366-193cd21d8701): с помощью кирки из дивайна
[22:57:43] VladDoor (f83aa885-2487-4295-b366-193cd21d8701): выпадает
[23:03:10] AETERNAL (6015b02d-f272-4154-8209-5e3b23bbc09c): tp
[23:04:00] AETERNAL (6015b02d-f272-4154-8209-5e3b23bbc09c): Вот кристалл усиливающий
[23:04:04] AETERNAL (6015b02d-f272-4154-8209-5e3b23bbc09c): на будущее тебе
[23:04:13] VladDoor (f83aa885-2487-4295-b366-193cd21d8701): и че он делает
[23:04:24] VladDoor (f83aa885-2487-4295-b366-193cd21d8701): типа старлайт
[23:04:27] AETERNAL (6015b02d-f272-4154-8209-5e3b23bbc09c): свет на максимум даже днём
[23:04:27] VladDoor (f83aa885-2487-4295-b366-193cd21d8701): усиливает?
[23:04:36] AETERNAL (6015b02d-f272-4154-8209-5e3b23bbc09c): зависит тоже от параметров кристалла
[23:05:41] VladDoor (f83aa885-2487-4295-b366-193cd21d8701): а в чем разница с белым кристалом?
[23:06:15] AETERNAL (6015b02d-f272-4154-8209-5e3b23bbc09c): в мощности
[23:06:33] VladDoor (f83aa885-2487-4295-b366-193cd21d8701): синий кристал ток в
[23:06:39] VladDoor (f83aa885-2487-4295-b366-193cd21d8701): мультиблоке?
[23:06:41] VladDoor (f83aa885-2487-4295-b366-193cd21d8701): делается
[23:06:42] VladDoor (f83aa885-2487-4295-b366-193cd21d8701): или что
[23:06:50] AETERNAL (6015b02d-f272-4154-8209-5e3b23bbc09c): кого
[23:06:56] VladDoor (f83aa885-2487-4295-b366-193cd21d8701): небесный кристал
[23:07:05] AETERNAL (6015b02d-f272-4154-8209-5e3b23bbc09c): ну что с ним
[23:07:41] AETERNAL (6015b02d-f272-4154-8209-5e3b23bbc09c): на алтаре
[23:07:55] AETERNAL (6015b02d-f272-4154-8209-5e3b23bbc09c): как и любой коллекторный кристалл
[23:08:15] VladDoor (f83aa885-2487-4295-b366-193cd21d8701): это все обьязательно для панелей иу?
[23:08:18] VladDoor (f83aa885-2487-4295-b366-193cd21d8701): делать
[23:08:26] AETERNAL (6015b02d-f272-4154-8209-5e3b23bbc09c): ну ты потом узнаешь
[23:08:31] VladDoor (f83aa885-2487-4295-b366-193cd21d8701): это будет для меня
[23:08:33] VladDoor (f83aa885-2487-4295-b366-193cd21d8701): подлянкой
[23:08:41] AETERNAL (6015b02d-f272-4154-8209-5e3b23bbc09c): крфт первой панели посмотри и поймёшь
[23:08:43] VladDoor (f83aa885-2487-4295-b366-193cd21d8701): как форестри
[23:08:48] VladDoor (f83aa885-2487-4295-b366-193cd21d8701): типа из генераторов?
[23:09:11] AETERNAL (6015b02d-f272-4154-8209-5e3b23bbc09c): ну ты внимательно смотри
[23:09:15] AETERNAL (6015b02d-f272-4154-8209-5e3b23bbc09c): а не так как ты смотришь
[23:09:25] VladDoor (f83aa885-2487-4295-b366-193cd21d8701): а че у панельки улучшенной
[23:09:28] VladDoor (f83aa885-2487-4295-b366-193cd21d8701): зеленая текстура
[23:10:11] VladDoor (f83aa885-2487-4295-b366-193cd21d8701): нашел тут тока ночной порошок
[23:11:02] AETERNAL (6015b02d-f272-4154-8209-5e3b23bbc09c): ну вот
[23:11:12] AETERNAL (6015b02d-f272-4154-8209-5e3b23bbc09c): потом смотри крафт каталика и макс синги
[23:12:01] VladDoor (f83aa885-2487-4295-b366-193cd21d8701): какой каталик
[23:12:32] VladDoor (f83aa885-2487-4295-b366-193cd21d8701): из аваритии?
[23:13:33] VladDoor (f83aa885-2487-4295-b366-193cd21d8701): ну там цветные
[23:13:36] VladDoor (f83aa885-2487-4295-b366-193cd21d8701): линзы
[23:13:42] VladDoor (f83aa885-2487-4295-b366-193cd21d8701): эти же линзы нужны для 1к карточек даже
[23:13:59] AETERNAL (6015b02d-f272-4154-8209-5e3b23bbc09c): ну вот тебе и ответ на вопрос надо ли астрал
[23:14:38] VladDoor (f83aa885-2487-4295-b366-193cd21d8701): ну типа тп
[23:14:41] VladDoor (f83aa885-2487-4295-b366-193cd21d8701): я покажу че сделал
[23:14:49] VladDoor (f83aa885-2487-4295-b366-193cd21d8701): этого не хватит?
[23:14:58] AETERNAL (6015b02d-f272-4154-8209-5e3b23bbc09c): на что
[23:15:03] AETERNAL (6015b02d-f272-4154-8209-5e3b23bbc09c): не хватит
[23:15:08] VladDoor (f83aa885-2487-4295-b366-193cd21d8701): а по кудова нада
[23:15:13] AETERNAL (6015b02d-f272-4154-8209-5e3b23bbc09c): фулл астрал
[23:15:38] VladDoor (f83aa885-2487-4295-b366-193cd21d8701): ну вот когда понадобится тогда и буду дальше делать
[23:15:41] VladDoor (f83aa885-2487-4295-b366-193cd21d8701): а пока этого хватит
[23:15:43] VladDoor (f83aa885-2487-4295-b366-193cd21d8701): наверна
[23:16:17] VladDoor (f83aa885-2487-4295-b366-193cd21d8701): нада бы сделать
[23:16:20] VladDoor (f83aa885-2487-4295-b366-193cd21d8701): ботанию
[23:16:24] VladDoor (f83aa885-2487-4295-b366-193cd21d8701): когда нибуть
[23:16:29] VladDoor (f83aa885-2487-4295-b366-193cd21d8701): и форестри
[23:17:02] AETERNAL (6015b02d-f272-4154-8209-5e3b23bbc09c): чёт вообще слабо
[23:17:04] AETERNAL (6015b02d-f272-4154-8209-5e3b23bbc09c): по ресам
[23:17:15] VladDoor (f83aa885-2487-4295-b366-193cd21d8701): так нету конвертера еще
[23:17:20] VladDoor (f83aa885-2487-4295-b366-193cd21d8701): куе
[23:17:38] AETERNAL (6015b02d-f272-4154-8209-5e3b23bbc09c): зачем он тебе вообще
[23:17:54] AETERNAL (6015b02d-f272-4154-8209-5e3b23bbc09c): обработку руд хотя б сделай
[23:17:54] VladDoor (f83aa885-2487-4295-b366-193cd21d8701): или ты по ресам вообщем мехи?
[23:18:04] VladDoor (f83aa885-2487-4295-b366-193cd21d8701): до нее дожить бы
[23:18:10] VladDoor (f83aa885-2487-4295-b366-193cd21d8701): я щас хочу аплайд сделать
[23:18:27] VladDoor (f83aa885-2487-4295-b366-193cd21d8701): готово все уже почти
[23:19:49] VladDoor (f83aa885-2487-4295-b366-193cd21d8701): пиздец
[23:19:57] VladDoor (f83aa885-2487-4295-b366-193cd21d8701): а как флакс делается
[23:20:02] VladDoor (f83aa885-2487-4295-b366-193cd21d8701): редстоун сгорает
[23:20:22] VladDoor (f83aa885-2487-4295-b366-193cd21d8701): а
[23:21:59] VladDoor (f83aa885-2487-4295-b366-193cd21d8701): не работает
[23:22:00] VladDoor (f83aa885-2487-4295-b366-193cd21d8701): все равно
[23:24:09] AETERNAL (6015b02d-f272-4154-8209-5e3b23bbc09c): что
[23:24:26] VladDoor (f83aa885-2487-4295-b366-193cd21d8701): как флакс делать
[23:24:31] VladDoor (f83aa885-2487-4295-b366-193cd21d8701): смотри
[23:24:32] AETERNAL (6015b02d-f272-4154-8209-5e3b23bbc09c): там написано
[23:24:38] AETERNAL (6015b02d-f272-4154-8209-5e3b23bbc09c): даже с анимацией
[23:25:23] VladDoor (f83aa885-2487-4295-b366-193cd21d8701): это все наебка
[23:26:55] VladDoor (f83aa885-2487-4295-b366-193cd21d8701): не работает
[23:27:31] AETERNAL (6015b02d-f272-4154-8209-5e3b23bbc09c): над бедроком
[23:27:35] AETERNAL (6015b02d-f272-4154-8209-5e3b23bbc09c): высота 0
[23:27:44] VladDoor (f83aa885-2487-4295-b366-193cd21d8701): всм
[23:27:50] VladDoor (f83aa885-2487-4295-b366-193cd21d8701): типа на самом низком блоке?
[23:27:51] VladDoor (f83aa885-2487-4295-b366-193cd21d8701): бедрока
[23:28:44] VladDoor (f83aa885-2487-4295-b366-193cd21d8701): я бедрок сломал
[23:28:58] AETERNAL (6015b02d-f272-4154-8209-5e3b23bbc09c): чё
[23:28:58] VladDoor (f83aa885-2487-4295-b366-193cd21d8701): тп ко мне
[23:29:26] AETERNAL (6015b02d-f272-4154-8209-5e3b23bbc09c): как
[23:29:36] VladDoor (f83aa885-2487-4295-b366-193cd21d8701): обсидианом конечно же xD
[23:29:56] AETERNAL (6015b02d-f272-4154-8209-5e3b23bbc09c): чё ты
[23:30:04] AETERNAL (6015b02d-f272-4154-8209-5e3b23bbc09c): блять
[23:30:05] AETERNAL (6015b02d-f272-4154-8209-5e3b23bbc09c): ты гений
[23:30:08] AETERNAL (6015b02d-f272-4154-8209-5e3b23bbc09c): это руда
[23:30:14] VladDoor (f83aa885-2487-4295-b366-193cd21d8701): не работает
[23:30:39] VladDoor (f83aa885-2487-4295-b366-193cd21d8701): чего
[23:30:47] VladDoor (f83aa885-2487-4295-b366-193cd21d8701): а как ты
[23:30:53] AETERNAL (6015b02d-f272-4154-8209-5e3b23bbc09c): ещё раз говорю
[23:30:55] AETERNAL (6015b02d-f272-4154-8209-5e3b23bbc09c): читать джеи
[23:30:58] AETERNAL (6015b02d-f272-4154-8209-5e3b23bbc09c): внимательно
[23:31:17] VladDoor (f83aa885-2487-4295-b366-193cd21d8701): а там написано еще че то
[23:31:19] VladDoor (f83aa885-2487-4295-b366-193cd21d8701): я не наводился
[23:33:07] VladDoor (f83aa885-2487-4295-b366-193cd21d8701): это было очевидно
[23:34:23] VladDoor (f83aa885-2487-4295-b366-193cd21d8701): почему прессы для высекателей не даются в китах(
[23:34:29] VladDoor (f83aa885-2487-4295-b366-193cd21d8701): почему прессы для высекателей не даются в китах(
[23:38:39] VladDoor (f83aa885-2487-4295-b366-193cd21d8701): мне всю жизнь сидеть на 4к картах
[23:41:17] VladDoor (f83aa885-2487-4295-b366-193cd21d8701): почему даже на ускорители из ае такой крафт ахуенный?
[23:48:50] VladDoor (f83aa885-2487-4295-b366-193cd21d8701): сюда
[23:49:10] AETERNAL (6015b02d-f272-4154-8209-5e3b23bbc09c): что
[23:57:28] VladDoor (f83aa885-2487-4295-b366-193cd21d8701): я щас сделаю 7 карточек на 4к прикинь
[23:59:51] VladDoor (f83aa885-2487-4295-b366-193cd21d8701): пизда
[23:59:54] VladDoor (f83aa885-2487-4295-b366-193cd21d8701): у меня баги
[23:59:55] VladDoor (f83aa885-2487-4295-b366-193cd21d8701): жеские
