[11:47:04] adilete2 (33475a2b-d5cc-454e-ba72-aaede7f3f199): есть админ?
[11:47:22] Nergaloff (88da800e-1614-4c65-ace8-c18f7e99e914): это тебе в дискорд
[11:47:37] adilete2 (33475a2b-d5cc-454e-ba72-aaede7f3f199): у меня из неоткуда музон играет
[11:48:59] adilete2 (33475a2b-d5cc-454e-ba72-aaede7f3f199): а все не надо
[11:51:15] adilete2 (33475a2b-d5cc-454e-ba72-aaede7f3f199): что для начал изучит?
[11:52:54] adilete2 (33475a2b-d5cc-454e-ba72-aaede7f3f199): а че инструменты быстро ломаетса
[11:53:28] Nergaloff (88da800e-1614-4c65-ace8-c18f7e99e914): тинкером пользоваться нужно, ванильные 1 прочность имеют
[11:53:42] adilete2 (33475a2b-d5cc-454e-ba72-aaede7f3f199): а че так
[11:54:15] adilete2 (33475a2b-d5cc-454e-ba72-aaede7f3f199): я хотел в начале блуд изучит
[11:54:28] Nergaloff (88da800e-1614-4c65-ace8-c18f7e99e914): чем хочешь, тем и занимайся
[11:54:32] adilete2 (33475a2b-d5cc-454e-ba72-aaede7f3f199): а тут такое
[11:54:55] adilete2 (33475a2b-d5cc-454e-ba72-aaede7f3f199): ага
[11:55:19] adilete2 (33475a2b-d5cc-454e-ba72-aaede7f3f199): хс мне интересно
[11:56:37] adilete2 (33475a2b-d5cc-454e-ba72-aaede7f3f199): тут за подгон бан?
[11:56:56] Nergaloff (88da800e-1614-4c65-ace8-c18f7e99e914): какой подгон?
[11:57:08] adilete2 (33475a2b-d5cc-454e-ba72-aaede7f3f199): за ресы
[11:57:19] Nergaloff (88da800e-1614-4c65-ace8-c18f7e99e914): та вроде нет
[11:58:02] adilete2 (33475a2b-d5cc-454e-ba72-aaede7f3f199): тогда мож печ дат из тинкери?
[11:58:26] Nergaloff (88da800e-1614-4c65-ace8-c18f7e99e914): хаха это вряд ли
[12:00:21] Nergaloff (88da800e-1614-4c65-ace8-c18f7e99e914): в правилах насколько я помню об этом не слова
[12:00:30] Nergaloff (88da800e-1614-4c65-ace8-c18f7e99e914): так что в пределах разумного - проблем нет
[12:25:38] Shick (1e509a89-d5e1-4571-bec0-bbd919826fe9): es
[12:47:04] Shick (1e509a89-d5e1-4571-bec0-bbd919826fe9): А ты присоединяйся не будешь лишним
[12:47:57] Shick (1e509a89-d5e1-4571-bec0-bbd919826fe9): не попробуешь не узнаешь
[12:59:06] Shick (1e509a89-d5e1-4571-bec0-bbd919826fe9): так
[12:59:34] Shick (1e509a89-d5e1-4571-bec0-bbd919826fe9): о бля
[12:59:35] Netrunner (25a3e79c-e45e-46a1-8d18-54d24c60a1fd): куку
[12:59:36] Shick (1e509a89-d5e1-4571-bec0-bbd919826fe9): не пугай сука
[12:59:45] Shick (1e509a89-d5e1-4571-bec0-bbd919826fe9): я чуть не выложил личинку
[12:59:53] Netrunner (25a3e79c-e45e-46a1-8d18-54d24c60a1fd): ложи сразу 2
[13:00:09] Shick (1e509a89-d5e1-4571-bec0-bbd919826fe9): че скучно стало что ли?
[13:00:28] Netrunner (25a3e79c-e45e-46a1-8d18-54d24c60a1fd): я тут и не играл почти
[13:00:32] Shick (1e509a89-d5e1-4571-bec0-bbd919826fe9): всм
[13:00:37] Netrunner (25a3e79c-e45e-46a1-8d18-54d24c60a1fd): в прямом
[13:00:43] Shick (1e509a89-d5e1-4571-bec0-bbd919826fe9): а
[13:00:45] Shick (1e509a89-d5e1-4571-bec0-bbd919826fe9): перепутал
[13:00:49] Shick (1e509a89-d5e1-4571-bec0-bbd919826fe9): я думал нергалов ты
[13:00:50] Shick (1e509a89-d5e1-4571-bec0-bbd919826fe9): ))
[13:00:52] Shick (1e509a89-d5e1-4571-bec0-bbd919826fe9): а кто ты тогда
[13:01:12] Shick (1e509a89-d5e1-4571-bec0-bbd919826fe9): аааа
[13:01:16] Shick (1e509a89-d5e1-4571-bec0-bbd919826fe9): аъааъахах
[13:01:21] Shick (1e509a89-d5e1-4571-bec0-bbd919826fe9): ну вот видишь
[13:01:23] Shick (1e509a89-d5e1-4571-bec0-bbd919826fe9): зашел
[13:01:26] Shick (1e509a89-d5e1-4571-bec0-bbd919826fe9): не лишний же
[13:01:49] Netrunner (25a3e79c-e45e-46a1-8d18-54d24c60a1fd): а что делать незнаю
[13:01:53] Shick (1e509a89-d5e1-4571-bec0-bbd919826fe9): развиваться)
[13:01:55] Shick (1e509a89-d5e1-4571-bec0-bbd919826fe9): без гм
[13:02:00] Netrunner (25a3e79c-e45e-46a1-8d18-54d24c60a1fd): так я без гм
[13:02:04] Shick (1e509a89-d5e1-4571-bec0-bbd919826fe9): донат?
[13:02:06] Netrunner (25a3e79c-e45e-46a1-8d18-54d24c60a1fd): +
[13:02:13] Shick (1e509a89-d5e1-4571-bec0-bbd919826fe9): за скок купил?
[13:02:25] Netrunner (25a3e79c-e45e-46a1-8d18-54d24c60a1fd): ну я так то владелец
[13:02:28] Netrunner (25a3e79c-e45e-46a1-8d18-54d24c60a1fd): я не покупал
[13:02:34] Shick (1e509a89-d5e1-4571-bec0-bbd919826fe9): владелец аптечка же
[13:02:40] Netrunner (25a3e79c-e45e-46a1-8d18-54d24c60a1fd): сервера
[13:02:43] Netrunner (25a3e79c-e45e-46a1-8d18-54d24c60a1fd): а я проэкта
[13:02:43] Shick (1e509a89-d5e1-4571-bec0-bbd919826fe9): ну
[13:02:48] Shick (1e509a89-d5e1-4571-bec0-bbd919826fe9): а....
[13:02:52] Shick (1e509a89-d5e1-4571-bec0-bbd919826fe9): нихуя себе
[13:03:02] Shick (1e509a89-d5e1-4571-bec0-bbd919826fe9): путнул немного)
[13:03:15] Shick (1e509a89-d5e1-4571-bec0-bbd919826fe9): много лутаешь с него?
[13:03:25] Netrunner (25a3e79c-e45e-46a1-8d18-54d24c60a1fd): он в 0 не всегда выходит
[13:03:28] Netrunner (25a3e79c-e45e-46a1-8d18-54d24c60a1fd): о чем ты (=
[13:03:36] Shick (1e509a89-d5e1-4571-bec0-bbd919826fe9): (
[13:03:38] Netrunner (25a3e79c-e45e-46a1-8d18-54d24c60a1fd): это чтобы поиграть было где
[13:03:42] Shick (1e509a89-d5e1-4571-bec0-bbd919826fe9): а пиар ?
[13:03:43] Shick (1e509a89-d5e1-4571-bec0-bbd919826fe9): не?
[13:03:47] Netrunner (25a3e79c-e45e-46a1-8d18-54d24c60a1fd): не для зароботка
[13:04:02] Netrunner (25a3e79c-e45e-46a1-8d18-54d24c60a1fd): а зачем?
[13:04:09] Shick (1e509a89-d5e1-4571-bec0-bbd919826fe9): чтобы люди тут играли
[13:04:12] Shick (1e509a89-d5e1-4571-bec0-bbd919826fe9): проходили сборки
[13:04:16] Shick (1e509a89-d5e1-4571-bec0-bbd919826fe9): покупали донат
[13:04:19] Netrunner (25a3e79c-e45e-46a1-8d18-54d24c60a1fd): ну так играют потихоньку
[13:04:19] Shick (1e509a89-d5e1-4571-bec0-bbd919826fe9): помогали проекту
[13:04:29] Netrunner (25a3e79c-e45e-46a1-8d18-54d24c60a1fd): чем больше людей тем больше ограничений
[13:04:34] Shick (1e509a89-d5e1-4571-bec0-bbd919826fe9): вплане
[13:04:37] Netrunner (25a3e79c-e45e-46a1-8d18-54d24c60a1fd): у нас конеш хосты хорошие
[13:04:44] Netrunner (25a3e79c-e45e-46a1-8d18-54d24c60a1fd): но тпс будет не очень
[13:04:50] Shick (1e509a89-d5e1-4571-bec0-bbd919826fe9): это да
[13:04:56] Shick (1e509a89-d5e1-4571-bec0-bbd919826fe9): но щас тпс иногда просаживается
[13:05:10] Netrunner (25a3e79c-e45e-46a1-8d18-54d24c60a1fd): ну от баз зависит
[13:05:15] Shick (1e509a89-d5e1-4571-bec0-bbd919826fe9): давно проект создал?
[13:05:16] Netrunner (25a3e79c-e45e-46a1-8d18-54d24c60a1fd): сейчас 19.73
[13:05:23] Shick (1e509a89-d5e1-4571-bec0-bbd919826fe9): щас то он нормальный
[13:05:38] Netrunner (25a3e79c-e45e-46a1-8d18-54d24c60a1fd): ну по доп мирам карту грузят когда
[13:05:53] Netrunner (25a3e79c-e45e-46a1-8d18-54d24c60a1fd): тут ок основной мир прогружен вроде как
[13:05:59] Shick (1e509a89-d5e1-4571-bec0-bbd919826fe9): а ты проект создал, и хочешь сказать ни одного сервера не залил сюда?
[13:06:04] Shick (1e509a89-d5e1-4571-bec0-bbd919826fe9): твой сервер то есть какой нить
[13:06:11] Netrunner (25a3e79c-e45e-46a1-8d18-54d24c60a1fd): TJ
[13:06:18] Netrunner (25a3e79c-e45e-46a1-8d18-54d24c60a1fd): но он пока отдыхает
[13:06:20] Shick (1e509a89-d5e1-4571-bec0-bbd919826fe9): а че
[13:06:22] Shick (1e509a89-d5e1-4571-bec0-bbd919826fe9): устал?
[13:06:26] Shick (1e509a89-d5e1-4571-bec0-bbd919826fe9): во бедный то(
[13:06:28] Netrunner (25a3e79c-e45e-46a1-8d18-54d24c60a1fd): мало людей любят гречку
[13:06:31] Shick (1e509a89-d5e1-4571-bec0-bbd919826fe9): а
[13:06:34] Shick (1e509a89-d5e1-4571-bec0-bbd919826fe9): это гречка
[13:06:42] Shick (1e509a89-d5e1-4571-bec0-bbd919826fe9): это да
[13:06:47] Shick (1e509a89-d5e1-4571-bec0-bbd919826fe9): там ебаться надо долго
[13:06:53] Netrunner (25a3e79c-e45e-46a1-8d18-54d24c60a1fd): а тут?
[13:06:59] Shick (1e509a89-d5e1-4571-bec0-bbd919826fe9): а тут полегче
[13:07:08] Netrunner (25a3e79c-e45e-46a1-8d18-54d24c60a1fd): тебе так кажется
[13:07:11] Shick (1e509a89-d5e1-4571-bec0-bbd919826fe9): почему?
[13:07:21] Netrunner (25a3e79c-e45e-46a1-8d18-54d24c60a1fd): руды жилами
[13:07:23] Netrunner (25a3e79c-e45e-46a1-8d18-54d24c60a1fd): в греге
[13:07:36] Shick (1e509a89-d5e1-4571-bec0-bbd919826fe9): там ебаться надо с механизмами
[13:07:41] Netrunner (25a3e79c-e45e-46a1-8d18-54d24c60a1fd): с 1 жилы сразу пару сотен а то и тысяч руды
[13:07:42] Shick (1e509a89-d5e1-4571-bec0-bbd919826fe9): бронзовый век пройти
[13:07:55] Shick (1e509a89-d5e1-4571-bec0-bbd919826fe9): плюс жилы эти искать по чанкам
[13:07:57] Netrunner (25a3e79c-e45e-46a1-8d18-54d24c60a1fd): так бронзовый век очень быстрый
[13:08:01] Shick (1e509a89-d5e1-4571-bec0-bbd919826fe9): а чтобы искать надо
[13:08:02] Netrunner (25a3e79c-e45e-46a1-8d18-54d24c60a1fd): там сканер есть
[13:08:05] Shick (1e509a89-d5e1-4571-bec0-bbd919826fe9): во
[13:08:05] Shick (1e509a89-d5e1-4571-bec0-bbd919826fe9): да
[13:08:08] Shick (1e509a89-d5e1-4571-bec0-bbd919826fe9): сканер надо сделать
[13:08:10] Netrunner (25a3e79c-e45e-46a1-8d18-54d24c60a1fd): он в начале дается
[13:08:11] Shick (1e509a89-d5e1-4571-bec0-bbd919826fe9): а до сканера
[13:08:12] Shick (1e509a89-d5e1-4571-bec0-bbd919826fe9): а
[13:08:15] Netrunner (25a3e79c-e45e-46a1-8d18-54d24c60a1fd): ага
[13:08:25] Netrunner (25a3e79c-e45e-46a1-8d18-54d24c60a1fd): молот на 15 эфф и 15 прочность тоже
[13:08:26] Shick (1e509a89-d5e1-4571-bec0-bbd919826fe9): а сам гречку че не играешь?
[13:08:36] Netrunner (25a3e79c-e45e-46a1-8d18-54d24c60a1fd): та ну времени мало играть вообще
[13:08:40] Shick (1e509a89-d5e1-4571-bec0-bbd919826fe9): работа?
[13:08:42] Shick (1e509a89-d5e1-4571-bec0-bbd919826fe9): учеба?
[13:08:52] Netrunner (25a3e79c-e45e-46a1-8d18-54d24c60a1fd): все и сразу
[13:09:00] Shick (1e509a89-d5e1-4571-bec0-bbd919826fe9): сколько лет тебе?
[13:09:12] Netrunner (25a3e79c-e45e-46a1-8d18-54d24c60a1fd): 22
[13:09:14] Shick (1e509a89-d5e1-4571-bec0-bbd919826fe9): кхм
[13:09:16] Shick (1e509a89-d5e1-4571-bec0-bbd919826fe9): понял
[13:10:00] Netrunner (25a3e79c-e45e-46a1-8d18-54d24c60a1fd): хм у тебя пинг 8
[13:10:01] Shick (1e509a89-d5e1-4571-bec0-bbd919826fe9): не знаю как еще тему продлить)
[13:10:05] Shick (1e509a89-d5e1-4571-bec0-bbd919826fe9): ))
[13:10:08] Netrunner (25a3e79c-e45e-46a1-8d18-54d24c60a1fd): ты откуда?
[13:10:14] Shick (1e509a89-d5e1-4571-bec0-bbd919826fe9): Расия
[13:10:16] Shick (1e509a89-d5e1-4571-bec0-bbd919826fe9): ))
[13:10:21] Netrunner (25a3e79c-e45e-46a1-8d18-54d24c60a1fd): странно
[13:10:23] Netrunner (25a3e79c-e45e-46a1-8d18-54d24c60a1fd): ну лан
[13:10:25] Shick (1e509a89-d5e1-4571-bec0-bbd919826fe9): а ты?
[13:10:29] Netrunner (25a3e79c-e45e-46a1-8d18-54d24c60a1fd): австрия
[13:10:44] Shick (1e509a89-d5e1-4571-bec0-bbd919826fe9): я сам хз почему пинг у меня 8
[13:10:52] Shick (1e509a89-d5e1-4571-bec0-bbd919826fe9): хотя аптечка живет вроде в канаде
[13:10:56] Netrunner (25a3e79c-e45e-46a1-8d18-54d24c60a1fd): +
[13:10:59] Shick (1e509a89-d5e1-4571-bec0-bbd919826fe9): а до канады у меня 3-4к кми
[13:11:00] Shick (1e509a89-d5e1-4571-bec0-bbd919826fe9): км
[13:11:02] Netrunner (25a3e79c-e45e-46a1-8d18-54d24c60a1fd): так хост не в канаде
[13:11:04] Shick (1e509a89-d5e1-4571-bec0-bbd919826fe9): а где
[13:11:11] Netrunner (25a3e79c-e45e-46a1-8d18-54d24c60a1fd): не помню
[13:11:16] Netrunner (25a3e79c-e45e-46a1-8d18-54d24c60a1fd): но не в канаде
[13:11:18] Shick (1e509a89-d5e1-4571-bec0-bbd919826fe9): я считай рядом с санкт петербургом живу
[13:11:29] Shick (1e509a89-d5e1-4571-bec0-bbd919826fe9): мб там хосты?
[13:11:31] Netrunner (25a3e79c-e45e-46a1-8d18-54d24c60a1fd): можно было и просто питер
[13:11:37] Shick (1e509a89-d5e1-4571-bec0-bbd919826fe9): ну питер
[13:11:38] Netrunner (25a3e79c-e45e-46a1-8d18-54d24c60a1fd): нет 1000%
[13:11:53] Shick (1e509a89-d5e1-4571-bec0-bbd919826fe9): хост же 1,2к месяц стоит
[13:11:58] Shick (1e509a89-d5e1-4571-bec0-bbd919826fe9): вроде как
[13:12:04] Netrunner (25a3e79c-e45e-46a1-8d18-54d24c60a1fd): не факт
[13:12:21] Shick (1e509a89-d5e1-4571-bec0-bbd919826fe9): все донаты тебе идут?)
[13:12:46] Netrunner (25a3e79c-e45e-46a1-8d18-54d24c60a1fd): они идут на оплату всего
[13:12:48] Netrunner (25a3e79c-e45e-46a1-8d18-54d24c60a1fd): не мне
[13:13:02] Shick (1e509a89-d5e1-4571-bec0-bbd919826fe9): понял
[13:13:08] Shick (1e509a89-d5e1-4571-bec0-bbd919826fe9): че за сабля
[13:13:14] Netrunner (25a3e79c-e45e-46a1-8d18-54d24c60a1fd): катана
[13:13:26] Shick (1e509a89-d5e1-4571-bec0-bbd919826fe9): ебать она делается
[13:13:43] Shick (1e509a89-d5e1-4571-bec0-bbd919826fe9): ты что как можно не знать владельца....
[13:13:54] Netrunner (25a3e79c-e45e-46a1-8d18-54d24c60a1fd): он шутит
[13:13:59] Shick (1e509a89-d5e1-4571-bec0-bbd919826fe9): я знаю)
[13:14:16] Shick (1e509a89-d5e1-4571-bec0-bbd919826fe9): а сам то где играл на проектах?
[13:14:31] Netrunner (25a3e79c-e45e-46a1-8d18-54d24c60a1fd): много где
[13:14:39] Netrunner (25a3e79c-e45e-46a1-8d18-54d24c60a1fd): возможно везде
[13:14:45] Shick (1e509a89-d5e1-4571-bec0-bbd919826fe9): цифразия?
[13:14:46] Netrunner (25a3e79c-e45e-46a1-8d18-54d24c60a1fd): в той или иной мере
[13:14:55] Netrunner (25a3e79c-e45e-46a1-8d18-54d24c60a1fd): там тоже
[13:14:56] Shick (1e509a89-d5e1-4571-bec0-bbd919826fe9): лолилэнд?
[13:14:59] Netrunner (25a3e79c-e45e-46a1-8d18-54d24c60a1fd): +
[13:15:07] Shick (1e509a89-d5e1-4571-bec0-bbd919826fe9): и все прошел
[13:15:16] Netrunner (25a3e79c-e45e-46a1-8d18-54d24c60a1fd): общаюсь
[13:15:30] Netrunner (25a3e79c-e45e-46a1-8d18-54d24c60a1fd): ну на ллолике все прозодить
[13:15:35] Netrunner (25a3e79c-e45e-46a1-8d18-54d24c60a1fd): себя не уважать
[13:15:41] Shick (1e509a89-d5e1-4571-bec0-bbd919826fe9): он же баганый там нахуй
[13:15:42] Netrunner (25a3e79c-e45e-46a1-8d18-54d24c60a1fd): я вот неделю назад защел
[13:15:52] Netrunner (25a3e79c-e45e-46a1-8d18-54d24c60a1fd): выдал себе стак искр
[13:15:58] Netrunner (25a3e79c-e45e-46a1-8d18-54d24c60a1fd): и там еще что выдел
[13:16:05] Shick (1e509a89-d5e1-4571-bec0-bbd919826fe9): как выдал?
[13:16:06] Netrunner (25a3e79c-e45e-46a1-8d18-54d24c60a1fd): забанили
[13:16:12] Netrunner (25a3e79c-e45e-46a1-8d18-54d24c60a1fd): а тебе все раскажи
[13:16:18] Shick (1e509a89-d5e1-4571-bec0-bbd919826fe9): ну вплане багом или че
[13:16:20] Shick (1e509a89-d5e1-4571-bec0-bbd919826fe9): дюпом
[13:16:37] Netrunner (25a3e79c-e45e-46a1-8d18-54d24c60a1fd): ну если меня забанили
[13:16:40] Netrunner (25a3e79c-e45e-46a1-8d18-54d24c60a1fd): думай сам
[13:16:52] Shick (1e509a89-d5e1-4571-bec0-bbd919826fe9): а может ты просто плохим модером был)
[13:16:59] Netrunner (25a3e79c-e45e-46a1-8d18-54d24c60a1fd): я там модером не был
[13:17:02] Shick (1e509a89-d5e1-4571-bec0-bbd919826fe9): откуда мне знать, я вот и интересуюсь
[13:17:05] Shick (1e509a89-d5e1-4571-bec0-bbd919826fe9): ну понятно
[13:17:05] Netrunner (25a3e79c-e45e-46a1-8d18-54d24c60a1fd): там не у кого нет гм
[13:17:07] Shick (1e509a89-d5e1-4571-bec0-bbd919826fe9): багоюзер
[13:17:26] Shick (1e509a89-d5e1-4571-bec0-bbd919826fe9): ты же владелец
[13:17:32] Shick (1e509a89-d5e1-4571-bec0-bbd919826fe9): че ты гм прописать не можешь?
[13:17:33] Shick (1e509a89-d5e1-4571-bec0-bbd919826fe9): тут
[13:17:38] Netrunner (25a3e79c-e45e-46a1-8d18-54d24c60a1fd): могу
[13:17:40] Netrunner (25a3e79c-e45e-46a1-8d18-54d24c60a1fd): зачем
[13:17:44] Shick (1e509a89-d5e1-4571-bec0-bbd919826fe9): да хз
[13:17:46] Shick (1e509a89-d5e1-4571-bec0-bbd919826fe9): владелец же
[13:17:52] Netrunner (25a3e79c-e45e-46a1-8d18-54d24c60a1fd): так ну и что
[13:18:03] Netrunner (25a3e79c-e45e-46a1-8d18-54d24c60a1fd): cvsck
[13:18:07] Netrunner (25a3e79c-e45e-46a1-8d18-54d24c60a1fd): смысл
[13:18:20] Shick (1e509a89-d5e1-4571-bec0-bbd919826fe9): тоже верно
[13:18:40] Shick (1e509a89-d5e1-4571-bec0-bbd919826fe9): гречку нью горизонт проходил?
[13:19:45] Netrunner (25a3e79c-e45e-46a1-8d18-54d24c60a1fd): так я тут
[13:19:47] Shick (1e509a89-d5e1-4571-bec0-bbd919826fe9): а
[13:19:52] Shick (1e509a89-d5e1-4571-bec0-bbd919826fe9): гречку нью горизонт проходил?
[13:19:59] Netrunner (25a3e79c-e45e-46a1-8d18-54d24c60a1fd): нет
[13:20:07] Shick (1e509a89-d5e1-4571-bec0-bbd919826fe9): попробуй как время будет
[13:20:07] Netrunner (25a3e79c-e45e-46a1-8d18-54d24c60a1fd): я уважаю свою личную жизнь
[13:20:10] Shick (1e509a89-d5e1-4571-bec0-bbd919826fe9): ))))
[13:20:21] Netrunner (25a3e79c-e45e-46a1-8d18-54d24c60a1fd): че не молотком?
[13:20:24] Netrunner (25a3e79c-e45e-46a1-8d18-54d24c60a1fd): копаешь
[13:20:30] Netrunner (25a3e79c-e45e-46a1-8d18-54d24c60a1fd): а
[13:20:40] Shick (1e509a89-d5e1-4571-bec0-bbd919826fe9): мне аптечка сказал кобальт топ тема
[13:20:46] Netrunner (25a3e79c-e45e-46a1-8d18-54d24c60a1fd): ну не фулл
[13:20:49] Netrunner (25a3e79c-e45e-46a1-8d18-54d24c60a1fd): ток боек
[13:20:57] Netrunner (25a3e79c-e45e-46a1-8d18-54d24c60a1fd): манулин рукоять
[13:21:03] Netrunner (25a3e79c-e45e-46a1-8d18-54d24c60a1fd): прочности больше будет
[13:21:04] Shick (1e509a89-d5e1-4571-bec0-bbd919826fe9): а бля тут еще можно и разные хуярить
[13:21:16] Shick (1e509a89-d5e1-4571-bec0-bbd919826fe9): а кирка аналогично?
[13:21:19] Netrunner (25a3e79c-e45e-46a1-8d18-54d24c60a1fd): +
[13:21:28] Netrunner (25a3e79c-e45e-46a1-8d18-54d24c60a1fd): ну там от частей бафы зависят
[13:21:32] Shick (1e509a89-d5e1-4571-bec0-bbd919826fe9): а че лучше палаш или гиганский ?
[13:22:01] Netrunner (25a3e79c-e45e-46a1-8d18-54d24c60a1fd): гиганский медленный ноурона больше
[13:22:10] Netrunner (25a3e79c-e45e-46a1-8d18-54d24c60a1fd): и больше вероятность выбить голову
[13:22:26] Netrunner (25a3e79c-e45e-46a1-8d18-54d24c60a1fd): рапира броню игнорирует
[13:22:34] Shick (1e509a89-d5e1-4571-bec0-bbd919826fe9): а где то можно гайд в инете найти какую кирку лучше собирать
[13:22:39] Netrunner (25a3e79c-e45e-46a1-8d18-54d24c60a1fd): там много разного
[13:22:48] Netrunner (25a3e79c-e45e-46a1-8d18-54d24c60a1fd): а вот тут уже сам
[13:22:52] Shick (1e509a89-d5e1-4571-bec0-bbd919826fe9): а то я собрал тупо из кобальта а ты говоришь можно еще манулин сделать
[13:22:56] Netrunner (25a3e79c-e45e-46a1-8d18-54d24c60a1fd): + тут стоит taiga
[13:23:04] Shick (1e509a89-d5e1-4571-bec0-bbd919826fe9): вот тайга я ваще хуй знает что это
[13:23:06] Netrunner (25a3e79c-e45e-46a1-8d18-54d24c60a1fd): большой аддон на много материалов из тинкера
[13:23:16] Shick (1e509a89-d5e1-4571-bec0-bbd919826fe9): я сломал там руду 1
[13:23:20] Shick (1e509a89-d5e1-4571-bec0-bbd919826fe9): меня нахуй взорвало
[13:23:23] Netrunner (25a3e79c-e45e-46a1-8d18-54d24c60a1fd): +
[13:23:29] Shick (1e509a89-d5e1-4571-bec0-bbd919826fe9): потом бегал в аду вещи искал свои
[13:23:45] Netrunner (25a3e79c-e45e-46a1-8d18-54d24c60a1fd): там нужно подход найти
[13:24:25] Shick (1e509a89-d5e1-4571-bec0-bbd919826fe9): вот тут есть тема такая
[13:25:00] Shick (1e509a89-d5e1-4571-bec0-bbd919826fe9): я по этой книжке ориентируюсь
[13:25:26] Netrunner (25a3e79c-e45e-46a1-8d18-54d24c60a1fd): ну да
[13:25:28] Netrunner (25a3e79c-e45e-46a1-8d18-54d24c60a1fd): полезная
[13:25:45] Shick (1e509a89-d5e1-4571-bec0-bbd919826fe9): ну дак там нету такого что можно собрать из всего
[13:25:57] Netrunner (25a3e79c-e45e-46a1-8d18-54d24c60a1fd): ну знай
[13:26:08] Shick (1e509a89-d5e1-4571-bec0-bbd919826fe9): а какую тогда лучше всего собрать
[13:26:13] Netrunner (25a3e79c-e45e-46a1-8d18-54d24c60a1fd): там просто расписано какая часть что будет давать
[13:26:19] Shick (1e509a89-d5e1-4571-bec0-bbd919826fe9): ты же там почти все прошел
[13:26:23] Shick (1e509a89-d5e1-4571-bec0-bbd919826fe9): опыт есть
[13:26:41] Netrunner (25a3e79c-e45e-46a1-8d18-54d24c60a1fd): та ну не прозодил я
[13:26:50] Netrunner (25a3e79c-e45e-46a1-8d18-54d24c60a1fd): но вот думаю
[13:26:50] Shick (1e509a89-d5e1-4571-bec0-bbd919826fe9): с тинкером дело то имел
[13:26:54] Netrunner (25a3e79c-e45e-46a1-8d18-54d24c60a1fd): имел
[13:27:02] Netrunner (25a3e79c-e45e-46a1-8d18-54d24c60a1fd): так там что душе больше угодно
[13:27:13] Shick (1e509a89-d5e1-4571-bec0-bbd919826fe9): дак вот мне угодно пиздатую сделать
[13:27:18] Shick (1e509a89-d5e1-4571-bec0-bbd919826fe9): а я не знаю какая пиздатая самая
[13:27:21] Netrunner (25a3e79c-e45e-46a1-8d18-54d24c60a1fd): типо зоть на енергию переведи бумажный молот
[13:27:24] Netrunner (25a3e79c-e45e-46a1-8d18-54d24c60a1fd): улучши его
[13:27:34] Netrunner (25a3e79c-e45e-46a1-8d18-54d24c60a1fd): самой нет
[13:27:42] Netrunner (25a3e79c-e45e-46a1-8d18-54d24c60a1fd): есть хорошоя для того или сего
[13:27:53] Netrunner (25a3e79c-e45e-46a1-8d18-54d24c60a1fd): из стандартных материалов ты найдешь в интеренете
[13:28:05] Shick (1e509a89-d5e1-4571-bec0-bbd919826fe9): тут типо есть мультиинструмент
[13:28:07] Netrunner (25a3e79c-e45e-46a1-8d18-54d24c60a1fd): еа по аддонам уже сам будешь искать материал
[13:28:12] Netrunner (25a3e79c-e45e-46a1-8d18-54d24c60a1fd): не
[13:28:17] Shick (1e509a89-d5e1-4571-bec0-bbd919826fe9): говно ?
[13:28:30] Shick (1e509a89-d5e1-4571-bec0-bbd919826fe9): там вон у божестевнной эффективность 20
[13:28:40] Shick (1e509a89-d5e1-4571-bec0-bbd919826fe9): и она бесконечная
[13:28:40] Netrunner (25a3e79c-e45e-46a1-8d18-54d24c60a1fd): а
[13:28:42] Netrunner (25a3e79c-e45e-46a1-8d18-54d24c60a1fd): те
[13:28:45] Netrunner (25a3e79c-e45e-46a1-8d18-54d24c60a1fd): ну используй
[13:28:53] Shick (1e509a89-d5e1-4571-bec0-bbd919826fe9): да ебать ее сделать еще надо
[13:29:04] Shick (1e509a89-d5e1-4571-bec0-bbd919826fe9): реагент надо а там еще с ним ебаться
[13:29:10] Shick (1e509a89-d5e1-4571-bec0-bbd919826fe9): крч тут долго развиваться
[13:29:13] Netrunner (25a3e79c-e45e-46a1-8d18-54d24c60a1fd): +
[13:29:16] Shick (1e509a89-d5e1-4571-bec0-bbd919826fe9): но само развивание удовольствие
[13:29:20] Shick (1e509a89-d5e1-4571-bec0-bbd919826fe9): муторно да
[13:29:24] Shick (1e509a89-d5e1-4571-bec0-bbd919826fe9): но интересно
[13:29:29] Netrunner (25a3e79c-e45e-46a1-8d18-54d24c60a1fd): ну занимайся(=
[13:29:34] Shick (1e509a89-d5e1-4571-bec0-bbd919826fe9): а ты :)
[13:29:39] Shick (1e509a89-d5e1-4571-bec0-bbd919826fe9): переезжай ко мне)
[13:29:41] Netrunner (25a3e79c-e45e-46a1-8d18-54d24c60a1fd): пойду и я ченить построю чтоб тпс у вас просаживался
[13:29:49] Shick (1e509a89-d5e1-4571-bec0-bbd919826fe9): ээээ
[13:29:52] Shick (1e509a89-d5e1-4571-bec0-bbd919826fe9): нинадо
[13:29:57] Shick (1e509a89-d5e1-4571-bec0-bbd919826fe9): чтобы просаживался
[13:30:05] Shick (1e509a89-d5e1-4571-bec0-bbd919826fe9): лучше чтобы не просаживался
[13:30:12] Netrunner (25a3e79c-e45e-46a1-8d18-54d24c60a1fd): посмотрим
[13:30:13] Shick (1e509a89-d5e1-4571-bec0-bbd919826fe9): а то буду нахуй блок 1 2 часа хуярить
[13:30:16] Netrunner (25a3e79c-e45e-46a1-8d18-54d24c60a1fd): удачи (=
[13:30:19] Shick (1e509a89-d5e1-4571-bec0-bbd919826fe9): и тебе)
[13:30:23] Shick (1e509a89-d5e1-4571-bec0-bbd919826fe9): спасибо за разговор
[13:30:35] Netrunner (25a3e79c-e45e-46a1-8d18-54d24c60a1fd): еб
[13:30:39] Nergaloff (88da800e-1614-4c65-ace8-c18f7e99e914): жесть, 4 человека
[13:31:02] Netrunner (25a3e79c-e45e-46a1-8d18-54d24c60a1fd): у тебя же мэ в ките есть
[13:31:12] Netrunner (25a3e79c-e45e-46a1-8d18-54d24c60a1fd): че ты как бедный?
[13:31:20] Netrunner (25a3e79c-e45e-46a1-8d18-54d24c60a1fd): ага
[13:31:33] VladDoor (f83aa885-2487-4295-b366-193cd21d8701): капец
[13:31:41] VladDoor (f83aa885-2487-4295-b366-193cd21d8701): 6к пинг
[13:31:58] Netrunner (25a3e79c-e45e-46a1-8d18-54d24c60a1fd): сейчас бекап делается
[13:32:03] Netrunner (25a3e79c-e45e-46a1-8d18-54d24c60a1fd): будет лагать
[13:32:38] Netrunner (25a3e79c-e45e-46a1-8d18-54d24c60a1fd): f
[13:32:58] Netrunner (25a3e79c-e45e-46a1-8d18-54d24c60a1fd): что ты тут наразвивал?
[13:33:09] VladDoor (f83aa885-2487-4295-b366-193cd21d8701): пиздец развил
[13:33:22] Netrunner (25a3e79c-e45e-46a1-8d18-54d24c60a1fd): та я вижу
[13:33:35] VladDoor (f83aa885-2487-4295-b366-193cd21d8701): нету шин импорта
[13:33:39] VladDoor (f83aa885-2487-4295-b366-193cd21d8701): xD
[13:33:47] Netrunner (25a3e79c-e45e-46a1-8d18-54d24c60a1fd): есть интерфейсы
[13:34:04] VladDoor (f83aa885-2487-4295-b366-193cd21d8701): а точняк
[13:34:06] Netrunner (25a3e79c-e45e-46a1-8d18-54d24c60a1fd): у тебя же несколько китов
[13:36:23] Shick (1e509a89-d5e1-4571-bec0-bbd919826fe9): ммм пинг 0
[13:36:28] Shick (1e509a89-d5e1-4571-bec0-bbd919826fe9): а, сглазил)
[13:36:54] VladDoor (f83aa885-2487-4295-b366-193cd21d8701): че делать если
[13:36:59] VladDoor (f83aa885-2487-4295-b366-193cd21d8701): шапка выпадает
[13:37:05] VladDoor (f83aa885-2487-4295-b366-193cd21d8701): спектральная
[13:37:06] VladDoor (f83aa885-2487-4295-b366-193cd21d8701): по кд
[13:37:08] Netrunner (25a3e79c-e45e-46a1-8d18-54d24c60a1fd): всм
[13:37:15] VladDoor (f83aa885-2487-4295-b366-193cd21d8701): ну типа хожу хожу бац и выпала
[13:37:20] Netrunner (25a3e79c-e45e-46a1-8d18-54d24c60a1fd): хз
[13:37:29] Netrunner (25a3e79c-e45e-46a1-8d18-54d24c60a1fd): к аптечке
[13:37:58] VladDoor (f83aa885-2487-4295-b366-193cd21d8701): таум такая поебота это пизда
[13:38:03] Netrunner (25a3e79c-e45e-46a1-8d18-54d24c60a1fd): +
[13:38:05] VladDoor (f83aa885-2487-4295-b366-193cd21d8701): за полтора часа писем этих
[13:38:16] VladDoor (f83aa885-2487-4295-b366-193cd21d8701): я алхимию на единичку даже
[13:38:16] VladDoor (f83aa885-2487-4295-b366-193cd21d8701): я алхимию на единичку даже
[13:38:27] VladDoor (f83aa885-2487-4295-b366-193cd21d8701): не сделал
[13:38:32] Netrunner (25a3e79c-e45e-46a1-8d18-54d24c60a1fd): хах
[13:38:43] VladDoor (f83aa885-2487-4295-b366-193cd21d8701): че нада сделать что бы алхимию вкачать?
[13:38:51] VladDoor (f83aa885-2487-4295-b366-193cd21d8701): что выбирать лево или право
[13:38:53] Netrunner (25a3e79c-e45e-46a1-8d18-54d24c60a1fd): котел возле стола поставь
[13:44:54] Shick (1e509a89-d5e1-4571-bec0-bbd919826fe9): оп 5 человек
[13:45:05] Nergaloff (88da800e-1614-4c65-ace8-c18f7e99e914): та 6 таум норм, его можно за пару дней заспидранить и забыть
[13:47:59] VladDoor (f83aa885-2487-4295-b366-193cd21d8701): как сделать алхимию
[13:48:09] Stxywxthme (6ce0cde9-8c92-4c66-96ad-6bffb9dfc01b): 2 кострукции сюда
[13:48:13] VladDoor (f83aa885-2487-4295-b366-193cd21d8701): какие
[13:48:18] Stxywxthme (6ce0cde9-8c92-4c66-96ad-6bffb9dfc01b): алхимические
[13:48:27] VladDoor (f83aa885-2487-4295-b366-193cd21d8701): например
[13:49:19] Stxywxthme (6ce0cde9-8c92-4c66-96ad-6bffb9dfc01b): ну если добавить 2 конструкции и активировать то можно автоматизровать с помощью эссенции
[13:49:34] VladDoor (f83aa885-2487-4295-b366-193cd21d8701): как мне ваще алхимию сделать типа не столе
[13:49:43] VladDoor (f83aa885-2487-4295-b366-193cd21d8701): я не могу нахуй ее ваще
[13:49:45] VladDoor (f83aa885-2487-4295-b366-193cd21d8701): ника
[13:49:56] Stxywxthme (6ce0cde9-8c92-4c66-96ad-6bffb9dfc01b): открыть главы в тауминиконе
[13:50:08] VladDoor (f83aa885-2487-4295-b366-193cd21d8701): всм
[13:50:20] Stxywxthme (6ce0cde9-8c92-4c66-96ad-6bffb9dfc01b): у тебя алхимия открыта?
[13:50:24] VladDoor (f83aa885-2487-4295-b366-193cd21d8701): нет
[13:50:28] Stxywxthme (6ce0cde9-8c92-4c66-96ad-6bffb9dfc01b): так открой
[13:50:29] VladDoor (f83aa885-2487-4295-b366-193cd21d8701): я хочу ее открыть
[13:50:30] VladDoor (f83aa885-2487-4295-b366-193cd21d8701): как?
[13:50:36] Stxywxthme (6ce0cde9-8c92-4c66-96ad-6bffb9dfc01b): ну
[13:50:39] Stxywxthme (6ce0cde9-8c92-4c66-96ad-6bffb9dfc01b): изучать
[13:50:43] VladDoor (f83aa885-2487-4295-b366-193cd21d8701): я же говорю
[13:50:46] VladDoor (f83aa885-2487-4295-b366-193cd21d8701): оно не изучается
[13:50:51] VladDoor (f83aa885-2487-4295-b366-193cd21d8701): я полтора часа цокал
[13:51:02] Stxywxthme (6ce0cde9-8c92-4c66-96ad-6bffb9dfc01b): ммм
[13:51:05] VladDoor (f83aa885-2487-4295-b366-193cd21d8701): 8 основ
[13:51:08] Stxywxthme (6ce0cde9-8c92-4c66-96ad-6bffb9dfc01b): дай его
[13:51:13] VladDoor (f83aa885-2487-4295-b366-193cd21d8701): 7 энергетикс
[13:51:43] Stxywxthme (6ce0cde9-8c92-4c66-96ad-6bffb9dfc01b): сделай том обмена знаниями
[13:51:48] Stxywxthme (6ce0cde9-8c92-4c66-96ad-6bffb9dfc01b): я тебе дам
[13:52:39] VladDoor (f83aa885-2487-4295-b366-193cd21d8701): сохранивщийся блять
[13:52:42] VladDoor (f83aa885-2487-4295-b366-193cd21d8701): реликт
[13:52:45] VladDoor (f83aa885-2487-4295-b366-193cd21d8701): эт че ваще
[13:52:45] Stxywxthme (6ce0cde9-8c92-4c66-96ad-6bffb9dfc01b): не такой
[13:52:59] Stxywxthme (6ce0cde9-8c92-4c66-96ad-6bffb9dfc01b): в таумик тинкер
[13:54:44] Stxywxthme (6ce0cde9-8c92-4c66-96ad-6bffb9dfc01b): бл
[13:54:52] Stxywxthme (6ce0cde9-8c92-4c66-96ad-6bffb9dfc01b): ты его привязвл
[13:54:55] VladDoor (f83aa885-2487-4295-b366-193cd21d8701): а
[13:54:57] VladDoor (f83aa885-2487-4295-b366-193cd21d8701): прикол
[13:55:06] Stxywxthme (6ce0cde9-8c92-4c66-96ad-6bffb9dfc01b): на
[13:55:13] Stxywxthme (6ce0cde9-8c92-4c66-96ad-6bffb9dfc01b): все
[13:55:15] Stxywxthme (6ce0cde9-8c92-4c66-96ad-6bffb9dfc01b): уже
[13:55:22] VladDoor (f83aa885-2487-4295-b366-193cd21d8701): о ебать
[13:55:43] Stxywxthme (6ce0cde9-8c92-4c66-96ad-6bffb9dfc01b): поставь под него что-то горячее
[13:55:53] VladDoor (f83aa885-2487-4295-b366-193cd21d8701): лава?
[13:56:00] Stxywxthme (6ce0cde9-8c92-4c66-96ad-6bffb9dfc01b): +
[13:56:12] Stxywxthme (6ce0cde9-8c92-4c66-96ad-6bffb9dfc01b): но будет бить
[13:57:35] VladDoor (f83aa885-2487-4295-b366-193cd21d8701): так?
[13:57:37] Stxywxthme (6ce0cde9-8c92-4c66-96ad-6bffb9dfc01b): +
[13:57:43] VladDoor (f83aa885-2487-4295-b366-193cd21d8701): все терь можна цокать?
[13:57:57] Stxywxthme (6ce0cde9-8c92-4c66-96ad-6bffb9dfc01b): делай таумиум
[13:58:03] Stxywxthme (6ce0cde9-8c92-4c66-96ad-6bffb9dfc01b): я его не делал
[13:58:32] VladDoor (f83aa885-2487-4295-b366-193cd21d8701): сразу кидать то что дает
[13:58:38] VladDoor (f83aa885-2487-4295-b366-193cd21d8701): стихию?
[13:58:42] VladDoor (f83aa885-2487-4295-b366-193cd21d8701): а потом катализатор?
[13:58:46] Stxywxthme (6ce0cde9-8c92-4c66-96ad-6bffb9dfc01b): +
[13:58:55] VladDoor (f83aa885-2487-4295-b366-193cd21d8701): а если катализатора больше кинуть?
[13:58:56] VladDoor (f83aa885-2487-4295-b366-193cd21d8701): чек нада
[13:58:58] VladDoor (f83aa885-2487-4295-b366-193cd21d8701): чем
[13:59:15] Stxywxthme (6ce0cde9-8c92-4c66-96ad-6bffb9dfc01b): катализатор железо
[13:59:57] Stxywxthme (6ce0cde9-8c92-4c66-96ad-6bffb9dfc01b): а что если
[14:00:09] Stxywxthme (6ce0cde9-8c92-4c66-96ad-6bffb9dfc01b): а не
[14:00:20] VladDoor (f83aa885-2487-4295-b366-193cd21d8701): спс
[14:00:38] Stxywxthme (6ce0cde9-8c92-4c66-96ad-6bffb9dfc01b): на
[14:00:43] Stxywxthme (6ce0cde9-8c92-4c66-96ad-6bffb9dfc01b): на аспекты
[14:00:57] VladDoor (f83aa885-2487-4295-b366-193cd21d8701): я кушать
[14:00:59] VladDoor (f83aa885-2487-4295-b366-193cd21d8701): удачки
[14:01:00] Stxywxthme (6ce0cde9-8c92-4c66-96ad-6bffb9dfc01b): оок
[14:42:07] Stxywxthme (6ce0cde9-8c92-4c66-96ad-6bffb9dfc01b): тут куча нароста
[14:46:54] Stxywxthme (6ce0cde9-8c92-4c66-96ad-6bffb9dfc01b): тут нереальный босс
[14:47:19] Stxywxthme (6ce0cde9-8c92-4c66-96ad-6bffb9dfc01b): там
[14:47:49] Stxywxthme (6ce0cde9-8c92-4c66-96ad-6bffb9dfc01b): здесь
[14:48:07] Stxywxthme (6ce0cde9-8c92-4c66-96ad-6bffb9dfc01b): тут был
[14:48:11] Stxywxthme (6ce0cde9-8c92-4c66-96ad-6bffb9dfc01b): да
[14:48:12] Stxywxthme (6ce0cde9-8c92-4c66-96ad-6bffb9dfc01b): да
[14:48:31] Stxywxthme (6ce0cde9-8c92-4c66-96ad-6bffb9dfc01b): спс
[14:48:40] VladDoor (f83aa885-2487-4295-b366-193cd21d8701): nez
[14:48:40] Stxywxthme (6ce0cde9-8c92-4c66-96ad-6bffb9dfc01b): :/
[14:49:08] VladDoor (f83aa885-2487-4295-b366-193cd21d8701): у меня спектральный нагр пропал
[14:49:14] VladDoor (f83aa885-2487-4295-b366-193cd21d8701): wtf
[14:49:30] Stxywxthme (6ce0cde9-8c92-4c66-96ad-6bffb9dfc01b): хз
[14:49:34] Nergaloff (88da800e-1614-4c65-ace8-c18f7e99e914): попробуй перезайти
[14:50:33] VladDoor (f83aa885-2487-4295-b366-193cd21d8701): он лежал нахуй на мехе
[14:50:36] VladDoor (f83aa885-2487-4295-b366-193cd21d8701): но я его не кидал
[15:00:00] VladDoor (f83aa885-2487-4295-b366-193cd21d8701): с кого падает огненная кровь?
[15:00:05] VladDoor (f83aa885-2487-4295-b366-193cd21d8701): или ток крафт?
[15:01:04] VladDoor (f83aa885-2487-4295-b366-193cd21d8701): гидра это какой по очереде?
[15:04:53] VladDoor (f83aa885-2487-4295-b366-193cd21d8701): угу
[15:05:26] VladDoor (f83aa885-2487-4295-b366-193cd21d8701): не
[15:05:34] VladDoor (f83aa885-2487-4295-b366-193cd21d8701): где взять факелонит?
[15:08:43] VladDoor (f83aa885-2487-4295-b366-193cd21d8701): ну хуйня которая нужна для пустой карты
[15:09:25] VladDoor (f83aa885-2487-4295-b366-193cd21d8701): ну для карты
[15:13:11] VladDoor (f83aa885-2487-4295-b366-193cd21d8701): а если это так значит это копает кв карьер
[15:13:22] VladDoor (f83aa885-2487-4295-b366-193cd21d8701): щас ворону найду
[15:13:26] VladDoor (f83aa885-2487-4295-b366-193cd21d8701): и чекну
[15:15:04] VladDoor (f83aa885-2487-4295-b366-193cd21d8701): а вот ворон ваще нету
[15:16:17] VladDoor (f83aa885-2487-4295-b366-193cd21d8701): нашел
[15:16:24] VladDoor (f83aa885-2487-4295-b366-193cd21d8701): сюда
[15:17:45] VladDoor (f83aa885-2487-4295-b366-193cd21d8701): та я ее выебу
[15:18:04] VladDoor (f83aa885-2487-4295-b366-193cd21d8701): щас найду лича
[15:19:22] Stxywxthme (6ce0cde9-8c92-4c66-96ad-6bffb9dfc01b): кто такой король лихачей?
[15:20:08] Nergaloff (88da800e-1614-4c65-ace8-c18f7e99e914): босс из дивайна вроде
[15:20:09] Nergaloff (88da800e-1614-4c65-ace8-c18f7e99e914): адский
[15:20:16] VladDoor (f83aa885-2487-4295-b366-193cd21d8701): это первый босс
[15:20:20] Stxywxthme (6ce0cde9-8c92-4c66-96ad-6bffb9dfc01b): как крафтится его призывалка?
[15:20:33] VladDoor (f83aa885-2487-4295-b366-193cd21d8701): мистические часы вроде?
[15:20:42] Stxywxthme (6ce0cde9-8c92-4c66-96ad-6bffb9dfc01b): это древняя сущность
[15:25:03] VladDoor (f83aa885-2487-4295-b366-193cd21d8701): адский огонь
[15:25:05] VladDoor (f83aa885-2487-4295-b366-193cd21d8701): вроде да?
[15:25:27] VladDoor (f83aa885-2487-4295-b366-193cd21d8701): как сбивать щиты личу?
[15:25:36] Nergaloff (88da800e-1614-4c65-ace8-c18f7e99e914): отбивать его заряды в него
[15:26:41] Stxywxthme (6ce0cde9-8c92-4c66-96ad-6bffb9dfc01b): вот бы выбить душу единорога
[15:26:46] VladDoor (f83aa885-2487-4295-b366-193cd21d8701): я отбиваю ему ваще похуй
[15:27:06] Nergaloff (88da800e-1614-4c65-ace8-c18f7e99e914): вроде огненные надо отбивать
[15:27:15] Nergaloff (88da800e-1614-4c65-ace8-c18f7e99e914): и именно в лича, а не клонов
[15:27:16] Stxywxthme (6ce0cde9-8c92-4c66-96ad-6bffb9dfc01b): жемчуги
[15:27:24] VladDoor (f83aa885-2487-4295-b366-193cd21d8701): У меня клонов нету даже
[15:28:18] VladDoor (f83aa885-2487-4295-b366-193cd21d8701): клонов нету
[15:28:24] VladDoor (f83aa885-2487-4295-b366-193cd21d8701): и емупохуй что я отбиваю
[15:28:28] VladDoor (f83aa885-2487-4295-b366-193cd21d8701): кароч ищу другого лича
[15:28:31] VladDoor (f83aa885-2487-4295-b366-193cd21d8701): этот неправильный
[15:29:03] VladDoor (f83aa885-2487-4295-b366-193cd21d8701): нет
[15:29:05] VladDoor (f83aa885-2487-4295-b366-193cd21d8701): ток перлы
[15:29:17] VladDoor (f83aa885-2487-4295-b366-193cd21d8701): а не
[15:29:19] VladDoor (f83aa885-2487-4295-b366-193cd21d8701): ток что
[15:29:21] VladDoor (f83aa885-2487-4295-b366-193cd21d8701): шарик красный
[15:29:26] Nergaloff (88da800e-1614-4c65-ace8-c18f7e99e914): вот его надо
[15:29:27] VladDoor (f83aa885-2487-4295-b366-193cd21d8701): но ему ващепохуй
[15:30:36] VladDoor (f83aa885-2487-4295-b366-193cd21d8701): у меня ток настоящиф
[15:30:47] VladDoor (f83aa885-2487-4295-b366-193cd21d8701): у меня нету фекоф
[15:31:09] VladDoor (f83aa885-2487-4295-b366-193cd21d8701): я же говорю неправльный это лич
[15:39:00] Shick (1e509a89-d5e1-4571-bec0-bbd919826fe9): На какой высоте искать молодые корни эффективнее?
[15:39:08] Stxywxthme (6ce0cde9-8c92-4c66-96ad-6bffb9dfc01b): сервер лагает?
[15:39:11] Shick (1e509a89-d5e1-4571-bec0-bbd919826fe9): +
[15:39:12] Stxywxthme (6ce0cde9-8c92-4c66-96ad-6bffb9dfc01b): или мой инет?
[15:42:04] Stxywxthme (6ce0cde9-8c92-4c66-96ad-6bffb9dfc01b): тпс 14
[15:42:28] Stxywxthme (6ce0cde9-8c92-4c66-96ad-6bffb9dfc01b): опускается
[15:42:29] Stxywxthme (6ce0cde9-8c92-4c66-96ad-6bffb9dfc01b): опускается
[15:42:55] Stxywxthme (6ce0cde9-8c92-4c66-96ad-6bffb9dfc01b): 4-16 тпс
[15:46:08] Shick (1e509a89-d5e1-4571-bec0-bbd919826fe9): хз тпс маленький
[15:46:20] VladDoor (f83aa885-2487-4295-b366-193cd21d8701): 400 чанков чанклоадер грузит
[15:46:26] VladDoor (f83aa885-2487-4295-b366-193cd21d8701): у кого то
[15:51:36] VladDoor (f83aa885-2487-4295-b366-193cd21d8701): щас нашел правильного лича
[15:55:37] VladDoor (f83aa885-2487-4295-b366-193cd21d8701): у меня есть
[15:55:45] VladDoor (f83aa885-2487-4295-b366-193cd21d8701): ниоткуда
[15:56:18] VladDoor (f83aa885-2487-4295-b366-193cd21d8701): у меня
[15:56:30] VladDoor (f83aa885-2487-4295-b366-193cd21d8701): 3х3
[15:57:10] VladDoor (f83aa885-2487-4295-b366-193cd21d8701): там максимум 8 слитков
[15:57:51] Shick (1e509a89-d5e1-4571-bec0-bbd919826fe9): я щас в печке переплавля
[15:57:54] Shick (1e509a89-d5e1-4571-bec0-bbd919826fe9): ю
[15:58:00] VladDoor (f83aa885-2487-4295-b366-193cd21d8701): ну я же говорю 8 слитков в плавильне
[15:58:02] VladDoor (f83aa885-2487-4295-b366-193cd21d8701): забито
[15:58:06] VladDoor (f83aa885-2487-4295-b366-193cd21d8701): из 72 вроде
[15:58:19] Shick (1e509a89-d5e1-4571-bec0-bbd919826fe9): Я только щас начал
[15:58:26] Shick (1e509a89-d5e1-4571-bec0-bbd919826fe9): я до этого корни ебанные искал ходил
[16:05:28] Shick (1e509a89-d5e1-4571-bec0-bbd919826fe9): 16
[16:05:38] Shick (1e509a89-d5e1-4571-bec0-bbd919826fe9): 8 теперь
[16:09:45] Shick (1e509a89-d5e1-4571-bec0-bbd919826fe9): 20 тпс
[16:10:45] Shick (1e509a89-d5e1-4571-bec0-bbd919826fe9): По попе владику дать надо
[16:11:10] Shick (1e509a89-d5e1-4571-bec0-bbd919826fe9): У него чанкер был?
[16:11:22] Shick (1e509a89-d5e1-4571-bec0-bbd919826fe9): эх владик владик
[16:11:31] Shick (1e509a89-d5e1-4571-bec0-bbd919826fe9): еще и спрашивал че с тпс
[16:14:45] Shick (1e509a89-d5e1-4571-bec0-bbd919826fe9): вот и аптечка зашел
[16:15:05] Shick (1e509a89-d5e1-4571-bec0-bbd919826fe9): хахаахах
[16:15:09] AETERNAL (6015b02d-f272-4154-8209-5e3b23bbc09c): куда назуй
[16:15:11] Shick (1e509a89-d5e1-4571-bec0-bbd919826fe9): сразу
[16:15:13] Shick (1e509a89-d5e1-4571-bec0-bbd919826fe9): аххааххаах
[16:15:24] Shick (1e509a89-d5e1-4571-bec0-bbd919826fe9): ищи его базу по кордам
[16:15:29] AETERNAL (6015b02d-f272-4154-8209-5e3b23bbc09c): чё было
[16:15:33] Shick (1e509a89-d5e1-4571-bec0-bbd919826fe9): ?
[16:15:40] AETERNAL (6015b02d-f272-4154-8209-5e3b23bbc09c): ну как так тпс посадили
[16:15:46] Shick (1e509a89-d5e1-4571-bec0-bbd919826fe9): у влада чанкер стоял
[16:16:02] Shick (1e509a89-d5e1-4571-bec0-bbd919826fe9): давно я тебе не видел
[16:17:52] AETERNAL (6015b02d-f272-4154-8209-5e3b23bbc09c): а теперь скажи мне Владик
[16:17:58] AETERNAL (6015b02d-f272-4154-8209-5e3b23bbc09c): какой у тебя радиус загрузки
[16:18:20] AETERNAL (6015b02d-f272-4154-8209-5e3b23bbc09c): чего 25
[16:18:23] AETERNAL (6015b02d-f272-4154-8209-5e3b23bbc09c): радиус????
[16:18:34] Shick (1e509a89-d5e1-4571-bec0-bbd919826fe9): а нахуя тебе столько?
[16:18:40] AETERNAL (6015b02d-f272-4154-8209-5e3b23bbc09c): тогда 3 радиус
[16:18:42] AETERNAL (6015b02d-f272-4154-8209-5e3b23bbc09c): ну норма
[16:19:49] [CAPS] Shick (1e509a89-d5e1-4571-bec0-bbd919826fe9): ненада
[16:20:17] Shick (1e509a89-d5e1-4571-bec0-bbd919826fe9): А потому что аптечка зашел)
[16:20:34] AETERNAL (6015b02d-f272-4154-8209-5e3b23bbc09c): это нормальная прогрузка, успокойтесь
[16:21:40] Shick (1e509a89-d5e1-4571-bec0-bbd919826fe9): перезагрузи майн
[16:22:25] Shick (1e509a89-d5e1-4571-bec0-bbd919826fe9): леново и у меня есть
[16:22:33] Shick (1e509a89-d5e1-4571-bec0-bbd919826fe9): через него наверное все прошли
[16:23:04] AETERNAL (6015b02d-f272-4154-8209-5e3b23bbc09c): короче я хз чё вы тут творили
[16:23:07] AETERNAL (6015b02d-f272-4154-8209-5e3b23bbc09c): я пошёл
[16:23:42] Shick (1e509a89-d5e1-4571-bec0-bbd919826fe9): Не пали
[16:26:42] Shick (1e509a89-d5e1-4571-bec0-bbd919826fe9): Как нагу призвать?
[16:27:40] Shick (1e509a89-d5e1-4571-bec0-bbd919826fe9): ее тут нету
[16:27:49] Shick (1e509a89-d5e1-4571-bec0-bbd919826fe9): я у нее тут в лабиринте гуляю
[16:27:53] Shick (1e509a89-d5e1-4571-bec0-bbd919826fe9): +
[16:28:06] Shick (1e509a89-d5e1-4571-bec0-bbd919826fe9): убита типа?
[16:28:12] Shick (1e509a89-d5e1-4571-bec0-bbd919826fe9): понял
[16:28:22] Shick (1e509a89-d5e1-4571-bec0-bbd919826fe9): вайпни щас
[16:28:25] Shick (1e509a89-d5e1-4571-bec0-bbd919826fe9): жду.
[16:28:43] Shick (1e509a89-d5e1-4571-bec0-bbd919826fe9): Нее, меня вайпать не надо
[16:28:48] Shick (1e509a89-d5e1-4571-bec0-bbd919826fe9): я тебе потом сервер вайпну
[16:30:20] Shick (1e509a89-d5e1-4571-bec0-bbd919826fe9): а он мне угрожал
[16:47:02] _reflexed (a4982e19-bdcc-40a7-a685-78ee1c50ad23): ого))
[16:53:38] Shick (1e509a89-d5e1-4571-bec0-bbd919826fe9): 10 tps
[16:53:45] VladDoor (f83aa885-2487-4295-b366-193cd21d8701): кайф же
[16:53:54] VladDoor (f83aa885-2487-4295-b366-193cd21d8701): у меня чанки не грузятся
[16:54:43] _reflexed (a4982e19-bdcc-40a7-a685-78ee1c50ad23): Опа, тпс успокоился
[16:56:05] _reflexed (a4982e19-bdcc-40a7-a685-78ee1c50ad23): У кого то есть вибраниум?
[16:56:30] VladDoor (f83aa885-2487-4295-b366-193cd21d8701): WTF
[16:56:33] _reflexed (a4982e19-bdcc-40a7-a685-78ee1c50ad23): ?
[16:56:41] VladDoor (f83aa885-2487-4295-b366-193cd21d8701): минус спектральный бур
[16:56:44] VladDoor (f83aa885-2487-4295-b366-193cd21d8701): сломался
[16:56:44] _reflexed (a4982e19-bdcc-40a7-a685-78ee1c50ad23): Пон
[16:57:14] VladDoor (f83aa885-2487-4295-b366-193cd21d8701): заебись
[16:58:18] _reflexed (a4982e19-bdcc-40a7-a685-78ee1c50ad23): Ого
[16:58:22] _reflexed (a4982e19-bdcc-40a7-a685-78ee1c50ad23): Поддерживающий блок
[16:59:14] _reflexed (a4982e19-bdcc-40a7-a685-78ee1c50ad23): 6 тпс
[17:00:22] _reflexed (a4982e19-bdcc-40a7-a685-78ee1c50ad23): VladDoor Ты в каком измерении?
[17:00:42] VladDoor (f83aa885-2487-4295-b366-193cd21d8701): сумеречный лес
[17:00:51] _reflexed (a4982e19-bdcc-40a7-a685-78ee1c50ad23): Понял
[17:01:06] Stxywxthme (6ce0cde9-8c92-4c66-96ad-6bffb9dfc01b): 4 тпс
[17:01:06] _reflexed (a4982e19-bdcc-40a7-a685-78ee1c50ad23): Я то думаю почему 4 тпс
[17:01:17] VladDoor (f83aa885-2487-4295-b366-193cd21d8701): с чем это связано?
[17:01:25] _reflexed (a4982e19-bdcc-40a7-a685-78ee1c50ad23): Чанки новые грузишь
[17:01:36] _reflexed (a4982e19-bdcc-40a7-a685-78ee1c50ad23): Я был в твайлайте также нагружало
[17:01:47] VladDoor (f83aa885-2487-4295-b366-193cd21d8701): я щас в лабиринте
[17:01:49] VladDoor (f83aa885-2487-4295-b366-193cd21d8701): хожу
[17:01:55] _reflexed (a4982e19-bdcc-40a7-a685-78ee1c50ad23): Суп минотавра?
[17:02:00] VladDoor (f83aa885-2487-4295-b366-193cd21d8701): да
[17:02:07] _reflexed (a4982e19-bdcc-40a7-a685-78ee1c50ad23): У меня в ендер честе есть
[17:02:10] VladDoor (f83aa885-2487-4295-b366-193cd21d8701): Блят у меня буры то ломаются
[17:02:29] _reflexed (a4982e19-bdcc-40a7-a685-78ee1c50ad23): Господи
[17:02:39] VladDoor (f83aa885-2487-4295-b366-193cd21d8701): это норм?
[17:02:41] _reflexed (a4982e19-bdcc-40a7-a685-78ee1c50ad23): Давай я тебе дам ща суп минотавра и ты уйдешь на время из твайлайта, ок?
[17:02:42] Stxywxthme (6ce0cde9-8c92-4c66-96ad-6bffb9dfc01b): наверное потому что аптечка редачил прочность у кирок
[17:03:03] Shick (1e509a89-d5e1-4571-bec0-bbd919826fe9): аптечка фикси тпс
[17:03:05] VladDoor (f83aa885-2487-4295-b366-193cd21d8701): пиздец
[17:03:06] Shick (1e509a89-d5e1-4571-bec0-bbd919826fe9): че афкшишь
[17:03:09] _reflexed (a4982e19-bdcc-40a7-a685-78ee1c50ad23): Плати работягам буры назад))
[17:03:23] _reflexed (a4982e19-bdcc-40a7-a685-78ee1c50ad23): Я сижу как ишак и ищу вибраниум
[17:03:29] _reflexed (a4982e19-bdcc-40a7-a685-78ee1c50ad23): Потому что хочу перейти на индастриал
[17:03:54] VladDoor (f83aa885-2487-4295-b366-193cd21d8701): тп ко мне покажу бур легендарный
[17:03:55] Stxywxthme (6ce0cde9-8c92-4c66-96ad-6bffb9dfc01b): у буров прочность как у алмазных кирок
[17:05:03] _reflexed (a4982e19-bdcc-40a7-a685-78ee1c50ad23): Етернал, сможешь мне щас за что то продать вибраниум?
[17:05:24] Stxywxthme (6ce0cde9-8c92-4c66-96ad-6bffb9dfc01b): я могк
[17:05:33] _reflexed (a4982e19-bdcc-40a7-a685-78ee1c50ad23): У тебя карик чтоль?
[17:05:43] Stxywxthme (6ce0cde9-8c92-4c66-96ad-6bffb9dfc01b): нет
[17:06:20] _reflexed (a4982e19-bdcc-40a7-a685-78ee1c50ad23): У вибраниума шанс меньше 0.01 на 7 высоте
[17:06:24] Stxywxthme (6ce0cde9-8c92-4c66-96ad-6bffb9dfc01b): а
[17:06:25] _reflexed (a4982e19-bdcc-40a7-a685-78ee1c50ad23): Как я его должен искать нормально??
[17:06:35] Stxywxthme (6ce0cde9-8c92-4c66-96ad-6bffb9dfc01b): у меня нет оказывается
[17:07:28] Shick (1e509a89-d5e1-4571-bec0-bbd919826fe9): да заебал пугать
[17:07:35] _reflexed (a4982e19-bdcc-40a7-a685-78ee1c50ad23): Ты как тут оказался?
[17:07:42] _reflexed (a4982e19-bdcc-40a7-a685-78ee1c50ad23): Я щас прикола не понял
[17:08:09] VladDoor (f83aa885-2487-4295-b366-193cd21d8701): о
[17:08:12] VladDoor (f83aa885-2487-4295-b366-193cd21d8701): не тратися?
[17:08:20] VladDoor (f83aa885-2487-4295-b366-193cd21d8701): ну
[17:08:24] VladDoor (f83aa885-2487-4295-b366-193cd21d8701): чекни
[17:08:27] VladDoor (f83aa885-2487-4295-b366-193cd21d8701): вибнариум
[17:08:29] VladDoor (f83aa885-2487-4295-b366-193cd21d8701): этот
[17:08:31] VladDoor (f83aa885-2487-4295-b366-193cd21d8701): в инвенте
[17:08:35] _reflexed (a4982e19-bdcc-40a7-a685-78ee1c50ad23): Да
[17:08:36] _reflexed (a4982e19-bdcc-40a7-a685-78ee1c50ad23): Этот
[17:08:40] _reflexed (a4982e19-bdcc-40a7-a685-78ee1c50ad23): Он мне ща нужен
[17:08:44] VladDoor (f83aa885-2487-4295-b366-193cd21d8701): я тебе скинул
[17:08:49] VladDoor (f83aa885-2487-4295-b366-193cd21d8701): пол стака
[17:08:53] _reflexed (a4982e19-bdcc-40a7-a685-78ee1c50ad23): У меня нету
[17:09:05] _reflexed (a4982e19-bdcc-40a7-a685-78ee1c50ad23): Господи
[17:09:09] _reflexed (a4982e19-bdcc-40a7-a685-78ee1c50ad23): Спасибо
[17:09:17] _reflexed (a4982e19-bdcc-40a7-a685-78ee1c50ad23): Я его ищу уже второй день
[17:09:18] VladDoor (f83aa885-2487-4295-b366-193cd21d8701): nez
[17:09:20] _reflexed (a4982e19-bdcc-40a7-a685-78ee1c50ad23): Если без рофлов
[17:10:28] VladDoor (f83aa885-2487-4295-b366-193cd21d8701): Не могли бы вы мне вернуть спектральный бур мистер Аитернал?
[17:11:18] VladDoor (f83aa885-2487-4295-b366-193cd21d8701): спасбиа
[17:12:02] AETERNAL (6015b02d-f272-4154-8209-5e3b23bbc09c): прикольный дизайн
[17:12:04] VladDoor (f83aa885-2487-4295-b366-193cd21d8701): xD
[17:12:08] Nergaloff (88da800e-1614-4c65-ace8-c18f7e99e914): )
[17:12:08] VladDoor (f83aa885-2487-4295-b366-193cd21d8701): щас тпс стал
[17:12:15] VladDoor (f83aa885-2487-4295-b366-193cd21d8701): 18
[17:12:36] VladDoor (f83aa885-2487-4295-b366-193cd21d8701): твайлайт форест наверн
[17:12:39] VladDoor (f83aa885-2487-4295-b366-193cd21d8701): риально
[17:16:33] _reflexed (a4982e19-bdcc-40a7-a685-78ee1c50ad23): У меня плавильня не видит пиротеум
[17:16:35] AETERNAL (6015b02d-f272-4154-8209-5e3b23bbc09c): cСтой
[17:16:39] AETERNAL (6015b02d-f272-4154-8209-5e3b23bbc09c): Shick
[17:16:44] AETERNAL (6015b02d-f272-4154-8209-5e3b23bbc09c): постои ка
[17:17:16] AETERNAL (6015b02d-f272-4154-8209-5e3b23bbc09c): кто то ещё в твайлайте есть?
[17:17:19] Shick (1e509a89-d5e1-4571-bec0-bbd919826fe9): хз
[17:17:24] Shick (1e509a89-d5e1-4571-bec0-bbd919826fe9): я иду на сумеричного
[17:17:29] Shick (1e509a89-d5e1-4571-bec0-bbd919826fe9): лича
[17:18:18] AETERNAL (6015b02d-f272-4154-8209-5e3b23bbc09c): бред блять какой-то
[17:18:21] Shick (1e509a89-d5e1-4571-bec0-bbd919826fe9): ?
[17:19:39] AETERNAL (6015b02d-f272-4154-8209-5e3b23bbc09c): короче да
[17:19:48] _reflexed (a4982e19-bdcc-40a7-a685-78ee1c50ad23): Пон
[17:19:52] Shick (1e509a89-d5e1-4571-bec0-bbd919826fe9): пон
[17:20:09] VladDoor (f83aa885-2487-4295-b366-193cd21d8701): и убери все нахуй крафты из твайлайта
[17:20:14] VladDoor (f83aa885-2487-4295-b366-193cd21d8701): что бы туда даже не ходили
[17:20:16] Shick (1e509a89-d5e1-4571-bec0-bbd919826fe9): !
[17:20:19] Shick (1e509a89-d5e1-4571-bec0-bbd919826fe9): э
[17:20:21] VladDoor (f83aa885-2487-4295-b366-193cd21d8701): ага
[17:20:22] AETERNAL (6015b02d-f272-4154-8209-5e3b23bbc09c): 1700 чанков
[17:20:29] AETERNAL (6015b02d-f272-4154-8209-5e3b23bbc09c): не выгружены
[17:20:38] VladDoor (f83aa885-2487-4295-b366-193cd21d8701): это плохо?
[17:32:02] VladDoor (f83aa885-2487-4295-b366-193cd21d8701): Первым делом идем канешно же в
[17:32:12] Shick (1e509a89-d5e1-4571-bec0-bbd919826fe9): я только от туда
[17:32:16] VladDoor (f83aa885-2487-4295-b366-193cd21d8701): Twillight forest
[17:50:52] VladDoor (f83aa885-2487-4295-b366-193cd21d8701): через скок блоков ставить хорус?
[17:52:54] VladDoor (f83aa885-2487-4295-b366-193cd21d8701): на будущее
[17:52:58] VladDoor (f83aa885-2487-4295-b366-193cd21d8701): для крафтов
[17:53:08] Nergaloff (88da800e-1614-4c65-ace8-c18f7e99e914): хоруса в сборке много нужно
[17:53:56] Nergaloff (88da800e-1614-4c65-ace8-c18f7e99e914): через фитогенку можно, сада клоше тут нет, это иммерсив
[17:53:59] VladDoor (f83aa885-2487-4295-b366-193cd21d8701): можна
[17:57:35] Shick (1e509a89-d5e1-4571-bec0-bbd919826fe9): как тауминикон сделать?
[17:57:45] Shick (1e509a89-d5e1-4571-bec0-bbd919826fe9): чем там по книжной полке ебнуть надо?
[17:57:51] Nergaloff (88da800e-1614-4c65-ace8-c18f7e99e914): салис мундусом
[17:58:17] Shick (1e509a89-d5e1-4571-bec0-bbd919826fe9): а он из 3 любых кристаллов делается?
[17:58:23] Nergaloff (88da800e-1614-4c65-ace8-c18f7e99e914): 3 любых кристалла, редстоун, кремень и миска
[17:58:27] Shick (1e509a89-d5e1-4571-bec0-bbd919826fe9): спасибо
[18:02:38] Shick (1e509a89-d5e1-4571-bec0-bbd919826fe9): Звезды есть смысл изучать?
[18:02:47] Nergaloff (88da800e-1614-4c65-ace8-c18f7e99e914): астрал?
[18:02:54] Shick (1e509a89-d5e1-4571-bec0-bbd919826fe9): +
[18:03:07] Nergaloff (88da800e-1614-4c65-ace8-c18f7e99e914): ради начального карьера да
[18:03:13] Nergaloff (88da800e-1614-4c65-ace8-c18f7e99e914): он быстро проходится
[18:03:19] Shick (1e509a89-d5e1-4571-bec0-bbd919826fe9): А где аквамарин найти?
[18:03:30] Nergaloff (88da800e-1614-4c65-ace8-c18f7e99e914): в реках всяких
[18:03:36] Shick (1e509a89-d5e1-4571-bec0-bbd919826fe9): оке спс
[18:04:14] Nergaloff (88da800e-1614-4c65-ace8-c18f7e99e914): astral quarry controller если че
[20:30:45] VladDoor (f83aa885-2487-4295-b366-193cd21d8701): Ложимся
[20:30:49] Shick (1e509a89-d5e1-4571-bec0-bbd919826fe9): Не
[20:30:54] Shick (1e509a89-d5e1-4571-bec0-bbd919826fe9): я звезды изучаю
[20:33:57] VladDoor (f83aa885-2487-4295-b366-193cd21d8701): Shick 5х5 плавильня быстрее плавит?
[20:34:12] Shick (1e509a89-d5e1-4571-bec0-bbd919826fe9): емкость просто больше
[20:35:06] VladDoor (f83aa885-2487-4295-b366-193cd21d8701): а зач звезды7
[20:35:17] VladDoor (f83aa885-2487-4295-b366-193cd21d8701): они нужны для общего прохождения?
[20:35:19] Shick (1e509a89-d5e1-4571-bec0-bbd919826fe9): А там карьер можно получить
[20:35:23] Shick (1e509a89-d5e1-4571-bec0-bbd919826fe9): стартовый
[20:35:26] VladDoor (f83aa885-2487-4295-b366-193cd21d8701): аа
[20:36:00] VladDoor (f83aa885-2487-4295-b366-193cd21d8701): Значит не обьязательно?
[20:36:09] Shick (1e509a89-d5e1-4571-bec0-bbd919826fe9): вроде нет
[20:36:36] Shick (1e509a89-d5e1-4571-bec0-bbd919826fe9): хули ты лыбу давишь?
[20:37:12] VladDoor (f83aa885-2487-4295-b366-193cd21d8701): Смотрел
[20:37:16] VladDoor (f83aa885-2487-4295-b366-193cd21d8701): Я знаю
[20:38:08] VladDoor (f83aa885-2487-4295-b366-193cd21d8701): ни разу с ним не играл
[20:38:32] VladDoor (f83aa885-2487-4295-b366-193cd21d8701): хз не играл
[20:38:50] VladDoor (f83aa885-2487-4295-b366-193cd21d8701): он же древний мод?
[20:39:03] VladDoor (f83aa885-2487-4295-b366-193cd21d8701): или новый?
[20:39:54] VladDoor (f83aa885-2487-4295-b366-193cd21d8701): ну новый это как иу допустим
[20:40:00] VladDoor (f83aa885-2487-4295-b366-193cd21d8701): а старый как ик2 допустим
[20:40:06] VladDoor (f83aa885-2487-4295-b366-193cd21d8701): по годам
[20:40:41] Shick (1e509a89-d5e1-4571-bec0-bbd919826fe9): аптека
[20:40:47] VladDoor (f83aa885-2487-4295-b366-193cd21d8701): ну я смотрю что тут постройки строить нада
[20:40:50] VladDoor (f83aa885-2487-4295-b366-193cd21d8701): прикольные
[20:40:53] VladDoor (f83aa885-2487-4295-b366-193cd21d8701): а так хз
[20:41:52] Shick (1e509a89-d5e1-4571-bec0-bbd919826fe9): Мне получается что пиздовать щас до туда где есть свет от звезд и там ставить алтарь звездного света?
[20:42:01] VladDoor (f83aa885-2487-4295-b366-193cd21d8701): че за свет
[20:42:13] Shick (1e509a89-d5e1-4571-bec0-bbd919826fe9): Который в резонаторе света виден
[20:42:27] VladDoor (f83aa885-2487-4295-b366-193cd21d8701): это чо
[20:42:31] Shick (1e509a89-d5e1-4571-bec0-bbd919826fe9): это астрал
[20:48:22] Shick (1e509a89-d5e1-4571-bec0-bbd919826fe9): А как тогда?
[20:50:13] VladDoor (f83aa885-2487-4295-b366-193cd21d8701): сори
[20:50:15] VladDoor (f83aa885-2487-4295-b366-193cd21d8701): xD
[20:50:17] Shick (1e509a89-d5e1-4571-bec0-bbd919826fe9): )))
[20:50:18] Shick (1e509a89-d5e1-4571-bec0-bbd919826fe9): мае
[20:50:30] Shick (1e509a89-d5e1-4571-bec0-bbd919826fe9): а то тут гадил сидел мне
[20:50:38] VladDoor (f83aa885-2487-4295-b366-193cd21d8701): xD
[20:50:42] VladDoor (f83aa885-2487-4295-b366-193cd21d8701): ну вот те
[20:50:45] VladDoor (f83aa885-2487-4295-b366-193cd21d8701): за
[20:50:49] VladDoor (f83aa885-2487-4295-b366-193cd21d8701): это
[20:50:51] Shick (1e509a89-d5e1-4571-bec0-bbd919826fe9): спасибо хорошая броня xD
[20:50:55] Shick (1e509a89-d5e1-4571-bec0-bbd919826fe9): я рад
[20:50:56] Shick (1e509a89-d5e1-4571-bec0-bbd919826fe9): ))
[20:51:14] VladDoor (f83aa885-2487-4295-b366-193cd21d8701): иду готовить след партию глаз циклопа
[20:51:18] VladDoor (f83aa885-2487-4295-b366-193cd21d8701): они тебе оч нравятся
[20:51:19] VladDoor (f83aa885-2487-4295-b366-193cd21d8701): я вижу
[20:51:19] Shick (1e509a89-d5e1-4571-bec0-bbd919826fe9): бл
[20:51:20] VladDoor (f83aa885-2487-4295-b366-193cd21d8701): xD
[20:51:35] VladDoor (f83aa885-2487-4295-b366-193cd21d8701): xd
[21:02:52] Nindly (3196f6ce-0e2b-41e1-8fe5-97e8a4e07927): Куплю эндерняк
[21:02:55] Nindly (3196f6ce-0e2b-41e1-8fe5-97e8a4e07927): ;3
[21:03:30] Nindly (3196f6ce-0e2b-41e1-8fe5-97e8a4e07927): q
[21:03:43] VladDoor (f83aa885-2487-4295-b366-193cd21d8701): а зач тебе
[21:03:48] Nindly (3196f6ce-0e2b-41e1-8fe5-97e8a4e07927): кирку сделать
[21:03:51] Nindly (3196f6ce-0e2b-41e1-8fe5-97e8a4e07927): тинкер
[21:04:05] Nindly (3196f6ce-0e2b-41e1-8fe5-97e8a4e07927): спасибо
[21:04:47] VladDoor (f83aa885-2487-4295-b366-193cd21d8701): и тебе
[21:17:47] VladDoor (f83aa885-2487-4295-b366-193cd21d8701): Как в извлекатель жидкости из дерева засунуть само дерево xD?
[21:18:22] Nindly (3196f6ce-0e2b-41e1-8fe5-97e8a4e07927): Там взаимодействие с блоком
[21:18:26] Nindly (3196f6ce-0e2b-41e1-8fe5-97e8a4e07927): Внешнее
[21:18:41] Nindly (3196f6ce-0e2b-41e1-8fe5-97e8a4e07927): Поставь блок дерева
[21:18:42] VladDoor (f83aa885-2487-4295-b366-193cd21d8701): всм
[21:18:53] VladDoor (f83aa885-2487-4295-b366-193cd21d8701): поставил
[21:19:02] Nindly (3196f6ce-0e2b-41e1-8fe5-97e8a4e07927): И к нему извлекатель
[21:19:12] Nindly (3196f6ce-0e2b-41e1-8fe5-97e8a4e07927): + энергия
[21:19:16] Nindly (3196f6ce-0e2b-41e1-8fe5-97e8a4e07927): И усё
[21:19:19] VladDoor (f83aa885-2487-4295-b366-193cd21d8701): о ебать
[21:19:21] VladDoor (f83aa885-2487-4295-b366-193cd21d8701): пошло
[21:19:23] VladDoor (f83aa885-2487-4295-b366-193cd21d8701): пошло
[21:19:33] VladDoor (f83aa885-2487-4295-b366-193cd21d8701): Оно без энергии
[21:19:42] Nindly (3196f6ce-0e2b-41e1-8fe5-97e8a4e07927): Ещё лучше
[21:19:57] VladDoor (f83aa885-2487-4295-b366-193cd21d8701): ну у меня с энергией проблем не будет еще
[21:20:00] VladDoor (f83aa885-2487-4295-b366-193cd21d8701): много времени
[21:22:58] Shick (1e509a89-d5e1-4571-bec0-bbd919826fe9): какими?
[21:22:59] VladDoor (f83aa885-2487-4295-b366-193cd21d8701): Какими инструментами?
[21:23:01] VladDoor (f83aa885-2487-4295-b366-193cd21d8701): бур?
[21:23:13] Shick (1e509a89-d5e1-4571-bec0-bbd919826fe9): ну пздц ты
[21:23:18] VladDoor (f83aa885-2487-4295-b366-193cd21d8701): типа броня ломается?
[21:23:22] VladDoor (f83aa885-2487-4295-b366-193cd21d8701): нанка
[21:23:24] VladDoor (f83aa885-2487-4295-b366-193cd21d8701): и тд
[21:23:45] VladDoor (f83aa885-2487-4295-b366-193cd21d8701): ну терпеть
[21:24:01] VladDoor (f83aa885-2487-4295-b366-193cd21d8701): дотерпеть до карьеров
[21:24:02] Shick (1e509a89-d5e1-4571-bec0-bbd919826fe9): Аптечка возьмет себя в руки и завтра релиз сделает
[21:24:04] VladDoor (f83aa885-2487-4295-b366-193cd21d8701): а там и не нужны
[21:24:27] VladDoor (f83aa885-2487-4295-b366-193cd21d8701): хз поиграл 3 -4 дня
[21:24:29] VladDoor (f83aa885-2487-4295-b366-193cd21d8701): уже кв карьер
[21:24:31] VladDoor (f83aa885-2487-4295-b366-193cd21d8701): xD
[21:24:35] Shick (1e509a89-d5e1-4571-bec0-bbd919826fe9): донатер
[21:24:40] VladDoor (f83aa885-2487-4295-b366-193cd21d8701): ванючи
[21:24:44] VladDoor (f83aa885-2487-4295-b366-193cd21d8701): ага
[21:24:50] VladDoor (f83aa885-2487-4295-b366-193cd21d8701): лакшерри
[21:24:57] VladDoor (f83aa885-2487-4295-b366-193cd21d8701): скорей
[21:25:01] VladDoor (f83aa885-2487-4295-b366-193cd21d8701): первый слог
[21:25:08] VladDoor (f83aa885-2487-4295-b366-193cd21d8701): ну так то да
[21:25:13] VladDoor (f83aa885-2487-4295-b366-193cd21d8701): но уже в разы легче
[21:25:16] VladDoor (f83aa885-2487-4295-b366-193cd21d8701): тем что
[21:25:29] VladDoor (f83aa885-2487-4295-b366-193cd21d8701): я не нуждаюсь в сумеречном лесе
[21:25:44] VladDoor (f83aa885-2487-4295-b366-193cd21d8701): а на чем он робит?
[21:26:23] VladDoor (f83aa885-2487-4295-b366-193cd21d8701): я не буду лезть в этот мод пока не прижмет
[21:26:27] Shick (1e509a89-d5e1-4571-bec0-bbd919826fe9): та ты на отьебись делал
[21:26:27] VladDoor (f83aa885-2487-4295-b366-193cd21d8701): а потом уже посмотрим
[21:26:29] Shick (1e509a89-d5e1-4571-bec0-bbd919826fe9): xD
[21:26:54] Shick (1e509a89-d5e1-4571-bec0-bbd919826fe9): Щас посмотрю
[21:27:20] Shick (1e509a89-d5e1-4571-bec0-bbd919826fe9): А ты про это
[21:28:03] VladDoor (f83aa885-2487-4295-b366-193cd21d8701): компактор это какая стадия игры?
[21:31:42] VladDoor (f83aa885-2487-4295-b366-193cd21d8701): как помпой из суслика брать воду?
[22:36:03] VladDoor (f83aa885-2487-4295-b366-193cd21d8701): Нету?
