[14:37:35] VladDoor (f83aa885-2487-4295-b366-193cd21d8701): НАйс
[14:37:46] VladDoor (f83aa885-2487-4295-b366-193cd21d8701): Мир вашему дому.
[14:37:56] Nergaloff (88da800e-1614-4c65-ace8-c18f7e99e914): взаимно
[14:38:15] VladDoor (f83aa885-2487-4295-b366-193cd21d8701): Наконец то зашло xD я не мог возродиться
[14:40:02] VladDoor (f83aa885-2487-4295-b366-193cd21d8701): На сколько уже развился?
[14:40:43] Nergaloff (88da800e-1614-4c65-ace8-c18f7e99e914): ну, я развиваюсь медленно, никуда не тороплюсь. астрал практически фул, начинаю первые мехи делать
[14:41:17] VladDoor (f83aa885-2487-4295-b366-193cd21d8701): Сложно будет если шарю из всех модов ток с термале иу дивайн и ае2?)
[14:41:33] Nergaloff (88da800e-1614-4c65-ace8-c18f7e99e914): наверно
[14:41:44] VladDoor (f83aa885-2487-4295-b366-193cd21d8701): С магией ни разу не играл
[14:41:57] Nergaloff (88da800e-1614-4c65-ace8-c18f7e99e914): тут она везде подвязана
[14:42:03] VladDoor (f83aa885-2487-4295-b366-193cd21d8701): Я знаю
[14:43:19] VladDoor (f83aa885-2487-4295-b366-193cd21d8701): щас впервую очередь сделаю кровяные боты и буду летать
[14:47:48] VladDoor (f83aa885-2487-4295-b366-193cd21d8701): Все терь 8 минуток отдыхаем
[14:47:53] VladDoor (f83aa885-2487-4295-b366-193cd21d8701): Все терь 8 минуток отдыхаем
[14:47:56] VladDoor (f83aa885-2487-4295-b366-193cd21d8701): точней я
[14:50:12] VladDoor (f83aa885-2487-4295-b366-193cd21d8701): У меня нету кровати
[14:50:27] VladDoor (f83aa885-2487-4295-b366-193cd21d8701): Можешь подогнать :)?
[14:56:35] VladDoor (f83aa885-2487-4295-b366-193cd21d8701): Уже день да?
[14:56:42] Nergaloff (88da800e-1614-4c65-ace8-c18f7e99e914): Да
[15:01:02] VladDoor (f83aa885-2487-4295-b366-193cd21d8701): скок там над глины для 3х3 плавильни?
[15:01:20] Nergaloff (88da800e-1614-4c65-ace8-c18f7e99e914): хз
[15:01:31] Nergaloff (88da800e-1614-4c65-ace8-c18f7e99e914): я каждый раз по разному копаю
[15:03:32] VladDoor (f83aa885-2487-4295-b366-193cd21d8701): тут экстрим реакторс есть найс
[15:04:58] VladDoor (f83aa885-2487-4295-b366-193cd21d8701): Лучшая кирка в начале это иридиево кобальтово платиновая кирка?
[15:05:24] Nergaloff (88da800e-1614-4c65-ace8-c18f7e99e914): я все инструменты из кобальта использую
[15:05:28] Nergaloff (88da800e-1614-4c65-ace8-c18f7e99e914): не смешиваю
[15:05:31] Nergaloff (88da800e-1614-4c65-ace8-c18f7e99e914): мне хватает
[17:38:08] VladDoor (f83aa885-2487-4295-b366-193cd21d8701): что будет если повысить уровень у предмета в тинкере7
[17:38:20] Nergaloff (88da800e-1614-4c65-ace8-c18f7e99e914): модификатор добавится
[17:38:26] VladDoor (f83aa885-2487-4295-b366-193cd21d8701): рандом?
[17:38:44] Nergaloff (88da800e-1614-4c65-ace8-c18f7e99e914): нет, 1 дополнительный слот
[17:38:49] VladDoor (f83aa885-2487-4295-b366-193cd21d8701): аа
[17:38:50] Nergaloff (88da800e-1614-4c65-ace8-c18f7e99e914): можешь любой установить
[17:40:46] VladDoor (f83aa885-2487-4295-b366-193cd21d8701): Первая норм кирка это рупиевый мультитул?
[17:42:31] Nergaloff (88da800e-1614-4c65-ace8-c18f7e99e914): норм
[18:23:15] Stxywxthme (6ce0cde9-8c92-4c66-96ad-6bffb9dfc01b): понятно
[18:23:28] Stxywxthme (6ce0cde9-8c92-4c66-96ad-6bffb9dfc01b): .ping
[18:46:23] VladDoor (f83aa885-2487-4295-b366-193cd21d8701): привет
[18:46:27] VladDoor (f83aa885-2487-4295-b366-193cd21d8701): привет
[18:46:39] Stxywxthme (6ce0cde9-8c92-4c66-96ad-6bffb9dfc01b): привет
[18:49:32] Stxywxthme (6ce0cde9-8c92-4c66-96ad-6bffb9dfc01b): ку
[18:49:36] VladDoor (f83aa885-2487-4295-b366-193cd21d8701): ку
[18:49:54] Stxywxthme (6ce0cde9-8c92-4c66-96ad-6bffb9dfc01b): только развиваешься?
[18:50:10] VladDoor (f83aa885-2487-4295-b366-193cd21d8701): по стате 4 часа а так час +-
[18:50:24] Stxywxthme (6ce0cde9-8c92-4c66-96ad-6bffb9dfc01b): по статам 2 дня
[18:50:33] Stxywxthme (6ce0cde9-8c92-4c66-96ad-6bffb9dfc01b): аквамарин...
[18:50:46] VladDoor (f83aa885-2487-4295-b366-193cd21d8701): че по мехам?
[18:50:47] Stxywxthme (6ce0cde9-8c92-4c66-96ad-6bffb9dfc01b): нужен?
[18:50:56] VladDoor (f83aa885-2487-4295-b366-193cd21d8701): нет
[18:50:58] VladDoor (f83aa885-2487-4295-b366-193cd21d8701): я ищу
[18:51:00] Stxywxthme (6ce0cde9-8c92-4c66-96ad-6bffb9dfc01b): да пока до мэ дошли
[18:51:02] VladDoor (f83aa885-2487-4295-b366-193cd21d8701): глину
[18:52:08] Stxywxthme (6ce0cde9-8c92-4c66-96ad-6bffb9dfc01b): здесь
[18:52:37] VladDoor (f83aa885-2487-4295-b366-193cd21d8701): 4-5 стаков над?
[18:52:41] Stxywxthme (6ce0cde9-8c92-4c66-96ad-6bffb9dfc01b): хз
[18:52:41] VladDoor (f83aa885-2487-4295-b366-193cd21d8701): а не
[18:52:45] VladDoor (f83aa885-2487-4295-b366-193cd21d8701): там же
[18:52:58] Stxywxthme (6ce0cde9-8c92-4c66-96ad-6bffb9dfc01b): хд
[18:53:13] VladDoor (f83aa885-2487-4295-b366-193cd21d8701): ща сек
[18:53:40] VladDoor (f83aa885-2487-4295-b366-193cd21d8701): еба
[18:53:41] VladDoor (f83aa885-2487-4295-b366-193cd21d8701): откуда
[18:53:47] Stxywxthme (6ce0cde9-8c92-4c66-96ad-6bffb9dfc01b): отсюда
[18:54:02] VladDoor (f83aa885-2487-4295-b366-193cd21d8701): прикол
[18:54:42] Stxywxthme (6ce0cde9-8c92-4c66-96ad-6bffb9dfc01b): мм
[18:54:48] Stxywxthme (6ce0cde9-8c92-4c66-96ad-6bffb9dfc01b): тут есть оре экскавате
[18:54:58] Stxywxthme (6ce0cde9-8c92-4c66-96ad-6bffb9dfc01b): на ё
[18:55:05] VladDoor (f83aa885-2487-4295-b366-193cd21d8701): всм
[18:55:26] Stxywxthme (6ce0cde9-8c92-4c66-96ad-6bffb9dfc01b): не абоьа
[18:55:29] VladDoor (f83aa885-2487-4295-b366-193cd21d8701): абоба
[18:55:33] VladDoor (f83aa885-2487-4295-b366-193cd21d8701): всмысле
[18:55:40] Stxywxthme (6ce0cde9-8c92-4c66-96ad-6bffb9dfc01b): ультимайн
[18:56:12] VladDoor (f83aa885-2487-4295-b366-193cd21d8701): я не понимаю
[18:56:23] Stxywxthme (6ce0cde9-8c92-4c66-96ad-6bffb9dfc01b): зайди в настройки
[18:56:28] Stxywxthme (6ce0cde9-8c92-4c66-96ad-6bffb9dfc01b): управление
[18:56:39] Stxywxthme (6ce0cde9-8c92-4c66-96ad-6bffb9dfc01b): пролистай вниз
[18:56:47] Stxywxthme (6ce0cde9-8c92-4c66-96ad-6bffb9dfc01b): там будет ore excatave
[18:57:10] Stxywxthme (6ce0cde9-8c92-4c66-96ad-6bffb9dfc01b): выкапывание на любую удобную не занятую клавишу
[18:58:13] VladDoor (f83aa885-2487-4295-b366-193cd21d8701): просто выкапывание?
[18:58:16] VladDoor (f83aa885-2487-4295-b366-193cd21d8701): подписано
[18:58:19] Stxywxthme (6ce0cde9-8c92-4c66-96ad-6bffb9dfc01b): да
[18:59:43] Stxywxthme (6ce0cde9-8c92-4c66-96ad-6bffb9dfc01b): норм?
[18:59:45] VladDoor (f83aa885-2487-4295-b366-193cd21d8701): прикол
[18:59:52] VladDoor (f83aa885-2487-4295-b366-193cd21d8701): а так с буром работает )?
[18:59:55] VladDoor (f83aa885-2487-4295-b366-193cd21d8701): 1на1
[18:59:56] Stxywxthme (6ce0cde9-8c92-4c66-96ad-6bffb9dfc01b): да
[19:00:13] VladDoor (f83aa885-2487-4295-b366-193cd21d8701): а смысл от спектрального бура?
[19:00:14] Stxywxthme (6ce0cde9-8c92-4c66-96ad-6bffb9dfc01b): смотри что могу
[19:00:20] VladDoor (f83aa885-2487-4295-b366-193cd21d8701): иисус
[19:00:24] Stxywxthme (6ce0cde9-8c92-4c66-96ad-6bffb9dfc01b): читы
[19:00:30] VladDoor (f83aa885-2487-4295-b366-193cd21d8701): смотри че могу
[19:00:33] Stxywxthme (6ce0cde9-8c92-4c66-96ad-6bffb9dfc01b): не читы
[19:00:46] Stxywxthme (6ce0cde9-8c92-4c66-96ad-6bffb9dfc01b): ахаха
[19:01:05] VladDoor (f83aa885-2487-4295-b366-193cd21d8701): я наруто
[19:02:03] Stxywxthme (6ce0cde9-8c92-4c66-96ad-6bffb9dfc01b): тут приват 2х2 чанка
[19:03:41] VladDoor (f83aa885-2487-4295-b366-193cd21d8701): у тебя сет с дивайна?
[19:03:50] Stxywxthme (6ce0cde9-8c92-4c66-96ad-6bffb9dfc01b): нет
[19:03:54] VladDoor (f83aa885-2487-4295-b366-193cd21d8701): а откуда
[19:04:05] Stxywxthme (6ce0cde9-8c92-4c66-96ad-6bffb9dfc01b): из суслика
[19:04:49] VladDoor (f83aa885-2487-4295-b366-193cd21d8701): как называется
[19:05:01] Stxywxthme (6ce0cde9-8c92-4c66-96ad-6bffb9dfc01b): кристаллизованный обсидиан
[19:05:40] Stxywxthme (6ce0cde9-8c92-4c66-96ad-6bffb9dfc01b): )
[19:05:49] Stxywxthme (6ce0cde9-8c92-4c66-96ad-6bffb9dfc01b): еще и норм чарил
[19:05:59] Stxywxthme (6ce0cde9-8c92-4c66-96ad-6bffb9dfc01b): да так что могу ходить по воде
[19:07:47] VladDoor (f83aa885-2487-4295-b366-193cd21d8701): щас поем и буду делать свои топовые ботинки
[19:08:44] Stxywxthme (6ce0cde9-8c92-4c66-96ad-6bffb9dfc01b): еда для качков
[19:09:48] Stxywxthme (6ce0cde9-8c92-4c66-96ad-6bffb9dfc01b): сделал наконец Секс-тант
[19:39:52] VladDoor (f83aa885-2487-4295-b366-193cd21d8701): Еда это тема
[19:40:10] VladDoor (f83aa885-2487-4295-b366-193cd21d8701): У меня хлеба годовой запас
[19:40:30] VladDoor (f83aa885-2487-4295-b366-193cd21d8701): А как вы сюда пишите?
[20:38:11] VladDoor (f83aa885-2487-4295-b366-193cd21d8701): Кто здесь ПидОрас я я я
[20:38:15] VladDoor (f83aa885-2487-4295-b366-193cd21d8701): Кто здесь ПидОрас я я я
