[04:06:27] AETERNAL (6015b02d-f272-4154-8209-5e3b23bbc09c): 42 -9640 70
[11:21:13] Stxywxthme (6ce0cde9-8c92-4c66-96ad-6bffb9dfc01b): есть флакон?
[11:30:38] Swat99Swat (9ce303e4-8a19-4d67-82f9-74ca7bafa055): Что за флакон
[11:30:48] Stxywxthme (6ce0cde9-8c92-4c66-96ad-6bffb9dfc01b): уже не надо
[13:15:56] _reflexed (a4982e19-bdcc-40a7-a685-78ee1c50ad23): ку всем
[13:16:02] Stxywxthme (6ce0cde9-8c92-4c66-96ad-6bffb9dfc01b): ку
[13:16:59] Stxywxthme (6ce0cde9-8c92-4c66-96ad-6bffb9dfc01b): че
[13:18:26] _reflexed (a4982e19-bdcc-40a7-a685-78ee1c50ad23): Я пошел убивать гидру
[13:18:33] Stxywxthme (6ce0cde9-8c92-4c66-96ad-6bffb9dfc01b): окей
[13:20:50] _reflexed (a4982e19-bdcc-40a7-a685-78ee1c50ad23): кпц
[13:20:54] _reflexed (a4982e19-bdcc-40a7-a685-78ee1c50ad23): Гидру почти невозможно убить
[13:21:00] Stxywxthme (6ce0cde9-8c92-4c66-96ad-6bffb9dfc01b): ахах
[13:21:12] _reflexed (a4982e19-bdcc-40a7-a685-78ee1c50ad23): Я ему по открытой голове стреляю
[13:21:14] _reflexed (a4982e19-bdcc-40a7-a685-78ee1c50ad23): Никакого урона
[13:25:02] Stxywxthme (6ce0cde9-8c92-4c66-96ad-6bffb9dfc01b): ахахах
[13:25:29] Stxywxthme (6ce0cde9-8c92-4c66-96ad-6bffb9dfc01b): я хожу и разносится биом extreme hills
[13:26:19] _reflexed (a4982e19-bdcc-40a7-a685-78ee1c50ad23): Ура
[13:26:36] Stxywxthme (6ce0cde9-8c92-4c66-96ad-6bffb9dfc01b): поздравляю
[13:26:59] Stxywxthme (6ce0cde9-8c92-4c66-96ad-6bffb9dfc01b): поздравляю
[13:31:00] _reflexed (a4982e19-bdcc-40a7-a685-78ee1c50ad23): О
[13:31:03] _reflexed (a4982e19-bdcc-40a7-a685-78ee1c50ad23): Какие люди))
[13:31:34] Apt_bolka (99791d25-cc6a-40d5-9fab-db8d91e26277): Приветики)
[13:31:43] Stxywxthme (6ce0cde9-8c92-4c66-96ad-6bffb9dfc01b): привет
[13:31:55] Apt_bolka (99791d25-cc6a-40d5-9fab-db8d91e26277): Пожится бы скем то да..
[13:31:59] Apt_bolka (99791d25-cc6a-40d5-9fab-db8d91e26277): или самому играть..
[13:32:12] Stxywxthme (6ce0cde9-8c92-4c66-96ad-6bffb9dfc01b): я кстати powerfull
[13:32:21] Apt_bolka (99791d25-cc6a-40d5-9fab-db8d91e26277): Знаю)
[13:32:27] Stxywxthme (6ce0cde9-8c92-4c66-96ad-6bffb9dfc01b): откуда
[13:32:33] Apt_bolka (99791d25-cc6a-40d5-9fab-db8d91e26277): в дс активность
[13:32:36] Stxywxthme (6ce0cde9-8c92-4c66-96ad-6bffb9dfc01b): а
[13:33:12] Apt_bolka (99791d25-cc6a-40d5-9fab-db8d91e26277): с кем то пожится можня?
[13:33:18] _reflexed (a4982e19-bdcc-40a7-a685-78ee1c50ad23): Я не знаю
[13:33:51] Apt_bolka (99791d25-cc6a-40d5-9fab-db8d91e26277): тут есть манинг мир?
[13:33:57] Stxywxthme (6ce0cde9-8c92-4c66-96ad-6bffb9dfc01b): да но
[13:34:04] Apt_bolka (99791d25-cc6a-40d5-9fab-db8d91e26277): но вайпывается?
[13:34:17] Stxywxthme (6ce0cde9-8c92-4c66-96ad-6bffb9dfc01b): но крафт портала сложный
[13:34:29] Apt_bolka (99791d25-cc6a-40d5-9fab-db8d91e26277): хех Кого то попрошу тепнуть)
[13:34:34] Apt_bolka (99791d25-cc6a-40d5-9fab-db8d91e26277): хех Кого то попрошу тепнуть)
[13:34:53] Stxywxthme (6ce0cde9-8c92-4c66-96ad-6bffb9dfc01b): пусть тогда и меня тпнет
[13:34:58] Apt_bolka (99791d25-cc6a-40d5-9fab-db8d91e26277): XD
[13:35:10] Apt_bolka (99791d25-cc6a-40d5-9fab-db8d91e26277): Повер с тобой можня жить?
[13:35:18] Stxywxthme (6ce0cde9-8c92-4c66-96ad-6bffb9dfc01b): я только развиваюсь
[13:35:29] Apt_bolka (99791d25-cc6a-40d5-9fab-db8d91e26277): ну типо я тоже
[13:35:43] Apt_bolka (99791d25-cc6a-40d5-9fab-db8d91e26277): даже ток зашёл
[13:36:22] Apt_bolka (99791d25-cc6a-40d5-9fab-db8d91e26277): Л.то
[13:36:27] Apt_bolka (99791d25-cc6a-40d5-9fab-db8d91e26277): Хай
[13:36:31] Apt_bolka (99791d25-cc6a-40d5-9fab-db8d91e26277): люто*
[13:37:11] Stxywxthme (6ce0cde9-8c92-4c66-96ad-6bffb9dfc01b): f[f[
[13:37:45] Apt_bolka (99791d25-cc6a-40d5-9fab-db8d91e26277): кинеш пати?
[13:37:57] Stxywxthme (6ce0cde9-8c92-4c66-96ad-6bffb9dfc01b): сча
[13:38:40] Stxywxthme (6ce0cde9-8c92-4c66-96ad-6bffb9dfc01b): отправил
[13:38:51] Apt_bolka (99791d25-cc6a-40d5-9fab-db8d91e26277): как принять
[13:38:57] Apt_bolka (99791d25-cc6a-40d5-9fab-db8d91e26277): а уже
[13:39:19] Stxywxthme (6ce0cde9-8c92-4c66-96ad-6bffb9dfc01b): поставь хом
[13:39:27] Apt_bolka (99791d25-cc6a-40d5-9fab-db8d91e26277): поставил
[13:39:36] Stxywxthme (6ce0cde9-8c92-4c66-96ad-6bffb9dfc01b): нужны перья
[13:40:08] Apt_bolka (99791d25-cc6a-40d5-9fab-db8d91e26277): ня
[13:40:26] Apt_bolka (99791d25-cc6a-40d5-9fab-db8d91e26277): Сюда часы поднявые
[13:40:37] Dior (511ac683-c533-439a-8fdd-780c4842b05c): Хай
[13:40:41] Apt_bolka (99791d25-cc6a-40d5-9fab-db8d91e26277): хай
[13:40:59] Apt_bolka (99791d25-cc6a-40d5-9fab-db8d91e26277): Получается здесь первый мод это тлай лайф?
[13:41:17] Stxywxthme (6ce0cde9-8c92-4c66-96ad-6bffb9dfc01b): хз
[13:43:01] Apt_bolka (99791d25-cc6a-40d5-9fab-db8d91e26277): можешь в лобби NewDawn зайти
[13:43:51] _reflexed (a4982e19-bdcc-40a7-a685-78ee1c50ad23): Apt_bolka если хочешь, со мной можешь
[13:44:15] Apt_bolka (99791d25-cc6a-40d5-9fab-db8d91e26277): я с поверфулям
[13:44:22] _reflexed (a4982e19-bdcc-40a7-a685-78ee1c50ad23): Ясно
[13:44:24] Apt_bolka (99791d25-cc6a-40d5-9fab-db8d91e26277): с моим модером моего дс канала XD
[13:44:33] Apt_bolka (99791d25-cc6a-40d5-9fab-db8d91e26277): не обижауйяс(
[13:44:42] _reflexed (a4982e19-bdcc-40a7-a685-78ee1c50ad23): Я не обижаюсь
[13:44:47] Apt_bolka (99791d25-cc6a-40d5-9fab-db8d91e26277): Харяшо
[13:45:57] Apt_bolka (99791d25-cc6a-40d5-9fab-db8d91e26277): можешь в лобби NewDawn зайти
[13:46:07] Apt_bolka (99791d25-cc6a-40d5-9fab-db8d91e26277): гс
[13:46:09] Stxywxthme (6ce0cde9-8c92-4c66-96ad-6bffb9dfc01b): могу
[13:46:12] Stxywxthme (6ce0cde9-8c92-4c66-96ad-6bffb9dfc01b): но не сейчас
[13:46:14] Apt_bolka (99791d25-cc6a-40d5-9fab-db8d91e26277): Ок
[13:46:39] Apt_bolka (99791d25-cc6a-40d5-9fab-db8d91e26277): у тебя тинкер печь есть?
[13:46:42] Stxywxthme (6ce0cde9-8c92-4c66-96ad-6bffb9dfc01b): нет
[13:46:49] Stxywxthme (6ce0cde9-8c92-4c66-96ad-6bffb9dfc01b): надо сделать
[13:46:49] Apt_bolka (99791d25-cc6a-40d5-9fab-db8d91e26277): а как кирку Зделал
[13:47:07] Apt_bolka (99791d25-cc6a-40d5-9fab-db8d91e26277): Хех пончик
[13:47:34] Stxywxthme (6ce0cde9-8c92-4c66-96ad-6bffb9dfc01b): сделай себе лопату
[13:47:38] Stxywxthme (6ce0cde9-8c92-4c66-96ad-6bffb9dfc01b): или рукой копай
[13:47:39] Apt_bolka (99791d25-cc6a-40d5-9fab-db8d91e26277): Есть
[13:47:52] Apt_bolka (99791d25-cc6a-40d5-9fab-db8d91e26277): тут нельзя командой скипать ночь?
[13:47:53] Stxywxthme (6ce0cde9-8c92-4c66-96ad-6bffb9dfc01b): копай гравий и глину
[13:49:15] Apt_bolka (99791d25-cc6a-40d5-9fab-db8d91e26277): тут ивент сохраняется
[13:49:21] Apt_bolka (99791d25-cc6a-40d5-9fab-db8d91e26277): или бегать за могилой надо
[13:49:23] Stxywxthme (6ce0cde9-8c92-4c66-96ad-6bffb9dfc01b): стак апатитовых блоков
[13:49:26] Stxywxthme (6ce0cde9-8c92-4c66-96ad-6bffb9dfc01b): могилы
[13:49:54] Stxywxthme (6ce0cde9-8c92-4c66-96ad-6bffb9dfc01b): бежит
[13:52:00] Apt_bolka (99791d25-cc6a-40d5-9fab-db8d91e26277): павук босс
[14:02:23] _reflexed (a4982e19-bdcc-40a7-a685-78ee1c50ad23): Лол
[14:02:29] Apt_bolka (99791d25-cc6a-40d5-9fab-db8d91e26277): ?
[14:02:30] Apt_bolka (99791d25-cc6a-40d5-9fab-db8d91e26277): ?
[14:02:34] _reflexed (a4982e19-bdcc-40a7-a685-78ee1c50ad23): Хотел зайти
[14:02:37] _reflexed (a4982e19-bdcc-40a7-a685-78ee1c50ad23): Пишет что крашнуло
[14:02:42] _reflexed (a4982e19-bdcc-40a7-a685-78ee1c50ad23): Захожу в Мультиплеер
[14:02:44] Swat99Swat (9ce303e4-8a19-4d67-82f9-74ca7bafa055): Привыкай
[14:02:45] Apt_bolka (99791d25-cc6a-40d5-9fab-db8d91e26277): Rofls
[14:02:45] _reflexed (a4982e19-bdcc-40a7-a685-78ee1c50ad23): И теперь зашел
[14:05:15] Apt_bolka (99791d25-cc6a-40d5-9fab-db8d91e26277): Цемент плавится
[14:05:19] Stxywxthme (6ce0cde9-8c92-4c66-96ad-6bffb9dfc01b): ага
[14:05:25] Apt_bolka (99791d25-cc6a-40d5-9fab-db8d91e26277): и ещё пока бегал нашол портал багровый
[14:05:27] Apt_bolka (99791d25-cc6a-40d5-9fab-db8d91e26277): и вот ето
[14:06:55] Stxywxthme (6ce0cde9-8c92-4c66-96ad-6bffb9dfc01b): бля
[14:07:06] _reflexed (a4982e19-bdcc-40a7-a685-78ee1c50ad23): ну емае
[14:07:21] Apt_bolka (99791d25-cc6a-40d5-9fab-db8d91e26277): я пока тинкер печьку зделаю)
[14:08:08] _reflexed (a4982e19-bdcc-40a7-a685-78ee1c50ad23): Копательный мир есть
[14:08:09] _reflexed (a4982e19-bdcc-40a7-a685-78ee1c50ad23): кайф
[14:08:16] Swat99Swat (9ce303e4-8a19-4d67-82f9-74ca7bafa055): Из аромы ?
[14:08:21] _reflexed (a4982e19-bdcc-40a7-a685-78ee1c50ad23): да
[14:08:34] Apt_bolka (99791d25-cc6a-40d5-9fab-db8d91e26277): Где её строить
[14:08:38] Apt_bolka (99791d25-cc6a-40d5-9fab-db8d91e26277): внизу наверху?
[14:08:43] _reflexed (a4982e19-bdcc-40a7-a685-78ee1c50ad23): но её нужно после победы над солнечным штормом получать
[14:08:45] Stxywxthme (6ce0cde9-8c92-4c66-96ad-6bffb9dfc01b): здесь
[14:08:49] _reflexed (a4982e19-bdcc-40a7-a685-78ee1c50ad23): делать*
[14:09:02] Swat99Swat (9ce303e4-8a19-4d67-82f9-74ca7bafa055): Для меня копательного мира нет
[14:09:15] _reflexed (a4982e19-bdcc-40a7-a685-78ee1c50ad23): Напиши в поиске Рамка Портала
[14:09:18] Swat99Swat (9ce303e4-8a19-4d67-82f9-74ca7bafa055): Так как я ни в кровавой магии ни в тауме ни в Divine rpg не шарю
[14:09:18] Stxywxthme (6ce0cde9-8c92-4c66-96ad-6bffb9dfc01b): теперь могу легко триггерить
[14:09:21] _reflexed (a4982e19-bdcc-40a7-a685-78ee1c50ad23): И там будет сразу же рамка из аромы
[14:09:34] Swat99Swat (9ce303e4-8a19-4d67-82f9-74ca7bafa055): У меня майн на унгл
[14:09:34] _reflexed (a4982e19-bdcc-40a7-a685-78ee1c50ad23): Реагент добычи изи сделать
[14:09:48] Swat99Swat (9ce303e4-8a19-4d67-82f9-74ca7bafa055): А что изи если ты в моде 0
[14:09:55] _reflexed (a4982e19-bdcc-40a7-a685-78ee1c50ad23): Это для себя сказал
[14:09:57] Swat99Swat (9ce303e4-8a19-4d67-82f9-74ca7bafa055): Незнаешь как и что первым делать
[14:09:59] Apt_bolka (99791d25-cc6a-40d5-9fab-db8d91e26277): Нечего)
[14:10:09] _reflexed (a4982e19-bdcc-40a7-a685-78ee1c50ad23): Если хочешь, можешь чекнуть гайды
[14:10:21] Apt_bolka (99791d25-cc6a-40d5-9fab-db8d91e26277): Готово
[14:10:23] Swat99Swat (9ce303e4-8a19-4d67-82f9-74ca7bafa055): Ну это как выход. Когда нить гляну
[14:11:48] Apt_bolka (99791d25-cc6a-40d5-9fab-db8d91e26277): Пошли за лавой)
[14:11:56] Stxywxthme (6ce0cde9-8c92-4c66-96ad-6bffb9dfc01b): куда
[14:12:04] Apt_bolka (99791d25-cc6a-40d5-9fab-db8d91e26277): я в пещеру твою за лавой
[14:12:08] Stxywxthme (6ce0cde9-8c92-4c66-96ad-6bffb9dfc01b): окей
[14:15:11] Stxywxthme (6ce0cde9-8c92-4c66-96ad-6bffb9dfc01b): аахах
[14:15:42] Apt_bolka (99791d25-cc6a-40d5-9fab-db8d91e26277): держи
[14:15:50] Apt_bolka (99791d25-cc6a-40d5-9fab-db8d91e26277): Современно Афигенно
[14:18:58] Apt_bolka (99791d25-cc6a-40d5-9fab-db8d91e26277): Тлай лайт открыт)
[14:19:08] _reflexed (a4982e19-bdcc-40a7-a685-78ee1c50ad23): Да
[14:20:00] _reflexed (a4982e19-bdcc-40a7-a685-78ee1c50ad23): Кровавая луна всё?
[14:20:04] Apt_bolka (99791d25-cc6a-40d5-9fab-db8d91e26277): видимо
[14:20:21] Apt_bolka (99791d25-cc6a-40d5-9fab-db8d91e26277): повер пошли в тлай лайт
[14:20:32] Stxywxthme (6ce0cde9-8c92-4c66-96ad-6bffb9dfc01b): сейчас
[14:21:05] Stxywxthme (6ce0cde9-8c92-4c66-96ad-6bffb9dfc01b): сейчас
[14:21:13] Stxywxthme (6ce0cde9-8c92-4c66-96ad-6bffb9dfc01b): через 10 мин
[14:21:16] Apt_bolka (99791d25-cc6a-40d5-9fab-db8d91e26277): ок
[14:23:03] Stxywxthme (6ce0cde9-8c92-4c66-96ad-6bffb9dfc01b): го?
[14:23:08] Apt_bolka (99791d25-cc6a-40d5-9fab-db8d91e26277): го
[14:23:20] Apt_bolka (99791d25-cc6a-40d5-9fab-db8d91e26277): щя воды возьму
[14:23:35] Apt_bolka (99791d25-cc6a-40d5-9fab-db8d91e26277): вот теперь го
[14:23:50] Apt_bolka (99791d25-cc6a-40d5-9fab-db8d91e26277): в войс всё ещё не можешь?
[14:24:41] Stxywxthme (6ce0cde9-8c92-4c66-96ad-6bffb9dfc01b): ща
[14:24:44] Stxywxthme (6ce0cde9-8c92-4c66-96ad-6bffb9dfc01b): дс лагает
[14:24:53] Apt_bolka (99791d25-cc6a-40d5-9fab-db8d91e26277): бывает
[14:27:29] Stxywxthme (6ce0cde9-8c92-4c66-96ad-6bffb9dfc01b): спавн имба
[14:27:43] Stxywxthme (6ce0cde9-8c92-4c66-96ad-6bffb9dfc01b): ок
[14:28:08] Stxywxthme (6ce0cde9-8c92-4c66-96ad-6bffb9dfc01b): плывем?
[14:28:15] Stxywxthme (6ce0cde9-8c92-4c66-96ad-6bffb9dfc01b): туда
[14:28:23] Stxywxthme (6ce0cde9-8c92-4c66-96ad-6bffb9dfc01b): ок
[14:31:49] Stxywxthme (6ce0cde9-8c92-4c66-96ad-6bffb9dfc01b): есть
[14:32:06] Stxywxthme (6ce0cde9-8c92-4c66-96ad-6bffb9dfc01b): 3
[14:32:36] Stxywxthme (6ce0cde9-8c92-4c66-96ad-6bffb9dfc01b): нет
[14:32:45] Stxywxthme (6ce0cde9-8c92-4c66-96ad-6bffb9dfc01b): но дома есть светокамень
[14:33:51] _reflexed (a4982e19-bdcc-40a7-a685-78ee1c50ad23): Меня щас коббит ваншотнул
[14:34:42] Stxywxthme (6ce0cde9-8c92-4c66-96ad-6bffb9dfc01b): оре
[14:35:15] Stxywxthme (6ce0cde9-8c92-4c66-96ad-6bffb9dfc01b): не
[14:35:28] Stxywxthme (6ce0cde9-8c92-4c66-96ad-6bffb9dfc01b): lf
[14:36:06] Stxywxthme (6ce0cde9-8c92-4c66-96ad-6bffb9dfc01b): давай
[14:36:20] Stxywxthme (6ce0cde9-8c92-4c66-96ad-6bffb9dfc01b): я сейчас
[14:39:39] Apt_bolka (99791d25-cc6a-40d5-9fab-db8d91e26277): Повер
[14:44:34] Apt_bolka (99791d25-cc6a-40d5-9fab-db8d91e26277): Пзд
[14:44:57] Apt_bolka (99791d25-cc6a-40d5-9fab-db8d91e26277): 4 электро схемы сюдааа
[14:50:06] Stxywxthme (6ce0cde9-8c92-4c66-96ad-6bffb9dfc01b): ^
[14:52:30] Stxywxthme (6ce0cde9-8c92-4c66-96ad-6bffb9dfc01b): @Apt_bolka
[14:57:16] Swat99Swat (9ce303e4-8a19-4d67-82f9-74ca7bafa055): Что у тебя за пк
[14:57:19] Swat99Swat (9ce303e4-8a19-4d67-82f9-74ca7bafa055): Что майн виснет
[14:57:28] Apt_bolka (99791d25-cc6a-40d5-9fab-db8d91e26277): у меня не лучше)
[14:57:35] Apt_bolka (99791d25-cc6a-40d5-9fab-db8d91e26277): но хотя бы не зависает
[14:57:40] Apt_bolka (99791d25-cc6a-40d5-9fab-db8d91e26277): когда бегаю по мирам
[15:58:11] Swat99Swat (9ce303e4-8a19-4d67-82f9-74ca7bafa055): Прив
[15:58:19] Swat99Swat (9ce303e4-8a19-4d67-82f9-74ca7bafa055): Есть какой то гайд по карьеру из астрала ?
[15:58:38] Swat99Swat (9ce303e4-8a19-4d67-82f9-74ca7bafa055): Протестил в креативе но не понял как запитать. Энергия идёт но не копает
[15:59:37] AETERNAL (6015b02d-f272-4154-8209-5e3b23bbc09c): ему не нужна єнергия
[15:59:45] Swat99Swat (9ce303e4-8a19-4d67-82f9-74ca7bafa055): ну астральная энергия
[16:00:07] AETERNAL (6015b02d-f272-4154-8209-5e3b23bbc09c): ну, свет с кристалла созвездия Mineralis направить на контроллер
[16:00:26] Swat99Swat (9ce303e4-8a19-4d67-82f9-74ca7bafa055): ну да только у меня созвездие подругому называлось
[16:00:35] AETERNAL (6015b02d-f272-4154-8209-5e3b23bbc09c): минералис обязательно
[16:00:37] Swat99Swat (9ce303e4-8a19-4d67-82f9-74ca7bafa055): но энергия копилась в карьере
[16:00:41] AETERNAL (6015b02d-f272-4154-8209-5e3b23bbc09c): остальное работать не будет
[16:00:43] Swat99Swat (9ce303e4-8a19-4d67-82f9-74ca7bafa055): а как её изменить ?
[16:00:52] AETERNAL (6015b02d-f272-4154-8209-5e3b23bbc09c): иди сюда
[16:00:53] AETERNAL (6015b02d-f272-4154-8209-5e3b23bbc09c): щас
[16:02:10] AETERNAL (6015b02d-f272-4154-8209-5e3b23bbc09c): бля
[16:02:14] AETERNAL (6015b02d-f272-4154-8209-5e3b23bbc09c): отойти срочно
[16:04:23] AETERNAL (6015b02d-f272-4154-8209-5e3b23bbc09c): так смотри
[16:04:25] AETERNAL (6015b02d-f272-4154-8209-5e3b23bbc09c): ті гже
[16:04:39] AETERNAL (6015b02d-f272-4154-8209-5e3b23bbc09c): щас я думаю где мне его строить
[16:06:12] AETERNAL (6015b02d-f272-4154-8209-5e3b23bbc09c): nfr
[16:06:14] AETERNAL (6015b02d-f272-4154-8209-5e3b23bbc09c): собран
[16:06:18] Swat99Swat (9ce303e4-8a19-4d67-82f9-74ca7bafa055): кек
[16:06:18] AETERNAL (6015b02d-f272-4154-8209-5e3b23bbc09c): значит
[16:06:24] AETERNAL (6015b02d-f272-4154-8209-5e3b23bbc09c): если юзаешь автобилдер
[16:06:25] Swat99Swat (9ce303e4-8a19-4d67-82f9-74ca7bafa055): а у меня он обычной текстуркой был
[16:06:36] AETERNAL (6015b02d-f272-4154-8209-5e3b23bbc09c): нужно переставлять бочку, плиті
[16:06:42] AETERNAL (6015b02d-f272-4154-8209-5e3b23bbc09c): как на рендере чтобы было
[16:06:51] AETERNAL (6015b02d-f272-4154-8209-5e3b23bbc09c): ириентация играет роль
[16:07:02] AETERNAL (6015b02d-f272-4154-8209-5e3b23bbc09c): теперьт
[16:07:37] AETERNAL (6015b02d-f272-4154-8209-5e3b23bbc09c): _reflexed
[16:07:43] AETERNAL (6015b02d-f272-4154-8209-5e3b23bbc09c): ты в твайлайте щас?
[16:07:44] _reflexed (a4982e19-bdcc-40a7-a685-78ee1c50ad23): Lf
[16:07:46] _reflexed (a4982e19-bdcc-40a7-a685-78ee1c50ad23): Да
[16:08:07] AETERNAL (6015b02d-f272-4154-8209-5e3b23bbc09c): быстро давай оттуда куда то уйди
[16:08:13] AETERNAL (6015b02d-f272-4154-8209-5e3b23bbc09c): с башни гастов или где ты там
[16:08:14] _reflexed (a4982e19-bdcc-40a7-a685-78ee1c50ad23): Не могу
[16:08:18] _reflexed (a4982e19-bdcc-40a7-a685-78ee1c50ad23): Ур гаста хочу убить
[16:08:53] AETERNAL (6015b02d-f272-4154-8209-5e3b23bbc09c): щас
[16:08:55] AETERNAL (6015b02d-f272-4154-8209-5e3b23bbc09c): призабыл
[16:09:19] Swat99Swat (9ce303e4-8a19-4d67-82f9-74ca7bafa055): а я чисто с мрамора сделал круг залил жижу и поставил кристал
[16:09:21] Swat99Swat (9ce303e4-8a19-4d67-82f9-74ca7bafa055): xDDD
[16:11:04] AETERNAL (6015b02d-f272-4154-8209-5e3b23bbc09c): вот
[16:11:07] AETERNAL (6015b02d-f272-4154-8209-5e3b23bbc09c): так должно біть
[16:11:17] AETERNAL (6015b02d-f272-4154-8209-5e3b23bbc09c): теперь
[16:11:35] Swat99Swat (9ce303e4-8a19-4d67-82f9-74ca7bafa055): а ресы он в бочку будет ложить ?
[16:11:42] AETERNAL (6015b02d-f272-4154-8209-5e3b23bbc09c): открывай
[16:11:49] Swat99Swat (9ce303e4-8a19-4d67-82f9-74ca7bafa055): ?
[16:11:54] AETERNAL (6015b02d-f272-4154-8209-5e3b23bbc09c): ты в рг
[16:12:03] Swat99Swat (9ce303e4-8a19-4d67-82f9-74ca7bafa055): у тебя их 2 походу
[16:12:21] AETERNAL (6015b02d-f272-4154-8209-5e3b23bbc09c): ааа
[16:12:24] _reflexed (a4982e19-bdcc-40a7-a685-78ee1c50ad23): Вс1
[16:12:28] AETERNAL (6015b02d-f272-4154-8209-5e3b23bbc09c): ану
[16:12:35] Swat99Swat (9ce303e4-8a19-4d67-82f9-74ca7bafa055): ага
[16:12:37] Swat99Swat (9ce303e4-8a19-4d67-82f9-74ca7bafa055): в бочку
[16:12:37] _reflexed (a4982e19-bdcc-40a7-a685-78ee1c50ad23): Я у себя дома
[16:12:45] Swat99Swat (9ce303e4-8a19-4d67-82f9-74ca7bafa055): нихирасе он копает
[16:12:58] Swat99Swat (9ce303e4-8a19-4d67-82f9-74ca7bafa055): понял спасибо
[16:13:03] AETERNAL (6015b02d-f272-4154-8209-5e3b23bbc09c): там это
[16:13:08] Swat99Swat (9ce303e4-8a19-4d67-82f9-74ca7bafa055): видео записал как ставить )
[16:13:36] AETERNAL (6015b02d-f272-4154-8209-5e3b23bbc09c): и это
[16:13:45] Swat99Swat (9ce303e4-8a19-4d67-82f9-74ca7bafa055): пошел я крафтить
[16:13:49] _reflexed (a4982e19-bdcc-40a7-a685-78ee1c50ad23): А что такое?
[16:13:49] Swat99Swat (9ce303e4-8a19-4d67-82f9-74ca7bafa055): эту шляпу
[16:13:50] AETERNAL (6015b02d-f272-4154-8209-5e3b23bbc09c): вкладка
[16:13:52] AETERNAL (6015b02d-f272-4154-8209-5e3b23bbc09c): квестов
[16:13:55] AETERNAL (6015b02d-f272-4154-8209-5e3b23bbc09c): мультиблоки
[16:14:00] AETERNAL (6015b02d-f272-4154-8209-5e3b23bbc09c): ?
[16:14:11] _reflexed (a4982e19-bdcc-40a7-a685-78ee1c50ad23): Ну типа чтобы я ушел из башни гаста
[16:14:13] _reflexed (a4982e19-bdcc-40a7-a685-78ee1c50ad23): Ты говорил
[16:14:25] AETERNAL (6015b02d-f272-4154-8209-5e3b23bbc09c): champions пол часа крашнул сервер
[16:14:32] AETERNAL (6015b02d-f272-4154-8209-5e3b23bbc09c): на там месте моб кривой где-то
[16:14:37] _reflexed (a4982e19-bdcc-40a7-a685-78ee1c50ad23): Ясно
[16:15:26] AETERNAL (6015b02d-f272-4154-8209-5e3b23bbc09c): прийдётся сносить ибо мод как всегде хрен пойми как написан и пересобрать я его не могу у себя
[16:18:40] AETERNAL (6015b02d-f272-4154-8209-5e3b23bbc09c): и если у кого с фпс в обычном мире туго, рекомендую вам в арому переехать
[16:18:43] AETERNAL (6015b02d-f272-4154-8209-5e3b23bbc09c): буст x2
[16:19:40] _reflexed (a4982e19-bdcc-40a7-a685-78ee1c50ad23): Угадай что нашел
[16:19:51] AETERNAL (6015b02d-f272-4154-8209-5e3b23bbc09c): буфер маны)
[16:19:53] _reflexed (a4982e19-bdcc-40a7-a685-78ee1c50ad23): Неа
[16:19:57] _reflexed (a4982e19-bdcc-40a7-a685-78ee1c50ad23): антиверстак знаешь?
[16:20:06] AETERNAL (6015b02d-f272-4154-8209-5e3b23bbc09c): твайлайт?
[16:20:09] _reflexed (a4982e19-bdcc-40a7-a685-78ee1c50ad23): Именно
[16:20:32] AETERNAL (6015b02d-f272-4154-8209-5e3b23bbc09c): а где ты его нашёл
[16:20:36] _reflexed (a4982e19-bdcc-40a7-a685-78ee1c50ad23): Горбы
[16:20:47] _reflexed (a4982e19-bdcc-40a7-a685-78ee1c50ad23): ?
[16:20:51] _reflexed (a4982e19-bdcc-40a7-a685-78ee1c50ad23): Я щас копаюсь
[16:21:01] AETERNAL (6015b02d-f272-4154-8209-5e3b23bbc09c): а
[16:21:10] _reflexed (a4982e19-bdcc-40a7-a685-78ee1c50ad23): Скажу так
[16:21:14] _reflexed (a4982e19-bdcc-40a7-a685-78ee1c50ad23): Антиверстак слишком имба
[16:21:16] AETERNAL (6015b02d-f272-4154-8209-5e3b23bbc09c): горбы те которые гоблинов?
[16:21:22] _reflexed (a4982e19-bdcc-40a7-a685-78ee1c50ad23): Можна делать эссенцию без кристалла
[16:21:29] _reflexed (a4982e19-bdcc-40a7-a685-78ee1c50ad23): Ну да
[16:21:30] AETERNAL (6015b02d-f272-4154-8209-5e3b23bbc09c): так они запрещены
[16:21:42] _reflexed (a4982e19-bdcc-40a7-a685-78ee1c50ad23): Даже если они не крафтяться
[16:21:44] _reflexed (a4982e19-bdcc-40a7-a685-78ee1c50ad23): Их можна найти
[16:21:47] _reflexed (a4982e19-bdcc-40a7-a685-78ee1c50ad23): Но редко
[16:23:29] _reflexed (a4982e19-bdcc-40a7-a685-78ee1c50ad23): Это нужно запрещать через плагин
[16:23:32] _reflexed (a4982e19-bdcc-40a7-a685-78ee1c50ad23): Чтобы никто не мог брать его
[16:31:10] AETERNAL (6015b02d-f272-4154-8209-5e3b23bbc09c): проверьте команду /msg
[16:31:16] _reflexed (a4982e19-bdcc-40a7-a685-78ee1c50ad23): Неа
[16:31:19] _reflexed (a4982e19-bdcc-40a7-a685-78ee1c50ad23): Не работает
[16:34:18] _reflexed (a4982e19-bdcc-40a7-a685-78ee1c50ad23): Етернал
[16:34:19] _reflexed (a4982e19-bdcc-40a7-a685-78ee1c50ad23): Тп ко мне
[16:34:25] AETERNAL (6015b02d-f272-4154-8209-5e3b23bbc09c): ща чекните
[16:34:32] _reflexed (a4982e19-bdcc-40a7-a685-78ee1c50ad23): Работате
[16:34:49] _reflexed (a4982e19-bdcc-40a7-a685-78ee1c50ad23): Кароч
[16:34:54] _reflexed (a4982e19-bdcc-40a7-a685-78ee1c50ad23): Тут дюп на сушеные кладки есть
[16:35:03] _reflexed (a4982e19-bdcc-40a7-a685-78ee1c50ad23): С помощью Chisel
[16:35:14] _reflexed (a4982e19-bdcc-40a7-a685-78ee1c50ad23): ща покажу
[16:35:32] _reflexed (a4982e19-bdcc-40a7-a685-78ee1c50ad23): 4 кладки
[16:35:35] AETERNAL (6015b02d-f272-4154-8209-5e3b23bbc09c): xD
[16:35:55] _reflexed (a4982e19-bdcc-40a7-a685-78ee1c50ad23): Вот
[16:35:59] _reflexed (a4982e19-bdcc-40a7-a685-78ee1c50ad23): У меня молот на авто плавку
[16:36:39] AETERNAL (6015b02d-f272-4154-8209-5e3b23bbc09c): так
[16:37:47] AETERNAL (6015b02d-f272-4154-8209-5e3b23bbc09c): вот есть у тебя блоки да
[16:37:49] _reflexed (a4982e19-bdcc-40a7-a685-78ee1c50ad23): Да
[16:37:52] _reflexed (a4982e19-bdcc-40a7-a685-78ee1c50ad23): Вот
[16:38:00] AETERNAL (6015b02d-f272-4154-8209-5e3b23bbc09c): а дальше
[16:38:15] _reflexed (a4982e19-bdcc-40a7-a685-78ee1c50ad23): Через чизель делаешь обычную кладку
[16:38:23] _reflexed (a4982e19-bdcc-40a7-a685-78ee1c50ad23): И потом постояннка
[16:38:46] Swat99Swat (9ce303e4-8a19-4d67-82f9-74ca7bafa055): /r нет доступа
[16:39:30] AETERNAL (6015b02d-f272-4154-8209-5e3b23bbc09c): одолжи ка молот
[16:39:38] AETERNAL (6015b02d-f272-4154-8209-5e3b23bbc09c): а ща
[16:39:58] AETERNAL (6015b02d-f272-4154-8209-5e3b23bbc09c): ну это молот дюпает по сути
[16:40:02] AETERNAL (6015b02d-f272-4154-8209-5e3b23bbc09c): а не чизел
[16:40:23] _reflexed (a4982e19-bdcc-40a7-a685-78ee1c50ad23): Ну да
[16:40:33] _reflexed (a4982e19-bdcc-40a7-a685-78ee1c50ad23): Но без чизеля не был бы дюпом полностью
[16:42:02] _reflexed (a4982e19-bdcc-40a7-a685-78ee1c50ad23): Ты в гм
[16:42:05] _reflexed (a4982e19-bdcc-40a7-a685-78ee1c50ad23): А всё
[16:42:42] AETERNAL (6015b02d-f272-4154-8209-5e3b23bbc09c): ладно
[16:42:49] AETERNAL (6015b02d-f272-4154-8209-5e3b23bbc09c): подумаю чё с этим делать
[16:44:35] _reflexed (a4982e19-bdcc-40a7-a685-78ee1c50ad23): ок
[16:44:42] _reflexed (a4982e19-bdcc-40a7-a685-78ee1c50ad23): А
[16:44:47] _reflexed (a4982e19-bdcc-40a7-a685-78ee1c50ad23): У меня лук как то дюпнулся
[16:45:55] AETERNAL (6015b02d-f272-4154-8209-5e3b23bbc09c): ct hand
[16:53:48] _reflexed (a4982e19-bdcc-40a7-a685-78ee1c50ad23): Я пойду
[16:54:13] AETERNAL (6015b02d-f272-4154-8209-5e3b23bbc09c): что, уже всё?)
[18:40:36] Stxywxthme (6ce0cde9-8c92-4c66-96ad-6bffb9dfc01b): я жду, смертный
[18:50:31] Stxywxthme (6ce0cde9-8c92-4c66-96ad-6bffb9dfc01b): можешь тпнуть в копательный мир?
[18:54:09] AETERNAL (6015b02d-f272-4154-8209-5e3b23bbc09c): телепорт в копательный через портал
[18:58:17] Stxywxthme (6ce0cde9-8c92-4c66-96ad-6bffb9dfc01b): ...
[18:58:32] Stxywxthme (6ce0cde9-8c92-4c66-96ad-6bffb9dfc01b): что с адом
[18:58:39] AETERNAL (6015b02d-f272-4154-8209-5e3b23bbc09c): а что с ним
[18:58:52] Stxywxthme (6ce0cde9-8c92-4c66-96ad-6bffb9dfc01b): кто-то раскопал
[18:59:10] AETERNAL (6015b02d-f272-4154-8209-5e3b23bbc09c): ну копался ктото
[18:59:14] Stxywxthme (6ce0cde9-8c92-4c66-96ad-6bffb9dfc01b): да
[19:00:20] Stxywxthme (6ce0cde9-8c92-4c66-96ad-6bffb9dfc01b): о рф тулс
[19:10:24] Stxywxthme (6ce0cde9-8c92-4c66-96ad-6bffb9dfc01b): хорошо что я успел нажать на /home
[19:42:26] Swat99Swat (9ce303e4-8a19-4d67-82f9-74ca7bafa055): Есть какой то способ автоматически строить постройки из астрала ?
[19:42:48] AETERNAL (6015b02d-f272-4154-8209-5e3b23bbc09c): буквально в квестах всё расписал)
[19:42:52] AETERNAL (6015b02d-f272-4154-8209-5e3b23bbc09c): авто строитель)
[19:43:13] AETERNAL (6015b02d-f272-4154-8209-5e3b23bbc09c): там же некоторые моменты описаны по мультиблокам
[19:45:00] Swat99Swat (9ce303e4-8a19-4d67-82f9-74ca7bafa055): Я именно про постройку из астрала а не мода на мультиблок
[19:45:12] Swat99Swat (9ce303e4-8a19-4d67-82f9-74ca7bafa055): В самом квесте по ветке астрал надпись только на карьере
[19:45:14] AETERNAL (6015b02d-f272-4154-8209-5e3b23bbc09c): авто стритель на любом работает
[19:46:01] AETERNAL (6015b02d-f272-4154-8209-5e3b23bbc09c): ставишь контроллер, берёшь в инвентарь все нужные ресурсы указанные в списке
[19:46:08] AETERNAL (6015b02d-f272-4154-8209-5e3b23bbc09c): тыкаешь пкм по контроллеру
[19:46:21] Swat99Swat (9ce303e4-8a19-4d67-82f9-74ca7bafa055): Ну так у меня нет контроллера
[19:46:33] Swat99Swat (9ce303e4-8a19-4d67-82f9-74ca7bafa055): У меня разливщик звёздного света
[19:46:36] AETERNAL (6015b02d-f272-4154-8209-5e3b23bbc09c): а как ты себе думал? xD
[19:46:49] Swat99Swat (9ce303e4-8a19-4d67-82f9-74ca7bafa055): его построить можно автоматом ?
[19:46:52] AETERNAL (6015b02d-f272-4154-8209-5e3b23bbc09c): а
[19:46:59] AETERNAL (6015b02d-f272-4154-8209-5e3b23bbc09c): дефолтные из астрала
[19:47:00] Swat99Swat (9ce303e4-8a19-4d67-82f9-74ca7bafa055): я про сами мультиблока астрала говорил
[19:47:02] Swat99Swat (9ce303e4-8a19-4d67-82f9-74ca7bafa055): ну да
[19:47:04] AETERNAL (6015b02d-f272-4154-8209-5e3b23bbc09c): тьфу ты
[19:47:27] AETERNAL (6015b02d-f272-4154-8209-5e3b23bbc09c): пкм
[19:47:38] Swat99Swat (9ce303e4-8a19-4d67-82f9-74ca7bafa055): он просто подсвечивает ?
[19:47:40] AETERNAL (6015b02d-f272-4154-8209-5e3b23bbc09c): да
[19:47:43] AETERNAL (6015b02d-f272-4154-8209-5e3b23bbc09c): строить нет
[19:47:45] Swat99Swat (9ce303e4-8a19-4d67-82f9-74ca7bafa055): :(
[19:47:49] Swat99Swat (9ce303e4-8a19-4d67-82f9-74ca7bafa055): пон ну хоть так
[19:47:53] Swat99Swat (9ce303e4-8a19-4d67-82f9-74ca7bafa055): щя скрафчу это
[19:48:03] Swat99Swat (9ce303e4-8a19-4d67-82f9-74ca7bafa055): а есть разница между улучшеным и обычным ?
[19:48:30] AETERNAL (6015b02d-f272-4154-8209-5e3b23bbc09c): у них есть функция поиска строений
[19:48:31] AETERNAL (6015b02d-f272-4154-8209-5e3b23bbc09c): биомов
[19:48:35] AETERNAL (6015b02d-f272-4154-8209-5e3b23bbc09c): у улучшенного больше
[19:48:56] Swat99Swat (9ce303e4-8a19-4d67-82f9-74ca7bafa055): а то я формирующий жезл скрафтил
[19:48:59] Swat99Swat (9ce303e4-8a19-4d67-82f9-74ca7bafa055): в надежде
[19:50:26] AETERNAL (6015b02d-f272-4154-8209-5e3b23bbc09c): мля где моя нанка
[19:50:27] AETERNAL (6015b02d-f272-4154-8209-5e3b23bbc09c): (
[19:50:34] Swat99Swat (9ce303e4-8a19-4d67-82f9-74ca7bafa055): она так хороша ?
[19:50:56] AETERNAL (6015b02d-f272-4154-8209-5e3b23bbc09c): ну слушай, это единственная начальная, хорошая защита
[19:51:05] Swat99Swat (9ce303e4-8a19-4d67-82f9-74ca7bafa055): а рупиевая ?
[19:51:09] AETERNAL (6015b02d-f272-4154-8209-5e3b23bbc09c): из дивана там дерьмо броня
[19:51:13] Swat99Swat (9ce303e4-8a19-4d67-82f9-74ca7bafa055): она же на 85% блочит ближ бой
[19:51:15] AETERNAL (6015b02d-f272-4154-8209-5e3b23bbc09c): нанка лучш
[19:51:26] Swat99Swat (9ce303e4-8a19-4d67-82f9-74ca7bafa055): ну а из EnderIo ?
[19:51:31] Swat99Swat (9ce303e4-8a19-4d67-82f9-74ca7bafa055): Stellar
[19:51:36] AETERNAL (6015b02d-f272-4154-8209-5e3b23bbc09c): не тестил её
[19:51:54] Swat99Swat (9ce303e4-8a19-4d67-82f9-74ca7bafa055): пишет 18 брони с нагрудника
[19:52:52] AETERNAL (6015b02d-f272-4154-8209-5e3b23bbc09c): либо лучше
[19:52:55] AETERNAL (6015b02d-f272-4154-8209-5e3b23bbc09c): либо на равне
[19:53:33] AETERNAL (6015b02d-f272-4154-8209-5e3b23bbc09c): лучше скорее
[19:54:14] AETERNAL (6015b02d-f272-4154-8209-5e3b23bbc09c): нифига мечик слушай)
[19:54:22] Swat99Swat (9ce303e4-8a19-4d67-82f9-74ca7bafa055): ?
[19:54:25] Swat99Swat (9ce303e4-8a19-4d67-82f9-74ca7bafa055): из эндера
[19:54:26] AETERNAL (6015b02d-f272-4154-8209-5e3b23bbc09c): твой
[19:54:29] AETERNAL (6015b02d-f272-4154-8209-5e3b23bbc09c): я себе скопировал)
[19:54:39] Swat99Swat (9ce303e4-8a19-4d67-82f9-74ca7bafa055): да какиш
[19:54:49] Swat99Swat (9ce303e4-8a19-4d67-82f9-74ca7bafa055): сплавы какие то говняные
[19:54:53] Swat99Swat (9ce303e4-8a19-4d67-82f9-74ca7bafa055): добавляют адоны тинкера
[19:54:59] AETERNAL (6015b02d-f272-4154-8209-5e3b23bbc09c): с моим астралом он ваншотит
[19:55:02] Swat99Swat (9ce303e4-8a19-4d67-82f9-74ca7bafa055): да есть модификаторы пасивные но это не то
[19:57:13] Swat99Swat (9ce303e4-8a19-4d67-82f9-74ca7bafa055): я сегодня все уровни просрал )
[19:57:27] AETERNAL (6015b02d-f272-4154-8209-5e3b23bbc09c): та зачем с собой таскать из
[19:57:29] AETERNAL (6015b02d-f272-4154-8209-5e3b23bbc09c): их
[19:57:33] Swat99Swat (9ce303e4-8a19-4d67-82f9-74ca7bafa055): неее куда хуже
[19:57:40] Swat99Swat (9ce303e4-8a19-4d67-82f9-74ca7bafa055): я хранилище просрал
[19:57:44] Swat99Swat (9ce303e4-8a19-4d67-82f9-74ca7bafa055): в котором были уровни
[19:57:51] AETERNAL (6015b02d-f272-4154-8209-5e3b23bbc09c): ещё лучше)
[19:57:52] Swat99Swat (9ce303e4-8a19-4d67-82f9-74ca7bafa055): сломал и в мусорку его засосало
[19:58:31] AETERNAL (6015b02d-f272-4154-8209-5e3b23bbc09c): туда так же кристаллы можно пихать
[19:58:34] AETERNAL (6015b02d-f272-4154-8209-5e3b23bbc09c): больше генерят
[19:58:38] AETERNAL (6015b02d-f272-4154-8209-5e3b23bbc09c): если есть не нужные
[19:58:43] Swat99Swat (9ce303e4-8a19-4d67-82f9-74ca7bafa055): не нету
[19:59:48] AETERNAL (6015b02d-f272-4154-8209-5e3b23bbc09c): что так от хаты далеко строишся,)
[19:59:50] AETERNAL (6015b02d-f272-4154-8209-5e3b23bbc09c): ?
[20:00:00] Swat99Swat (9ce303e4-8a19-4d67-82f9-74ca7bafa055): тут поляна
[20:00:06] Swat99Swat (9ce303e4-8a19-4d67-82f9-74ca7bafa055): со светом
[20:01:30] Swat99Swat (9ce303e4-8a19-4d67-82f9-74ca7bafa055): построил эту шляпу
[20:01:39] Swat99Swat (9ce303e4-8a19-4d67-82f9-74ca7bafa055): а для роботы ему что то нужно ?
[20:01:52] AETERNAL (6015b02d-f272-4154-8209-5e3b23bbc09c): резонирующим палкой
[20:01:56] AETERNAL (6015b02d-f272-4154-8209-5e3b23bbc09c): тык
[20:01:57] Swat99Swat (9ce303e4-8a19-4d67-82f9-74ca7bafa055): пон
[20:02:02] Swat99Swat (9ce303e4-8a19-4d67-82f9-74ca7bafa055): я привык что само да само
[20:02:05] Swat99Swat (9ce303e4-8a19-4d67-82f9-74ca7bafa055): а тут тыкать нужно
[20:02:06] AETERNAL (6015b02d-f272-4154-8209-5e3b23bbc09c): и есть шанс что свет сожрёт
[20:02:11] AETERNAL (6015b02d-f272-4154-8209-5e3b23bbc09c): вот сожрало
[20:02:15] Swat99Swat (9ce303e4-8a19-4d67-82f9-74ca7bafa055): писец
[20:02:27] Swat99Swat (9ce303e4-8a19-4d67-82f9-74ca7bafa055): одни убытки
[20:02:28] Swat99Swat (9ce303e4-8a19-4d67-82f9-74ca7bafa055): )
[20:02:31] AETERNAL (6015b02d-f272-4154-8209-5e3b23bbc09c): его можно и в таком виде автоматизировать
[20:02:38] AETERNAL (6015b02d-f272-4154-8209-5e3b23bbc09c): но я сделал отдельную версию
[20:02:40] AETERNAL (6015b02d-f272-4154-8209-5e3b23bbc09c): чтобы проще
[20:45:43] Swat99Swat (9ce303e4-8a19-4d67-82f9-74ca7bafa055): Споки
[20:45:48] AETERNAL (6015b02d-f272-4154-8209-5e3b23bbc09c): давай
