[11:13:54] Shick (1e509a89-d5e1-4571-bec0-bbd919826fe9): хули приперся?
[11:14:02] aleksalpov (124775cf-4019-4325-9bb2-2ff50c13d37e): доебаться хочу
[11:14:10] Shick (1e509a89-d5e1-4571-bec0-bbd919826fe9): за что интересно?
[11:14:17] aleksalpov (124775cf-4019-4325-9bb2-2ff50c13d37e): просто
[11:14:28] Shick (1e509a89-d5e1-4571-bec0-bbd919826fe9): тут развиваться надо а не пиздеться
[11:14:36] aleksalpov (124775cf-4019-4325-9bb2-2ff50c13d37e): пох
[11:14:42] Shick (1e509a89-d5e1-4571-bec0-bbd919826fe9): ну ладно
[11:14:45] Shick (1e509a89-d5e1-4571-bec0-bbd919826fe9): доебывайся
[11:14:47] Shick (1e509a89-d5e1-4571-bec0-bbd919826fe9): я тут постою
[11:15:02] aleksalpov (124775cf-4019-4325-9bb2-2ff50c13d37e): я тоже
[11:15:48] aleksalpov (124775cf-4019-4325-9bb2-2ff50c13d37e): ссышь?
[11:15:54] Shick (1e509a89-d5e1-4571-bec0-bbd919826fe9): ага
[11:16:08] Shick (1e509a89-d5e1-4571-bec0-bbd919826fe9): нихуя нету что бы пиздеться
[11:18:07] Shick (1e509a89-d5e1-4571-bec0-bbd919826fe9): молодец
[11:18:12] Shick (1e509a89-d5e1-4571-bec0-bbd919826fe9): поубивай мне мобов
[11:18:16] Shick (1e509a89-d5e1-4571-bec0-bbd919826fe9): а то заебали они уже
[11:18:21] Shick (1e509a89-d5e1-4571-bec0-bbd919826fe9): а я пока крафты посмотрю
[11:20:17] Shick (1e509a89-d5e1-4571-bec0-bbd919826fe9): ща крышу сделаю
[11:20:48] Shick (1e509a89-d5e1-4571-bec0-bbd919826fe9): вон иди к нему
[11:20:50] Shick (1e509a89-d5e1-4571-bec0-bbd919826fe9): его заебывай
[11:20:57] aleksalpov (124775cf-4019-4325-9bb2-2ff50c13d37e): да нах он мне
[11:21:00] Shick (1e509a89-d5e1-4571-bec0-bbd919826fe9): а я нах тебе
[11:21:16] aleksalpov (124775cf-4019-4325-9bb2-2ff50c13d37e): до него идти надо. а ты тут уже
[11:21:22] Shick (1e509a89-d5e1-4571-bec0-bbd919826fe9): как нашел то меня
[11:21:32] aleksalpov (124775cf-4019-4325-9bb2-2ff50c13d37e): есть глобальна якарта. всех вижу
[11:21:37] Shick (1e509a89-d5e1-4571-bec0-bbd919826fe9): а
[11:21:39] Shick (1e509a89-d5e1-4571-bec0-bbd919826fe9): прикольно
[11:23:18] aleksalpov (124775cf-4019-4325-9bb2-2ff50c13d37e): ахахаха
[11:23:20] Shick (1e509a89-d5e1-4571-bec0-bbd919826fe9): )
[11:24:36] Shick (1e509a89-d5e1-4571-bec0-bbd919826fe9): тут приват
[11:24:37] Shick (1e509a89-d5e1-4571-bec0-bbd919826fe9): )
[11:24:46] aleksalpov (124775cf-4019-4325-9bb2-2ff50c13d37e): он до самого верха?
[11:24:48] Shick (1e509a89-d5e1-4571-bec0-bbd919826fe9): да
[11:24:53] aleksalpov (124775cf-4019-4325-9bb2-2ff50c13d37e): ну ладно
[11:25:00] Shick (1e509a89-d5e1-4571-bec0-bbd919826fe9): сразу идет вертикально вверх фулл и вниз фулл
[11:25:01] Shick (1e509a89-d5e1-4571-bec0-bbd919826fe9): )
[11:27:19] aleksalpov (124775cf-4019-4325-9bb2-2ff50c13d37e): я думаю прям тут и поселюсь
[11:27:34] Shick (1e509a89-d5e1-4571-bec0-bbd919826fe9): а че тут?
[11:27:45] aleksalpov (124775cf-4019-4325-9bb2-2ff50c13d37e): так чтоб тебя бить
[11:27:49] aleksalpov (124775cf-4019-4325-9bb2-2ff50c13d37e): понравился ты мне
[11:27:56] Shick (1e509a89-d5e1-4571-bec0-bbd919826fe9): дак я застроюсь
[11:28:02] Shick (1e509a89-d5e1-4571-bec0-bbd919826fe9): и хуй ты ко мне попадешь
[11:28:09] aleksalpov (124775cf-4019-4325-9bb2-2ff50c13d37e): ну когда нить то выйдешь с базы?
[11:28:20] aleksalpov (124775cf-4019-4325-9bb2-2ff50c13d37e): я вижу где бы ты нибыл по всей карте
[11:28:22] Shick (1e509a89-d5e1-4571-bec0-bbd919826fe9): а когда выйду будет уже ранец для полета)
[11:31:57] aleksalpov (124775cf-4019-4325-9bb2-2ff50c13d37e): о. вспомнил один дюп. почти все есть
[11:34:26] Shick (1e509a89-d5e1-4571-bec0-bbd919826fe9): ))))
[11:34:29] Shick (1e509a89-d5e1-4571-bec0-bbd919826fe9): спасиба
[11:34:33] Shick (1e509a89-d5e1-4571-bec0-bbd919826fe9): а с чего ты его?
[11:34:35] aleksalpov (124775cf-4019-4325-9bb2-2ff50c13d37e): хех, лошара
[11:34:40] Shick (1e509a89-d5e1-4571-bec0-bbd919826fe9): )
[11:34:41] Nergaloff (88da800e-1614-4c65-ace8-c18f7e99e914): сюрикен
[11:34:48] Shick (1e509a89-d5e1-4571-bec0-bbd919826fe9): дорого делается?
[11:35:06] Nergaloff (88da800e-1614-4c65-ace8-c18f7e99e914): ты по-моему сервера перепутал, анархии в другом месте
[11:38:04] aleksalpov (124775cf-4019-4325-9bb2-2ff50c13d37e): ты же тока дома был. куда ушел
[11:38:15] aleksalpov (124775cf-4019-4325-9bb2-2ff50c13d37e): я кстати у тебя лампы уже ломал
[11:38:22] Nergaloff (88da800e-1614-4c65-ace8-c18f7e99e914): нахуя?
[11:38:30] aleksalpov (124775cf-4019-4325-9bb2-2ff50c13d37e): чтоб да
[11:38:39] Nergaloff (88da800e-1614-4c65-ace8-c18f7e99e914): ну соболезную
[11:40:49] aleksalpov (124775cf-4019-4325-9bb2-2ff50c13d37e): вытолкал кремневую курицу и убил - ееее
[11:41:10] Nergaloff (88da800e-1614-4c65-ace8-c18f7e99e914): не братан, хуйня, это не мои куры
[11:41:14] Nergaloff (88da800e-1614-4c65-ace8-c18f7e99e914): они по миру спавнятся
[11:41:16] Nergaloff (88da800e-1614-4c65-ace8-c18f7e99e914): пробуй дальше
[11:41:29] aleksalpov (124775cf-4019-4325-9bb2-2ff50c13d37e): ну блин, так меня опечалил
[11:41:42] Nergaloff (88da800e-1614-4c65-ace8-c18f7e99e914): а ты не привык быть попуском?
[11:41:53] aleksalpov (124775cf-4019-4325-9bb2-2ff50c13d37e): да мне как то похуй обычно
[11:42:07] Nergaloff (88da800e-1614-4c65-ace8-c18f7e99e914): да ты у нас похуист
[11:42:18] Nergaloff (88da800e-1614-4c65-ace8-c18f7e99e914): настолько что пытаешься выделиться, мешая людям
[11:42:19] Nergaloff (88da800e-1614-4c65-ace8-c18f7e99e914): ну ну
[11:42:38] aleksalpov (124775cf-4019-4325-9bb2-2ff50c13d37e): сделал гадость, сердцу радость
[11:43:00] Nergaloff (88da800e-1614-4c65-ace8-c18f7e99e914): и как? получается?
[11:43:19] aleksalpov (124775cf-4019-4325-9bb2-2ff50c13d37e): было нормально, а потом пидор какой-то пришел и убил
[11:43:30] Nergaloff (88da800e-1614-4c65-ace8-c18f7e99e914): зачем ты так про свою мать
[11:44:01] Nergaloff (88da800e-1614-4c65-ace8-c18f7e99e914): так и что с еблом? не получается гадость сделать?
[11:44:12] Nergaloff (88da800e-1614-4c65-ace8-c18f7e99e914): слабенький
[11:44:21] Shick (1e509a89-d5e1-4571-bec0-bbd919826fe9): хахаахах
[11:44:26] Shick (1e509a89-d5e1-4571-bec0-bbd919826fe9): Спасибо большое
[12:26:20] aleksalpov (124775cf-4019-4325-9bb2-2ff50c13d37e): привет
[12:26:26] Shick (1e509a89-d5e1-4571-bec0-bbd919826fe9): ага
[12:29:12] Shick (1e509a89-d5e1-4571-bec0-bbd919826fe9): че пришел то
[12:29:16] aleksalpov (124775cf-4019-4325-9bb2-2ff50c13d37e): вгости
[12:35:54] _reflexed (a4982e19-bdcc-40a7-a685-78ee1c50ad23): 1
[12:36:54] _reflexed (a4982e19-bdcc-40a7-a685-78ee1c50ad23): 1
[12:39:51] _reflexed (a4982e19-bdcc-40a7-a685-78ee1c50ad23): Делаю новую структуру для алтаря
[12:39:59] aleksalpov (124775cf-4019-4325-9bb2-2ff50c13d37e): бегаю
[12:40:43] aleksalpov (124775cf-4019-4325-9bb2-2ff50c13d37e): Скажи как тпс
[12:41:14] aleksalpov (124775cf-4019-4325-9bb2-2ff50c13d37e): ну ладно
[16:46:24] Shick (1e509a89-d5e1-4571-bec0-bbd919826fe9): ес
[16:46:26] Shick (1e509a89-d5e1-4571-bec0-bbd919826fe9): ес
[16:46:58] Shick (1e509a89-d5e1-4571-bec0-bbd919826fe9): Айм сори
[16:47:42] Shick (1e509a89-d5e1-4571-bec0-bbd919826fe9): xD
[18:19:06] ProCto_DS (d3139add-473e-468f-9582-8b46bb0e237c): ххх
[18:20:19] ProCto_DS (d3139add-473e-468f-9582-8b46bb0e237c): Как же неудобно :)
[18:20:41] Stxywxthme (6ce0cde9-8c92-4c66-96ad-6bffb9dfc01b): хд
[18:20:45] [CAPS] ProCto_DS (d3139add-473e-468f-9582-8b46bb0e237c): ааааааааа
[18:21:01] Stxywxthme (6ce0cde9-8c92-4c66-96ad-6bffb9dfc01b): блять
[18:21:01] [CAPS] ProCto_DS (d3139add-473e-468f-9582-8b46bb0e237c): та ёпта
[18:21:03] [CAPS] ProCto_DS (d3139add-473e-468f-9582-8b46bb0e237c): ток зашел
[18:21:07] [CAPS] ProCto_DS (d3139add-473e-468f-9582-8b46bb0e237c): заебись нах
[18:21:10] Stxywxthme (6ce0cde9-8c92-4c66-96ad-6bffb9dfc01b): раньше нельзя было?
[18:21:14] ProCto_DS (d3139add-473e-468f-9582-8b46bb0e237c): +
[18:21:23] Stxywxthme (6ce0cde9-8c92-4c66-96ad-6bffb9dfc01b): ну все
[18:21:30] ProCto_DS (d3139add-473e-468f-9582-8b46bb0e237c): Ну всё, гг
[18:21:31] Stxywxthme (6ce0cde9-8c92-4c66-96ad-6bffb9dfc01b): опять перезаходить
[18:21:37] ProCto_DS (d3139add-473e-468f-9582-8b46bb0e237c): Тп хоть ко мне
[18:22:05] ProCto_DS (d3139add-473e-468f-9582-8b46bb0e237c): Зларова
[18:22:09] ProCto_DS (d3139add-473e-468f-9582-8b46bb0e237c): ПИЗДА
[18:22:10] Stxywxthme (6ce0cde9-8c92-4c66-96ad-6bffb9dfc01b): ку
[18:22:14] Stxywxthme (6ce0cde9-8c92-4c66-96ad-6bffb9dfc01b): да
[18:31:29] ProCto_DS (d3139add-473e-468f-9582-8b46bb0e237c): Так
[18:31:37] ProCto_DS (d3139add-473e-468f-9582-8b46bb0e237c): Пора съёживать :)
[18:31:44] ProCto_DS (d3139add-473e-468f-9582-8b46bb0e237c): Если шо без мышки гамаю :)
[18:31:48] AETERNAL (6015b02d-f272-4154-8209-5e3b23bbc09c): смари чё спиздил
[18:31:57] ProCto_DS (d3139add-473e-468f-9582-8b46bb0e237c): =Бан
[18:32:10] AETERNAL (6015b02d-f272-4154-8209-5e3b23bbc09c): есть 2 бутылки теперь
[18:32:19] AETERNAL (6015b02d-f272-4154-8209-5e3b23bbc09c): можно стакнуть эффект
[18:32:24] AETERNAL (6015b02d-f272-4154-8209-5e3b23bbc09c): будет в 128 раз быстрее
[18:32:42] ProCto_DS (d3139add-473e-468f-9582-8b46bb0e237c): Да
[18:32:46] ProCto_DS (d3139add-473e-468f-9582-8b46bb0e237c): ЛУчшеб у меня мышка была
[18:33:19] ProCto_DS (d3139add-473e-468f-9582-8b46bb0e237c): зырь
[18:33:25] ProCto_DS (d3139add-473e-468f-9582-8b46bb0e237c): как передвига.сь :)
[18:34:46] ProCto_DS (d3139add-473e-468f-9582-8b46bb0e237c): А на бутылку не посадили :)))))
[18:35:06] ProCto_DS (d3139add-473e-468f-9582-8b46bb0e237c): Как своему игроку
[18:35:14] AETERNAL (6015b02d-f272-4154-8209-5e3b23bbc09c): о
[18:35:17] AETERNAL (6015b02d-f272-4154-8209-5e3b23bbc09c): ебать качает
[18:35:18] ProCto_DS (d3139add-473e-468f-9582-8b46bb0e237c): Дашь ботинки путешественника
[18:35:28] [CAPS] ProCto_DS (d3139add-473e-468f-9582-8b46bb0e237c): хахахах
[18:35:29] AETERNAL (6015b02d-f272-4154-8209-5e3b23bbc09c): ща печь разорв'т
[18:35:33] ProCto_DS (d3139add-473e-468f-9582-8b46bb0e237c): Кинь шот
[18:35:49] ProCto_DS (d3139add-473e-468f-9582-8b46bb0e237c): Дашь ботинки путешественника
[18:35:55] AETERNAL (6015b02d-f272-4154-8209-5e3b23bbc09c): не
[18:35:59] AETERNAL (6015b02d-f272-4154-8209-5e3b23bbc09c): на єто
[18:36:06] [CAPS] ProCto_DS (d3139add-473e-468f-9582-8b46bb0e237c): ыххыхы
[18:36:10] ProCto_DS (d3139add-473e-468f-9582-8b46bb0e237c): Так
[18:36:12] ProCto_DS (d3139add-473e-468f-9582-8b46bb0e237c): Нада
[18:36:17] AETERNAL (6015b02d-f272-4154-8209-5e3b23bbc09c): ебани по мне
[18:36:25] ProCto_DS (d3139add-473e-468f-9582-8b46bb0e237c): )
[18:36:39] ProCto_DS (d3139add-473e-468f-9582-8b46bb0e237c): ШУЧУ
[18:36:47] ProCto_DS (d3139add-473e-468f-9582-8b46bb0e237c): ээээ
[18:36:50] ProCto_DS (d3139add-473e-468f-9582-8b46bb0e237c): я не буду верни
[18:36:52] ProCto_DS (d3139add-473e-468f-9582-8b46bb0e237c): пж
[18:37:08] ProCto_DS (d3139add-473e-468f-9582-8b46bb0e237c): Ну дядь :(
[18:37:14] AETERNAL (6015b02d-f272-4154-8209-5e3b23bbc09c): я бы всё равно не оставил бы тебе его)
[18:37:20] ProCto_DS (d3139add-473e-468f-9582-8b46bb0e237c): Дай другое :)
[18:37:26] AETERNAL (6015b02d-f272-4154-8209-5e3b23bbc09c): так, понюхать только
[18:37:33] ProCto_DS (d3139add-473e-468f-9582-8b46bb0e237c): Пахнет говном
[18:37:49] AETERNAL (6015b02d-f272-4154-8209-5e3b23bbc09c): ну учитывая что ты админа вырубил
[18:37:59] ProCto_DS (d3139add-473e-468f-9582-8b46bb0e237c): Слабак :
[18:38:03] AETERNAL (6015b02d-f272-4154-8209-5e3b23bbc09c): говно хорошее
[18:38:07] ProCto_DS (d3139add-473e-468f-9582-8b46bb0e237c): Когда мышь будет
[18:38:11] ProCto_DS (d3139add-473e-468f-9582-8b46bb0e237c): Можна на пвп те позвать
[18:38:22] AETERNAL (6015b02d-f272-4154-8209-5e3b23bbc09c): ты не выиграешь
[18:38:25] AETERNAL (6015b02d-f272-4154-8209-5e3b23bbc09c): знаешь почему
[18:38:28] ProCto_DS (d3139add-473e-468f-9582-8b46bb0e237c): Ну меч
[18:38:54] AETERNAL (6015b02d-f272-4154-8209-5e3b23bbc09c): я тебя даже не подпущу)
[18:39:04] ProCto_DS (d3139add-473e-468f-9582-8b46bb0e237c): Ну у меня даж мыши нет
[18:39:11] ProCto_DS (d3139add-473e-468f-9582-8b46bb0e237c): Хмм
[18:39:12] AETERNAL (6015b02d-f272-4154-8209-5e3b23bbc09c): у меня дальность атаки огромная
[18:39:45] AETERNAL (6015b02d-f272-4154-8209-5e3b23bbc09c): астральчик качай
[18:39:49] AETERNAL (6015b02d-f272-4154-8209-5e3b23bbc09c): и тогда поговорим)
[18:39:51] ProCto_DS (d3139add-473e-468f-9582-8b46bb0e237c): Ну на обычных топорх деревянных, и без разных плюшек ?)
[18:39:52] AETERNAL (6015b02d-f272-4154-8209-5e3b23bbc09c): перки
[18:40:00] AETERNAL (6015b02d-f272-4154-8209-5e3b23bbc09c): та хоть рукой)
[18:40:15] ProCto_DS (d3139add-473e-468f-9582-8b46bb0e237c): я выйду
[18:40:21] ProCto_DS (d3139add-473e-468f-9582-8b46bb0e237c): Без мыши херня :(
[18:40:28] ProCto_DS (d3139add-473e-468f-9582-8b46bb0e237c): Даж тебя не могу ебнуть)
[18:40:33] AETERNAL (6015b02d-f272-4154-8209-5e3b23bbc09c): ладно
[18:40:38] ProCto_DS (d3139add-473e-468f-9582-8b46bb0e237c): стой
[18:40:51] ProCto_DS (d3139add-473e-468f-9582-8b46bb0e237c): На бутылке меня нет, набела ты меня
[18:40:55] ProCto_DS (d3139add-473e-468f-9582-8b46bb0e237c): Наебал*
[18:41:03] AETERNAL (6015b02d-f272-4154-8209-5e3b23bbc09c): она сама потом
[18:41:06] AETERNAL (6015b02d-f272-4154-8209-5e3b23bbc09c): неожиданно
[18:41:14] ProCto_DS (d3139add-473e-468f-9582-8b46bb0e237c): Ну чёт не заметно
[18:41:25] ProCto_DS (d3139add-473e-468f-9582-8b46bb0e237c): Стой
[18:41:28] ProCto_DS (d3139add-473e-468f-9582-8b46bb0e237c): Меч кинешь?
[18:41:34] AETERNAL (6015b02d-f272-4154-8209-5e3b23bbc09c): не
[18:41:41] ProCto_DS (d3139add-473e-468f-9582-8b46bb0e237c): я не подобрать
[18:42:01] ProCto_DS (d3139add-473e-468f-9582-8b46bb0e237c): иди сюда
[18:42:06] AETERNAL (6015b02d-f272-4154-8209-5e3b23bbc09c): шо
[18:42:24] AETERNAL (6015b02d-f272-4154-8209-5e3b23bbc09c): ?
[18:53:51] Stxywxthme (6ce0cde9-8c92-4c66-96ad-6bffb9dfc01b): где здесь админ?
[18:55:20] Stxywxthme (6ce0cde9-8c92-4c66-96ad-6bffb9dfc01b): норм
[18:56:24] Stxywxthme (6ce0cde9-8c92-4c66-96ad-6bffb9dfc01b): Ок
[18:57:48] Stxywxthme (6ce0cde9-8c92-4c66-96ad-6bffb9dfc01b): ку
[18:57:59] Shick (1e509a89-d5e1-4571-bec0-bbd919826fe9): q all
[18:59:39] AETERNAL (6015b02d-f272-4154-8209-5e3b23bbc09c): на
[18:59:41] AETERNAL (6015b02d-f272-4154-8209-5e3b23bbc09c): новая
[18:59:48] Stxywxthme (6ce0cde9-8c92-4c66-96ad-6bffb9dfc01b): старая
[19:00:39] Stxywxthme (6ce0cde9-8c92-4c66-96ad-6bffb9dfc01b): админ в подвале
[19:00:54] AETERNAL (6015b02d-f272-4154-8209-5e3b23bbc09c): смотри мем
[19:01:24] Stxywxthme (6ce0cde9-8c92-4c66-96ad-6bffb9dfc01b): я не увидел
[19:01:28] Stxywxthme (6ce0cde9-8c92-4c66-96ad-6bffb9dfc01b): ааа
[19:01:40] Stxywxthme (6ce0cde9-8c92-4c66-96ad-6bffb9dfc01b): а ну имба
[19:02:05] Stxywxthme (6ce0cde9-8c92-4c66-96ad-6bffb9dfc01b): так надо карьер ускорить
[19:02:05] AETERNAL (6015b02d-f272-4154-8209-5e3b23bbc09c): я ещё радугу добавил
[19:02:10] AETERNAL (6015b02d-f272-4154-8209-5e3b23bbc09c): как по мне так прикольнее
[19:02:26] Stxywxthme (6ce0cde9-8c92-4c66-96ad-6bffb9dfc01b): зеркало
[19:02:33] AETERNAL (6015b02d-f272-4154-8209-5e3b23bbc09c): дыра
[19:02:37] Stxywxthme (6ce0cde9-8c92-4c66-96ad-6bffb9dfc01b): +
[19:02:37] AETERNAL (6015b02d-f272-4154-8209-5e3b23bbc09c): в пространстве
[19:03:19] AETERNAL (6015b02d-f272-4154-8209-5e3b23bbc09c): ладно я жрать
[19:03:22] Stxywxthme (6ce0cde9-8c92-4c66-96ad-6bffb9dfc01b): как на счет удалить таум прямо сейчас
[19:03:48] AETERNAL (6015b02d-f272-4154-8209-5e3b23bbc09c): это будет означать фатальное повреждение мира
[19:03:55] Stxywxthme (6ce0cde9-8c92-4c66-96ad-6bffb9dfc01b): понятно
[19:03:55] AETERNAL (6015b02d-f272-4154-8209-5e3b23bbc09c): вайп короче
[19:04:04] Stxywxthme (6ce0cde9-8c92-4c66-96ad-6bffb9dfc01b): ладно
[19:04:05] Stxywxthme (6ce0cde9-8c92-4c66-96ad-6bffb9dfc01b): жри
[19:04:19] Stxywxthme (6ce0cde9-8c92-4c66-96ad-6bffb9dfc01b): или спокойной жратвы
[19:05:00] Stxywxthme (6ce0cde9-8c92-4c66-96ad-6bffb9dfc01b): а
[19:05:06] Stxywxthme (6ce0cde9-8c92-4c66-96ad-6bffb9dfc01b): он уже пошел
[19:25:04] Shick (1e509a89-d5e1-4571-bec0-bbd919826fe9): .//sell
[19:28:58] Stxywxthme (6ce0cde9-8c92-4c66-96ad-6bffb9dfc01b): мне стало интересно
[19:32:35] Shick (1e509a89-d5e1-4571-bec0-bbd919826fe9): ./kit start
[19:33:14] adilete2 (33475a2b-d5cc-454e-ba72-aaede7f3f199): ты кто
[19:33:17] xZeNice (60aed057-e434-49e4-9c19-52bbd4e0033a): я пидор
[19:33:37] xZeNice (60aed057-e434-49e4-9c19-52bbd4e0033a): ртп
[19:33:41] xZeNice (60aed057-e434-49e4-9c19-52bbd4e0033a): прими тп
[19:35:17] adilete2 (33475a2b-d5cc-454e-ba72-aaede7f3f199): афигет 200 фпс
[19:35:29] [CAPS] xZeNice (60aed057-e434-49e4-9c19-52bbd4e0033a): 500 :ddd
[19:35:32] adilete2 (33475a2b-d5cc-454e-ba72-aaede7f3f199): респект
[19:35:39] xZeNice (60aed057-e434-49e4-9c19-52bbd4e0033a): странно кст
[19:35:52] xZeNice (60aed057-e434-49e4-9c19-52bbd4e0033a): на другом где 100 модов меньше , мб из за колво игроков
[19:35:53] adilete2 (33475a2b-d5cc-454e-ba72-aaede7f3f199): че
[19:36:04] adilete2 (33475a2b-d5cc-454e-ba72-aaede7f3f199): циклоп
[19:36:08] Stxywxthme (6ce0cde9-8c92-4c66-96ad-6bffb9dfc01b): ахахха
[19:36:14] adilete2 (33475a2b-d5cc-454e-ba72-aaede7f3f199): че так изи
[19:36:17] xZeNice (60aed057-e434-49e4-9c19-52bbd4e0033a): )
[19:36:20] Stxywxthme (6ce0cde9-8c92-4c66-96ad-6bffb9dfc01b): душа скелета
[19:36:41] Stxywxthme (6ce0cde9-8c92-4c66-96ad-6bffb9dfc01b): ахаххах выбил душу скелета
[19:36:57] adilete2 (33475a2b-d5cc-454e-ba72-aaede7f3f199): драконик?
[19:36:59] xZeNice (60aed057-e434-49e4-9c19-52bbd4e0033a): :/
[19:37:31] Stxywxthme (6ce0cde9-8c92-4c66-96ad-6bffb9dfc01b): ладно
[19:37:33] Stxywxthme (6ce0cde9-8c92-4c66-96ad-6bffb9dfc01b): я афк
[19:37:53] xZeNice (60aed057-e434-49e4-9c19-52bbd4e0033a): аа
[19:38:22] xZeNice (60aed057-e434-49e4-9c19-52bbd4e0033a): оуе
[19:38:30] xZeNice (60aed057-e434-49e4-9c19-52bbd4e0033a): мм
[19:38:45] adilete2 (33475a2b-d5cc-454e-ba72-aaede7f3f199): че было
[19:38:46] xZeNice (60aed057-e434-49e4-9c19-52bbd4e0033a): АА
[19:39:57] adilete2 (33475a2b-d5cc-454e-ba72-aaede7f3f199): сделай себе что то
[19:39:59] adilete2 (33475a2b-d5cc-454e-ba72-aaede7f3f199): я шя приду
[19:40:23] xZeNice (60aed057-e434-49e4-9c19-52bbd4e0033a): ЭММ
[19:40:28] xZeNice (60aed057-e434-49e4-9c19-52bbd4e0033a): железная кирка сломалась за 2 руды
[19:40:29] adilete2 (33475a2b-d5cc-454e-ba72-aaede7f3f199): че
[19:40:32] xZeNice (60aed057-e434-49e4-9c19-52bbd4e0033a): ахыхахвъва
[19:40:34] adilete2 (33475a2b-d5cc-454e-ba72-aaede7f3f199): че
[19:40:37] xZeNice (60aed057-e434-49e4-9c19-52bbd4e0033a): железная кирка сломалась за 2 руды
[19:40:45] adilete2 (33475a2b-d5cc-454e-ba72-aaede7f3f199): КАК
[19:40:48] xZeNice (60aed057-e434-49e4-9c19-52bbd4e0033a): не знаю
[19:40:50] xZeNice (60aed057-e434-49e4-9c19-52bbd4e0033a): :/
[19:41:44] xZeNice (60aed057-e434-49e4-9c19-52bbd4e0033a): смари
[19:41:51] [CAPS] xZeNice (60aed057-e434-49e4-9c19-52bbd4e0033a): ваыххъавхъывахъыавх
[19:41:58] xZeNice (60aed057-e434-49e4-9c19-52bbd4e0033a): 2удара и - 3 железа
[19:42:01] xZeNice (60aed057-e434-49e4-9c19-52bbd4e0033a): класс
[19:42:17] xZeNice (60aed057-e434-49e4-9c19-52bbd4e0033a): я не знаю чё делат ьмне
[19:42:20] xZeNice (60aed057-e434-49e4-9c19-52bbd4e0033a): без инструментов
[19:42:39] adilete2 (33475a2b-d5cc-454e-ba72-aaede7f3f199): че за пиздец
[19:42:43] xZeNice (60aed057-e434-49e4-9c19-52bbd4e0033a): ты про что
[19:43:11] adilete2 (33475a2b-d5cc-454e-ba72-aaede7f3f199): че так быстро ломаетса
[19:43:15] xZeNice (60aed057-e434-49e4-9c19-52bbd4e0033a): не знаю..
[19:44:54] xZeNice (60aed057-e434-49e4-9c19-52bbd4e0033a): Чё это
[19:44:56] adilete2 (33475a2b-d5cc-454e-ba72-aaede7f3f199): ресы
[19:44:59] xZeNice (60aed057-e434-49e4-9c19-52bbd4e0033a): откуа
[19:45:05] adilete2 (33475a2b-d5cc-454e-ba72-aaede7f3f199): вазми
[19:45:08] xZeNice (60aed057-e434-49e4-9c19-52bbd4e0033a): откуда
[19:45:18] adilete2 (33475a2b-d5cc-454e-ba72-aaede7f3f199): нашел баг
[19:45:23] xZeNice (60aed057-e434-49e4-9c19-52bbd4e0033a): а если норм
[19:45:23] xZeNice (60aed057-e434-49e4-9c19-52bbd4e0033a): хвъахх
[19:45:43] xZeNice (60aed057-e434-49e4-9c19-52bbd4e0033a): дс
[19:45:44] adilete2 (33475a2b-d5cc-454e-ba72-aaede7f3f199): из неоткуда ресы
[19:47:19] adilete2 (33475a2b-d5cc-454e-ba72-aaede7f3f199): че за пиздец
[19:47:25] [CAPS] xZeNice (60aed057-e434-49e4-9c19-52bbd4e0033a): хахахаххах
[19:47:27] [CAPS] adilete2 (33475a2b-d5cc-454e-ba72-aaede7f3f199): ахахах
[19:47:33] [CAPS] xZeNice (60aed057-e434-49e4-9c19-52bbd4e0033a): ахахаххаахаххахха
[19:47:54] xZeNice (60aed057-e434-49e4-9c19-52bbd4e0033a): сундук
[19:47:57] xZeNice (60aed057-e434-49e4-9c19-52bbd4e0033a): сделай
[19:47:59] xZeNice (60aed057-e434-49e4-9c19-52bbd4e0033a): пж
[19:48:21] [CAPS] adilete2 (33475a2b-d5cc-454e-ba72-aaede7f3f199): пиздец
[19:48:28] [CAPS] xZeNice (60aed057-e434-49e4-9c19-52bbd4e0033a): чьтооо
[19:48:29] adilete2 (33475a2b-d5cc-454e-ba72-aaede7f3f199): ЕБАТЬ
[19:48:38] [CAPS] adilete2 (33475a2b-d5cc-454e-ba72-aaede7f3f199): ахахах
[19:50:24] [CAPS] xZeNice (60aed057-e434-49e4-9c19-52bbd4e0033a): ахаывхъав
[19:50:25] xZeNice (60aed057-e434-49e4-9c19-52bbd4e0033a): СМАРИ
[19:50:32] [CAPS] adilete2 (33475a2b-d5cc-454e-ba72-aaede7f3f199): ебатьь
[19:50:43] adilete2 (33475a2b-d5cc-454e-ba72-aaede7f3f199): зачем ставит?
[19:50:47] xZeNice (60aed057-e434-49e4-9c19-52bbd4e0033a): случайно
[19:51:05] adilete2 (33475a2b-d5cc-454e-ba72-aaede7f3f199): ломать?
[19:51:07] xZeNice (60aed057-e434-49e4-9c19-52bbd4e0033a): да
[19:54:00] adilete2 (33475a2b-d5cc-454e-ba72-aaede7f3f199): ебнулся?
[19:54:04] adilete2 (33475a2b-d5cc-454e-ba72-aaede7f3f199): видел крафт?
[19:54:12] adilete2 (33475a2b-d5cc-454e-ba72-aaede7f3f199): и ег о тоеж
[19:54:15] xZeNice (60aed057-e434-49e4-9c19-52bbd4e0033a): ъыхавъхываъхъывахъа
[19:54:21] xZeNice (60aed057-e434-49e4-9c19-52bbd4e0033a): о_о
[19:54:36] xZeNice (60aed057-e434-49e4-9c19-52bbd4e0033a): всё
[19:54:39] xZeNice (60aed057-e434-49e4-9c19-52bbd4e0033a): а не
[19:55:29] xZeNice (60aed057-e434-49e4-9c19-52bbd4e0033a): всё
[19:55:36] Shick (1e509a89-d5e1-4571-bec0-bbd919826fe9): Спидран квестов??
[19:55:39] xZeNice (60aed057-e434-49e4-9c19-52bbd4e0033a): ща рг сделаю
[19:56:21] adilete2 (33475a2b-d5cc-454e-ba72-aaede7f3f199): э
[19:56:37] Shick (1e509a89-d5e1-4571-bec0-bbd919826fe9): иди мне кобальта накопай ребуст
[19:56:39] [CAPS] xZeNice (60aed057-e434-49e4-9c19-52bbd4e0033a): ffffфффааа
[19:56:46] adilete2 (33475a2b-d5cc-454e-ba72-aaede7f3f199): на
[19:56:58] xZeNice (60aed057-e434-49e4-9c19-52bbd4e0033a): ща добавлю
[19:57:08] xZeNice (60aed057-e434-49e4-9c19-52bbd4e0033a): всё
[19:57:15] Shick (1e509a89-d5e1-4571-bec0-bbd919826fe9): Зайди
[19:57:25] Shick (1e509a89-d5e1-4571-bec0-bbd919826fe9): Я тебе лаг машину поставлю
[19:57:31] adilete2 (33475a2b-d5cc-454e-ba72-aaede7f3f199): а где границы
[19:57:41] xZeNice (60aed057-e434-49e4-9c19-52bbd4e0033a): ./rg s
[19:57:44] xZeNice (60aed057-e434-49e4-9c19-52bbd4e0033a): а нельзя
[19:57:45] xZeNice (60aed057-e434-49e4-9c19-52bbd4e0033a): хз
[19:57:47] Shick (1e509a89-d5e1-4571-bec0-bbd919826fe9): Тссс
[19:57:48] adilete2 (33475a2b-d5cc-454e-ba72-aaede7f3f199): не робит
[19:57:50] xZeNice (60aed057-e434-49e4-9c19-52bbd4e0033a): +
[19:57:53] xZeNice (60aed057-e434-49e4-9c19-52bbd4e0033a): ну там мало рг
[19:59:27] Stxywxthme (6ce0cde9-8c92-4c66-96ad-6bffb9dfc01b): аетернал все еще афк
[19:59:49] adilete2 (33475a2b-d5cc-454e-ba72-aaede7f3f199): ПИЗДА
[19:59:52] xZeNice (60aed057-e434-49e4-9c19-52bbd4e0033a): что
[19:59:55] adilete2 (33475a2b-d5cc-454e-ba72-aaede7f3f199): а нет
[19:59:58] xZeNice (60aed057-e434-49e4-9c19-52bbd4e0033a): -_-
[20:00:10] adilete2 (33475a2b-d5cc-454e-ba72-aaede7f3f199): ку
[20:00:13] AETERNAL (6015b02d-f272-4154-8209-5e3b23bbc09c): хай
[20:00:14] xZeNice (60aed057-e434-49e4-9c19-52bbd4e0033a): ку
[20:00:24] AETERNAL (6015b02d-f272-4154-8209-5e3b23bbc09c): вы чё в кратере засели xD
[20:00:36] adilete2 (33475a2b-d5cc-454e-ba72-aaede7f3f199): а че нелзя?
[20:00:43] AETERNAL (6015b02d-f272-4154-8209-5e3b23bbc09c): та я просто
[20:01:24] [CAPS] adilete2 (33475a2b-d5cc-454e-ba72-aaede7f3f199): пиздец
[20:01:32] [CAPS] adilete2 (33475a2b-d5cc-454e-ba72-aaede7f3f199): захахах
[20:01:34] Stxywxthme (6ce0cde9-8c92-4c66-96ad-6bffb9dfc01b): понятно
[20:01:38] xZeNice (60aed057-e434-49e4-9c19-52bbd4e0033a): на 2 раза алм кирка
[20:01:54] Stxywxthme (6ce0cde9-8c92-4c66-96ad-6bffb9dfc01b): нихуя себе
[20:02:08] adilete2 (33475a2b-d5cc-454e-ba72-aaede7f3f199): пизданутса
[20:02:18] adilete2 (33475a2b-d5cc-454e-ba72-aaede7f3f199): видел крафт альтаря
[20:02:25] xZeNice (60aed057-e434-49e4-9c19-52bbd4e0033a): неа
[20:02:31] adilete2 (33475a2b-d5cc-454e-ba72-aaede7f3f199): чекни
[20:02:33] [CAPS] xZeNice (60aed057-e434-49e4-9c19-52bbd4e0033a): аххахаххах
[20:02:40] Stxywxthme (6ce0cde9-8c92-4c66-96ad-6bffb9dfc01b): аптечка стаб спавнер сразу в сундук дает ресы?
[20:02:45] AETERNAL (6015b02d-f272-4154-8209-5e3b23bbc09c): -
[20:02:51] adilete2 (33475a2b-d5cc-454e-ba72-aaede7f3f199): увидел?
[20:02:54] xZeNice (60aed057-e434-49e4-9c19-52bbd4e0033a): ДА
[20:03:00] Stxywxthme (6ce0cde9-8c92-4c66-96ad-6bffb9dfc01b): хотелось бы
[20:03:22] AETERNAL (6015b02d-f272-4154-8209-5e3b23bbc09c): и мне
[20:03:30] adilete2 (33475a2b-d5cc-454e-ba72-aaede7f3f199): xt ltkfn
[20:03:32] adilete2 (33475a2b-d5cc-454e-ba72-aaede7f3f199): че делат
[20:03:36] xZeNice (60aed057-e434-49e4-9c19-52bbd4e0033a): не знаю
[20:03:38] xZeNice (60aed057-e434-49e4-9c19-52bbd4e0033a): ъхвыаъаы
[20:04:11] adilete2 (33475a2b-d5cc-454e-ba72-aaede7f3f199): думал дефолт крафт
[20:04:15] xZeNice (60aed057-e434-49e4-9c19-52bbd4e0033a): ++
[20:04:22] AETERNAL (6015b02d-f272-4154-8209-5e3b23bbc09c): какой алтарь
[20:04:33] adilete2 (33475a2b-d5cc-454e-ba72-aaede7f3f199): кровавый
[20:04:33] Stxywxthme (6ce0cde9-8c92-4c66-96ad-6bffb9dfc01b): ?
[20:04:39] AETERNAL (6015b02d-f272-4154-8209-5e3b23bbc09c): а
[20:05:04] AETERNAL (6015b02d-f272-4154-8209-5e3b23bbc09c): только не опнятно зачем вам он сейчас
[20:05:06] AETERNAL (6015b02d-f272-4154-8209-5e3b23bbc09c): ну ладно
[20:05:45] adilete2 (33475a2b-d5cc-454e-ba72-aaede7f3f199): я топ пвпшер
[20:06:05] adilete2 (33475a2b-d5cc-454e-ba72-aaede7f3f199): админ ты мож как до дат его:?
[20:06:12] xZeNice (60aed057-e434-49e4-9c19-52bbd4e0033a): ))
[20:06:20] xZeNice (60aed057-e434-49e4-9c19-52bbd4e0033a): по тихому чисто
[20:06:44] adilete2 (33475a2b-d5cc-454e-ba72-aaede7f3f199): УДша
[20:06:45] adilete2 (33475a2b-d5cc-454e-ba72-aaede7f3f199): душа
[20:06:47] xZeNice (60aed057-e434-49e4-9c19-52bbd4e0033a): ._.
[20:07:04] [CAPS] adilete2 (33475a2b-d5cc-454e-ba72-aaede7f3f199): ахахах
[20:07:05] adilete2 (33475a2b-d5cc-454e-ba72-aaede7f3f199): КАК
[20:07:08] xZeNice (60aed057-e434-49e4-9c19-52bbd4e0033a): ты про что
[20:07:16] adilete2 (33475a2b-d5cc-454e-ba72-aaede7f3f199): я наверх стрелнул тебе попало
[20:07:18] xZeNice (60aed057-e434-49e4-9c19-52bbd4e0033a): а
[20:07:20] xZeNice (60aed057-e434-49e4-9c19-52bbd4e0033a): повезо
[20:07:22] xZeNice (60aed057-e434-49e4-9c19-52bbd4e0033a): повезло
[20:07:47] adilete2 (33475a2b-d5cc-454e-ba72-aaede7f3f199): че делат
[20:07:50] xZeNice (60aed057-e434-49e4-9c19-52bbd4e0033a): не знюа
[20:07:59] adilete2 (33475a2b-d5cc-454e-ba72-aaede7f3f199): покозат фокус?
[20:08:02] xZeNice (60aed057-e434-49e4-9c19-52bbd4e0033a): да
[20:08:05] AETERNAL (6015b02d-f272-4154-8209-5e3b23bbc09c): в твайлайт идите
[20:08:08] AETERNAL (6015b02d-f272-4154-8209-5e3b23bbc09c): астрал качайте
[20:08:40] adilete2 (33475a2b-d5cc-454e-ba72-aaede7f3f199): смари
[20:08:41] xZeNice (60aed057-e434-49e4-9c19-52bbd4e0033a): что
[20:08:47] Stxywxthme (6ce0cde9-8c92-4c66-96ad-6bffb9dfc01b): ждем
[20:08:49] xZeNice (60aed057-e434-49e4-9c19-52bbd4e0033a): :|
[20:08:56] adilete2 (33475a2b-d5cc-454e-ba72-aaede7f3f199): видиш
[20:08:59] AETERNAL (6015b02d-f272-4154-8209-5e3b23bbc09c): на чо
[20:09:00] adilete2 (33475a2b-d5cc-454e-ba72-aaede7f3f199): я не умираю
[20:09:02] xZeNice (60aed057-e434-49e4-9c19-52bbd4e0033a): а
[20:09:02] AETERNAL (6015b02d-f272-4154-8209-5e3b23bbc09c): что
[20:09:06] xZeNice (60aed057-e434-49e4-9c19-52bbd4e0033a): зелье
[20:09:07] Stxywxthme (6ce0cde9-8c92-4c66-96ad-6bffb9dfc01b): мобов
[20:09:09] adilete2 (33475a2b-d5cc-454e-ba72-aaede7f3f199): неа
[20:09:12] xZeNice (60aed057-e434-49e4-9c19-52bbd4e0033a): а что
[20:09:17] AETERNAL (6015b02d-f272-4154-8209-5e3b23bbc09c): хочешь мобов?
[20:09:29] Stxywxthme (6ce0cde9-8c92-4c66-96ad-6bffb9dfc01b): да
[20:09:32] adilete2 (33475a2b-d5cc-454e-ba72-aaede7f3f199): уахахаха
[20:09:34] xZeNice (60aed057-e434-49e4-9c19-52bbd4e0033a): :/
[20:09:39] adilete2 (33475a2b-d5cc-454e-ba72-aaede7f3f199): чекни
[20:09:42] xZeNice (60aed057-e434-49e4-9c19-52bbd4e0033a): аа
[20:09:43] xZeNice (60aed057-e434-49e4-9c19-52bbd4e0033a): норм
[20:10:11] Stxywxthme (6ce0cde9-8c92-4c66-96ad-6bffb9dfc01b): пон
[20:10:16] adilete2 (33475a2b-d5cc-454e-ba72-aaede7f3f199): в блуде есть имба кирка хочу его )
[20:10:26] xZeNice (60aed057-e434-49e4-9c19-52bbd4e0033a): облутали
[20:10:32] adilete2 (33475a2b-d5cc-454e-ba72-aaede7f3f199): гандоны
[20:10:56] Stxywxthme (6ce0cde9-8c92-4c66-96ad-6bffb9dfc01b): очисти
[20:10:57] adilete2 (33475a2b-d5cc-454e-ba72-aaede7f3f199): издец
[20:11:04] Stxywxthme (6ce0cde9-8c92-4c66-96ad-6bffb9dfc01b): тут куча мусора
[20:11:06] AETERNAL (6015b02d-f272-4154-8209-5e3b23bbc09c): x
[20:11:07] AETERNAL (6015b02d-f272-4154-8209-5e3b23bbc09c): xD
[20:11:08] adilete2 (33475a2b-d5cc-454e-ba72-aaede7f3f199): мы не дойдем до алтаря админ
[20:11:12] xZeNice (60aed057-e434-49e4-9c19-52bbd4e0033a): ъхвахъ
[20:11:17] adilete2 (33475a2b-d5cc-454e-ba72-aaede7f3f199): крафт пизданутый
[20:11:18] Stxywxthme (6ce0cde9-8c92-4c66-96ad-6bffb9dfc01b): магнит
[20:11:24] Stxywxthme (6ce0cde9-8c92-4c66-96ad-6bffb9dfc01b): пробуд
[20:11:36] xZeNice (60aed057-e434-49e4-9c19-52bbd4e0033a): через крафттвикер поменяйте, ну как то сложно чёт, дефолт привычнее :DD
[20:11:37] Stxywxthme (6ce0cde9-8c92-4c66-96ad-6bffb9dfc01b): о норм
[20:11:40] adilete2 (33475a2b-d5cc-454e-ba72-aaede7f3f199): стоко всего нада изучить
[20:11:45] Stxywxthme (6ce0cde9-8c92-4c66-96ad-6bffb9dfc01b): отключи
[20:12:16] adilete2 (33475a2b-d5cc-454e-ba72-aaede7f3f199): ахаха
[20:12:22] xZeNice (60aed057-e434-49e4-9c19-52bbd4e0033a): Молодец
[20:12:25] adilete2 (33475a2b-d5cc-454e-ba72-aaede7f3f199): тп
[20:12:40] adilete2 (33475a2b-d5cc-454e-ba72-aaede7f3f199): лан я спат
[20:12:46] xZeNice (60aed057-e434-49e4-9c19-52bbd4e0033a): ну ладно
[20:15:30] Stxywxthme (6ce0cde9-8c92-4c66-96ad-6bffb9dfc01b): ненавижу логические схемы
[20:16:07] Stxywxthme (6ce0cde9-8c92-4c66-96ad-6bffb9dfc01b): где мой спавнрейт?
[20:16:28] AETERNAL (6015b02d-f272-4154-8209-5e3b23bbc09c): хочешь спавнрейт?
[20:16:48] Stxywxthme (6ce0cde9-8c92-4c66-96ad-6bffb9dfc01b): я жду
[20:17:28] Stxywxthme (6ce0cde9-8c92-4c66-96ad-6bffb9dfc01b): ща
[20:17:51] VladDoor (f83aa885-2487-4295-b366-193cd21d8701): Вечер в хату
[20:18:00] Stxywxthme (6ce0cde9-8c92-4c66-96ad-6bffb9dfc01b): ку
[20:18:13] Stxywxthme (6ce0cde9-8c92-4c66-96ad-6bffb9dfc01b): я жду
[20:18:16] VladDoor (f83aa885-2487-4295-b366-193cd21d8701): привет AETERNAL
[20:19:02] VladDoor (f83aa885-2487-4295-b366-193cd21d8701): Koennen Sie in ein Bett legen?
[20:20:25] VladDoor (f83aa885-2487-4295-b366-193cd21d8701): Можете в кровать лечь?
[20:20:52] Stxywxthme (6ce0cde9-8c92-4c66-96ad-6bffb9dfc01b): нет
[20:21:22] Stxywxthme (6ce0cde9-8c92-4c66-96ad-6bffb9dfc01b): aeternal уснул
[20:21:49] Stxywxthme (6ce0cde9-8c92-4c66-96ad-6bffb9dfc01b): ой
[20:22:06] Stxywxthme (6ce0cde9-8c92-4c66-96ad-6bffb9dfc01b): тп
[20:22:11] VladDoor (f83aa885-2487-4295-b366-193cd21d8701): зачем?
[20:22:18] Stxywxthme (6ce0cde9-8c92-4c66-96ad-6bffb9dfc01b): твоя могила
[20:22:24] VladDoor (f83aa885-2487-4295-b366-193cd21d8701): открой ее
[20:22:24] Stxywxthme (6ce0cde9-8c92-4c66-96ad-6bffb9dfc01b): ладно
[20:22:39] Stxywxthme (6ce0cde9-8c92-4c66-96ad-6bffb9dfc01b): спасибо за лава чарм
[20:22:43] VladDoor (f83aa885-2487-4295-b366-193cd21d8701): нез
[20:22:55] Stxywxthme (6ce0cde9-8c92-4c66-96ad-6bffb9dfc01b): как тебе мой меч
[20:23:05] VladDoor (f83aa885-2487-4295-b366-193cd21d8701): я ща лучше сделаю
[20:23:06] Stxywxthme (6ce0cde9-8c92-4c66-96ad-6bffb9dfc01b): где
[20:23:57] VladDoor (f83aa885-2487-4295-b366-193cd21d8701): це прiкол
[20:24:19] AETERNAL (6015b02d-f272-4154-8209-5e3b23bbc09c): свиньи надо?
[20:24:25] Stxywxthme (6ce0cde9-8c92-4c66-96ad-6bffb9dfc01b): да
[20:24:37] VladDoor (f83aa885-2487-4295-b366-193cd21d8701): распаковка чек
[20:24:39] Stxywxthme (6ce0cde9-8c92-4c66-96ad-6bffb9dfc01b): стака 4 будет достаточно
[20:24:44] VladDoor (f83aa885-2487-4295-b366-193cd21d8701): какой первый распаковывать
[20:24:47] VladDoor (f83aa885-2487-4295-b366-193cd21d8701): кит
[20:24:50] AETERNAL (6015b02d-f272-4154-8209-5e3b23bbc09c): вот
[20:24:56] Stxywxthme (6ce0cde9-8c92-4c66-96ad-6bffb9dfc01b): где
[20:25:08] VladDoor (f83aa885-2487-4295-b366-193cd21d8701): хм
[20:25:11] VladDoor (f83aa885-2487-4295-b366-193cd21d8701): Вип
[20:25:11] AETERNAL (6015b02d-f272-4154-8209-5e3b23bbc09c): :D
[20:25:15] Stxywxthme (6ce0cde9-8c92-4c66-96ad-6bffb9dfc01b): тп
[20:25:25] Stxywxthme (6ce0cde9-8c92-4c66-96ad-6bffb9dfc01b): у нас тут весело
[20:25:38] VladDoor (f83aa885-2487-4295-b366-193cd21d8701): я дома
[20:26:20] VladDoor (f83aa885-2487-4295-b366-193cd21d8701): Война с тпсом
[20:26:28] AETERNAL (6015b02d-f272-4154-8209-5e3b23bbc09c): ну вроде не садит
[20:26:40] VladDoor (f83aa885-2487-4295-b366-193cd21d8701): у меня 40 фпс резко стало
[20:26:43] AETERNAL (6015b02d-f272-4154-8209-5e3b23bbc09c): вообще пофиг
[20:26:44] VladDoor (f83aa885-2487-4295-b366-193cd21d8701): из 70
[20:27:01] AETERNAL (6015b02d-f272-4154-8209-5e3b23bbc09c): ну фпс != тпс
[20:27:07] VladDoor (f83aa885-2487-4295-b366-193cd21d8701): я знаю
[20:27:10] VladDoor (f83aa885-2487-4295-b366-193cd21d8701): тпс это серва
[20:27:39] AETERNAL (6015b02d-f272-4154-8209-5e3b23bbc09c): щас как хаоса туда засуну....
[20:27:45] VladDoor (f83aa885-2487-4295-b366-193cd21d8701): го
[20:28:03] VladDoor (f83aa885-2487-4295-b366-193cd21d8701): идем сосать хаоса
[20:28:10] VladDoor (f83aa885-2487-4295-b366-193cd21d8701): а хотя
[20:28:13] VladDoor (f83aa885-2487-4295-b366-193cd21d8701): может
[20:28:16] VladDoor (f83aa885-2487-4295-b366-193cd21d8701): ни нада?)
[20:28:21] VladDoor (f83aa885-2487-4295-b366-193cd21d8701): щас оденусь лучше
[20:28:22] Stxywxthme (6ce0cde9-8c92-4c66-96ad-6bffb9dfc01b): надо
[20:29:51] VladDoor (f83aa885-2487-4295-b366-193cd21d8701): дайт ыку одну
[20:29:56] Stxywxthme (6ce0cde9-8c92-4c66-96ad-6bffb9dfc01b): нано?
[20:29:57] VladDoor (f83aa885-2487-4295-b366-193cd21d8701): из своего меча
[20:30:17] VladDoor (f83aa885-2487-4295-b366-193cd21d8701): дай тыку
[20:30:18] AETERNAL (6015b02d-f272-4154-8209-5e3b23bbc09c): кого на старый спавн тепнуть
[20:30:20] Stxywxthme (6ce0cde9-8c92-4c66-96ad-6bffb9dfc01b): я бросил
[20:30:31] Stxywxthme (6ce0cde9-8c92-4c66-96ad-6bffb9dfc01b): у тебя магнит?
[20:30:32] VladDoor (f83aa885-2487-4295-b366-193cd21d8701): та мне нафик он
[20:30:39] VladDoor (f83aa885-2487-4295-b366-193cd21d8701): дай тычку
[20:30:41] Stxywxthme (6ce0cde9-8c92-4c66-96ad-6bffb9dfc01b): давай ткни
[20:30:44] VladDoor (f83aa885-2487-4295-b366-193cd21d8701): лкм нажми
[20:30:45] VladDoor (f83aa885-2487-4295-b366-193cd21d8701): на меня
[20:30:56] VladDoor (f83aa885-2487-4295-b366-193cd21d8701): мечем
[20:31:05] VladDoor (f83aa885-2487-4295-b366-193cd21d8701): по 20к снял
[20:31:09] VladDoor (f83aa885-2487-4295-b366-193cd21d8701): можн я саблей?
[20:31:11] Stxywxthme (6ce0cde9-8c92-4c66-96ad-6bffb9dfc01b): норм
[20:31:11] Stxywxthme (6ce0cde9-8c92-4c66-96ad-6bffb9dfc01b): да
[20:31:19] Stxywxthme (6ce0cde9-8c92-4c66-96ad-6bffb9dfc01b): пол сердца
[20:31:24] Stxywxthme (6ce0cde9-8c92-4c66-96ad-6bffb9dfc01b): 5 прочности
[20:31:25] VladDoor (f83aa885-2487-4295-b366-193cd21d8701): щас лучше оденусь сек
[20:31:57] VladDoor (f83aa885-2487-4295-b366-193cd21d8701): какой донат идет после премиума?
[20:32:06] AETERNAL (6015b02d-f272-4154-8209-5e3b23bbc09c): elite
[20:32:33] VladDoor (f83aa885-2487-4295-b366-193cd21d8701): о ебат
[20:32:35] VladDoor (f83aa885-2487-4295-b366-193cd21d8701): мэ сеть
[20:32:37] VladDoor (f83aa885-2487-4295-b366-193cd21d8701): наконец то
[20:32:45] VladDoor (f83aa885-2487-4295-b366-193cd21d8701): я потел 10 дней и ночей
[20:33:45] Stxywxthme (6ce0cde9-8c92-4c66-96ad-6bffb9dfc01b): давай на старый спавн
[20:33:55] AETERNAL (6015b02d-f272-4154-8209-5e3b23bbc09c): не, отмена
[20:34:04] AETERNAL (6015b02d-f272-4154-8209-5e3b23bbc09c): тут одминская база по соседству
[20:34:19] Stxywxthme (6ce0cde9-8c92-4c66-96ad-6bffb9dfc01b): тогда точно надо
[20:38:01] Stxywxthme (6ce0cde9-8c92-4c66-96ad-6bffb9dfc01b): данж
[20:38:51] VladDoor (f83aa885-2487-4295-b366-193cd21d8701): скок достижений будет хм
[20:39:00] VladDoor (f83aa885-2487-4295-b366-193cd21d8701): мало
[20:39:03] VladDoor (f83aa885-2487-4295-b366-193cd21d8701): ток за кв карьер
[20:39:29] Stxywxthme (6ce0cde9-8c92-4c66-96ad-6bffb9dfc01b): бля
[20:39:50] Stxywxthme (6ce0cde9-8c92-4c66-96ad-6bffb9dfc01b): кв карьер
[20:40:06] VladDoor (f83aa885-2487-4295-b366-193cd21d8701): как летать на виверновой броне)?
[20:40:11] Stxywxthme (6ce0cde9-8c92-4c66-96ad-6bffb9dfc01b): никак
[20:40:27] VladDoor (f83aa885-2487-4295-b366-193cd21d8701): а мне это и не нада так то
[20:40:58] Stxywxthme (6ce0cde9-8c92-4c66-96ad-6bffb9dfc01b): ладно
[20:41:57] VladDoor (f83aa885-2487-4295-b366-193cd21d8701): чекай
[20:42:16] VladDoor (f83aa885-2487-4295-b366-193cd21d8701): бля
[20:42:20] VladDoor (f83aa885-2487-4295-b366-193cd21d8701): думал щас 20 на 20
[20:43:04] AETERNAL (6015b02d-f272-4154-8209-5e3b23bbc09c): чё вы тут
[20:43:38] VladDoor (f83aa885-2487-4295-b366-193cd21d8701): а поч у тя привата нету?
[20:43:48] Stxywxthme (6ce0cde9-8c92-4c66-96ad-6bffb9dfc01b): тут нету
[20:44:35] Stxywxthme (6ce0cde9-8c92-4c66-96ad-6bffb9dfc01b): кстати у меня постоянно ночное зрение
[20:44:53] Stxywxthme (6ce0cde9-8c92-4c66-96ad-6bffb9dfc01b): бл
[20:45:01] VladDoor (f83aa885-2487-4295-b366-193cd21d8701): спектральная бронь пизже чем виверны?
[20:45:07] Stxywxthme (6ce0cde9-8c92-4c66-96ad-6bffb9dfc01b): +
[20:45:12] VladDoor (f83aa885-2487-4295-b366-193cd21d8701): пиздец
[20:45:22] Stxywxthme (6ce0cde9-8c92-4c66-96ad-6bffb9dfc01b): в нем и летать можно
[20:46:26] VladDoor (f83aa885-2487-4295-b366-193cd21d8701): и полет пизже
[20:46:31] VladDoor (f83aa885-2487-4295-b366-193cd21d8701): чем флай
[20:46:36] Stxywxthme (6ce0cde9-8c92-4c66-96ad-6bffb9dfc01b): +
[20:46:56] VladDoor (f83aa885-2487-4295-b366-193cd21d8701): и найтвижн
[20:47:07] Stxywxthme (6ce0cde9-8c92-4c66-96ad-6bffb9dfc01b): пермаментный
[20:47:41] Stxywxthme (6ce0cde9-8c92-4c66-96ad-6bffb9dfc01b): давай ткну
[20:47:58] VladDoor (f83aa885-2487-4295-b366-193cd21d8701): пару тысяч
[20:48:08] Stxywxthme (6ce0cde9-8c92-4c66-96ad-6bffb9dfc01b): 1 сердце
[20:48:15] Stxywxthme (6ce0cde9-8c92-4c66-96ad-6bffb9dfc01b): 3 прочности
[20:48:46] Stxywxthme (6ce0cde9-8c92-4c66-96ad-6bffb9dfc01b): как ты лагаешь
[20:49:10] VladDoor (f83aa885-2487-4295-b366-193cd21d8701): пинг чекни)
[20:49:18] Stxywxthme (6ce0cde9-8c92-4c66-96ad-6bffb9dfc01b): 54
[20:49:20] VladDoor (f83aa885-2487-4295-b366-193cd21d8701): 5к
[20:49:20] Stxywxthme (6ce0cde9-8c92-4c66-96ad-6bffb9dfc01b): 5к
[20:49:36] VladDoor (f83aa885-2487-4295-b366-193cd21d8701): с кайфом
[20:49:53] Stxywxthme (6ce0cde9-8c92-4c66-96ad-6bffb9dfc01b): год есть?
[20:50:09] VladDoor (f83aa885-2487-4295-b366-193cd21d8701): да
[20:50:14] VladDoor (f83aa885-2487-4295-b366-193cd21d8701): побей
[20:50:30] Stxywxthme (6ce0cde9-8c92-4c66-96ad-6bffb9dfc01b): не бьется
[20:50:58] VladDoor (f83aa885-2487-4295-b366-193cd21d8701): че делать если по середине экрана пишутся корды?
[20:51:04] Stxywxthme (6ce0cde9-8c92-4c66-96ad-6bffb9dfc01b): хз
[20:51:05] VladDoor (f83aa885-2487-4295-b366-193cd21d8701): бля это же мне щас нада
[20:51:08] VladDoor (f83aa885-2487-4295-b366-193cd21d8701): мэ систему делать
[20:51:14] VladDoor (f83aa885-2487-4295-b366-193cd21d8701): автокрафты
[20:51:16] Stxywxthme (6ce0cde9-8c92-4c66-96ad-6bffb9dfc01b): делай
[20:51:16] VladDoor (f83aa885-2487-4295-b366-193cd21d8701): пизда
[20:51:29] VladDoor (f83aa885-2487-4295-b366-193cd21d8701): над было випку брать
[20:51:31] Stxywxthme (6ce0cde9-8c92-4c66-96ad-6bffb9dfc01b): давай посмотрим твою базу
[20:51:35] VladDoor (f83aa885-2487-4295-b366-193cd21d8701): давай)
[20:51:59] VladDoor (f83aa885-2487-4295-b366-193cd21d8701): сматри
[20:52:21] [CAPS] VladDoor (f83aa885-2487-4295-b366-193cd21d8701): {f{f{f{f
[20:52:22] [CAPS] VladDoor (f83aa885-2487-4295-b366-193cd21d8701): аххахахаха
[20:52:31] VladDoor (f83aa885-2487-4295-b366-193cd21d8701): меня видно?
[20:52:36] Stxywxthme (6ce0cde9-8c92-4c66-96ad-6bffb9dfc01b): lf
[20:52:38] Stxywxthme (6ce0cde9-8c92-4c66-96ad-6bffb9dfc01b): нет
[20:52:45] VladDoor (f83aa885-2487-4295-b366-193cd21d8701): у меня ваниш есть
[20:52:52] VladDoor (f83aa885-2487-4295-b366-193cd21d8701): я же могу чисто
[20:52:54] VladDoor (f83aa885-2487-4295-b366-193cd21d8701): ваниш
[20:52:56] VladDoor (f83aa885-2487-4295-b366-193cd21d8701): а стой
[20:52:59] VladDoor (f83aa885-2487-4295-b366-193cd21d8701): а тп пишется?
[20:53:05] VladDoor (f83aa885-2487-4295-b366-193cd21d8701): когда я к тебе тп
[20:53:21] Stxywxthme (6ce0cde9-8c92-4c66-96ad-6bffb9dfc01b): норм ресы
[20:53:53] VladDoor (f83aa885-2487-4295-b366-193cd21d8701): а как ты чекнул
[20:54:00] Stxywxthme (6ce0cde9-8c92-4c66-96ad-6bffb9dfc01b): тут нет привата
[20:54:07] Stxywxthme (6ce0cde9-8c92-4c66-96ad-6bffb9dfc01b): давай я запривачу
[20:54:10] VladDoor (f83aa885-2487-4295-b366-193cd21d8701): прикол
[20:54:16] VladDoor (f83aa885-2487-4295-b366-193cd21d8701): da
[20:54:16] Stxywxthme (6ce0cde9-8c92-4c66-96ad-6bffb9dfc01b): смотри
[20:54:26] VladDoor (f83aa885-2487-4295-b366-193cd21d8701): закинь на балик
[20:54:31] Stxywxthme (6ce0cde9-8c92-4c66-96ad-6bffb9dfc01b): выдай мне
[20:54:37] VladDoor (f83aa885-2487-4295-b366-193cd21d8701): ни нада
[20:54:42] VladDoor (f83aa885-2487-4295-b366-193cd21d8701): понижать
[20:54:50] VladDoor (f83aa885-2487-4295-b366-193cd21d8701): победа
[20:55:21] Stxywxthme (6ce0cde9-8c92-4c66-96ad-6bffb9dfc01b): кстати не далеко
[20:55:34] VladDoor (f83aa885-2487-4295-b366-193cd21d8701): 500 блоков
[20:55:37] VladDoor (f83aa885-2487-4295-b366-193cd21d8701): щас вроде есть приват
[20:55:40] Stxywxthme (6ce0cde9-8c92-4c66-96ad-6bffb9dfc01b): 603
[20:55:58] Stxywxthme (6ce0cde9-8c92-4c66-96ad-6bffb9dfc01b): да есть
[20:56:00] VladDoor (f83aa885-2487-4295-b366-193cd21d8701): пизда
[20:56:02] VladDoor (f83aa885-2487-4295-b366-193cd21d8701): я терь
[20:56:05] VladDoor (f83aa885-2487-4295-b366-193cd21d8701): миллионер
[20:56:23] Stxywxthme (6ce0cde9-8c92-4c66-96ad-6bffb9dfc01b): ну а я купаюсь
[20:56:28] VladDoor (f83aa885-2487-4295-b366-193cd21d8701): я крутой
[20:56:30] VladDoor (f83aa885-2487-4295-b366-193cd21d8701): я могу
[20:56:32] VladDoor (f83aa885-2487-4295-b366-193cd21d8701): сам уснуть
[20:56:38] Stxywxthme (6ce0cde9-8c92-4c66-96ad-6bffb9dfc01b): окей
[20:56:48] VladDoor (f83aa885-2487-4295-b366-193cd21d8701): что делать если в середине экрана пишутся корды?
[20:57:31] Stxywxthme (6ce0cde9-8c92-4c66-96ad-6bffb9dfc01b): о
[20:57:35] Stxywxthme (6ce0cde9-8c92-4c66-96ad-6bffb9dfc01b): купаюсь в золоте
[20:58:20] VladDoor (f83aa885-2487-4295-b366-193cd21d8701): попробуй открыть
[20:58:24] VladDoor (f83aa885-2487-4295-b366-193cd21d8701): отсюда мэ систему
[20:58:34] Stxywxthme (6ce0cde9-8c92-4c66-96ad-6bffb9dfc01b): не
[20:58:37] VladDoor (f83aa885-2487-4295-b366-193cd21d8701): не?
[20:58:59] VladDoor (f83aa885-2487-4295-b366-193cd21d8701): смотри
[20:59:15] Stxywxthme (6ce0cde9-8c92-4c66-96ad-6bffb9dfc01b): норм
[20:59:17] VladDoor (f83aa885-2487-4295-b366-193cd21d8701): нихуя
[20:59:21] Stxywxthme (6ce0cde9-8c92-4c66-96ad-6bffb9dfc01b): ключ есть?
[20:59:29] VladDoor (f83aa885-2487-4295-b366-193cd21d8701): какой
[20:59:36] Stxywxthme (6ce0cde9-8c92-4c66-96ad-6bffb9dfc01b): чтоб снять панель
[20:59:37] VladDoor (f83aa885-2487-4295-b366-193cd21d8701): а не
[20:59:39] VladDoor (f83aa885-2487-4295-b366-193cd21d8701): нету xD
[20:59:44] VladDoor (f83aa885-2487-4295-b366-193cd21d8701): тут нету напряжения?
[20:59:48] Stxywxthme (6ce0cde9-8c92-4c66-96ad-6bffb9dfc01b): хз
[21:00:08] VladDoor (f83aa885-2487-4295-b366-193cd21d8701): 5g энергии
[21:00:12] Stxywxthme (6ce0cde9-8c92-4c66-96ad-6bffb9dfc01b): вроде давали хранилище
[21:01:09] VladDoor (f83aa885-2487-4295-b366-193cd21d8701): сука
[21:01:13] VladDoor (f83aa885-2487-4295-b366-193cd21d8701): шины не положили
[21:01:24] Stxywxthme (6ce0cde9-8c92-4c66-96ad-6bffb9dfc01b): ладно
[21:01:26] Stxywxthme (6ce0cde9-8c92-4c66-96ad-6bffb9dfc01b): поки
