[06:33:52] Stxywxthme (6ce0cde9-8c92-4c66-96ad-6bffb9dfc01b): Хммм
[06:57:21] Stxywxthme (6ce0cde9-8c92-4c66-96ad-6bffb9dfc01b): все норм
[06:57:36] Stxywxthme (6ce0cde9-8c92-4c66-96ad-6bffb9dfc01b): но не надо убивать гайю в спект сете
[06:58:24] Stxywxthme (6ce0cde9-8c92-4c66-96ad-6bffb9dfc01b): нет
[06:58:31] Stxywxthme (6ce0cde9-8c92-4c66-96ad-6bffb9dfc01b): просто кикает
[06:59:55] Nergaloff (88da800e-1614-4c65-ace8-c18f7e99e914): с 2х аккаунтов интереснее играть?
[07:26:59] Nergaloff (88da800e-1614-4c65-ace8-c18f7e99e914): даже 2 нагрева и 2 влажности все равно не дают ядовитые соты(
[08:14:58] Stxywxthme (6ce0cde9-8c92-4c66-96ad-6bffb9dfc01b): ага
[08:15:27] Stxywxthme (6ce0cde9-8c92-4c66-96ad-6bffb9dfc01b): школьники
[08:15:46] Stxywxthme (6ce0cde9-8c92-4c66-96ad-6bffb9dfc01b): да
[08:15:50] Stxywxthme (6ce0cde9-8c92-4c66-96ad-6bffb9dfc01b): я из школы играю
[08:45:56] Stxywxthme (6ce0cde9-8c92-4c66-96ad-6bffb9dfc01b): нет
[08:46:04] Stxywxthme (6ce0cde9-8c92-4c66-96ad-6bffb9dfc01b): я его сделал
[11:50:34] galaxy3231 (d4f7a5f3-2cd4-40bf-b49f-e6b7300e0ce3): долбоёб в гс
[11:50:44] gosha2009 (647d8d02-c65a-4880-a15d-4ceea06a6343): ща
[11:56:27] Stxywxthme (6ce0cde9-8c92-4c66-96ad-6bffb9dfc01b): привет
[11:56:42] Apt_bolka (99791d25-cc6a-40d5-9fab-db8d91e26277): вроде немного инет починил
[11:57:01] Stxywxthme (6ce0cde9-8c92-4c66-96ad-6bffb9dfc01b): посмотри что я сделал
[11:57:08] Apt_bolka (99791d25-cc6a-40d5-9fab-db8d91e26277): а ну
[11:57:40] Apt_bolka (99791d25-cc6a-40d5-9fab-db8d91e26277): Молодец:3
[11:59:27] Stxywxthme (6ce0cde9-8c92-4c66-96ad-6bffb9dfc01b): сделал кучу автокрафтов
[12:01:54] Apt_bolka (99791d25-cc6a-40d5-9fab-db8d91e26277): такс
[12:02:00] Apt_bolka (99791d25-cc6a-40d5-9fab-db8d91e26277): Крафчу я ихор
[12:02:18] Apt_bolka (99791d25-cc6a-40d5-9fab-db8d91e26277): мм даже стабильности хватает
[12:02:28] Apt_bolka (99791d25-cc6a-40d5-9fab-db8d91e26277): ну почти
[12:02:53] Apt_bolka (99791d25-cc6a-40d5-9fab-db8d91e26277): будем мало эсениции я буду ресы разлаживать
[12:03:36] Apt_bolka (99791d25-cc6a-40d5-9fab-db8d91e26277): блят
[12:03:41] Apt_bolka (99791d25-cc6a-40d5-9fab-db8d91e26277): эесениции нету
[12:03:59] Stxywxthme (6ce0cde9-8c92-4c66-96ad-6bffb9dfc01b): жесть
[12:04:10] Apt_bolka (99791d25-cc6a-40d5-9fab-db8d91e26277): ненадо ускорять её
[12:04:19] Stxywxthme (6ce0cde9-8c92-4c66-96ad-6bffb9dfc01b): посмотри сколько здесь флакса
[12:05:19] MainVani (77971dd6-b564-4b82-a870-d347950b45c0): всем ку
[12:05:22] Stxywxthme (6ce0cde9-8c92-4c66-96ad-6bffb9dfc01b): ку
[12:05:23] galaxy3231 (d4f7a5f3-2cd4-40bf-b49f-e6b7300e0ce3): q
[12:06:58] Apt_bolka (99791d25-cc6a-40d5-9fab-db8d91e26277): фух
[12:07:00] Apt_bolka (99791d25-cc6a-40d5-9fab-db8d91e26277): наконец
[12:32:47] Apt_bolka (99791d25-cc6a-40d5-9fab-db8d91e26277): Надеюсь инет норм
[12:33:07] Stxywxthme (6ce0cde9-8c92-4c66-96ad-6bffb9dfc01b): мне надо 3 создвездия изучить
[12:33:17] Apt_bolka (99791d25-cc6a-40d5-9fab-db8d91e26277): Кст
[12:33:27] Apt_bolka (99791d25-cc6a-40d5-9fab-db8d91e26277): Я некогда не занимался астралом
[12:33:33] Apt_bolka (99791d25-cc6a-40d5-9fab-db8d91e26277): и не хочу)
[12:33:35] Stxywxthme (6ce0cde9-8c92-4c66-96ad-6bffb9dfc01b): окей
[12:33:41] Stxywxthme (6ce0cde9-8c92-4c66-96ad-6bffb9dfc01b): я сделаю автокрафт астрала
[12:33:47] Apt_bolka (99791d25-cc6a-40d5-9fab-db8d91e26277): Да давай)
[12:33:48] Stxywxthme (6ce0cde9-8c92-4c66-96ad-6bffb9dfc01b): он будет здесь
[12:36:30] Apt_bolka (99791d25-cc6a-40d5-9fab-db8d91e26277): мм я увидел невозможный крафт
[12:36:37] Stxywxthme (6ce0cde9-8c92-4c66-96ad-6bffb9dfc01b): ?
[12:36:42] Apt_bolka (99791d25-cc6a-40d5-9fab-db8d91e26277): ядро виверны
[12:36:47] Apt_bolka (99791d25-cc6a-40d5-9fab-db8d91e26277): надо Сделать Ядро дикого леса
[12:36:52] Apt_bolka (99791d25-cc6a-40d5-9fab-db8d91e26277): она делается на слияние виверны
[12:37:00] Apt_bolka (99791d25-cc6a-40d5-9fab-db8d91e26277): А для инжекторов виверны Надо ядро виверны
[12:37:12] Stxywxthme (6ce0cde9-8c92-4c66-96ad-6bffb9dfc01b): ахахха
[12:37:20] Apt_bolka (99791d25-cc6a-40d5-9fab-db8d91e26277): щяс в Предложения китну
[12:38:00] Stxywxthme (6ce0cde9-8c92-4c66-96ad-6bffb9dfc01b): кстати у нас дракониума мало
[12:38:09] Stxywxthme (6ce0cde9-8c92-4c66-96ad-6bffb9dfc01b): пойду сделаю курицу
[12:38:15] Apt_bolka (99791d25-cc6a-40d5-9fab-db8d91e26277): ПХХПП
[12:38:17] Apt_bolka (99791d25-cc6a-40d5-9fab-db8d91e26277): делай)
[12:38:22] Apt_bolka (99791d25-cc6a-40d5-9fab-db8d91e26277): Пока крафт им не поменяли
[12:38:51] Stxywxthme (6ce0cde9-8c92-4c66-96ad-6bffb9dfc01b): кстати нам порох не нужен?
[12:39:04] Apt_bolka (99791d25-cc6a-40d5-9fab-db8d91e26277): Посмотри по крафтам если нужен будет сделай
[12:39:15] Stxywxthme (6ce0cde9-8c92-4c66-96ad-6bffb9dfc01b): ок
[12:42:19] Stxywxthme (6ce0cde9-8c92-4c66-96ad-6bffb9dfc01b): жесть они медленно скрещиваются
[12:42:25] Apt_bolka (99791d25-cc6a-40d5-9fab-db8d91e26277): Привыкай)
[12:42:32] Apt_bolka (99791d25-cc6a-40d5-9fab-db8d91e26277): у тя тут курица гуляет
[12:42:40] Stxywxthme (6ce0cde9-8c92-4c66-96ad-6bffb9dfc01b): да
[12:42:49] Stxywxthme (6ce0cde9-8c92-4c66-96ad-6bffb9dfc01b): 1 дракониум раз в полчаса
[12:43:06] Apt_bolka (99791d25-cc6a-40d5-9fab-db8d91e26277): живодёр)
[12:43:22] Stxywxthme (6ce0cde9-8c92-4c66-96ad-6bffb9dfc01b): зато +3 дракониума
[12:49:31] Apt_bolka (99791d25-cc6a-40d5-9fab-db8d91e26277): я выкинул прост отливки
[12:50:21] Apt_bolka (99791d25-cc6a-40d5-9fab-db8d91e26277): Сделать из него кирку
[12:50:24] Apt_bolka (99791d25-cc6a-40d5-9fab-db8d91e26277): в тинкере
[12:50:37] Stxywxthme (6ce0cde9-8c92-4c66-96ad-6bffb9dfc01b): делай молот
[12:50:52] Apt_bolka (99791d25-cc6a-40d5-9fab-db8d91e26277): Мне мой бур не ломает пару блоков
[12:50:52] Stxywxthme (6ce0cde9-8c92-4c66-96ad-6bffb9dfc01b): огромная скорость
[12:50:58] Apt_bolka (99791d25-cc6a-40d5-9fab-db8d91e26277): а эта кирка будет ломать всё
[12:51:07] Stxywxthme (6ce0cde9-8c92-4c66-96ad-6bffb9dfc01b): вроде уровень добычи 10
[12:51:19] Apt_bolka (99791d25-cc6a-40d5-9fab-db8d91e26277): весело?
[12:51:29] Stxywxthme (6ce0cde9-8c92-4c66-96ad-6bffb9dfc01b): совсем нет
[12:51:34] Apt_bolka (99791d25-cc6a-40d5-9fab-db8d91e26277): пхех)
[12:51:47] Apt_bolka (99791d25-cc6a-40d5-9fab-db8d91e26277): ммм как же ихор быстро плавится..
[12:51:56] Apt_bolka (99791d25-cc6a-40d5-9fab-db8d91e26277): я свою бутылку проебал кудато
[12:52:08] Apt_bolka (99791d25-cc6a-40d5-9fab-db8d91e26277): а куда мой ихор исчезает
[12:52:19] Apt_bolka (99791d25-cc6a-40d5-9fab-db8d91e26277): ааа
[12:52:24] Apt_bolka (99791d25-cc6a-40d5-9fab-db8d91e26277): он прост невидимый
[12:52:37] Apt_bolka (99791d25-cc6a-40d5-9fab-db8d91e26277): бутылку
[12:52:45] Apt_bolka (99791d25-cc6a-40d5-9fab-db8d91e26277): уф
[12:53:40] Apt_bolka (99791d25-cc6a-40d5-9fab-db8d91e26277): кирку сделал осталось прокачать
[12:54:12] Apt_bolka (99791d25-cc6a-40d5-9fab-db8d91e26277): 637к Прочности..
[12:54:28] Apt_bolka (99791d25-cc6a-40d5-9fab-db8d91e26277): я в афиге
[12:54:32] Apt_bolka (99791d25-cc6a-40d5-9fab-db8d91e26277): Скорость пизд
[12:54:40] Apt_bolka (99791d25-cc6a-40d5-9fab-db8d91e26277): как в креативе
[12:54:44] Apt_bolka (99791d25-cc6a-40d5-9fab-db8d91e26277): даже быстрее
[12:54:47] Apt_bolka (99791d25-cc6a-40d5-9fab-db8d91e26277): чекай
[12:54:58] Stxywxthme (6ce0cde9-8c92-4c66-96ad-6bffb9dfc01b): сломал?
[12:54:59] Apt_bolka (99791d25-cc6a-40d5-9fab-db8d91e26277): ладно прочности не 637к
[12:55:11] Apt_bolka (99791d25-cc6a-40d5-9fab-db8d91e26277): надо неразрушимой сделать
[12:56:05] Apt_bolka (99791d25-cc6a-40d5-9fab-db8d91e26277): мм у неё прочность показывает 637к а на самом деле она сломалось и не чинится
[12:56:07] Apt_bolka (99791d25-cc6a-40d5-9fab-db8d91e26277): и как
[12:56:16] Stxywxthme (6ce0cde9-8c92-4c66-96ad-6bffb9dfc01b): ихоровые шарды
[12:56:27] Apt_bolka (99791d25-cc6a-40d5-9fab-db8d91e26277): ладно сделаю новую и прокачаю в неразрушимость
[12:56:31] Apt_bolka (99791d25-cc6a-40d5-9fab-db8d91e26277): шарды разве?
[12:56:37] Stxywxthme (6ce0cde9-8c92-4c66-96ad-6bffb9dfc01b): lf
[12:56:40] Apt_bolka (99791d25-cc6a-40d5-9fab-db8d91e26277): неа
[12:56:40] Stxywxthme (6ce0cde9-8c92-4c66-96ad-6bffb9dfc01b): осколки
[12:56:43] Apt_bolka (99791d25-cc6a-40d5-9fab-db8d91e26277): не робит
[12:56:49] Apt_bolka (99791d25-cc6a-40d5-9fab-db8d91e26277): я знаю
[12:56:51] Apt_bolka (99791d25-cc6a-40d5-9fab-db8d91e26277): она не чинится
[12:56:57] Stxywxthme (6ce0cde9-8c92-4c66-96ad-6bffb9dfc01b): не
[12:56:58] Stxywxthme (6ce0cde9-8c92-4c66-96ad-6bffb9dfc01b): дай
[12:57:10] Apt_bolka (99791d25-cc6a-40d5-9fab-db8d91e26277): Пробуй
[12:58:39] Apt_bolka (99791d25-cc6a-40d5-9fab-db8d91e26277): ааа
[12:58:48] Apt_bolka (99791d25-cc6a-40d5-9fab-db8d91e26277): пххп
[12:58:49] Stxywxthme (6ce0cde9-8c92-4c66-96ad-6bffb9dfc01b): эмм
[12:58:55] Stxywxthme (6ce0cde9-8c92-4c66-96ad-6bffb9dfc01b): ну имба
[12:59:03] Apt_bolka (99791d25-cc6a-40d5-9fab-db8d91e26277): Он багнутый какойто
[12:59:06] Apt_bolka (99791d25-cc6a-40d5-9fab-db8d91e26277): шардами чинит
[12:59:13] Apt_bolka (99791d25-cc6a-40d5-9fab-db8d91e26277): делается багнутая кирка
[12:59:21] Apt_bolka (99791d25-cc6a-40d5-9fab-db8d91e26277): а осёлок?
[12:59:36] Apt_bolka (99791d25-cc6a-40d5-9fab-db8d91e26277): нет ещё
[12:59:41] Apt_bolka (99791d25-cc6a-40d5-9fab-db8d91e26277): пытаемся её починить
[13:00:13] Apt_bolka (99791d25-cc6a-40d5-9fab-db8d91e26277): пхпхп
[13:00:17] Apt_bolka (99791d25-cc6a-40d5-9fab-db8d91e26277): давай новую сделаем
[13:00:23] Apt_bolka (99791d25-cc6a-40d5-9fab-db8d91e26277): и неразрушимость сделаю
[13:00:24] Stxywxthme (6ce0cde9-8c92-4c66-96ad-6bffb9dfc01b): я заберу
[13:00:45] Apt_bolka (99791d25-cc6a-40d5-9fab-db8d91e26277): д щя новую сделаем
[13:01:12] Apt_bolka (99791d25-cc6a-40d5-9fab-db8d91e26277): дай схемы
[13:01:18] Stxywxthme (6ce0cde9-8c92-4c66-96ad-6bffb9dfc01b): там
[13:01:58] Stxywxthme (6ce0cde9-8c92-4c66-96ad-6bffb9dfc01b): 16 курочек на дракониум 10 10 10
[13:02:57] Stxywxthme (6ce0cde9-8c92-4c66-96ad-6bffb9dfc01b): может мне пробуд ихор сет сделать
[13:03:43] Apt_bolka (99791d25-cc6a-40d5-9fab-db8d91e26277): чел мы развиты)
[13:04:11] Apt_bolka (99791d25-cc6a-40d5-9fab-db8d91e26277): я кирку хочу
[13:04:26] Apt_bolka (99791d25-cc6a-40d5-9fab-db8d91e26277): говорю же бур херово копает
[13:04:52] Apt_bolka (99791d25-cc6a-40d5-9fab-db8d91e26277): мм 6к уже нейтрония нафармилось
[13:05:02] Apt_bolka (99791d25-cc6a-40d5-9fab-db8d91e26277): круто
[13:05:07] Stxywxthme (6ce0cde9-8c92-4c66-96ad-6bffb9dfc01b): мб кирка из дракониума
[13:05:07] Apt_bolka (99791d25-cc6a-40d5-9fab-db8d91e26277): кф
[13:05:09] Apt_bolka (99791d25-cc6a-40d5-9fab-db8d91e26277): уф
[13:05:11] Apt_bolka (99791d25-cc6a-40d5-9fab-db8d91e26277): пххпхп
[13:05:19] Apt_bolka (99791d25-cc6a-40d5-9fab-db8d91e26277): кирка из дракониума?
[13:05:22] Stxywxthme (6ce0cde9-8c92-4c66-96ad-6bffb9dfc01b): да
[13:05:26] Apt_bolka (99791d25-cc6a-40d5-9fab-db8d91e26277): она же вроде фигня
[13:05:29] Stxywxthme (6ce0cde9-8c92-4c66-96ad-6bffb9dfc01b): из ядер дракона
[13:05:40] Apt_bolka (99791d25-cc6a-40d5-9fab-db8d91e26277): ты про виверн кирку?
[13:05:51] Stxywxthme (6ce0cde9-8c92-4c66-96ad-6bffb9dfc01b): нет
[13:05:57] Stxywxthme (6ce0cde9-8c92-4c66-96ad-6bffb9dfc01b): из тинкера
[13:06:06] Apt_bolka (99791d25-cc6a-40d5-9fab-db8d91e26277): думаешь не будет крашей?
[13:06:09] Stxywxthme (6ce0cde9-8c92-4c66-96ad-6bffb9dfc01b): кстати у меня такой же
[13:06:21] Apt_bolka (99791d25-cc6a-40d5-9fab-db8d91e26277): ну дюпни и дай
[13:06:23] Stxywxthme (6ce0cde9-8c92-4c66-96ad-6bffb9dfc01b): у меня такая же кирка
[13:06:32] Stxywxthme (6ce0cde9-8c92-4c66-96ad-6bffb9dfc01b): на ней еще и печать души
[13:06:38] Stxywxthme (6ce0cde9-8c92-4c66-96ad-6bffb9dfc01b): и магнит
[13:07:11] Apt_bolka (99791d25-cc6a-40d5-9fab-db8d91e26277): д уже всё равно не делаю
[13:07:15] Stxywxthme (6ce0cde9-8c92-4c66-96ad-6bffb9dfc01b): evorsio
[13:07:23] Apt_bolka (99791d25-cc6a-40d5-9fab-db8d91e26277): ну если ток не из оригинала
[13:07:44] Apt_bolka (99791d25-cc6a-40d5-9fab-db8d91e26277): Слушай арбузик от таго что ты Скажешь чтоб я не делал я же всё равно сделаю
[13:07:51] Apt_bolka (99791d25-cc6a-40d5-9fab-db8d91e26277): :3
[13:07:59] Apt_bolka (99791d25-cc6a-40d5-9fab-db8d91e26277): спасиб
[13:08:13] Stxywxthme (6ce0cde9-8c92-4c66-96ad-6bffb9dfc01b): теперь пробуд курица
[13:08:24] Apt_bolka (99791d25-cc6a-40d5-9fab-db8d91e26277): нифига ты загнал
[13:08:53] Apt_bolka (99791d25-cc6a-40d5-9fab-db8d91e26277): ммм зачем нам делать блоки через слияние если есть курицы)
[13:09:35] Stxywxthme (6ce0cde9-8c92-4c66-96ad-6bffb9dfc01b): жееесть они еще медленнеее скрещиваются
[13:09:46] Apt_bolka (99791d25-cc6a-40d5-9fab-db8d91e26277): зато будет много пробуждёностей)
[13:09:56] Apt_bolka (99791d25-cc6a-40d5-9fab-db8d91e26277): я уже говорил
[13:10:20] Apt_bolka (99791d25-cc6a-40d5-9fab-db8d91e26277): но пока он их пофиксит мы уже всех куриц выведем)
[13:10:42] Apt_bolka (99791d25-cc6a-40d5-9fab-db8d91e26277): жалко что нет нейтроновой курицы(
[13:10:55] Stxywxthme (6ce0cde9-8c92-4c66-96ad-6bffb9dfc01b): было бы имбой
[13:11:03] Stxywxthme (6ce0cde9-8c92-4c66-96ad-6bffb9dfc01b): Жаль нет бесконечной курицы
[13:11:07] Apt_bolka (99791d25-cc6a-40d5-9fab-db8d91e26277): мм слушай
[13:11:13] Apt_bolka (99791d25-cc6a-40d5-9fab-db8d91e26277): сделай иридивую курицу
[13:11:18] Stxywxthme (6ce0cde9-8c92-4c66-96ad-6bffb9dfc01b): ок
[13:11:29] Stxywxthme (6ce0cde9-8c92-4c66-96ad-6bffb9dfc01b): я уже сделал медь и олово
[13:11:37] galaxy3231 (d4f7a5f3-2cd4-40bf-b49f-e6b7300e0ce3): незя убирать куриц я их заебался 10 10 10 делать
[13:11:47] Apt_bolka (99791d25-cc6a-40d5-9fab-db8d91e26277): иридиум курица
[13:11:49] Apt_bolka (99791d25-cc6a-40d5-9fab-db8d91e26277): )))
[13:12:05] galaxy3231 (d4f7a5f3-2cd4-40bf-b49f-e6b7300e0ce3): Всм откуда
[13:12:12] Stxywxthme (6ce0cde9-8c92-4c66-96ad-6bffb9dfc01b): целый чанк с рустами и иридиевыми курицами
[13:12:38] Apt_bolka (99791d25-cc6a-40d5-9fab-db8d91e26277): пхпхп
[13:12:49] galaxy3231 (d4f7a5f3-2cd4-40bf-b49f-e6b7300e0ce3): Блять я 1 день играю и астрал полностью изучил ботанию до террастали
[13:12:55] galaxy3231 (d4f7a5f3-2cd4-40bf-b49f-e6b7300e0ce3): мольку купили
[13:12:58] Stxywxthme (6ce0cde9-8c92-4c66-96ad-6bffb9dfc01b): спидранер так сказать
[13:13:27] Stxywxthme (6ce0cde9-8c92-4c66-96ad-6bffb9dfc01b): хммм
[13:13:30] Stxywxthme (6ce0cde9-8c92-4c66-96ad-6bffb9dfc01b): чет лагает
[13:13:37] galaxy3231 (d4f7a5f3-2cd4-40bf-b49f-e6b7300e0ce3): твайлайт осталось убить ур гаста и всё
[13:15:33] Stxywxthme (6ce0cde9-8c92-4c66-96ad-6bffb9dfc01b): в 1.3?
[13:16:12] Stxywxthme (6ce0cde9-8c92-4c66-96ad-6bffb9dfc01b): new dawn second light
[13:16:54] Stxywxthme (6ce0cde9-8c92-4c66-96ad-6bffb9dfc01b): 16 пробуд куриц 10 10 10
[13:18:45] Stxywxthme (6ce0cde9-8c92-4c66-96ad-6bffb9dfc01b): и так
[13:18:51] Stxywxthme (6ce0cde9-8c92-4c66-96ad-6bffb9dfc01b): иридивевые курицы
[13:19:44] Stxywxthme (6ce0cde9-8c92-4c66-96ad-6bffb9dfc01b): жесть
[13:20:06] Stxywxthme (6ce0cde9-8c92-4c66-96ad-6bffb9dfc01b): для иридиевой курицы придется перелопатить весь термаловские курицы
[13:20:35] Stxywxthme (6ce0cde9-8c92-4c66-96ad-6bffb9dfc01b): ахахах
[13:20:48] galaxy3231 (d4f7a5f3-2cd4-40bf-b49f-e6b7300e0ce3): А иридиевую за шо
[13:20:51] Stxywxthme (6ce0cde9-8c92-4c66-96ad-6bffb9dfc01b): оно еще и дает 1/9 иридиевого слитка
[13:22:21] Stxywxthme (6ce0cde9-8c92-4c66-96ad-6bffb9dfc01b): крч
[13:22:44] Stxywxthme (6ce0cde9-8c92-4c66-96ad-6bffb9dfc01b): я буду лучше делать пром иридий и в иридиевые слитки
[13:22:56] Stxywxthme (6ce0cde9-8c92-4c66-96ad-6bffb9dfc01b): чем выводить нерфнутых куриц
[13:23:35] Stxywxthme (6ce0cde9-8c92-4c66-96ad-6bffb9dfc01b): ой
[13:23:39] galaxy3231 (d4f7a5f3-2cd4-40bf-b49f-e6b7300e0ce3): ?
[13:23:44] Stxywxthme (6ce0cde9-8c92-4c66-96ad-6bffb9dfc01b): забыл про материю
[13:23:59] Stxywxthme (6ce0cde9-8c92-4c66-96ad-6bffb9dfc01b): и случайно сделал 29к семян пшеницы
[13:25:21] Stxywxthme (6ce0cde9-8c92-4c66-96ad-6bffb9dfc01b): ты сколько озу выделил?
[13:25:36] Stxywxthme (6ce0cde9-8c92-4c66-96ad-6bffb9dfc01b): я тоже 6 выделил
[13:25:51] Stxywxthme (6ce0cde9-8c92-4c66-96ad-6bffb9dfc01b): ну у меня еще оптимизатор озу есть
[13:25:59] Stxywxthme (6ce0cde9-8c92-4c66-96ad-6bffb9dfc01b): *очиститель
[13:26:05] Stxywxthme (6ce0cde9-8c92-4c66-96ad-6bffb9dfc01b): mem reduct
[13:36:49] galaxy3231 (d4f7a5f3-2cd4-40bf-b49f-e6b7300e0ce3): Я соленую курицу вывел
[13:37:04] Stxywxthme (6ce0cde9-8c92-4c66-96ad-6bffb9dfc01b): норм
[13:37:12] galaxy3231 (d4f7a5f3-2cd4-40bf-b49f-e6b7300e0ce3): Хотя нужна обс
[13:43:00] Stxywxthme (6ce0cde9-8c92-4c66-96ad-6bffb9dfc01b): селитровую
[13:43:11] Stxywxthme (6ce0cde9-8c92-4c66-96ad-6bffb9dfc01b): а да
[13:44:05] Stxywxthme (6ce0cde9-8c92-4c66-96ad-6bffb9dfc01b): нихилит...
[13:55:30] Apt_bolka (99791d25-cc6a-40d5-9fab-db8d91e26277): Ура
[13:55:55] Apt_bolka (99791d25-cc6a-40d5-9fab-db8d91e26277): еба
[13:55:59] Apt_bolka (99791d25-cc6a-40d5-9fab-db8d91e26277): чо ты делаешь
[13:56:00] Stxywxthme (6ce0cde9-8c92-4c66-96ad-6bffb9dfc01b): +
[13:56:05] Stxywxthme (6ce0cde9-8c92-4c66-96ad-6bffb9dfc01b): иридий
[13:56:13] Apt_bolka (99791d25-cc6a-40d5-9fab-db8d91e26277): а что по курице?
[13:56:22] Stxywxthme (6ce0cde9-8c92-4c66-96ad-6bffb9dfc01b): курица душная
[13:56:26] Apt_bolka (99791d25-cc6a-40d5-9fab-db8d91e26277): пхпхпххп пон)
[13:57:22] Apt_bolka (99791d25-cc6a-40d5-9fab-db8d91e26277): может фулл 1 Забить и поставить дахрена танков?
[13:58:17] Apt_bolka (99791d25-cc6a-40d5-9fab-db8d91e26277): не ты просил тебе Пчелку продать? Nergaloff
[13:59:35] Stxywxthme (6ce0cde9-8c92-4c66-96ad-6bffb9dfc01b): я ему уже продал
[13:59:41] Apt_bolka (99791d25-cc6a-40d5-9fab-db8d91e26277): а пон
[14:00:03] Stxywxthme (6ce0cde9-8c92-4c66-96ad-6bffb9dfc01b): блин почему нет иридиевой пчелы
[14:00:09] Apt_bolka (99791d25-cc6a-40d5-9fab-db8d91e26277): может есть
[14:00:12] Stxywxthme (6ce0cde9-8c92-4c66-96ad-6bffb9dfc01b): нет
[14:00:27] Apt_bolka (99791d25-cc6a-40d5-9fab-db8d91e26277): ну кроме курицы нету)
[14:00:54] Apt_bolka (99791d25-cc6a-40d5-9fab-db8d91e26277): я хочу Сделать около нашей базы варп
[14:00:58] Stxywxthme (6ce0cde9-8c92-4c66-96ad-6bffb9dfc01b): зачем
[14:01:03] Apt_bolka (99791d25-cc6a-40d5-9fab-db8d91e26277): Где поставим Торговые апараты
[14:01:08] Stxywxthme (6ce0cde9-8c92-4c66-96ad-6bffb9dfc01b): и
[14:01:23] Apt_bolka (99791d25-cc6a-40d5-9fab-db8d91e26277): ну будем иридий или ещё что то продавать
[14:01:23] Stxywxthme (6ce0cde9-8c92-4c66-96ad-6bffb9dfc01b): за иридий будем покупать что-то?
[14:01:46] Stxywxthme (6ce0cde9-8c92-4c66-96ad-6bffb9dfc01b): гении мыслят одинаково
[14:01:54] Apt_bolka (99791d25-cc6a-40d5-9fab-db8d91e26277): )
[14:03:01] Stxywxthme (6ce0cde9-8c92-4c66-96ad-6bffb9dfc01b): сделай совершенный бак
[14:51:42] Apt_bolka (99791d25-cc6a-40d5-9fab-db8d91e26277): Вроде всё
[14:51:45] Apt_bolka (99791d25-cc6a-40d5-9fab-db8d91e26277): я могу играть)
[14:51:51] Apt_bolka (99791d25-cc6a-40d5-9fab-db8d91e26277): чем то помочь?
[14:51:59] Apt_bolka (99791d25-cc6a-40d5-9fab-db8d91e26277): или я могу своими делами заниматся?
[14:52:09] Apt_bolka (99791d25-cc6a-40d5-9fab-db8d91e26277): Повер
[14:53:09] Apt_bolka (99791d25-cc6a-40d5-9fab-db8d91e26277): ладно
[14:54:38] Stxywxthme (6ce0cde9-8c92-4c66-96ad-6bffb9dfc01b): я кушать
[14:54:42] Apt_bolka (99791d25-cc6a-40d5-9fab-db8d91e26277): огк
[14:54:43] Apt_bolka (99791d25-cc6a-40d5-9fab-db8d91e26277): ок
[15:01:22] Apt_bolka (99791d25-cc6a-40d5-9fab-db8d91e26277): А ты сварочный апарат куда то девал?
[15:33:08] Nergaloff (88da800e-1614-4c65-ace8-c18f7e99e914): господи почему у первой солнечной панели такой идиотский крафт
[15:33:22] galaxy3231 (d4f7a5f3-2cd4-40bf-b49f-e6b7300e0ce3): из rf?
[15:33:23] Stxywxthme (6ce0cde9-8c92-4c66-96ad-6bffb9dfc01b): генератор?
[15:33:34] Stxywxthme (6ce0cde9-8c92-4c66-96ad-6bffb9dfc01b): да он какой-то сложный
[15:33:41] Nergaloff (88da800e-1614-4c65-ace8-c18f7e99e914): ага, из индастриала
[15:33:48] Nergaloff (88da800e-1614-4c65-ace8-c18f7e99e914): с этими сплавами
[15:33:53] Stxywxthme (6ce0cde9-8c92-4c66-96ad-6bffb9dfc01b): +
[15:33:57] Stxywxthme (6ce0cde9-8c92-4c66-96ad-6bffb9dfc01b): нихилит
[15:34:27] Nergaloff (88da800e-1614-4c65-ace8-c18f7e99e914): при том что у меня астральный карьер уже неделю без остановки работает, у меня этих руд по 900-1000 максимум
[16:03:01] Nergaloff (88da800e-1614-4c65-ace8-c18f7e99e914): ты кур в chicken breeder выводишь?
[16:03:07] Stxywxthme (6ce0cde9-8c92-4c66-96ad-6bffb9dfc01b): да конечно
[16:04:40] Stxywxthme (6ce0cde9-8c92-4c66-96ad-6bffb9dfc01b): если что могу продать куриц
[16:04:54] Nergaloff (88da800e-1614-4c65-ace8-c18f7e99e914): та с этими уже смогу разобраться
[16:05:07] Stxywxthme (6ce0cde9-8c92-4c66-96ad-6bffb9dfc01b): окей
[16:05:14] Nergaloff (88da800e-1614-4c65-ace8-c18f7e99e914): вроде ничего сложного
[16:05:18] Nergaloff (88da800e-1614-4c65-ace8-c18f7e99e914): только времени миллиард
[16:05:21] Stxywxthme (6ce0cde9-8c92-4c66-96ad-6bffb9dfc01b): да
[16:05:21] Nergaloff (88da800e-1614-4c65-ace8-c18f7e99e914): свободного
[16:05:27] Stxywxthme (6ce0cde9-8c92-4c66-96ad-6bffb9dfc01b): а я уже всех вывел
[16:05:30] Nergaloff (88da800e-1614-4c65-ace8-c18f7e99e914): хорош
[16:05:31] Stxywxthme (6ce0cde9-8c92-4c66-96ad-6bffb9dfc01b): почти
[16:05:53] Stxywxthme (6ce0cde9-8c92-4c66-96ad-6bffb9dfc01b): 200к кварца
[16:06:27] Stxywxthme (6ce0cde9-8c92-4c66-96ad-6bffb9dfc01b): У тебя есть соларит?
[16:06:41] Nergaloff (88da800e-1614-4c65-ace8-c18f7e99e914): неа
[16:30:32] Nergaloff (88da800e-1614-4c65-ace8-c18f7e99e914): ты доебаться решил?
[16:30:41] galaxy3231 (d4f7a5f3-2cd4-40bf-b49f-e6b7300e0ce3): Куриц хуйня если их выводить 10 10 10
[16:31:11] galaxy3231 (d4f7a5f3-2cd4-40bf-b49f-e6b7300e0ce3): сдохнуть можно пока их делаеш
[16:31:53] galaxy3231 (d4f7a5f3-2cd4-40bf-b49f-e6b7300e0ce3): Ускоряет
[16:32:06] galaxy3231 (d4f7a5f3-2cd4-40bf-b49f-e6b7300e0ce3): Но быстро кончается
[16:32:11] galaxy3231 (d4f7a5f3-2cd4-40bf-b49f-e6b7300e0ce3): 30 сек как-то мало
[16:33:01] galaxy3231 (d4f7a5f3-2cd4-40bf-b49f-e6b7300e0ce3): Но зато ресов много дают
[17:31:31] Stxywxthme (6ce0cde9-8c92-4c66-96ad-6bffb9dfc01b): где я
[17:31:40] Stxywxthme (6ce0cde9-8c92-4c66-96ad-6bffb9dfc01b): где моя броня
[17:34:18] AETERNAL (6015b02d-f272-4154-8209-5e3b23bbc09c): у теб виверна есть
[17:34:20] AETERNAL (6015b02d-f272-4154-8209-5e3b23bbc09c): бронь
[17:34:25] Stxywxthme (6ce0cde9-8c92-4c66-96ad-6bffb9dfc01b): у болки
[17:34:54] AETERNAL (6015b02d-f272-4154-8209-5e3b23bbc09c): пока что так
[17:34:59] Stxywxthme (6ce0cde9-8c92-4c66-96ad-6bffb9dfc01b): а летать
[17:35:01] AETERNAL (6015b02d-f272-4154-8209-5e3b23bbc09c): ждём обновы иу
[17:36:04] Stxywxthme (6ce0cde9-8c92-4c66-96ad-6bffb9dfc01b): ангель кольцо может
[17:36:58] Stxywxthme (6ce0cde9-8c92-4c66-96ad-6bffb9dfc01b): нужно 32 gp
[17:37:11] AETERNAL (6015b02d-f272-4154-8209-5e3b23bbc09c): да
[17:37:15] AETERNAL (6015b02d-f272-4154-8209-5e3b23bbc09c): у тебя есть?
[17:37:19] Stxywxthme (6ce0cde9-8c92-4c66-96ad-6bffb9dfc01b): нет
[17:37:21] Stxywxthme (6ce0cde9-8c92-4c66-96ad-6bffb9dfc01b): но сделаб
[17:37:24] Stxywxthme (6ce0cde9-8c92-4c66-96ad-6bffb9dfc01b): сделаю
[17:37:41] Stxywxthme (6ce0cde9-8c92-4c66-96ad-6bffb9dfc01b): все вроде
[17:37:48] AETERNAL (6015b02d-f272-4154-8209-5e3b23bbc09c): драконью мельницу поставь
[17:37:52] AETERNAL (6015b02d-f272-4154-8209-5e3b23bbc09c): там изи крафт
[17:38:02] Stxywxthme (6ce0cde9-8c92-4c66-96ad-6bffb9dfc01b): ла
[17:38:03] Stxywxthme (6ce0cde9-8c92-4c66-96ad-6bffb9dfc01b): да
[17:38:36] Stxywxthme (6ce0cde9-8c92-4c66-96ad-6bffb9dfc01b): тебя шатает
[17:39:07] Apt_bolka (99791d25-cc6a-40d5-9fab-db8d91e26277): ура
[17:39:14] Apt_bolka (99791d25-cc6a-40d5-9fab-db8d91e26277): интернет вроде починил
[17:39:25] Apt_bolka (99791d25-cc6a-40d5-9fab-db8d91e26277): опа
[17:39:26] Stxywxthme (6ce0cde9-8c92-4c66-96ad-6bffb9dfc01b): *вроде
[17:39:30] Apt_bolka (99791d25-cc6a-40d5-9fab-db8d91e26277): а ты чо в виверне
[17:39:32] Stxywxthme (6ce0cde9-8c92-4c66-96ad-6bffb9dfc01b): да
[17:39:44] Stxywxthme (6ce0cde9-8c92-4c66-96ad-6bffb9dfc01b): а что
[17:39:46] Apt_bolka (99791d25-cc6a-40d5-9fab-db8d91e26277): откуда?
[17:39:50] Stxywxthme (6ce0cde9-8c92-4c66-96ad-6bffb9dfc01b): да так
[17:39:55] Apt_bolka (99791d25-cc6a-40d5-9fab-db8d91e26277): Дипнул?
[17:39:58] Stxywxthme (6ce0cde9-8c92-4c66-96ad-6bffb9dfc01b): кое-кто подарил
[17:40:05] Apt_bolka (99791d25-cc6a-40d5-9fab-db8d91e26277): :33333
[17:40:08] Apt_bolka (99791d25-cc6a-40d5-9fab-db8d91e26277): Ладно
[17:40:14] Stxywxthme (6ce0cde9-8c92-4c66-96ad-6bffb9dfc01b): вместо спектр сета
[17:40:52] Apt_bolka (99791d25-cc6a-40d5-9fab-db8d91e26277): тебе Nergaloff подарил?
[17:40:55] Stxywxthme (6ce0cde9-8c92-4c66-96ad-6bffb9dfc01b): нет
[17:41:02] Apt_bolka (99791d25-cc6a-40d5-9fab-db8d91e26277): Гелакси?
[17:41:09] Stxywxthme (6ce0cde9-8c92-4c66-96ad-6bffb9dfc01b): нет
[17:41:16] Apt_bolka (99791d25-cc6a-40d5-9fab-db8d91e26277): Админ?
[17:41:21] Stxywxthme (6ce0cde9-8c92-4c66-96ad-6bffb9dfc01b): аптечка
[17:41:29] Apt_bolka (99791d25-cc6a-40d5-9fab-db8d91e26277): хм чот страно
[17:41:37] Apt_bolka (99791d25-cc6a-40d5-9fab-db8d91e26277): он обычно подарки не раздаёт
[17:41:55] Stxywxthme (6ce0cde9-8c92-4c66-96ad-6bffb9dfc01b): ну пока обновы ию не будет
[17:42:07] Stxywxthme (6ce0cde9-8c92-4c66-96ad-6bffb9dfc01b): буду носить это
[17:42:14] Apt_bolka (99791d25-cc6a-40d5-9fab-db8d91e26277): пон
[17:42:24] Stxywxthme (6ce0cde9-8c92-4c66-96ad-6bffb9dfc01b): кстати интересно
[17:42:33] Stxywxthme (6ce0cde9-8c92-4c66-96ad-6bffb9dfc01b): я кручу это и пишу в чат
[17:43:34] Apt_bolka (99791d25-cc6a-40d5-9fab-db8d91e26277): Можешь сделать цветную линзу голубую
[17:43:41] Stxywxthme (6ce0cde9-8c92-4c66-96ad-6bffb9dfc01b): ?
[17:43:43] Apt_bolka (99791d25-cc6a-40d5-9fab-db8d91e26277): Толчок называется
[17:43:45] Apt_bolka (99791d25-cc6a-40d5-9fab-db8d91e26277): из астралки
[17:44:14] Apt_bolka (99791d25-cc6a-40d5-9fab-db8d91e26277): Можешь?
[17:44:29] Stxywxthme (6ce0cde9-8c92-4c66-96ad-6bffb9dfc01b): да
[17:45:51] Stxywxthme (6ce0cde9-8c92-4c66-96ad-6bffb9dfc01b): какой-то медленный полет
[17:49:15] Apt_bolka (99791d25-cc6a-40d5-9fab-db8d91e26277): Спасибки
[17:50:13] Stxywxthme (6ce0cde9-8c92-4c66-96ad-6bffb9dfc01b): так
[17:50:18] Stxywxthme (6ce0cde9-8c92-4c66-96ad-6bffb9dfc01b): автокрафт астрал
[17:50:25] Stxywxthme (6ce0cde9-8c92-4c66-96ad-6bffb9dfc01b): ща сделаю
[17:50:28] Apt_bolka (99791d25-cc6a-40d5-9fab-db8d91e26277): оки
[17:58:59] Nergaloff (88da800e-1614-4c65-ace8-c18f7e99e914): скип плз
[18:00:02] Stxywxthme (6ce0cde9-8c92-4c66-96ad-6bffb9dfc01b): ммм
[18:00:08] galaxy3231 (d4f7a5f3-2cd4-40bf-b49f-e6b7300e0ce3): хорошо поспали
[18:00:24] Stxywxthme (6ce0cde9-8c92-4c66-96ad-6bffb9dfc01b): я хотел поймать метеорит
[18:00:31] Nergaloff (88da800e-1614-4c65-ace8-c18f7e99e914): так сказать надо было
[18:00:44] Stxywxthme (6ce0cde9-8c92-4c66-96ad-6bffb9dfc01b): ну ладно
[18:02:58] Apt_bolka (99791d25-cc6a-40d5-9fab-db8d91e26277): фух
[18:03:49] Apt_bolka (99791d25-cc6a-40d5-9fab-db8d91e26277): повер чекай
[18:04:10] Apt_bolka (99791d25-cc6a-40d5-9fab-db8d91e26277): вот
[18:04:32] Stxywxthme (6ce0cde9-8c92-4c66-96ad-6bffb9dfc01b): теперь структура
[18:06:45] Apt_bolka (99791d25-cc6a-40d5-9fab-db8d91e26277): я пока блоки делаю
[18:18:26] Apt_bolka (99791d25-cc6a-40d5-9fab-db8d91e26277): небесный камень нужен
[18:18:35] Stxywxthme (6ce0cde9-8c92-4c66-96ad-6bffb9dfc01b): в сундуках поищи
[18:18:51] Apt_bolka (99791d25-cc6a-40d5-9fab-db8d91e26277): увидел
[18:20:31] Apt_bolka (99791d25-cc6a-40d5-9fab-db8d91e26277): где строить мульти блок внизу или наверху?
[18:20:45] Stxywxthme (6ce0cde9-8c92-4c66-96ad-6bffb9dfc01b): внизу
[18:20:47] Apt_bolka (99791d25-cc6a-40d5-9fab-db8d91e26277): ок
[18:24:14] AETERNAL (6015b02d-f272-4154-8209-5e3b23bbc09c): там такое только с плавильней этой
[18:24:39] AETERNAL (6015b02d-f272-4154-8209-5e3b23bbc09c): рендер бочек через жопу сделан
[18:24:39] Apt_bolka (99791d25-cc6a-40d5-9fab-db8d91e26277): я типо первый кто мультиблок тут строит? или не
[18:29:50] Stxywxthme (6ce0cde9-8c92-4c66-96ad-6bffb9dfc01b): так
[18:29:55] Stxywxthme (6ce0cde9-8c92-4c66-96ad-6bffb9dfc01b): ночь не скипаем
[18:30:05] Stxywxthme (6ce0cde9-8c92-4c66-96ad-6bffb9dfc01b): пока я не скажу
[18:30:23] Apt_bolka (99791d25-cc6a-40d5-9fab-db8d91e26277): как проверить правильно ли я построил мульти блок
[18:31:01] Apt_bolka (99791d25-cc6a-40d5-9fab-db8d91e26277): Обычный вопрос
[18:31:18] Apt_bolka (99791d25-cc6a-40d5-9fab-db8d91e26277): как проверить что у меня мульти блок работает
[18:31:39] Apt_bolka (99791d25-cc6a-40d5-9fab-db8d91e26277): может мне аптечка поможет
[18:31:51] Nergaloff (88da800e-1614-4c65-ace8-c18f7e99e914): он афк
[18:31:56] Apt_bolka (99791d25-cc6a-40d5-9fab-db8d91e26277): фигово
[18:31:57] AETERNAL (6015b02d-f272-4154-8209-5e3b23bbc09c): в квестах описано
[18:32:47] Apt_bolka (99791d25-cc6a-40d5-9fab-db8d91e26277): а как понять перешол он в режим или нет
[18:32:50] Apt_bolka (99791d25-cc6a-40d5-9fab-db8d91e26277): я кручу верчу
[18:32:55] Apt_bolka (99791d25-cc6a-40d5-9fab-db8d91e26277): нечо не меняется
[18:33:27] AETERNAL (6015b02d-f272-4154-8209-5e3b23bbc09c): первый квест после галочки
[18:34:12] Apt_bolka (99791d25-cc6a-40d5-9fab-db8d91e26277): бл нечо не понимаю
[18:35:17] Apt_bolka (99791d25-cc6a-40d5-9fab-db8d91e26277): такс
[18:35:23] Apt_bolka (99791d25-cc6a-40d5-9fab-db8d91e26277): ну я всё правильно построил
[18:35:27] Apt_bolka (99791d25-cc6a-40d5-9fab-db8d91e26277): но оно не хочет работать
[18:35:31] Apt_bolka (99791d25-cc6a-40d5-9fab-db8d91e26277): но оно не хочет работать
[18:36:36] Apt_bolka (99791d25-cc6a-40d5-9fab-db8d91e26277): блоки на котором он стоит должны быть?
[18:37:00] AETERNAL (6015b02d-f272-4154-8209-5e3b23bbc09c): бля
[18:37:03] Apt_bolka (99791d25-cc6a-40d5-9fab-db8d91e26277): пизд
[18:37:09] Apt_bolka (99791d25-cc6a-40d5-9fab-db8d91e26277): убери)
[18:37:25] Apt_bolka (99791d25-cc6a-40d5-9fab-db8d91e26277): через `
[18:37:43] Apt_bolka (99791d25-cc6a-40d5-9fab-db8d91e26277): ой
[18:37:45] AETERNAL (6015b02d-f272-4154-8209-5e3b23bbc09c): ммм
[18:37:55] Apt_bolka (99791d25-cc6a-40d5-9fab-db8d91e26277): ну давай полностью сломаем
[18:38:00] Apt_bolka (99791d25-cc6a-40d5-9fab-db8d91e26277): бы билдером поставишь
[18:38:03] Apt_bolka (99791d25-cc6a-40d5-9fab-db8d91e26277): ааа
[18:38:04] Apt_bolka (99791d25-cc6a-40d5-9fab-db8d91e26277): горит
[18:38:56] Apt_bolka (99791d25-cc6a-40d5-9fab-db8d91e26277): и всё равно)
[18:38:59] Apt_bolka (99791d25-cc6a-40d5-9fab-db8d91e26277): о
[18:39:10] AETERNAL (6015b02d-f272-4154-8209-5e3b23bbc09c): буквально пару раз тыкнул по бочке
[18:39:15] Apt_bolka (99791d25-cc6a-40d5-9fab-db8d91e26277): Интересно
[18:39:20] Apt_bolka (99791d25-cc6a-40d5-9fab-db8d91e26277): либо всё таки я что то не поставил
[18:39:24] Apt_bolka (99791d25-cc6a-40d5-9fab-db8d91e26277): либо баг какой то
[18:39:28] Apt_bolka (99791d25-cc6a-40d5-9fab-db8d91e26277): такс
[18:39:31] Apt_bolka (99791d25-cc6a-40d5-9fab-db8d91e26277): и как
[18:39:38] Apt_bolka (99791d25-cc6a-40d5-9fab-db8d91e26277): типо я загружаю сюды ресы
[18:39:43] Apt_bolka (99791d25-cc6a-40d5-9fab-db8d91e26277): а выход тогда где?
[18:39:48] AETERNAL (6015b02d-f272-4154-8209-5e3b23bbc09c): тут
[18:39:49] Apt_bolka (99791d25-cc6a-40d5-9fab-db8d91e26277): так же?
[18:39:52] AETERNAL (6015b02d-f272-4154-8209-5e3b23bbc09c): в бочку ресы
[18:39:55] Apt_bolka (99791d25-cc6a-40d5-9fab-db8d91e26277): аааа
[18:39:57] AETERNAL (6015b02d-f272-4154-8209-5e3b23bbc09c): жидкости в резервурары
[18:40:03] Apt_bolka (99791d25-cc6a-40d5-9fab-db8d91e26277): ммм
[18:40:06] AETERNAL (6015b02d-f272-4154-8209-5e3b23bbc09c): без разницы в какой
[18:40:12] Apt_bolka (99791d25-cc6a-40d5-9fab-db8d91e26277): тогда ладно
[18:40:16] Apt_bolka (99791d25-cc6a-40d5-9fab-db8d91e26277): прикольный мод
[18:40:26] Apt_bolka (99791d25-cc6a-40d5-9fab-db8d91e26277): первый раз хоть с ним играю
[18:40:34] Apt_bolka (99791d25-cc6a-40d5-9fab-db8d91e26277): такс
[18:40:39] Apt_bolka (99791d25-cc6a-40d5-9fab-db8d91e26277): ну погнали мэ интерфейсы
[18:40:41] Apt_bolka (99791d25-cc6a-40d5-9fab-db8d91e26277): Ставить
[18:40:42] Apt_bolka (99791d25-cc6a-40d5-9fab-db8d91e26277): )
[18:41:04] Apt_bolka (99791d25-cc6a-40d5-9fab-db8d91e26277): Повер
[18:41:12] Apt_bolka (99791d25-cc6a-40d5-9fab-db8d91e26277): подключай тут копец
[18:41:19] Apt_bolka (99791d25-cc6a-40d5-9fab-db8d91e26277): а он афк..
[18:42:35] Apt_bolka (99791d25-cc6a-40d5-9fab-db8d91e26277): чекай
[18:42:42] Apt_bolka (99791d25-cc6a-40d5-9fab-db8d91e26277): Корчое
[18:42:44] Apt_bolka (99791d25-cc6a-40d5-9fab-db8d91e26277): в бочку
[18:42:46] Apt_bolka (99791d25-cc6a-40d5-9fab-db8d91e26277): Ресы
[18:42:54] Apt_bolka (99791d25-cc6a-40d5-9fab-db8d91e26277): выход вот эта оранжевая фигня
[18:43:05] Apt_bolka (99791d25-cc6a-40d5-9fab-db8d91e26277): а жидкости в резурвары
[18:43:09] Apt_bolka (99791d25-cc6a-40d5-9fab-db8d91e26277): на верх
[18:43:19] Apt_bolka (99791d25-cc6a-40d5-9fab-db8d91e26277): чекай
[18:43:37] Apt_bolka (99791d25-cc6a-40d5-9fab-db8d91e26277): Повер
[18:43:55] Apt_bolka (99791d25-cc6a-40d5-9fab-db8d91e26277): а.
[18:44:42] Apt_bolka (99791d25-cc6a-40d5-9fab-db8d91e26277): вопшем повер я пошол ты подключи Всё и зделай авто крафт Сплава
[18:45:04] Apt_bolka (99791d25-cc6a-40d5-9fab-db8d91e26277): Вход Бочка Выход оранжевая фигня и Резервувавы жидкости подавать
[19:16:36] Stxywxthme (6ce0cde9-8c92-4c66-96ad-6bffb9dfc01b): как-то так
[19:20:00] AETERNAL (6015b02d-f272-4154-8209-5e3b23bbc09c): залил кучу фиксов по крафтам, могу рестарт сделать если хотите
[19:20:24] Stxywxthme (6ce0cde9-8c92-4c66-96ad-6bffb9dfc01b): ооо
[19:20:33] Stxywxthme (6ce0cde9-8c92-4c66-96ad-6bffb9dfc01b): наконец активировался
[19:21:10] Stxywxthme (6ce0cde9-8c92-4c66-96ad-6bffb9dfc01b): он ведь активировался?
[19:21:13] AETERNAL (6015b02d-f272-4154-8209-5e3b23bbc09c): так он собран уже был
[19:21:15] AETERNAL (6015b02d-f272-4154-8209-5e3b23bbc09c): xD
[19:21:29] AETERNAL (6015b02d-f272-4154-8209-5e3b23bbc09c): вот теперь да
[19:21:32] Stxywxthme (6ce0cde9-8c92-4c66-96ad-6bffb9dfc01b): пон
[19:21:35] Stxywxthme (6ce0cde9-8c92-4c66-96ad-6bffb9dfc01b): ладно
[19:21:36] AETERNAL (6015b02d-f272-4154-8209-5e3b23bbc09c): там надо повертеть бочку
[19:21:50] Stxywxthme (6ce0cde9-8c92-4c66-96ad-6bffb9dfc01b): как жидкости заливать
[19:22:02] AETERNAL (6015b02d-f272-4154-8209-5e3b23bbc09c): внизу и вверху резервуарі
[19:22:14] AETERNAL (6015b02d-f272-4154-8209-5e3b23bbc09c): и апгрейдов напихай в них
[19:22:20] AETERNAL (6015b02d-f272-4154-8209-5e3b23bbc09c): а то мало ёмкости в стоке
[19:23:16] AETERNAL (6015b02d-f272-4154-8209-5e3b23bbc09c): я вот щас только заметил
[19:23:21] AETERNAL (6015b02d-f272-4154-8209-5e3b23bbc09c): вы откуда криостабы достали
[19:23:25] Stxywxthme (6ce0cde9-8c92-4c66-96ad-6bffb9dfc01b): а
[19:23:27] Stxywxthme (6ce0cde9-8c92-4c66-96ad-6bffb9dfc01b): сделали
[19:23:30] Stxywxthme (6ce0cde9-8c92-4c66-96ad-6bffb9dfc01b): выпали
[19:23:33] AETERNAL (6015b02d-f272-4154-8209-5e3b23bbc09c): чё ты гнёшь
[19:23:34] AETERNAL (6015b02d-f272-4154-8209-5e3b23bbc09c): сделали
[19:23:36] AETERNAL (6015b02d-f272-4154-8209-5e3b23bbc09c): ага
[19:23:38] Stxywxthme (6ce0cde9-8c92-4c66-96ad-6bffb9dfc01b): да
[19:23:47] AETERNAL (6015b02d-f272-4154-8209-5e3b23bbc09c): крат видел?
[19:23:58] Stxywxthme (6ce0cde9-8c92-4c66-96ad-6bffb9dfc01b): а да
[19:24:00] Stxywxthme (6ce0cde9-8c92-4c66-96ad-6bffb9dfc01b): не сделали
[19:24:04] Stxywxthme (6ce0cde9-8c92-4c66-96ad-6bffb9dfc01b): там термальный сплав
[19:25:00] Stxywxthme (6ce0cde9-8c92-4c66-96ad-6bffb9dfc01b): 3 ляма
[19:25:14] AETERNAL (6015b02d-f272-4154-8209-5e3b23bbc09c): 3ляма
[19:25:16] AETERNAL (6015b02d-f272-4154-8209-5e3b23bbc09c): что 3 ляма
[19:25:27] Stxywxthme (6ce0cde9-8c92-4c66-96ad-6bffb9dfc01b): емкость резервуара
[19:29:11] Stxywxthme (6ce0cde9-8c92-4c66-96ad-6bffb9dfc01b): как делать крафты с жидкостями
[19:29:50] Stxywxthme (6ce0cde9-8c92-4c66-96ad-6bffb9dfc01b): мультиблок
[19:31:09] Stxywxthme (6ce0cde9-8c92-4c66-96ad-6bffb9dfc01b): там же разные жидкости юзаются
