[10:05:31] Stxywxthme (6ce0cde9-8c92-4c66-96ad-6bffb9dfc01b): ку
[10:05:56] Stxywxthme (6ce0cde9-8c92-4c66-96ad-6bffb9dfc01b): да вот сделал астрал
[10:06:13] Stxywxthme (6ce0cde9-8c92-4c66-96ad-6bffb9dfc01b): надоело с ним возиться
[16:07:20] VladDoor (f83aa885-2487-4295-b366-193cd21d8701): ку
[16:07:23] VladDoor (f83aa885-2487-4295-b366-193cd21d8701): ку
[16:07:28] Stxywxthme (6ce0cde9-8c92-4c66-96ad-6bffb9dfc01b): ку
[16:11:29] VladDoor (f83aa885-2487-4295-b366-193cd21d8701): Какой самый лучший источник энергии до панелей?
[16:14:32] Stxywxthme (6ce0cde9-8c92-4c66-96ad-6bffb9dfc01b): хз
[16:15:48] VladDoor (f83aa885-2487-4295-b366-193cd21d8701): Я тож так думаю
[16:16:02] Stxywxthme (6ce0cde9-8c92-4c66-96ad-6bffb9dfc01b): мгм
[16:16:11] Stxywxthme (6ce0cde9-8c92-4c66-96ad-6bffb9dfc01b): ресов дохуя нужно
[16:16:16] VladDoor (f83aa885-2487-4295-b366-193cd21d8701): Ресы не проблема
[16:16:27] Stxywxthme (6ce0cde9-8c92-4c66-96ad-6bffb9dfc01b): в особенности золото
[16:16:33] VladDoor (f83aa885-2487-4295-b366-193cd21d8701): скок стаков
[16:16:43] Stxywxthme (6ce0cde9-8c92-4c66-96ad-6bffb9dfc01b): 2 блока на 4 корпуса
[16:16:55] VladDoor (f83aa885-2487-4295-b366-193cd21d8701): :catsmile_:
[16:17:10] Stxywxthme (6ce0cde9-8c92-4c66-96ad-6bffb9dfc01b): +4 тёмной стали на 4 корпуса
[16:17:17] VladDoor (f83aa885-2487-4295-b366-193cd21d8701): это не много
[16:17:19] Stxywxthme (6ce0cde9-8c92-4c66-96ad-6bffb9dfc01b): не не не
[16:17:34] Stxywxthme (6ce0cde9-8c92-4c66-96ad-6bffb9dfc01b): 2 блока золота 1 корпус и 4 тёмной стали
[16:17:51] VladDoor (f83aa885-2487-4295-b366-193cd21d8701): Ну а вот это уже
[16:17:58] VladDoor (f83aa885-2487-4295-b366-193cd21d8701): другое дело
[16:17:59] Stxywxthme (6ce0cde9-8c92-4c66-96ad-6bffb9dfc01b): и 4 блока вольфрама
[16:18:19] VladDoor (f83aa885-2487-4295-b366-193cd21d8701): Я о том же
[16:19:02] Stxywxthme (6ce0cde9-8c92-4c66-96ad-6bffb9dfc01b): ммм
[16:19:03] VladDoor (f83aa885-2487-4295-b366-193cd21d8701): скок 5на5 генерит он?
[16:19:11] Stxywxthme (6ce0cde9-8c92-4c66-96ad-6bffb9dfc01b): может развить курочек?
[16:19:22] VladDoor (f83aa885-2487-4295-b366-193cd21d8701): зачем
[16:19:29] Stxywxthme (6ce0cde9-8c92-4c66-96ad-6bffb9dfc01b): что бы ресы были
[16:19:35] VladDoor (f83aa885-2487-4295-b366-193cd21d8701): а что курочки дают
[16:19:47] Stxywxthme (6ce0cde9-8c92-4c66-96ad-6bffb9dfc01b): все ресы
[16:19:51] VladDoor (f83aa885-2487-4295-b366-193cd21d8701): всм
[16:19:53] VladDoor (f83aa885-2487-4295-b366-193cd21d8701): всм
[16:19:59] Stxywxthme (6ce0cde9-8c92-4c66-96ad-6bffb9dfc01b): от железа до пробуд дк
[16:20:06] VladDoor (f83aa885-2487-4295-b366-193cd21d8701): всмысле
[16:20:09] VladDoor (f83aa885-2487-4295-b366-193cd21d8701): каким образом
[16:20:22] Stxywxthme (6ce0cde9-8c92-4c66-96ad-6bffb9dfc01b): просто стоят на 1 блоке и дает слитки
[16:20:32] VladDoor (f83aa885-2487-4295-b366-193cd21d8701): куры обычные майнкрафтовские?
[16:20:36] Stxywxthme (6ce0cde9-8c92-4c66-96ad-6bffb9dfc01b): нет
[16:20:41] Stxywxthme (6ce0cde9-8c92-4c66-96ad-6bffb9dfc01b): из roots
[16:20:45] Stxywxthme (6ce0cde9-8c92-4c66-96ad-6bffb9dfc01b): из roosts
[16:22:29] Stxywxthme (6ce0cde9-8c92-4c66-96ad-6bffb9dfc01b): хочу распахать таум
[16:22:39] VladDoor (f83aa885-2487-4295-b366-193cd21d8701): как сделать таумномикон?
[16:22:55] Stxywxthme (6ce0cde9-8c92-4c66-96ad-6bffb9dfc01b): салисом по полкам
[16:23:21] VladDoor (f83aa885-2487-4295-b366-193cd21d8701): салис?
[16:23:31] VladDoor (f83aa885-2487-4295-b366-193cd21d8701): salis mundas?
[16:23:33] Stxywxthme (6ce0cde9-8c92-4c66-96ad-6bffb9dfc01b): салис мундус
[16:23:52] VladDoor (f83aa885-2487-4295-b366-193cd21d8701): 3 разных кристалов и редстоун
[16:23:55] VladDoor (f83aa885-2487-4295-b366-193cd21d8701): 3 разных кристалов и редстоун
[16:23:59] Stxywxthme (6ce0cde9-8c92-4c66-96ad-6bffb9dfc01b): +
[16:24:04] VladDoor (f83aa885-2487-4295-b366-193cd21d8701): типа кинуть?
[16:24:10] VladDoor (f83aa885-2487-4295-b366-193cd21d8701): а
[16:24:13] VladDoor (f83aa885-2487-4295-b366-193cd21d8701): by crafting
[16:24:16] Stxywxthme (6ce0cde9-8c92-4c66-96ad-6bffb9dfc01b): в верстаке
[16:24:16] VladDoor (f83aa885-2487-4295-b366-193cd21d8701): написано
[16:25:48] Stxywxthme (6ce0cde9-8c92-4c66-96ad-6bffb9dfc01b): у нас нет квестов по тауму
[16:27:28] VladDoor (f83aa885-2487-4295-b366-193cd21d8701): А они должны быть?
[16:27:33] Stxywxthme (6ce0cde9-8c92-4c66-96ad-6bffb9dfc01b): хз
[16:37:26] VladDoor (f83aa885-2487-4295-b366-193cd21d8701): Какой?
[16:37:45] VladDoor (f83aa885-2487-4295-b366-193cd21d8701): Потому что он жрет дохуя
[16:37:48] Stxywxthme (6ce0cde9-8c92-4c66-96ad-6bffb9dfc01b): но сейчас же нужке
[16:37:52] Stxywxthme (6ce0cde9-8c92-4c66-96ad-6bffb9dfc01b): нужке
[16:37:54] Stxywxthme (6ce0cde9-8c92-4c66-96ad-6bffb9dfc01b): Бля
[16:38:07] VladDoor (f83aa885-2487-4295-b366-193cd21d8701): Да не нужен он
[16:39:28] Stxywxthme (6ce0cde9-8c92-4c66-96ad-6bffb9dfc01b): латунь можно сделать в индукционке
[16:40:16] VladDoor (f83aa885-2487-4295-b366-193cd21d8701): Как вы через дискорд пишите
[16:41:02] VladDoor (f83aa885-2487-4295-b366-193cd21d8701): где искать чат сервера
[16:42:54] VladDoor (f83aa885-2487-4295-b366-193cd21d8701): ок
[16:42:59] VladDoor (f83aa885-2487-4295-b366-193cd21d8701): о
[16:43:00] VladDoor (f83aa885-2487-4295-b366-193cd21d8701): к
[16:43:25] VladDoor (f83aa885-2487-4295-b366-193cd21d8701): нет ты гавно
[16:43:28] VladDoor (f83aa885-2487-4295-b366-193cd21d8701): нет ты гавно
[16:44:15] VladDoor (f83aa885-2487-4295-b366-193cd21d8701): кто здесь пидорас
[16:44:18] VladDoor (f83aa885-2487-4295-b366-193cd21d8701): я
[16:44:52] VladDoor (f83aa885-2487-4295-b366-193cd21d8701): как уменьшить миникарту точней
[16:45:00] VladDoor (f83aa885-2487-4295-b366-193cd21d8701): маштаб
[16:45:16] VladDoor (f83aa885-2487-4295-b366-193cd21d8701): ну
[16:45:21] VladDoor (f83aa885-2487-4295-b366-193cd21d8701): что бы миникарта показывала
[16:45:25] VladDoor (f83aa885-2487-4295-b366-193cd21d8701): больше
[16:45:29] VladDoor (f83aa885-2487-4295-b366-193cd21d8701): типа маштаб изменить
[16:47:04] VladDoor (f83aa885-2487-4295-b366-193cd21d8701): Danke Schoen
[16:47:11] VladDoor (f83aa885-2487-4295-b366-193cd21d8701): Danke Schoen
[16:47:34] VladDoor (f83aa885-2487-4295-b366-193cd21d8701): на - и +
[16:47:56] VladDoor (f83aa885-2487-4295-b366-193cd21d8701): Зачем?
[16:47:59] VladDoor (f83aa885-2487-4295-b366-193cd21d8701): У меня все работает
[16:49:51] VladDoor (f83aa885-2487-4295-b366-193cd21d8701): :slightly_smiling:
[16:56:58] Stxywxthme (6ce0cde9-8c92-4c66-96ad-6bffb9dfc01b): 700 пинга
[16:57:08] VladDoor (f83aa885-2487-4295-b366-193cd21d8701): ты где?
[16:57:17] Stxywxthme (6ce0cde9-8c92-4c66-96ad-6bffb9dfc01b): дома
[16:57:21] VladDoor (f83aa885-2487-4295-b366-193cd21d8701): страна
[16:57:25] Stxywxthme (6ce0cde9-8c92-4c66-96ad-6bffb9dfc01b): узб
[16:57:41] VladDoor (f83aa885-2487-4295-b366-193cd21d8701): А сервер походу в калининграде где то xD
[16:57:47] Stxywxthme (6ce0cde9-8c92-4c66-96ad-6bffb9dfc01b): просто в табе так показывает
[16:57:58] Stxywxthme (6ce0cde9-8c92-4c66-96ad-6bffb9dfc01b): на самом деле 70
[17:18:04] Stxywxthme (6ce0cde9-8c92-4c66-96ad-6bffb9dfc01b): бля таум заебал
[17:18:09] VladDoor (f83aa885-2487-4295-b366-193cd21d8701): Согл
[17:18:26] Stxywxthme (6ce0cde9-8c92-4c66-96ad-6bffb9dfc01b): самые главные шестерни открыл и норм
[17:19:26] Stxywxthme (6ce0cde9-8c92-4c66-96ad-6bffb9dfc01b): зачем
[17:19:42] Stxywxthme (6ce0cde9-8c92-4c66-96ad-6bffb9dfc01b): от него вроде только мистические шестрени
[17:20:08] VladDoor (f83aa885-2487-4295-b366-193cd21d8701): Таум уберут
[17:20:15] VladDoor (f83aa885-2487-4295-b366-193cd21d8701): главное ждать
[17:20:18] VladDoor (f83aa885-2487-4295-b366-193cd21d8701): 2 месяца)
[17:20:23] VladDoor (f83aa885-2487-4295-b366-193cd21d8701): ++++
[17:20:33] Stxywxthme (6ce0cde9-8c92-4c66-96ad-6bffb9dfc01b): а сейчас диван
[17:20:47] VladDoor (f83aa885-2487-4295-b366-193cd21d8701): откуда брать кста
[17:20:52] Stxywxthme (6ce0cde9-8c92-4c66-96ad-6bffb9dfc01b): &
[17:20:56] Stxywxthme (6ce0cde9-8c92-4c66-96ad-6bffb9dfc01b): ?
[17:21:01] VladDoor (f83aa885-2487-4295-b366-193cd21d8701): поврежденные осколки
[17:21:08] Stxywxthme (6ce0cde9-8c92-4c66-96ad-6bffb9dfc01b): убивать
[17:21:14] VladDoor (f83aa885-2487-4295-b366-193cd21d8701): ну типа я понял что убивать
[17:21:17] VladDoor (f83aa885-2487-4295-b366-193cd21d8701): где они спавнятся
[17:21:30] Stxywxthme (6ce0cde9-8c92-4c66-96ad-6bffb9dfc01b): рядом с беброком
[17:21:40] VladDoor (f83aa885-2487-4295-b366-193cd21d8701): понял
[17:21:52] Stxywxthme (6ce0cde9-8c92-4c66-96ad-6bffb9dfc01b): аахах
[17:22:16] Stxywxthme (6ce0cde9-8c92-4c66-96ad-6bffb9dfc01b): 2 зачар в книги в 1 слоте
[17:22:51] Stxywxthme (6ce0cde9-8c92-4c66-96ad-6bffb9dfc01b): не знаю как их сделал
[17:23:01] VladDoor (f83aa885-2487-4295-b366-193cd21d8701): всм
[17:23:05] VladDoor (f83aa885-2487-4295-b366-193cd21d8701): прикол
[17:26:54] VladDoor (f83aa885-2487-4295-b366-193cd21d8701): А у тебя тоже день скипается как я сплю?
[17:27:02] VladDoor (f83aa885-2487-4295-b366-193cd21d8701): когда*
[17:27:05] Stxywxthme (6ce0cde9-8c92-4c66-96ad-6bffb9dfc01b): я в шахтерском мире
[17:27:11] VladDoor (f83aa885-2487-4295-b366-193cd21d8701): как
[17:27:13] VladDoor (f83aa885-2487-4295-b366-193cd21d8701): тда
[17:27:15] VladDoor (f83aa885-2487-4295-b366-193cd21d8701): туда
[17:27:25] Stxywxthme (6ce0cde9-8c92-4c66-96ad-6bffb9dfc01b): портал
[17:27:29] Stxywxthme (6ce0cde9-8c92-4c66-96ad-6bffb9dfc01b): aroma
[17:28:16] VladDoor (f83aa885-2487-4295-b366-193cd21d8701): а
[17:28:18] VladDoor (f83aa885-2487-4295-b366-193cd21d8701): там хуйня
[17:28:21] VladDoor (f83aa885-2487-4295-b366-193cd21d8701): нада из эдема.
[17:28:26] VladDoor (f83aa885-2487-4295-b366-193cd21d8701): а я еще не начинал даже диван
[17:28:39] Stxywxthme (6ce0cde9-8c92-4c66-96ad-6bffb9dfc01b): ну я пока не начинал диван
[17:29:06] VladDoor (f83aa885-2487-4295-b366-193cd21d8701): откуда у тебя звезда телепортации?
[17:29:22] Stxywxthme (6ce0cde9-8c92-4c66-96ad-6bffb9dfc01b): схитрил
[17:29:26] VladDoor (f83aa885-2487-4295-b366-193cd21d8701): как?)
[17:29:46] Stxywxthme (6ce0cde9-8c92-4c66-96ad-6bffb9dfc01b): догадайся сам
[17:29:50] VladDoor (f83aa885-2487-4295-b366-193cd21d8701): не могу
[17:29:54] VladDoor (f83aa885-2487-4295-b366-193cd21d8701): я глупый
[17:29:59] Stxywxthme (6ce0cde9-8c92-4c66-96ad-6bffb9dfc01b): а бля
[17:30:06] Stxywxthme (6ce0cde9-8c92-4c66-96ad-6bffb9dfc01b): пофиксили лазейку
[17:30:23] VladDoor (f83aa885-2487-4295-b366-193cd21d8701): Колись
[17:30:31] Stxywxthme (6ce0cde9-8c92-4c66-96ad-6bffb9dfc01b): у переключателя был ванильный крафт
[17:31:01] VladDoor (f83aa885-2487-4295-b366-193cd21d8701): пон
[17:31:13] VladDoor (f83aa885-2487-4295-b366-193cd21d8701): ок я кушать
[17:31:18] Stxywxthme (6ce0cde9-8c92-4c66-96ad-6bffb9dfc01b): окей
[17:36:13] VladDoor (f83aa885-2487-4295-b366-193cd21d8701): ты все еще там?
[17:41:01] VladDoor (f83aa885-2487-4295-b366-193cd21d8701): ты все еще там?
[17:57:22] VladDoor (f83aa885-2487-4295-b366-193cd21d8701): ты тут?
[18:06:58] Stxywxthme (6ce0cde9-8c92-4c66-96ad-6bffb9dfc01b): тп
[18:07:46] AETERNAL (6015b02d-f272-4154-8209-5e3b23bbc09c): из чего ты туда её кинул
[18:07:52] Stxywxthme (6ce0cde9-8c92-4c66-96ad-6bffb9dfc01b): из сумки
[18:08:06] Stxywxthme (6ce0cde9-8c92-4c66-96ad-6bffb9dfc01b): лкм
[18:08:21] AETERNAL (6015b02d-f272-4154-8209-5e3b23bbc09c): ну работает
[18:10:26] AETERNAL (6015b02d-f272-4154-8209-5e3b23bbc09c): хз как она пропасть могла
[18:10:35] Stxywxthme (6ce0cde9-8c92-4c66-96ad-6bffb9dfc01b): я вот тоже
[18:10:53] Stxywxthme (6ce0cde9-8c92-4c66-96ad-6bffb9dfc01b): там были важные места для меня
[18:11:08] AETERNAL (6015b02d-f272-4154-8209-5e3b23bbc09c): ты на карте не метил
[18:11:10] AETERNAL (6015b02d-f272-4154-8209-5e3b23bbc09c): паралельно
[18:11:15] Stxywxthme (6ce0cde9-8c92-4c66-96ad-6bffb9dfc01b): не
[18:11:35] Stxywxthme (6ce0cde9-8c92-4c66-96ad-6bffb9dfc01b): еще попробую поискать
[21:55:21] VladDoor (f83aa885-2487-4295-b366-193cd21d8701): Где взять старлайт?
[22:27:54] VladDoor (f83aa885-2487-4295-b366-193cd21d8701): кто, я? я святой человек
[22:27:57] VladDoor (f83aa885-2487-4295-b366-193cd21d8701): кто, я? я святой человек
[22:36:43] VladDoor (f83aa885-2487-4295-b366-193cd21d8701): .утв
