[10:17:53] Dior (511ac683-c533-439a-8fdd-780c4842b05c): Ку
[10:17:58] Cloudy (d299f8cb-89bb-4f4a-923f-2170e0094489): qq
[10:31:17] Stxywxthme (6ce0cde9-8c92-4c66-96ad-6bffb9dfc01b): так
[10:31:23] Stxywxthme (6ce0cde9-8c92-4c66-96ad-6bffb9dfc01b): выделил 4 гб
[10:35:31] Stxywxthme (6ce0cde9-8c92-4c66-96ad-6bffb9dfc01b): клоуди ты тут?
[10:35:39] Cloudy (d299f8cb-89bb-4f4a-923f-2170e0094489): ?
[10:37:17] Stxywxthme (6ce0cde9-8c92-4c66-96ad-6bffb9dfc01b): кровать есть?
[10:37:26] Cloudy (d299f8cb-89bb-4f4a-923f-2170e0094489): +
[10:37:35] Stxywxthme (6ce0cde9-8c92-4c66-96ad-6bffb9dfc01b): спи когда будет ночь
[10:37:39] Cloudy (d299f8cb-89bb-4f4a-923f-2170e0094489): +
[10:37:54] Cloudy (d299f8cb-89bb-4f4a-923f-2170e0094489): ;D
[10:38:20] Stxywxthme (6ce0cde9-8c92-4c66-96ad-6bffb9dfc01b): а мне еще 2,5 к блоков бежать
[10:38:49] Cloudy (d299f8cb-89bb-4f4a-923f-2170e0094489): У тебя-то кровать есть?
[10:38:56] Stxywxthme (6ce0cde9-8c92-4c66-96ad-6bffb9dfc01b): да но дома
[10:38:57] Cloudy (d299f8cb-89bb-4f4a-923f-2170e0094489): мне выходить скоро
[10:42:33] Stxywxthme (6ce0cde9-8c92-4c66-96ad-6bffb9dfc01b): что было
[10:42:41] Cloudy (d299f8cb-89bb-4f4a-923f-2170e0094489): м?
[10:42:58] Stxywxthme (6ce0cde9-8c92-4c66-96ad-6bffb9dfc01b): просто меня кикнуло и сервер долго не отвечал
[10:43:06] Cloudy (d299f8cb-89bb-4f4a-923f-2170e0094489): не знаю
[10:43:12] Cloudy (d299f8cb-89bb-4f4a-923f-2170e0094489): у меня норм
[10:43:31] Cloudy (d299f8cb-89bb-4f4a-923f-2170e0094489): тебе кровать дать чтоб по дороге спать?
[10:43:35] Stxywxthme (6ce0cde9-8c92-4c66-96ad-6bffb9dfc01b): давай
[10:44:27] Cloudy (d299f8cb-89bb-4f4a-923f-2170e0094489): всё, удачи, мне пора уходить
[10:44:33] Stxywxthme (6ce0cde9-8c92-4c66-96ad-6bffb9dfc01b): окей удачи
[11:00:38] Stxywxthme (6ce0cde9-8c92-4c66-96ad-6bffb9dfc01b): игра идет вообще без лагов
[11:17:44] Stxywxthme (6ce0cde9-8c92-4c66-96ad-6bffb9dfc01b): наконец все прессы
[11:30:50] Dior (511ac683-c533-439a-8fdd-780c4842b05c): А тут что можно пользоваться только инструментами из TC ?
[11:30:55] Stxywxthme (6ce0cde9-8c92-4c66-96ad-6bffb9dfc01b): да
[11:38:11] Stxywxthme (6ce0cde9-8c92-4c66-96ad-6bffb9dfc01b): Dior
[13:17:26] Stxywxthme (6ce0cde9-8c92-4c66-96ad-6bffb9dfc01b): так зайду сегодня вечером
[15:31:17] _reflexed (a4982e19-bdcc-40a7-a685-78ee1c50ad23): Ничего не сделаю
[15:33:48] _reflexed (a4982e19-bdcc-40a7-a685-78ee1c50ad23): Кпц
[18:02:29] Stxywxthme (6ce0cde9-8c92-4c66-96ad-6bffb9dfc01b): жесть
[18:02:48] Stxywxthme (6ce0cde9-8c92-4c66-96ad-6bffb9dfc01b): g1c1 великолепно справляется
