[15:15:13] Kroks__ (b0f230fd-9d20-48eb-9c98-d48c865a82c4): fly
[15:23:49] Nergaloff (88da800e-1614-4c65-ace8-c18f7e99e914): ку
[15:23:56] Kroks__ (b0f230fd-9d20-48eb-9c98-d48c865a82c4): привет
[16:15:53] Stxywxthme (6ce0cde9-8c92-4c66-96ad-6bffb9dfc01b): привет
[16:15:57] Nergaloff (88da800e-1614-4c65-ace8-c18f7e99e914): Привет
[16:16:07] Stxywxthme (6ce0cde9-8c92-4c66-96ad-6bffb9dfc01b): можно твою базу посмотреть?
[16:16:20] Nergaloff (88da800e-1614-4c65-ace8-c18f7e99e914): Я только второй день играю, тут нечего смотреть
[16:16:26] Stxywxthme (6ce0cde9-8c92-4c66-96ad-6bffb9dfc01b): все равно
[16:16:31] Nergaloff (88da800e-1614-4c65-ace8-c18f7e99e914): Ну тп
[16:17:03] Stxywxthme (6ce0cde9-8c92-4c66-96ad-6bffb9dfc01b): классный сет
[16:17:07] Nergaloff (88da800e-1614-4c65-ace8-c18f7e99e914): )
[16:17:16] Stxywxthme (6ce0cde9-8c92-4c66-96ad-6bffb9dfc01b): но у меня круче
[16:17:59] Stxywxthme (6ce0cde9-8c92-4c66-96ad-6bffb9dfc01b): таум
[16:18:14] Stxywxthme (6ce0cde9-8c92-4c66-96ad-6bffb9dfc01b): ?
[16:18:47] Stxywxthme (6ce0cde9-8c92-4c66-96ad-6bffb9dfc01b): что зачем
[16:19:13] Stxywxthme (6ce0cde9-8c92-4c66-96ad-6bffb9dfc01b): да посмотреть
[16:19:30] Stxywxthme (6ce0cde9-8c92-4c66-96ad-6bffb9dfc01b): гриф сундуков убрали
[16:19:59] Stxywxthme (6ce0cde9-8c92-4c66-96ad-6bffb9dfc01b): жесть мобы красиво разлетаются
[16:20:27] Stxywxthme (6ce0cde9-8c92-4c66-96ad-6bffb9dfc01b): нет
[16:20:34] Stxywxthme (6ce0cde9-8c92-4c66-96ad-6bffb9dfc01b): я новичкам не мешаю
[16:21:06] Stxywxthme (6ce0cde9-8c92-4c66-96ad-6bffb9dfc01b): нет
[16:21:32] Stxywxthme (6ce0cde9-8c92-4c66-96ad-6bffb9dfc01b): только если в эндгейме
[16:22:23] Stxywxthme (6ce0cde9-8c92-4c66-96ad-6bffb9dfc01b): твой ник в игре
[16:22:49] Stxywxthme (6ce0cde9-8c92-4c66-96ad-6bffb9dfc01b): ладно
[16:23:05] Stxywxthme (6ce0cde9-8c92-4c66-96ad-6bffb9dfc01b): возьмем что Rebust
[16:24:22] Stxywxthme (6ce0cde9-8c92-4c66-96ad-6bffb9dfc01b): я же говорю вырезали
[16:24:47] Stxywxthme (6ce0cde9-8c92-4c66-96ad-6bffb9dfc01b): типа сундуки можно взять в мешок
[16:25:24] Stxywxthme (6ce0cde9-8c92-4c66-96ad-6bffb9dfc01b): любой tile.entity
[16:25:55] Stxywxthme (6ce0cde9-8c92-4c66-96ad-6bffb9dfc01b): окей
[16:26:39] Stxywxthme (6ce0cde9-8c92-4c66-96ad-6bffb9dfc01b): быстро плавит?
[16:27:00] Stxywxthme (6ce0cde9-8c92-4c66-96ad-6bffb9dfc01b): стак?
[16:27:56] Stxywxthme (6ce0cde9-8c92-4c66-96ad-6bffb9dfc01b): твоя база в обычном мире?
[16:28:42] Stxywxthme (6ce0cde9-8c92-4c66-96ad-6bffb9dfc01b): окей
[16:30:53] Stxywxthme (6ce0cde9-8c92-4c66-96ad-6bffb9dfc01b): купи новую
[18:32:24] Stxywxthme (6ce0cde9-8c92-4c66-96ad-6bffb9dfc01b): меня уже 10 минут бьют зомби
[18:32:40] Nergaloff (88da800e-1614-4c65-ace8-c18f7e99e914): Бывает
[18:34:15] Stxywxthme (6ce0cde9-8c92-4c66-96ad-6bffb9dfc01b): 100 прочности сьело
[18:34:25] Stxywxthme (6ce0cde9-8c92-4c66-96ad-6bffb9dfc01b): ну ладно есть починка
[18:35:44] Stxywxthme (6ce0cde9-8c92-4c66-96ad-6bffb9dfc01b): еще и света в алтаре не хватает
[18:37:13] Nergaloff (88da800e-1614-4c65-ace8-c18f7e99e914): ты пользуешься курами, которые ресурсы дают7
[18:37:17] Nergaloff (88da800e-1614-4c65-ace8-c18f7e99e914): ? или фигня?
[18:38:22] Stxywxthme (6ce0cde9-8c92-4c66-96ad-6bffb9dfc01b): хз
[18:38:30] Stxywxthme (6ce0cde9-8c92-4c66-96ad-6bffb9dfc01b): пока не пользовался
[18:54:30] Stxywxthme (6ce0cde9-8c92-4c66-96ad-6bffb9dfc01b): ночь никогда не наступает?
[18:54:39] Nergaloff (88da800e-1614-4c65-ace8-c18f7e99e914): я скипал
[18:54:42] Nergaloff (88da800e-1614-4c65-ace8-c18f7e99e914): не нужно:
[18:54:44] Nergaloff (88da800e-1614-4c65-ace8-c18f7e99e914): ?
[18:54:48] Stxywxthme (6ce0cde9-8c92-4c66-96ad-6bffb9dfc01b): нужно
[18:54:54] Stxywxthme (6ce0cde9-8c92-4c66-96ad-6bffb9dfc01b): я развиваю астрал
[19:35:37] Stxywxthme (6ce0cde9-8c92-4c66-96ad-6bffb9dfc01b): нет
[19:35:45] Stxywxthme (6ce0cde9-8c92-4c66-96ad-6bffb9dfc01b): у меня есть дела по важнее
[20:10:30] Stxywxthme (6ce0cde9-8c92-4c66-96ad-6bffb9dfc01b): стак эндер лилий
