[17:56:24] Svovka (f84b46f2-1965-41ad-b4cc-0ac21977db7d): пиздец модов напихали
[17:56:31] Swat99Swat (9ce303e4-8a19-4d67-82f9-74ca7bafa055): )
[17:56:38] Swat99Swat (9ce303e4-8a19-4d67-82f9-74ca7bafa055): Меня это радует
[17:56:50] Svovka (f84b46f2-1965-41ad-b4cc-0ac21977db7d): давно играешь ?
[17:56:53] Swat99Swat (9ce303e4-8a19-4d67-82f9-74ca7bafa055): Но некоторые тут чисто для количества ведь есть альтернативы уже в сборке
[17:57:06] Swat99Swat (9ce303e4-8a19-4d67-82f9-74ca7bafa055): Ну в игре 52 часа пишет
[17:57:11] Svovka (f84b46f2-1965-41ad-b4cc-0ac21977db7d): ааа
[17:57:14] Swat99Swat (9ce303e4-8a19-4d67-82f9-74ca7bafa055): Среди которых наверное больше 10 афк
[17:57:36] Swat99Swat (9ce303e4-8a19-4d67-82f9-74ca7bafa055): Я хотел чисто в IU поиграть
[17:57:49] Svovka (f84b46f2-1965-41ad-b4cc-0ac21977db7d): Развиваешься вижу
[17:57:55] Swat99Swat (9ce303e4-8a19-4d67-82f9-74ca7bafa055): А тут ещё куча всего но я и решил побегать, большую часть модов тупо не зная
[17:58:15] Svovka (f84b46f2-1965-41ad-b4cc-0ac21977db7d): да половины модов я и сам не знаю
[17:58:21] Svovka (f84b46f2-1965-41ad-b4cc-0ac21977db7d): Что по онлайну здесь ?
[17:58:30] Swat99Swat (9ce303e4-8a19-4d67-82f9-74ca7bafa055): до 3
[17:58:33] Swat99Swat (9ce303e4-8a19-4d67-82f9-74ca7bafa055): я и 2 админа
[17:58:43] Svovka (f84b46f2-1965-41ad-b4cc-0ac21977db7d): слабо
[17:58:51] Swat99Swat (9ce303e4-8a19-4d67-82f9-74ca7bafa055): а ты как этот сервер нашел то ?
[17:59:05] Swat99Swat (9ce303e4-8a19-4d67-82f9-74ca7bafa055): неужели реклама в инете какая
[17:59:09] Svovka (f84b46f2-1965-41ad-b4cc-0ac21977db7d): Да я в топе шуршу,ищу сервер для игры
[17:59:16] Swat99Swat (9ce303e4-8a19-4d67-82f9-74ca7bafa055): мне просто в лс в диско написали
[17:59:34] Swat99Swat (9ce303e4-8a19-4d67-82f9-74ca7bafa055): из плюсов могу сказать что нет запретов
[17:59:39] Swat99Swat (9ce303e4-8a19-4d67-82f9-74ca7bafa055): есть квесты кое какие
[17:59:45] Swat99Swat (9ce303e4-8a19-4d67-82f9-74ca7bafa055): рецепты заменяются постепенно
[17:59:51] Swat99Swat (9ce303e4-8a19-4d67-82f9-74ca7bafa055): как по мне слишком сильно
[17:59:51] Svovka (f84b46f2-1965-41ad-b4cc-0ac21977db7d): ну я в соло не любитель играть
[18:00:06] Swat99Swat (9ce303e4-8a19-4d67-82f9-74ca7bafa055): ну тогда нужно искать напарника тут ты его не найдёшь
[18:00:22] Svovka (f84b46f2-1965-41ad-b4cc-0ac21977db7d): уже понял
[18:00:31] Svovka (f84b46f2-1965-41ad-b4cc-0ac21977db7d): побегу искать чет другое
[18:00:33] Swat99Swat (9ce303e4-8a19-4d67-82f9-74ca7bafa055): а тебя что привлекло то ?
[18:00:57] Svovka (f84b46f2-1965-41ad-b4cc-0ac21977db7d): собственно ничего,увидел проект,думаю дай зайду гляну
[18:01:02] Swat99Swat (9ce303e4-8a19-4d67-82f9-74ca7bafa055): )))
[18:01:09] Svovka (f84b46f2-1965-41ad-b4cc-0ac21977db7d): ну удачи
[18:01:12] Swat99Swat (9ce303e4-8a19-4d67-82f9-74ca7bafa055): и тебе
[19:58:47] AETERNAL (6015b02d-f272-4154-8209-5e3b23bbc09c): хай
[20:01:08] Swat99Swat (9ce303e4-8a19-4d67-82f9-74ca7bafa055): Прив
[20:01:50] AETERNAL (6015b02d-f272-4154-8209-5e3b23bbc09c): шо, как оно
[20:01:59] Swat99Swat (9ce303e4-8a19-4d67-82f9-74ca7bafa055): Да по тихоньку розвиваюсь
[20:02:10] Swat99Swat (9ce303e4-8a19-4d67-82f9-74ca7bafa055): За сегодня и вчера не добился нихера
[20:02:17] AETERNAL (6015b02d-f272-4154-8209-5e3b23bbc09c): жиза
[20:02:24] AETERNAL (6015b02d-f272-4154-8209-5e3b23bbc09c): xD
[20:03:05] AETERNAL (6015b02d-f272-4154-8209-5e3b23bbc09c): ну слушай
[20:03:11] Swat99Swat (9ce303e4-8a19-4d67-82f9-74ca7bafa055): ме нет
[20:03:13] Swat99Swat (9ce303e4-8a19-4d67-82f9-74ca7bafa055): я бемж
[20:03:16] AETERNAL (6015b02d-f272-4154-8209-5e3b23bbc09c): нормально ты уже так тут расширился
[20:03:26] Swat99Swat (9ce303e4-8a19-4d67-82f9-74ca7bafa055): это было когда ты помогал с визером
[20:04:10] AETERNAL (6015b02d-f272-4154-8209-5e3b23bbc09c): о, фрамилка
[20:04:15] AETERNAL (6015b02d-f272-4154-8209-5e3b23bbc09c): надо бы и мне потом как то
[20:04:21] Swat99Swat (9ce303e4-8a19-4d67-82f9-74ca7bafa055): я ради опыта
[20:04:24] Swat99Swat (9ce303e4-8a19-4d67-82f9-74ca7bafa055): сделал что бы было
[20:04:40] AETERNAL (6015b02d-f272-4154-8209-5e3b23bbc09c): ботанию не начинал ещё?
[20:04:44] Swat99Swat (9ce303e4-8a19-4d67-82f9-74ca7bafa055): верх
[20:04:59] Swat99Swat (9ce303e4-8a19-4d67-82f9-74ca7bafa055): жду ману
[20:05:09] AETERNAL (6015b02d-f272-4154-8209-5e3b23bbc09c): делай колокольчик и получи рейкар за них)
[20:05:37] AETERNAL (6015b02d-f272-4154-8209-5e3b23bbc09c): ёбаный
[20:05:40] AETERNAL (6015b02d-f272-4154-8209-5e3b23bbc09c): это чё за
[20:05:49] Swat99Swat (9ce303e4-8a19-4d67-82f9-74ca7bafa055): ты про мобов ?
[20:05:52] AETERNAL (6015b02d-f272-4154-8209-5e3b23bbc09c): да
[20:05:55] Swat99Swat (9ce303e4-8a19-4d67-82f9-74ca7bafa055): их тут обычно дохерище
[20:05:57] Swat99Swat (9ce303e4-8a19-4d67-82f9-74ca7bafa055): штук 20 30
[20:06:14] Swat99Swat (9ce303e4-8a19-4d67-82f9-74ca7bafa055): иногда нет а иногда как заспавнятся
[20:07:09] AETERNAL (6015b02d-f272-4154-8209-5e3b23bbc09c): о кстати
[20:07:19] AETERNAL (6015b02d-f272-4154-8209-5e3b23bbc09c): сборщик воркает на мистикал культурах,
[20:07:21] AETERNAL (6015b02d-f272-4154-8209-5e3b23bbc09c): ?
[20:07:24] Swat99Swat (9ce303e4-8a19-4d67-82f9-74ca7bafa055): да
[20:07:57] AETERNAL (6015b02d-f272-4154-8209-5e3b23bbc09c): прикольнр
[20:07:59] AETERNAL (6015b02d-f272-4154-8209-5e3b23bbc09c): не знал
[20:08:39] AETERNAL (6015b02d-f272-4154-8209-5e3b23bbc09c): обсы мне надо дофигища
[20:08:46] AETERNAL (6015b02d-f272-4154-8209-5e3b23bbc09c): а лавы неоткуда взять
[20:09:18] AETERNAL (6015b02d-f272-4154-8209-5e3b23bbc09c): как текст сделал?)
[20:09:31] AETERNAL (6015b02d-f272-4154-8209-5e3b23bbc09c): понял
[20:10:12] AETERNAL (6015b02d-f272-4154-8209-5e3b23bbc09c): вася спился
[20:29:38] AETERNAL (6015b02d-f272-4154-8209-5e3b23bbc09c): ты уже сколько наиграл?
[20:33:29] Swat99Swat (9ce303e4-8a19-4d67-82f9-74ca7bafa055): 54
[20:33:36] AETERNAL (6015b02d-f272-4154-8209-5e3b23bbc09c): часа????
[20:33:39] Swat99Swat (9ce303e4-8a19-4d67-82f9-74ca7bafa055): да
[20:33:49] Swat99Swat (9ce303e4-8a19-4d67-82f9-74ca7bafa055): А то что пишет сверху кол игры это плагин или мод ?
[20:33:56] AETERNAL (6015b02d-f272-4154-8209-5e3b23bbc09c): мод
[20:34:03] AETERNAL (6015b02d-f272-4154-8209-5e3b23bbc09c): у фтб есть такая функция
[20:34:06] Swat99Swat (9ce303e4-8a19-4d67-82f9-74ca7bafa055): +
[20:34:10] Swat99Swat (9ce303e4-8a19-4d67-82f9-74ca7bafa055): Я в фтб смотрю
[20:34:55] Swat99Swat (9ce303e4-8a19-4d67-82f9-74ca7bafa055): ты не думай что так много у меня бывает такое что открыл игру чанки гружу и в кс играю )
[20:35:10] Swat99Swat (9ce303e4-8a19-4d67-82f9-74ca7bafa055): ну или смотрю чтото
[20:35:45] AETERNAL (6015b02d-f272-4154-8209-5e3b23bbc09c): чё там в кс
[20:35:48] AETERNAL (6015b02d-f272-4154-8209-5e3b23bbc09c): в общем
[20:35:55] AETERNAL (6015b02d-f272-4154-8209-5e3b23bbc09c): а то я год назад где то заходил
[20:35:58] Swat99Swat (9ce303e4-8a19-4d67-82f9-74ca7bafa055): играю ради кейсов или просто с друзьями
[20:36:08] Swat99Swat (9ce303e4-8a19-4d67-82f9-74ca7bafa055): Да параша полная когда на новый движок перешли
[20:36:33] Swat99Swat (9ce303e4-8a19-4d67-82f9-74ca7bafa055): Я конечно не топ игрок и даже не средний сильвер обычный
[20:36:50] Swat99Swat (9ce303e4-8a19-4d67-82f9-74ca7bafa055): Но теперь я себя чуствую в раз так 10 ниже сильвера
[20:36:52] AETERNAL (6015b02d-f272-4154-8209-5e3b23bbc09c): значит можно ещё на годик забить
[20:37:01] Swat99Swat (9ce303e4-8a19-4d67-82f9-74ca7bafa055): по кд хеды раздают
[20:39:40] AETERNAL (6015b02d-f272-4154-8209-5e3b23bbc09c): как думаешь, сколько часов уйдёт на полное прохождение сборки?))
[20:39:43] AETERNAL (6015b02d-f272-4154-8209-5e3b23bbc09c): косарь?
[20:39:54] Swat99Swat (9ce303e4-8a19-4d67-82f9-74ca7bafa055): Тут зависит от того как играть
[20:40:20] Swat99Swat (9ce303e4-8a19-4d67-82f9-74ca7bafa055): Если знать моды и целеустрёмлённо идти то можно и за часов 300-400 пройти спокойно
[20:40:27] Swat99Swat (9ce303e4-8a19-4d67-82f9-74ca7bafa055): Ну а мне и пару касарей не хватит
[20:41:16] AETERNAL (6015b02d-f272-4154-8209-5e3b23bbc09c): ну я моды все знаю на изусть можно сказать, но чёт даже я охуеваю от своих творений иногда)))
[20:41:44] Swat99Swat (9ce303e4-8a19-4d67-82f9-74ca7bafa055): Я ни батанию ни звёздную магию ни дивайн не знаю вообще
[20:42:08] AETERNAL (6015b02d-f272-4154-8209-5e3b23bbc09c): астрал самый лёгкий, его можно часов за 5 пройти
[20:42:24] AETERNAL (6015b02d-f272-4154-8209-5e3b23bbc09c): кроме некоторых ньюансов
[20:42:59] AETERNAL (6015b02d-f272-4154-8209-5e3b23bbc09c): потом можно сдеать ферму на кикиморусах, астрал+ботания
[20:43:19] AETERNAL (6015b02d-f272-4154-8209-5e3b23bbc09c): рейкар, гурмы тоже одни из лучших по выхлопу
[20:43:42] Swat99Swat (9ce303e4-8a19-4d67-82f9-74ca7bafa055): Ну я только EnderIo ThermalExp IFG и DraconicEv знаю не больше
[20:44:00] AETERNAL (6015b02d-f272-4154-8209-5e3b23bbc09c): с иу сложно?
[20:44:14] Swat99Swat (9ce303e4-8a19-4d67-82f9-74ca7bafa055): Ну я с ним толком не играл
[20:44:19] Swat99Swat (9ce303e4-8a19-4d67-82f9-74ca7bafa055): Хотя по сути обычный ic2
[20:44:25] Swat99Swat (9ce303e4-8a19-4d67-82f9-74ca7bafa055): только больше мехов не более
[20:44:29] AETERNAL (6015b02d-f272-4154-8209-5e3b23bbc09c): часто встречаю что для людей хард лютый
[20:44:39] Swat99Swat (9ce303e4-8a19-4d67-82f9-74ca7bafa055): Каких то новых механик толком нет
[20:44:45] Swat99Swat (9ce303e4-8a19-4d67-82f9-74ca7bafa055): Хард только в плане крафтов
[20:44:54] Swat99Swat (9ce303e4-8a19-4d67-82f9-74ca7bafa055): И бесит мод в плане oredict
[20:44:57] AETERNAL (6015b02d-f272-4154-8209-5e3b23bbc09c): там скоро реакторы подвезует ещё
[20:45:09] Swat99Swat (9ce303e4-8a19-4d67-82f9-74ca7bafa055): жду их
[20:45:17] AETERNAL (6015b02d-f272-4154-8209-5e3b23bbc09c): а что там с ордиктом
[20:45:28] AETERNAL (6015b02d-f272-4154-8209-5e3b23bbc09c): хоть я его и не настраивал особо :D
[20:45:44] Swat99Swat (9ce303e4-8a19-4d67-82f9-74ca7bafa055): Ну когда ставишь тот же термал (мод на руды похожие медь и тп)
[20:45:58] AETERNAL (6015b02d-f272-4154-8209-5e3b23bbc09c): тоесть, руды?
[20:46:02] Swat99Swat (9ce303e4-8a19-4d67-82f9-74ca7bafa055): +
[20:46:23] Swat99Swat (9ce303e4-8a19-4d67-82f9-74ca7bafa055): А после делаешь какие то блоки из слитков рецепт один делает другой
[20:46:29] Swat99Swat (9ce303e4-8a19-4d67-82f9-74ca7bafa055): А мех просто не может схавать
[20:46:37] Swat99Swat (9ce303e4-8a19-4d67-82f9-74ca7bafa055): ну у меня в одиночке было так
