[00:01:19] Apt_bolka (99791d25-cc6a-40d5-9fab-db8d91e26277): через 30 сек рестарт
[00:07:43] Apt_bolka (99791d25-cc6a-40d5-9fab-db8d91e26277): вроде всё наместе
[00:12:15] VladDoor (f83aa885-2487-4295-b366-193cd21d8701): когда добавят
[00:12:21] VladDoor (f83aa885-2487-4295-b366-193cd21d8701): бля
[00:12:31] Apt_bolka (99791d25-cc6a-40d5-9fab-db8d91e26277): кого добавят?
[00:13:12] Apt_bolka (99791d25-cc6a-40d5-9fab-db8d91e26277): ммм уран 329
[00:13:17] Apt_bolka (99791d25-cc6a-40d5-9fab-db8d91e26277): 238*
[00:13:19] Apt_bolka (99791d25-cc6a-40d5-9fab-db8d91e26277): 238*
[00:13:28] VladDoor (f83aa885-2487-4295-b366-193cd21d8701): да
[00:13:28] Apt_bolka (99791d25-cc6a-40d5-9fab-db8d91e26277): и как
[00:13:46] Apt_bolka (99791d25-cc6a-40d5-9fab-db8d91e26277): я не хочу делать центрифугу(
[00:13:48] Apt_bolka (99791d25-cc6a-40d5-9fab-db8d91e26277): я устал
[00:13:58] Apt_bolka (99791d25-cc6a-40d5-9fab-db8d91e26277): я заебался делать Обоготитель
[00:14:04] Apt_bolka (99791d25-cc6a-40d5-9fab-db8d91e26277): теперь центрифугу
[00:14:09] VladDoor (f83aa885-2487-4295-b366-193cd21d8701): ы
[00:14:13] Apt_bolka (99791d25-cc6a-40d5-9fab-db8d91e26277): хпхп
[00:14:21] Apt_bolka (99791d25-cc6a-40d5-9fab-db8d91e26277): кст а как ты сделал зачёркнутый ник
[00:14:23] VladDoor (f83aa885-2487-4295-b366-193cd21d8701): s
[00:14:28] VladDoor (f83aa885-2487-4295-b366-193cd21d8701): !
[00:14:29] Apt_bolka (99791d25-cc6a-40d5-9fab-db8d91e26277): и белый ник
[00:14:34] VladDoor (f83aa885-2487-4295-b366-193cd21d8701): s
[00:14:38] Apt_bolka (99791d25-cc6a-40d5-9fab-db8d91e26277): скинь в дс
[00:14:39] VladDoor (f83aa885-2487-4295-b366-193cd21d8701): s
[00:14:49] VladDoor (f83aa885-2487-4295-b366-193cd21d8701): s
[00:14:54] Apt_bolka (99791d25-cc6a-40d5-9fab-db8d91e26277): влад
[00:15:04] VladDoor (f83aa885-2487-4295-b366-193cd21d8701): ща
[00:15:07] Apt_bolka (99791d25-cc6a-40d5-9fab-db8d91e26277): ок
[00:15:14] VladDoor (f83aa885-2487-4295-b366-193cd21d8701): s
[00:15:27] VladDoor (f83aa885-2487-4295-b366-193cd21d8701): s
[00:15:32] Apt_bolka (99791d25-cc6a-40d5-9fab-db8d91e26277): пхпх
[00:16:47] VladDoor (f83aa885-2487-4295-b366-193cd21d8701): ща
[00:17:00] Apt_bolka (99791d25-cc6a-40d5-9fab-db8d91e26277): нашол
[00:20:25] VladDoor (f83aa885-2487-4295-b366-193cd21d8701): s
[00:20:41] VladDoor (f83aa885-2487-4295-b366-193cd21d8701): ы
[00:20:59] Apt_bolka (99791d25-cc6a-40d5-9fab-db8d91e26277): а ну
[00:21:03] LucKefir (4e9a468e-dcee-4495-981b-16afc62515ef): Осуждаю
[00:21:12] Apt_bolka (99791d25-cc6a-40d5-9fab-db8d91e26277): дурак?
[00:21:14] VladDoor (f83aa885-2487-4295-b366-193cd21d8701): s
[00:21:17] Apt_bolka (99791d25-cc6a-40d5-9fab-db8d91e26277): а
[00:21:19] Apt_bolka (99791d25-cc6a-40d5-9fab-db8d91e26277): нефига
[00:21:22] Apt_bolka (99791d25-cc6a-40d5-9fab-db8d91e26277): пххпхп
[00:21:30] LucKefir (4e9a468e-dcee-4495-981b-16afc62515ef): Осуждаю
[00:21:30] VladDoor (f83aa885-2487-4295-b366-193cd21d8701): s
[00:21:36] Apt_bolka (99791d25-cc6a-40d5-9fab-db8d91e26277): але
[00:21:42] Apt_bolka (99791d25-cc6a-40d5-9fab-db8d91e26277): плагиат
[00:22:49] VladDoor (f83aa885-2487-4295-b366-193cd21d8701): &cСперма
[00:22:52] VladDoor (f83aa885-2487-4295-b366-193cd21d8701): не робит
[00:22:52] Apt_bolka (99791d25-cc6a-40d5-9fab-db8d91e26277): есть завод справов?
[00:22:56] VladDoor (f83aa885-2487-4295-b366-193cd21d8701): у меня?
[00:23:01] Apt_bolka (99791d25-cc6a-40d5-9fab-db8d91e26277): да из индастрела
[00:23:08] VladDoor (f83aa885-2487-4295-b366-193cd21d8701): из иу нету еще)
[00:23:14] Apt_bolka (99791d25-cc6a-40d5-9fab-db8d91e26277): жалко.
[00:23:27] Apt_bolka (99791d25-cc6a-40d5-9fab-db8d91e26277): пойду воды попью
[00:48:07] Apt_bolka (99791d25-cc6a-40d5-9fab-db8d91e26277): щяс кто то бан получит
[00:48:22] LucKefir (4e9a468e-dcee-4495-981b-16afc62515ef): gb[eq
[00:48:28] LucKefir (4e9a468e-dcee-4495-981b-16afc62515ef): пихуй
[00:48:56] LucKefir (4e9a468e-dcee-4495-981b-16afc62515ef): давай бань и я с другом уйду на другой проект, на этом всё
[00:49:08] Apt_bolka (99791d25-cc6a-40d5-9fab-db8d91e26277): Мог бы
[00:54:15] LucKefir (4e9a468e-dcee-4495-981b-16afc62515ef): ждём бан завтра)))
[00:56:43] Apt_bolka (99791d25-cc6a-40d5-9fab-db8d91e26277): есть лучше
[00:56:53] VladDoor (f83aa885-2487-4295-b366-193cd21d8701): нада?
[00:56:58] Apt_bolka (99791d25-cc6a-40d5-9fab-db8d91e26277): Есть уже
[00:57:15] Apt_bolka (99791d25-cc6a-40d5-9fab-db8d91e26277): мне нужен завод сплавов(
[00:57:15] VladDoor (f83aa885-2487-4295-b366-193cd21d8701): а эта штука
[00:57:20] Apt_bolka (99791d25-cc6a-40d5-9fab-db8d91e26277): из индастрела
[00:57:20] VladDoor (f83aa885-2487-4295-b366-193cd21d8701): сделает?
[00:57:24] Apt_bolka (99791d25-cc6a-40d5-9fab-db8d91e26277): эт чо
[00:57:27] VladDoor (f83aa885-2487-4295-b366-193cd21d8701): ну поставит блоки
[00:57:36] Apt_bolka (99791d25-cc6a-40d5-9fab-db8d91e26277): ммм
[00:57:47] VladDoor (f83aa885-2487-4295-b366-193cd21d8701): или это чисто
[00:57:48] Apt_bolka (99791d25-cc6a-40d5-9fab-db8d91e26277): как
[00:57:53] VladDoor (f83aa885-2487-4295-b366-193cd21d8701): иультиблоки
[00:57:55] VladDoor (f83aa885-2487-4295-b366-193cd21d8701): другие
[00:58:17] Apt_bolka (99791d25-cc6a-40d5-9fab-db8d91e26277): Можешь сделать завод сплавов?
[00:58:21] VladDoor (f83aa885-2487-4295-b366-193cd21d8701): щас
[00:58:22] Apt_bolka (99791d25-cc6a-40d5-9fab-db8d91e26277): изик
[00:58:24] VladDoor (f83aa885-2487-4295-b366-193cd21d8701): нада это?
[00:58:32] Apt_bolka (99791d25-cc6a-40d5-9fab-db8d91e26277): не
[00:58:38] VladDoor (f83aa885-2487-4295-b366-193cd21d8701): я щас сделаю автокрафт
[00:58:42] VladDoor (f83aa885-2487-4295-b366-193cd21d8701): астрала
[00:58:54] Apt_bolka (99791d25-cc6a-40d5-9fab-db8d91e26277): на
[00:59:11] VladDoor (f83aa885-2487-4295-b366-193cd21d8701): это
[00:59:23] VladDoor (f83aa885-2487-4295-b366-193cd21d8701): зачем
[00:59:27] Apt_bolka (99791d25-cc6a-40d5-9fab-db8d91e26277): для крафтов
[00:59:36] VladDoor (f83aa885-2487-4295-b366-193cd21d8701): тех самых?
[00:59:43] Apt_bolka (99791d25-cc6a-40d5-9fab-db8d91e26277): ну чекни
[01:00:31] VladDoor (f83aa885-2487-4295-b366-193cd21d8701): это юзать на сундук еще можнО?
[01:00:45] Apt_bolka (99791d25-cc6a-40d5-9fab-db8d91e26277): ток на ящики
[01:00:49] VladDoor (f83aa885-2487-4295-b366-193cd21d8701): понял
[01:00:53] VladDoor (f83aa885-2487-4295-b366-193cd21d8701): у тебя есть кстати
[01:00:59] Apt_bolka (99791d25-cc6a-40d5-9fab-db8d91e26277): внизу
[01:01:01] VladDoor (f83aa885-2487-4295-b366-193cd21d8701): элементалий?
[01:01:19] Apt_bolka (99791d25-cc6a-40d5-9fab-db8d91e26277): Элементий?
[01:01:22] VladDoor (f83aa885-2487-4295-b366-193cd21d8701): да
[01:01:25] VladDoor (f83aa885-2487-4295-b366-193cd21d8701): мразотная хуйня
[01:01:27] VladDoor (f83aa885-2487-4295-b366-193cd21d8701): у тебя же есть
[01:01:28] Apt_bolka (99791d25-cc6a-40d5-9fab-db8d91e26277): могу сделать
[01:01:29] VladDoor (f83aa885-2487-4295-b366-193cd21d8701): портал
[01:01:55] VladDoor (f83aa885-2487-4295-b366-193cd21d8701): спс
[01:01:55] Apt_bolka (99791d25-cc6a-40d5-9fab-db8d91e26277): ещё?
[01:02:00] VladDoor (f83aa885-2487-4295-b366-193cd21d8701): да не
[01:02:02] VladDoor (f83aa885-2487-4295-b366-193cd21d8701): все уже
[01:02:06] VladDoor (f83aa885-2487-4295-b366-193cd21d8701): щас сделаю автокрафт астрал
[01:02:11] VladDoor (f83aa885-2487-4295-b366-193cd21d8701): я уже сделал 7на7 жеский
[01:02:11] Apt_bolka (99791d25-cc6a-40d5-9fab-db8d91e26277): Угу
[01:02:14] VladDoor (f83aa885-2487-4295-b366-193cd21d8701): крафт
[01:02:16] VladDoor (f83aa885-2487-4295-b366-193cd21d8701): или бляяяяяяяяя
[01:02:20] Apt_bolka (99791d25-cc6a-40d5-9fab-db8d91e26277): а я буду делать завод сплавов..
[01:02:20] VladDoor (f83aa885-2487-4295-b366-193cd21d8701): наверно откатилось же
[01:02:34] VladDoor (f83aa885-2487-4295-b366-193cd21d8701): ну пох
[01:02:42] VladDoor (f83aa885-2487-4295-b366-193cd21d8701): я просто щас постепенно всех компонентов
[01:03:00] VladDoor (f83aa885-2487-4295-b366-193cd21d8701): да бля
[01:03:02] Apt_bolka (99791d25-cc6a-40d5-9fab-db8d91e26277): Можешь сделать 2 Завода сплавов улучшеных из ender io
[01:03:46] VladDoor (f83aa885-2487-4295-b366-193cd21d8701): молекулярок нету
[01:03:54] VladDoor (f83aa885-2487-4295-b366-193cd21d8701): или дефолтный который?
[01:04:06] Apt_bolka (99791d25-cc6a-40d5-9fab-db8d91e26277): ну из ендер ио
[01:04:14] Apt_bolka (99791d25-cc6a-40d5-9fab-db8d91e26277): 2 уровня
[01:04:20] Apt_bolka (99791d25-cc6a-40d5-9fab-db8d91e26277): да
[01:04:23] Apt_bolka (99791d25-cc6a-40d5-9fab-db8d91e26277): 2 штуки
[01:04:26] VladDoor (f83aa885-2487-4295-b366-193cd21d8701): я думал ты именно улучшенный
[01:04:28] Apt_bolka (99791d25-cc6a-40d5-9fab-db8d91e26277): спасиб
[01:04:32] VladDoor (f83aa885-2487-4295-b366-193cd21d8701): он пизда как крафтится
[01:04:51] Apt_bolka (99791d25-cc6a-40d5-9fab-db8d91e26277): Бл
[01:05:00] Apt_bolka (99791d25-cc6a-40d5-9fab-db8d91e26277): Простая печь из эндер ио
[01:05:08] Apt_bolka (99791d25-cc6a-40d5-9fab-db8d91e26277): Простая печь из эндер ио ещё есть?
[01:05:31] VladDoor (f83aa885-2487-4295-b366-193cd21d8701): хау мач
[01:06:31] Apt_bolka (99791d25-cc6a-40d5-9fab-db8d91e26277): спасиб
[01:08:48] Apt_bolka (99791d25-cc6a-40d5-9fab-db8d91e26277): есть криотериум?
[01:09:28] VladDoor (f83aa885-2487-4295-b366-193cd21d8701): -
[01:09:50] VladDoor (f83aa885-2487-4295-b366-193cd21d8701): бб
[01:10:03] Apt_bolka (99791d25-cc6a-40d5-9fab-db8d91e26277): в дс видел?
[01:10:07] VladDoor (f83aa885-2487-4295-b366-193cd21d8701): да
[01:10:13] Apt_bolka (99791d25-cc6a-40d5-9fab-db8d91e26277): всё я афк
[04:54:54] Nindly (eb4d01d7-785b-433a-88b6-26b920632b5b): home
[07:57:43] Apt_bolka (99791d25-cc6a-40d5-9fab-db8d91e26277): ага
[08:08:15] ProCto_DS (d3139add-473e-468f-9582-8b46bb0e237c): Ебать
[08:08:26] Apt_bolka (99791d25-cc6a-40d5-9fab-db8d91e26277): ок
[08:08:43] ProCto_DS (d3139add-473e-468f-9582-8b46bb0e237c): У меня прогрузчик чанков стоял, пиздец карик накопал)_
[08:10:15] Apt_bolka (99791d25-cc6a-40d5-9fab-db8d91e26277): сек я сам к тебе тп
[08:10:21] ProCto_DS (d3139add-473e-468f-9582-8b46bb0e237c): )
[08:11:24] ProCto_DS (d3139add-473e-468f-9582-8b46bb0e237c): емать ресов)
[08:11:28] Apt_bolka (99791d25-cc6a-40d5-9fab-db8d91e26277): вопшем
[08:11:41] Apt_bolka (99791d25-cc6a-40d5-9fab-db8d91e26277): С днюхой хоть она и не наступила ещё
[08:11:46] Apt_bolka (99791d25-cc6a-40d5-9fab-db8d91e26277): Сразу заранее подарок хочу дать
[08:11:52] ProCto_DS (d3139add-473e-468f-9582-8b46bb0e237c): Спасибо <#
[08:11:54] ProCto_DS (d3139add-473e-468f-9582-8b46bb0e237c): <3
[08:12:01] ProCto_DS (d3139add-473e-468f-9582-8b46bb0e237c): хах
[08:12:03] ProCto_DS (d3139add-473e-468f-9582-8b46bb0e237c): Бл
[08:12:07] ProCto_DS (d3139add-473e-468f-9582-8b46bb0e237c): Приятно
[08:12:09] ProCto_DS (d3139add-473e-468f-9582-8b46bb0e237c): Спасибо)
[08:12:12] Apt_bolka (99791d25-cc6a-40d5-9fab-db8d91e26277): Пожалуйста
[08:12:27] Apt_bolka (99791d25-cc6a-40d5-9fab-db8d91e26277): а ой забыл
[08:12:37] ProCto_DS (d3139add-473e-468f-9582-8b46bb0e237c): )
[08:12:40] ProCto_DS (d3139add-473e-468f-9582-8b46bb0e237c): Как приятно
[08:13:32] Apt_bolka (99791d25-cc6a-40d5-9fab-db8d91e26277): Типо богатый рудой раскидоватся
[08:13:35] ProCto_DS (d3139add-473e-468f-9582-8b46bb0e237c): )
[08:13:55] Apt_bolka (99791d25-cc6a-40d5-9fab-db8d91e26277): щя ещё приду
[08:15:24] Apt_bolka (99791d25-cc6a-40d5-9fab-db8d91e26277): вот теперь сри в мэ)
[08:15:48] Apt_bolka (99791d25-cc6a-40d5-9fab-db8d91e26277): уф фпс
[08:17:13] ProCto_DS (d3139add-473e-468f-9582-8b46bb0e237c): А ты чё играть не будешь?
[08:17:18] Apt_bolka (99791d25-cc6a-40d5-9fab-db8d91e26277): буду
[08:17:22] Apt_bolka (99791d25-cc6a-40d5-9fab-db8d91e26277): прост пока смотрю
[08:17:32] Apt_bolka (99791d25-cc6a-40d5-9fab-db8d91e26277): мне щяс ебаннный завод сплавов из IU крафтить
[08:17:33] ProCto_DS (d3139add-473e-468f-9582-8b46bb0e237c): На своём серваке уже всё сделал?
[08:17:43] Apt_bolka (99791d25-cc6a-40d5-9fab-db8d91e26277): А на своём мне нечего делать)
[08:17:48] Apt_bolka (99791d25-cc6a-40d5-9fab-db8d91e26277): тупо фарм ресов
[08:18:02] Apt_bolka (99791d25-cc6a-40d5-9fab-db8d91e26277): А там дальше почти энд гейм
[08:18:49] ProCto_DS (d3139add-473e-468f-9582-8b46bb0e237c): Терь развитие моё пойдёт быстро)
[08:18:54] ProCto_DS (d3139add-473e-468f-9582-8b46bb0e237c): Ну не так быстро)
[08:19:07] ProCto_DS (d3139add-473e-468f-9582-8b46bb0e237c): ммм
[08:19:12] ProCto_DS (d3139add-473e-468f-9582-8b46bb0e237c): еу
[08:19:16] ProCto_DS (d3139add-473e-468f-9582-8b46bb0e237c): Ебать
[08:19:18] Apt_bolka (99791d25-cc6a-40d5-9fab-db8d91e26277): щя принесу
[08:20:49] Apt_bolka (99791d25-cc6a-40d5-9fab-db8d91e26277): настрой вход
[08:21:21] ProCto_DS (d3139add-473e-468f-9582-8b46bb0e237c): Тэк
[08:21:22] Apt_bolka (99791d25-cc6a-40d5-9fab-db8d91e26277): настроил?
[08:21:29] ProCto_DS (d3139add-473e-468f-9582-8b46bb0e237c): я ща
[08:22:41] Apt_bolka (99791d25-cc6a-40d5-9fab-db8d91e26277): короче я на базу тепнусь)
[08:22:42] ProCto_DS (d3139add-473e-468f-9582-8b46bb0e237c): тэк
[08:22:53] ProCto_DS (d3139add-473e-468f-9582-8b46bb0e237c): Оки
[10:00:17] Nergaloff (88da800e-1614-4c65-ace8-c18f7e99e914): ага
[10:38:50] Stxywxthme (6ce0cde9-8c92-4c66-96ad-6bffb9dfc01b): снес
[10:38:53] Stxywxthme (6ce0cde9-8c92-4c66-96ad-6bffb9dfc01b): да
[10:39:30] Apt_bolka (99791d25-cc6a-40d5-9fab-db8d91e26277): Фух спаситель
[10:39:38] Apt_bolka (99791d25-cc6a-40d5-9fab-db8d91e26277): дайка её
[10:39:47] Apt_bolka (99791d25-cc6a-40d5-9fab-db8d91e26277): от греха подальше
[10:39:50] Apt_bolka (99791d25-cc6a-40d5-9fab-db8d91e26277): Такс
[10:39:51] Apt_bolka (99791d25-cc6a-40d5-9fab-db8d91e26277): повер
[10:39:54] Stxywxthme (6ce0cde9-8c92-4c66-96ad-6bffb9dfc01b): ?
[10:39:56] Apt_bolka (99791d25-cc6a-40d5-9fab-db8d91e26277): Можешь кое чем помочь
[10:40:00] Stxywxthme (6ce0cde9-8c92-4c66-96ad-6bffb9dfc01b): чеи
[10:40:03] Stxywxthme (6ce0cde9-8c92-4c66-96ad-6bffb9dfc01b): чем
[10:40:09] Apt_bolka (99791d25-cc6a-40d5-9fab-db8d91e26277): Построить ещё 1 этаж
[10:40:14] Apt_bolka (99791d25-cc6a-40d5-9fab-db8d91e26277): Где будут у нас авто крафты
[10:40:15] Stxywxthme (6ce0cde9-8c92-4c66-96ad-6bffb9dfc01b): наверху
[10:40:23] Stxywxthme (6ce0cde9-8c92-4c66-96ad-6bffb9dfc01b): или вниху
[10:40:32] Apt_bolka (99791d25-cc6a-40d5-9fab-db8d91e26277): Сдесь наверху
[10:40:35] Apt_bolka (99791d25-cc6a-40d5-9fab-db8d91e26277): ещё 1 этаж
[10:40:43] Stxywxthme (6ce0cde9-8c92-4c66-96ad-6bffb9dfc01b): чем бы ее построить
[10:40:56] Apt_bolka (99791d25-cc6a-40d5-9fab-db8d91e26277): был бы тут чизел
[10:41:02] Stxywxthme (6ce0cde9-8c92-4c66-96ad-6bffb9dfc01b): есть
[10:41:09] Nergaloff (88da800e-1614-4c65-ace8-c18f7e99e914): так он есть
[10:41:11] Apt_bolka (99791d25-cc6a-40d5-9fab-db8d91e26277): а ну Сделай Палитру какуюту
[10:41:17] Stxywxthme (6ce0cde9-8c92-4c66-96ad-6bffb9dfc01b): их сервый антиблоков?
[10:41:28] Stxywxthme (6ce0cde9-8c92-4c66-96ad-6bffb9dfc01b): *серых
[10:41:30] Apt_bolka (99791d25-cc6a-40d5-9fab-db8d91e26277): сек
[10:41:35] Apt_bolka (99791d25-cc6a-40d5-9fab-db8d91e26277): Из искажённых
[10:41:45] Apt_bolka (99791d25-cc6a-40d5-9fab-db8d91e26277): ой
[10:41:49] Apt_bolka (99791d25-cc6a-40d5-9fab-db8d91e26277): Пустотных
[10:41:55] Stxywxthme (6ce0cde9-8c92-4c66-96ad-6bffb9dfc01b): ммм\
[10:41:59] Apt_bolka (99791d25-cc6a-40d5-9fab-db8d91e26277): Оч красивые блоки
[10:42:13] Stxywxthme (6ce0cde9-8c92-4c66-96ad-6bffb9dfc01b): тут фулл ресы
[10:42:25] Apt_bolka (99791d25-cc6a-40d5-9fab-db8d91e26277): не успевает забирать
[10:42:30] Apt_bolka (99791d25-cc6a-40d5-9fab-db8d91e26277): ну я позже сделаю шины
[10:43:30] Stxywxthme (6ce0cde9-8c92-4c66-96ad-6bffb9dfc01b): нужен мэ интерфейс поставки предметов
[10:43:40] Apt_bolka (99791d25-cc6a-40d5-9fab-db8d91e26277): Лучше просто шинами подключить
[10:43:45] Stxywxthme (6ce0cde9-8c92-4c66-96ad-6bffb9dfc01b): ок ок ок
[10:43:58] Apt_bolka (99791d25-cc6a-40d5-9fab-db8d91e26277): Сделай пока пустотные блоки
[10:44:02] Apt_bolka (99791d25-cc6a-40d5-9fab-db8d91e26277): я щя мехи соберу
[10:44:16] Stxywxthme (6ce0cde9-8c92-4c66-96ad-6bffb9dfc01b): пустотный камень?
[10:44:20] Apt_bolka (99791d25-cc6a-40d5-9fab-db8d91e26277): да
[10:45:38] Stxywxthme (6ce0cde9-8c92-4c66-96ad-6bffb9dfc01b): 4 стака хватит?
[10:45:45] Apt_bolka (99791d25-cc6a-40d5-9fab-db8d91e26277): ну хз
[10:46:01] Stxywxthme (6ce0cde9-8c92-4c66-96ad-6bffb9dfc01b): этот чанк на мехи?
[10:46:25] Stxywxthme (6ce0cde9-8c92-4c66-96ad-6bffb9dfc01b): вот чанк
[10:46:41] Apt_bolka (99791d25-cc6a-40d5-9fab-db8d91e26277): норм
[10:47:10] Stxywxthme (6ce0cde9-8c92-4c66-96ad-6bffb9dfc01b): я перемещц
[10:47:14] Stxywxthme (6ce0cde9-8c92-4c66-96ad-6bffb9dfc01b): перемещу
[10:48:29] Stxywxthme (6ce0cde9-8c92-4c66-96ad-6bffb9dfc01b): ?
[10:48:30] Apt_bolka (99791d25-cc6a-40d5-9fab-db8d91e26277): Это влад)
[10:48:38] Apt_bolka (99791d25-cc6a-40d5-9fab-db8d91e26277): он префикс поставил
[10:48:40] Apt_bolka (99791d25-cc6a-40d5-9fab-db8d91e26277): По рофлу
[10:48:51] Stxywxthme (6ce0cde9-8c92-4c66-96ad-6bffb9dfc01b): ок
[10:48:57] Stxywxthme (6ce0cde9-8c92-4c66-96ad-6bffb9dfc01b): я пошел
[10:49:01] Stxywxthme (6ce0cde9-8c92-4c66-96ad-6bffb9dfc01b): сейчас приду
[10:49:03] Apt_bolka (99791d25-cc6a-40d5-9fab-db8d91e26277): ок
[10:52:39] sharpness (63a48fe2-c258-4a29-8377-dd140c168fab): У кого есть саженец гивеи, найти не могу
[10:56:59] Stxywxthme (6ce0cde9-8c92-4c66-96ad-6bffb9dfc01b): на
[10:59:01] sharpness (63a48fe2-c258-4a29-8377-dd140c168fab): Кто кроме аптеки может востановить ресы после отката?
[10:59:08] Apt_bolka (99791d25-cc6a-40d5-9fab-db8d91e26277): Только аптечка
[10:59:23] sharpness (63a48fe2-c258-4a29-8377-dd140c168fab): А ее щас нет, да,
[10:59:25] sharpness (63a48fe2-c258-4a29-8377-dd140c168fab): ?
[10:59:28] Apt_bolka (99791d25-cc6a-40d5-9fab-db8d91e26277): +
[10:59:35] Stxywxthme (6ce0cde9-8c92-4c66-96ad-6bffb9dfc01b): *его
[10:59:38] Stxywxthme (6ce0cde9-8c92-4c66-96ad-6bffb9dfc01b): *его
[11:00:52] ProCto_DS (d3139add-473e-468f-9582-8b46bb0e237c): qQ
[11:02:30] sharpness (63a48fe2-c258-4a29-8377-dd140c168fab): ?
[11:02:37] sharpness (63a48fe2-c258-4a29-8377-dd140c168fab): А понял
[11:03:16] sharpness (63a48fe2-c258-4a29-8377-dd140c168fab): Особо ниче, я только начал вчера развиваться, сделал тинкер печ кит старт взял, потом вышел через час зашел
[11:03:29] sharpness (63a48fe2-c258-4a29-8377-dd140c168fab): Хом остался приват тоже а сундуков инвент, ничего нет
[11:03:38] Stxywxthme (6ce0cde9-8c92-4c66-96ad-6bffb9dfc01b): а здесь есть приват?
[11:03:43] Apt_bolka (99791d25-cc6a-40d5-9fab-db8d91e26277): точно
[11:05:35] [CAPS] ProCto_DS (d3139add-473e-468f-9582-8b46bb0e237c): чё за херня
[11:05:41] ProCto_DS (d3139add-473e-468f-9582-8b46bb0e237c): Почему чанки подвисают
[11:05:47] ProCto_DS (d3139add-473e-468f-9582-8b46bb0e237c): Появляются и уходят
[11:06:21] VladDoor (f83aa885-2487-4295-b366-193cd21d8701): смотри
[11:06:21] sharpness (63a48fe2-c258-4a29-8377-dd140c168fab): это мне другие дали
[11:06:24] sharpness (63a48fe2-c258-4a29-8377-dd140c168fab): если что
[11:07:12] VladDoor (f83aa885-2487-4295-b366-193cd21d8701): пойдет?
[11:07:17] sharpness (63a48fe2-c258-4a29-8377-dd140c168fab): спасибо
[11:07:18] sharpness (63a48fe2-c258-4a29-8377-dd140c168fab): да
[11:07:22] VladDoor (f83aa885-2487-4295-b366-193cd21d8701): Удачи
[11:08:04] VladDoor (f83aa885-2487-4295-b366-193cd21d8701): s
[11:08:16] VladDoor (f83aa885-2487-4295-b366-193cd21d8701): ы
[11:08:29] ProCto_DS (d3139add-473e-468f-9582-8b46bb0e237c): откуда такие префиксы?
[11:08:39] VladDoor (f83aa885-2487-4295-b366-193cd21d8701): какие
[11:08:49] Apt_bolka (99791d25-cc6a-40d5-9fab-db8d91e26277): Донат даёт Возможность
[11:08:53] Stxywxthme (6ce0cde9-8c92-4c66-96ad-6bffb9dfc01b): не ставьте такие префиксы
[11:08:57] Apt_bolka (99791d25-cc6a-40d5-9fab-db8d91e26277): поч?
[11:09:04] Stxywxthme (6ce0cde9-8c92-4c66-96ad-6bffb9dfc01b): моя мама ноут проверяет
[11:09:09] Apt_bolka (99791d25-cc6a-40d5-9fab-db8d91e26277): Жоский
[11:09:15] VladDoor (f83aa885-2487-4295-b366-193cd21d8701): Оке
[11:09:20] Apt_bolka (99791d25-cc6a-40d5-9fab-db8d91e26277): чат типо читает?
[11:09:21] Stxywxthme (6ce0cde9-8c92-4c66-96ad-6bffb9dfc01b): хд
[11:09:27] Stxywxthme (6ce0cde9-8c92-4c66-96ad-6bffb9dfc01b): он сменил
[11:09:30] Apt_bolka (99791d25-cc6a-40d5-9fab-db8d91e26277): вижу
[11:09:34] Apt_bolka (99791d25-cc6a-40d5-9fab-db8d91e26277): XD
[11:09:46] VladDoor (f83aa885-2487-4295-b366-193cd21d8701): взял случайно
[11:09:47] Stxywxthme (6ce0cde9-8c92-4c66-96ad-6bffb9dfc01b): да
[11:10:11] VladDoor (f83aa885-2487-4295-b366-193cd21d8701): сюда
[11:10:33] VladDoor (f83aa885-2487-4295-b366-193cd21d8701): я друк человека
[11:11:17] ProCto_DS (d3139add-473e-468f-9582-8b46bb0e237c): Та сука
[11:11:20] ProCto_DS (d3139add-473e-468f-9582-8b46bb0e237c): Чё за хуйня
[11:11:21] VladDoor (f83aa885-2487-4295-b366-193cd21d8701): что
[11:11:29] ProCto_DS (d3139add-473e-468f-9582-8b46bb0e237c): У меня чанки то пропадают лагают
[11:11:33] ProCto_DS (d3139add-473e-468f-9582-8b46bb0e237c): И полная хуйня творится
[11:11:42] ProCto_DS (d3139add-473e-468f-9582-8b46bb0e237c): То белыми становятся
[11:12:39] VladDoor (f83aa885-2487-4295-b366-193cd21d8701): у меня норм все
[11:12:42] VladDoor (f83aa885-2487-4295-b366-193cd21d8701): кста
[11:12:44] ProCto_DS (d3139add-473e-468f-9582-8b46bb0e237c): А у меня нет
[11:12:58] VladDoor (f83aa885-2487-4295-b366-193cd21d8701): скок тебе нужно генов
[11:13:02] ProCto_DS (d3139add-473e-468f-9582-8b46bb0e237c): чаго
[11:13:08] ProCto_DS (d3139add-473e-468f-9582-8b46bb0e237c): Мне уже сделали подарок
[11:13:48] ProCto_DS (d3139add-473e-468f-9582-8b46bb0e237c): Может перезайти
[11:14:03] VladDoor (f83aa885-2487-4295-b366-193cd21d8701): так поставь
[11:14:04] ProCto_DS (d3139add-473e-468f-9582-8b46bb0e237c): Та нихуя
[11:14:08] ProCto_DS (d3139add-473e-468f-9582-8b46bb0e237c): ?
[11:14:08] VladDoor (f83aa885-2487-4295-b366-193cd21d8701): что бы прям со всех сторон
[11:14:38] ProCto_DS (d3139add-473e-468f-9582-8b46bb0e237c): Он и так на макс робит
[11:14:42] VladDoor (f83aa885-2487-4295-b366-193cd21d8701): а да?
[11:14:46] ProCto_DS (d3139add-473e-468f-9582-8b46bb0e237c): Ну типо
[11:14:50] ProCto_DS (d3139add-473e-468f-9582-8b46bb0e237c): Энерго буфер не тратится
[11:14:53] VladDoor (f83aa885-2487-4295-b366-193cd21d8701): понял
[11:15:01] VladDoor (f83aa885-2487-4295-b366-193cd21d8701): я щас докачаюсь к молекулярке
[11:15:04] ProCto_DS (d3139add-473e-468f-9582-8b46bb0e237c): Ну эт там нету модуль улучщающих
[11:15:06] VladDoor (f83aa885-2487-4295-b366-193cd21d8701): сделаем тебе модули 3х3
[11:15:12] ProCto_DS (d3139add-473e-468f-9582-8b46bb0e237c): не
[11:15:12] gluck97 (6e22b281-f6f7-4195-adf6-e456b6680156): что с сервером?
[11:15:17] Apt_bolka (99791d25-cc6a-40d5-9fab-db8d91e26277): ?
[11:15:18] VladDoor (f83aa885-2487-4295-b366-193cd21d8701): поч
[11:15:19] ProCto_DS (d3139add-473e-468f-9582-8b46bb0e237c): у те тоже чанки подлагивают?
[11:15:21] gluck97 (6e22b281-f6f7-4195-adf6-e456b6680156): виснет
[11:15:24] ProCto_DS (d3139add-473e-468f-9582-8b46bb0e237c): у те тоже чанки подлагивают?
[11:15:29] Apt_bolka (99791d25-cc6a-40d5-9fab-db8d91e26277): хехех овер волд лагает
[11:15:35] Apt_bolka (99791d25-cc6a-40d5-9fab-db8d91e26277): а в майнинг всё кайф
[11:15:39] VladDoor (f83aa885-2487-4295-b366-193cd21d8701): не правда
[11:15:42] VladDoor (f83aa885-2487-4295-b366-193cd21d8701): овер норм
[11:15:47] ProCto_DS (d3139add-473e-468f-9582-8b46bb0e237c): Мне и так болка подарил еще кариков панель и генов
[11:15:57] VladDoor (f83aa885-2487-4295-b366-193cd21d8701): это у них бахи
[11:16:16] gluck97 (6e22b281-f6f7-4195-adf6-e456b6680156): у меня блоки не ломаются
[11:16:25] gluck97 (6e22b281-f6f7-4195-adf6-e456b6680156): и хаваю секунд 15
[11:16:31] VladDoor (f83aa885-2487-4295-b366-193cd21d8701): у меня 600 пинг
[11:16:34] VladDoor (f83aa885-2487-4295-b366-193cd21d8701): сразу ломаетсч
[11:17:01] VladDoor (f83aa885-2487-4295-b366-193cd21d8701): спать ложимся
[11:17:02] VladDoor (f83aa885-2487-4295-b366-193cd21d8701): господа
[11:17:04] Apt_bolka (99791d25-cc6a-40d5-9fab-db8d91e26277): Что делать если мэ не запитываетя Eu энергией и даже Приёмшик не принимает
[11:17:09] gluck97 (6e22b281-f6f7-4195-adf6-e456b6680156): я в шахте
[11:17:16] VladDoor (f83aa885-2487-4295-b366-193cd21d8701): запитывать FE
[11:17:16] Stxywxthme (6ce0cde9-8c92-4c66-96ad-6bffb9dfc01b): конвертер
[11:17:18] ProCto_DS (d3139add-473e-468f-9582-8b46bb0e237c): Конвертер имеешь виду
[11:17:19] Apt_bolka (99791d25-cc6a-40d5-9fab-db8d91e26277): так же
[11:17:22] ProCto_DS (d3139add-473e-468f-9582-8b46bb0e237c): ?
[11:17:26] Apt_bolka (99791d25-cc6a-40d5-9fab-db8d91e26277): Нет
[11:17:38] Stxywxthme (6ce0cde9-8c92-4c66-96ad-6bffb9dfc01b): вот
[11:17:46] Apt_bolka (99791d25-cc6a-40d5-9fab-db8d91e26277): Короче у меня мэ не как не хочет запитоватся кроме панелей из solar flux
[11:17:50] Stxywxthme (6ce0cde9-8c92-4c66-96ad-6bffb9dfc01b): на
[11:17:56] Apt_bolka (99791d25-cc6a-40d5-9fab-db8d91e26277): Всё
[11:17:58] Apt_bolka (99791d25-cc6a-40d5-9fab-db8d91e26277): Не как
[11:18:01] ProCto_DS (d3139add-473e-468f-9582-8b46bb0e237c): Трубы передающие флакс?
[11:18:12] Apt_bolka (99791d25-cc6a-40d5-9fab-db8d91e26277): так же
[11:18:18] Apt_bolka (99791d25-cc6a-40d5-9fab-db8d91e26277): тп чекни
[11:18:26] Stxywxthme (6ce0cde9-8c92-4c66-96ad-6bffb9dfc01b): эммм
[11:18:27] ProCto_DS (d3139add-473e-468f-9582-8b46bb0e237c): Я сборку перезапускать
[11:18:28] Apt_bolka (99791d25-cc6a-40d5-9fab-db8d91e26277): ну это ток панелями
[11:18:31] Apt_bolka (99791d25-cc6a-40d5-9fab-db8d91e26277): эм
[11:18:32] VladDoor (f83aa885-2487-4295-b366-193cd21d8701): на верху поставь просто их
[11:18:33] Stxywxthme (6ce0cde9-8c92-4c66-96ad-6bffb9dfc01b): я тут уже все
[11:18:33] Apt_bolka (99791d25-cc6a-40d5-9fab-db8d91e26277): а как это работает
[11:18:38] Apt_bolka (99791d25-cc6a-40d5-9fab-db8d91e26277): уже всё
[11:18:40] Apt_bolka (99791d25-cc6a-40d5-9fab-db8d91e26277): Почему
[11:18:42] Apt_bolka (99791d25-cc6a-40d5-9fab-db8d91e26277): сверху
[11:18:47] Stxywxthme (6ce0cde9-8c92-4c66-96ad-6bffb9dfc01b): конвертер
[11:19:03] Apt_bolka (99791d25-cc6a-40d5-9fab-db8d91e26277): пиздец
[11:19:06] Apt_bolka (99791d25-cc6a-40d5-9fab-db8d91e26277): ну всё кайф
[11:19:09] VladDoor (f83aa885-2487-4295-b366-193cd21d8701): что такое
[11:19:20] Apt_bolka (99791d25-cc6a-40d5-9fab-db8d91e26277): почему только сверху
[11:19:27] Apt_bolka (99791d25-cc6a-40d5-9fab-db8d91e26277): интересно
[11:19:30] Stxywxthme (6ce0cde9-8c92-4c66-96ad-6bffb9dfc01b): с любой стороны тоже можно
[11:19:34] Apt_bolka (99791d25-cc6a-40d5-9fab-db8d91e26277): разве
[11:19:36] Stxywxthme (6ce0cde9-8c92-4c66-96ad-6bffb9dfc01b): да
[11:19:36] VladDoor (f83aa885-2487-4295-b366-193cd21d8701): тебе одной хватит мне кажется до конца игры такой
[11:19:45] Apt_bolka (99791d25-cc6a-40d5-9fab-db8d91e26277): ммм
[11:19:47] VladDoor (f83aa885-2487-4295-b366-193cd21d8701): работает
[11:19:50] VladDoor (f83aa885-2487-4295-b366-193cd21d8701): ?
[11:19:50] Apt_bolka (99791d25-cc6a-40d5-9fab-db8d91e26277): Странно
[11:19:54] Apt_bolka (99791d25-cc6a-40d5-9fab-db8d91e26277): у меня не робила
[11:20:00] Apt_bolka (99791d25-cc6a-40d5-9fab-db8d91e26277): окей пох решили проблему)
[11:20:01] VladDoor (f83aa885-2487-4295-b366-193cd21d8701): мб не переключил режим?
[11:20:03] Stxywxthme (6ce0cde9-8c92-4c66-96ad-6bffb9dfc01b): ладно
[11:20:11] Stxywxthme (6ce0cde9-8c92-4c66-96ad-6bffb9dfc01b): я опять
[11:20:13] VladDoor (f83aa885-2487-4295-b366-193cd21d8701): о
[11:20:17] VladDoor (f83aa885-2487-4295-b366-193cd21d8701): завод сплавов
[11:20:18] VladDoor (f83aa885-2487-4295-b366-193cd21d8701): делитесь
[11:20:22] Apt_bolka (99791d25-cc6a-40d5-9fab-db8d91e26277): ага)
[11:20:27] Apt_bolka (99791d25-cc6a-40d5-9fab-db8d91e26277): я щя буду делать улучшенный..
[11:20:57] VladDoor (f83aa885-2487-4295-b366-193cd21d8701): сделай мне копию каждого меха :)
[11:21:02] VladDoor (f83aa885-2487-4295-b366-193cd21d8701): из термалки
[11:21:04] Apt_bolka (99791d25-cc6a-40d5-9fab-db8d91e26277): без б
[11:21:17] Apt_bolka (99791d25-cc6a-40d5-9fab-db8d91e26277): Блять
[11:21:21] Apt_bolka (99791d25-cc6a-40d5-9fab-db8d91e26277): опять сдохла
[11:21:26] VladDoor (f83aa885-2487-4295-b366-193cd21d8701): xD
[11:21:42] Apt_bolka (99791d25-cc6a-40d5-9fab-db8d91e26277): и
[11:21:51] VladDoor (f83aa885-2487-4295-b366-193cd21d8701): кста
[11:21:58] VladDoor (f83aa885-2487-4295-b366-193cd21d8701): рф конвертер разве
[11:22:02] Apt_bolka (99791d25-cc6a-40d5-9fab-db8d91e26277): странности мэ
[11:22:02] VladDoor (f83aa885-2487-4295-b366-193cd21d8701): питает?
[11:22:04] VladDoor (f83aa885-2487-4295-b366-193cd21d8701): мэ сеть
[11:22:09] VladDoor (f83aa885-2487-4295-b366-193cd21d8701): там же ток фе
[11:22:11] Apt_bolka (99791d25-cc6a-40d5-9fab-db8d91e26277): ну вопше щяс питал
[11:22:27] [CAPS] VladDoor (f83aa885-2487-4295-b366-193cd21d8701): xdddddddddddddd
[11:22:27] Apt_bolka (99791d25-cc6a-40d5-9fab-db8d91e26277): о бл
[11:22:29] [CAPS] VladDoor (f83aa885-2487-4295-b366-193cd21d8701): хахаахахха
[11:22:33] Apt_bolka (99791d25-cc6a-40d5-9fab-db8d91e26277): Трубу поставил по кайфу
[11:22:35] VladDoor (f83aa885-2487-4295-b366-193cd21d8701): о кста
[11:22:38] VladDoor (f83aa885-2487-4295-b366-193cd21d8701): мне таких тоже
[11:22:41] VladDoor (f83aa885-2487-4295-b366-193cd21d8701): одну штучку
[11:22:44] Apt_bolka (99791d25-cc6a-40d5-9fab-db8d91e26277): Странности мисра..
[11:22:52] VladDoor (f83aa885-2487-4295-b366-193cd21d8701): и завод сплавов
[11:23:00] Apt_bolka (99791d25-cc6a-40d5-9fab-db8d91e26277): на те
[11:23:08] VladDoor (f83aa885-2487-4295-b366-193cd21d8701): пасиба
[11:23:22] Apt_bolka (99791d25-cc6a-40d5-9fab-db8d91e26277): и завод?
[11:23:24] VladDoor (f83aa885-2487-4295-b366-193cd21d8701): да
[11:23:30] VladDoor (f83aa885-2487-4295-b366-193cd21d8701): и трубу бесконечную рф
[11:23:47] VladDoor (f83aa885-2487-4295-b366-193cd21d8701): пасиба
[11:24:08] VladDoor (f83aa885-2487-4295-b366-193cd21d8701): поставь кста тут
[11:24:11] VladDoor (f83aa885-2487-4295-b366-193cd21d8701): снизу
[11:24:13] Apt_bolka (99791d25-cc6a-40d5-9fab-db8d91e26277): кого
[11:24:14] VladDoor (f83aa885-2487-4295-b366-193cd21d8701): или сверху
[11:24:18] VladDoor (f83aa885-2487-4295-b366-193cd21d8701): резервуар
[11:24:21] VladDoor (f83aa885-2487-4295-b366-193cd21d8701): лавовый
[11:24:26] Apt_bolka (99791d25-cc6a-40d5-9fab-db8d91e26277): так я тебе же отдавал
[11:24:29] Apt_bolka (99791d25-cc6a-40d5-9fab-db8d91e26277): ты так и не вернул вроде
[11:24:29] VladDoor (f83aa885-2487-4295-b366-193cd21d8701): аа
[11:24:31] VladDoor (f83aa885-2487-4295-b366-193cd21d8701): я тебе не отдал
[11:24:33] VladDoor (f83aa885-2487-4295-b366-193cd21d8701): щас сек
[11:25:14] Apt_bolka (99791d25-cc6a-40d5-9fab-db8d91e26277): кидай сдесь
[11:25:37] Apt_bolka (99791d25-cc6a-40d5-9fab-db8d91e26277): трубу надо ебануть
[11:25:39] VladDoor (f83aa885-2487-4295-b366-193cd21d8701): красота
[11:26:02] Apt_bolka (99791d25-cc6a-40d5-9fab-db8d91e26277): во
[11:26:35] VladDoor (f83aa885-2487-4295-b366-193cd21d8701): я пошел делать автокрафтики
[11:26:47] Apt_bolka (99791d25-cc6a-40d5-9fab-db8d91e26277): и я тоже щя буду делать
[11:27:13] Apt_bolka (99791d25-cc6a-40d5-9fab-db8d91e26277): хай
[11:27:18] VladDoor (f83aa885-2487-4295-b366-193cd21d8701): Привет
[11:27:20] ProCto_DS (d3139add-473e-468f-9582-8b46bb0e237c): йй
[11:27:26] ProCto_DS (d3139add-473e-468f-9582-8b46bb0e237c): Ура
[11:27:32] ProCto_DS (d3139add-473e-468f-9582-8b46bb0e237c): Заработало, терь без лагов)
[11:28:28] ProCto_DS (d3139add-473e-468f-9582-8b46bb0e237c): toshachuvak, Приветствую!
[11:28:49] Apt_bolka (99791d25-cc6a-40d5-9fab-db8d91e26277): угле волокно..
[11:29:07] ProCto_DS (d3139add-473e-468f-9582-8b46bb0e237c): Здарова работяги
[11:29:11] Apt_bolka (99791d25-cc6a-40d5-9fab-db8d91e26277): [fq
[11:29:12] Apt_bolka (99791d25-cc6a-40d5-9fab-db8d91e26277): хай
[11:29:23] ProCto_DS (d3139add-473e-468f-9582-8b46bb0e237c): Вижу
[11:29:29] ProCto_DS (d3139add-473e-468f-9582-8b46bb0e237c): Совет был хороший
[11:29:37] ProCto_DS (d3139add-473e-468f-9582-8b46bb0e237c): можете даж иридий делать)
[11:29:40] ProCto_DS (d3139add-473e-468f-9582-8b46bb0e237c): Панели
[11:29:46] ProCto_DS (d3139add-473e-468f-9582-8b46bb0e237c): Ток первого уровня
[11:29:52] Apt_bolka (99791d25-cc6a-40d5-9fab-db8d91e26277): д вот делаю мольку
[11:29:56] ProCto_DS (d3139add-473e-468f-9582-8b46bb0e237c): Кст
[11:30:03] Apt_bolka (99791d25-cc6a-40d5-9fab-db8d91e26277): только чтоб её сделать надо ещё 200 мехов сделать
[11:30:05] ProCto_DS (d3139add-473e-468f-9582-8b46bb0e237c): Если нада будет чтот на матрице создать, обращайтесь
[11:30:13] Apt_bolka (99791d25-cc6a-40d5-9fab-db8d91e26277): д ладно сами
[11:30:27] ProCto_DS (d3139add-473e-468f-9582-8b46bb0e237c): Для создания пустотной схем
[11:30:36] ProCto_DS (d3139add-473e-468f-9582-8b46bb0e237c): Нестабильность там Опасная
[11:30:41] ProCto_DS (d3139add-473e-468f-9582-8b46bb0e237c): Прям как у ихор предметов
[11:31:18] ProCto_DS (d3139add-473e-468f-9582-8b46bb0e237c): я жрать, тут поафкашу
[11:31:39] ProCto_DS (d3139add-473e-468f-9582-8b46bb0e237c): Ебать
[11:31:40] ProCto_DS (d3139add-473e-468f-9582-8b46bb0e237c): Рестарт
[11:31:46] ProCto_DS (d3139add-473e-468f-9582-8b46bb0e237c): через 30 сек
[11:31:55] Apt_bolka (99791d25-cc6a-40d5-9fab-db8d91e26277): ну бл
[11:31:58] Apt_bolka (99791d25-cc6a-40d5-9fab-db8d91e26277): какой нах рестарт
[11:32:00] ProCto_DS (d3139add-473e-468f-9582-8b46bb0e237c): Заебись
[11:32:04] ProCto_DS (d3139add-473e-468f-9582-8b46bb0e237c): Ну наверно фикс дюпов
[11:32:31] Apt_bolka (99791d25-cc6a-40d5-9fab-db8d91e26277): вчера так же думали
[11:32:40] Stxywxthme (6ce0cde9-8c92-4c66-96ad-6bffb9dfc01b): аптечка спит же
[11:32:50] ProCto_DS (d3139add-473e-468f-9582-8b46bb0e237c): Хз
[11:32:52] ProCto_DS (d3139add-473e-468f-9582-8b46bb0e237c): что за рестарт
[11:32:56] ProCto_DS (d3139add-473e-468f-9582-8b46bb0e237c): Мне уведомление пришло
[11:33:01] ProCto_DS (d3139add-473e-468f-9582-8b46bb0e237c): рядом с инв
[11:33:04] ProCto_DS (d3139add-473e-468f-9582-8b46bb0e237c): Может ложное, хз
[11:33:08] ProCto_DS (d3139add-473e-468f-9582-8b46bb0e237c): кароч я жрать
[11:33:09] Apt_bolka (99791d25-cc6a-40d5-9fab-db8d91e26277): не ложное
[11:33:46] Stxywxthme (6ce0cde9-8c92-4c66-96ad-6bffb9dfc01b): кстати
[11:33:47] Stxywxthme (6ce0cde9-8c92-4c66-96ad-6bffb9dfc01b): катушки
[11:34:09] toshachuvak (b5335f0e-c83f-4704-ae6a-88cc15e7f6e9): это норм что блоки так долго выпадают?
[11:34:16] VladDoor (f83aa885-2487-4295-b366-193cd21d8701): да
[11:34:20] Stxywxthme (6ce0cde9-8c92-4c66-96ad-6bffb9dfc01b): сервер чет лагает
[11:34:20] ProCto_DS (d3139add-473e-468f-9582-8b46bb0e237c): я передумал жрать...
[11:34:22] Apt_bolka (99791d25-cc6a-40d5-9fab-db8d91e26277): д просто овер волд себя плохо чуствует
[11:34:39] Apt_bolka (99791d25-cc6a-40d5-9fab-db8d91e26277): в майнинг всё кайфы
[11:34:39] Stxywxthme (6ce0cde9-8c92-4c66-96ad-6bffb9dfc01b): блоки ломаются с задержкой
[11:34:44] Apt_bolka (99791d25-cc6a-40d5-9fab-db8d91e26277): потому что не кто не живёт
[11:35:47] ProCto_DS (d3139add-473e-468f-9582-8b46bb0e237c): куда повер?
[11:35:54] Apt_bolka (99791d25-cc6a-40d5-9fab-db8d91e26277): [p
[11:35:55] Apt_bolka (99791d25-cc6a-40d5-9fab-db8d91e26277): хз
[11:36:09] ProCto_DS (d3139add-473e-468f-9582-8b46bb0e237c): Всё
[11:36:13] ProCto_DS (d3139add-473e-468f-9582-8b46bb0e237c): Терь тп на ваш дом есть
[11:38:26] VladDoor (f83aa885-2487-4295-b366-193cd21d8701): ну которая
[11:38:28] VladDoor (f83aa885-2487-4295-b366-193cd21d8701): не пылька
[11:38:33] Apt_bolka (99791d25-cc6a-40d5-9fab-db8d91e26277): ?
[11:38:41] Apt_bolka (99791d25-cc6a-40d5-9fab-db8d91e26277): Слитки красные?
[11:38:42] VladDoor (f83aa885-2487-4295-b366-193cd21d8701): а из мистикал агрикультур
[11:38:44] Apt_bolka (99791d25-cc6a-40d5-9fab-db8d91e26277): аа
[11:38:58] gluck97 (6e22b281-f6f7-4195-adf6-e456b6680156): как найти Eezo руду?
[11:38:59] VladDoor (f83aa885-2487-4295-b366-193cd21d8701): держи
[11:39:07] ProCto_DS (d3139add-473e-468f-9582-8b46bb0e237c): ура
[11:39:10] ProCto_DS (d3139add-473e-468f-9582-8b46bb0e237c): повер зашёл
[11:39:15] ProCto_DS (d3139add-473e-468f-9582-8b46bb0e237c): глюк, тп
[11:39:22] VladDoor (f83aa885-2487-4295-b366-193cd21d8701): равноценный обмен
[11:39:25] VladDoor (f83aa885-2487-4295-b366-193cd21d8701): ну почти :)
[11:39:56] ProCto_DS (d3139add-473e-468f-9582-8b46bb0e237c): на
[11:40:08] Stxywxthme (6ce0cde9-8c92-4c66-96ad-6bffb9dfc01b): ?
[11:40:09] gluck97 (6e22b281-f6f7-4195-adf6-e456b6680156): спасибо
[11:40:12] ProCto_DS (d3139add-473e-468f-9582-8b46bb0e237c): нез
[11:40:18] ProCto_DS (d3139add-473e-468f-9582-8b46bb0e237c): Та просто рад когда ты на серваке
[11:40:26] Stxywxthme (6ce0cde9-8c92-4c66-96ad-6bffb9dfc01b): ааа
[11:40:28] gluck97 (6e22b281-f6f7-4195-adf6-e456b6680156): на какой высоте её искать?
[11:40:35] ProCto_DS (d3139add-473e-468f-9582-8b46bb0e237c): Она над бедроком спавнится
[11:40:43] gluck97 (6e22b281-f6f7-4195-adf6-e456b6680156): в низу?
[11:40:46] ProCto_DS (d3139add-473e-468f-9582-8b46bb0e237c): +
[11:41:01] gluck97 (6e22b281-f6f7-4195-adf6-e456b6680156): 3 часа копал ни одной не нашёл
[11:41:09] Stxywxthme (6ce0cde9-8c92-4c66-96ad-6bffb9dfc01b): кстати
[11:41:18] Stxywxthme (6ce0cde9-8c92-4c66-96ad-6bffb9dfc01b): надо бы холодильник сделать
[11:41:22] ProCto_DS (d3139add-473e-468f-9582-8b46bb0e237c): На
[11:41:24] ProCto_DS (d3139add-473e-468f-9582-8b46bb0e237c): Держи еще
[11:42:28] Stxywxthme (6ce0cde9-8c92-4c66-96ad-6bffb9dfc01b): у кого есть обчный мэ накопитель?
[11:42:43] Stxywxthme (6ce0cde9-8c92-4c66-96ad-6bffb9dfc01b): не улучшенный
[11:42:44] gluck97 (6e22b281-f6f7-4195-adf6-e456b6680156): abyssum её легче найти?
[11:42:59] ProCto_DS (d3139add-473e-468f-9582-8b46bb0e237c): Она в энде
[11:43:03] ProCto_DS (d3139add-473e-468f-9582-8b46bb0e237c): НА маленьких островах спавнится
[11:43:07] ProCto_DS (d3139add-473e-468f-9582-8b46bb0e237c): Ну ее немножко легче
[11:43:37] ProCto_DS (d3139add-473e-468f-9582-8b46bb0e237c): на
[11:43:53] gluck97 (6e22b281-f6f7-4195-adf6-e456b6680156): спасибо большое
[11:44:45] Apt_bolka (99791d25-cc6a-40d5-9fab-db8d91e26277): зачем?
[11:44:54] Stxywxthme (6ce0cde9-8c92-4c66-96ad-6bffb9dfc01b): ?
[11:44:56] Apt_bolka (99791d25-cc6a-40d5-9fab-db8d91e26277): эм
[11:45:09] Apt_bolka (99791d25-cc6a-40d5-9fab-db8d91e26277): зачем?
[11:45:17] Stxywxthme (6ce0cde9-8c92-4c66-96ad-6bffb9dfc01b): понятно
[11:45:20] Apt_bolka (99791d25-cc6a-40d5-9fab-db8d91e26277): ?
[11:45:24] Stxywxthme (6ce0cde9-8c92-4c66-96ad-6bffb9dfc01b): ну
[11:45:28] Apt_bolka (99791d25-cc6a-40d5-9fab-db8d91e26277): его разогреть надо
[11:45:32] Apt_bolka (99791d25-cc6a-40d5-9fab-db8d91e26277): по этом он там и стоит
[11:45:33] Stxywxthme (6ce0cde9-8c92-4c66-96ad-6bffb9dfc01b): у него слоты не фиксированные
[11:45:37] Apt_bolka (99791d25-cc6a-40d5-9fab-db8d91e26277): ааа
[11:45:39] Apt_bolka (99791d25-cc6a-40d5-9fab-db8d91e26277): ты про это
[11:45:52] Stxywxthme (6ce0cde9-8c92-4c66-96ad-6bffb9dfc01b): надо по-особенному заавтокрафтить
[11:45:54] toshachuvak (b5335f0e-c83f-4704-ae6a-88cc15e7f6e9): а приват тут сколько чанков?
[11:46:05] ProCto_DS (d3139add-473e-468f-9582-8b46bb0e237c): 4 привата, 2x2 чанка
[11:46:09] Stxywxthme (6ce0cde9-8c92-4c66-96ad-6bffb9dfc01b): крч
[11:46:17] toshachuvak (b5335f0e-c83f-4704-ae6a-88cc15e7f6e9): мда уж
[11:46:21] ProCto_DS (d3139add-473e-468f-9582-8b46bb0e237c): Точнее всего на серваке у игрока 4 привата
[11:46:26] Apt_bolka (99791d25-cc6a-40d5-9fab-db8d91e26277): Ура ура ура
[11:46:28] ProCto_DS (d3139add-473e-468f-9582-8b46bb0e237c): 1 приват макс 2на2 чанка
[11:46:34] Apt_bolka (99791d25-cc6a-40d5-9fab-db8d91e26277): улучшенный завод сплавов из IU
[11:46:37] ProCto_DS (d3139add-473e-468f-9582-8b46bb0e237c): получается куб 4на4 чанка
[11:47:13] toshachuvak (b5335f0e-c83f-4704-ae6a-88cc15e7f6e9): а приват с неба до бедрока или самому куб делать?
[11:47:25] ProCto_DS (d3139add-473e-468f-9582-8b46bb0e237c): Приватишь сперва
[11:47:33] ProCto_DS (d3139add-473e-468f-9582-8b46bb0e237c): потом пишешь команду /expand vert
[11:47:42] ProCto_DS (d3139add-473e-468f-9582-8b46bb0e237c): И он автоматически до вверха приватит
[11:48:49] Apt_bolka (99791d25-cc6a-40d5-9fab-db8d91e26277): кому подарить простой завод сплавов?
[11:49:00] ProCto_DS (d3139add-473e-468f-9582-8b46bb0e237c): из эндера?
[11:49:03] Apt_bolka (99791d25-cc6a-40d5-9fab-db8d91e26277): +
[11:49:07] ProCto_DS (d3139add-473e-468f-9582-8b46bb0e237c): яб не отказался)
[11:49:12] ProCto_DS (d3139add-473e-468f-9582-8b46bb0e237c): Провода сделаю)
[11:49:47] ProCto_DS (d3139add-473e-468f-9582-8b46bb0e237c): ?
[11:51:30] toshachuvak (b5335f0e-c83f-4704-ae6a-88cc15e7f6e9): а прочность почему так уходит неимоверно быстро?
[11:51:39] toshachuvak (b5335f0e-c83f-4704-ae6a-88cc15e7f6e9): а прочность почему так уходит неимоверно быстро?
[11:51:48] ProCto_DS (d3139add-473e-468f-9582-8b46bb0e237c): Из тинкера предметы делай
[11:51:54] ProCto_DS (d3139add-473e-468f-9582-8b46bb0e237c): ааа
[11:51:59] ProCto_DS (d3139add-473e-468f-9582-8b46bb0e237c): Рестарт через 10м
[11:53:13] ProCto_DS (d3139add-473e-468f-9582-8b46bb0e237c): ооо
[11:53:17] ProCto_DS (d3139add-473e-468f-9582-8b46bb0e237c): Новенькие заходят
[11:53:54] ProCto_DS (d3139add-473e-468f-9582-8b46bb0e237c): Обычный мэ терминал и вычислительный процессоры за приколюхи продадите?
[11:54:04] Apt_bolka (99791d25-cc6a-40d5-9fab-db8d91e26277): Повер
[11:54:05] Stxywxthme (6ce0cde9-8c92-4c66-96ad-6bffb9dfc01b): да
[11:54:07] Stxywxthme (6ce0cde9-8c92-4c66-96ad-6bffb9dfc01b): ?
[11:54:09] Apt_bolka (99791d25-cc6a-40d5-9fab-db8d91e26277): дай ему процесоры
[11:54:10] ProCto_DS (d3139add-473e-468f-9582-8b46bb0e237c): На
[11:54:19] Apt_bolka (99791d25-cc6a-40d5-9fab-db8d91e26277): я немного занят
[11:54:20] ProCto_DS (d3139add-473e-468f-9582-8b46bb0e237c): Стабилизируйте матрицу)
[11:54:29] ProCto_DS (d3139add-473e-468f-9582-8b46bb0e237c): я там 2 штуки стабилизиторов дал
[11:54:33] Stxywxthme (6ce0cde9-8c92-4c66-96ad-6bffb9dfc01b): по 10 процов
[11:54:35] ProCto_DS (d3139add-473e-468f-9582-8b46bb0e237c): А насчёт свечек
[11:54:41] ProCto_DS (d3139add-473e-468f-9582-8b46bb0e237c): Адские кирпичи кидаете в тигель
[11:54:44] ProCto_DS (d3139add-473e-468f-9582-8b46bb0e237c): Потом гнилая плоть
[11:54:48] ProCto_DS (d3139add-473e-468f-9582-8b46bb0e237c): И у вас дохуя свечек
[11:54:54] Stxywxthme (6ce0cde9-8c92-4c66-96ad-6bffb9dfc01b): пофиксили дюп
[11:55:10] ProCto_DS (d3139add-473e-468f-9582-8b46bb0e237c): (
[11:55:17] Stxywxthme (6ce0cde9-8c92-4c66-96ad-6bffb9dfc01b): жесть как медленно делаются
[11:55:26] ProCto_DS (d3139add-473e-468f-9582-8b46bb0e237c): Ну через ману дюпайте незерак
[11:55:42] galaxy3231 (d4f7a5f3-2cd4-40bf-b49f-e6b7300e0ce3): Ну вроде сборка кажется нормик
[11:55:47] galaxy3231 (d4f7a5f3-2cd4-40bf-b49f-e6b7300e0ce3): Ну вроде сборка кажется нормик
[11:57:22] Stxywxthme (6ce0cde9-8c92-4c66-96ad-6bffb9dfc01b): и как теперь зарядиться?
[11:57:49] ProCto_DS (d3139add-473e-468f-9582-8b46bb0e237c): не готов все еще?
[11:57:59] Stxywxthme (6ce0cde9-8c92-4c66-96ad-6bffb9dfc01b): не
[11:58:02] Stxywxthme (6ce0cde9-8c92-4c66-96ad-6bffb9dfc01b): пока делается
[11:58:13] ProCto_DS (d3139add-473e-468f-9582-8b46bb0e237c): А вопрос
[11:58:24] ProCto_DS (d3139add-473e-468f-9582-8b46bb0e237c): Почему объед панелей не сделаете?
[11:58:30] Stxywxthme (6ce0cde9-8c92-4c66-96ad-6bffb9dfc01b): сюда
[11:58:32] Apt_bolka (99791d25-cc6a-40d5-9fab-db8d91e26277): Он бесполезен
[11:58:43] Stxywxthme (6ce0cde9-8c92-4c66-96ad-6bffb9dfc01b): на
[11:58:43] Apt_bolka (99791d25-cc6a-40d5-9fab-db8d91e26277): там ток 2 панели можно ложить в 1 слот
[11:58:52] Stxywxthme (6ce0cde9-8c92-4c66-96ad-6bffb9dfc01b): эмм
[11:59:00] Stxywxthme (6ce0cde9-8c92-4c66-96ad-6bffb9dfc01b): ты не хочешь процессоры?
[11:59:10] ProCto_DS (d3139add-473e-468f-9582-8b46bb0e237c): вычислительный проц
[11:59:11] Stxywxthme (6ce0cde9-8c92-4c66-96ad-6bffb9dfc01b): ?
[11:59:13] ProCto_DS (d3139add-473e-468f-9582-8b46bb0e237c): И обычный терминал
[11:59:23] ProCto_DS (d3139add-473e-468f-9582-8b46bb0e237c): я магический терминал мучу
[11:59:30] Apt_bolka (99791d25-cc6a-40d5-9fab-db8d91e26277): Ура наполнитель
[11:59:42] ProCto_DS (d3139add-473e-468f-9582-8b46bb0e237c): Болка, терминал?)
[12:00:03] ProCto_DS (d3139add-473e-468f-9582-8b46bb0e237c): найс
[12:00:06] ProCto_DS (d3139add-473e-468f-9582-8b46bb0e237c): Болка терминал забрал
[12:00:08] ProCto_DS (d3139add-473e-468f-9582-8b46bb0e237c): И не отдаёт
[12:00:30] ProCto_DS (d3139add-473e-468f-9582-8b46bb0e237c): спс
[12:01:56] ProCto_DS (d3139add-473e-468f-9582-8b46bb0e237c): ПИЗДА
[12:26:12] Stxywxthme (6ce0cde9-8c92-4c66-96ad-6bffb9dfc01b): стабилизаторы
[12:28:15] ProCto_DS (d3139add-473e-468f-9582-8b46bb0e237c): хех
[12:28:19] ProCto_DS (d3139add-473e-468f-9582-8b46bb0e237c): Терь мэ с таумкрафтом
[12:28:23] VladDoor (f83aa885-2487-4295-b366-193cd21d8701): я зашел сюда
[12:28:30] ProCto_DS (d3139add-473e-468f-9582-8b46bb0e237c): Поздр
[12:28:35] VladDoor (f83aa885-2487-4295-b366-193cd21d8701): пасиба
[12:28:52] Stxywxthme (6ce0cde9-8c92-4c66-96ad-6bffb9dfc01b): ммм
[12:29:28] Apt_bolka (99791d25-cc6a-40d5-9fab-db8d91e26277): оно авто разлаживается
[12:31:09] Apt_bolka (99791d25-cc6a-40d5-9fab-db8d91e26277): хз
[12:31:27] Stxywxthme (6ce0cde9-8c92-4c66-96ad-6bffb9dfc01b): ммм
[12:31:51] Apt_bolka (99791d25-cc6a-40d5-9fab-db8d91e26277): Нужны доски пропитанного дерева из астрала
[12:31:59] Stxywxthme (6ce0cde9-8c92-4c66-96ad-6bffb9dfc01b): естьц
[12:32:05] Apt_bolka (99791d25-cc6a-40d5-9fab-db8d91e26277): Можешь сделать
[12:33:36] Apt_bolka (99791d25-cc6a-40d5-9fab-db8d91e26277): спасиб
[12:37:22] Apt_bolka (99791d25-cc6a-40d5-9fab-db8d91e26277): СЮДААаааааааа
[12:38:44] Apt_bolka (99791d25-cc6a-40d5-9fab-db8d91e26277): яйцо дракона в мольку будет сердце)
[12:38:45] VladDoor (f83aa885-2487-4295-b366-193cd21d8701): теперь можна жить
[12:38:52] Apt_bolka (99791d25-cc6a-40d5-9fab-db8d91e26277): дааа.. теперь жить можно
[12:38:52] VladDoor (f83aa885-2487-4295-b366-193cd21d8701): ааааа
[12:38:54] [CAPS] VladDoor (f83aa885-2487-4295-b366-193cd21d8701): хаахахаха
[12:39:11] VladDoor (f83aa885-2487-4295-b366-193cd21d8701): а скок у тебя яиц? тысяч
[12:39:19] Apt_bolka (99791d25-cc6a-40d5-9fab-db8d91e26277): 80
[12:39:20] Apt_bolka (99791d25-cc6a-40d5-9fab-db8d91e26277): штук
[12:39:34] VladDoor (f83aa885-2487-4295-b366-193cd21d8701): долго убивал)?
[12:39:53] VladDoor (f83aa885-2487-4295-b366-193cd21d8701): лан я пошел дальше дерево ставить
[12:39:55] Apt_bolka (99791d25-cc6a-40d5-9fab-db8d91e26277): как выключить дальность около прицела пишется
[12:40:11] Stxywxthme (6ce0cde9-8c92-4c66-96ad-6bffb9dfc01b): на K
[12:40:14] galaxy3231 (d4f7a5f3-2cd4-40bf-b49f-e6b7300e0ce3): л
[12:40:16] Apt_bolka (99791d25-cc6a-40d5-9fab-db8d91e26277): Спасиб
[12:40:21] Apt_bolka (99791d25-cc6a-40d5-9fab-db8d91e26277): Спасиб
[12:40:28] Apt_bolka (99791d25-cc6a-40d5-9fab-db8d91e26277): такс я отойду пока тчо
[12:40:32] Stxywxthme (6ce0cde9-8c92-4c66-96ad-6bffb9dfc01b): jr
[12:40:42] Stxywxthme (6ce0cde9-8c92-4c66-96ad-6bffb9dfc01b): у меня шаблонный интерфейс
[12:49:13] ProCto_DS (d3139add-473e-468f-9582-8b46bb0e237c): Бедный влад
[12:50:06] VladDoor (f83aa885-2487-4295-b366-193cd21d8701): да я того рот ебал
[12:50:35] Apt_bolka (99791d25-cc6a-40d5-9fab-db8d91e26277): я тут
[12:50:49] Stxywxthme (6ce0cde9-8c92-4c66-96ad-6bffb9dfc01b): ок
[12:50:58] ProCto_DS (d3139add-473e-468f-9582-8b46bb0e237c): я вот сижу жарю...
[12:50:58] Apt_bolka (99791d25-cc6a-40d5-9fab-db8d91e26277): не чо се ты
[12:51:17] Apt_bolka (99791d25-cc6a-40d5-9fab-db8d91e26277): Можешь тогда все сплавы как спластинами сделал
[12:51:44] Stxywxthme (6ce0cde9-8c92-4c66-96ad-6bffb9dfc01b): ок
[12:55:09] Apt_bolka (99791d25-cc6a-40d5-9fab-db8d91e26277): уран имба
[12:57:45] VladDoor (f83aa885-2487-4295-b366-193cd21d8701): ну хотябы
[12:57:52] VladDoor (f83aa885-2487-4295-b366-193cd21d8701): зашел
[12:58:54] Stxywxthme (6ce0cde9-8c92-4c66-96ad-6bffb9dfc01b): так
[12:59:00] Stxywxthme (6ce0cde9-8c92-4c66-96ad-6bffb9dfc01b): все на обычном сделал
[12:59:10] Stxywxthme (6ce0cde9-8c92-4c66-96ad-6bffb9dfc01b): теперь улучшенный
[12:59:45] VladDoor (f83aa885-2487-4295-b366-193cd21d8701): ы
[13:02:48] ProCto_DS (d3139add-473e-468f-9582-8b46bb0e237c): У вас есть проблемы с глиной песком и гравием?)
[13:02:54] Apt_bolka (99791d25-cc6a-40d5-9fab-db8d91e26277): нету
[13:02:56] Apt_bolka (99791d25-cc6a-40d5-9fab-db8d91e26277): Дахрена
[13:03:01] VladDoor (f83aa885-2487-4295-b366-193cd21d8701): ProCto_DS боль
[13:03:06] ProCto_DS (d3139add-473e-468f-9582-8b46bb0e237c): Та я спец машинку буду делать)
[13:03:15] ProCto_DS (d3139add-473e-468f-9582-8b46bb0e237c): На
[13:03:16] Apt_bolka (99791d25-cc6a-40d5-9fab-db8d91e26277): у нас дробитель есть
[13:03:21] VladDoor (f83aa885-2487-4295-b366-193cd21d8701): какой
[13:03:24] Apt_bolka (99791d25-cc6a-40d5-9fab-db8d91e26277): а вот за это спасибо
[13:03:26] VladDoor (f83aa885-2487-4295-b366-193cd21d8701): обычный?
[13:03:27] VladDoor (f83aa885-2487-4295-b366-193cd21d8701): ик?
[13:03:41] Apt_bolka (99791d25-cc6a-40d5-9fab-db8d91e26277): я случайно в глобал
[13:04:31] Apt_bolka (99791d25-cc6a-40d5-9fab-db8d91e26277): Кому продать спавнер с визер скелетами
[13:04:41] Apt_bolka (99791d25-cc6a-40d5-9fab-db8d91e26277): ой обычные скелеты
[13:05:13] ProCto_DS (d3139add-473e-468f-9582-8b46bb0e237c): ааа
[13:05:18] ProCto_DS (d3139add-473e-468f-9582-8b46bb0e237c): Набор обновления нужен
[13:05:20] ProCto_DS (d3139add-473e-468f-9582-8b46bb0e237c): Твоюж
[13:06:32] Stxywxthme (6ce0cde9-8c92-4c66-96ad-6bffb9dfc01b): все сплавый
[13:06:39] Stxywxthme (6ce0cde9-8c92-4c66-96ad-6bffb9dfc01b): сплавы
[13:06:44] Stxywxthme (6ce0cde9-8c92-4c66-96ad-6bffb9dfc01b): кроме синала
[13:06:49] Stxywxthme (6ce0cde9-8c92-4c66-96ad-6bffb9dfc01b): и эндериума
[13:06:52] Apt_bolka (99791d25-cc6a-40d5-9fab-db8d91e26277): имба
[13:07:17] Apt_bolka (99791d25-cc6a-40d5-9fab-db8d91e26277): и проводов и всё имба будет
[13:07:20] Stxywxthme (6ce0cde9-8c92-4c66-96ad-6bffb9dfc01b): а где завод сплавов
[13:07:24] Apt_bolka (99791d25-cc6a-40d5-9fab-db8d91e26277): а я его снёс
[13:07:27] Stxywxthme (6ce0cde9-8c92-4c66-96ad-6bffb9dfc01b): мм
[13:07:29] Stxywxthme (6ce0cde9-8c92-4c66-96ad-6bffb9dfc01b): он нужен
[13:07:30] Apt_bolka (99791d25-cc6a-40d5-9fab-db8d91e26277): я хочу получше Сделать
[13:07:49] Apt_bolka (99791d25-cc6a-40d5-9fab-db8d91e26277): Сделай пока провода я сделаю завод
[13:07:55] Stxywxthme (6ce0cde9-8c92-4c66-96ad-6bffb9dfc01b): какие
[13:08:11] Apt_bolka (99791d25-cc6a-40d5-9fab-db8d91e26277): индастревские
[13:08:14] Stxywxthme (6ce0cde9-8c92-4c66-96ad-6bffb9dfc01b): я сделаю крафты в производителе
[13:08:15] ProCto_DS (d3139add-473e-468f-9582-8b46bb0e237c): Из термала
[13:08:15] Apt_bolka (99791d25-cc6a-40d5-9fab-db8d91e26277): Авто крафт
[13:08:24] Stxywxthme (6ce0cde9-8c92-4c66-96ad-6bffb9dfc01b): все провода?
[13:08:39] Apt_bolka (99791d25-cc6a-40d5-9fab-db8d91e26277): ну Медные там Оловяныые
[13:08:41] Apt_bolka (99791d25-cc6a-40d5-9fab-db8d91e26277): Ну основные
[13:08:59] ProCto_DS (d3139add-473e-468f-9582-8b46bb0e237c): ?
[14:55:44] ProCto_DS (d3139add-473e-468f-9582-8b46bb0e237c): Нергалофф
[14:55:55] Nergaloff (88da800e-1614-4c65-ace8-c18f7e99e914): f
[14:55:56] ProCto_DS (d3139add-473e-468f-9582-8b46bb0e237c): продашь усиленный набор обновления из термала
[14:55:59] ProCto_DS (d3139add-473e-468f-9582-8b46bb0e237c): gg
[14:56:03] Nergaloff (88da800e-1614-4c65-ace8-c18f7e99e914): у меня нет
[14:56:09] ProCto_DS (d3139add-473e-468f-9582-8b46bb0e237c): сделать?(
[14:56:17] Nergaloff (88da800e-1614-4c65-ace8-c18f7e99e914): не сейчас
[14:56:35] ProCto_DS (d3139add-473e-468f-9582-8b46bb0e237c): Ну дядь, го, мне он сильно нужен для дальнейшего продвижения
[14:57:55] Nergaloff (88da800e-1614-4c65-ace8-c18f7e99e914): а че ни один автокрафт не работает
[14:58:02] ProCto_DS (d3139add-473e-468f-9582-8b46bb0e237c): Ну блять
[14:58:05] ProCto_DS (d3139add-473e-468f-9582-8b46bb0e237c): сглазил
[14:58:05] Nergaloff (88da800e-1614-4c65-ace8-c18f7e99e914): процессоры не видит
[14:58:43] ProCto_DS (d3139add-473e-468f-9582-8b46bb0e237c): у меня видит)
[14:58:46] ProCto_DS (d3139add-473e-468f-9582-8b46bb0e237c): аа
[14:58:48] ProCto_DS (d3139add-473e-468f-9582-8b46bb0e237c): Ну пон
[14:59:08] Nergaloff (88da800e-1614-4c65-ace8-c18f7e99e914): радикальное решение
[14:59:10] Nergaloff (88da800e-1614-4c65-ace8-c18f7e99e914): очень
[14:59:11] ProCto_DS (d3139add-473e-468f-9582-8b46bb0e237c): ?
[14:59:24] Nergaloff (88da800e-1614-4c65-ace8-c18f7e99e914): походу
[14:59:29] ProCto_DS (d3139add-473e-468f-9582-8b46bb0e237c): Нетрун
[14:59:31] ProCto_DS (d3139add-473e-468f-9582-8b46bb0e237c): Даров
[14:59:46] ProCto_DS (d3139add-473e-468f-9582-8b46bb0e237c): Нет мэ, привет дурка
[14:59:59] Nergaloff (88da800e-1614-4c65-ace8-c18f7e99e914): +
[15:02:31] ProCto_DS (d3139add-473e-468f-9582-8b46bb0e237c): Болка
[15:02:36] Apt_bolka (99791d25-cc6a-40d5-9fab-db8d91e26277): такс
[15:02:37] ProCto_DS (d3139add-473e-468f-9582-8b46bb0e237c): Хоть ты продашь набор этот?
[15:02:44] Apt_bolka (99791d25-cc6a-40d5-9fab-db8d91e26277): заказываем ещё 100 пласти)
[15:02:48] [CAPS] ProCto_DS (d3139add-473e-468f-9582-8b46bb0e237c): стоять
[15:02:50] ProCto_DS (d3139add-473e-468f-9582-8b46bb0e237c): 101
[15:03:08] Apt_bolka (99791d25-cc6a-40d5-9fab-db8d91e26277): о бл скрафтились 97
[15:03:11] Apt_bolka (99791d25-cc6a-40d5-9fab-db8d91e26277): где ещё 3
[15:03:13] ProCto_DS (d3139add-473e-468f-9582-8b46bb0e237c): хах
[15:03:22] ProCto_DS (d3139add-473e-468f-9582-8b46bb0e237c): Сервак забрал за ущерб
[15:03:42] Apt_bolka (99791d25-cc6a-40d5-9fab-db8d91e26277): прикольно статус крафта открыть не могу
[15:03:50] Apt_bolka (99791d25-cc6a-40d5-9fab-db8d91e26277): а ну пинг 1736
[15:04:41] ProCto_DS (d3139add-473e-468f-9582-8b46bb0e237c): Как жизнь
[15:04:49] Apt_bolka (99791d25-cc6a-40d5-9fab-db8d91e26277): норм
[15:04:53] Apt_bolka (99791d25-cc6a-40d5-9fab-db8d91e26277): я отойду
[15:04:57] ProCto_DS (d3139add-473e-468f-9582-8b46bb0e237c): Набор за это сделаешь?)
[15:05:04] Apt_bolka (99791d25-cc6a-40d5-9fab-db8d91e26277): сделаю
[15:05:07] Apt_bolka (99791d25-cc6a-40d5-9fab-db8d91e26277): позже
[15:05:09] ProCto_DS (d3139add-473e-468f-9582-8b46bb0e237c): держи
[15:05:14] ProCto_DS (d3139add-473e-468f-9582-8b46bb0e237c): Оки
[15:05:31] Nindly (eb4d01d7-785b-433a-88b6-26b920632b5b): Какая там нужна территория для алтаря из таума ?
[15:07:36] Apt_bolka (99791d25-cc6a-40d5-9fab-db8d91e26277): какой тебе набор там?
[15:07:46] ProCto_DS (d3139add-473e-468f-9582-8b46bb0e237c): Усиленный
[15:08:31] Apt_bolka (99791d25-cc6a-40d5-9fab-db8d91e26277): ммм я заказывать не могу
[15:08:38] Apt_bolka (99791d25-cc6a-40d5-9fab-db8d91e26277): что нужно сделать?
[15:11:13] ProCto_DS (d3139add-473e-468f-9582-8b46bb0e237c): Nergaloff
[15:11:17] ProCto_DS (d3139add-473e-468f-9582-8b46bb0e237c): Что ему сделать?
[15:11:25] Nergaloff (88da800e-1614-4c65-ace8-c18f7e99e914): ?
[15:11:32] ProCto_DS (d3139add-473e-468f-9582-8b46bb0e237c): Чтоб автокрафты заработали)
[15:11:38] Nergaloff (88da800e-1614-4c65-ace8-c18f7e99e914): у меня тоже не работают
[15:11:41] Nergaloff (88da800e-1614-4c65-ace8-c18f7e99e914): я хз
[15:11:47] Apt_bolka (99791d25-cc6a-40d5-9fab-db8d91e26277): круто
[15:11:53] Apt_bolka (99791d25-cc6a-40d5-9fab-db8d91e26277): пишем аптечки
[15:11:57] Apt_bolka (99791d25-cc6a-40d5-9fab-db8d91e26277): сервер починил
[15:12:03] Apt_bolka (99791d25-cc6a-40d5-9fab-db8d91e26277): но Автокрафты сломал
[15:12:07] Apt_bolka (99791d25-cc6a-40d5-9fab-db8d91e26277): но Автокрафты сломал
[15:12:08] ProCto_DS (d3139add-473e-468f-9582-8b46bb0e237c): Походу те пластины не докрафтились...
[15:12:22] Apt_bolka (99791d25-cc6a-40d5-9fab-db8d91e26277): видимо
[15:14:30] Nergaloff (88da800e-1614-4c65-ace8-c18f7e99e914): ProCto_DS а у тебя работают автокрафты?
[15:14:42] ProCto_DS (d3139add-473e-468f-9582-8b46bb0e237c): Их у меня даже нету :)
[15:14:52] Nergaloff (88da800e-1614-4c65-ace8-c18f7e99e914): понял
[15:14:53] ProCto_DS (d3139add-473e-468f-9582-8b46bb0e237c): Но могу предметы с той незаприваченной базы стырить_)
[15:21:50] ProCto_DS (d3139add-473e-468f-9582-8b46bb0e237c): Каеф
[15:21:51] ProCto_DS (d3139add-473e-468f-9582-8b46bb0e237c): же)
[15:22:51] ProCto_DS (d3139add-473e-468f-9582-8b46bb0e237c): а всё началось с пластин...
[15:24:31] ProCto_DS (d3139add-473e-468f-9582-8b46bb0e237c): компактор для шестерёнок есть?
[15:24:34] Nindly (eb4d01d7-785b-433a-88b6-26b920632b5b): fly
[15:24:36] Apt_bolka (99791d25-cc6a-40d5-9fab-db8d91e26277): lf
[15:24:37] Apt_bolka (99791d25-cc6a-40d5-9fab-db8d91e26277): да
[15:24:44] Apt_bolka (99791d25-cc6a-40d5-9fab-db8d91e26277): Жди
[15:24:47] ProCto_DS (d3139add-473e-468f-9582-8b46bb0e237c): Жаль нету набора, сам сделал(
[15:25:31] ProCto_DS (d3139add-473e-468f-9582-8b46bb0e237c): всё?
[15:27:05] ProCto_DS (d3139add-473e-468f-9582-8b46bb0e237c): Хмм
[15:27:44] ProCto_DS (d3139add-473e-468f-9582-8b46bb0e237c): шестерни?
[15:28:00] Apt_bolka (99791d25-cc6a-40d5-9fab-db8d91e26277): а
[15:28:05] Nergaloff (88da800e-1614-4c65-ace8-c18f7e99e914): Apt_bolka перезапусти лаунчер, чтоб автокрафты заработали
[15:28:14] ProCto_DS (d3139add-473e-468f-9582-8b46bb0e237c): стой
[15:28:15] ProCto_DS (d3139add-473e-468f-9582-8b46bb0e237c): На
[15:28:21] Apt_bolka (99791d25-cc6a-40d5-9fab-db8d91e26277): на
[15:28:27] ProCto_DS (d3139add-473e-468f-9582-8b46bb0e237c): Когда набор сделаешь
[15:28:29] ProCto_DS (d3139add-473e-468f-9582-8b46bb0e237c): Тп на мой дом
[15:28:35] ProCto_DS (d3139add-473e-468f-9582-8b46bb0e237c): Там рядом с адской печью
[15:28:39] ProCto_DS (d3139add-473e-468f-9582-8b46bb0e237c): Есть голодный сундук
[15:28:44] ProCto_DS (d3139add-473e-468f-9582-8b46bb0e237c): Надним кинь набор
[15:28:46] ProCto_DS (d3139add-473e-468f-9582-8b46bb0e237c): Он заберёт
[15:28:49] ProCto_DS (d3139add-473e-468f-9582-8b46bb0e237c): а я пошёл
[15:29:29] Nergaloff (88da800e-1614-4c65-ace8-c18f7e99e914): а ещё 100 пластин спокойно заводятся
[15:29:43] Apt_bolka (99791d25-cc6a-40d5-9fab-db8d91e26277): у меня авто крафт не робит
[15:33:50] Apt_bolka (99791d25-cc6a-40d5-9fab-db8d91e26277): хорошо не буду
[15:46:00] Stxywxthme (6ce0cde9-8c92-4c66-96ad-6bffb9dfc01b): жесть
[15:46:14] Stxywxthme (6ce0cde9-8c92-4c66-96ad-6bffb9dfc01b): 2к пинга
[15:48:06] Stxywxthme (6ce0cde9-8c92-4c66-96ad-6bffb9dfc01b): болка?
[15:48:19] Stxywxthme (6ce0cde9-8c92-4c66-96ad-6bffb9dfc01b): понятно
[15:49:05] Apt_bolka (99791d25-cc6a-40d5-9fab-db8d91e26277): а?
[15:49:12] Stxywxthme (6ce0cde9-8c92-4c66-96ad-6bffb9dfc01b): да так
[15:49:56] Apt_bolka (99791d25-cc6a-40d5-9fab-db8d91e26277): Кст я сделал
[15:50:04] Apt_bolka (99791d25-cc6a-40d5-9fab-db8d91e26277): чекай
[15:50:52] Stxywxthme (6ce0cde9-8c92-4c66-96ad-6bffb9dfc01b): норм
[15:54:26] Apt_bolka (99791d25-cc6a-40d5-9fab-db8d91e26277): надо заавтокрафтить Все микросхемы дивана
[15:54:38] Apt_bolka (99791d25-cc6a-40d5-9fab-db8d91e26277): я пока буду авто крафтить avaritia
[15:54:47] Stxywxthme (6ce0cde9-8c92-4c66-96ad-6bffb9dfc01b): ок
[15:54:57] Stxywxthme (6ce0cde9-8c92-4c66-96ad-6bffb9dfc01b): зачем ты в глобал сказал?
[15:55:44] Stxywxthme (6ce0cde9-8c92-4c66-96ad-6bffb9dfc01b): я пока пластик сделаю
[15:55:57] Apt_bolka (99791d25-cc6a-40d5-9fab-db8d91e26277): Случайно
[15:56:03] Apt_bolka (99791d25-cc6a-40d5-9fab-db8d91e26277): Короче я щя перезапущу лаунчер
[15:56:07] Apt_bolka (99791d25-cc6a-40d5-9fab-db8d91e26277): А то у меня 1 баг
[15:56:12] Stxywxthme (6ce0cde9-8c92-4c66-96ad-6bffb9dfc01b): какой
[15:58:39] Nindly (eb4d01d7-785b-433a-88b6-26b920632b5b): Где найти Близза из термала ?
[15:59:12] Nergaloff (88da800e-1614-4c65-ace8-c18f7e99e914): очень редко в холодных биомах спавнятся, но я этих биомов тут ни разу не видел
[16:05:22] Nindly (eb4d01d7-785b-433a-88b6-26b920632b5b): Куплю коричневый краситель
[16:15:51] Stxywxthme (6ce0cde9-8c92-4c66-96ad-6bffb9dfc01b): играем
[16:16:20] Stxywxthme (6ce0cde9-8c92-4c66-96ad-6bffb9dfc01b): завтра понедельник :skull:
[16:16:48] Stxywxthme (6ce0cde9-8c92-4c66-96ad-6bffb9dfc01b): :ok:
[16:16:53] Stxywxthme (6ce0cde9-8c92-4c66-96ad-6bffb9dfc01b): :ok:
[16:17:38] Nergaloff (88da800e-1614-4c65-ace8-c18f7e99e914): у меня в агусте др, можно подарок экстерном
[16:18:09] Nergaloff (88da800e-1614-4c65-ace8-c18f7e99e914): 24
[16:19:01] Stxywxthme (6ce0cde9-8c92-4c66-96ad-6bffb9dfc01b): звездная руда фармится с квант карьера :gem:
[16:19:48] Apt_bolka (99791d25-cc6a-40d5-9fab-db8d91e26277): угу
[16:24:10] Apt_bolka (99791d25-cc6a-40d5-9fab-db8d91e26277): Блять везде надо форестри
[16:24:30] Stxywxthme (6ce0cde9-8c92-4c66-96ad-6bffb9dfc01b): пора пчелок делать?
[16:24:34] Apt_bolka (99791d25-cc6a-40d5-9fab-db8d91e26277): мгм
[16:24:40] Stxywxthme (6ce0cde9-8c92-4c66-96ad-6bffb9dfc01b): понятно
[16:24:48] Stxywxthme (6ce0cde9-8c92-4c66-96ad-6bffb9dfc01b): ты знаешь пчеловодство?
[16:24:54] Apt_bolka (99791d25-cc6a-40d5-9fab-db8d91e26277): +
[16:25:03] Stxywxthme (6ce0cde9-8c92-4c66-96ad-6bffb9dfc01b): выведешь нужные?
[16:25:09] Apt_bolka (99791d25-cc6a-40d5-9fab-db8d91e26277): Да ток нужны мехи
[16:25:20] Apt_bolka (99791d25-cc6a-40d5-9fab-db8d91e26277): Промышленая пасек
[16:25:28] Stxywxthme (6ce0cde9-8c92-4c66-96ad-6bffb9dfc01b): у нас много
[16:25:37] Apt_bolka (99791d25-cc6a-40d5-9fab-db8d91e26277): уу ну тогда кайф
[16:25:43] Stxywxthme (6ce0cde9-8c92-4c66-96ad-6bffb9dfc01b): правда наверное кучу энергии сожрут
[16:25:57] Apt_bolka (99791d25-cc6a-40d5-9fab-db8d91e26277): мутатрон ещё надо
[16:27:41] Apt_bolka (99791d25-cc6a-40d5-9fab-db8d91e26277): Вроде вс
[16:27:51] Stxywxthme (6ce0cde9-8c92-4c66-96ad-6bffb9dfc01b): мб руды основные руды отправить сюда
[16:28:00] Apt_bolka (99791d25-cc6a-40d5-9fab-db8d91e26277): надо бы
[16:28:26] Stxywxthme (6ce0cde9-8c92-4c66-96ad-6bffb9dfc01b): ммм
[16:28:27] Stxywxthme (6ce0cde9-8c92-4c66-96ad-6bffb9dfc01b): астрал
[16:29:31] Stxywxthme (6ce0cde9-8c92-4c66-96ad-6bffb9dfc01b): armara
[16:32:41] Apt_bolka (99791d25-cc6a-40d5-9fab-db8d91e26277): хотите?
[16:33:30] Apt_bolka (99791d25-cc6a-40d5-9fab-db8d91e26277): как я рад что над пчеловодами не издеваются и не переделывают крафты в моде Gendustry
[16:33:53] Apt_bolka (99791d25-cc6a-40d5-9fab-db8d91e26277): ну почти
[16:36:10] Apt_bolka (99791d25-cc6a-40d5-9fab-db8d91e26277): я пчеловод.. Сигарету закурив
[16:36:30] Apt_bolka (99791d25-cc6a-40d5-9fab-db8d91e26277): А теперь мне надо
[16:36:32] Apt_bolka (99791d25-cc6a-40d5-9fab-db8d91e26277): Очень
[16:36:34] Apt_bolka (99791d25-cc6a-40d5-9fab-db8d91e26277): ОЧЕНЬ
[16:36:35] Apt_bolka (99791d25-cc6a-40d5-9fab-db8d91e26277): МНОГО
[16:36:37] Apt_bolka (99791d25-cc6a-40d5-9fab-db8d91e26277): ПЧЁЛ
[16:36:45] Apt_bolka (99791d25-cc6a-40d5-9fab-db8d91e26277): Я ими занимаюсь 2 года..
[16:36:47] Apt_bolka (99791d25-cc6a-40d5-9fab-db8d91e26277): не погублю
[16:36:50] Stxywxthme (6ce0cde9-8c92-4c66-96ad-6bffb9dfc01b): скупатором по миру бегать
[16:36:53] Apt_bolka (99791d25-cc6a-40d5-9fab-db8d91e26277): с увереностью говорю
[16:37:02] Apt_bolka (99791d25-cc6a-40d5-9fab-db8d91e26277): А есть тут цветок который Пчёл дропает
[16:37:06] Apt_bolka (99791d25-cc6a-40d5-9fab-db8d91e26277): Ульцей
[16:37:11] Stxywxthme (6ce0cde9-8c92-4c66-96ad-6bffb9dfc01b): хз
[16:37:49] Apt_bolka (99791d25-cc6a-40d5-9fab-db8d91e26277): нету
[16:37:54] Apt_bolka (99791d25-cc6a-40d5-9fab-db8d91e26277): бегай по миру ищи ульи
[16:38:01] Stxywxthme (6ce0cde9-8c92-4c66-96ad-6bffb9dfc01b): я?
[16:38:32] Apt_bolka (99791d25-cc6a-40d5-9fab-db8d91e26277): да
[16:38:42] Apt_bolka (99791d25-cc6a-40d5-9fab-db8d91e26277): Принеси мне пчёл)
[16:38:50] Apt_bolka (99791d25-cc6a-40d5-9fab-db8d91e26277): вроде
[16:41:20] Apt_bolka (99791d25-cc6a-40d5-9fab-db8d91e26277): абсалютно всё в пчёл уперается
[16:41:37] Apt_bolka (99791d25-cc6a-40d5-9fab-db8d91e26277): Аптечка может добавишь цветок который пчёл регенит в свой мод?
[16:45:20] Stxywxthme (6ce0cde9-8c92-4c66-96ad-6bffb9dfc01b): нормально?
[16:46:56] Stxywxthme (6ce0cde9-8c92-4c66-96ad-6bffb9dfc01b): хмм
[16:47:16] Apt_bolka (99791d25-cc6a-40d5-9fab-db8d91e26277): пххп
[16:47:32] Apt_bolka (99791d25-cc6a-40d5-9fab-db8d91e26277): норм чо стобой?
[16:47:35] Apt_bolka (99791d25-cc6a-40d5-9fab-db8d91e26277): в дс ответь
[16:48:18] Stxywxthme (6ce0cde9-8c92-4c66-96ad-6bffb9dfc01b): какая-то хрень со мной творится
[16:48:29] Stxywxthme (6ce0cde9-8c92-4c66-96ad-6bffb9dfc01b): у меня пинг был 0
[16:51:21] Stxywxthme (6ce0cde9-8c92-4c66-96ad-6bffb9dfc01b): а я всего лишь рпт прописал
[16:51:58] Stxywxthme (6ce0cde9-8c92-4c66-96ad-6bffb9dfc01b): болка
[16:52:02] Stxywxthme (6ce0cde9-8c92-4c66-96ad-6bffb9dfc01b): тут куча цветов
[16:52:15] Stxywxthme (6ce0cde9-8c92-4c66-96ad-6bffb9dfc01b): взять парочку?
[16:52:19] Apt_bolka (99791d25-cc6a-40d5-9fab-db8d91e26277): хз
[16:52:23] Apt_bolka (99791d25-cc6a-40d5-9fab-db8d91e26277): хочешь возьми
[16:54:01] Stxywxthme (6ce0cde9-8c92-4c66-96ad-6bffb9dfc01b): у кого рядом есть болото?
[17:00:20] Apt_bolka (99791d25-cc6a-40d5-9fab-db8d91e26277): ок
[17:03:39] Nergaloff (88da800e-1614-4c65-ace8-c18f7e99e914): 1700 -200 болото
[17:08:58] Apt_bolka (99791d25-cc6a-40d5-9fab-db8d91e26277): я отойду
[17:17:23] AETERNAL (6015b02d-f272-4154-8209-5e3b23bbc09c): у кого проблемы с флаксом были
[17:17:26] Nindly (eb4d01d7-785b-433a-88b6-26b920632b5b): +
[17:17:40] Nindly (eb4d01d7-785b-433a-88b6-26b920632b5b): вот
[17:17:49] Nindly (eb4d01d7-785b-433a-88b6-26b920632b5b): эти 2
[17:18:16] Nindly (eb4d01d7-785b-433a-88b6-26b920632b5b): о
[17:18:29] Nindly (eb4d01d7-785b-433a-88b6-26b920632b5b): благодарю
[17:19:07] AETERNAL (6015b02d-f272-4154-8209-5e3b23bbc09c): пробуй
[17:19:10] AETERNAL (6015b02d-f272-4154-8209-5e3b23bbc09c): дал владельца
[17:19:21] Nindly (eb4d01d7-785b-433a-88b6-26b920632b5b): работает
[17:19:24] Nindly (eb4d01d7-785b-433a-88b6-26b920632b5b): спасибо
[17:20:04] AETERNAL (6015b02d-f272-4154-8209-5e3b23bbc09c): насчёт ресурспаков
[17:20:45] AETERNAL (6015b02d-f272-4154-8209-5e3b23bbc09c): изменение заблокировано из соображений безопасности
[17:20:49] AETERNAL (6015b02d-f272-4154-8209-5e3b23bbc09c): xray итд
[17:20:55] Nindly (eb4d01d7-785b-433a-88b6-26b920632b5b): оу
[17:21:00] AETERNAL (6015b02d-f272-4154-8209-5e3b23bbc09c): можешь предложить ресрспак в дс
[17:21:05] AETERNAL (6015b02d-f272-4154-8209-5e3b23bbc09c): мб добавлю
[17:21:20] Nindly (eb4d01d7-785b-433a-88b6-26b920632b5b): стандартый faitful
[17:21:27] Nindly (eb4d01d7-785b-433a-88b6-26b920632b5b): c поддержкой модов
[17:21:40] Nergaloff (88da800e-1614-4c65-ace8-c18f7e99e914): так через обсу делать можно
[17:21:46] AETERNAL (6015b02d-f272-4154-8209-5e3b23bbc09c): вот и идём в дс, ищем предложения во вкладе NewDawn
[17:21:52] AETERNAL (6015b02d-f272-4154-8209-5e3b23bbc09c): и ссылочку на него
[17:21:54] Nindly (eb4d01d7-785b-433a-88b6-26b920632b5b): добро
[17:22:01] Nindly (eb4d01d7-785b-433a-88b6-26b920632b5b): спасибо
[17:23:42] Stxywxthme (6ce0cde9-8c92-4c66-96ad-6bffb9dfc01b): ммм
[17:23:45] Stxywxthme (6ce0cde9-8c92-4c66-96ad-6bffb9dfc01b): мм
[17:24:04] Stxywxthme (6ce0cde9-8c92-4c66-96ad-6bffb9dfc01b): эффекты маяка действуют вне зоны маяка
[17:24:26] Stxywxthme (6ce0cde9-8c92-4c66-96ad-6bffb9dfc01b): ?
[17:24:29] Stxywxthme (6ce0cde9-8c92-4c66-96ad-6bffb9dfc01b): зачем пришел
[17:24:29] AETERNAL (6015b02d-f272-4154-8209-5e3b23bbc09c): всмысле
[17:24:33] AETERNAL (6015b02d-f272-4154-8209-5e3b23bbc09c): маск
[17:24:33] Nergaloff (88da800e-1614-4c65-ace8-c18f7e99e914): AETERNAL, починишь крафт укреплённого фильтра, усиленного и укреп серво?
[17:24:35] AETERNAL (6015b02d-f272-4154-8209-5e3b23bbc09c): маяк
[17:24:47] Stxywxthme (6ce0cde9-8c92-4c66-96ad-6bffb9dfc01b): маяк рядом с астралом ты че
[17:25:02] Stxywxthme (6ce0cde9-8c92-4c66-96ad-6bffb9dfc01b): смотри как я руками машу
[17:25:04] AETERNAL (6015b02d-f272-4154-8209-5e3b23bbc09c): ничё не понял
[17:25:06] AETERNAL (6015b02d-f272-4154-8209-5e3b23bbc09c): ну ладно
[17:25:23] AETERNAL (6015b02d-f272-4154-8209-5e3b23bbc09c): ага...
[17:25:25] Stxywxthme (6ce0cde9-8c92-4c66-96ad-6bffb9dfc01b): это я маяком ускорил
[17:25:52] AETERNAL (6015b02d-f272-4154-8209-5e3b23bbc09c): перки астрала для кого придумали
[17:25:59] Stxywxthme (6ce0cde9-8c92-4c66-96ad-6bffb9dfc01b): хз
[17:26:12] Stxywxthme (6ce0cde9-8c92-4c66-96ad-6bffb9dfc01b): всего 1 создвездие можно наложить
[17:26:18] Stxywxthme (6ce0cde9-8c92-4c66-96ad-6bffb9dfc01b): тп
[17:26:41] Stxywxthme (6ce0cde9-8c92-4c66-96ad-6bffb9dfc01b): призрачная линза
[17:26:54] Stxywxthme (6ce0cde9-8c92-4c66-96ad-6bffb9dfc01b): дает эффекты в мире
[17:27:01] Stxywxthme (6ce0cde9-8c92-4c66-96ad-6bffb9dfc01b): в котором он установлен
[17:27:07] Stxywxthme (6ce0cde9-8c92-4c66-96ad-6bffb9dfc01b): без прогрузки
[17:27:09] AETERNAL (6015b02d-f272-4154-8209-5e3b23bbc09c): прикольно
[17:27:41] gluck97 (6e22b281-f6f7-4195-adf6-e456b6680156): ой
[17:27:45] gluck97 (6e22b281-f6f7-4195-adf6-e456b6680156): напугал
[17:27:51] AETERNAL (6015b02d-f272-4154-8209-5e3b23bbc09c): а как иначе
[17:28:05] Stxywxthme (6ce0cde9-8c92-4c66-96ad-6bffb9dfc01b): на счет пчел
[17:28:23] AETERNAL (6015b02d-f272-4154-8209-5e3b23bbc09c): починю
[17:28:27] Stxywxthme (6ce0cde9-8c92-4c66-96ad-6bffb9dfc01b): ммм
[17:28:27] Nergaloff (88da800e-1614-4c65-ace8-c18f7e99e914): спасибо
[17:28:28] AETERNAL (6015b02d-f272-4154-8209-5e3b23bbc09c): потом как нибудь
[17:28:30] AETERNAL (6015b02d-f272-4154-8209-5e3b23bbc09c): ЖВ
[17:28:31] Stxywxthme (6ce0cde9-8c92-4c66-96ad-6bffb9dfc01b): пчелы
[17:28:31] AETERNAL (6015b02d-f272-4154-8209-5e3b23bbc09c): :D
[17:28:35] Nergaloff (88da800e-1614-4c65-ace8-c18f7e99e914): ыыы
[17:28:38] Nergaloff (88da800e-1614-4c65-ace8-c18f7e99e914): шина нужна
[17:28:47] Nergaloff (88da800e-1614-4c65-ace8-c18f7e99e914): а там фильтр
[17:28:54] Nergaloff (88da800e-1614-4c65-ace8-c18f7e99e914): хотя ладно пока интерфейсом обойдусь
[17:28:56] VladDoor (f83aa885-2487-4295-b366-193cd21d8701): Привет
[17:29:01] Stxywxthme (6ce0cde9-8c92-4c66-96ad-6bffb9dfc01b): ку
[17:29:03] AETERNAL (6015b02d-f272-4154-8209-5e3b23bbc09c): могу обменять
[17:29:05] AETERNAL (6015b02d-f272-4154-8209-5e3b23bbc09c): на ресі
[17:29:18] Nergaloff (88da800e-1614-4c65-ace8-c18f7e99e914): о ща
[17:29:29] Nergaloff (88da800e-1614-4c65-ace8-c18f7e99e914): а бля не, лень
[17:29:31] Nergaloff (88da800e-1614-4c65-ace8-c18f7e99e914): потом как нибудь
[17:31:21] AETERNAL (6015b02d-f272-4154-8209-5e3b23bbc09c): чёт эти разбрызгиватели слишком имбовые для своего крафта
[17:31:28] Nergaloff (88da800e-1614-4c65-ace8-c18f7e99e914): ага
[17:33:00] AETERNAL (6015b02d-f272-4154-8209-5e3b23bbc09c): как тебе такое
[17:33:13] Nergaloff (88da800e-1614-4c65-ace8-c18f7e99e914): ахах
[17:33:14] Nergaloff (88da800e-1614-4c65-ace8-c18f7e99e914): да да
[17:33:18] Nergaloff (88da800e-1614-4c65-ace8-c18f7e99e914): тоже пользовался
[17:33:35] Nindly (eb4d01d7-785b-433a-88b6-26b920632b5b): Куплю деоксид кремния
[17:34:07] Stxywxthme (6ce0cde9-8c92-4c66-96ad-6bffb9dfc01b): я тут
[17:34:09] Apt_bolka (99791d25-cc6a-40d5-9fab-db8d91e26277): что случилось?
[17:34:20] VladDoor (f83aa885-2487-4295-b366-193cd21d8701): ?
[17:34:24] Stxywxthme (6ce0cde9-8c92-4c66-96ad-6bffb9dfc01b): ничего впринципе
[17:34:27] Apt_bolka (99791d25-cc6a-40d5-9fab-db8d91e26277): Что аш аптечка зашла
[17:34:31] Stxywxthme (6ce0cde9-8c92-4c66-96ad-6bffb9dfc01b): на
[17:34:40] Apt_bolka (99791d25-cc6a-40d5-9fab-db8d91e26277): о магад поко
[17:34:45] Apt_bolka (99791d25-cc6a-40d5-9fab-db8d91e26277): Спасибо
[17:34:46] AETERNAL (6015b02d-f272-4154-8209-5e3b23bbc09c): это откуда
[17:34:51] Stxywxthme (6ce0cde9-8c92-4c66-96ad-6bffb9dfc01b): думаю хватит
[17:34:52] AETERNAL (6015b02d-f272-4154-8209-5e3b23bbc09c): квг
[17:34:58] Apt_bolka (99791d25-cc6a-40d5-9fab-db8d91e26277): на первое время должнл
[17:34:58] VladDoor (f83aa885-2487-4295-b366-193cd21d8701): это запрещенка
[17:35:09] VladDoor (f83aa885-2487-4295-b366-193cd21d8701): а че
[17:35:15] VladDoor (f83aa885-2487-4295-b366-193cd21d8701): а там еще дохуя
[17:35:17] AETERNAL (6015b02d-f272-4154-8209-5e3b23bbc09c): конфискую
[17:35:21] VladDoor (f83aa885-2487-4295-b366-193cd21d8701): запасы на все время
[17:35:24] VladDoor (f83aa885-2487-4295-b366-193cd21d8701): на весь вайп
[17:35:27] VladDoor (f83aa885-2487-4295-b366-193cd21d8701): имеются
[17:35:32] Apt_bolka (99791d25-cc6a-40d5-9fab-db8d91e26277): Можешь Трубы жидкостные сделать?
[17:35:41] Apt_bolka (99791d25-cc6a-40d5-9fab-db8d91e26277): а ненадо
[17:35:56] Stxywxthme (6ce0cde9-8c92-4c66-96ad-6bffb9dfc01b): норм
[17:36:00] Stxywxthme (6ce0cde9-8c92-4c66-96ad-6bffb9dfc01b): могу сделать легкий
[17:36:04] Stxywxthme (6ce0cde9-8c92-4c66-96ad-6bffb9dfc01b): легкие
[17:36:11] Stxywxthme (6ce0cde9-8c92-4c66-96ad-6bffb9dfc01b): которые по 100-200
[17:37:57] Stxywxthme (6ce0cde9-8c92-4c66-96ad-6bffb9dfc01b): чтобы сделать через материю?
[17:38:21] VladDoor (f83aa885-2487-4295-b366-193cd21d8701): там один басейн получаеца
[17:38:24] VladDoor (f83aa885-2487-4295-b366-193cd21d8701): и 1 гайи
[17:38:26] VladDoor (f83aa885-2487-4295-b366-193cd21d8701): это мое
[17:40:31] Apt_bolka (99791d25-cc6a-40d5-9fab-db8d91e26277): ты ток луговых принёс
[17:40:34] Stxywxthme (6ce0cde9-8c92-4c66-96ad-6bffb9dfc01b): да
[17:40:54] Apt_bolka (99791d25-cc6a-40d5-9fab-db8d91e26277): ну мне надо бы ещё и лесные
[17:41:26] Apt_bolka (99791d25-cc6a-40d5-9fab-db8d91e26277): Админ можно ты мне Пасек даш? которые по миру спавнятся пока Цветок не сделал
[17:41:32] Apt_bolka (99791d25-cc6a-40d5-9fab-db8d91e26277): так по крафтам
[17:41:42] Apt_bolka (99791d25-cc6a-40d5-9fab-db8d91e26277): надо много что по пчёлам
[17:41:50] Stxywxthme (6ce0cde9-8c92-4c66-96ad-6bffb9dfc01b): по стаку улей всех
[17:43:32] Apt_bolka (99791d25-cc6a-40d5-9fab-db8d91e26277): да
[17:44:07] Apt_bolka (99791d25-cc6a-40d5-9fab-db8d91e26277): по стаку ульев во как называется
[17:44:10] Stxywxthme (6ce0cde9-8c92-4c66-96ad-6bffb9dfc01b): ты видел буфер энергии?
[17:44:13] Apt_bolka (99791d25-cc6a-40d5-9fab-db8d91e26277): спасиб что напомнил
[17:44:27] Apt_bolka (99791d25-cc6a-40d5-9fab-db8d91e26277): захер мне курицы
[17:44:30] Apt_bolka (99791d25-cc6a-40d5-9fab-db8d91e26277): они соты дают?
[17:44:30] Stxywxthme (6ce0cde9-8c92-4c66-96ad-6bffb9dfc01b): 102 миллионов
[17:44:38] Apt_bolka (99791d25-cc6a-40d5-9fab-db8d91e26277): фигня
[17:45:59] Apt_bolka (99791d25-cc6a-40d5-9fab-db8d91e26277): в дс видел?
[17:46:11] Apt_bolka (99791d25-cc6a-40d5-9fab-db8d91e26277): Зачем мне ресы бл мне соты нужны
[17:47:15] Apt_bolka (99791d25-cc6a-40d5-9fab-db8d91e26277): Админ Ульи выдашь? пожалуйста)
[17:52:04] VladDoor (f83aa885-2487-4295-b366-193cd21d8701): я эти раздюпал кароч и мне стало лень их открывать
[17:52:26] VladDoor (f83aa885-2487-4295-b366-193cd21d8701): так а че ты их просто не закинешь туда?
[17:52:30] VladDoor (f83aa885-2487-4295-b366-193cd21d8701): эти ящики
[17:55:19] Apt_bolka (99791d25-cc6a-40d5-9fab-db8d91e26277): интересно дадут ли нам пизды или ульей?
[17:55:30] Stxywxthme (6ce0cde9-8c92-4c66-96ad-6bffb9dfc01b): хз
[17:55:39] Stxywxthme (6ce0cde9-8c92-4c66-96ad-6bffb9dfc01b): но ульи точно должны дать
[17:55:50] Stxywxthme (6ce0cde9-8c92-4c66-96ad-6bffb9dfc01b): ведь генерация сломана
[17:55:58] Stxywxthme (6ce0cde9-8c92-4c66-96ad-6bffb9dfc01b): ульи почти не найти
[17:56:27] Apt_bolka (99791d25-cc6a-40d5-9fab-db8d91e26277): Убираем
[17:56:30] Nindly (eb4d01d7-785b-433a-88b6-26b920632b5b): Куплю голову крипера
[17:56:32] Apt_bolka (99791d25-cc6a-40d5-9fab-db8d91e26277): чекай чат афтер лайфа
[17:56:56] Stxywxthme (6ce0cde9-8c92-4c66-96ad-6bffb9dfc01b): да
[17:57:39] Apt_bolka (99791d25-cc6a-40d5-9fab-db8d91e26277): Сжигай нах
[17:58:20] Stxywxthme (6ce0cde9-8c92-4c66-96ad-6bffb9dfc01b): для кого мусорка придумана
[17:58:37] AETERNAL (6015b02d-f272-4154-8209-5e3b23bbc09c): удаляйте, удаляйте пока я тут занят
[17:58:54] Stxywxthme (6ce0cde9-8c92-4c66-96ad-6bffb9dfc01b): вообще что мы дюпали
[18:02:23] VladDoor (f83aa885-2487-4295-b366-193cd21d8701): го без бана
[18:02:27] VladDoor (f83aa885-2487-4295-b366-193cd21d8701): чисто регенка
[18:02:55] VladDoor (f83aa885-2487-4295-b366-193cd21d8701): трясет че то
[18:03:38] VladDoor (f83aa885-2487-4295-b366-193cd21d8701): 1 fps
[18:03:54] Stxywxthme (6ce0cde9-8c92-4c66-96ad-6bffb9dfc01b): ?
[18:05:05] VladDoor (f83aa885-2487-4295-b366-193cd21d8701): а тут взрывы работают шоль?
[18:05:14] AETERNAL (6015b02d-f272-4154-8209-5e3b23bbc09c): для админов всё работает
[18:10:14] Stxywxthme (6ce0cde9-8c92-4c66-96ad-6bffb9dfc01b): а все
[18:10:28] Apt_bolka (99791d25-cc6a-40d5-9fab-db8d91e26277): в дс зайди
[18:10:32] Stxywxthme (6ce0cde9-8c92-4c66-96ad-6bffb9dfc01b): зашел
[18:10:42] Stxywxthme (6ce0cde9-8c92-4c66-96ad-6bffb9dfc01b): он сказал что больше не будет чекать
[18:11:05] Apt_bolka (99791d25-cc6a-40d5-9fab-db8d91e26277): подойди
[18:11:08] Apt_bolka (99791d25-cc6a-40d5-9fab-db8d91e26277): чекай
[18:11:39] Stxywxthme (6ce0cde9-8c92-4c66-96ad-6bffb9dfc01b): ну
[18:11:41] Stxywxthme (6ce0cde9-8c92-4c66-96ad-6bffb9dfc01b): мало
[18:11:49] Apt_bolka (99791d25-cc6a-40d5-9fab-db8d91e26277): ну это базовое
[18:11:49] Stxywxthme (6ce0cde9-8c92-4c66-96ad-6bffb9dfc01b): пусть стоит
[18:11:54] Apt_bolka (99791d25-cc6a-40d5-9fab-db8d91e26277): отойди
[18:12:05] Stxywxthme (6ce0cde9-8c92-4c66-96ad-6bffb9dfc01b): палевно
[18:28:36] LucKefir (4e9a468e-dcee-4495-981b-16afc62515ef): ку
[18:28:37] Shick (1e509a89-d5e1-4571-bec0-bbd919826fe9): ку
[18:28:45] Shick (1e509a89-d5e1-4571-bec0-bbd919826fe9): аптечка
[18:28:49] Shick (1e509a89-d5e1-4571-bec0-bbd919826fe9): ну не обижайся
[18:29:00] Shick (1e509a89-d5e1-4571-bec0-bbd919826fe9): ты сам говорил проверить сервер на дюпы
[18:29:03] Shick (1e509a89-d5e1-4571-bec0-bbd919826fe9): мы и проверяли
[18:29:10] galaxy3231 (d4f7a5f3-2cd4-40bf-b49f-e6b7300e0ce3): yes
[18:29:54] galaxy3231 (d4f7a5f3-2cd4-40bf-b49f-e6b7300e0ce3): da
[18:31:33] AETERNAL (6015b02d-f272-4154-8209-5e3b23bbc09c): прячете хорошо
[18:31:36] Shick (1e509a89-d5e1-4571-bec0-bbd919826fe9): ?
[18:31:43] LucKefir (4e9a468e-dcee-4495-981b-16afc62515ef): прячем?))
[18:31:47] AETERNAL (6015b02d-f272-4154-8209-5e3b23bbc09c): да ничё ничё
[18:31:51] AETERNAL (6015b02d-f272-4154-8209-5e3b23bbc09c): мысли в слух
[18:31:55] Shick (1e509a89-d5e1-4571-bec0-bbd919826fe9): аптечка блять
[18:31:58] Shick (1e509a89-d5e1-4571-bec0-bbd919826fe9): че ты обижаешься
[18:32:01] Shick (1e509a89-d5e1-4571-bec0-bbd919826fe9): можешь ответить?
[18:32:08] AETERNAL (6015b02d-f272-4154-8209-5e3b23bbc09c): я на вас и не обижался
[18:32:09] Shick (1e509a89-d5e1-4571-bec0-bbd919826fe9): мы с тобой бл играем с цифразии
[18:32:13] Shick (1e509a89-d5e1-4571-bec0-bbd919826fe9): а ты игноришь в лс меня
[18:32:17] Shick (1e509a89-d5e1-4571-bec0-bbd919826fe9): вчера злой был
[18:32:21] AETERNAL (6015b02d-f272-4154-8209-5e3b23bbc09c): а что ты писал
[18:32:31] Shick (1e509a89-d5e1-4571-bec0-bbd919826fe9): ну для начала аптечка
[18:33:43] AETERNAL (6015b02d-f272-4154-8209-5e3b23bbc09c): ящики отдавайте только и я ухожу
[18:33:49] Shick (1e509a89-d5e1-4571-bec0-bbd919826fe9): какие ящики бл
[18:33:54] AETERNAL (6015b02d-f272-4154-8209-5e3b23bbc09c): термал
[18:34:03] Shick (1e509a89-d5e1-4571-bec0-bbd919826fe9): дак мы их не делали больше
[18:34:11] Shick (1e509a89-d5e1-4571-bec0-bbd919826fe9): ты их забанил нахуй
[18:34:30] AETERNAL (6015b02d-f272-4154-8209-5e3b23bbc09c): ну то что их скрафтить нельзя != не существует в мире
[18:35:13] Shick (1e509a89-d5e1-4571-bec0-bbd919826fe9): откат был сервера, не крафтили больше их
[18:35:16] Shick (1e509a89-d5e1-4571-bec0-bbd919826fe9): вчера
[18:35:43] Apt_bolka (99791d25-cc6a-40d5-9fab-db8d91e26277): ./invsee /ec
[18:35:59] Apt_bolka (99791d25-cc6a-40d5-9fab-db8d91e26277): аптечка тебе на заметку
[18:36:10] Stxywxthme (6ce0cde9-8c92-4c66-96ad-6bffb9dfc01b): заработало?
[18:37:08] Stxywxthme (6ce0cde9-8c92-4c66-96ad-6bffb9dfc01b): тебе нужен был лесной улей?
[18:37:25] Apt_bolka (99791d25-cc6a-40d5-9fab-db8d91e26277): конкурсы будут
[18:38:21] Apt_bolka (99791d25-cc6a-40d5-9fab-db8d91e26277): +
[18:38:45] Stxywxthme (6ce0cde9-8c92-4c66-96ad-6bffb9dfc01b): я нашел лесной улей
[18:38:55] Shick (1e509a89-d5e1-4571-bec0-bbd919826fe9): ку
[18:38:59] Apt_bolka (99791d25-cc6a-40d5-9fab-db8d91e26277): хай
[18:39:10] Stxywxthme (6ce0cde9-8c92-4c66-96ad-6bffb9dfc01b): еще какие нужны
[18:39:11] Shick (1e509a89-d5e1-4571-bec0-bbd919826fe9): как дела?
[18:39:19] Apt_bolka (99791d25-cc6a-40d5-9fab-db8d91e26277): Спокойно
[18:39:27] Apt_bolka (99791d25-cc6a-40d5-9fab-db8d91e26277): у вас
[18:39:33] Shick (1e509a89-d5e1-4571-bec0-bbd919826fe9): да вот аптечка че то ищет
[18:39:43] LucKefir (4e9a468e-dcee-4495-981b-16afc62515ef): прилетел показывать дюп на нотном блоке?
[18:40:05] Apt_bolka (99791d25-cc6a-40d5-9fab-db8d91e26277): Успокой своего друга а то я сказал отлетит в мут
[18:40:20] Shick (1e509a89-d5e1-4571-bec0-bbd919826fe9): да как я его успокою он же не собака моя
[18:40:28] Apt_bolka (99791d25-cc6a-40d5-9fab-db8d91e26277): ну так сделай чтоб был собакой
[18:40:31] LucKefir (4e9a468e-dcee-4495-981b-16afc62515ef): чё успокой, нормально же общались, ты сказал, что тепнишься и покажешь
[18:40:44] Shick (1e509a89-d5e1-4571-bec0-bbd919826fe9): все тихо
[18:40:48] Shick (1e509a89-d5e1-4571-bec0-bbd919826fe9): не агрессиру
[18:40:49] Shick (1e509a89-d5e1-4571-bec0-bbd919826fe9): й
[18:40:54] Apt_bolka (99791d25-cc6a-40d5-9fab-db8d91e26277): интересно что я собрался показывать то го чего нету?
[18:41:05] Shick (1e509a89-d5e1-4571-bec0-bbd919826fe9): а че прилетел тогда?
[18:41:11] Apt_bolka (99791d25-cc6a-40d5-9fab-db8d91e26277): просто
[18:41:29] Shick (1e509a89-d5e1-4571-bec0-bbd919826fe9): все надюпаное отдал?
[18:41:35] LucKefir (4e9a468e-dcee-4495-981b-16afc62515ef): ты говорил, что покажешь нам новый дюп, если нет, то и чеши лесом отсюда
[18:41:37] Apt_bolka (99791d25-cc6a-40d5-9fab-db8d91e26277): я и не дюпал
[18:41:45] Shick (1e509a89-d5e1-4571-bec0-bbd919826fe9): вчера
[18:41:54] Shick (1e509a89-d5e1-4571-bec0-bbd919826fe9): у тебя же из панелей было дюп написано
[18:41:55] Apt_bolka (99791d25-cc6a-40d5-9fab-db8d91e26277): Вчера я тоже не дюпал
[18:42:10] Apt_bolka (99791d25-cc6a-40d5-9fab-db8d91e26277): Это было Оч давно когда я ток дюп нашол
[18:42:19] Apt_bolka (99791d25-cc6a-40d5-9fab-db8d91e26277): я сразу же убрал
[18:42:20] Shick (1e509a89-d5e1-4571-bec0-bbd919826fe9): дак отдал?
[18:42:25] Stxywxthme (6ce0cde9-8c92-4c66-96ad-6bffb9dfc01b): на сервер есть что-то кроме пустыни?
[18:42:26] Apt_bolka (99791d25-cc6a-40d5-9fab-db8d91e26277): я Сжог
[18:42:31] Apt_bolka (99791d25-cc6a-40d5-9fab-db8d91e26277): +
[18:42:38] Stxywxthme (6ce0cde9-8c92-4c66-96ad-6bffb9dfc01b): джунгли там болото
[18:43:04] Apt_bolka (99791d25-cc6a-40d5-9fab-db8d91e26277): К вам вопрос
[18:43:09] Shick (1e509a89-d5e1-4571-bec0-bbd919826fe9): м?
[18:43:10] Apt_bolka (99791d25-cc6a-40d5-9fab-db8d91e26277): 4к изюмов откуда
[18:43:14] AETERNAL (6015b02d-f272-4154-8209-5e3b23bbc09c): Nindly
[18:43:17] Apt_bolka (99791d25-cc6a-40d5-9fab-db8d91e26277): Блоков при этом
[18:43:27] Apt_bolka (99791d25-cc6a-40d5-9fab-db8d91e26277): 1к Алм блоков
[18:43:32] LucKefir (4e9a468e-dcee-4495-981b-16afc62515ef): накопали
[18:43:33] Shick (1e509a89-d5e1-4571-bec0-bbd919826fe9): дак накопали
[18:43:38] Stxywxthme (6ce0cde9-8c92-4c66-96ad-6bffb9dfc01b): есть
[18:43:41] Shick (1e509a89-d5e1-4571-bec0-bbd919826fe9): а че?
[18:43:46] Apt_bolka (99791d25-cc6a-40d5-9fab-db8d91e26277): Интересно как вы так копали
[18:43:48] Shick (1e509a89-d5e1-4571-bec0-bbd919826fe9): ты же тоже копал
[18:43:57] Shick (1e509a89-d5e1-4571-bec0-bbd919826fe9): в твайлайт мире копали
[18:43:58] Apt_bolka (99791d25-cc6a-40d5-9fab-db8d91e26277): ммм оказывается я копал
[18:44:13] Stxywxthme (6ce0cde9-8c92-4c66-96ad-6bffb9dfc01b): что за мод
[18:44:23] Stxywxthme (6ce0cde9-8c92-4c66-96ad-6bffb9dfc01b): у нас нет такого
[18:44:34] Shick (1e509a89-d5e1-4571-bec0-bbd919826fe9): у тебя карик стоит
[18:44:37] Shick (1e509a89-d5e1-4571-bec0-bbd919826fe9): ты же тоже копал
[18:44:40] Shick (1e509a89-d5e1-4571-bec0-bbd919826fe9): а мы копались
[18:44:43] Shick (1e509a89-d5e1-4571-bec0-bbd919826fe9): в шахтах
[18:44:48] Apt_bolka (99791d25-cc6a-40d5-9fab-db8d91e26277): я уже рассказывал аптечке про улейцынт
[18:45:12] Shick (1e509a89-d5e1-4571-bec0-bbd919826fe9): булка
[18:45:14] Shick (1e509a89-d5e1-4571-bec0-bbd919826fe9): знай
[18:45:16] Shick (1e509a89-d5e1-4571-bec0-bbd919826fe9): мусора бляди
[18:45:25] Apt_bolka (99791d25-cc6a-40d5-9fab-db8d91e26277): асуждаю такое
[18:45:31] Shick (1e509a89-d5e1-4571-bec0-bbd919826fe9): а что осуждать
[18:46:05] Apt_bolka (99791d25-cc6a-40d5-9fab-db8d91e26277): Слушай как можно накопать 4к Блоков Изумруда?
[18:46:10] Apt_bolka (99791d25-cc6a-40d5-9fab-db8d91e26277): За 1 день
[18:46:11] Shick (1e509a89-d5e1-4571-bec0-bbd919826fe9): показать?
[18:46:13] LucKefir (4e9a468e-dcee-4495-981b-16afc62515ef): легко
[18:46:21] Shick (1e509a89-d5e1-4571-bec0-bbd919826fe9): бери молот
[18:46:26] Shick (1e509a89-d5e1-4571-bec0-bbd919826fe9): кобальтовый
[18:46:29] Shick (1e509a89-d5e1-4571-bec0-bbd919826fe9): оселков
[18:46:30] Shick (1e509a89-d5e1-4571-bec0-bbd919826fe9): дохуч
[18:46:30] Apt_bolka (99791d25-cc6a-40d5-9fab-db8d91e26277): чел они ток в горах спавнятся
[18:46:35] Shick (1e509a89-d5e1-4571-bec0-bbd919826fe9): кто они
[18:46:40] Apt_bolka (99791d25-cc6a-40d5-9fab-db8d91e26277): Изумруды
[18:46:42] Shick (1e509a89-d5e1-4571-bec0-bbd919826fe9): нет
[18:46:44] LucKefir (4e9a468e-dcee-4495-981b-16afc62515ef): а ты про жилы не знал?
[18:46:44] Shick (1e509a89-d5e1-4571-bec0-bbd919826fe9): не только
[18:48:36] Shick (1e509a89-d5e1-4571-bec0-bbd919826fe9): я был лучшего мнение о тебе булка
[18:49:32] Apt_bolka (99791d25-cc6a-40d5-9fab-db8d91e26277): лучшего?
[18:49:40] Apt_bolka (99791d25-cc6a-40d5-9fab-db8d91e26277): вам рассказывать как вы меня Подставили?
[18:49:52] Apt_bolka (99791d25-cc6a-40d5-9fab-db8d91e26277): я был тоже о вас лучшего Мнения)
[18:50:04] Shick (1e509a89-d5e1-4571-bec0-bbd919826fe9): дак
[18:50:11] Shick (1e509a89-d5e1-4571-bec0-bbd919826fe9): ты сказал ты не держишь обиду
[18:50:18] Shick (1e509a89-d5e1-4571-bec0-bbd919826fe9): зачем ты щас подставляешь нас?
[18:50:20] Shick (1e509a89-d5e1-4571-bec0-bbd919826fe9): ты же не бане
[18:50:24] Shick (1e509a89-d5e1-4571-bec0-bbd919826fe9): ты допизделся
[18:50:26] Shick (1e509a89-d5e1-4571-bec0-bbd919826fe9): все хорошо
[18:50:29] Apt_bolka (99791d25-cc6a-40d5-9fab-db8d91e26277): Я вас не подстовляю
[18:50:34] Shick (1e509a89-d5e1-4571-bec0-bbd919826fe9): нахуй щас жизнь портить друг другу
[18:56:17] LucKefir (4e9a468e-dcee-4495-981b-16afc62515ef): А мы что, а мы ничего, булка на нас обиделся, смонтировал видео и теперь гонит на нас
[18:56:27] LucKefir (4e9a468e-dcee-4495-981b-16afc62515ef): А мы честно копали часа 4 всё это
[18:57:13] Shick (1e509a89-d5e1-4571-bec0-bbd919826fe9): Профи в чем?
[18:57:15] Shick (1e509a89-d5e1-4571-bec0-bbd919826fe9): Дюпе?
[18:57:38] Shick (1e509a89-d5e1-4571-bec0-bbd919826fe9): Да мы дюпали, вчера из на нас откат сделали сервера, мы получили пизды за это
[18:57:48] LucKefir (4e9a468e-dcee-4495-981b-16afc62515ef): Вот вы думаете, что мы дюпали, а это булка вам голову морочит, до честных игроков докопался
[18:58:17] Shick (1e509a89-d5e1-4571-bec0-bbd919826fe9): Он со мной
[18:58:38] Shick (1e509a89-d5e1-4571-bec0-bbd919826fe9): А что жаль?
[18:59:14] Shick (1e509a89-d5e1-4571-bec0-bbd919826fe9): ./rg i
[18:59:23] Stxywxthme (6ce0cde9-8c92-4c66-96ad-6bffb9dfc01b): перелистал весь лексикон
[18:59:32] Stxywxthme (6ce0cde9-8c92-4c66-96ad-6bffb9dfc01b): ничего не нашел про улейцинты
[18:59:33] LucKefir (4e9a468e-dcee-4495-981b-16afc62515ef): За что вы так с ним
[19:00:11] Stxywxthme (6ce0cde9-8c92-4c66-96ad-6bffb9dfc01b): +
[19:00:20] Stxywxthme (6ce0cde9-8c92-4c66-96ad-6bffb9dfc01b): все ливнули
[19:00:40] Stxywxthme (6ce0cde9-8c92-4c66-96ad-6bffb9dfc01b): на сервере 3 человека
[19:00:47] Stxywxthme (6ce0cde9-8c92-4c66-96ad-6bffb9dfc01b): 2 из них афк
[19:01:03] Stxywxthme (6ce0cde9-8c92-4c66-96ad-6bffb9dfc01b): только я онлайн
[19:01:20] Stxywxthme (6ce0cde9-8c92-4c66-96ad-6bffb9dfc01b): ?
[19:01:37] Stxywxthme (6ce0cde9-8c92-4c66-96ad-6bffb9dfc01b): нет
[19:04:44] Apt_bolka (99791d25-cc6a-40d5-9fab-db8d91e26277): Спасиб
[19:05:34] Apt_bolka (99791d25-cc6a-40d5-9fab-db8d91e26277): Нету цветов
[19:05:42] Apt_bolka (99791d25-cc6a-40d5-9fab-db8d91e26277): Поставь Землю
[19:05:57] Stxywxthme (6ce0cde9-8c92-4c66-96ad-6bffb9dfc01b): земля одна
[19:06:02] Apt_bolka (99791d25-cc6a-40d5-9fab-db8d91e26277): пхпхп
[19:06:11] Apt_bolka (99791d25-cc6a-40d5-9fab-db8d91e26277): земли нету нормально
[19:06:17] Stxywxthme (6ce0cde9-8c92-4c66-96ad-6bffb9dfc01b): 1 есть
[19:06:22] Stxywxthme (6ce0cde9-8c92-4c66-96ad-6bffb9dfc01b): надо раздюпать
[19:06:26] Stxywxthme (6ce0cde9-8c92-4c66-96ad-6bffb9dfc01b): ахаххаха
[19:06:31] Apt_bolka (99791d25-cc6a-40d5-9fab-db8d91e26277): харош чел
[19:07:10] Apt_bolka (99791d25-cc6a-40d5-9fab-db8d91e26277): щя улучшения поделаю
[19:07:24] Stxywxthme (6ce0cde9-8c92-4c66-96ad-6bffb9dfc01b): жесть он жрет
[19:07:31] Stxywxthme (6ce0cde9-8c92-4c66-96ad-6bffb9dfc01b): лучше так сделаю
[19:08:10] Stxywxthme (6ce0cde9-8c92-4c66-96ad-6bffb9dfc01b): ес что у меня 24 улушения
[19:08:44] Apt_bolka (99791d25-cc6a-40d5-9fab-db8d91e26277): Ускорь
[19:09:17] Apt_bolka (99791d25-cc6a-40d5-9fab-db8d91e26277): анализатор надо скрафтить
[19:09:28] Apt_bolka (99791d25-cc6a-40d5-9fab-db8d91e26277): и центрифугу
[19:09:35] Stxywxthme (6ce0cde9-8c92-4c66-96ad-6bffb9dfc01b): анал лизатор
[19:09:39] Apt_bolka (99791d25-cc6a-40d5-9fab-db8d91e26277): хахахха
[19:09:53] Stxywxthme (6ce0cde9-8c92-4c66-96ad-6bffb9dfc01b): центр и фуга
[19:10:21] Apt_bolka (99791d25-cc6a-40d5-9fab-db8d91e26277): Сделай анализатор
[19:10:28] Stxywxthme (6ce0cde9-8c92-4c66-96ad-6bffb9dfc01b): анал лизатор сделаю
[19:10:32] Apt_bolka (99791d25-cc6a-40d5-9fab-db8d91e26277): пхпхп
[19:10:33] Apt_bolka (99791d25-cc6a-40d5-9fab-db8d91e26277): делай)
[19:11:38] Apt_bolka (99791d25-cc6a-40d5-9fab-db8d91e26277): Я отойду
[19:11:49] Stxywxthme (6ce0cde9-8c92-4c66-96ad-6bffb9dfc01b): ок
[19:15:15] Stxywxthme (6ce0cde9-8c92-4c66-96ad-6bffb9dfc01b): вроде оно
[19:15:28] Stxywxthme (6ce0cde9-8c92-4c66-96ad-6bffb9dfc01b): болка
[19:22:27] gluck97 (6e22b281-f6f7-4195-adf6-e456b6680156): как прокачать на молоте ширину и высоту?
[19:25:04] gluck97 (6e22b281-f6f7-4195-adf6-e456b6680156): как прокачать на молоте ширину и высоту?
[19:25:27] galaxy3231 (d4f7a5f3-2cd4-40bf-b49f-e6b7300e0ce3): Из тинкера?
[19:25:31] gluck97 (6e22b281-f6f7-4195-adf6-e456b6680156): +
[19:25:46] galaxy3231 (d4f7a5f3-2cd4-40bf-b49f-e6b7300e0ce3): Экспандер высота,ширина
[19:25:55] galaxy3231 (d4f7a5f3-2cd4-40bf-b49f-e6b7300e0ce3): а вертекаль
[19:26:02] gluck97 (6e22b281-f6f7-4195-adf6-e456b6680156): как его сделать
[19:26:29] galaxy3231 (d4f7a5f3-2cd4-40bf-b49f-e6b7300e0ce3): шарик розовой слизи,2 поршня,2 лазурита
[19:26:45] gluck97 (6e22b281-f6f7-4195-adf6-e456b6680156): спасибо
[19:34:19] Stxywxthme (6ce0cde9-8c92-4c66-96ad-6bffb9dfc01b): болка все еще афк
[19:39:52] Apt_bolka (99791d25-cc6a-40d5-9fab-db8d91e26277): короче я уже в четверг или пятницу приеду
[19:39:56] Apt_bolka (99791d25-cc6a-40d5-9fab-db8d91e26277): всех пчёл выведу
[19:40:05] Apt_bolka (99791d25-cc6a-40d5-9fab-db8d91e26277): а пока что я пойду
[19:43:20] Stxywxthme (6ce0cde9-8c92-4c66-96ad-6bffb9dfc01b): эмм
[19:49:50] Stxywxthme (6ce0cde9-8c92-4c66-96ad-6bffb9dfc01b): здравствуйте Дмитрий Евгонович
[19:50:01] DmitryEvgenivich (827836ed-05ff-471d-a0db-ad8d2d1e0aff): Здравствуйте
[19:52:34] DmitryEvgenivich (827836ed-05ff-471d-a0db-ad8d2d1e0aff): Тут только кит старт?
[19:54:10] Stxywxthme (6ce0cde9-8c92-4c66-96ad-6bffb9dfc01b): да
[19:54:30] Stxywxthme (6ce0cde9-8c92-4c66-96ad-6bffb9dfc01b): но вы можете купить на сайте лаучнера
[20:00:13] DmitryEvgenivich (827836ed-05ff-471d-a0db-ad8d2d1e0aff): При смерти бижутерия выпадает?
[20:22:11] DmitryEvgenivich (827836ed-05ff-471d-a0db-ad8d2d1e0aff): Можно ставить второй сетхом?
[20:35:16] DmitryEvgenivich (827836ed-05ff-471d-a0db-ad8d2d1e0aff): А почему инструменты с одним использованием?
[20:40:04] Hachiko (f4a9922e-d605-41c9-bdbb-8d2b6a313aba): как убрать фпс и время в игре?
[20:50:39] Nindly (eb4d01d7-785b-433a-88b6-26b920632b5b): q
[20:50:42] DmitryEvgenivich (827836ed-05ff-471d-a0db-ad8d2d1e0aff): q
[20:50:46] Hachiko (f4a9922e-d605-41c9-bdbb-8d2b6a313aba): q
[20:50:58] Nindly (eb4d01d7-785b-433a-88b6-26b920632b5b): не против моего присудствия ?
[20:51:12] DmitryEvgenivich (827836ed-05ff-471d-a0db-ad8d2d1e0aff): Вы пришли на собеседование?
[20:51:13] Hachiko (f4a9922e-d605-41c9-bdbb-8d2b6a313aba): присутствия*
[20:51:20] Hachiko (f4a9922e-d605-41c9-bdbb-8d2b6a313aba): а так непротив
[20:51:20] Nindly (eb4d01d7-785b-433a-88b6-26b920632b5b): да
