[08:07:24] ProCto_DS (d3139add-473e-468f-9582-8b46bb0e237c): хы
[08:07:27] ProCto_DS (d3139add-473e-468f-9582-8b46bb0e237c): заходи
[08:07:31] ProCto_DS (d3139add-473e-468f-9582-8b46bb0e237c): у меня вылетело просто
[08:12:33] ProCto_DS (d3139add-473e-468f-9582-8b46bb0e237c): у те
[08:12:35] ProCto_DS (d3139add-473e-468f-9582-8b46bb0e237c): снова
[08:12:37] ProCto_DS (d3139add-473e-468f-9582-8b46bb0e237c): Зайди
[08:15:58] ProCto_DS (d3139add-473e-468f-9582-8b46bb0e237c): пиздец, я матрице уже)
[08:16:18] ProCto_DS (d3139add-473e-468f-9582-8b46bb0e237c): Сегодня я пиздец как хорошо матрицу апнул)
[08:16:31] ProCto_DS (d3139add-473e-468f-9582-8b46bb0e237c): во первых
[08:16:45] ProCto_DS (d3139add-473e-468f-9582-8b46bb0e237c): Камни скорости, и камни затрат поставил
[08:16:50] ProCto_DS (d3139add-473e-468f-9582-8b46bb0e237c): Во вторых стабилизровал)
[08:23:49] ProCto_DS (d3139add-473e-468f-9582-8b46bb0e237c): ГДЕ
[08:39:32] ProCto_DS (d3139add-473e-468f-9582-8b46bb0e237c): бляя
[08:40:01] ProCto_DS (d3139add-473e-468f-9582-8b46bb0e237c): иди сюда уже)
[08:54:41] Stxywxthme (6ce0cde9-8c92-4c66-96ad-6bffb9dfc01b): я тут
[08:57:36] Stxywxthme (6ce0cde9-8c92-4c66-96ad-6bffb9dfc01b): тут визер
[08:57:43] ProCto_DS (d3139add-473e-468f-9582-8b46bb0e237c): Убешь?)
[08:57:48] ProCto_DS (d3139add-473e-468f-9582-8b46bb0e237c): мнеб звезда)
[08:57:51] Stxywxthme (6ce0cde9-8c92-4c66-96ad-6bffb9dfc01b): убить?
[08:57:56] ProCto_DS (d3139add-473e-468f-9582-8b46bb0e237c): Дэ
[08:58:03] ProCto_DS (d3139add-473e-468f-9582-8b46bb0e237c): Мне звезда, те эссенция)
[08:59:52] Stxywxthme (6ce0cde9-8c92-4c66-96ad-6bffb9dfc01b): убил
[09:00:20] ProCto_DS (d3139add-473e-468f-9582-8b46bb0e237c): Ща
[09:00:23] ProCto_DS (d3139add-473e-468f-9582-8b46bb0e237c): Тп в энд
[09:00:29] ProCto_DS (d3139add-473e-468f-9582-8b46bb0e237c): я тут кристалы фармлю
[09:01:11] ProCto_DS (d3139add-473e-468f-9582-8b46bb0e237c): спс
[09:01:17] ProCto_DS (d3139add-473e-468f-9582-8b46bb0e237c): я тут кристалы для ихора фармлю
[09:01:23] ProCto_DS (d3139add-473e-468f-9582-8b46bb0e237c): Точнее пытаюсь добыть
[09:01:29] Stxywxthme (6ce0cde9-8c92-4c66-96ad-6bffb9dfc01b): gjy
[09:01:45] ProCto_DS (d3139add-473e-468f-9582-8b46bb0e237c): бляя
[09:01:49] ProCto_DS (d3139add-473e-468f-9582-8b46bb0e237c): Шанс 0,7
[09:14:02] ProCto_DS (d3139add-473e-468f-9582-8b46bb0e237c): Ender shard, Nether Shard есть?
[09:14:18] Stxywxthme (6ce0cde9-8c92-4c66-96ad-6bffb9dfc01b): нет
[09:15:31] ProCto_DS (d3139add-473e-468f-9582-8b46bb0e237c): Тп, матрицу покажу )
[09:16:30] ProCto_DS (d3139add-473e-468f-9582-8b46bb0e237c): 4.71
[09:16:33] ProCto_DS (d3139add-473e-468f-9582-8b46bb0e237c): Стабильность)_
[09:16:48] Stxywxthme (6ce0cde9-8c92-4c66-96ad-6bffb9dfc01b): мои очки куда то пропали
[09:16:53] ProCto_DS (d3139add-473e-468f-9582-8b46bb0e237c): На
[09:17:04] Stxywxthme (6ce0cde9-8c92-4c66-96ad-6bffb9dfc01b): очень стабильная
[09:17:13] ProCto_DS (d3139add-473e-468f-9582-8b46bb0e237c): сюда
[09:17:25] ProCto_DS (d3139add-473e-468f-9582-8b46bb0e237c): вот эти камни тоже
[09:18:21] ProCto_DS (d3139add-473e-468f-9582-8b46bb0e237c): Каеф
[09:19:40] ProCto_DS (d3139add-473e-468f-9582-8b46bb0e237c): Элитры есть?
[09:19:46] Stxywxthme (6ce0cde9-8c92-4c66-96ad-6bffb9dfc01b): [p
[09:19:50] Stxywxthme (6ce0cde9-8c92-4c66-96ad-6bffb9dfc01b): вроде нет
[09:20:02] ProCto_DS (d3139add-473e-468f-9582-8b46bb0e237c): Посмотри
[09:20:06] ProCto_DS (d3139add-473e-468f-9582-8b46bb0e237c): я пока кристалы фармить
[09:21:45] Stxywxthme (6ce0cde9-8c92-4c66-96ad-6bffb9dfc01b): а давай ебанем дракона
[09:22:05] Stxywxthme (6ce0cde9-8c92-4c66-96ad-6bffb9dfc01b): я призываю дракона
[09:22:13] ProCto_DS (d3139add-473e-468f-9582-8b46bb0e237c): оки
[09:22:20] ProCto_DS (d3139add-473e-468f-9582-8b46bb0e237c): ща
[09:24:10] ProCto_DS (d3139add-473e-468f-9582-8b46bb0e237c): ХАХАХ
[09:24:18] ProCto_DS (d3139add-473e-468f-9582-8b46bb0e237c): Тп на могули?
[09:24:21] ProCto_DS (d3139add-473e-468f-9582-8b46bb0e237c): Могилу
[09:24:54] ProCto_DS (d3139add-473e-468f-9582-8b46bb0e237c): блять я упал
[09:25:10] ProCto_DS (d3139add-473e-468f-9582-8b46bb0e237c): ебаьь
[09:26:36] Stxywxthme (6ce0cde9-8c92-4c66-96ad-6bffb9dfc01b): ооо
[09:26:37] ProCto_DS (d3139add-473e-468f-9582-8b46bb0e237c): Хах
[09:26:39] ProCto_DS (d3139add-473e-468f-9582-8b46bb0e237c): Шо
[09:26:41] ProCto_DS (d3139add-473e-468f-9582-8b46bb0e237c): 1 мой)
[09:27:17] ProCto_DS (d3139add-473e-468f-9582-8b46bb0e237c): На
[09:27:21] Stxywxthme (6ce0cde9-8c92-4c66-96ad-6bffb9dfc01b): cgc
[09:27:35] ProCto_DS (d3139add-473e-468f-9582-8b46bb0e237c): идика сюда
[09:27:38] ProCto_DS (d3139add-473e-468f-9582-8b46bb0e237c): Проверю одну херню
[09:27:54] ProCto_DS (d3139add-473e-468f-9582-8b46bb0e237c): Хмм
[09:27:56] ProCto_DS (d3139add-473e-468f-9582-8b46bb0e237c): а шо если
[09:27:56] Stxywxthme (6ce0cde9-8c92-4c66-96ad-6bffb9dfc01b): и
[09:28:24] ProCto_DS (d3139add-473e-468f-9582-8b46bb0e237c): те ифритов фармить нада?)
[09:28:28] Stxywxthme (6ce0cde9-8c92-4c66-96ad-6bffb9dfc01b): зач
[09:29:11] ProCto_DS (d3139add-473e-468f-9582-8b46bb0e237c): На
[09:29:23] ProCto_DS (d3139add-473e-468f-9582-8b46bb0e237c): потом скажу за что_
[09:29:27] Stxywxthme (6ce0cde9-8c92-4c66-96ad-6bffb9dfc01b): ок
[09:30:45] Stxywxthme (6ce0cde9-8c92-4c66-96ad-6bffb9dfc01b): сколько дк дыхания есть?
[09:30:50] ProCto_DS (d3139add-473e-468f-9582-8b46bb0e237c): 7
[09:30:53] Stxywxthme (6ce0cde9-8c92-4c66-96ad-6bffb9dfc01b): 2 дай
[09:31:34] [CAPS] ProCto_DS (d3139add-473e-468f-9582-8b46bb0e237c): аааааааа
[09:31:37] [CAPS] ProCto_DS (d3139add-473e-468f-9582-8b46bb0e237c): где кристал
[09:31:41] ProCto_DS (d3139add-473e-468f-9582-8b46bb0e237c): 200 эндерменов
[09:31:43] ProCto_DS (d3139add-473e-468f-9582-8b46bb0e237c): И нихуя
[09:32:09] ProCto_DS (d3139add-473e-468f-9582-8b46bb0e237c): мне еще незер шадр выбивать
[09:32:10] ProCto_DS (d3139add-473e-468f-9582-8b46bb0e237c): Ебать
[09:32:33] Stxywxthme (6ce0cde9-8c92-4c66-96ad-6bffb9dfc01b): давай я попробую незер шард выбить
[09:32:40] Stxywxthme (6ce0cde9-8c92-4c66-96ad-6bffb9dfc01b): давай я попробую незер шард выбить
[09:32:51] ProCto_DS (d3139add-473e-468f-9582-8b46bb0e237c): Былоб круто\
[09:36:27] Stxywxthme (6ce0cde9-8c92-4c66-96ad-6bffb9dfc01b): ммм
[09:38:07] Stxywxthme (6ce0cde9-8c92-4c66-96ad-6bffb9dfc01b): тут кто-то что-то взорвал
[09:38:26] ProCto_DS (d3139add-473e-468f-9582-8b46bb0e237c): Крыша ада?
[09:38:34] Stxywxthme (6ce0cde9-8c92-4c66-96ad-6bffb9dfc01b): да
[09:38:56] Stxywxthme (6ce0cde9-8c92-4c66-96ad-6bffb9dfc01b): 4 фпс
[09:41:47] ProCto_DS (d3139add-473e-468f-9582-8b46bb0e237c): ?
[09:44:19] ProCto_DS (d3139add-473e-468f-9582-8b46bb0e237c): ты ифритов могу у меня фармить...
[09:44:28] ProCto_DS (d3139add-473e-468f-9582-8b46bb0e237c): ОПА
[09:45:30] ProCto_DS (d3139add-473e-468f-9582-8b46bb0e237c): нет
[09:45:33] ProCto_DS (d3139add-473e-468f-9582-8b46bb0e237c): Новый игрок)
[09:45:52] ProCto_DS (d3139add-473e-468f-9582-8b46bb0e237c): шо?
[09:46:09] ProCto_DS (d3139add-473e-468f-9582-8b46bb0e237c): яж впервые говорю это
[09:46:43] ProCto_DS (d3139add-473e-468f-9582-8b46bb0e237c): а что случилось?
[09:47:00] ProCto_DS (d3139add-473e-468f-9582-8b46bb0e237c): Ну с этим шардом шиза может поехать...
[09:47:07] ProCto_DS (d3139add-473e-468f-9582-8b46bb0e237c): уже 341 эндерменов
[09:47:11] ProCto_DS (d3139add-473e-468f-9582-8b46bb0e237c): уже 341 эндерменове
[09:47:21] ProCto_DS (d3139add-473e-468f-9582-8b46bb0e237c): А шардов нихера
[09:49:09] ProCto_DS (d3139add-473e-468f-9582-8b46bb0e237c): А с хули проклятая земля не робит тогда?
[09:49:41] ProCto_DS (d3139add-473e-468f-9582-8b46bb0e237c): не спавнит
[14:29:44] FetykArt (acd6896e-f945-4c63-802a-ca96eaeeb2f0): какой крутой дом._.
[14:29:52] FetykArt (acd6896e-f945-4c63-802a-ca96eaeeb2f0): как в москве
[14:31:05] gluck97 (6e22b281-f6f7-4195-adf6-e456b6680156): у тебя скин поплыл
[14:31:08] FetykArt (acd6896e-f945-4c63-802a-ca96eaeeb2f0): &
[14:31:10] FetykArt (acd6896e-f945-4c63-802a-ca96eaeeb2f0): ?
[14:31:16] FetykArt (acd6896e-f945-4c63-802a-ca96eaeeb2f0): у меня его вообще нет =3
[14:31:21] FetykArt (acd6896e-f945-4c63-802a-ca96eaeeb2f0): я Алекс
[14:31:27] gluck97 (6e22b281-f6f7-4195-adf6-e456b6680156): вижу
[14:31:41] gluck97 (6e22b281-f6f7-4195-adf6-e456b6680156): моделька смазаная
[14:31:52] FetykArt (acd6896e-f945-4c63-802a-ca96eaeeb2f0): я ток зашёл в крафты и у меня кольнуло в сердечке.
[14:32:31] gluck97 (6e22b281-f6f7-4195-adf6-e456b6680156): а чё ты ник поменял?
[14:32:36] FetykArt (acd6896e-f945-4c63-802a-ca96eaeeb2f0): ну
[14:32:58] FetykArt (acd6896e-f945-4c63-802a-ca96eaeeb2f0): я вообще первый попавшийся взял.
[14:33:38] gluck97 (6e22b281-f6f7-4195-adf6-e456b6680156): на меня не похоже?
[14:33:56] FetykArt (acd6896e-f945-4c63-802a-ca96eaeeb2f0): ммм
[14:34:05] gluck97 (6e22b281-f6f7-4195-adf6-e456b6680156): пропиши кит
[14:34:09] gluck97 (6e22b281-f6f7-4195-adf6-e456b6680156): нужен тросник
[14:34:33] FetykArt (acd6896e-f945-4c63-802a-ca96eaeeb2f0): натыкался я
[14:34:36] FetykArt (acd6896e-f945-4c63-802a-ca96eaeeb2f0): теперь ждать
[14:38:37] gluck97 (6e22b281-f6f7-4195-adf6-e456b6680156): нужно бдет найти место для базы
[14:40:58] FetykArt (acd6896e-f945-4c63-802a-ca96eaeeb2f0): мне идти надо. я сегодня врядли зайду.
[14:41:03] gluck97 (6e22b281-f6f7-4195-adf6-e456b6680156): ок
[14:41:19] FetykArt (acd6896e-f945-4c63-802a-ca96eaeeb2f0): я хз куда )
