[18:59:45] AETERNAL (6015b02d-f272-4154-8209-5e3b23bbc09c): хай, как дела
[18:59:50] fat_tiger (57a16550-f177-4a5b-8a56-3703e2406ae5): yjhv
[19:00:12] AETERNAL (6015b02d-f272-4154-8209-5e3b23bbc09c): мне щас в ближайшее время нужно будет обнову залить
[19:00:50] AETERNAL (6015b02d-f272-4154-8209-5e3b23bbc09c): кстати
[19:01:07] AETERNAL (6015b02d-f272-4154-8209-5e3b23bbc09c): это тебе
[19:01:17] AETERNAL (6015b02d-f272-4154-8209-5e3b23bbc09c): там ошибка в ките премиум
[19:01:20] fat_tiger (57a16550-f177-4a5b-8a56-3703e2406ae5): кк
[19:01:22] fat_tiger (57a16550-f177-4a5b-8a56-3703e2406ae5): спс
[19:01:24] AETERNAL (6015b02d-f272-4154-8209-5e3b23bbc09c): потом испралю
[19:01:31] AETERNAL (6015b02d-f272-4154-8209-5e3b23bbc09c): не тот модуль впихнул
[19:09:32] AETERNAL (6015b02d-f272-4154-8209-5e3b23bbc09c): и ещё момент хотел сказать
[19:09:45] AETERNAL (6015b02d-f272-4154-8209-5e3b23bbc09c): ты наверняка видел на спавне кварковые плиты для заряжки?
[19:09:54] fat_tiger (57a16550-f177-4a5b-8a56-3703e2406ae5): н-
[19:09:55] fat_tiger (57a16550-f177-4a5b-8a56-3703e2406ae5): не
[19:09:59] AETERNAL (6015b02d-f272-4154-8209-5e3b23bbc09c): так вот
[19:10:22] AETERNAL (6015b02d-f272-4154-8209-5e3b23bbc09c): ни вставай на них, когда у тебя в инвентаре есть предмет, способен хранить РФ энергию
[19:10:31] AETERNAL (6015b02d-f272-4154-8209-5e3b23bbc09c): ибо будет краш
[19:10:34] fat_tiger (57a16550-f177-4a5b-8a56-3703e2406ae5): кк
[19:10:35] AETERNAL (6015b02d-f272-4154-8209-5e3b23bbc09c): это уже пофикшено
[19:10:53] AETERNAL (6015b02d-f272-4154-8209-5e3b23bbc09c): но залью только с выходом нового IU
[19:15:13] fat_tiger (57a16550-f177-4a5b-8a56-3703e2406ae5): тут мехи взрыф
[19:15:15] fat_tiger (57a16550-f177-4a5b-8a56-3703e2406ae5): ?
[19:19:03] AETERNAL (6015b02d-f272-4154-8209-5e3b23bbc09c): так я побежал
[19:19:12] fat_tiger (57a16550-f177-4a5b-8a56-3703e2406ae5): как оно раб ?
[19:19:12] AETERNAL (6015b02d-f272-4154-8209-5e3b23bbc09c): зарядник на рф если что
[19:19:21] AETERNAL (6015b02d-f272-4154-8209-5e3b23bbc09c): нужна рф энергия
[19:19:30] fat_tiger (57a16550-f177-4a5b-8a56-3703e2406ae5): там fe
[19:19:39] AETERNAL (6015b02d-f272-4154-8209-5e3b23bbc09c): конвертер может преобразовать EF в РФ
[19:19:43] AETERNAL (6015b02d-f272-4154-8209-5e3b23bbc09c): fe=rf
[19:19:47] fat_tiger (57a16550-f177-4a5b-8a56-3703e2406ae5): rr
[19:20:20] AETERNAL (6015b02d-f272-4154-8209-5e3b23bbc09c): у тебя есть в наборе конвертер
[19:20:31] fat_tiger (57a16550-f177-4a5b-8a56-3703e2406ae5): знаю
[19:20:34] AETERNAL (6015b02d-f272-4154-8209-5e3b23bbc09c): EF-RF
[19:21:36] AETERNAL (6015b02d-f272-4154-8209-5e3b23bbc09c): трубы если что для рф)
[19:21:50] fat_tiger (57a16550-f177-4a5b-8a56-3703e2406ae5): там написано FE
[19:21:55] AETERNAL (6015b02d-f272-4154-8209-5e3b23bbc09c): fe=rf
[19:22:29] AETERNAL (6015b02d-f272-4154-8209-5e3b23bbc09c): перезапссти лаунчер сейчас лучше
[19:46:10] AETERNAL (6015b02d-f272-4154-8209-5e3b23bbc09c): .
