[07:42:08] ProCto_DS (d3139add-473e-468f-9582-8b46bb0e237c): ку
[07:42:49] ProCto_DS (d3139add-473e-468f-9582-8b46bb0e237c): Норм
[07:43:58] ProCto_DS (d3139add-473e-468f-9582-8b46bb0e237c): Техническими делами занят)
[07:45:28] ProCto_DS (d3139add-473e-468f-9582-8b46bb0e237c): пока что нет, не желаю)
[08:50:23] Stxywxthme (6ce0cde9-8c92-4c66-96ad-6bffb9dfc01b): норм воронка
[09:13:07] Stxywxthme (6ce0cde9-8c92-4c66-96ad-6bffb9dfc01b): походу база влада
[11:59:37] Nergaloff (88da800e-1614-4c65-ace8-c18f7e99e914): q
[11:59:55] Nergaloff (88da800e-1614-4c65-ace8-c18f7e99e914): чтоб опять крашнуло
[12:00:06] Nergaloff (88da800e-1614-4c65-ace8-c18f7e99e914): по кайфу
[13:14:02] galaxy3231 (d4f7a5f3-2cd4-40bf-b49f-e6b7300e0ce3): победа
[13:14:11] galaxy3231 (d4f7a5f3-2cd4-40bf-b49f-e6b7300e0ce3): победа
[13:26:32] galaxy3231 (d4f7a5f3-2cd4-40bf-b49f-e6b7300e0ce3): norm
[14:50:06] FetykArt (acd6896e-f945-4c63-802a-ca96eaeeb2f0): мдэ
[15:02:04] FetykArt (acd6896e-f945-4c63-802a-ca96eaeeb2f0): он ща живой пока что)
[15:10:53] FetykArt (acd6896e-f945-4c63-802a-ca96eaeeb2f0): харош
[15:11:19] FetykArt (acd6896e-f945-4c63-802a-ca96eaeeb2f0): ага
[15:15:03] Netrunner (25a3e79c-e45e-46a1-8d18-54d24c60a1fd): я немогу без тебя
[15:15:09] Netrunner (25a3e79c-e45e-46a1-8d18-54d24c60a1fd): что я чствую сейчаас
[15:15:45] Netrunner (25a3e79c-e45e-46a1-8d18-54d24c60a1fd): f
[15:20:40] Netrunner (25a3e79c-e45e-46a1-8d18-54d24c60a1fd): f
[15:21:41] Netrunner (25a3e79c-e45e-46a1-8d18-54d24c60a1fd): qq
[15:21:44] Nindly (eb4d01d7-785b-433a-88b6-26b920632b5b): q
[15:21:50] FetykArt (acd6896e-f945-4c63-802a-ca96eaeeb2f0): ,_,
[15:21:50] Netrunner (25a3e79c-e45e-46a1-8d18-54d24c60a1fd): миленько
[15:22:15] Nindly (eb4d01d7-785b-433a-88b6-26b920632b5b): клетка для пыток ?
[15:22:22] Netrunner (25a3e79c-e45e-46a1-8d18-54d24c60a1fd): афк
[15:22:29] Netrunner (25a3e79c-e45e-46a1-8d18-54d24c60a1fd): чтоб мобы не забили
[15:22:32] FetykArt (acd6896e-f945-4c63-802a-ca96eaeeb2f0): ага
[15:23:47] FetykArt (acd6896e-f945-4c63-802a-ca96eaeeb2f0): зачем столько булыги ТпТ
[15:26:07] Netrunner (25a3e79c-e45e-46a1-8d18-54d24c60a1fd): в дроверы можно такие штуки ставить чтоб больше хранили
[15:26:16] FetykArt (acd6896e-f945-4c63-802a-ca96eaeeb2f0): я знаю
[15:26:24] Netrunner (25a3e79c-e45e-46a1-8d18-54d24c60a1fd): а то 2 дровера земли
[15:26:27] Netrunner (25a3e79c-e45e-46a1-8d18-54d24c60a1fd): мало ли
[15:26:54] FetykArt (acd6896e-f945-4c63-802a-ca96eaeeb2f0): *буль-буль* ._.
[15:31:38] Netrunner (25a3e79c-e45e-46a1-8d18-54d24c60a1fd): где она?
[15:31:46] Netrunner (25a3e79c-e45e-46a1-8d18-54d24c60a1fd): нашел
[15:31:48] Netrunner (25a3e79c-e45e-46a1-8d18-54d24c60a1fd): заходи
[15:31:57] Netrunner (25a3e79c-e45e-46a1-8d18-54d24c60a1fd): заходи
[15:32:19] Netrunner (25a3e79c-e45e-46a1-8d18-54d24c60a1fd): поздно
[15:37:51] Nergaloff (88da800e-1614-4c65-ace8-c18f7e99e914): ну у меня норм
[15:38:41] Stxywxthme (6ce0cde9-8c92-4c66-96ad-6bffb9dfc01b): нормально
[15:38:56] Nergaloff (88da800e-1614-4c65-ace8-c18f7e99e914): нетраннер спаситель
[15:38:59] Stxywxthme (6ce0cde9-8c92-4c66-96ad-6bffb9dfc01b): +
[15:39:11] Nergaloff (88da800e-1614-4c65-ace8-c18f7e99e914): а че у вас скины одинаковые
[15:39:11] Stxywxthme (6ce0cde9-8c92-4c66-96ad-6bffb9dfc01b): интересный скин
[15:39:21] Netrunner (25a3e79c-e45e-46a1-8d18-54d24c60a1fd): стандартный
[15:39:23] Nergaloff (88da800e-1614-4c65-ace8-c18f7e99e914): аа
[15:39:31] Nergaloff (88da800e-1614-4c65-ace8-c18f7e99e914): я думал флешмоб
[15:39:58] Stxywxthme (6ce0cde9-8c92-4c66-96ad-6bffb9dfc01b): уберу сачок от греха подальше
[15:40:07] Netrunner (25a3e79c-e45e-46a1-8d18-54d24c60a1fd): сачок?
[15:40:16] Stxywxthme (6ce0cde9-8c92-4c66-96ad-6bffb9dfc01b): Да
[15:40:23] Stxywxthme (6ce0cde9-8c92-4c66-96ad-6bffb9dfc01b): вот такое
[15:40:29] Netrunner (25a3e79c-e45e-46a1-8d18-54d24c60a1fd): а что он?
[15:40:41] Netrunner (25a3e79c-e45e-46a1-8d18-54d24c60a1fd): типо улики бьет
[15:40:44] Stxywxthme (6ce0cde9-8c92-4c66-96ad-6bffb9dfc01b): да
[15:40:48] Netrunner (25a3e79c-e45e-46a1-8d18-54d24c60a1fd): а зач уберать?
[15:40:58] Stxywxthme (6ce0cde9-8c92-4c66-96ad-6bffb9dfc01b): он рфом заряжается
[15:41:21] Netrunner (25a3e79c-e45e-46a1-8d18-54d24c60a1fd): багоюзить бутылочки времени плохо
[15:41:25] Netrunner (25a3e79c-e45e-46a1-8d18-54d24c60a1fd): вкурсе?
[15:41:29] Stxywxthme (6ce0cde9-8c92-4c66-96ad-6bffb9dfc01b): да
[15:41:35] Stxywxthme (6ce0cde9-8c92-4c66-96ad-6bffb9dfc01b): у меня 2
[15:41:47] Stxywxthme (6ce0cde9-8c92-4c66-96ad-6bffb9dfc01b): одна из рандома
[15:41:51] Stxywxthme (6ce0cde9-8c92-4c66-96ad-6bffb9dfc01b): одна из тиабса
[15:42:39] Netrunner (25a3e79c-e45e-46a1-8d18-54d24c60a1fd): а ты из богатых?
[15:42:50] Stxywxthme (6ce0cde9-8c92-4c66-96ad-6bffb9dfc01b): да
[15:43:04] Nergaloff (88da800e-1614-4c65-ace8-c18f7e99e914): кто
[15:43:11] Stxywxthme (6ce0cde9-8c92-4c66-96ad-6bffb9dfc01b): я
[15:43:17] Nergaloff (88da800e-1614-4c65-ace8-c18f7e99e914): он мажор
[15:44:12] Nindly (eb4d01d7-785b-433a-88b6-26b920632b5b): Куплю тростник
[15:44:55] Stxywxthme (6ce0cde9-8c92-4c66-96ad-6bffb9dfc01b): и так
[15:45:13] Stxywxthme (6ce0cde9-8c92-4c66-96ad-6bffb9dfc01b): а да радиоактивная пчела
[15:45:26] Nergaloff (88da800e-1614-4c65-ace8-c18f7e99e914): она самая конченая наверно
[15:45:30] Nergaloff (88da800e-1614-4c65-ace8-c18f7e99e914): я с неё начал
[15:45:34] Stxywxthme (6ce0cde9-8c92-4c66-96ad-6bffb9dfc01b): я ее почти сделал
[15:45:42] Nergaloff (88da800e-1614-4c65-ace8-c18f7e99e914): гадость
[15:45:47] Nergaloff (88da800e-1614-4c65-ace8-c18f7e99e914): но вроде понял принцип
[15:45:47] Stxywxthme (6ce0cde9-8c92-4c66-96ad-6bffb9dfc01b): +
[15:47:08] Stxywxthme (6ce0cde9-8c92-4c66-96ad-6bffb9dfc01b): и так ядерная матка
[15:50:13] Stxywxthme (6ce0cde9-8c92-4c66-96ad-6bffb9dfc01b): и так
[15:50:16] Stxywxthme (6ce0cde9-8c92-4c66-96ad-6bffb9dfc01b): и так
[15:50:28] Stxywxthme (6ce0cde9-8c92-4c66-96ad-6bffb9dfc01b): радиоактивная матка готова
[15:50:54] Nergaloff (88da800e-1614-4c65-ace8-c18f7e99e914): грац
[15:51:04] Stxywxthme (6ce0cde9-8c92-4c66-96ad-6bffb9dfc01b): надо бы эффекты убрать
[15:51:49] Stxywxthme (6ce0cde9-8c92-4c66-96ad-6bffb9dfc01b): нет вроде
[16:03:38] Stxywxthme (6ce0cde9-8c92-4c66-96ad-6bffb9dfc01b): теперь только ядовитые соты
[16:04:44] Stxywxthme (6ce0cde9-8c92-4c66-96ad-6bffb9dfc01b): бля чет пчелы надоели
[16:04:55] Nergaloff (88da800e-1614-4c65-ace8-c18f7e99e914): понимаю
[16:04:59] Stxywxthme (6ce0cde9-8c92-4c66-96ad-6bffb9dfc01b): сделаю куриц
[16:05:17] Stxywxthme (6ce0cde9-8c92-4c66-96ad-6bffb9dfc01b): и отсортирую мэ
[16:08:19] Nergaloff (88da800e-1614-4c65-ace8-c18f7e99e914): q
[16:10:22] Stxywxthme (6ce0cde9-8c92-4c66-96ad-6bffb9dfc01b): нет
[16:12:17] FetykArt (acd6896e-f945-4c63-802a-ca96eaeeb2f0): f
[16:18:48] Nergaloff (88da800e-1614-4c65-ace8-c18f7e99e914): норм
[16:28:19] Nergaloff (88da800e-1614-4c65-ace8-c18f7e99e914): скип пожалуйста
[16:38:28] Nergaloff (88da800e-1614-4c65-ace8-c18f7e99e914): блять, почему развитая+обычная=знатная, хотя должна быть прележная
[16:38:38] Nergaloff (88da800e-1614-4c65-ace8-c18f7e99e914): меня jei наебует
[16:40:46] FetykArt (acd6896e-f945-4c63-802a-ca96eaeeb2f0): я же надеюсь тут есть живые наги..?
[16:40:55] Nergaloff (88da800e-1614-4c65-ace8-c18f7e99e914): ну да
[16:41:35] FetykArt (acd6896e-f945-4c63-802a-ca96eaeeb2f0): 2 штуки нашёл - убиты(
[16:41:38] FetykArt (acd6896e-f945-4c63-802a-ca96eaeeb2f0): 2 штуки нашёл - убиты(
[16:41:56] Nindly (eb4d01d7-785b-433a-88b6-26b920632b5b): /rtp в помощь, и карта
[16:54:57] Nindly (eb4d01d7-785b-433a-88b6-26b920632b5b): q
[16:55:00] FetykArt (acd6896e-f945-4c63-802a-ca96eaeeb2f0): q
[16:55:01] FetykArt (acd6896e-f945-4c63-802a-ca96eaeeb2f0): =3
[16:55:16] Nindly (eb4d01d7-785b-433a-88b6-26b920632b5b): а как у вас дела с тростником ? мне лень ферму делать
[16:55:36] FetykArt (acd6896e-f945-4c63-802a-ca96eaeeb2f0): 40 штук могу дать.-.
[16:55:55] Nindly (eb4d01d7-785b-433a-88b6-26b920632b5b): ладно, буду делать ферму ;d
[17:15:46] Nindly (eb4d01d7-785b-433a-88b6-26b920632b5b): Это нормально что мешочки из ботании сами по себе пустеют в пока лежат в сундуке ? -_-
[17:16:01] Stxywxthme (6ce0cde9-8c92-4c66-96ad-6bffb9dfc01b): хз
[17:16:13] Nergaloff (88da800e-1614-4c65-ace8-c18f7e99e914): у меня с начала лежит и не пустеет
[17:16:29] Stxywxthme (6ce0cde9-8c92-4c66-96ad-6bffb9dfc01b): кому нужен незерит
[17:16:29] Nindly (eb4d01d7-785b-433a-88b6-26b920632b5b): Ну у меня уже раз 3-4, все цветы пропадают
[17:17:07] Nergaloff (88da800e-1614-4c65-ace8-c18f7e99e914): а пчел можно как-то копировать?
[17:17:12] Nergaloff (88da800e-1614-4c65-ace8-c18f7e99e914): Так заебует каждый раз выводить
[17:17:14] Stxywxthme (6ce0cde9-8c92-4c66-96ad-6bffb9dfc01b): да
[17:17:24] Nergaloff (88da800e-1614-4c65-ace8-c18f7e99e914): как
[17:17:44] Stxywxthme (6ce0cde9-8c92-4c66-96ad-6bffb9dfc01b): генетический проботборник
[17:17:51] Stxywxthme (6ce0cde9-8c92-4c66-96ad-6bffb9dfc01b): генетический импринтер
[17:18:07] Nindly (eb4d01d7-785b-433a-88b6-26b920632b5b): AETERNAL, ты вовремя
[17:18:14] Nindly (eb4d01d7-785b-433a-88b6-26b920632b5b): Тп, если есть время
[17:18:16] AETERNAL (6015b02d-f272-4154-8209-5e3b23bbc09c): что опять кякнуло
[17:18:24] Nindly (eb4d01d7-785b-433a-88b6-26b920632b5b): Тут мелочь
[17:18:39] Nindly (eb4d01d7-785b-433a-88b6-26b920632b5b): у меня вот этот мешок уже раз 3-4 сам по себе пустеет
[17:18:45] Nindly (eb4d01d7-785b-433a-88b6-26b920632b5b): соберу цветов
[17:18:54] Nindly (eb4d01d7-785b-433a-88b6-26b920632b5b): положу в сундук, на след день пустой
[17:19:04] AETERNAL (6015b02d-f272-4154-8209-5e3b23bbc09c): интересно
[17:19:15] Nindly (eb4d01d7-785b-433a-88b6-26b920632b5b): мне тоже, первые 2 раза думал меня глючит
[17:19:22] Stxywxthme (6ce0cde9-8c92-4c66-96ad-6bffb9dfc01b): комбинированный дробитель имба
[17:19:29] Nindly (eb4d01d7-785b-433a-88b6-26b920632b5b): но вот только что уже понял что и правда пустеет
[17:19:43] Nindly (eb4d01d7-785b-433a-88b6-26b920632b5b): вчера собирал, сейчас нужен краситель
[17:20:11] Nindly (eb4d01d7-785b-433a-88b6-26b920632b5b): и я заметил что как в сундуке лежит, как в инвентаре оставлю, то нормально
[17:20:14] FetykArt (acd6896e-f945-4c63-802a-ca96eaeeb2f0): чё делает амулет жизни?
[17:20:41] Nindly (eb4d01d7-785b-433a-88b6-26b920632b5b): ладно, информацию передал, я пошёл в афк
[17:21:28] Stxywxthme (6ce0cde9-8c92-4c66-96ad-6bffb9dfc01b): 80 к иридия
[17:23:27] AETERNAL (6015b02d-f272-4154-8209-5e3b23bbc09c): ну я понял в чём проблема\
[17:23:38] AETERNAL (6015b02d-f272-4154-8209-5e3b23bbc09c): его чистит при отгрузке чанка
[17:23:58] Nindly (eb4d01d7-785b-433a-88b6-26b920632b5b): ;D
[17:54:10] gluck97 (6e22b281-f6f7-4195-adf6-e456b6680156): иди ко мне
[17:54:21] AETERNAL (6015b02d-f272-4154-8209-5e3b23bbc09c): где там твоя плита
[17:54:25] Stxywxthme (6ce0cde9-8c92-4c66-96ad-6bffb9dfc01b): нету
[17:54:29] Stxywxthme (6ce0cde9-8c92-4c66-96ad-6bffb9dfc01b): он у болки
[17:54:39] AETERNAL (6015b02d-f272-4154-8209-5e3b23bbc09c): а его база где
[17:54:43] Stxywxthme (6ce0cde9-8c92-4c66-96ad-6bffb9dfc01b): здесь
[17:54:48] gluck97 (6e22b281-f6f7-4195-adf6-e456b6680156): а для кого fly придумали?
[17:54:49] AETERNAL (6015b02d-f272-4154-8209-5e3b23bbc09c): ;/
[17:54:56] FetykArt (acd6896e-f945-4c63-802a-ca96eaeeb2f0): для премиума+
[17:55:01] FetykArt (acd6896e-f945-4c63-802a-ca96eaeeb2f0): и выше
[17:55:04] Stxywxthme (6ce0cde9-8c92-4c66-96ad-6bffb9dfc01b): у него в инвентаре
[17:55:08] gluck97 (6e22b281-f6f7-4195-adf6-e456b6680156): на
[17:55:09] AETERNAL (6015b02d-f272-4154-8209-5e3b23bbc09c): ладно
[17:56:00] gluck97 (6e22b281-f6f7-4195-adf6-e456b6680156): я заманался тебя в 8 приватов прописывать
[17:56:14] FetykArt (acd6896e-f945-4c63-802a-ca96eaeeb2f0): dc`
[17:56:33] gluck97 (6e22b281-f6f7-4195-adf6-e456b6680156): и ещё 3
[17:57:07] gluck97 (6e22b281-f6f7-4195-adf6-e456b6680156): может там в низу?
[17:57:14] FetykArt (acd6896e-f945-4c63-802a-ca96eaeeb2f0): земля
[17:57:17] FetykArt (acd6896e-f945-4c63-802a-ca96eaeeb2f0): нужна
[17:57:19] gluck97 (6e22b281-f6f7-4195-adf6-e456b6680156): поставим
[17:57:24] FetykArt (acd6896e-f945-4c63-802a-ca96eaeeb2f0): потом
[17:57:26] gluck97 (6e22b281-f6f7-4195-adf6-e456b6680156): ок
[17:57:37] FetykArt (acd6896e-f945-4c63-802a-ca96eaeeb2f0): принеси угля
[17:57:43] FetykArt (acd6896e-f945-4c63-802a-ca96eaeeb2f0): лётчик испытатель)
[17:59:55] [ADVERTISEMENT] FetykArt (acd6896e-f945-4c63-802a-ca96eaeeb2f0): <advertisement>§f
[17:59:58] FetykArt (acd6896e-f945-4c63-802a-ca96eaeeb2f0): ой
[18:02:15] Stxywxthme (6ce0cde9-8c92-4c66-96ad-6bffb9dfc01b): наконец все переработал
[18:03:34] AETERNAL (6015b02d-f272-4154-8209-5e3b23bbc09c): только щас заметил, хера себе ты 8 распредов на рейкар несчастные поставил xD
[18:03:54] Stxywxthme (6ce0cde9-8c92-4c66-96ad-6bffb9dfc01b): да
[18:04:00] Stxywxthme (6ce0cde9-8c92-4c66-96ad-6bffb9dfc01b): посмотрел мж?
[18:04:02] Stxywxthme (6ce0cde9-8c92-4c66-96ad-6bffb9dfc01b): мэ?
[18:04:09] AETERNAL (6015b02d-f272-4154-8209-5e3b23bbc09c): а что в мэ
[18:04:15] Stxywxthme (6ce0cde9-8c92-4c66-96ad-6bffb9dfc01b): да так
[18:04:25] Stxywxthme (6ce0cde9-8c92-4c66-96ad-6bffb9dfc01b): переработал все
[18:04:39] Stxywxthme (6ce0cde9-8c92-4c66-96ad-6bffb9dfc01b): все что можно было передробить х3
[18:05:31] AETERNAL (6015b02d-f272-4154-8209-5e3b23bbc09c): чё не клепаешь ничего из материи
[18:05:43] Stxywxthme (6ce0cde9-8c92-4c66-96ad-6bffb9dfc01b): даже не знаю что из него делать
[18:05:55] AETERNAL (6015b02d-f272-4154-8209-5e3b23bbc09c): та что угодно
[18:06:03] AETERNAL (6015b02d-f272-4154-8209-5e3b23bbc09c): ну как
[18:06:10] AETERNAL (6015b02d-f272-4154-8209-5e3b23bbc09c): много чего
[18:06:13] Stxywxthme (6ce0cde9-8c92-4c66-96ad-6bffb9dfc01b): мб иридий
[18:06:16] AETERNAL (6015b02d-f272-4154-8209-5e3b23bbc09c): что отсканить модно
[18:10:44] worstring (cebfaae5-54c0-4dd9-b5f4-80bbb7db657e): квесты как посмотреть или нет тут?
[18:10:50] worstring (cebfaae5-54c0-4dd9-b5f4-80bbb7db657e): тут квесты есть?
[18:11:03] FetykArt (acd6896e-f945-4c63-802a-ca96eaeeb2f0): да.
[18:12:24] FetykArt (acd6896e-f945-4c63-802a-ca96eaeeb2f0): ,_,
[18:23:19] Nindly (eb4d01d7-785b-433a-88b6-26b920632b5b): хай
[18:23:23] gluck97 (6e22b281-f6f7-4195-adf6-e456b6680156): ку
[18:23:23] Nindly (eb4d01d7-785b-433a-88b6-26b920632b5b): у вас есть шерсть?
[18:23:29] gluck97 (6e22b281-f6f7-4195-adf6-e456b6680156): мало
[18:23:32] Nindly (eb4d01d7-785b-433a-88b6-26b920632b5b): понял
[18:23:40] gluck97 (6e22b281-f6f7-4195-adf6-e456b6680156): много надо?
[18:23:47] Nindly (eb4d01d7-785b-433a-88b6-26b920632b5b): стак может
[18:24:53] gluck97 (6e22b281-f6f7-4195-adf6-e456b6680156): пока 12 шт
[18:24:58] Nindly (eb4d01d7-785b-433a-88b6-26b920632b5b): а, понял
[18:25:01] gluck97 (6e22b281-f6f7-4195-adf6-e456b6680156): могу насобирать
[18:25:10] Nindly (eb4d01d7-785b-433a-88b6-26b920632b5b): та не, я сам уже тогда
[18:25:54] Stxywxthme (6ce0cde9-8c92-4c66-96ad-6bffb9dfc01b): как получить глинянную пыль
[19:32:56] Stxywxthme (6ce0cde9-8c92-4c66-96ad-6bffb9dfc01b): мб у меня визуальные баги
[19:47:20] FetykArt (acd6896e-f945-4c63-802a-ca96eaeeb2f0): харош. как я забираться буду
[19:47:24] gluck97 (6e22b281-f6f7-4195-adf6-e456b6680156): жди
[19:47:27] FetykArt (acd6896e-f945-4c63-802a-ca96eaeeb2f0): )
[19:47:41] gluck97 (6e22b281-f6f7-4195-adf6-e456b6680156): я сам хуй пойми что делаю
[19:47:50] FetykArt (acd6896e-f945-4c63-802a-ca96eaeeb2f0): ну я пошёл. мне завтра в в 5-30 вставать(
[19:47:58] gluck97 (6e22b281-f6f7-4195-adf6-e456b6680156): ок
[19:47:59] gluck97 (6e22b281-f6f7-4195-adf6-e456b6680156): бб
[19:48:04] gluck97 (6e22b281-f6f7-4195-adf6-e456b6680156): мне в 6
[19:48:05] FetykArt (acd6896e-f945-4c63-802a-ca96eaeeb2f0): и чё это?
[19:48:21] gluck97 (6e22b281-f6f7-4195-adf6-e456b6680156): халтура)
[19:48:28] FetykArt (acd6896e-f945-4c63-802a-ca96eaeeb2f0): ладно
[19:48:35] FetykArt (acd6896e-f945-4c63-802a-ca96eaeeb2f0): бб
[19:48:37] gluck97 (6e22b281-f6f7-4195-adf6-e456b6680156): бб
[19:57:03] Stxywxthme (6ce0cde9-8c92-4c66-96ad-6bffb9dfc01b): эммм
[20:25:57] Nindly (eb4d01d7-785b-433a-88b6-26b920632b5b): Кто-то находил данж подводный ?
[20:26:19] Nergaloff (88da800e-1614-4c65-ace8-c18f7e99e914): неа
[21:12:44] Nindly (eb4d01d7-785b-433a-88b6-26b920632b5b): А крафт базовой карты из AE2 не завезли ?
[21:13:04] Nergaloff (88da800e-1614-4c65-ace8-c18f7e99e914): крафт слетел, уже написали
[21:13:09] Nindly (eb4d01d7-785b-433a-88b6-26b920632b5b): Понял
[21:41:53] Nindly (eb4d01d7-785b-433a-88b6-26b920632b5b): Тут нельзя сделать ферму резины через ферму форестри ? ;d
[21:50:00] Nindly (eb4d01d7-785b-433a-88b6-26b920632b5b): Грустно, но ладно
