[13:55:02] ProCto_DS (d3139add-473e-468f-9582-8b46bb0e237c): Re
[13:55:05] ProCto_DS (d3139add-473e-468f-9582-8b46bb0e237c): Ку
[13:55:32] ProCto_DS (d3139add-473e-468f-9582-8b46bb0e237c): Да, если болка разбанит, то вернусь обратно
[13:55:37] ProCto_DS (d3139add-473e-468f-9582-8b46bb0e237c): Да, если болка разбанит, то вернусь обратно
[13:56:26] ProCto_DS (d3139add-473e-468f-9582-8b46bb0e237c): норм
[13:56:29] ProCto_DS (d3139add-473e-468f-9582-8b46bb0e237c): ном
[13:57:10] ProCto_DS (d3139add-473e-468f-9582-8b46bb0e237c): сложнее чем на Апте
[13:57:21] ProCto_DS (d3139add-473e-468f-9582-8b46bb0e237c): Терь ждать разбана xD
[13:58:32] ProCto_DS (d3139add-473e-468f-9582-8b46bb0e237c): но хотелось бы на ворлд :)ц
[15:00:16] ProCto_DS (d3139add-473e-468f-9582-8b46bb0e237c): Та ёпта
[15:00:19] ProCto_DS (d3139add-473e-468f-9582-8b46bb0e237c): Та ёпта
[15:01:25] ProCto_DS (d3139add-473e-468f-9582-8b46bb0e237c): Та ёпта
[18:27:00] fat_tiger (57a16550-f177-4a5b-8a56-3703e2406ae5): s
[18:30:23] Netrunner (25a3e79c-e45e-46a1-8d18-54d24c60a1fd): ./rg addmember
[18:32:52] Netrunner (25a3e79c-e45e-46a1-8d18-54d24c60a1fd): f
[18:53:23] AETERNAL (6015b02d-f272-4154-8209-5e3b23bbc09c): показывай
[18:53:25] AETERNAL (6015b02d-f272-4154-8209-5e3b23bbc09c): гдн
[18:53:27] AETERNAL (6015b02d-f272-4154-8209-5e3b23bbc09c): лоадер
[18:53:34] Netrunner (25a3e79c-e45e-46a1-8d18-54d24c60a1fd): мы переезжаем
[18:53:38] Netrunner (25a3e79c-e45e-46a1-8d18-54d24c60a1fd): маленький который
[18:53:56] Netrunner (25a3e79c-e45e-46a1-8d18-54d24c60a1fd): ну он в мэ
[18:54:11] Netrunner (25a3e79c-e45e-46a1-8d18-54d24c60a1fd): кароч который мини лоадер на 1 чанк
[18:54:16] Netrunner (25a3e79c-e45e-46a1-8d18-54d24c60a1fd): не работает 100%
[18:54:22] Netrunner (25a3e79c-e45e-46a1-8d18-54d24c60a1fd): я первый раз зашел неделю назад
[18:54:25] Netrunner (25a3e79c-e45e-46a1-8d18-54d24c60a1fd): мб больше
[18:54:28] Netrunner (25a3e79c-e45e-46a1-8d18-54d24c60a1fd): стоял квант карик
[18:54:32] Netrunner (25a3e79c-e45e-46a1-8d18-54d24c60a1fd): и лоадерр
[18:54:44] Netrunner (25a3e79c-e45e-46a1-8d18-54d24c60a1fd): за неделю квант карик не накопал же по 800 руды
[18:54:45] Netrunner (25a3e79c-e45e-46a1-8d18-54d24c60a1fd): типо
[18:55:03] Netrunner (25a3e79c-e45e-46a1-8d18-54d24c60a1fd): он там моментально копает
[18:55:05] AETERNAL (6015b02d-f272-4154-8209-5e3b23bbc09c): ставишь чанк лоадер
[18:55:11] AETERNAL (6015b02d-f272-4154-8209-5e3b23bbc09c): создаёшь сеть
[18:55:22] AETERNAL (6015b02d-f272-4154-8209-5e3b23bbc09c): и делаешь вход из креат источника в мусорку
[18:56:11] AETERNAL (6015b02d-f272-4154-8209-5e3b23bbc09c): и загружай
[18:56:21] AETERNAL (6015b02d-f272-4154-8209-5e3b23bbc09c): всё
[18:56:24] AETERNAL (6015b02d-f272-4154-8209-5e3b23bbc09c): сьёбываем
[18:56:29] AETERNAL (6015b02d-f272-4154-8209-5e3b23bbc09c): rtp
[18:57:13] Netrunner (25a3e79c-e45e-46a1-8d18-54d24c60a1fd): мб поа я в сети он и будет работать
[18:57:37] AETERNAL (6015b02d-f272-4154-8209-5e3b23bbc09c): хм
[18:57:44] AETERNAL (6015b02d-f272-4154-8209-5e3b23bbc09c): щас работает
[18:57:46] AETERNAL (6015b02d-f272-4154-8209-5e3b23bbc09c): грузит
[18:57:51] Netrunner (25a3e79c-e45e-46a1-8d18-54d24c60a1fd): ну я говорю
[18:57:54] AETERNAL (6015b02d-f272-4154-8209-5e3b23bbc09c): попробуй ка выйти на минутку
[19:12:27] Netrunner (25a3e79c-e45e-46a1-8d18-54d24c60a1fd): gjcnfdm ltym
[19:12:34] Netrunner (25a3e79c-e45e-46a1-8d18-54d24c60a1fd): day please
[19:12:50] Netrunner (25a3e79c-e45e-46a1-8d18-54d24c60a1fd): thx
[19:12:53] AETERNAL (6015b02d-f272-4154-8209-5e3b23bbc09c): спать если что можно
[19:12:58] AETERNAL (6015b02d-f272-4154-8209-5e3b23bbc09c): сон работает нормально
[19:14:13] Apt_bolka (99791d25-cc6a-40d5-9fab-db8d91e26277): хаюшки всем
[19:14:16] Netrunner (25a3e79c-e45e-46a1-8d18-54d24c60a1fd): qq
[19:16:22] Apt_bolka (99791d25-cc6a-40d5-9fab-db8d91e26277): а fat_tiger это же сало?
[19:16:31] fat_tiger (57a16550-f177-4a5b-8a56-3703e2406ae5): (
[19:16:32] Apt_bolka (99791d25-cc6a-40d5-9fab-db8d91e26277): или я ошыбаюсь?
[19:16:34] fat_tiger (57a16550-f177-4a5b-8a56-3703e2406ae5): (
[19:16:37] fat_tiger (57a16550-f177-4a5b-8a56-3703e2406ae5): нет
[19:16:41] Netrunner (25a3e79c-e45e-46a1-8d18-54d24c60a1fd): ты ошибаешься
[19:16:43] Apt_bolka (99791d25-cc6a-40d5-9fab-db8d91e26277): ошибюсь*
[19:16:47] Apt_bolka (99791d25-cc6a-40d5-9fab-db8d91e26277): да бл
[19:16:50] fat_tiger (57a16550-f177-4a5b-8a56-3703e2406ae5): нет
[19:16:58] Apt_bolka (99791d25-cc6a-40d5-9fab-db8d91e26277): так да или нет?
[19:17:11] Netrunner (25a3e79c-e45e-46a1-8d18-54d24c60a1fd): нет
[19:17:12] fat_tiger (57a16550-f177-4a5b-8a56-3703e2406ae5): да
[19:17:19] Apt_bolka (99791d25-cc6a-40d5-9fab-db8d91e26277): вы рофлите?
[19:17:19] fat_tiger (57a16550-f177-4a5b-8a56-3703e2406ae5): дай деняг
[19:17:28] Apt_bolka (99791d25-cc6a-40d5-9fab-db8d91e26277): у меня чтоль есть?
[19:18:08] Apt_bolka (99791d25-cc6a-40d5-9fab-db8d91e26277): чем же?
[19:18:54] Netrunner (25a3e79c-e45e-46a1-8d18-54d24c60a1fd): ytgkj[j
[19:18:59] Netrunner (25a3e79c-e45e-46a1-8d18-54d24c60a1fd): неплохо
[19:19:16] Netrunner (25a3e79c-e45e-46a1-8d18-54d24c60a1fd): а приват поставить?
[19:19:27] Apt_bolka (99791d25-cc6a-40d5-9fab-db8d91e26277): это не моя база
[19:19:41] Apt_bolka (99791d25-cc6a-40d5-9fab-db8d91e26277): я жду повера
[19:19:43] Apt_bolka (99791d25-cc6a-40d5-9fab-db8d91e26277): мы в месте играли
[19:19:54] Netrunner (25a3e79c-e45e-46a1-8d18-54d24c60a1fd): он зайдет?
[19:19:59] Apt_bolka (99791d25-cc6a-40d5-9fab-db8d91e26277): вроде
[19:20:03] Netrunner (25a3e79c-e45e-46a1-8d18-54d24c60a1fd): кк
[19:20:04] Netrunner (25a3e79c-e45e-46a1-8d18-54d24c60a1fd): я пошел
[19:20:11] Netrunner (25a3e79c-e45e-46a1-8d18-54d24c60a1fd): завод сам себя не построит
[19:23:36] Netrunner (25a3e79c-e45e-46a1-8d18-54d24c60a1fd): не у меня вчера и сегодня выходной
[19:24:23] Apt_bolka (99791d25-cc6a-40d5-9fab-db8d91e26277): Хз хз
[19:30:53] Apt_bolka (99791d25-cc6a-40d5-9fab-db8d91e26277): видимо мой тиммейт не зайдёт
[19:30:58] Apt_bolka (99791d25-cc6a-40d5-9fab-db8d91e26277): 1видимо мой тиммейт не зайдёт
[19:31:05] Apt_bolka (99791d25-cc6a-40d5-9fab-db8d91e26277): видимо мой тиммейт не зайдёт
[19:42:04] Apt_bolka (99791d25-cc6a-40d5-9fab-db8d91e26277): Каму электро схему из дикого леса продать?
[19:42:09] Apt_bolka (99791d25-cc6a-40d5-9fab-db8d91e26277): Каму электро схему из дикого леса продать?
[19:47:29] fat_tiger (57a16550-f177-4a5b-8a56-3703e2406ae5): a
[19:50:46] fat_tiger (57a16550-f177-4a5b-8a56-3703e2406ae5): ssss
