[02:43:32] Stxywxthme (6ce0cde9-8c92-4c66-96ad-6bffb9dfc01b): о новая версия iu доступна
[09:56:15] Dior (511ac683-c533-439a-8fdd-780c4842b05c): Почему
[10:31:42] Dior (511ac683-c533-439a-8fdd-780c4842b05c): А что ты делаешь ?
[10:31:55] Stxywxthme (6ce0cde9-8c92-4c66-96ad-6bffb9dfc01b): лича убиваю
[10:37:37] Stxywxthme (6ce0cde9-8c92-4c66-96ad-6bffb9dfc01b): все блять
[10:43:18] Dior (511ac683-c533-439a-8fdd-780c4842b05c): А что за оружие у тебя
[10:43:27] Stxywxthme (6ce0cde9-8c92-4c66-96ad-6bffb9dfc01b): землянная кувалда
[10:45:25] Dior (511ac683-c533-439a-8fdd-780c4842b05c): Хочешь дам хороший прокаченный меч
[10:45:33] Stxywxthme (6ce0cde9-8c92-4c66-96ad-6bffb9dfc01b): какой?
[10:45:40] Dior (511ac683-c533-439a-8fdd-780c4842b05c): Я его просто коряво сделал и сейчас сделал себе другой
[10:46:11] Dior (511ac683-c533-439a-8fdd-780c4842b05c): из тинкера
[10:47:34] Dior (511ac683-c533-439a-8fdd-780c4842b05c): На стадии привыкший
[10:47:57] Stxywxthme (6ce0cde9-8c92-4c66-96ad-6bffb9dfc01b): окей тп
[10:49:05] Stxywxthme (6ce0cde9-8c92-4c66-96ad-6bffb9dfc01b): нормально
[10:49:08] Dior (511ac683-c533-439a-8fdd-780c4842b05c): угу
[10:49:16] Dior (511ac683-c533-439a-8fdd-780c4842b05c): я его не правельно сделал просто
[10:49:25] Stxywxthme (6ce0cde9-8c92-4c66-96ad-6bffb9dfc01b): окей
[10:49:47] Dior (511ac683-c533-439a-8fdd-780c4842b05c): он вместо того чтобы поджигать поджигает в тот момент когда тебя бьют
[10:49:54] Stxywxthme (6ce0cde9-8c92-4c66-96ad-6bffb9dfc01b): э
[10:49:55] Dior (511ac683-c533-439a-8fdd-780c4842b05c): а ты где
[10:50:05] Dior (511ac683-c533-439a-8fdd-780c4842b05c): ты где дам чтобы ченил его
[10:50:18] Stxywxthme (6ce0cde9-8c92-4c66-96ad-6bffb9dfc01b): понятно
[10:50:31] Stxywxthme (6ce0cde9-8c92-4c66-96ad-6bffb9dfc01b): бей
[10:50:41] Stxywxthme (6ce0cde9-8c92-4c66-96ad-6bffb9dfc01b): понятно
[10:50:50] Stxywxthme (6ce0cde9-8c92-4c66-96ad-6bffb9dfc01b): я думал поджигает меня
[10:51:04] Dior (511ac683-c533-439a-8fdd-780c4842b05c): ахахах был бы кек
[10:51:11] Stxywxthme (6ce0cde9-8c92-4c66-96ad-6bffb9dfc01b): да
[10:51:58] Stxywxthme (6ce0cde9-8c92-4c66-96ad-6bffb9dfc01b): бл
[10:52:25] Dior (511ac683-c533-439a-8fdd-780c4842b05c): а щяс дам топ тему
[10:53:36] Stxywxthme (6ce0cde9-8c92-4c66-96ad-6bffb9dfc01b): норм
[10:53:40] Dior (511ac683-c533-439a-8fdd-780c4842b05c): верстак в инвентаре
[10:53:47] Dior (511ac683-c533-439a-8fdd-780c4842b05c): 3 на 3
[10:53:50] Dior (511ac683-c533-439a-8fdd-780c4842b05c): видел
[10:53:57] Stxywxthme (6ce0cde9-8c92-4c66-96ad-6bffb9dfc01b): да
[10:54:06] Stxywxthme (6ce0cde9-8c92-4c66-96ad-6bffb9dfc01b): мм
[11:01:07] Dior (511ac683-c533-439a-8fdd-780c4842b05c): У тебя случаем нету яблок ?
[11:01:13] Stxywxthme (6ce0cde9-8c92-4c66-96ad-6bffb9dfc01b): нет
[11:01:17] Dior (511ac683-c533-439a-8fdd-780c4842b05c): (
[11:01:36] Stxywxthme (6ce0cde9-8c92-4c66-96ad-6bffb9dfc01b): нет
[11:07:46] Stxywxthme (6ce0cde9-8c92-4c66-96ad-6bffb9dfc01b): убил йети
[11:08:14] Dior (511ac683-c533-439a-8fdd-780c4842b05c): гц
[11:09:17] Stxywxthme (6ce0cde9-8c92-4c66-96ad-6bffb9dfc01b): я афк
[11:30:10] Stxywxthme (6ce0cde9-8c92-4c66-96ad-6bffb9dfc01b): теперь лабиринт
[11:31:56] Dior (511ac683-c533-439a-8fdd-780c4842b05c): топчик
[11:36:08] Stxywxthme (6ce0cde9-8c92-4c66-96ad-6bffb9dfc01b): эммм
[11:36:27] Stxywxthme (6ce0cde9-8c92-4c66-96ad-6bffb9dfc01b): какая-то крепость из грибо
[11:37:10] Dior (511ac683-c533-439a-8fdd-780c4842b05c): Там гиганты
[11:37:21] Stxywxthme (6ce0cde9-8c92-4c66-96ad-6bffb9dfc01b): под крепостью?
[11:37:27] Dior (511ac683-c533-439a-8fdd-780c4842b05c): На
[11:37:32] Dior (511ac683-c533-439a-8fdd-780c4842b05c): Крепости
[11:37:50] Stxywxthme (6ce0cde9-8c92-4c66-96ad-6bffb9dfc01b): больно бьют?
[11:38:19] Dior (511ac683-c533-439a-8fdd-780c4842b05c): Не особо
[11:38:22] Dior (511ac683-c533-439a-8fdd-780c4842b05c): Но
[11:38:43] Dior (511ac683-c533-439a-8fdd-780c4842b05c): их можно убить только после королевы вроде как
[11:38:54] Stxywxthme (6ce0cde9-8c92-4c66-96ad-6bffb9dfc01b): так я его убил
[11:39:05] Dior (511ac683-c533-439a-8fdd-780c4842b05c): Снежную королеву убил ?
[11:39:08] Stxywxthme (6ce0cde9-8c92-4c66-96ad-6bffb9dfc01b): да
[11:39:18] Dior (511ac683-c533-439a-8fdd-780c4842b05c): Ну тогда и их можно щяс
[11:39:28] Dior (511ac683-c533-439a-8fdd-780c4842b05c): С них падает меч гиганта и кирка гиганта
[11:42:40] Stxywxthme (6ce0cde9-8c92-4c66-96ad-6bffb9dfc01b): жесть они огромные
[11:53:30] Dior (511ac683-c533-439a-8fdd-780c4842b05c): Ты занят ?
[11:53:56] Stxywxthme (6ce0cde9-8c92-4c66-96ad-6bffb9dfc01b): да
[11:53:59] Stxywxthme (6ce0cde9-8c92-4c66-96ad-6bffb9dfc01b): а что
[11:54:46] Dior (511ac683-c533-439a-8fdd-780c4842b05c): Та я тут умер далеко в данже и просто бегать каждый раз при смерти туда не особо так хочешь сможешь просто постоять и принимать тп
[11:55:00] Stxywxthme (6ce0cde9-8c92-4c66-96ad-6bffb9dfc01b): подожди
[11:55:55] Stxywxthme (6ce0cde9-8c92-4c66-96ad-6bffb9dfc01b): О нашел разборочный верстак
[11:57:21] Dior (511ac683-c533-439a-8fdd-780c4842b05c): Сука ну что за ебучая руда или что это что убивает
[11:57:30] Dior (511ac683-c533-439a-8fdd-780c4842b05c): заебало
[11:57:39] Stxywxthme (6ce0cde9-8c92-4c66-96ad-6bffb9dfc01b): ахахх 2 верстак
[12:04:31] Stxywxthme (6ce0cde9-8c92-4c66-96ad-6bffb9dfc01b): освободился
[12:05:10] Dior (511ac683-c533-439a-8fdd-780c4842b05c): щяс доду но него опять
[12:07:04] Dior (511ac683-c533-439a-8fdd-780c4842b05c): тп просто постой
[12:07:26] Stxywxthme (6ce0cde9-8c92-4c66-96ad-6bffb9dfc01b): сейчас
[12:08:35] Stxywxthme (6ce0cde9-8c92-4c66-96ad-6bffb9dfc01b): америций
[12:09:20] Stxywxthme (6ce0cde9-8c92-4c66-96ad-6bffb9dfc01b): вон та штука
[12:09:28] Dior (511ac683-c533-439a-8fdd-780c4842b05c): понял
[12:09:30] Stxywxthme (6ce0cde9-8c92-4c66-96ad-6bffb9dfc01b): америций называется
[12:09:33] Dior (511ac683-c533-439a-8fdd-780c4842b05c): пздц конечно
[12:11:00] Dior (511ac683-c533-439a-8fdd-780c4842b05c): очистка была ?
[12:11:03] Stxywxthme (6ce0cde9-8c92-4c66-96ad-6bffb9dfc01b): нет
[12:14:03] Dior (511ac683-c533-439a-8fdd-780c4842b05c): выбил ?
[12:14:06] Stxywxthme (6ce0cde9-8c92-4c66-96ad-6bffb9dfc01b): да
[12:15:40] Stxywxthme (6ce0cde9-8c92-4c66-96ad-6bffb9dfc01b): сейчас приду
[12:17:38] Stxywxthme (6ce0cde9-8c92-4c66-96ad-6bffb9dfc01b): ифриты
[12:19:04] [CAPS] Stxywxthme (6ce0cde9-8c92-4c66-96ad-6bffb9dfc01b): 4 кирки
[12:23:26] Dior (511ac683-c533-439a-8fdd-780c4842b05c): с.да
[12:26:46] Dior (511ac683-c533-439a-8fdd-780c4842b05c): сяп
[12:26:52] Dior (511ac683-c533-439a-8fdd-780c4842b05c): я ухожу
[12:26:55] Stxywxthme (6ce0cde9-8c92-4c66-96ad-6bffb9dfc01b): JRTQ
[12:26:58] Stxywxthme (6ce0cde9-8c92-4c66-96ad-6bffb9dfc01b): окей
[12:28:49] Stxywxthme (6ce0cde9-8c92-4c66-96ad-6bffb9dfc01b): бля
[12:29:03] Dior (511ac683-c533-439a-8fdd-780c4842b05c): ?
[12:29:07] Stxywxthme (6ce0cde9-8c92-4c66-96ad-6bffb9dfc01b): я умер там
[12:29:46] Stxywxthme (6ce0cde9-8c92-4c66-96ad-6bffb9dfc01b): ты близко?
[12:29:59] Dior (511ac683-c533-439a-8fdd-780c4842b05c): От того данжа ?
[12:30:04] Stxywxthme (6ce0cde9-8c92-4c66-96ad-6bffb9dfc01b): да
[12:30:09] Dior (511ac683-c533-439a-8fdd-780c4842b05c): У мер ?
[12:30:13] Stxywxthme (6ce0cde9-8c92-4c66-96ad-6bffb9dfc01b): да
[12:30:26] Dior (511ac683-c533-439a-8fdd-780c4842b05c): ааахахахахха он от меня в 5к блокоов
[12:30:36] Dior (511ac683-c533-439a-8fdd-780c4842b05c): могу добежать по быстрому
[12:30:36] Stxywxthme (6ce0cde9-8c92-4c66-96ad-6bffb9dfc01b): от спавна 3к
[12:31:42] Dior (511ac683-c533-439a-8fdd-780c4842b05c): Сможешь сам добежать ?
[12:31:49] Dior (511ac683-c533-439a-8fdd-780c4842b05c): Я щяс занят чутка
[12:31:49] Stxywxthme (6ce0cde9-8c92-4c66-96ad-6bffb9dfc01b): нет
[12:32:20] Stxywxthme (6ce0cde9-8c92-4c66-96ad-6bffb9dfc01b): от сюда 2.5 к
[12:32:44] Dior (511ac683-c533-439a-8fdd-780c4842b05c): щяс сек
[12:35:51] Dior (511ac683-c533-439a-8fdd-780c4842b05c): стой тут щяс бижжу возьму чтобы можно было летать
[12:35:52] Stxywxthme (6ce0cde9-8c92-4c66-96ad-6bffb9dfc01b): СЮДА
[12:35:59] Stxywxthme (6ce0cde9-8c92-4c66-96ad-6bffb9dfc01b): сюда
[12:40:06] Dior (511ac683-c533-439a-8fdd-780c4842b05c): тп
[12:40:55] Stxywxthme (6ce0cde9-8c92-4c66-96ad-6bffb9dfc01b): сюда
[12:41:31] Stxywxthme (6ce0cde9-8c92-4c66-96ad-6bffb9dfc01b): вниз
[12:41:55] Stxywxthme (6ce0cde9-8c92-4c66-96ad-6bffb9dfc01b): сюда
[12:42:27] Stxywxthme (6ce0cde9-8c92-4c66-96ad-6bffb9dfc01b): все
[12:42:33] Stxywxthme (6ce0cde9-8c92-4c66-96ad-6bffb9dfc01b): спасибо
[12:42:50] Stxywxthme (6ce0cde9-8c92-4c66-96ad-6bffb9dfc01b): книга
[12:43:09] Dior (511ac683-c533-439a-8fdd-780c4842b05c): книга ?
[12:43:14] Stxywxthme (6ce0cde9-8c92-4c66-96ad-6bffb9dfc01b): да
[12:43:24] Dior (511ac683-c533-439a-8fdd-780c4842b05c): В плане всм ?
[12:43:35] Stxywxthme (6ce0cde9-8c92-4c66-96ad-6bffb9dfc01b): телепортации
[12:43:57] Stxywxthme (6ce0cde9-8c92-4c66-96ad-6bffb9dfc01b): а все
[12:44:01] Dior (511ac683-c533-439a-8fdd-780c4842b05c): я тут ничего не подбирал
[12:44:21] Stxywxthme (6ce0cde9-8c92-4c66-96ad-6bffb9dfc01b): все
[12:44:23] Stxywxthme (6ce0cde9-8c92-4c66-96ad-6bffb9dfc01b): я домой
[13:03:23] Stxywxthme (6ce0cde9-8c92-4c66-96ad-6bffb9dfc01b): пока
[13:41:12] _reflexed (a4982e19-bdcc-40a7-a685-78ee1c50ad23): дарова
[13:41:18] [CAPS] Dior (511ac683-c533-439a-8fdd-780c4842b05c): привет
[13:41:18] _reflexed (a4982e19-bdcc-40a7-a685-78ee1c50ad23): Я вот сижу и жду пока появиться разлом
[13:41:28] Dior (511ac683-c533-439a-8fdd-780c4842b05c): ахах
[13:42:30] _reflexed (a4982e19-bdcc-40a7-a685-78ee1c50ad23): Потому что 3к искажения
[13:43:23] Dior (511ac683-c533-439a-8fdd-780c4842b05c): Думаю вот идити прокачивать молот или начать дивайн изучать
[13:44:37] _reflexed (a4982e19-bdcc-40a7-a685-78ee1c50ad23): Молот прокачай
[13:44:45] _reflexed (a4982e19-bdcc-40a7-a685-78ee1c50ad23): чтобы было чём прокопать терру для дивана
[13:44:57] _reflexed (a4982e19-bdcc-40a7-a685-78ee1c50ad23): Ну где этот ебуч... разлом?
[13:53:07] _reflexed (a4982e19-bdcc-40a7-a685-78ee1c50ad23): Понимаю
[13:53:14] _reflexed (a4982e19-bdcc-40a7-a685-78ee1c50ad23): Я сижу и жду ебанный разлом уже почти час
[14:13:16] Dior (511ac683-c533-439a-8fdd-780c4842b05c): Прокачиваю молот + делаю фармилку мобов из дивайна
[14:13:20] _reflexed (a4982e19-bdcc-40a7-a685-78ee1c50ad23): Да
[14:13:26] Dior (511ac683-c533-439a-8fdd-780c4842b05c): Ну и меч за одно
[14:13:36] _reflexed (a4982e19-bdcc-40a7-a685-78ee1c50ad23): Ну емаееее
[14:13:40] _reflexed (a4982e19-bdcc-40a7-a685-78ee1c50ad23): где разлом????
[14:14:26] Dior (511ac683-c533-439a-8fdd-780c4842b05c): А зачем тебе разлом ?
[14:14:30] _reflexed (a4982e19-bdcc-40a7-a685-78ee1c50ad23): Для дивана
[14:14:31] _reflexed (a4982e19-bdcc-40a7-a685-78ee1c50ad23): Ой
[14:14:33] _reflexed (a4982e19-bdcc-40a7-a685-78ee1c50ad23): Таума
[14:15:26] Dior (511ac683-c533-439a-8fdd-780c4842b05c): Разлом в плане того что отуда вылазят те пиздюки и чтобы получить их знания ту черную книгу ?
[14:15:32] _reflexed (a4982e19-bdcc-40a7-a685-78ee1c50ad23): Неа
[14:15:36] _reflexed (a4982e19-bdcc-40a7-a685-78ee1c50ad23): из за искажения
[14:15:52] _reflexed (a4982e19-bdcc-40a7-a685-78ee1c50ad23): Черный разлом, из которого можна получить сингулярную жемчужину
[14:16:12] Dior (511ac683-c533-439a-8fdd-780c4842b05c): аааааааааааааааааааааааааааааааааа
[14:16:17] Dior (511ac683-c533-439a-8fdd-780c4842b05c): понял
[14:24:40] _reflexed (a4982e19-bdcc-40a7-a685-78ee1c50ad23): еще 1к выбросов осталось
[14:33:45] Dior (511ac683-c533-439a-8fdd-780c4842b05c): Ну что как успехи ?
[14:33:59] _reflexed (a4982e19-bdcc-40a7-a685-78ee1c50ad23): Еще нету разлома
[14:34:02] _reflexed (a4982e19-bdcc-40a7-a685-78ee1c50ad23): Нету разлома
[14:34:10] _reflexed (a4982e19-bdcc-40a7-a685-78ee1c50ad23): 400 выбросов осталось
[14:37:05] _reflexed (a4982e19-bdcc-40a7-a685-78ee1c50ad23): пздц...
[14:38:10] _reflexed (a4982e19-bdcc-40a7-a685-78ee1c50ad23): Я эмоции сдерживать не могу
[14:44:35] _reflexed (a4982e19-bdcc-40a7-a685-78ee1c50ad23): Уххх
[14:44:41] _reflexed (a4982e19-bdcc-40a7-a685-78ee1c50ad23): Вижу убил древнюю сущность
[14:44:49] Dior (511ac683-c533-439a-8fdd-780c4842b05c): УГУ
[14:48:36] Dior (511ac683-c533-439a-8fdd-780c4842b05c): сукаааааааааа
[14:48:43] _reflexed (a4982e19-bdcc-40a7-a685-78ee1c50ad23): Умер?
[14:48:54] Dior (511ac683-c533-439a-8fdd-780c4842b05c): ебалось оно в рот этих мини боссов
[14:49:04] Dior (511ac683-c533-439a-8fdd-780c4842b05c): ебаный крипер босс взорвался
[14:49:12] Dior (511ac683-c533-439a-8fdd-780c4842b05c): шотнул
[14:49:27] Dior (511ac683-c533-439a-8fdd-780c4842b05c): -70 лвл сукаааааааааааа
[14:50:17] _reflexed (a4982e19-bdcc-40a7-a685-78ee1c50ad23): Пиздец
[14:50:24] _reflexed (a4982e19-bdcc-40a7-a685-78ee1c50ad23): Разломы отключены
[14:52:01] _reflexed (a4982e19-bdcc-40a7-a685-78ee1c50ad23): Есть одна тыква?
[14:52:38] Dior (511ac683-c533-439a-8fdd-780c4842b05c): !
[14:52:41] Dior (511ac683-c533-439a-8fdd-780c4842b05c): -
[14:53:35] _reflexed (a4982e19-bdcc-40a7-a685-78ee1c50ad23): Я щас час своей жизни или даже два всрал
[14:54:59] _reflexed (a4982e19-bdcc-40a7-a685-78ee1c50ad23): У тебя еще есть мистические часы?
[14:55:17] Dior (511ac683-c533-439a-8fdd-780c4842b05c): Да
[14:55:25] Dior (511ac683-c533-439a-8fdd-780c4842b05c): Сколько надо
[14:55:26] _reflexed (a4982e19-bdcc-40a7-a685-78ee1c50ad23): Ясно
[14:56:10] Dior (511ac683-c533-439a-8fdd-780c4842b05c): ?
[14:58:20] _reflexed (a4982e19-bdcc-40a7-a685-78ee1c50ad23): Ну хз
[14:58:26] _reflexed (a4982e19-bdcc-40a7-a685-78ee1c50ad23): ку
[14:58:35] _reflexed (a4982e19-bdcc-40a7-a685-78ee1c50ad23): Спс
[15:01:10] Dior (511ac683-c533-439a-8fdd-780c4842b05c): А смысл вот делать киркам 1 прочность и развивать тинкер если по итогу потом тот же мумльти инструмент становится бесполезным
[15:01:20] _reflexed (a4982e19-bdcc-40a7-a685-78ee1c50ad23): Не знаю
[15:04:32] _reflexed (a4982e19-bdcc-40a7-a685-78ee1c50ad23): У тебя также пинг?
[15:04:53] Dior (511ac683-c533-439a-8fdd-780c4842b05c): УГУ
[15:05:00] _reflexed (a4982e19-bdcc-40a7-a685-78ee1c50ad23): Я из за этого пинга умер
[15:06:42] _reflexed (a4982e19-bdcc-40a7-a685-78ee1c50ad23): Пинг норм теперь
[15:13:03] _reflexed (a4982e19-bdcc-40a7-a685-78ee1c50ad23): Дарова
[15:13:33] AETERNAL (6015b02d-f272-4154-8209-5e3b23bbc09c): привет
[15:13:46] AETERNAL (6015b02d-f272-4154-8209-5e3b23bbc09c): .
[15:13:49] Dior (511ac683-c533-439a-8fdd-780c4842b05c): hi
[15:14:19] AETERNAL (6015b02d-f272-4154-8209-5e3b23bbc09c): вижу , пол секунды аинга
[15:15:12] _reflexed (a4982e19-bdcc-40a7-a685-78ee1c50ad23): Видишь как провисает?
[15:29:01] AETERNAL (6015b02d-f272-4154-8209-5e3b23bbc09c): .
[15:29:02] AETERNAL (6015b02d-f272-4154-8209-5e3b23bbc09c): .
[15:29:03] AETERNAL (6015b02d-f272-4154-8209-5e3b23bbc09c): .
[15:29:04] AETERNAL (6015b02d-f272-4154-8209-5e3b23bbc09c): .
[15:30:14] AETERNAL (6015b02d-f272-4154-8209-5e3b23bbc09c): ладно, мне идти, таум потом исправлю
[15:30:19] _reflexed (a4982e19-bdcc-40a7-a685-78ee1c50ad23): Не пон
[15:30:48] AETERNAL (6015b02d-f272-4154-8209-5e3b23bbc09c): что ты не пон
[15:31:32] Dior (511ac683-c533-439a-8fdd-780c4842b05c): ну вот что за невидимая хуня
[15:31:46] AETERNAL (6015b02d-f272-4154-8209-5e3b23bbc09c): тепнуть?
[16:18:25] _reflexed (a4982e19-bdcc-40a7-a685-78ee1c50ad23): Фикси таум, пон?
[16:19:16] AETERNAL (6015b02d-f272-4154-8209-5e3b23bbc09c): этии и занимаюсь
[16:19:33] _reflexed (a4982e19-bdcc-40a7-a685-78ee1c50ad23): Кто крафты делал?
[16:19:41] AETERNAL (6015b02d-f272-4154-8209-5e3b23bbc09c): я)
[16:19:49] _reflexed (a4982e19-bdcc-40a7-a685-78ee1c50ad23): Чтобы у тебя руки выпали, понял?
[16:19:53] _reflexed (a4982e19-bdcc-40a7-a685-78ee1c50ad23): Я щас буду сидеть страдать
[16:19:57] _reflexed (a4982e19-bdcc-40a7-a685-78ee1c50ad23): Чтобы сделать один механизм
[16:19:59] AETERNAL (6015b02d-f272-4154-8209-5e3b23bbc09c): xD
[16:20:08] AETERNAL (6015b02d-f272-4154-8209-5e3b23bbc09c): та за шо
[16:24:27] AETERNAL (6015b02d-f272-4154-8209-5e3b23bbc09c): а я буду банить
[16:41:28] Stxywxthme (6ce0cde9-8c92-4c66-96ad-6bffb9dfc01b): и так эксперименты
[16:41:36] Stxywxthme (6ce0cde9-8c92-4c66-96ad-6bffb9dfc01b): ахахах 2к пинга
[16:47:45] Stxywxthme (6ce0cde9-8c92-4c66-96ad-6bffb9dfc01b): работает бля
[16:59:46] Stxywxthme (6ce0cde9-8c92-4c66-96ad-6bffb9dfc01b): да
[17:23:27] Stxywxthme (6ce0cde9-8c92-4c66-96ad-6bffb9dfc01b): жесть
[17:23:44] Stxywxthme (6ce0cde9-8c92-4c66-96ad-6bffb9dfc01b): Эти ботинки просто имба
[17:23:59] Stxywxthme (6ce0cde9-8c92-4c66-96ad-6bffb9dfc01b): тп диор если свободен
[17:25:08] Stxywxthme (6ce0cde9-8c92-4c66-96ad-6bffb9dfc01b): ботинки скользят
[17:25:15] Dior (511ac683-c533-439a-8fdd-780c4842b05c): угу
[17:25:27] Stxywxthme (6ce0cde9-8c92-4c66-96ad-6bffb9dfc01b): напишу ртп и приду сюда
[17:25:36] Stxywxthme (6ce0cde9-8c92-4c66-96ad-6bffb9dfc01b): проверим скорость
[17:25:59] Stxywxthme (6ce0cde9-8c92-4c66-96ad-6bffb9dfc01b): так 4к блоков
[17:26:44] Dior (511ac683-c533-439a-8fdd-780c4842b05c): давай
[17:26:51] Stxywxthme (6ce0cde9-8c92-4c66-96ad-6bffb9dfc01b): иду
[17:26:53] Dior (511ac683-c533-439a-8fdd-780c4842b05c): тп я к себе
[17:27:04] Dior (511ac683-c533-439a-8fdd-780c4842b05c): крафты дело не простое
[17:32:17] Dior (511ac683-c533-439a-8fdd-780c4842b05c): ну тп или нет
[17:32:30] Dior (511ac683-c533-439a-8fdd-780c4842b05c): я ухожу тогда
[17:32:56] _reflexed (a4982e19-bdcc-40a7-a685-78ee1c50ad23): Я тут
[17:34:05] Stxywxthme (6ce0cde9-8c92-4c66-96ad-6bffb9dfc01b): жесть
[17:34:16] Dior (511ac683-c533-439a-8fdd-780c4842b05c): я к себе всёё
[17:43:44] _reflexed (a4982e19-bdcc-40a7-a685-78ee1c50ad23): Мне щас нужна ночь
[17:44:55] Dior (511ac683-c533-439a-8fdd-780c4842b05c): А как пользоваться плотником
[17:45:01] Dior (511ac683-c533-439a-8fdd-780c4842b05c): Он не делает эти палки
[17:45:06] Dior (511ac683-c533-439a-8fdd-780c4842b05c): Вообще
[17:45:08] _reflexed (a4982e19-bdcc-40a7-a685-78ee1c50ad23): Там масло нужно
[17:45:10] _reflexed (a4982e19-bdcc-40a7-a685-78ee1c50ad23): Растительное
[17:45:15] _reflexed (a4982e19-bdcc-40a7-a685-78ee1c50ad23): Это через соковыжималку
[17:45:33] Dior (511ac683-c533-439a-8fdd-780c4842b05c): пиздец
[17:45:56] Dior (511ac683-c533-439a-8fdd-780c4842b05c): как же меня эо заебало пизддец
[17:46:15] _reflexed (a4982e19-bdcc-40a7-a685-78ee1c50ad23): Знаю
[17:49:21] Dior (511ac683-c533-439a-8fdd-780c4842b05c): Пишет нет подходящего рецепта
[17:49:30] _reflexed (a4982e19-bdcc-40a7-a685-78ee1c50ad23): Где?
[17:49:48] Dior (511ac683-c533-439a-8fdd-780c4842b05c): Ну когда пытаюсь сделать эти палки ебучие
[17:50:03] _reflexed (a4982e19-bdcc-40a7-a685-78ee1c50ad23): У тебя растительное масло есть?
[17:50:19] Stxywxthme (6ce0cde9-8c92-4c66-96ad-6bffb9dfc01b): нет
[17:52:46] Dior (511ac683-c533-439a-8fdd-780c4842b05c): Не пон мне что ещё нужно сткрафтить разливовшик этот ?
[17:52:57] Stxywxthme (6ce0cde9-8c92-4c66-96ad-6bffb9dfc01b): жидкостные трубы
[17:53:11] Dior (511ac683-c533-439a-8fdd-780c4842b05c): А если через капсулы или не
[17:53:19] Stxywxthme (6ce0cde9-8c92-4c66-96ad-6bffb9dfc01b): не
[18:02:15] Stxywxthme (6ce0cde9-8c92-4c66-96ad-6bffb9dfc01b): у кого есть акация?
[18:34:09] Netrunner (25a3e79c-e45e-46a1-8d18-54d24c60a1fd): f
[18:35:49] Netrunner (25a3e79c-e45e-46a1-8d18-54d24c60a1fd): qq all
[18:36:39] Stxywxthme (6ce0cde9-8c92-4c66-96ad-6bffb9dfc01b): ку
[18:36:52] Stxywxthme (6ce0cde9-8c92-4c66-96ad-6bffb9dfc01b): самая дорогая привелегия
[18:37:07] Netrunner (25a3e79c-e45e-46a1-8d18-54d24c60a1fd): владелец проекта к слову
[19:15:19] Netrunner (25a3e79c-e45e-46a1-8d18-54d24c60a1fd): сколькоканалов в кабелях?
[19:15:34] AETERNAL (6015b02d-f272-4154-8209-5e3b23bbc09c): 256 у плотных
[19:15:40] Netrunner (25a3e79c-e45e-46a1-8d18-54d24c60a1fd): обыч
[19:15:47] AETERNAL (6015b02d-f272-4154-8209-5e3b23bbc09c): та стандарт, 8
[19:16:11] Netrunner (25a3e79c-e45e-46a1-8d18-54d24c60a1fd): а чем мехи крутить?
[19:16:27] AETERNAL (6015b02d-f272-4154-8209-5e3b23bbc09c): в плане крутить?
[19:16:38] AETERNAL (6015b02d-f272-4154-8209-5e3b23bbc09c): вращать?
[19:16:47] AETERNAL (6015b02d-f272-4154-8209-5e3b23bbc09c): серповидный или любой другой
[19:16:55] Netrunner (25a3e79c-e45e-46a1-8d18-54d24c60a1fd): скручивать\
[19:17:10] AETERNAL (6015b02d-f272-4154-8209-5e3b23bbc09c): там куча тех ключей есть
[19:17:23] Netrunner (25a3e79c-e45e-46a1-8d18-54d24c60a1fd): все работают?
[19:17:37] AETERNAL (6015b02d-f272-4154-8209-5e3b23bbc09c): на любых мехах, кроме инды
[19:17:42] AETERNAL (6015b02d-f272-4154-8209-5e3b23bbc09c): у него свой
[19:21:25] Netrunner (25a3e79c-e45e-46a1-8d18-54d24c60a1fd): [f[f[f[
[19:21:35] Netrunner (25a3e79c-e45e-46a1-8d18-54d24c60a1fd): что это за недоразумание
[19:21:47] AETERNAL (6015b02d-f272-4154-8209-5e3b23bbc09c): чё
[19:21:50] AETERNAL (6015b02d-f272-4154-8209-5e3b23bbc09c): какое
[19:21:56] AETERNAL (6015b02d-f272-4154-8209-5e3b23bbc09c): тут ещё недоразумение
[19:22:04] Netrunner (25a3e79c-e45e-46a1-8d18-54d24c60a1fd): вот
[19:22:13] AETERNAL (6015b02d-f272-4154-8209-5e3b23bbc09c): оно уже пофикшено
[19:22:23] AETERNAL (6015b02d-f272-4154-8209-5e3b23bbc09c): жду выхода версии новой
[19:22:23] Netrunner (25a3e79c-e45e-46a1-8d18-54d24c60a1fd): + у тебя когда последнюю привелегию берешь ток 1 кит дается
[19:22:37] Netrunner (25a3e79c-e45e-46a1-8d18-54d24c60a1fd): это так дожно быть?
[19:22:50] AETERNAL (6015b02d-f272-4154-8209-5e3b23bbc09c): должен по идее все киты взять
[19:22:53] AETERNAL (6015b02d-f272-4154-8209-5e3b23bbc09c): возможность
[19:22:57] Netrunner (25a3e79c-e45e-46a1-8d18-54d24c60a1fd): нет
[19:23:02] Netrunner (25a3e79c-e45e-46a1-8d18-54d24c60a1fd): я юрал все привелегии
[19:23:08] Netrunner (25a3e79c-e45e-46a1-8d18-54d24c60a1fd): чтоб все взять
[19:23:58] Netrunner (25a3e79c-e45e-46a1-8d18-54d24c60a1fd): где опен компуктерс
[19:24:41] AETERNAL (6015b02d-f272-4154-8209-5e3b23bbc09c): нету
[19:24:48] Netrunner (25a3e79c-e45e-46a1-8d18-54d24c60a1fd): хочу
[19:24:59] AETERNAL (6015b02d-f272-4154-8209-5e3b23bbc09c): и я хочу
[19:25:05] Netrunner (25a3e79c-e45e-46a1-8d18-54d24c60a1fd): а в чем проблемма\?
[19:25:58] AETERNAL (6015b02d-f272-4154-8209-5e3b23bbc09c): в кол-ве модов
[19:26:04] AETERNAL (6015b02d-f272-4154-8209-5e3b23bbc09c): что тут естт
[19:26:06] AETERNAL (6015b02d-f272-4154-8209-5e3b23bbc09c): уже
[19:26:17] Netrunner (25a3e79c-e45e-46a1-8d18-54d24c60a1fd): типо конфликт?
[19:26:30] AETERNAL (6015b02d-f272-4154-8209-5e3b23bbc09c): типо немного дохуя, и жрёт это оперативы так же
[19:26:52] Netrunner (25a3e79c-e45e-46a1-8d18-54d24c60a1fd): дал 10 жрет 4.5
[19:26:56] Netrunner (25a3e79c-e45e-46a1-8d18-54d24c60a1fd): и очистка
[19:27:03] Netrunner (25a3e79c-e45e-46a1-8d18-54d24c60a1fd): норм же
[19:27:12] AETERNAL (6015b02d-f272-4154-8209-5e3b23bbc09c): запусти хотя бы 10 игроков
[19:27:16] AETERNAL (6015b02d-f272-4154-8209-5e3b23bbc09c): и тогда посмотрим)
[19:27:22] AETERNAL (6015b02d-f272-4154-8209-5e3b23bbc09c): + с нормальными базами
[19:27:37] AETERNAL (6015b02d-f272-4154-8209-5e3b23bbc09c): блять да что с китами
[19:34:08] AETERNAL (6015b02d-f272-4154-8209-5e3b23bbc09c): так работает же вс'
[19:34:13] AETERNAL (6015b02d-f272-4154-8209-5e3b23bbc09c): чё ты
[19:34:52] Netrunner (25a3e79c-e45e-46a1-8d18-54d24c60a1fd): я выдал писало нет пермишена пока всене выдал
[19:35:09] AETERNAL (6015b02d-f272-4154-8209-5e3b23bbc09c): вот я щас игрок
[19:35:18] AETERNAL (6015b02d-f272-4154-8209-5e3b23bbc09c): .
[19:35:26] AETERNAL (6015b02d-f272-4154-8209-5e3b23bbc09c): пошёл купил
[19:35:36] AETERNAL (6015b02d-f272-4154-8209-5e3b23bbc09c): вот
[19:35:38] AETERNAL (6015b02d-f272-4154-8209-5e3b23bbc09c): теперь
[19:35:43] AETERNAL (6015b02d-f272-4154-8209-5e3b23bbc09c): пишу киты
[19:36:48] AETERNAL (6015b02d-f272-4154-8209-5e3b23bbc09c): прописал все
[19:36:59] AETERNAL (6015b02d-f272-4154-8209-5e3b23bbc09c): кд месяц, как и должно быть
[19:37:12] AETERNAL (6015b02d-f272-4154-8209-5e3b23bbc09c): в чём проблема то было просто понять не могу
[19:39:17] AETERNAL (6015b02d-f272-4154-8209-5e3b23bbc09c): попробуй возьми приву и пропипи киты
[19:39:22] AETERNAL (6015b02d-f272-4154-8209-5e3b23bbc09c): пропиши
