[07:54:17] ProCto_DS (d3139add-473e-468f-9582-8b46bb0e237c): ммм
[07:54:21] ProCto_DS (d3139add-473e-468f-9582-8b46bb0e237c): 936кк маны
[08:02:44] ProCto_DS (d3139add-473e-468f-9582-8b46bb0e237c): stonks
[08:03:55] ProCto_DS (d3139add-473e-468f-9582-8b46bb0e237c): Та не, не нада)
[08:04:10] ProCto_DS (d3139add-473e-468f-9582-8b46bb0e237c): Лучше зайди, поиграем
[08:04:46] ProCto_DS (d3139add-473e-468f-9582-8b46bb0e237c): Долга?
[08:05:17] ProCto_DS (d3139add-473e-468f-9582-8b46bb0e237c): я тут яблоки фармлю
[08:05:22] ProCto_DS (d3139add-473e-468f-9582-8b46bb0e237c): Диор, есть яблоки?
[08:05:36] ProCto_DS (d3139add-473e-468f-9582-8b46bb0e237c): не понял
[08:05:57] ProCto_DS (d3139add-473e-468f-9582-8b46bb0e237c): Что именно будет понижено?
[08:14:34] ProCto_DS (d3139add-473e-468f-9582-8b46bb0e237c): у него крафте гайя дух есть
[08:14:37] ProCto_DS (d3139add-473e-468f-9582-8b46bb0e237c): )
[09:20:40] ProCto_DS (d3139add-473e-468f-9582-8b46bb0e237c): qq
[09:28:40] Stxywxthme (6ce0cde9-8c92-4c66-96ad-6bffb9dfc01b): ?
[09:28:40] ProCto_DS (d3139add-473e-468f-9582-8b46bb0e237c): 'v
[09:28:47] ProCto_DS (d3139add-473e-468f-9582-8b46bb0e237c): Я тут карик и ген к нему проебал
[09:28:53] Stxywxthme (6ce0cde9-8c92-4c66-96ad-6bffb9dfc01b): ахахах
[09:32:37] ProCto_DS (d3139add-473e-468f-9582-8b46bb0e237c): Пойду на апт ворлд
[09:32:39] ProCto_DS (d3139add-473e-468f-9582-8b46bb0e237c): я в тильте
[09:32:45] ProCto_DS (d3139add-473e-468f-9582-8b46bb0e237c): Он меня реально из-за бага пропал
[09:32:51] ProCto_DS (d3139add-473e-468f-9582-8b46bb0e237c): Я его сломал ключом, он пропал
[18:22:48] Nergaloff (88da800e-1614-4c65-ace8-c18f7e99e914): да, провода конечно жесть крафтить
[18:22:55] Nergaloff (88da800e-1614-4c65-ace8-c18f7e99e914): только на фотонных, а уже ощутимо
[18:23:02] Nergaloff (88da800e-1614-4c65-ace8-c18f7e99e914): хорошо хоть все через автокрафты сделал
[18:23:09] Nergaloff (88da800e-1614-4c65-ace8-c18f7e99e914): руками бы ебнулся
[19:38:11] immortal (47fd9778-e1ad-4a26-b932-34b835bbf5a5): шипись
[19:38:58] Apt_bolka (99791d25-cc6a-40d5-9fab-db8d91e26277): хай
[19:39:02] Apt_bolka (99791d25-cc6a-40d5-9fab-db8d91e26277): всем qq
[19:39:07] immortal (47fd9778-e1ad-4a26-b932-34b835bbf5a5): хахаха
[19:39:11] immortal (47fd9778-e1ad-4a26-b932-34b835bbf5a5): хорош
[19:39:14] immortal (47fd9778-e1ad-4a26-b932-34b835bbf5a5): легенда
[19:41:35] Nergaloff (88da800e-1614-4c65-ace8-c18f7e99e914): q
[19:56:26] Apt_bolka (99791d25-cc6a-40d5-9fab-db8d91e26277): ура
[19:56:27] Apt_bolka (99791d25-cc6a-40d5-9fab-db8d91e26277): повер
[19:56:31] Apt_bolka (99791d25-cc6a-40d5-9fab-db8d91e26277): стой
[19:56:34] Stxywxthme (6ce0cde9-8c92-4c66-96ad-6bffb9dfc01b): ?
[19:56:43] Apt_bolka (99791d25-cc6a-40d5-9fab-db8d91e26277): вопшем пупс я с тобой теперь на недельку точно
[19:56:47] Apt_bolka (99791d25-cc6a-40d5-9fab-db8d91e26277): но вечерком
[19:56:55] Apt_bolka (99791d25-cc6a-40d5-9fab-db8d91e26277): с квестов вот это залутал
[19:56:57] Apt_bolka (99791d25-cc6a-40d5-9fab-db8d91e26277): чек
[19:57:08] Apt_bolka (99791d25-cc6a-40d5-9fab-db8d91e26277): хз куда это ставить
[19:57:09] Stxywxthme (6ce0cde9-8c92-4c66-96ad-6bffb9dfc01b): я сделал квесты
[19:57:15] Apt_bolka (99791d25-cc6a-40d5-9fab-db8d91e26277): я видел
[19:57:16] Apt_bolka (99791d25-cc6a-40d5-9fab-db8d91e26277): молодец
[19:57:18] Stxywxthme (6ce0cde9-8c92-4c66-96ad-6bffb9dfc01b): поэтому и залутал
[19:57:27] Apt_bolka (99791d25-cc6a-40d5-9fab-db8d91e26277): можеш в приватик добавить?
[19:58:11] Apt_bolka (99791d25-cc6a-40d5-9fab-db8d91e26277): добавишь?
[19:58:36] Stxywxthme (6ce0cde9-8c92-4c66-96ad-6bffb9dfc01b): все
[19:58:46] Apt_bolka (99791d25-cc6a-40d5-9fab-db8d91e26277): крутя
[19:58:55] Apt_bolka (99791d25-cc6a-40d5-9fab-db8d91e26277): можешь пожалуйста сделать Слияние базовое
[19:58:56] Stxywxthme (6ce0cde9-8c92-4c66-96ad-6bffb9dfc01b): попробуй заказать террасталь
[19:59:02] Apt_bolka (99791d25-cc6a-40d5-9fab-db8d91e26277): там просто версты из астрала надо(
[19:59:11] Apt_bolka (99791d25-cc6a-40d5-9fab-db8d91e26277): заказал
[19:59:15] Apt_bolka (99791d25-cc6a-40d5-9fab-db8d91e26277): 10
[19:59:25] Stxywxthme (6ce0cde9-8c92-4c66-96ad-6bffb9dfc01b): пон
[19:59:26] Apt_bolka (99791d25-cc6a-40d5-9fab-db8d91e26277): сундук сначала
[19:59:36] Apt_bolka (99791d25-cc6a-40d5-9fab-db8d91e26277): потом воронкой в ящик
[19:59:47] Apt_bolka (99791d25-cc6a-40d5-9fab-db8d91e26277): в ящик ток воронкой поставлять
[20:00:08] Stxywxthme (6ce0cde9-8c92-4c66-96ad-6bffb9dfc01b): хммм
[20:00:18] Apt_bolka (99791d25-cc6a-40d5-9fab-db8d91e26277): ресы в сундук
[20:00:31] Apt_bolka (99791d25-cc6a-40d5-9fab-db8d91e26277): может альтернатор собарл серы назад в мэ
[20:00:41] Stxywxthme (6ce0cde9-8c92-4c66-96ad-6bffb9dfc01b): у него фильтр
[20:00:44] Apt_bolka (99791d25-cc6a-40d5-9fab-db8d91e26277): мм
[20:00:50] Stxywxthme (6ce0cde9-8c92-4c66-96ad-6bffb9dfc01b): еще раз закажи
[20:01:05] Apt_bolka (99791d25-cc6a-40d5-9fab-db8d91e26277): заказал
[20:01:12] Apt_bolka (99791d25-cc6a-40d5-9fab-db8d91e26277): так же 10
[20:01:16] Stxywxthme (6ce0cde9-8c92-4c66-96ad-6bffb9dfc01b): вообще нихуя
[20:01:21] Apt_bolka (99791d25-cc6a-40d5-9fab-db8d91e26277): хм
[20:01:24] Apt_bolka (99791d25-cc6a-40d5-9fab-db8d91e26277): убери ящик
[20:01:28] Apt_bolka (99791d25-cc6a-40d5-9fab-db8d91e26277): щя закажу
[20:01:31] Stxywxthme (6ce0cde9-8c92-4c66-96ad-6bffb9dfc01b): за посмотрю
[20:01:34] Stxywxthme (6ce0cde9-8c92-4c66-96ad-6bffb9dfc01b): зас
[20:01:36] Stxywxthme (6ce0cde9-8c92-4c66-96ad-6bffb9dfc01b): бля
[20:01:38] Stxywxthme (6ce0cde9-8c92-4c66-96ad-6bffb9dfc01b): щас
[20:01:56] Apt_bolka (99791d25-cc6a-40d5-9fab-db8d91e26277): в нём пропадали ресы
[20:02:18] Apt_bolka (99791d25-cc6a-40d5-9fab-db8d91e26277): хм
[20:02:42] Apt_bolka (99791d25-cc6a-40d5-9fab-db8d91e26277): хм
[20:02:47] Apt_bolka (99791d25-cc6a-40d5-9fab-db8d91e26277): он в сундук даже не ложит
[20:04:21] Stxywxthme (6ce0cde9-8c92-4c66-96ad-6bffb9dfc01b): вроде как должно сработать
[20:07:26] Apt_bolka (99791d25-cc6a-40d5-9fab-db8d91e26277): робит?
[20:07:57] Apt_bolka (99791d25-cc6a-40d5-9fab-db8d91e26277): робит?
[20:08:01] Stxywxthme (6ce0cde9-8c92-4c66-96ad-6bffb9dfc01b): хз
[20:08:03] Stxywxthme (6ce0cde9-8c92-4c66-96ad-6bffb9dfc01b): нет
[20:09:29] Apt_bolka (99791d25-cc6a-40d5-9fab-db8d91e26277): д воронку
[20:09:36] Apt_bolka (99791d25-cc6a-40d5-9fab-db8d91e26277): а не выбрасыватель
[20:11:53] Apt_bolka (99791d25-cc6a-40d5-9fab-db8d91e26277): Воронку
[20:11:57] Apt_bolka (99791d25-cc6a-40d5-9fab-db8d91e26277): место выбрасывателя
[20:12:06] Apt_bolka (99791d25-cc6a-40d5-9fab-db8d91e26277): открытый ящик воронку ток принимает
[20:13:27] Stxywxthme (6ce0cde9-8c92-4c66-96ad-6bffb9dfc01b): ?
[20:13:33] Apt_bolka (99791d25-cc6a-40d5-9fab-db8d91e26277): я попросил мульти блок добавить
[20:13:37] Apt_bolka (99791d25-cc6a-40d5-9fab-db8d91e26277): этой шняги
[20:13:41] Apt_bolka (99791d25-cc6a-40d5-9fab-db8d91e26277): ато очень долго
[20:16:40] Stxywxthme (6ce0cde9-8c92-4c66-96ad-6bffb9dfc01b): как тебе это
[20:16:49] Apt_bolka (99791d25-cc6a-40d5-9fab-db8d91e26277): норм но хочется мульти блоки
[20:16:57] Apt_bolka (99791d25-cc6a-40d5-9fab-db8d91e26277): чтоб всё стаками делось
[20:17:41] Stxywxthme (6ce0cde9-8c92-4c66-96ad-6bffb9dfc01b): ну имба
[20:18:00] Stxywxthme (6ce0cde9-8c92-4c66-96ad-6bffb9dfc01b): посмотри сюда
[20:18:05] Apt_bolka (99791d25-cc6a-40d5-9fab-db8d91e26277): пзд просто меня в чате загрызли из-за того что я злой
[20:18:11] Apt_bolka (99791d25-cc6a-40d5-9fab-db8d91e26277): уф
[20:18:15] Apt_bolka (99791d25-cc6a-40d5-9fab-db8d91e26277): пхеххее
[20:22:23] Apt_bolka (99791d25-cc6a-40d5-9fab-db8d91e26277): можешь слияние сделать ядро и 12 инжекторов там надо астралка
[20:22:41] Stxywxthme (6ce0cde9-8c92-4c66-96ad-6bffb9dfc01b): ок ща
[20:22:52] Stxywxthme (6ce0cde9-8c92-4c66-96ad-6bffb9dfc01b): ахахахаха
[20:22:58] Apt_bolka (99791d25-cc6a-40d5-9fab-db8d91e26277): пхпхпп
[20:23:29] Apt_bolka (99791d25-cc6a-40d5-9fab-db8d91e26277): пхпхпх 20к
[20:23:30] Apt_bolka (99791d25-cc6a-40d5-9fab-db8d91e26277): маны
[20:28:17] Apt_bolka (99791d25-cc6a-40d5-9fab-db8d91e26277): я тут
[20:29:07] Stxywxthme (6ce0cde9-8c92-4c66-96ad-6bffb9dfc01b): мб делать адские торты
[20:29:14] Apt_bolka (99791d25-cc6a-40d5-9fab-db8d91e26277): ну есть ресы есть
[20:29:21] Apt_bolka (99791d25-cc6a-40d5-9fab-db8d91e26277): Если?
[20:29:26] Stxywxthme (6ce0cde9-8c92-4c66-96ad-6bffb9dfc01b): просто лень ждать яца
[20:29:28] Stxywxthme (6ce0cde9-8c92-4c66-96ad-6bffb9dfc01b): яйца
[20:29:32] Apt_bolka (99791d25-cc6a-40d5-9fab-db8d91e26277): попробуй
[20:29:35] Apt_bolka (99791d25-cc6a-40d5-9fab-db8d91e26277): может они лучше
[20:50:26] Apt_bolka (99791d25-cc6a-40d5-9fab-db8d91e26277): проверь сдесь есть рг
[20:50:34] Apt_bolka (99791d25-cc6a-40d5-9fab-db8d91e26277): я 3 чанка ещё заприватил
[20:50:46] Apt_bolka (99791d25-cc6a-40d5-9fab-db8d91e26277): ммм
[20:50:50] Stxywxthme (6ce0cde9-8c92-4c66-96ad-6bffb9dfc01b): тут мой приват
[20:50:56] Apt_bolka (99791d25-cc6a-40d5-9fab-db8d91e26277): до скольки
[20:51:02] Stxywxthme (6ce0cde9-8c92-4c66-96ad-6bffb9dfc01b): этот
[20:51:07] Stxywxthme (6ce0cde9-8c92-4c66-96ad-6bffb9dfc01b): и этот
[20:51:09] Stxywxthme (6ce0cde9-8c92-4c66-96ad-6bffb9dfc01b): все
[20:51:17] Apt_bolka (99791d25-cc6a-40d5-9fab-db8d91e26277): поставь блок где закачивается
[20:51:20] Apt_bolka (99791d25-cc6a-40d5-9fab-db8d91e26277): на
[20:52:17] Apt_bolka (99791d25-cc6a-40d5-9fab-db8d91e26277): во
[20:55:09] Stxywxthme (6ce0cde9-8c92-4c66-96ad-6bffb9dfc01b): тут еще ресов на 14к тортов
[20:55:31] Stxywxthme (6ce0cde9-8c92-4c66-96ad-6bffb9dfc01b): в основном мало сахара
[20:59:10] Apt_bolka (99791d25-cc6a-40d5-9fab-db8d91e26277): я пойду
[20:59:15] Apt_bolka (99791d25-cc6a-40d5-9fab-db8d91e26277): зайду позже
[20:59:16] Stxywxthme (6ce0cde9-8c92-4c66-96ad-6bffb9dfc01b): ок
