[06:29:40] Stxywxthme (6ce0cde9-8c92-4c66-96ad-6bffb9dfc01b): сделал кучу индустриального сплава
[07:30:02] Apt_bolka (99791d25-cc6a-40d5-9fab-db8d91e26277): привет
[07:30:06] Stxywxthme (6ce0cde9-8c92-4c66-96ad-6bffb9dfc01b): привет
[07:31:15] Apt_bolka (99791d25-cc6a-40d5-9fab-db8d91e26277): а за что лилия рейкар вырабатывает
[07:31:39] Apt_bolka (99791d25-cc6a-40d5-9fab-db8d91e26277): а понял
[07:31:46] Stxywxthme (6ce0cde9-8c92-4c66-96ad-6bffb9dfc01b): надо окружить
[07:31:46] Apt_bolka (99791d25-cc6a-40d5-9fab-db8d91e26277): может их парящими сделать
[07:31:48] Stxywxthme (6ce0cde9-8c92-4c66-96ad-6bffb9dfc01b): щас
[07:31:51] Stxywxthme (6ce0cde9-8c92-4c66-96ad-6bffb9dfc01b): не
[07:31:56] Stxywxthme (6ce0cde9-8c92-4c66-96ad-6bffb9dfc01b): зачар почва
[07:32:17] Apt_bolka (99791d25-cc6a-40d5-9fab-db8d91e26277): надо Аптечку попросить чтоб сделал парящие с зачар почвой
[07:37:40] Apt_bolka (99791d25-cc6a-40d5-9fab-db8d91e26277): Повер в дс есл и что
[07:37:45] Apt_bolka (99791d25-cc6a-40d5-9fab-db8d91e26277): а
[07:37:54] Apt_bolka (99791d25-cc6a-40d5-9fab-db8d91e26277): Повер если что в дс написал я отойду
[07:38:16] Stxywxthme (6ce0cde9-8c92-4c66-96ad-6bffb9dfc01b): ок
[08:01:48] Apt_bolka (99791d25-cc6a-40d5-9fab-db8d91e26277): можеш сделать ещё 18 Светящиеся верстаков из астрала и 1 второго уровня
[08:02:01] Apt_bolka (99791d25-cc6a-40d5-9fab-db8d91e26277): Алтарь звёздного цвета
[08:02:34] Apt_bolka (99791d25-cc6a-40d5-9fab-db8d91e26277): 5 штук уже есть верстаков
[08:07:19] Apt_bolka (99791d25-cc6a-40d5-9fab-db8d91e26277): у кого есть торий?
[08:07:38] Apt_bolka (99791d25-cc6a-40d5-9fab-db8d91e26277): ну кроме 1 чела на сервере не кого
[08:07:46] Apt_bolka (99791d25-cc6a-40d5-9fab-db8d91e26277): у нас тория бл нету
[08:08:34] Apt_bolka (99791d25-cc6a-40d5-9fab-db8d91e26277): меня выкидывает когда я у твоей фермы маны
[08:08:42] Stxywxthme (6ce0cde9-8c92-4c66-96ad-6bffb9dfc01b): хз
[08:10:29] Apt_bolka (99791d25-cc6a-40d5-9fab-db8d91e26277): ладно если без полёта
[08:12:12] Apt_bolka (99791d25-cc6a-40d5-9fab-db8d91e26277): блять
[08:12:59] Stxywxthme (6ce0cde9-8c92-4c66-96ad-6bffb9dfc01b): здесь 250 бассейнов
[08:13:17] Apt_bolka (99791d25-cc6a-40d5-9fab-db8d91e26277): может из-за них крашит
[08:13:25] Apt_bolka (99791d25-cc6a-40d5-9fab-db8d91e26277): я хз мне пишет странную ошибку
[08:13:25] Stxywxthme (6ce0cde9-8c92-4c66-96ad-6bffb9dfc01b): из-за молнии?
[08:13:29] Apt_bolka (99791d25-cc6a-40d5-9fab-db8d91e26277): хз
[08:13:52] Stxywxthme (6ce0cde9-8c92-4c66-96ad-6bffb9dfc01b): попробую сделать молние отвод
[08:13:54] Apt_bolka (99791d25-cc6a-40d5-9fab-db8d91e26277): ну это когда я подхожу либо к мехам либо к ботании
[08:14:17] Apt_bolka (99791d25-cc6a-40d5-9fab-db8d91e26277): 19 тория
[08:31:12] Apt_bolka (99791d25-cc6a-40d5-9fab-db8d91e26277): я все мехи до синала улучшнил
[08:31:18] Stxywxthme (6ce0cde9-8c92-4c66-96ad-6bffb9dfc01b): норм
[08:37:03] Apt_bolka (99791d25-cc6a-40d5-9fab-db8d91e26277): тут энергии нету(
[08:37:14] Stxywxthme (6ce0cde9-8c92-4c66-96ad-6bffb9dfc01b): а да
[08:37:42] Apt_bolka (99791d25-cc6a-40d5-9fab-db8d91e26277): такс ну флакс заавтокрафтили
[08:37:51] Stxywxthme (6ce0cde9-8c92-4c66-96ad-6bffb9dfc01b): бл
[08:38:00] Stxywxthme (6ce0cde9-8c92-4c66-96ad-6bffb9dfc01b): у нас есть дест ред руда
[08:38:06] Apt_bolka (99791d25-cc6a-40d5-9fab-db8d91e26277): а ой
[08:38:08] Apt_bolka (99791d25-cc6a-40d5-9fab-db8d91e26277): ну поставь)
[08:38:20] Apt_bolka (99791d25-cc6a-40d5-9fab-db8d91e26277): я просто забыл про неё
[08:38:32] Apt_bolka (99791d25-cc6a-40d5-9fab-db8d91e26277): такс
[08:38:53] Stxywxthme (6ce0cde9-8c92-4c66-96ad-6bffb9dfc01b): я щас
[08:39:03] Apt_bolka (99791d25-cc6a-40d5-9fab-db8d91e26277): а ты sun кристал авто крафтил не заряжаный?
[08:41:54] Apt_bolka (99791d25-cc6a-40d5-9fab-db8d91e26277): можеш вывести серную курицу?
[08:49:12] Stxywxthme (6ce0cde9-8c92-4c66-96ad-6bffb9dfc01b): да автокрафтил сол кристалы
[08:49:22] Apt_bolka (99791d25-cc6a-40d5-9fab-db8d91e26277): круто
[08:55:53] Stxywxthme (6ce0cde9-8c92-4c66-96ad-6bffb9dfc01b): 200 серенад = 400 бассейнов
[08:56:04] Apt_bolka (99791d25-cc6a-40d5-9fab-db8d91e26277): норм
[08:56:12] Stxywxthme (6ce0cde9-8c92-4c66-96ad-6bffb9dfc01b): 2 бассейна с 1 серенады
[08:56:14] Stxywxthme (6ce0cde9-8c92-4c66-96ad-6bffb9dfc01b): имба
[08:56:39] Stxywxthme (6ce0cde9-8c92-4c66-96ad-6bffb9dfc01b): кстати я сделал автоматизацию индус сплава
[08:56:47] Apt_bolka (99791d25-cc6a-40d5-9fab-db8d91e26277): а я не могу скрафтить генератор из IU из-за того что нету каменых шестерней из Ендер ио потому что когда хочу их скрафтить крафт идёт на тнермалке
[08:56:57] Apt_bolka (99791d25-cc6a-40d5-9fab-db8d91e26277): написал Аптеке Жду когда пофиксит
[08:57:27] Apt_bolka (99791d25-cc6a-40d5-9fab-db8d91e26277): лексикон не робит
[08:57:49] Apt_bolka (99791d25-cc6a-40d5-9fab-db8d91e26277): так что я хз что делать
[09:01:28] Apt_bolka (99791d25-cc6a-40d5-9fab-db8d91e26277): .ус
[09:01:58] Stxywxthme (6ce0cde9-8c92-4c66-96ad-6bffb9dfc01b): мб выкопаю подвал
[09:05:48] Apt_bolka (99791d25-cc6a-40d5-9fab-db8d91e26277): повер для тебя подарочек
[09:06:09] Apt_bolka (99791d25-cc6a-40d5-9fab-db8d91e26277): ты тута
[09:06:12] Stxywxthme (6ce0cde9-8c92-4c66-96ad-6bffb9dfc01b): да
[09:06:22] Stxywxthme (6ce0cde9-8c92-4c66-96ad-6bffb9dfc01b): норм
[09:06:32] Stxywxthme (6ce0cde9-8c92-4c66-96ad-6bffb9dfc01b): спасибо
[09:17:12] Apt_bolka (99791d25-cc6a-40d5-9fab-db8d91e26277): все шестерёнки заавтокрафтил
[09:17:18] Apt_bolka (99791d25-cc6a-40d5-9fab-db8d91e26277): .ус
[09:17:31] Stxywxthme (6ce0cde9-8c92-4c66-96ad-6bffb9dfc01b): норс
[09:17:35] Stxywxthme (6ce0cde9-8c92-4c66-96ad-6bffb9dfc01b): харош
[09:18:21] Stxywxthme (6ce0cde9-8c92-4c66-96ad-6bffb9dfc01b): фига се делается зачарователь
[09:18:40] Apt_bolka (99791d25-cc6a-40d5-9fab-db8d91e26277): пхеех ага
[09:18:49] Apt_bolka (99791d25-cc6a-40d5-9fab-db8d91e26277): ну вроде просто
[09:18:54] Apt_bolka (99791d25-cc6a-40d5-9fab-db8d91e26277): для нас
[09:18:54] Stxywxthme (6ce0cde9-8c92-4c66-96ad-6bffb9dfc01b): да
[09:19:08] Stxywxthme (6ce0cde9-8c92-4c66-96ad-6bffb9dfc01b): пойду
[09:19:13] Stxywxthme (6ce0cde9-8c92-4c66-96ad-6bffb9dfc01b): накопаю эндерняк
[09:19:17] Apt_bolka (99791d25-cc6a-40d5-9fab-db8d91e26277): ок
[09:19:19] Apt_bolka (99791d25-cc6a-40d5-9fab-db8d91e26277): кирку дать?
[09:19:24] Apt_bolka (99791d25-cc6a-40d5-9fab-db8d91e26277): виверны
[09:19:32] Stxywxthme (6ce0cde9-8c92-4c66-96ad-6bffb9dfc01b): не надо
[09:21:58] Apt_bolka (99791d25-cc6a-40d5-9fab-db8d91e26277): вопшем я отойду зайду когда поправят шестерёнку
[09:22:01] Apt_bolka (99791d25-cc6a-40d5-9fab-db8d91e26277): ок?
[09:22:03] Stxywxthme (6ce0cde9-8c92-4c66-96ad-6bffb9dfc01b): ок
[10:06:01] Stxywxthme (6ce0cde9-8c92-4c66-96ad-6bffb9dfc01b): если что будет лагать
[10:37:14] Stxywxthme (6ce0cde9-8c92-4c66-96ad-6bffb9dfc01b): жесть я ракопал подвал
[10:37:38] Nergaloff (88da800e-1614-4c65-ace8-c18f7e99e914): а я охуеваю с того сколько на моем этапе косячных крафтов
[10:37:44] Stxywxthme (6ce0cde9-8c92-4c66-96ad-6bffb9dfc01b): ?
[10:37:59] Nergaloff (88da800e-1614-4c65-ace8-c18f7e99e914): в основном с унидиктом
[10:38:04] Nergaloff (88da800e-1614-4c65-ace8-c18f7e99e914): шестерни всякие, плиты
[10:38:11] Nergaloff (88da800e-1614-4c65-ace8-c18f7e99e914): баланс некоторых крафтов
[10:38:13] Nergaloff (88da800e-1614-4c65-ace8-c18f7e99e914): жесть короче
[10:38:17] Stxywxthme (6ce0cde9-8c92-4c66-96ad-6bffb9dfc01b): понятно
[10:38:47] Nergaloff (88da800e-1614-4c65-ace8-c18f7e99e914): вы дракона убивали?
[10:38:51] Stxywxthme (6ce0cde9-8c92-4c66-96ad-6bffb9dfc01b): да
[10:38:59] Nergaloff (88da800e-1614-4c65-ace8-c18f7e99e914): а где вы кристаллы взяли
[10:39:02] Nergaloff (88da800e-1614-4c65-ace8-c18f7e99e914): или били первого?
[10:39:06] Stxywxthme (6ce0cde9-8c92-4c66-96ad-6bffb9dfc01b): кейсы
[10:39:10] Nergaloff (88da800e-1614-4c65-ace8-c18f7e99e914): а
[10:39:11] Stxywxthme (6ce0cde9-8c92-4c66-96ad-6bffb9dfc01b): там падали пару штук
[10:39:23] Nergaloff (88da800e-1614-4c65-ace8-c18f7e99e914): их тоже сделать невозможно
[10:39:30] Stxywxthme (6ce0cde9-8c92-4c66-96ad-6bffb9dfc01b): да плутоний
[10:39:43] Nergaloff (88da800e-1614-4c65-ace8-c18f7e99e914): не, протон уже есть, там ведро конченое какое-то
[10:39:53] Nergaloff (88da800e-1614-4c65-ace8-c18f7e99e914): для которого нужен блад
[10:40:00] Nergaloff (88da800e-1614-4c65-ace8-c18f7e99e914): но для блада нужен этот кристалл
[10:40:08] Nergaloff (88da800e-1614-4c65-ace8-c18f7e99e914): короче замкнутый крун
[10:40:10] Nergaloff (88da800e-1614-4c65-ace8-c18f7e99e914): круг
[10:40:33] Stxywxthme (6ce0cde9-8c92-4c66-96ad-6bffb9dfc01b): кстати да
[10:40:43] Stxywxthme (6ce0cde9-8c92-4c66-96ad-6bffb9dfc01b): это невидимая жидкость
[10:41:15] Stxywxthme (6ce0cde9-8c92-4c66-96ad-6bffb9dfc01b): его можно сделать
[10:41:21] Nergaloff (88da800e-1614-4c65-ace8-c18f7e99e914): как
[10:41:50] Stxywxthme (6ce0cde9-8c92-4c66-96ad-6bffb9dfc01b): очень изи
[10:42:10] Stxywxthme (6ce0cde9-8c92-4c66-96ad-6bffb9dfc01b): адская кузня + ловушка
[10:42:17] Stxywxthme (6ce0cde9-8c92-4c66-96ad-6bffb9dfc01b): оттуда реагенты
[10:42:39] Stxywxthme (6ce0cde9-8c92-4c66-96ad-6bffb9dfc01b): потом связывателем делаешь сигил
[10:43:07] Nergaloff (88da800e-1614-4c65-ace8-c18f7e99e914): так для сигила плитка нужна
[10:43:22] Stxywxthme (6ce0cde9-8c92-4c66-96ad-6bffb9dfc01b): а пропитанная плитка
[10:43:33] Nergaloff (88da800e-1614-4c65-ace8-c18f7e99e914): угу
[10:43:38] Stxywxthme (6ce0cde9-8c92-4c66-96ad-6bffb9dfc01b): тогда никак
[10:43:44] Nergaloff (88da800e-1614-4c65-ace8-c18f7e99e914): хахаха
[10:43:58] Stxywxthme (6ce0cde9-8c92-4c66-96ad-6bffb9dfc01b): алтарь тоже никак не сделать
[10:44:14] Nergaloff (88da800e-1614-4c65-ace8-c18f7e99e914): и таких мелочей достаточно конечно
[10:44:31] Stxywxthme (6ce0cde9-8c92-4c66-96ad-6bffb9dfc01b): надо убрать таум
[10:44:33] Nergaloff (88da800e-1614-4c65-ace8-c18f7e99e914): те же панели сделать тоже нельзя
[10:44:41] Stxywxthme (6ce0cde9-8c92-4c66-96ad-6bffb9dfc01b): что за панели
[10:44:51] Nergaloff (88da800e-1614-4c65-ace8-c18f7e99e914): солнечные любые
[10:45:14] Nergaloff (88da800e-1614-4c65-ace8-c18f7e99e914): из-за каменной составной шестерни
[10:45:21] Nergaloff (88da800e-1614-4c65-ace8-c18f7e99e914): вместо которого другая шестерня крафтится
[10:46:00] Stxywxthme (6ce0cde9-8c92-4c66-96ad-6bffb9dfc01b): понятно
[10:46:15] Nergaloff (88da800e-1614-4c65-ace8-c18f7e99e914): а ещё для сингулярной панели нужно больше 4к простых механизмов из таума
[10:46:19] Nergaloff (88da800e-1614-4c65-ace8-c18f7e99e914): по рофлу чисто
[10:47:04] Nergaloff (88da800e-1614-4c65-ace8-c18f7e99e914): 2к солнечных кристаллов, которые долго делаются
[10:47:05] Nergaloff (88da800e-1614-4c65-ace8-c18f7e99e914): жесть
[11:00:22] Stxywxthme (6ce0cde9-8c92-4c66-96ad-6bffb9dfc01b): Happy New Year
[11:00:36] Stxywxthme (6ce0cde9-8c92-4c66-96ad-6bffb9dfc01b): хах на сервере какой-то ивент
[11:01:06] Stxywxthme (6ce0cde9-8c92-4c66-96ad-6bffb9dfc01b): вокруг меня летят фейрверки
[12:25:03] Stxywxthme (6ce0cde9-8c92-4c66-96ad-6bffb9dfc01b): так пока
[16:56:07] Stxywxthme (6ce0cde9-8c92-4c66-96ad-6bffb9dfc01b): ох бля
[17:42:25] Stxywxthme (6ce0cde9-8c92-4c66-96ad-6bffb9dfc01b): ?
[17:42:34] Alexpanov (9d7c8e16-95d0-4f91-9968-240d01400a32): варп
[17:42:37] Stxywxthme (6ce0cde9-8c92-4c66-96ad-6bffb9dfc01b): бля
[17:42:44] Stxywxthme (6ce0cde9-8c92-4c66-96ad-6bffb9dfc01b): кто тут варп поставил
[17:42:55] Alexpanov (9d7c8e16-95d0-4f91-9968-240d01400a32): не знаю
[18:22:13] Stxywxthme (6ce0cde9-8c92-4c66-96ad-6bffb9dfc01b): ох
[18:22:21] Stxywxthme (6ce0cde9-8c92-4c66-96ad-6bffb9dfc01b): ядро виверны
[18:32:13] Stxywxthme (6ce0cde9-8c92-4c66-96ad-6bffb9dfc01b): имба
[18:32:19] Stxywxthme (6ce0cde9-8c92-4c66-96ad-6bffb9dfc01b): автоматический охотник
[19:20:30] Nergaloff (88da800e-1614-4c65-ace8-c18f7e99e914): какой смысл от улучшенных мехов в индастриале, если все равно работает 1 слот
[19:22:39] Nergaloff (88da800e-1614-4c65-ace8-c18f7e99e914): ну допустим продвинутый дробитель
[19:22:45] Nergaloff (88da800e-1614-4c65-ace8-c18f7e99e914): там 3 слота для переработки
[19:22:48] Nergaloff (88da800e-1614-4c65-ace8-c18f7e99e914): но работает тлоько первый
[19:23:19] Nergaloff (88da800e-1614-4c65-ace8-c18f7e99e914): а, действительно
[19:24:41] Nergaloff (88da800e-1614-4c65-ace8-c18f7e99e914): да, улучшения засунул и стало лучше
[19:24:43] Nergaloff (88da800e-1614-4c65-ace8-c18f7e99e914): спасибо
[19:53:37] Stxywxthme (6ce0cde9-8c92-4c66-96ad-6bffb9dfc01b): наконец поймал визера
[20:28:55] Stxywxthme (6ce0cde9-8c92-4c66-96ad-6bffb9dfc01b): норм 15 сек 1 череп скелета
[20:30:37] Stxywxthme (6ce0cde9-8c92-4c66-96ad-6bffb9dfc01b): ага
[20:58:57] Stxywxthme (6ce0cde9-8c92-4c66-96ad-6bffb9dfc01b): я поиграл с редстоуном
[20:59:00] Stxywxthme (6ce0cde9-8c92-4c66-96ad-6bffb9dfc01b): и выиграл
[21:23:00] Stxywxthme (6ce0cde9-8c92-4c66-96ad-6bffb9dfc01b): привет
[21:28:03] Stxywxthme (6ce0cde9-8c92-4c66-96ad-6bffb9dfc01b): тут чет дохуя мобов
[21:37:29] Stxywxthme (6ce0cde9-8c92-4c66-96ad-6bffb9dfc01b): тут имбовые лучники
[21:37:55] Stxywxthme (6ce0cde9-8c92-4c66-96ad-6bffb9dfc01b): стреляют как бешенные
