[00:48:36] VladDoor (f83aa885-2487-4295-b366-193cd21d8701): как соединять аспекты?
[00:48:58] Stxywxthme (6ce0cde9-8c92-4c66-96ad-6bffb9dfc01b): хз
[01:15:55] VladDoor (f83aa885-2487-4295-b366-193cd21d8701): Как сделать пузырек с эссенцией?
[01:16:14] Stxywxthme (6ce0cde9-8c92-4c66-96ad-6bffb9dfc01b): пкм пузырьком?
[01:16:25] VladDoor (f83aa885-2487-4295-b366-193cd21d8701): по чему?
[01:16:28] VladDoor (f83aa885-2487-4295-b366-193cd21d8701): по банкея?
[01:16:47] Stxywxthme (6ce0cde9-8c92-4c66-96ad-6bffb9dfc01b): по банке в котором аспект
[01:17:16] VladDoor (f83aa885-2487-4295-b366-193cd21d8701): а как аспект в банку положить
[01:17:30] Stxywxthme (6ce0cde9-8c92-4c66-96ad-6bffb9dfc01b): алхимическая печь
[01:17:43] VladDoor (f83aa885-2487-4295-b366-193cd21d8701): плавильня эссенции?
[01:17:48] Stxywxthme (6ce0cde9-8c92-4c66-96ad-6bffb9dfc01b): +
[12:36:36] VladDoor (f83aa885-2487-4295-b366-193cd21d8701): как эссенцию закинуть в пузырь?
[12:38:59] VladDoor (f83aa885-2487-4295-b366-193cd21d8701): или в банку
[12:39:18] Nergaloff (88da800e-1614-4c65-ace8-c18f7e99e914): в таумономиконе же все написано
[12:45:07] VladDoor (f83aa885-2487-4295-b366-193cd21d8701): где найти можно серебренное дерево?
[12:45:19] Nergaloff (88da800e-1614-4c65-ace8-c18f7e99e914): по миру, листва голубая
[12:45:36] VladDoor (f83aa885-2487-4295-b366-193cd21d8701): я знаю
[12:45:45] VladDoor (f83aa885-2487-4295-b366-193cd21d8701): но я летаю уже минут 5 и ваще 0
[12:45:51] Nergaloff (88da800e-1614-4c65-ace8-c18f7e99e914): ну они редкие да
[12:46:16] VladDoor (f83aa885-2487-4295-b366-193cd21d8701): у тебя нету саженца?
[12:46:21] Nergaloff (88da800e-1614-4c65-ace8-c18f7e99e914): нет
[12:46:46] VladDoor (f83aa885-2487-4295-b366-193cd21d8701): у кого есть саженец серебр дерева? могу купить
[12:48:44] VladDoor (f83aa885-2487-4295-b366-193cd21d8701): какой шанс ваще
[12:49:04] Nergaloff (88da800e-1614-4c65-ace8-c18f7e99e914): ну мне на глаза попадались
[12:50:16] Shick (1e509a89-d5e1-4571-bec0-bbd919826fe9): tps 5
[12:50:25] VladDoor (f83aa885-2487-4295-b366-193cd21d8701): разве?
[12:50:29] Shick (1e509a89-d5e1-4571-bec0-bbd919826fe9): был
[12:50:32] Shick (1e509a89-d5e1-4571-bec0-bbd919826fe9): уже норм
[12:50:36] Shick (1e509a89-d5e1-4571-bec0-bbd919826fe9): видемо просел просто
[12:50:55] VladDoor (f83aa885-2487-4295-b366-193cd21d8701): Shick у тебя нету листвы серебренного дерева?
[12:51:00] VladDoor (f83aa885-2487-4295-b366-193cd21d8701): ой
[12:51:02] Shick (1e509a89-d5e1-4571-bec0-bbd919826fe9): Нету(
[12:51:02] VladDoor (f83aa885-2487-4295-b366-193cd21d8701): саженца
[12:52:49] VladDoor (f83aa885-2487-4295-b366-193cd21d8701): сюююююююда
[13:03:04] Nindly (3196f6ce-0e2b-41e1-8fe5-97e8a4e07927): rtp
[13:06:13] Nindly (3196f6ce-0e2b-41e1-8fe5-97e8a4e07927): home
[13:12:39] VladDoor (f83aa885-2487-4295-b366-193cd21d8701): найс
[13:45:48] VladDoor (f83aa885-2487-4295-b366-193cd21d8701): Кто?
[13:45:57] VladDoor (f83aa885-2487-4295-b366-193cd21d8701): ну да
[13:46:22] VladDoor (f83aa885-2487-4295-b366-193cd21d8701): не полностью а алхимию
[13:46:25] VladDoor (f83aa885-2487-4295-b366-193cd21d8701): для крафта
[13:47:01] VladDoor (f83aa885-2487-4295-b366-193cd21d8701): Что нада изучить для труб жидкостных
[13:47:20] VladDoor (f83aa885-2487-4295-b366-193cd21d8701): ну точней
[13:47:25] VladDoor (f83aa885-2487-4295-b366-193cd21d8701): я же это щас изучаю
[13:47:28] VladDoor (f83aa885-2487-4295-b366-193cd21d8701): так что вопросов нету
[13:47:31] VladDoor (f83aa885-2487-4295-b366-193cd21d8701): xD
[13:48:22] VladDoor (f83aa885-2487-4295-b366-193cd21d8701): ну это по началу душнила реально
[13:48:26] VladDoor (f83aa885-2487-4295-b366-193cd21d8701): потом уже чуть легче
[13:48:33] VladDoor (f83aa885-2487-4295-b366-193cd21d8701): не
[13:48:35] VladDoor (f83aa885-2487-4295-b366-193cd21d8701): это не те
[13:48:38] VladDoor (f83aa885-2487-4295-b366-193cd21d8701): я уже это сделал
[13:48:44] VladDoor (f83aa885-2487-4295-b366-193cd21d8701): это чуть другие трубы
[13:48:49] VladDoor (f83aa885-2487-4295-b366-193cd21d8701): !
[13:48:57] VladDoor (f83aa885-2487-4295-b366-193cd21d8701): у меня она есть уже
[13:49:07] VladDoor (f83aa885-2487-4295-b366-193cd21d8701): glass esentia tube
[13:50:12] VladDoor (f83aa885-2487-4295-b366-193cd21d8701): первая теория да
[13:50:21] VladDoor (f83aa885-2487-4295-b366-193cd21d8701): дальше уже
[13:50:29] VladDoor (f83aa885-2487-4295-b366-193cd21d8701): по миру найти алхимию
[13:50:34] VladDoor (f83aa885-2487-4295-b366-193cd21d8701): типа и дальше изи
[13:50:44] VladDoor (f83aa885-2487-4295-b366-193cd21d8701): не
[13:50:47] VladDoor (f83aa885-2487-4295-b366-193cd21d8701): сразу оно не работает
[14:09:11] Nergaloff (88da800e-1614-4c65-ace8-c18f7e99e914): кто-то находил подводный монумент?
[14:09:24] VladDoor (f83aa885-2487-4295-b366-193cd21d8701): из астрала?
[14:09:28] Nergaloff (88da800e-1614-4c65-ace8-c18f7e99e914): ванильный
[14:09:43] VladDoor (f83aa885-2487-4295-b366-193cd21d8701): не
[14:14:06] Nergaloff (88da800e-1614-4c65-ace8-c18f7e99e914): призмарин нужен
[14:14:06] VladDoor (f83aa885-2487-4295-b366-193cd21d8701): для призмарина
[14:28:59] VladDoor (f83aa885-2487-4295-b366-193cd21d8701): пабеда
[14:29:01] VladDoor (f83aa885-2487-4295-b366-193cd21d8701): я сделал
[14:29:03] VladDoor (f83aa885-2487-4295-b366-193cd21d8701): их
[14:29:25] Nergaloff (88da800e-1614-4c65-ace8-c18f7e99e914): кого
[15:46:35] VladDoor (f83aa885-2487-4295-b366-193cd21d8701): нету одного иридия?
[15:46:44] Nergaloff (88da800e-1614-4c65-ace8-c18f7e99e914): промышленного?
[15:46:47] VladDoor (f83aa885-2487-4295-b366-193cd21d8701): да
[15:46:49] Nergaloff (88da800e-1614-4c65-ace8-c18f7e99e914): нет
[16:23:18] _reflexed (a4982e19-bdcc-40a7-a685-78ee1c50ad23): ку
[16:23:24] Nergaloff (88da800e-1614-4c65-ace8-c18f7e99e914): q
[16:42:06] _reflexed (a4982e19-bdcc-40a7-a685-78ee1c50ad23): 1
[16:42:18] Apt_bolka (99791d25-cc6a-40d5-9fab-db8d91e26277): мы опять переехали?
[16:42:39] Apt_bolka (99791d25-cc6a-40d5-9fab-db8d91e26277): А где мэ
[16:43:14] Apt_bolka (99791d25-cc6a-40d5-9fab-db8d91e26277): всё понял
[16:43:53] Apt_bolka (99791d25-cc6a-40d5-9fab-db8d91e26277): Класс у меня грудак пропал
[16:44:24] Apt_bolka (99791d25-cc6a-40d5-9fab-db8d91e26277): +
[16:52:27] Apt_bolka (99791d25-cc6a-40d5-9fab-db8d91e26277): я ещё и дюп нашол
[17:06:18] Stxywxthme (6ce0cde9-8c92-4c66-96ad-6bffb9dfc01b): бля булка
[17:18:37] Stxywxthme (6ce0cde9-8c92-4c66-96ad-6bffb9dfc01b): понятно
[17:18:49] Stxywxthme (6ce0cde9-8c92-4c66-96ad-6bffb9dfc01b): меня почти такое же состояние
[18:57:24] VladDoor (f83aa885-2487-4295-b366-193cd21d8701): ПРивет
[18:57:30] Frayman (d3294e45-e33a-455c-9e9e-467b6cadaa33): привет
[18:57:37] VladDoor (f83aa885-2487-4295-b366-193cd21d8701): Знаешь как играть?
[18:57:56] Frayman (d3294e45-e33a-455c-9e9e-467b6cadaa33): всм?)
[18:58:04] VladDoor (f83aa885-2487-4295-b366-193cd21d8701): Ну вообщем с чего тут начинать
[18:58:11] VladDoor (f83aa885-2487-4295-b366-193cd21d8701): тут просто кирки 1 прочность имеют
[18:58:37] Frayman (d3294e45-e33a-455c-9e9e-467b6cadaa33): через тинкер начну)
[18:58:46] VladDoor (f83aa885-2487-4295-b366-193cd21d8701): да
[19:03:31] VladDoor (f83aa885-2487-4295-b366-193cd21d8701): Если найдешь шариковый иридий скажешь ок?
[19:03:40] Frayman (d3294e45-e33a-455c-9e9e-467b6cadaa33): Ок)
[19:09:24] VladDoor (f83aa885-2487-4295-b366-193cd21d8701): сразу делай время в бутылке
[19:09:42] Frayman (d3294e45-e33a-455c-9e9e-467b6cadaa33): спс
[19:09:55] VladDoor (f83aa885-2487-4295-b366-193cd21d8701): Оч полезная вещь в начале
[19:10:07] Frayman (d3294e45-e33a-455c-9e9e-467b6cadaa33): Погоджуюсь)
[19:12:10] VladDoor (f83aa885-2487-4295-b366-193cd21d8701): тебе помочь чем то?
[19:12:13] VladDoor (f83aa885-2487-4295-b366-193cd21d8701): или сам
[19:14:56] Frayman (d3294e45-e33a-455c-9e9e-467b6cadaa33): Да не я сам)
[19:15:14] VladDoor (f83aa885-2487-4295-b366-193cd21d8701): могу начальную норм кирку дать и меч
[19:20:15] VladDoor (f83aa885-2487-4295-b366-193cd21d8701): Куплю иридий шариковый за 50 иридия шарикового
[20:32:55] VladDoor (f83aa885-2487-4295-b366-193cd21d8701): меня было выкинуло
[20:33:00] VladDoor (f83aa885-2487-4295-b366-193cd21d8701): меня было кикнуло
[20:33:08] VladDoor (f83aa885-2487-4295-b366-193cd21d8701): когда до 10к дошло
[20:33:17] VladDoor (f83aa885-2487-4295-b366-193cd21d8701): точней завис серв а потом кик
[20:33:24] VladDoor (f83aa885-2487-4295-b366-193cd21d8701): щас 10к уже
[20:33:26] VladDoor (f83aa885-2487-4295-b366-193cd21d8701): опять
[20:35:07] VladDoor (f83aa885-2487-4295-b366-193cd21d8701): опять
[20:35:09] VladDoor (f83aa885-2487-4295-b366-193cd21d8701): серв завис
[20:35:11] VladDoor (f83aa885-2487-4295-b366-193cd21d8701): о
[20:35:13] VladDoor (f83aa885-2487-4295-b366-193cd21d8701): норм
[20:35:33] VladDoor (f83aa885-2487-4295-b366-193cd21d8701): я пошел в твайлайт для начала ботании
[20:35:36] VladDoor (f83aa885-2487-4295-b366-193cd21d8701): и сразу такое
[20:35:53] VladDoor (f83aa885-2487-4295-b366-193cd21d8701): опа 10230 из 12040
[20:36:59] VladDoor (f83aa885-2487-4295-b366-193cd21d8701): оно чисто 8к->10240->8k и тд
[20:46:06] VladDoor (f83aa885-2487-4295-b366-193cd21d8701): щас 5к
[20:46:11] VladDoor (f83aa885-2487-4295-b366-193cd21d8701): терь прыгаю в твайлайт
[20:49:52] VladDoor (f83aa885-2487-4295-b366-193cd21d8701): ты твайлайт вайпал?
[20:51:55] VladDoor (f83aa885-2487-4295-b366-193cd21d8701): выхади
[20:51:57] VladDoor (f83aa885-2487-4295-b366-193cd21d8701): подлый трус
[20:52:41] VladDoor (f83aa885-2487-4295-b366-193cd21d8701): тепнись ко мне
[20:52:52] VladDoor (f83aa885-2487-4295-b366-193cd21d8701): подойди к этой штуке
[20:52:55] AETERNAL (6015b02d-f272-4154-8209-5e3b23bbc09c): что
[20:52:59] VladDoor (f83aa885-2487-4295-b366-193cd21d8701): подойди к этой штуке
[20:53:09] AETERNAL (6015b02d-f272-4154-8209-5e3b23bbc09c): и что
[20:53:11] VladDoor (f83aa885-2487-4295-b366-193cd21d8701): а
[20:53:14] VladDoor (f83aa885-2487-4295-b366-193cd21d8701): ты же в креативе
[20:53:17] VladDoor (f83aa885-2487-4295-b366-193cd21d8701): оно дамажит
[20:53:24] VladDoor (f83aa885-2487-4295-b366-193cd21d8701): даже если /god
[20:53:31] AETERNAL (6015b02d-f272-4154-8209-5e3b23bbc09c): бывает
[20:55:36] VladDoor (f83aa885-2487-4295-b366-193cd21d8701): почему с корней не падают корни?
[20:57:05] VladDoor (f83aa885-2487-4295-b366-193cd21d8701): блоком которые?
[20:57:08] VladDoor (f83aa885-2487-4295-b366-193cd21d8701): с них палки
[20:57:40] VladDoor (f83aa885-2487-4295-b366-193cd21d8701): замшелые?
[20:58:30] VladDoor (f83aa885-2487-4295-b366-193cd21d8701): под всеми деревьями?
[20:58:50] VladDoor (f83aa885-2487-4295-b366-193cd21d8701): ток под сосной
[20:59:17] VladDoor (f83aa885-2487-4295-b366-193cd21d8701): на скок они редкие?
[20:59:26] VladDoor (f83aa885-2487-4295-b366-193cd21d8701): ваще нету
[20:59:46] VladDoor (f83aa885-2487-4295-b366-193cd21d8701): а ка
[20:59:49] VladDoor (f83aa885-2487-4295-b366-193cd21d8701): а как
[21:00:19] VladDoor (f83aa885-2487-4295-b366-193cd21d8701): я все корни копаю
[21:00:48] VladDoor (f83aa885-2487-4295-b366-193cd21d8701): гайды это не мое
[21:06:58] VladDoor (f83aa885-2487-4295-b366-193cd21d8701): гудбай
[21:08:09] VladDoor (f83aa885-2487-4295-b366-193cd21d8701): как же хорошо что у меня
[21:08:20] VladDoor (f83aa885-2487-4295-b366-193cd21d8701): 6к железного дерева
[21:08:38] VladDoor (f83aa885-2487-4295-b366-193cd21d8701): а то это пиздец
[21:31:43] VladDoor (f83aa885-2487-4295-b366-193cd21d8701): уже посмотрел гайд
[21:32:37] VladDoor (f83aa885-2487-4295-b366-193cd21d8701): я миллионер
[21:32:39] VladDoor (f83aa885-2487-4295-b366-193cd21d8701): победа
[21:32:51] VladDoor (f83aa885-2487-4295-b366-193cd21d8701): не ну реал
[21:32:58] VladDoor (f83aa885-2487-4295-b366-193cd21d8701): что можно делать с 115к золота
[21:33:19] VladDoor (f83aa885-2487-4295-b366-193cd21d8701): руды конечно
[21:34:04] VladDoor (f83aa885-2487-4295-b366-193cd21d8701): у меня иридия одного нету
[21:34:09] VladDoor (f83aa885-2487-4295-b366-193cd21d8701): по этому золото клепаю
[21:34:33] VladDoor (f83aa885-2487-4295-b366-193cd21d8701): ага :D
[21:34:51] VladDoor (f83aa885-2487-4295-b366-193cd21d8701): а че еще можн делать
[21:34:54] VladDoor (f83aa885-2487-4295-b366-193cd21d8701): из нормального?
[21:35:18] VladDoor (f83aa885-2487-4295-b366-193cd21d8701): поч
[21:35:55] VladDoor (f83aa885-2487-4295-b366-193cd21d8701): ну типа
[21:36:05] VladDoor (f83aa885-2487-4295-b366-193cd21d8701): смысл делать ген ваще
[21:36:19] VladDoor (f83aa885-2487-4295-b366-193cd21d8701): но если альтернатив нету
[21:36:24] VladDoor (f83aa885-2487-4295-b366-193cd21d8701): то вот на гене работаю
[21:36:33] VladDoor (f83aa885-2487-4295-b366-193cd21d8701): а так бы на молекулярке в разы дешевле делал иридий
[21:36:49] VladDoor (f83aa885-2487-4295-b366-193cd21d8701): тут 16.5 лямов энергии нада для 1 золота
[21:37:02] VladDoor (f83aa885-2487-4295-b366-193cd21d8701): ну руды
[21:37:15] VladDoor (f83aa885-2487-4295-b366-193cd21d8701): а так в молекулярке стопку делаешь и всо
[21:37:22] VladDoor (f83aa885-2487-4295-b366-193cd21d8701): я щас делаю себе норм систему мэ
[21:37:26] VladDoor (f83aa885-2487-4295-b366-193cd21d8701): а дальше молеклярку
[21:37:42] VladDoor (f83aa885-2487-4295-b366-193cd21d8701): потому что я в каменном веке
[21:37:46] VladDoor (f83aa885-2487-4295-b366-193cd21d8701): но мне инопланетяне дали
[21:37:55] VladDoor (f83aa885-2487-4295-b366-193cd21d8701): технологии с которыми я на вы
[21:37:59] VladDoor (f83aa885-2487-4295-b366-193cd21d8701): образно
[21:39:00] VladDoor (f83aa885-2487-4295-b366-193cd21d8701): оч тяжело
[21:39:05] VladDoor (f83aa885-2487-4295-b366-193cd21d8701): я ток щас понял
[21:39:15] VladDoor (f83aa885-2487-4295-b366-193cd21d8701): что у меня
[21:39:20] VladDoor (f83aa885-2487-4295-b366-193cd21d8701): были охладители
[21:39:27] VladDoor (f83aa885-2487-4295-b366-193cd21d8701): а так я мехами ваще кроме ген мата не пользовался
[21:39:46] VladDoor (f83aa885-2487-4295-b366-193cd21d8701): но а раз они есть тогда я щас за 2 часика сделаю молекулярку
[21:39:54] VladDoor (f83aa885-2487-4295-b366-193cd21d8701): с помощью любимого таум крафта
[21:40:02] VladDoor (f83aa885-2487-4295-b366-193cd21d8701): верстака
[21:40:06] VladDoor (f83aa885-2487-4295-b366-193cd21d8701): и какой то там матери
[21:40:38] VladDoor (f83aa885-2487-4295-b366-193cd21d8701): не чуствую
[21:40:45] VladDoor (f83aa885-2487-4295-b366-193cd21d8701): сделал чисто дохуя этого
[21:40:51] VladDoor (f83aa885-2487-4295-b366-193cd21d8701): оранжевого из термала
[21:40:54] VladDoor (f83aa885-2487-4295-b366-193cd21d8701): в плавильне
[21:41:03] VladDoor (f83aa885-2487-4295-b366-193cd21d8701): ++
[21:41:06] VladDoor (f83aa885-2487-4295-b366-193cd21d8701): это ваще имба
[21:41:15] VladDoor (f83aa885-2487-4295-b366-193cd21d8701): тыкаю 3 раза по ген кв
[21:41:21] VladDoor (f83aa885-2487-4295-b366-193cd21d8701): и он мне фулит кв карьер
[21:41:25] VladDoor (f83aa885-2487-4295-b366-193cd21d8701): вот сделаю щас молекулярку
[21:41:34] VladDoor (f83aa885-2487-4295-b366-193cd21d8701): а там 3х3
[21:41:46] VladDoor (f83aa885-2487-4295-b366-193cd21d8701): и буду тыкать по кд по кв гену
[21:42:15] VladDoor (f83aa885-2487-4295-b366-193cd21d8701): или сделать крафт из миллиона иридия
[21:42:22] VladDoor (f83aa885-2487-4295-b366-193cd21d8701): шарикового конечно же
[21:43:04] VladDoor (f83aa885-2487-4295-b366-193cd21d8701): ну типа
[21:43:12] VladDoor (f83aa885-2487-4295-b366-193cd21d8701): не согласен
[21:43:27] VladDoor (f83aa885-2487-4295-b366-193cd21d8701): она не совсем имба
[21:43:35] VladDoor (f83aa885-2487-4295-b366-193cd21d8701): а просто ускоряет чуть печьку ту же
[21:43:50] VladDoor (f83aa885-2487-4295-b366-193cd21d8701): что вообщем является просто экономией времени
[21:43:58] VladDoor (f83aa885-2487-4295-b366-193cd21d8701): но вот крафт реал над жесче делать
[21:44:06] VladDoor (f83aa885-2487-4295-b366-193cd21d8701): ну хотябы там сингулярное ядро
[21:44:18] VladDoor (f83aa885-2487-4295-b366-193cd21d8701): типа не в самом начале
[21:45:47] VladDoor (f83aa885-2487-4295-b366-193cd21d8701): допустим
[21:45:50] VladDoor (f83aa885-2487-4295-b366-193cd21d8701): форестри
[21:46:01] VladDoor (f83aa885-2487-4295-b366-193cd21d8701): там нада по 1 виду разных сот и т.п.
[21:46:42] VladDoor (f83aa885-2487-4295-b366-193cd21d8701): из форестри же ток корпус один используется да и все
[21:46:46] VladDoor (f83aa885-2487-4295-b366-193cd21d8701): ну еще палки для начала
[21:46:52] VladDoor (f83aa885-2487-4295-b366-193cd21d8701): но можн и без них так то
[21:46:53] VladDoor (f83aa885-2487-4295-b366-193cd21d8701): быть
[21:47:57] VladDoor (f83aa885-2487-4295-b366-193cd21d8701): ну типа да
[21:48:06] VladDoor (f83aa885-2487-4295-b366-193cd21d8701): временные частица
[21:48:11] VladDoor (f83aa885-2487-4295-b366-193cd21d8701): или что то такое
[21:48:23] VladDoor (f83aa885-2487-4295-b366-193cd21d8701): или допустим
[21:48:44] VladDoor (f83aa885-2487-4295-b366-193cd21d8701): сделать собиратель временных частиц
[21:48:55] VladDoor (f83aa885-2487-4295-b366-193cd21d8701): и из него уже время в бутылке
[21:49:48] VladDoor (f83aa885-2487-4295-b366-193cd21d8701): но он сказал что не будет менять крафт
