[08:50:10] _reflexed (a4982e19-bdcc-40a7-a685-78ee1c50ad23): q
[08:50:17] Swat99Swat (9ce303e4-8a19-4d67-82f9-74ca7bafa055): Прив
[08:50:31] _reflexed (a4982e19-bdcc-40a7-a685-78ee1c50ad23): Фпс стабильный
[08:58:03] _reflexed (a4982e19-bdcc-40a7-a685-78ee1c50ad23): Мне ща багровый портал попался
[08:58:08] Swat99Swat (9ce303e4-8a19-4d67-82f9-74ca7bafa055): )
[08:59:25] _reflexed (a4982e19-bdcc-40a7-a685-78ee1c50ad23): Меня чуть не разтерзали
[08:59:35] Swat99Swat (9ce303e4-8a19-4d67-82f9-74ca7bafa055): Согласен
[08:59:38] Swat99Swat (9ce303e4-8a19-4d67-82f9-74ca7bafa055): Мобов дохера
[09:00:30] _reflexed (a4982e19-bdcc-40a7-a685-78ee1c50ad23): ку
[09:01:58] _reflexed (a4982e19-bdcc-40a7-a685-78ee1c50ad23): Я новый данж нашел
[09:05:03] _reflexed (a4982e19-bdcc-40a7-a685-78ee1c50ad23): Я не могу сделать норм рг
[09:06:17] _reflexed (a4982e19-bdcc-40a7-a685-78ee1c50ad23): Я понял
[09:06:18] Swat99Swat (9ce303e4-8a19-4d67-82f9-74ca7bafa055): Я приватил FTB
[09:06:31] Swat99Swat (9ce303e4-8a19-4d67-82f9-74ca7bafa055): Он конечно против визера неработает
[09:06:38] _reflexed (a4982e19-bdcc-40a7-a685-78ee1c50ad23): Почему я такой тупой, а?
[09:06:46] Swat99Swat (9ce303e4-8a19-4d67-82f9-74ca7bafa055): Но я сомневаюсь что здесь кто то будет им пользоватся во зло
[09:12:40] _reflexed (a4982e19-bdcc-40a7-a685-78ee1c50ad23): + жнец 4 с босса
[09:39:23] _reflexed (a4982e19-bdcc-40a7-a685-78ee1c50ad23): Слушай, ты знаешь какой сплав самый хороший для начала игры?
[09:39:45] Swat99Swat (9ce303e4-8a19-4d67-82f9-74ca7bafa055): Я платину юзаю
[09:39:57] Swat99Swat (9ce303e4-8a19-4d67-82f9-74ca7bafa055): ну а сплав електрум
[09:40:27] Swat99Swat (9ce303e4-8a19-4d67-82f9-74ca7bafa055): Лучше електрума пока ничего не нашел
[09:40:33] _reflexed (a4982e19-bdcc-40a7-a685-78ee1c50ad23): Я понял почему
[09:40:36] Swat99Swat (9ce303e4-8a19-4d67-82f9-74ca7bafa055): В плане урона прочности и скорости
[09:40:36] _reflexed (a4982e19-bdcc-40a7-a685-78ee1c50ad23): Ускоренные
[09:42:13] Swat99Swat (9ce303e4-8a19-4d67-82f9-74ca7bafa055): У меня в игре 72 часа
[09:42:17] Swat99Swat (9ce303e4-8a19-4d67-82f9-74ca7bafa055): И толком ничего нет
[09:42:22] _reflexed (a4982e19-bdcc-40a7-a685-78ee1c50ad23): Я час почти наиграл
[09:42:25] Swat99Swat (9ce303e4-8a19-4d67-82f9-74ca7bafa055): афк стоял часов 20
[09:42:27] _reflexed (a4982e19-bdcc-40a7-a685-78ee1c50ad23): И уже делаю тинкер печку
[09:42:50] Swat99Swat (9ce303e4-8a19-4d67-82f9-74ca7bafa055): Тут траблы в количестве ресурсов и долгих крафтах
[09:43:01] Swat99Swat (9ce303e4-8a19-4d67-82f9-74ca7bafa055): А карьер из астрала делать лень
[09:43:22] _reflexed (a4982e19-bdcc-40a7-a685-78ee1c50ad23): Я нашел призрач. катушку на 128 рф в тик
[09:43:28] Swat99Swat (9ce303e4-8a19-4d67-82f9-74ca7bafa055): Имба
[09:43:37] Swat99Swat (9ce303e4-8a19-4d67-82f9-74ca7bafa055): Мне пока 2 штук хватает
[09:44:07] _reflexed (a4982e19-bdcc-40a7-a685-78ee1c50ad23): Можна потом делать беск. енергию с помощью алмазных семян
[09:44:21] Swat99Swat (9ce303e4-8a19-4d67-82f9-74ca7bafa055): Только ты их рецепт видел ?
[09:44:49] _reflexed (a4982e19-bdcc-40a7-a685-78ee1c50ad23): Да
[09:44:51] _reflexed (a4982e19-bdcc-40a7-a685-78ee1c50ad23): Легкий
[09:44:55] Swat99Swat (9ce303e4-8a19-4d67-82f9-74ca7bafa055): Ну тогда ок
[09:44:58] _reflexed (a4982e19-bdcc-40a7-a685-78ee1c50ad23): Эссенцию можна нафармить
[09:45:08] _reflexed (a4982e19-bdcc-40a7-a685-78ee1c50ad23): Фитогенный светильник, и всё
[09:45:12] Swat99Swat (9ce303e4-8a19-4d67-82f9-74ca7bafa055): Да я не спорю что можно но это не ванильный крафт
[09:48:21] _reflexed (a4982e19-bdcc-40a7-a685-78ee1c50ad23): Ура, у меня теперь тройной прыжок
[09:48:37] Swat99Swat (9ce303e4-8a19-4d67-82f9-74ca7bafa055): Чарка ?
[09:48:42] _reflexed (a4982e19-bdcc-40a7-a685-78ee1c50ad23): Да
[09:52:53] _reflexed (a4982e19-bdcc-40a7-a685-78ee1c50ad23): Можешь уснуть?
[09:52:59] _reflexed (a4982e19-bdcc-40a7-a685-78ee1c50ad23): спс
[11:04:44] Stxywxthme (6ce0cde9-8c92-4c66-96ad-6bffb9dfc01b): ку
[11:04:55] Stxywxthme (6ce0cde9-8c92-4c66-96ad-6bffb9dfc01b): на спавне урона нету?
[11:05:45] Swat99Swat (9ce303e4-8a19-4d67-82f9-74ca7bafa055): Хз
[11:06:40] Stxywxthme (6ce0cde9-8c92-4c66-96ad-6bffb9dfc01b): ты развился?
[11:06:44] Swat99Swat (9ce303e4-8a19-4d67-82f9-74ca7bafa055): чуток
[11:07:10] Stxywxthme (6ce0cde9-8c92-4c66-96ad-6bffb9dfc01b): норм
[11:07:22] Stxywxthme (6ce0cde9-8c92-4c66-96ad-6bffb9dfc01b): а тут приват
[11:07:33] Swat99Swat (9ce303e4-8a19-4d67-82f9-74ca7bafa055): Ftb приват
[11:07:40] Stxywxthme (6ce0cde9-8c92-4c66-96ad-6bffb9dfc01b): чего
[11:07:59] Swat99Swat (9ce303e4-8a19-4d67-82f9-74ca7bafa055): всм чего
[11:08:13] Stxywxthme (6ce0cde9-8c92-4c66-96ad-6bffb9dfc01b): да просто
[11:08:20] Stxywxthme (6ce0cde9-8c92-4c66-96ad-6bffb9dfc01b): не встречал такой приват
[11:08:38] Swat99Swat (9ce303e4-8a19-4d67-82f9-74ca7bafa055): он редко используется
[11:08:48] Swat99Swat (9ce303e4-8a19-4d67-82f9-74ca7bafa055): и он полностью не защитит
[11:08:51] Swat99Swat (9ce303e4-8a19-4d67-82f9-74ca7bafa055): визер блоки ломает
[11:08:54] Swat99Swat (9ce303e4-8a19-4d67-82f9-74ca7bafa055): к примеру
[11:08:59] Stxywxthme (6ce0cde9-8c92-4c66-96ad-6bffb9dfc01b): да
[11:09:12] Stxywxthme (6ce0cde9-8c92-4c66-96ad-6bffb9dfc01b): 100 чанков привата
[11:09:21] Stxywxthme (6ce0cde9-8c92-4c66-96ad-6bffb9dfc01b): 50 чанков прогрузки
[11:09:36] Swat99Swat (9ce303e4-8a19-4d67-82f9-74ca7bafa055): прогрузка работает пока ты в сети
[11:09:41] Stxywxthme (6ce0cde9-8c92-4c66-96ad-6bffb9dfc01b): аа
[11:09:47] Stxywxthme (6ce0cde9-8c92-4c66-96ad-6bffb9dfc01b): тогда херня
[11:09:57] Swat99Swat (9ce303e4-8a19-4d67-82f9-74ca7bafa055): полноценный якорь за бабки
[11:10:06] Swat99Swat (9ce303e4-8a19-4d67-82f9-74ca7bafa055): тут мобья дохера
[11:12:11] Stxywxthme (6ce0cde9-8c92-4c66-96ad-6bffb9dfc01b): мб тиму сделать
[11:14:26] Stxywxthme (6ce0cde9-8c92-4c66-96ad-6bffb9dfc01b): ладно
[11:14:48] Stxywxthme (6ce0cde9-8c92-4c66-96ad-6bffb9dfc01b): .КЕЗ
[11:26:46] Stxywxthme (6ce0cde9-8c92-4c66-96ad-6bffb9dfc01b): я вижу чьи-то могилы
[11:26:58] _reflexed (a4982e19-bdcc-40a7-a685-78ee1c50ad23): Не мои точно
[11:27:01] _reflexed (a4982e19-bdcc-40a7-a685-78ee1c50ad23): Я ниразу не умер
[11:34:44] _reflexed (a4982e19-bdcc-40a7-a685-78ee1c50ad23): Что у меня с пингом
[11:40:55] Swat99Swat (9ce303e4-8a19-4d67-82f9-74ca7bafa055): У меня норма )
[11:44:49] _reflexed (a4982e19-bdcc-40a7-a685-78ee1c50ad23): Ого, сам капуста
[11:47:00] KaPuStA10 (76ee4d74-5903-4bd6-b9df-3f0e1e872a9e): всем прив
[11:47:09] KaPuStA10 (76ee4d74-5903-4bd6-b9df-3f0e1e872a9e): всемприв
[11:47:17] _reflexed (a4982e19-bdcc-40a7-a685-78ee1c50ad23): ку
[11:48:26] _reflexed (a4982e19-bdcc-40a7-a685-78ee1c50ad23): Начальная кирка на почти 2к прочности
[11:54:22] _reflexed (a4982e19-bdcc-40a7-a685-78ee1c50ad23): У меня крашнуло
[11:54:24] _reflexed (a4982e19-bdcc-40a7-a685-78ee1c50ad23): пон
[11:54:30] Swat99Swat (9ce303e4-8a19-4d67-82f9-74ca7bafa055): Ну это бывает
[12:25:40] _reflexed (a4982e19-bdcc-40a7-a685-78ee1c50ad23): Уххх
[12:30:17] _reflexed (a4982e19-bdcc-40a7-a685-78ee1c50ad23): Сможешь сделать дестабилизированный красный камень пж?
[12:34:40] _reflexed (a4982e19-bdcc-40a7-a685-78ee1c50ad23): Ты тут?
[12:54:24] _reflexed (a4982e19-bdcc-40a7-a685-78ee1c50ad23): Уххх
[12:54:26] _reflexed (a4982e19-bdcc-40a7-a685-78ee1c50ad23): пинг поднялся
[13:22:38] AETERNAL (6015b02d-f272-4154-8209-5e3b23bbc09c): чё
[13:24:23] Swat99Swat (9ce303e4-8a19-4d67-82f9-74ca7bafa055): ?
[13:24:39] AETERNAL (6015b02d-f272-4154-8209-5e3b23bbc09c): мысли в слух
[14:18:11] _reflexed (a4982e19-bdcc-40a7-a685-78ee1c50ad23): ку
[14:18:18] Swat99Swat (9ce303e4-8a19-4d67-82f9-74ca7bafa055): qq
[14:19:08] _reflexed (a4982e19-bdcc-40a7-a685-78ee1c50ad23): Меч на 12 урона
[14:19:10] _reflexed (a4982e19-bdcc-40a7-a685-78ee1c50ad23): Кайф
[14:19:58] _reflexed (a4982e19-bdcc-40a7-a685-78ee1c50ad23): Это было бы слишком
[14:20:20] Swat99Swat (9ce303e4-8a19-4d67-82f9-74ca7bafa055): Было бы норм если бы крафтился в самом конце )))
[14:24:48] _reflexed (a4982e19-bdcc-40a7-a685-78ee1c50ad23): У меня хлеб на остроту 2
[14:24:49] _reflexed (a4982e19-bdcc-40a7-a685-78ee1c50ad23): лол
[14:24:57] Swat99Swat (9ce303e4-8a19-4d67-82f9-74ca7bafa055): фигня
[14:25:00] Swat99Swat (9ce303e4-8a19-4d67-82f9-74ca7bafa055): У меня на 3 чарки
[14:25:06] Swat99Swat (9ce303e4-8a19-4d67-82f9-74ca7bafa055): Только таким и питаюсь
[14:28:15] Stxywxthme (6ce0cde9-8c92-4c66-96ad-6bffb9dfc01b): норм
[14:28:29] Stxywxthme (6ce0cde9-8c92-4c66-96ad-6bffb9dfc01b): 300 пинга
[14:28:44] Swat99Swat (9ce303e4-8a19-4d67-82f9-74ca7bafa055): А инет ?
[14:28:50] Swat99Swat (9ce303e4-8a19-4d67-82f9-74ca7bafa055): скок мегабит
[14:28:53] Swat99Swat (9ce303e4-8a19-4d67-82f9-74ca7bafa055): и где ты
[14:29:00] Stxywxthme (6ce0cde9-8c92-4c66-96ad-6bffb9dfc01b): Узбекистан
[14:29:18] Stxywxthme (6ce0cde9-8c92-4c66-96ad-6bffb9dfc01b): 20 мб
[14:29:21] _reflexed (a4982e19-bdcc-40a7-a685-78ee1c50ad23): Емаааа
[14:29:29] _reflexed (a4982e19-bdcc-40a7-a685-78ee1c50ad23): беск и починка на одном луке
[14:29:30] Stxywxthme (6ce0cde9-8c92-4c66-96ad-6bffb9dfc01b): ?
[14:29:38] Stxywxthme (6ce0cde9-8c92-4c66-96ad-6bffb9dfc01b): харош
[14:32:47] Stxywxthme (6ce0cde9-8c92-4c66-96ad-6bffb9dfc01b): могила AETERNAL
[14:32:57] [CAPS] Stxywxthme (6ce0cde9-8c92-4c66-96ad-6bffb9dfc01b): и pryshio
[14:33:34] Stxywxthme (6ce0cde9-8c92-4c66-96ad-6bffb9dfc01b): пустые
[14:39:22] Stxywxthme (6ce0cde9-8c92-4c66-96ad-6bffb9dfc01b): чуть не умер
[14:39:33] _reflexed (a4982e19-bdcc-40a7-a685-78ee1c50ad23): Также
[14:39:42] Swat99Swat (9ce303e4-8a19-4d67-82f9-74ca7bafa055): Я умерал только из за лагов
[14:40:01] Stxywxthme (6ce0cde9-8c92-4c66-96ad-6bffb9dfc01b): эти мобы которые похожи на блок травы
[14:40:06] Stxywxthme (6ce0cde9-8c92-4c66-96ad-6bffb9dfc01b): и босс
[14:44:56] Stxywxthme (6ce0cde9-8c92-4c66-96ad-6bffb9dfc01b): биом deep ocean когда на этом месте равнины
[14:45:08] Swat99Swat (9ce303e4-8a19-4d67-82f9-74ca7bafa055): Все биом сломаны
[14:45:19] Swat99Swat (9ce303e4-8a19-4d67-82f9-74ca7bafa055): И нет данжа с астрала в котором кристал
[14:45:30] Stxywxthme (6ce0cde9-8c92-4c66-96ad-6bffb9dfc01b): я находил мелкие
[14:45:36] Swat99Swat (9ce303e4-8a19-4d67-82f9-74ca7bafa055): Мелких полно
[14:45:39] Stxywxthme (6ce0cde9-8c92-4c66-96ad-6bffb9dfc01b): но больших с кристалом нет
[14:45:49] Swat99Swat (9ce303e4-8a19-4d67-82f9-74ca7bafa055): Их вообще нет
[14:49:00] _reflexed (a4982e19-bdcc-40a7-a685-78ee1c50ad23): Re
[14:49:03] _reflexed (a4982e19-bdcc-40a7-a685-78ee1c50ad23): ку*
[14:49:09] AETERNAL (6015b02d-f272-4154-8209-5e3b23bbc09c): ./ping
[14:49:13] AETERNAL (6015b02d-f272-4154-8209-5e3b23bbc09c): говорите что у вас
[14:49:15] AETERNAL (6015b02d-f272-4154-8209-5e3b23bbc09c): хай
[14:49:18] _reflexed (a4982e19-bdcc-40a7-a685-78ee1c50ad23): 54
[14:49:20] Swat99Swat (9ce303e4-8a19-4d67-82f9-74ca7bafa055): Страдаю
[14:49:33] Swat99Swat (9ce303e4-8a19-4d67-82f9-74ca7bafa055): Копаю прометхеум руду
[14:49:55] AETERNAL (6015b02d-f272-4154-8209-5e3b23bbc09c): ад 0-5 высота
[14:50:07] Swat99Swat (9ce303e4-8a19-4d67-82f9-74ca7bafa055): ну так я копаю с 0 до 16
[14:50:13] Swat99Swat (9ce303e4-8a19-4d67-82f9-74ca7bafa055): 16x1x16
[14:50:23] Swat99Swat (9ce303e4-8a19-4d67-82f9-74ca7bafa055): и только 32 штуки
[15:00:51] AETERNAL (6015b02d-f272-4154-8209-5e3b23bbc09c): в басике их так же дюпать можно
[15:01:04] Swat99Swat (9ce303e4-8a19-4d67-82f9-74ca7bafa055): Басик ?
[15:01:04] AETERNAL (6015b02d-f272-4154-8209-5e3b23bbc09c): но карик лучше всего
[15:01:08] AETERNAL (6015b02d-f272-4154-8209-5e3b23bbc09c): катализатор
[15:01:15] Swat99Swat (9ce303e4-8a19-4d67-82f9-74ca7bafa055): эх
[15:01:58] AETERNAL (6015b02d-f272-4154-8209-5e3b23bbc09c): правда там гаста прийдётся жахнуть
[15:02:38] Swat99Swat (9ce303e4-8a19-4d67-82f9-74ca7bafa055): У меня столько маны нет
[15:24:21] _reflexed (a4982e19-bdcc-40a7-a685-78ee1c50ad23): Я умер впервіе
[15:24:25] _reflexed (a4982e19-bdcc-40a7-a685-78ee1c50ad23): впервые*
[15:26:23] _reflexed (a4982e19-bdcc-40a7-a685-78ee1c50ad23): - 57 лвл
[15:29:16] AETERNAL (6015b02d-f272-4154-8209-5e3b23bbc09c): ну вроде норм пинг по табу смотрю у вас?
[15:29:20] _reflexed (a4982e19-bdcc-40a7-a685-78ee1c50ad23): Да
[15:36:08] AETERNAL (6015b02d-f272-4154-8209-5e3b23bbc09c): так, я вроде свободен поиграть немного
[15:36:18] AETERNAL (6015b02d-f272-4154-8209-5e3b23bbc09c): чё там, как дела?
[15:36:59] AETERNAL (6015b02d-f272-4154-8209-5e3b23bbc09c): бу
[15:37:02] _reflexed (a4982e19-bdcc-40a7-a685-78ee1c50ad23): Норм
[15:37:10] _reflexed (a4982e19-bdcc-40a7-a685-78ee1c50ad23): Это за 2 часа я получил
[15:37:19] _reflexed (a4982e19-bdcc-40a7-a685-78ee1c50ad23): + еще хорошие инструменты
[15:37:25] _reflexed (a4982e19-bdcc-40a7-a685-78ee1c50ad23): Вот ща хочу сделать себе идеальный молот
[15:37:32] _reflexed (a4982e19-bdcc-40a7-a685-78ee1c50ad23): Смотри скок спавнеров
[15:37:39] AETERNAL (6015b02d-f272-4154-8209-5e3b23bbc09c): xD
[15:37:39] _reflexed (a4982e19-bdcc-40a7-a685-78ee1c50ad23): Почти 50
[15:37:54] AETERNAL (6015b02d-f272-4154-8209-5e3b23bbc09c): рекомендую так же перки астрала качать как можно скорее
[15:38:01] AETERNAL (6015b02d-f272-4154-8209-5e3b23bbc09c): смотри чё могу
[15:38:09] _reflexed (a4982e19-bdcc-40a7-a685-78ee1c50ad23): Бан
[15:38:10] _reflexed (a4982e19-bdcc-40a7-a685-78ee1c50ad23): софт
[15:38:19] AETERNAL (6015b02d-f272-4154-8209-5e3b23bbc09c): это астрал)))
[15:38:44] AETERNAL (6015b02d-f272-4154-8209-5e3b23bbc09c): пойду чё то крфтить
[15:38:50] _reflexed (a4982e19-bdcc-40a7-a685-78ee1c50ad23): ок
[15:38:56] AETERNAL (6015b02d-f272-4154-8209-5e3b23bbc09c): хош селись возле нас
[15:39:07] _reflexed (a4982e19-bdcc-40a7-a685-78ee1c50ad23): Много времени потрачу
[15:39:27] AETERNAL (6015b02d-f272-4154-8209-5e3b23bbc09c): на что потратишь?
[15:40:01] _reflexed (a4982e19-bdcc-40a7-a685-78ee1c50ad23): что за Dimensional Fracture?
[15:40:16] AETERNAL (6015b02d-f272-4154-8209-5e3b23bbc09c): везучий
[15:40:19] AETERNAL (6015b02d-f272-4154-8209-5e3b23bbc09c): пиздец какой
[15:40:23] _reflexed (a4982e19-bdcc-40a7-a685-78ee1c50ad23): Типа
[15:40:29] AETERNAL (6015b02d-f272-4154-8209-5e3b23bbc09c): это портал в мир таума
[15:40:32] _reflexed (a4982e19-bdcc-40a7-a685-78ee1c50ad23): А
[15:40:33] AETERNAL (6015b02d-f272-4154-8209-5e3b23bbc09c): не активный
[15:40:35] _reflexed (a4982e19-bdcc-40a7-a685-78ee1c50ad23): И как попасть
[15:40:40] _reflexed (a4982e19-bdcc-40a7-a685-78ee1c50ad23): Ну типа как активировать
[15:40:47] AETERNAL (6015b02d-f272-4154-8209-5e3b23bbc09c): нужна пустотная перчатка с импульсом
[15:40:51] _reflexed (a4982e19-bdcc-40a7-a685-78ee1c50ad23): Ок
[15:51:30] _reflexed (a4982e19-bdcc-40a7-a685-78ee1c50ad23): Уууу
[15:51:32] _reflexed (a4982e19-bdcc-40a7-a685-78ee1c50ad23): Поймали
[15:51:39] AETERNAL (6015b02d-f272-4154-8209-5e3b23bbc09c): на горячем
[15:51:47] _reflexed (a4982e19-bdcc-40a7-a685-78ee1c50ad23): Шпагу точит на что то))
[15:52:00] AETERNAL (6015b02d-f272-4154-8209-5e3b23bbc09c): xDD
[15:53:15] _reflexed (a4982e19-bdcc-40a7-a685-78ee1c50ad23): Атернал, у тебя есть порошок блейза?
[15:53:29] AETERNAL (6015b02d-f272-4154-8209-5e3b23bbc09c): есть
[15:53:32] AETERNAL (6015b02d-f272-4154-8209-5e3b23bbc09c): сколько надо
[15:53:40] _reflexed (a4982e19-bdcc-40a7-a685-78ee1c50ad23): Надо 16 штук
[15:53:43] _reflexed (a4982e19-bdcc-40a7-a685-78ee1c50ad23): Для огнедерева
[15:54:01] _reflexed (a4982e19-bdcc-40a7-a685-78ee1c50ad23): Спасибо
[15:54:11] AETERNAL (6015b02d-f272-4154-8209-5e3b23bbc09c): доставка под двери прям)
[15:54:13] _reflexed (a4982e19-bdcc-40a7-a685-78ee1c50ad23): ага
[15:58:11] AETERNAL (6015b02d-f272-4154-8209-5e3b23bbc09c): время в бутылке сделай себе
[15:58:26] _reflexed (a4982e19-bdcc-40a7-a685-78ee1c50ad23): Лазурита нету
[15:59:04] _reflexed (a4982e19-bdcc-40a7-a685-78ee1c50ad23): Я играю и смотрю Гриффинов
[16:01:38] _reflexed (a4982e19-bdcc-40a7-a685-78ee1c50ad23): Кто лича уже заспавнил?
[16:01:49] AETERNAL (6015b02d-f272-4154-8209-5e3b23bbc09c): лича, твайлайт?
[16:01:52] _reflexed (a4982e19-bdcc-40a7-a685-78ee1c50ad23): да
[16:02:00] AETERNAL (6015b02d-f272-4154-8209-5e3b23bbc09c): та я их тонну перебил
[16:02:16] _reflexed (a4982e19-bdcc-40a7-a685-78ee1c50ad23): Да емае
[16:02:21] _reflexed (a4982e19-bdcc-40a7-a685-78ee1c50ad23): Он мне нужен для квеста
[16:02:44] AETERNAL (6015b02d-f272-4154-8209-5e3b23bbc09c): могу на башню тепнуть
[16:02:46] _reflexed (a4982e19-bdcc-40a7-a685-78ee1c50ad23): давай
[16:03:04] AETERNAL (6015b02d-f272-4154-8209-5e3b23bbc09c): ща
[16:03:44] AETERNAL (6015b02d-f272-4154-8209-5e3b23bbc09c): готов?
[16:03:46] _reflexed (a4982e19-bdcc-40a7-a685-78ee1c50ad23): да
[16:03:57] _reflexed (a4982e19-bdcc-40a7-a685-78ee1c50ad23): спс
[16:06:43] _reflexed (a4982e19-bdcc-40a7-a685-78ee1c50ad23): Что за лунный циферблат?
[16:06:56] AETERNAL (6015b02d-f272-4154-8209-5e3b23bbc09c): хз для чего он
[16:07:00] AETERNAL (6015b02d-f272-4154-8209-5e3b23bbc09c): так и не понял
[16:07:11] _reflexed (a4982e19-bdcc-40a7-a685-78ee1c50ad23): мне нужны стальные листья
[16:08:04] AETERNAL (6015b02d-f272-4154-8209-5e3b23bbc09c): лабиринт, гора с гоблинами или башня гаста
[16:08:14] _reflexed (a4982e19-bdcc-40a7-a685-78ee1c50ad23): Лабиринт
[16:08:23] _reflexed (a4982e19-bdcc-40a7-a685-78ee1c50ad23): Или стой
[16:09:49] _reflexed (a4982e19-bdcc-40a7-a685-78ee1c50ad23): да
[16:09:52] _reflexed (a4982e19-bdcc-40a7-a685-78ee1c50ad23): Лабиринт
[16:10:18] AETERNAL (6015b02d-f272-4154-8209-5e3b23bbc09c): классно придумал, скажи? ;D
[16:10:21] _reflexed (a4982e19-bdcc-40a7-a685-78ee1c50ad23): да
[16:20:05] _reflexed (a4982e19-bdcc-40a7-a685-78ee1c50ad23): Уххх
[16:20:12] _reflexed (a4982e19-bdcc-40a7-a685-78ee1c50ad23): ща гриботавра буду фигачить
[16:21:26] AETERNAL (6015b02d-f272-4154-8209-5e3b23bbc09c): потом гидру)
[16:21:41] Stxywxthme (6ce0cde9-8c92-4c66-96ad-6bffb9dfc01b): бл
[16:21:58] Stxywxthme (6ce0cde9-8c92-4c66-96ad-6bffb9dfc01b): мини-босс блок травы
[16:22:10] AETERNAL (6015b02d-f272-4154-8209-5e3b23bbc09c): ну а чё ты хотел)
[16:22:39] Stxywxthme (6ce0cde9-8c92-4c66-96ad-6bffb9dfc01b): 50 хп он живучий
[16:23:13] Stxywxthme (6ce0cde9-8c92-4c66-96ad-6bffb9dfc01b): уххх жнец 3
[16:23:38] AETERNAL (6015b02d-f272-4154-8209-5e3b23bbc09c): повезло повезло
[16:25:32] _reflexed (a4982e19-bdcc-40a7-a685-78ee1c50ad23): Кто то может ко мне тепнуться и остаться на 1 минуту?
[16:25:34] _reflexed (a4982e19-bdcc-40a7-a685-78ee1c50ad23): мне оч надо
[16:26:48] _reflexed (a4982e19-bdcc-40a7-a685-78ee1c50ad23): Спс
[16:26:57] AETERNAL (6015b02d-f272-4154-8209-5e3b23bbc09c): ага
[16:39:04] _reflexed (a4982e19-bdcc-40a7-a685-78ee1c50ad23): Повезло что у меня был чарм на инвентарь
[16:39:14] AETERNAL (6015b02d-f272-4154-8209-5e3b23bbc09c): :D
[16:39:21] _reflexed (a4982e19-bdcc-40a7-a685-78ee1c50ad23): Тепнуть назад сможешь или никак?
[16:40:04] AETERNAL (6015b02d-f272-4154-8209-5e3b23bbc09c): в долг )
[16:40:44] AETERNAL (6015b02d-f272-4154-8209-5e3b23bbc09c): скинь корды
[16:40:48] _reflexed (a4982e19-bdcc-40a7-a685-78ee1c50ad23): Ща
[16:41:34] Stxywxthme (6ce0cde9-8c92-4c66-96ad-6bffb9dfc01b): шелковое касание
[16:42:16] _reflexed (a4982e19-bdcc-40a7-a685-78ee1c50ad23): Я ща сделаю имба молот
[16:42:26] Stxywxthme (6ce0cde9-8c92-4c66-96ad-6bffb9dfc01b): тинкерс есть?
[16:42:43] AETERNAL (6015b02d-f272-4154-8209-5e3b23bbc09c): конечно
[16:45:37] _reflexed (a4982e19-bdcc-40a7-a685-78ee1c50ad23): 2564 -1471 63
[16:45:40] _reflexed (a4982e19-bdcc-40a7-a685-78ee1c50ad23): Вот корды
[16:45:54] AETERNAL (6015b02d-f272-4154-8209-5e3b23bbc09c): измерение?
[16:46:04] _reflexed (a4982e19-bdcc-40a7-a685-78ee1c50ad23): Твайлайт форест
[16:47:33] _reflexed (a4982e19-bdcc-40a7-a685-78ee1c50ad23): Спс
[16:47:40] AETERNAL (6015b02d-f272-4154-8209-5e3b23bbc09c): рано благодаришь)
[16:49:34] Stxywxthme (6ce0cde9-8c92-4c66-96ad-6bffb9dfc01b): скипните ночь
[16:49:51] AETERNAL (6015b02d-f272-4154-8209-5e3b23bbc09c): спать ложись
[16:50:03] Stxywxthme (6ce0cde9-8c92-4c66-96ad-6bffb9dfc01b): у меня нет шерсти
[16:51:40] AETERNAL (6015b02d-f272-4154-8209-5e3b23bbc09c): чё тебя кикает?
[16:51:47] _reflexed (a4982e19-bdcc-40a7-a685-78ee1c50ad23): Не кикает
[16:51:49] _reflexed (a4982e19-bdcc-40a7-a685-78ee1c50ad23): Я выхожу иногда
[16:52:01] AETERNAL (6015b02d-f272-4154-8209-5e3b23bbc09c): а, я думал опять гемор какой-то
[16:58:14] _reflexed (a4982e19-bdcc-40a7-a685-78ee1c50ad23): Всё
[16:58:18] _reflexed (a4982e19-bdcc-40a7-a685-78ee1c50ad23): Я убил гриботавра
[16:58:32] AETERNAL (6015b02d-f272-4154-8209-5e3b23bbc09c): теперь можно и супа похлебать
[17:00:12] _reflexed (a4982e19-bdcc-40a7-a685-78ee1c50ad23): Дать супца?
[17:00:53] AETERNAL (6015b02d-f272-4154-8209-5e3b23bbc09c): не, советую всё сходу не сожрать)
[17:00:59] AETERNAL (6015b02d-f272-4154-8209-5e3b23bbc09c): 1 суп - 1 гидра по сути
[17:01:03] _reflexed (a4982e19-bdcc-40a7-a685-78ee1c50ad23): Пон
[17:03:38] _reflexed (a4982e19-bdcc-40a7-a685-78ee1c50ad23): Какие штуки добавляют модификаторы?
[17:03:41] _reflexed (a4982e19-bdcc-40a7-a685-78ee1c50ad23): Я забыл прост
[17:04:03] AETERNAL (6015b02d-f272-4154-8209-5e3b23bbc09c): магическое дерево лучше всего
[17:04:25] AETERNAL (6015b02d-f272-4154-8209-5e3b23bbc09c): клепаешь из него инструмент полностью, улучшаешь и потом вставляешь части которые тебе надо
[17:32:14] Stxywxthme (6ce0cde9-8c92-4c66-96ad-6bffb9dfc01b): desintegrate
[17:32:35] AETERNAL (6015b02d-f272-4154-8209-5e3b23bbc09c): ладно
[17:32:51] Stxywxthme (6ce0cde9-8c92-4c66-96ad-6bffb9dfc01b): он что делает
[17:33:16] AETERNAL (6015b02d-f272-4154-8209-5e3b23bbc09c): ты о чём щас
[17:33:22] Stxywxthme (6ce0cde9-8c92-4c66-96ad-6bffb9dfc01b): desintegrate
[17:34:22] AETERNAL (6015b02d-f272-4154-8209-5e3b23bbc09c): значение слова не знаешь или что?
[17:34:31] Stxywxthme (6ce0cde9-8c92-4c66-96ad-6bffb9dfc01b): типа разбор?
[17:34:38] AETERNAL (6015b02d-f272-4154-8209-5e3b23bbc09c): ну, зависит
[17:34:46] AETERNAL (6015b02d-f272-4154-8209-5e3b23bbc09c): распад, разбор тд
[17:34:49] AETERNAL (6015b02d-f272-4154-8209-5e3b23bbc09c): много значений
[17:41:35] Swat99Swat (9ce303e4-8a19-4d67-82f9-74ca7bafa055): Проверил только что
[17:41:44] Stxywxthme (6ce0cde9-8c92-4c66-96ad-6bffb9dfc01b): &
[17:41:44] Swat99Swat (9ce303e4-8a19-4d67-82f9-74ca7bafa055): заменить полностью инструмент из маг дерева не выйдет
[17:41:54] Stxywxthme (6ce0cde9-8c92-4c66-96ad-6bffb9dfc01b): А
[17:42:05] AETERNAL (6015b02d-f272-4154-8209-5e3b23bbc09c): так я буквально сам так делал
[17:42:21] Swat99Swat (9ce303e4-8a19-4d67-82f9-74ca7bafa055): Ну палка и наголовник меняется в кирке
[17:42:27] Stxywxthme (6ce0cde9-8c92-4c66-96ad-6bffb9dfc01b): там вроде 1 часть из маг дерева нужна
[17:42:31] Swat99Swat (9ce303e4-8a19-4d67-82f9-74ca7bafa055): А та 3 часть binding нет
[17:42:41] Swat99Swat (9ce303e4-8a19-4d67-82f9-74ca7bafa055): Она уже просит 3 модификатора обратно
[17:43:00] Swat99Swat (9ce303e4-8a19-4d67-82f9-74ca7bafa055): Ну и так это шикарно
[17:44:40] Stxywxthme (6ce0cde9-8c92-4c66-96ad-6bffb9dfc01b): надо начать таум
[17:56:30] _reflexed (a4982e19-bdcc-40a7-a685-78ee1c50ad23): Я вернулся
[17:56:42] Stxywxthme (6ce0cde9-8c92-4c66-96ad-6bffb9dfc01b): окей
[17:56:48] AETERNAL (6015b02d-f272-4154-8209-5e3b23bbc09c): идём на рекорд
[17:58:57] Stxywxthme (6ce0cde9-8c92-4c66-96ad-6bffb9dfc01b): у кого есть картошка
[17:59:07] AETERNAL (6015b02d-f272-4154-8209-5e3b23bbc09c): есть
[17:59:14] Stxywxthme (6ce0cde9-8c92-4c66-96ad-6bffb9dfc01b): дай
[17:59:22] Stxywxthme (6ce0cde9-8c92-4c66-96ad-6bffb9dfc01b): дай 1
[17:59:33] Stxywxthme (6ce0cde9-8c92-4c66-96ad-6bffb9dfc01b): хочу огород сделать
[18:01:19] Swat99Swat (9ce303e4-8a19-4d67-82f9-74ca7bafa055): У всех нормально предметы перемещяются через Mause Tweaks ?
[18:01:23] Swat99Swat (9ce303e4-8a19-4d67-82f9-74ca7bafa055): или по 2
[18:01:24] _reflexed (a4982e19-bdcc-40a7-a685-78ee1c50ad23): Да
[18:01:35] AETERNAL (6015b02d-f272-4154-8209-5e3b23bbc09c): угу
[18:01:37] Swat99Swat (9ce303e4-8a19-4d67-82f9-74ca7bafa055): У меня по 2 предмета когда вожу мишкой
[18:01:55] AETERNAL (6015b02d-f272-4154-8209-5e3b23bbc09c): ты вроде чё то там настраивал
[18:02:06] Swat99Swat (9ce303e4-8a19-4d67-82f9-74ca7bafa055): Не это было ещё с самого начала
[18:02:15] Swat99Swat (9ce303e4-8a19-4d67-82f9-74ca7bafa055): + я настраивал InventoryTweaks
[18:02:56] AETERNAL (6015b02d-f272-4154-8209-5e3b23bbc09c): ооо, удачи пацаны
[18:03:39] AETERNAL (6015b02d-f272-4154-8209-5e3b23bbc09c): испугался...
[18:04:49] Swat99Swat (9ce303e4-8a19-4d67-82f9-74ca7bafa055): Та же шляпа бывает
[18:04:57] Swat99Swat (9ce303e4-8a19-4d67-82f9-74ca7bafa055): Но у меня он быстренько разлагивает
[18:07:16] AETERNAL (6015b02d-f272-4154-8209-5e3b23bbc09c): 900 мобов ёпта
[18:07:24] _reflexed (a4982e19-bdcc-40a7-a685-78ee1c50ad23): Сделай ограничение на чанк
[18:07:34] AETERNAL (6015b02d-f272-4154-8209-5e3b23bbc09c): это то да, но проблема в том
[18:07:45] AETERNAL (6015b02d-f272-4154-8209-5e3b23bbc09c): что спавнера потом фигово работают
[18:09:56] _reflexed (a4982e19-bdcc-40a7-a685-78ee1c50ad23): Емае
[18:10:00] _reflexed (a4982e19-bdcc-40a7-a685-78ee1c50ad23): Я фигею
[18:14:47] _reflexed (a4982e19-bdcc-40a7-a685-78ee1c50ad23): Ладно, я пойду
[18:14:57] AETERNAL (6015b02d-f272-4154-8209-5e3b23bbc09c): поставил огран на мобов
[18:18:54] AETERNAL (6015b02d-f272-4154-8209-5e3b23bbc09c): порезал кровавую луну
[18:19:54] AETERNAL (6015b02d-f272-4154-8209-5e3b23bbc09c): не должно больше так спавнить мобов
[18:39:06] Stxywxthme (6ce0cde9-8c92-4c66-96ad-6bffb9dfc01b): я испугался
[18:39:34] Stxywxthme (6ce0cde9-8c92-4c66-96ad-6bffb9dfc01b): ко мне бегал багровый маг из портала
[19:03:59] Stxywxthme (6ce0cde9-8c92-4c66-96ad-6bffb9dfc01b): пончики норм
[19:16:06] Swat99Swat (9ce303e4-8a19-4d67-82f9-74ca7bafa055): Не ну крафты ме ты сильно усложнил
[19:16:10] Swat99Swat (9ce303e4-8a19-4d67-82f9-74ca7bafa055): Если добывать всё вручную
[19:18:41] Swat99Swat (9ce303e4-8a19-4d67-82f9-74ca7bafa055): Что за строитель ?
[19:20:37] Swat99Swat (9ce303e4-8a19-4d67-82f9-74ca7bafa055): Что за строитель то ?
[19:31:10] Swat99Swat (9ce303e4-8a19-4d67-82f9-74ca7bafa055): Что за крафты что за крафты
[19:31:16] Swat99Swat (9ce303e4-8a19-4d67-82f9-74ca7bafa055): Соревнуются с GTNH
[19:36:27] AETERNAL (6015b02d-f272-4154-8209-5e3b23bbc09c): та норм крафты
[19:36:40] AETERNAL (6015b02d-f272-4154-8209-5e3b23bbc09c): никто ж не говорит что всю игру в ручную
[19:36:40] Swat99Swat (9ce303e4-8a19-4d67-82f9-74ca7bafa055): Во что ты раньше играл что такая жопа
[19:36:49] Swat99Swat (9ce303e4-8a19-4d67-82f9-74ca7bafa055): На том же GTNH ме почти ванильно крафтится )
[19:36:54] AETERNAL (6015b02d-f272-4154-8209-5e3b23bbc09c): о, та я много во что играл
[19:37:39] AETERNAL (6015b02d-f272-4154-8209-5e3b23bbc09c): тип, мне вот щас с кариком и автопереработкой ресов вообще не чувствуется
[19:37:52] Swat99Swat (9ce303e4-8a19-4d67-82f9-74ca7bafa055): Ну я писал выше
[19:38:00] Swat99Swat (9ce303e4-8a19-4d67-82f9-74ca7bafa055): Если копать вручную то жопец
[19:38:05] AETERNAL (6015b02d-f272-4154-8209-5e3b23bbc09c): ну конечно
[19:38:12] AETERNAL (6015b02d-f272-4154-8209-5e3b23bbc09c): с ума сойти
[19:38:27] AETERNAL (6015b02d-f272-4154-8209-5e3b23bbc09c): потом куры есть, семена...
[19:38:34] AETERNAL (6015b02d-f272-4154-8209-5e3b23bbc09c): карики потом
[19:38:47] AETERNAL (6015b02d-f272-4154-8209-5e3b23bbc09c): мильёны ресов
[19:38:55] Swat99Swat (9ce303e4-8a19-4d67-82f9-74ca7bafa055): Кирки топ
[19:38:57] Swat99Swat (9ce303e4-8a19-4d67-82f9-74ca7bafa055): :D
[19:39:06] AETERNAL (6015b02d-f272-4154-8209-5e3b23bbc09c): какие
[19:39:12] Swat99Swat (9ce303e4-8a19-4d67-82f9-74ca7bafa055): Ванильные )))
[19:39:20] Swat99Swat (9ce303e4-8a19-4d67-82f9-74ca7bafa055): Копать вручную ) в 1 блок :)
[19:39:26] AETERNAL (6015b02d-f272-4154-8209-5e3b23bbc09c): xD
[19:39:30] AETERNAL (6015b02d-f272-4154-8209-5e3b23bbc09c): тинкер потому что
[19:39:36] AETERNAL (6015b02d-f272-4154-8209-5e3b23bbc09c): я ванилу вырезал
[19:40:18] AETERNAL (6015b02d-f272-4154-8209-5e3b23bbc09c): а то понаделывают кирок, и за один день любую руду копают
[19:40:30] AETERNAL (6015b02d-f272-4154-8209-5e3b23bbc09c): драсьте
[19:40:45] Cloudy (d299f8cb-89bb-4f4a-923f-2170e0094489): привет
[19:44:01] AETERNAL (6015b02d-f272-4154-8209-5e3b23bbc09c): Swat99Swat 8 ирида и обычный карик из инды имеешь
[19:44:11] AETERNAL (6015b02d-f272-4154-8209-5e3b23bbc09c): там даже не усложнено
[19:45:22] Swat99Swat (9ce303e4-8a19-4d67-82f9-74ca7bafa055): Посмотрю на базу
[19:45:27] Swat99Swat (9ce303e4-8a19-4d67-82f9-74ca7bafa055): мне аж страшно
[19:48:29] AETERNAL (6015b02d-f272-4154-8209-5e3b23bbc09c): и как тебе
[19:48:36] Swat99Swat (9ce303e4-8a19-4d67-82f9-74ca7bafa055): отлично
[19:48:51] Swat99Swat (9ce303e4-8a19-4d67-82f9-74ca7bafa055): я пока ме скрафтил
[19:48:53] Swat99Swat (9ce303e4-8a19-4d67-82f9-74ca7bafa055): спотел
[19:49:04] AETERNAL (6015b02d-f272-4154-8209-5e3b23bbc09c): :S
[19:49:05] Swat99Swat (9ce303e4-8a19-4d67-82f9-74ca7bafa055): и ресы кончились )
[19:49:06] AETERNAL (6015b02d-f272-4154-8209-5e3b23bbc09c): ;D\
[20:08:02] AETERNAL (6015b02d-f272-4154-8209-5e3b23bbc09c): есть опыт у кого?
[20:08:16] AETERNAL (6015b02d-f272-4154-8209-5e3b23bbc09c): я б прикупил
[20:32:39] AETERNAL (6015b02d-f272-4154-8209-5e3b23bbc09c): и чё
[20:33:28] AETERNAL (6015b02d-f272-4154-8209-5e3b23bbc09c): а что если...
[20:33:41] AETERNAL (6015b02d-f272-4154-8209-5e3b23bbc09c): :cat2~1:
[20:34:58] AETERNAL (6015b02d-f272-4154-8209-5e3b23bbc09c): /ban ded_naelektrizovanniy
[20:35:56] AETERNAL (6015b02d-f272-4154-8209-5e3b23bbc09c): крафтил я себе карьер спокойно
[20:36:02] AETERNAL (6015b02d-f272-4154-8209-5e3b23bbc09c): и чё то всё ёбу дало
[20:43:31] AETERNAL (6015b02d-f272-4154-8209-5e3b23bbc09c): Swat99Swat есть опыт?
[20:55:35] Swat99Swat (9ce303e4-8a19-4d67-82f9-74ca7bafa055): У меня всего 151 лвл
[20:55:53] AETERNAL (6015b02d-f272-4154-8209-5e3b23bbc09c): у меня 0)
[20:56:01] Swat99Swat (9ce303e4-8a19-4d67-82f9-74ca7bafa055): А сколько нужно то ?
[20:56:07] AETERNAL (6015b02d-f272-4154-8209-5e3b23bbc09c): 1 том
[20:56:14] Swat99Swat (9ce303e4-8a19-4d67-82f9-74ca7bafa055): тп
[20:56:21] Swat99Swat (9ce303e4-8a19-4d67-82f9-74ca7bafa055): Надеюсь не бущеный )
[20:56:28] Swat99Swat (9ce303e4-8a19-4d67-82f9-74ca7bafa055): бери
[20:57:00] AETERNAL (6015b02d-f272-4154-8209-5e3b23bbc09c): что в замен тебе надо
[20:57:10] Swat99Swat (9ce303e4-8a19-4d67-82f9-74ca7bafa055): не банить меня
[20:57:11] Swat99Swat (9ce303e4-8a19-4d67-82f9-74ca7bafa055): :D
[20:57:14] AETERNAL (6015b02d-f272-4154-8209-5e3b23bbc09c): xD
[20:57:17] Swat99Swat (9ce303e4-8a19-4d67-82f9-74ca7bafa055): а так ничего
[20:57:25] AETERNAL (6015b02d-f272-4154-8209-5e3b23bbc09c): ладно, спасибо
[20:57:34] AETERNAL (6015b02d-f272-4154-8209-5e3b23bbc09c): чёт утебя мобы по всюду
[20:57:50] Swat99Swat (9ce303e4-8a19-4d67-82f9-74ca7bafa055): хз оно так всегда
