[11:56:30] Stxywxthme (6ce0cde9-8c92-4c66-96ad-6bffb9dfc01b): афк
[12:02:28] Stxywxthme (6ce0cde9-8c92-4c66-96ad-6bffb9dfc01b): ок
[12:23:34] Stxywxthme (6ce0cde9-8c92-4c66-96ad-6bffb9dfc01b): я что ниразу не копал глину?
[12:29:03] _reflexed (a4982e19-bdcc-40a7-a685-78ee1c50ad23): Ку
[12:30:07] _reflexed (a4982e19-bdcc-40a7-a685-78ee1c50ad23): У тебя есть синяя слизь?
[12:31:29] _reflexed (a4982e19-bdcc-40a7-a685-78ee1c50ad23): Stxywxthme
[12:31:34] _reflexed (a4982e19-bdcc-40a7-a685-78ee1c50ad23): Можна я чекну твою базу?
[12:37:28] Stxywxthme (6ce0cde9-8c92-4c66-96ad-6bffb9dfc01b): ку
[12:37:33] Stxywxthme (6ce0cde9-8c92-4c66-96ad-6bffb9dfc01b): да
[12:37:35] Stxywxthme (6ce0cde9-8c92-4c66-96ad-6bffb9dfc01b): нет
[12:38:47] Stxywxthme (6ce0cde9-8c92-4c66-96ad-6bffb9dfc01b): а да
[12:39:01] Stxywxthme (6ce0cde9-8c92-4c66-96ad-6bffb9dfc01b): там есть боссы
[12:39:14] _reflexed (a4982e19-bdcc-40a7-a685-78ee1c50ad23): Го я возле тебя жить буду?
[12:39:21] Stxywxthme (6ce0cde9-8c92-4c66-96ad-6bffb9dfc01b): дава
[12:39:23] Stxywxthme (6ce0cde9-8c92-4c66-96ad-6bffb9dfc01b): й
[12:45:50] Stxywxthme (6ce0cde9-8c92-4c66-96ad-6bffb9dfc01b): пон
[12:46:03] Stxywxthme (6ce0cde9-8c92-4c66-96ad-6bffb9dfc01b): могу дать 1 сжатый сундук
[12:46:11] _reflexed (a4982e19-bdcc-40a7-a685-78ee1c50ad23): Давай
[12:47:39] _reflexed (a4982e19-bdcc-40a7-a685-78ee1c50ad23): Спс
[12:47:44] Stxywxthme (6ce0cde9-8c92-4c66-96ad-6bffb9dfc01b): да не за что
[12:47:58] Stxywxthme (6ce0cde9-8c92-4c66-96ad-6bffb9dfc01b): смотри как быстро я бегая
[12:48:00] Stxywxthme (6ce0cde9-8c92-4c66-96ad-6bffb9dfc01b): бегаю
[12:48:02] _reflexed (a4982e19-bdcc-40a7-a685-78ee1c50ad23): Ага
[12:48:05] _reflexed (a4982e19-bdcc-40a7-a685-78ee1c50ad23): У меня ботинки слизи
[12:49:17] _reflexed (a4982e19-bdcc-40a7-a685-78ee1c50ad23): Смотри какой хлеб
[12:49:23] _reflexed (a4982e19-bdcc-40a7-a685-78ee1c50ad23): Зачарованный
[12:49:25] Stxywxthme (6ce0cde9-8c92-4c66-96ad-6bffb9dfc01b): дай
[12:49:36] Stxywxthme (6ce0cde9-8c92-4c66-96ad-6bffb9dfc01b): пока
[12:54:12] _reflexed (a4982e19-bdcc-40a7-a685-78ee1c50ad23): Он можна сказать для декора
[12:54:17] Stxywxthme (6ce0cde9-8c92-4c66-96ad-6bffb9dfc01b): интересно
[12:57:57] Stxywxthme (6ce0cde9-8c92-4c66-96ad-6bffb9dfc01b): ахахах
[12:58:05] Stxywxthme (6ce0cde9-8c92-4c66-96ad-6bffb9dfc01b): смотри
[13:00:19] Stxywxthme (6ce0cde9-8c92-4c66-96ad-6bffb9dfc01b): отталкивает
[13:07:22] _reflexed (a4982e19-bdcc-40a7-a685-78ee1c50ad23): Я тут
[13:11:50] _reflexed (a4982e19-bdcc-40a7-a685-78ee1c50ad23): Ок
[13:21:30] _reflexed (a4982e19-bdcc-40a7-a685-78ee1c50ad23): Пришел
[13:21:45] Stxywxthme (6ce0cde9-8c92-4c66-96ad-6bffb9dfc01b): да
[13:21:57] Stxywxthme (6ce0cde9-8c92-4c66-96ad-6bffb9dfc01b): у тебя кровать бабахнула?
[13:22:00] _reflexed (a4982e19-bdcc-40a7-a685-78ee1c50ad23): Да
[13:22:11] Stxywxthme (6ce0cde9-8c92-4c66-96ad-6bffb9dfc01b): сундуки сломала?
[13:22:20] _reflexed (a4982e19-bdcc-40a7-a685-78ee1c50ad23): Нет
[13:22:23] _reflexed (a4982e19-bdcc-40a7-a685-78ee1c50ad23): Потому что тут приват
[13:22:35] Stxywxthme (6ce0cde9-8c92-4c66-96ad-6bffb9dfc01b): понятно
[13:23:41] Stxywxthme (6ce0cde9-8c92-4c66-96ad-6bffb9dfc01b): тут же приват да?
[13:23:44] _reflexed (a4982e19-bdcc-40a7-a685-78ee1c50ad23): Да
[13:24:04] _reflexed (a4982e19-bdcc-40a7-a685-78ee1c50ad23): Стоп
[13:24:08] _reflexed (a4982e19-bdcc-40a7-a685-78ee1c50ad23): А где сжатый сундук?
[13:24:28] Stxywxthme (6ce0cde9-8c92-4c66-96ad-6bffb9dfc01b): хз
[13:24:31] _reflexed (a4982e19-bdcc-40a7-a685-78ee1c50ad23): А
[13:24:32] _reflexed (a4982e19-bdcc-40a7-a685-78ee1c50ad23): Ясно
[13:24:39] Stxywxthme (6ce0cde9-8c92-4c66-96ad-6bffb9dfc01b): что
[13:24:40] _reflexed (a4982e19-bdcc-40a7-a685-78ee1c50ad23): Я так понял
[13:24:43] _reflexed (a4982e19-bdcc-40a7-a685-78ee1c50ad23): Оно ломает их
[13:24:46] Stxywxthme (6ce0cde9-8c92-4c66-96ad-6bffb9dfc01b): что
[13:24:51] _reflexed (a4982e19-bdcc-40a7-a685-78ee1c50ad23): У меня не видно
[13:24:58] Stxywxthme (6ce0cde9-8c92-4c66-96ad-6bffb9dfc01b): я не могу ломать
[13:26:47] _reflexed (a4982e19-bdcc-40a7-a685-78ee1c50ad23): И куда сундуки пропали
[13:26:52] Stxywxthme (6ce0cde9-8c92-4c66-96ad-6bffb9dfc01b): хз
[13:28:00] _reflexed (a4982e19-bdcc-40a7-a685-78ee1c50ad23): Я так понял
[13:28:02] _reflexed (a4982e19-bdcc-40a7-a685-78ee1c50ad23): Это ты делаешь
[13:28:06] Stxywxthme (6ce0cde9-8c92-4c66-96ad-6bffb9dfc01b): ?
[13:28:09] Stxywxthme (6ce0cde9-8c92-4c66-96ad-6bffb9dfc01b): как я могу
[13:28:18] Stxywxthme (6ce0cde9-8c92-4c66-96ad-6bffb9dfc01b): тут же приват
[13:28:19] _reflexed (a4982e19-bdcc-40a7-a685-78ee1c50ad23): Их тут нету
[13:28:43] Stxywxthme (6ce0cde9-8c92-4c66-96ad-6bffb9dfc01b): ничего не могу
[13:29:17] _reflexed (a4982e19-bdcc-40a7-a685-78ee1c50ad23): Щас перезайду
[13:29:21] Stxywxthme (6ce0cde9-8c92-4c66-96ad-6bffb9dfc01b): окей
[13:36:50] Stxywxthme (6ce0cde9-8c92-4c66-96ad-6bffb9dfc01b): ку
[13:37:04] _reflexed (a4982e19-bdcc-40a7-a685-78ee1c50ad23): Их вообще нету
[13:37:07] Stxywxthme (6ce0cde9-8c92-4c66-96ad-6bffb9dfc01b): да
[13:37:14] Stxywxthme (6ce0cde9-8c92-4c66-96ad-6bffb9dfc01b): я сломал
[13:37:19] _reflexed (a4982e19-bdcc-40a7-a685-78ee1c50ad23): И зачем?
[13:37:21] Stxywxthme (6ce0cde9-8c92-4c66-96ad-6bffb9dfc01b): точнее украл
[13:37:24] Stxywxthme (6ce0cde9-8c92-4c66-96ad-6bffb9dfc01b): просто
[13:37:33] Stxywxthme (6ce0cde9-8c92-4c66-96ad-6bffb9dfc01b): ладно
[13:37:37] Stxywxthme (6ce0cde9-8c92-4c66-96ad-6bffb9dfc01b): на
[13:38:01] _reflexed (a4982e19-bdcc-40a7-a685-78ee1c50ad23): Зачем ты это сделал?
[13:38:04] Stxywxthme (6ce0cde9-8c92-4c66-96ad-6bffb9dfc01b): просто
[13:38:07] Stxywxthme (6ce0cde9-8c92-4c66-96ad-6bffb9dfc01b): решил проверить
[13:38:12] _reflexed (a4982e19-bdcc-40a7-a685-78ee1c50ad23): Вот и проверил
[13:38:15] Stxywxthme (6ce0cde9-8c92-4c66-96ad-6bffb9dfc01b): да
[13:38:15] _reflexed (a4982e19-bdcc-40a7-a685-78ee1c50ad23): Работает
[13:38:38] Stxywxthme (6ce0cde9-8c92-4c66-96ad-6bffb9dfc01b): поставь
[13:39:18] Stxywxthme (6ce0cde9-8c92-4c66-96ad-6bffb9dfc01b): могу его тоже
[13:39:23] _reflexed (a4982e19-bdcc-40a7-a685-78ee1c50ad23): Лучше не трогай
[13:39:26] Stxywxthme (6ce0cde9-8c92-4c66-96ad-6bffb9dfc01b): окей
[13:39:30] _reflexed (a4982e19-bdcc-40a7-a685-78ee1c50ad23): Это для тинкера и всё
[13:39:33] Stxywxthme (6ce0cde9-8c92-4c66-96ad-6bffb9dfc01b): это тоже
[13:39:41] _reflexed (a4982e19-bdcc-40a7-a685-78ee1c50ad23): В них ничего нету
[13:39:48] Stxywxthme (6ce0cde9-8c92-4c66-96ad-6bffb9dfc01b): могу взять
[13:40:30] _reflexed (a4982e19-bdcc-40a7-a685-78ee1c50ad23): Просто не трогай, я тебя прошу
[13:40:33] Stxywxthme (6ce0cde9-8c92-4c66-96ad-6bffb9dfc01b): окей
[13:40:47] Stxywxthme (6ce0cde9-8c92-4c66-96ad-6bffb9dfc01b): интересно
[13:40:51] Stxywxthme (6ce0cde9-8c92-4c66-96ad-6bffb9dfc01b): интересно
[13:40:57] Stxywxthme (6ce0cde9-8c92-4c66-96ad-6bffb9dfc01b): го на спавн
[13:41:03] _reflexed (a4982e19-bdcc-40a7-a685-78ee1c50ad23): Емае
[13:41:18] Stxywxthme (6ce0cde9-8c92-4c66-96ad-6bffb9dfc01b): смотри
[13:41:27] [CAPS] _reflexed (a4982e19-bdcc-40a7-a685-78ee1c50ad23): ахаахахахха
[13:41:48] Stxywxthme (6ce0cde9-8c92-4c66-96ad-6bffb9dfc01b): смотри
[13:41:49] _reflexed (a4982e19-bdcc-40a7-a685-78ee1c50ad23): Это нужно фиксить фастом
[13:41:52] Stxywxthme (6ce0cde9-8c92-4c66-96ad-6bffb9dfc01b): да
[13:41:57] _reflexed (a4982e19-bdcc-40a7-a685-78ee1c50ad23): Я етерналу написал
[13:41:58] _reflexed (a4982e19-bdcc-40a7-a685-78ee1c50ad23): А его еще нету
[13:42:21] _reflexed (a4982e19-bdcc-40a7-a685-78ee1c50ad23): И панельки можна забрать
[13:42:24] Stxywxthme (6ce0cde9-8c92-4c66-96ad-6bffb9dfc01b): да
[13:42:42] Stxywxthme (6ce0cde9-8c92-4c66-96ad-6bffb9dfc01b): можно забрать все у чего есть инвентарь
[13:42:46] _reflexed (a4982e19-bdcc-40a7-a685-78ee1c50ad23): Ага
[13:43:06] _reflexed (a4982e19-bdcc-40a7-a685-78ee1c50ad23): будут всё удивляться
[13:43:10] Stxywxthme (6ce0cde9-8c92-4c66-96ad-6bffb9dfc01b): да
[13:43:13] _reflexed (a4982e19-bdcc-40a7-a685-78ee1c50ad23): Почему нету мфэхов
[13:43:18] Stxywxthme (6ce0cde9-8c92-4c66-96ad-6bffb9dfc01b): да
[13:43:30] Stxywxthme (6ce0cde9-8c92-4c66-96ad-6bffb9dfc01b): у тебя еще есть?
[13:43:34] _reflexed (a4982e19-bdcc-40a7-a685-78ee1c50ad23): Неа
[13:43:46] Stxywxthme (6ce0cde9-8c92-4c66-96ad-6bffb9dfc01b): тогда еще сделаб
[13:44:32] Stxywxthme (6ce0cde9-8c92-4c66-96ad-6bffb9dfc01b): сюда
[13:45:32] Stxywxthme (6ce0cde9-8c92-4c66-96ad-6bffb9dfc01b): на
[13:45:52] Stxywxthme (6ce0cde9-8c92-4c66-96ad-6bffb9dfc01b): там все что я украл с спавна
[13:47:27] _reflexed (a4982e19-bdcc-40a7-a685-78ee1c50ad23): Ясно
[13:47:37] Stxywxthme (6ce0cde9-8c92-4c66-96ad-6bffb9dfc01b): ну что сказал этернал
[13:47:41] _reflexed (a4982e19-bdcc-40a7-a685-78ee1c50ad23): Его нету еще
[13:47:48] Stxywxthme (6ce0cde9-8c92-4c66-96ad-6bffb9dfc01b): м
[13:47:54] _reflexed (a4982e19-bdcc-40a7-a685-78ee1c50ad23): Вот из за такого я их хочу стать тут хелпером
[13:48:02] Stxywxthme (6ce0cde9-8c92-4c66-96ad-6bffb9dfc01b): ахаххаха
[13:48:19] _reflexed (a4982e19-bdcc-40a7-a685-78ee1c50ad23): А будет потом полная жопа
[13:48:24] _reflexed (a4982e19-bdcc-40a7-a685-78ee1c50ad23): И всё украдут
[13:48:24] Stxywxthme (6ce0cde9-8c92-4c66-96ad-6bffb9dfc01b): из-за меня такие вещи происходят
[13:48:28] _reflexed (a4982e19-bdcc-40a7-a685-78ee1c50ad23): Ну да
[13:48:32] _reflexed (a4982e19-bdcc-40a7-a685-78ee1c50ad23): Баги ищещь
[13:48:34] Stxywxthme (6ce0cde9-8c92-4c66-96ad-6bffb9dfc01b): да
[13:48:47] Stxywxthme (6ce0cde9-8c92-4c66-96ad-6bffb9dfc01b): вот имба ботинки
[13:48:53] Stxywxthme (6ce0cde9-8c92-4c66-96ad-6bffb9dfc01b): 100 блоков за 5 сек
[13:49:01] _reflexed (a4982e19-bdcc-40a7-a685-78ee1c50ad23): Ага
[13:49:01] Stxywxthme (6ce0cde9-8c92-4c66-96ad-6bffb9dfc01b): еще и можно ускориться
[13:49:33] _reflexed (a4982e19-bdcc-40a7-a685-78ee1c50ad23): И они на изи делаються
[13:49:39] Stxywxthme (6ce0cde9-8c92-4c66-96ad-6bffb9dfc01b): да
[13:50:20] Stxywxthme (6ce0cde9-8c92-4c66-96ad-6bffb9dfc01b): посути их тоже можно забрать
[13:50:31] _reflexed (a4982e19-bdcc-40a7-a685-78ee1c50ad23): ну я не знаю
[13:50:37] _reflexed (a4982e19-bdcc-40a7-a685-78ee1c50ad23): А
[13:50:55] _reflexed (a4982e19-bdcc-40a7-a685-78ee1c50ad23): Я это в мешок поставлю, чтобы дать етерналу и всё
[13:50:58] Stxywxthme (6ce0cde9-8c92-4c66-96ad-6bffb9dfc01b): окей
[13:51:22] Stxywxthme (6ce0cde9-8c92-4c66-96ad-6bffb9dfc01b): а мб весь спавн разборать
[13:51:30] _reflexed (a4982e19-bdcc-40a7-a685-78ee1c50ad23): Советую эти мешки удержания выкинуть
[13:51:30] Stxywxthme (6ce0cde9-8c92-4c66-96ad-6bffb9dfc01b): хд
[13:51:37] Stxywxthme (6ce0cde9-8c92-4c66-96ad-6bffb9dfc01b): окей
[13:51:53] Stxywxthme (6ce0cde9-8c92-4c66-96ad-6bffb9dfc01b): сохраню себе
[13:54:14] Stxywxthme (6ce0cde9-8c92-4c66-96ad-6bffb9dfc01b): ну что
[13:54:18] _reflexed (a4982e19-bdcc-40a7-a685-78ee1c50ad23): Ждем его
[13:54:21] Stxywxthme (6ce0cde9-8c92-4c66-96ad-6bffb9dfc01b): окей
[13:54:32] Stxywxthme (6ce0cde9-8c92-4c66-96ad-6bffb9dfc01b): у меня дома торф делается
[13:54:35] _reflexed (a4982e19-bdcc-40a7-a685-78ee1c50ad23): ок
[13:54:39] _reflexed (a4982e19-bdcc-40a7-a685-78ee1c50ad23): Можем пока что чём то заняться
[13:54:44] Stxywxthme (6ce0cde9-8c92-4c66-96ad-6bffb9dfc01b): окей
[13:54:44] _reflexed (a4982e19-bdcc-40a7-a685-78ee1c50ad23): Ну типа на своих базах
[13:55:37] Stxywxthme (6ce0cde9-8c92-4c66-96ad-6bffb9dfc01b): есть кондесатор?
[13:55:40] _reflexed (a4982e19-bdcc-40a7-a685-78ee1c50ad23): Неа
[13:55:41] _reflexed (a4982e19-bdcc-40a7-a685-78ee1c50ad23): Сорри
[13:56:03] _reflexed (a4982e19-bdcc-40a7-a685-78ee1c50ad23): Тебе что то нужно сделать в компакторе?
[13:56:05] Stxywxthme (6ce0cde9-8c92-4c66-96ad-6bffb9dfc01b): да
[13:56:07] _reflexed (a4982e19-bdcc-40a7-a685-78ee1c50ad23): Что?
[13:56:16] Stxywxthme (6ce0cde9-8c92-4c66-96ad-6bffb9dfc01b): ironwood plate
[13:56:19] _reflexed (a4982e19-bdcc-40a7-a685-78ee1c50ad23): Ок
[13:56:35] Stxywxthme (6ce0cde9-8c92-4c66-96ad-6bffb9dfc01b): и у тебя есть плотник?
[13:56:38] _reflexed (a4982e19-bdcc-40a7-a685-78ee1c50ad23): Неа
[13:56:41] _reflexed (a4982e19-bdcc-40a7-a685-78ee1c50ad23): А зачем тебе?
[13:56:41] Stxywxthme (6ce0cde9-8c92-4c66-96ad-6bffb9dfc01b): окей
[13:56:46] Stxywxthme (6ce0cde9-8c92-4c66-96ad-6bffb9dfc01b): полированые палки
[13:56:47] _reflexed (a4982e19-bdcc-40a7-a685-78ee1c50ad23): Если всё можна делать через компакторо
[13:57:01] _reflexed (a4982e19-bdcc-40a7-a685-78ee1c50ad23): Компактор делает пластины из всего
[13:57:08] Stxywxthme (6ce0cde9-8c92-4c66-96ad-6bffb9dfc01b): ии
[13:57:09] Stxywxthme (6ce0cde9-8c92-4c66-96ad-6bffb9dfc01b): мм
[13:57:14] Stxywxthme (6ce0cde9-8c92-4c66-96ad-6bffb9dfc01b): надо его сделать
[13:57:20] _reflexed (a4982e19-bdcc-40a7-a685-78ee1c50ad23): даже может делать шестерни
[13:57:32] _reflexed (a4982e19-bdcc-40a7-a685-78ee1c50ad23): Но его нужно для этого прокачать
[13:57:33] Stxywxthme (6ce0cde9-8c92-4c66-96ad-6bffb9dfc01b): ты скрафтил кейсинг?
[13:57:38] _reflexed (a4982e19-bdcc-40a7-a685-78ee1c50ad23): Да
[13:57:39] Stxywxthme (6ce0cde9-8c92-4c66-96ad-6bffb9dfc01b): или получил?
[13:57:44] _reflexed (a4982e19-bdcc-40a7-a685-78ee1c50ad23): Я его успел сделать
[13:57:48] Stxywxthme (6ce0cde9-8c92-4c66-96ad-6bffb9dfc01b): откуда прометеум?
[13:57:52] _reflexed (a4982e19-bdcc-40a7-a685-78ee1c50ad23): Прикол в том
[13:58:00] _reflexed (a4982e19-bdcc-40a7-a685-78ee1c50ad23): Что я получил его через анти верстак
[13:58:03] _reflexed (a4982e19-bdcc-40a7-a685-78ee1c50ad23): Прометеум в аду есть
[13:58:28] Stxywxthme (6ce0cde9-8c92-4c66-96ad-6bffb9dfc01b): понятно
[13:58:41] _reflexed (a4982e19-bdcc-40a7-a685-78ee1c50ad23): Тебе нужно будет сделать Dyonite
[13:58:46] _reflexed (a4982e19-bdcc-40a7-a685-78ee1c50ad23): И тогда прометеум сможешь добить
[13:58:49] _reflexed (a4982e19-bdcc-40a7-a685-78ee1c50ad23): добыть*
[13:58:54] Stxywxthme (6ce0cde9-8c92-4c66-96ad-6bffb9dfc01b): у меня есть это
[13:59:04] _reflexed (a4982e19-bdcc-40a7-a685-78ee1c50ad23): Ааа
[13:59:07] _reflexed (a4982e19-bdcc-40a7-a685-78ee1c50ad23): Заменяет блоки
[13:59:08] Stxywxthme (6ce0cde9-8c92-4c66-96ad-6bffb9dfc01b): он копает все
[13:59:11] _reflexed (a4982e19-bdcc-40a7-a685-78ee1c50ad23): Щас тогда тп ко мне
[13:59:31] _reflexed (a4982e19-bdcc-40a7-a685-78ee1c50ad23): 1
[13:59:35] Stxywxthme (6ce0cde9-8c92-4c66-96ad-6bffb9dfc01b): завис
[13:59:38] _reflexed (a4982e19-bdcc-40a7-a685-78ee1c50ad23): Ага
[13:59:51] Stxywxthme (6ce0cde9-8c92-4c66-96ad-6bffb9dfc01b): сервер завис
[15:21:11] Stxywxthme (6ce0cde9-8c92-4c66-96ad-6bffb9dfc01b): 3к пинга
[15:21:43] Stxywxthme (6ce0cde9-8c92-4c66-96ad-6bffb9dfc01b): !
[15:21:51] Stxywxthme (6ce0cde9-8c92-4c66-96ad-6bffb9dfc01b): ты тут?
[15:21:57] AETERNAL (6015b02d-f272-4154-8209-5e3b23bbc09c): тут
[15:22:20] Stxywxthme (6ce0cde9-8c92-4c66-96ad-6bffb9dfc01b): глянул на спавн?
[15:22:22] AETERNAL (6015b02d-f272-4154-8209-5e3b23bbc09c): .
[15:23:57] _reflexed (a4982e19-bdcc-40a7-a685-78ee1c50ad23): AETERNAL, тп на спавн
[15:25:10] _reflexed (a4982e19-bdcc-40a7-a685-78ee1c50ad23): Вот это и делает
[15:25:19] AETERNAL (6015b02d-f272-4154-8209-5e3b23bbc09c): панели
[15:25:21] AETERNAL (6015b02d-f272-4154-8209-5e3b23bbc09c): куда дел
[15:25:27] _reflexed (a4982e19-bdcc-40a7-a685-78ee1c50ad23): Я их в мешок ставил
[15:25:29] Stxywxthme (6ce0cde9-8c92-4c66-96ad-6bffb9dfc01b): работает с tileEntitiy
[15:25:35] _reflexed (a4982e19-bdcc-40a7-a685-78ee1c50ad23): А мешки у меня куда то пропали
[15:25:47] _reflexed (a4982e19-bdcc-40a7-a685-78ee1c50ad23): а
[15:25:53] Stxywxthme (6ce0cde9-8c92-4c66-96ad-6bffb9dfc01b): все вещи с спавна у рефлекса
[15:26:12] _reflexed (a4982e19-bdcc-40a7-a685-78ee1c50ad23): Они в мешке были
[15:26:17] _reflexed (a4982e19-bdcc-40a7-a685-78ee1c50ad23): У меня мешка нету
[15:26:20] _reflexed (a4982e19-bdcc-40a7-a685-78ee1c50ad23): Потому что его удалили
[15:26:30] Stxywxthme (6ce0cde9-8c92-4c66-96ad-6bffb9dfc01b): ?
[15:26:38] Stxywxthme (6ce0cde9-8c92-4c66-96ad-6bffb9dfc01b): ты удалил?
[15:26:41] AETERNAL (6015b02d-f272-4154-8209-5e3b23bbc09c): ещё растарт на удаление этих носилок
[15:26:42] _reflexed (a4982e19-bdcc-40a7-a685-78ee1c50ad23): панельки паррарельних измерений
[15:40:54] Stxywxthme (6ce0cde9-8c92-4c66-96ad-6bffb9dfc01b): реально вырезал
[15:41:27] Stxywxthme (6ce0cde9-8c92-4c66-96ad-6bffb9dfc01b): эмм
[15:41:40] _reflexed (a4982e19-bdcc-40a7-a685-78ee1c50ad23): Хорошо что вырезал
[15:41:50] Stxywxthme (6ce0cde9-8c92-4c66-96ad-6bffb9dfc01b): у меня там ресы были
[15:42:03] _reflexed (a4982e19-bdcc-40a7-a685-78ee1c50ad23): гений..
[15:42:10] Stxywxthme (6ce0cde9-8c92-4c66-96ad-6bffb9dfc01b): этернал
[15:42:14] AETERNAL (6015b02d-f272-4154-8209-5e3b23bbc09c): шо
[15:42:21] Stxywxthme (6ce0cde9-8c92-4c66-96ad-6bffb9dfc01b): хотя бы предупредил бы
[15:42:25] AETERNAL (6015b02d-f272-4154-8209-5e3b23bbc09c): ?
[15:42:30] _reflexed (a4982e19-bdcc-40a7-a685-78ee1c50ad23): У него в сумке были вещи
[15:42:34] Stxywxthme (6ce0cde9-8c92-4c66-96ad-6bffb9dfc01b): я бы вещи из сумок взял
[15:45:13] AETERNAL (6015b02d-f272-4154-8209-5e3b23bbc09c): у меня есть бекап
[15:45:33] AETERNAL (6015b02d-f272-4154-8209-5e3b23bbc09c): есть бекап, только восстановление займёт много времени
[15:45:44] Stxywxthme (6ce0cde9-8c92-4c66-96ad-6bffb9dfc01b): ну ладно
[15:45:47] Stxywxthme (6ce0cde9-8c92-4c66-96ad-6bffb9dfc01b): тогда не надо
[15:46:09] AETERNAL (6015b02d-f272-4154-8209-5e3b23bbc09c): помнишь что было, +-
[15:46:31] Stxywxthme (6ce0cde9-8c92-4c66-96ad-6bffb9dfc01b): там ресы из данжей
[15:47:41] _reflexed (a4982e19-bdcc-40a7-a685-78ee1c50ad23): Емаеее
[15:47:44] _reflexed (a4982e19-bdcc-40a7-a685-78ee1c50ad23): Я только щас понял
[15:47:45] Stxywxthme (6ce0cde9-8c92-4c66-96ad-6bffb9dfc01b): спасибо
[15:47:48] AETERNAL (6015b02d-f272-4154-8209-5e3b23bbc09c): компенсация так сказать
[15:47:56] _reflexed (a4982e19-bdcc-40a7-a685-78ee1c50ad23): - около 20-25 банок с аспектами
[15:47:56] Stxywxthme (6ce0cde9-8c92-4c66-96ad-6bffb9dfc01b): окей
[15:48:14] _reflexed (a4982e19-bdcc-40a7-a685-78ee1c50ad23): У меня сумке были еще вещи для таума
[15:48:21] AETERNAL (6015b02d-f272-4154-8209-5e3b23bbc09c): блять
[15:48:27] _reflexed (a4982e19-bdcc-40a7-a685-78ee1c50ad23): Ага
[15:48:35] AETERNAL (6015b02d-f272-4154-8209-5e3b23bbc09c): помнишь что было
[15:48:37] _reflexed (a4982e19-bdcc-40a7-a685-78ee1c50ad23): Да
[15:48:37] AETERNAL (6015b02d-f272-4154-8209-5e3b23bbc09c): из вещей
[15:48:49] AETERNAL (6015b02d-f272-4154-8209-5e3b23bbc09c): тогда не проблема
[15:48:59] _reflexed (a4982e19-bdcc-40a7-a685-78ee1c50ad23): Ща
[15:49:16] _reflexed (a4982e19-bdcc-40a7-a685-78ee1c50ad23): Плавильня эссенции
[15:49:21] _reflexed (a4982e19-bdcc-40a7-a685-78ee1c50ad23): 2 перегонных куба
[15:49:40] _reflexed (a4982e19-bdcc-40a7-a685-78ee1c50ad23): Матрица
[15:49:45] _reflexed (a4982e19-bdcc-40a7-a685-78ee1c50ad23): Руническая матрица*
[15:50:16] _reflexed (a4982e19-bdcc-40a7-a685-78ee1c50ad23): Ну и это все что я помню
[15:50:23] _reflexed (a4982e19-bdcc-40a7-a685-78ee1c50ad23): А там всё остальное это банки
[15:50:26] _reflexed (a4982e19-bdcc-40a7-a685-78ee1c50ad23): где-то 20-25
[15:51:16] _reflexed (a4982e19-bdcc-40a7-a685-78ee1c50ad23): Спасибо
[15:51:24] _reflexed (a4982e19-bdcc-40a7-a685-78ee1c50ad23): Но еще останься
[15:51:28] _reflexed (a4982e19-bdcc-40a7-a685-78ee1c50ad23): А всё
[15:51:31] _reflexed (a4982e19-bdcc-40a7-a685-78ee1c50ad23): Можешь идти
[15:51:42] _reflexed (a4982e19-bdcc-40a7-a685-78ee1c50ad23): Руническая матрица есть
[15:51:54] _reflexed (a4982e19-bdcc-40a7-a685-78ee1c50ad23): Всё
[15:52:00] AETERNAL (6015b02d-f272-4154-8209-5e3b23bbc09c): окей
[15:52:03] _reflexed (a4982e19-bdcc-40a7-a685-78ee1c50ad23): Кста
[15:52:06] _reflexed (a4982e19-bdcc-40a7-a685-78ee1c50ad23): Насчет хелпера
[15:52:07] _reflexed (a4982e19-bdcc-40a7-a685-78ee1c50ad23): Как там?
[15:52:08] AETERNAL (6015b02d-f272-4154-8209-5e3b23bbc09c): мне бежать
[15:52:10] AETERNAL (6015b02d-f272-4154-8209-5e3b23bbc09c): потом
[15:52:11] _reflexed (a4982e19-bdcc-40a7-a685-78ee1c50ad23): Окей
[15:52:12] _reflexed (a4982e19-bdcc-40a7-a685-78ee1c50ad23): Давай
[15:56:00] _reflexed (a4982e19-bdcc-40a7-a685-78ee1c50ad23): Я отойду
[15:56:06] Stxywxthme (6ce0cde9-8c92-4c66-96ad-6bffb9dfc01b): окей
[16:00:30] Stxywxthme (6ce0cde9-8c92-4c66-96ad-6bffb9dfc01b): ку
[16:17:31] _reflexed (a4982e19-bdcc-40a7-a685-78ee1c50ad23): Всё
[16:17:32] _reflexed (a4982e19-bdcc-40a7-a685-78ee1c50ad23): Я тут
[16:19:31] _reflexed (a4982e19-bdcc-40a7-a685-78ee1c50ad23): ?
[16:19:37] Stxywxthme (6ce0cde9-8c92-4c66-96ad-6bffb9dfc01b): прометеум
[16:19:42] _reflexed (a4982e19-bdcc-40a7-a685-78ee1c50ad23): Щас
[16:21:06] _reflexed (a4982e19-bdcc-40a7-a685-78ee1c50ad23): Всё
[16:21:09] _reflexed (a4982e19-bdcc-40a7-a685-78ee1c50ad23): Тут и копайся
[16:21:15] Stxywxthme (6ce0cde9-8c92-4c66-96ad-6bffb9dfc01b): окей
[16:35:51] _reflexed (a4982e19-bdcc-40a7-a685-78ee1c50ad23): афк
[16:36:00] Stxywxthme (6ce0cde9-8c92-4c66-96ad-6bffb9dfc01b): ок
[16:38:31] Stxywxthme (6ce0cde9-8c92-4c66-96ad-6bffb9dfc01b): у кого есть акация?
[16:41:32] _reflexed (a4982e19-bdcc-40a7-a685-78ee1c50ad23): У меня нету акации
[16:43:04] _reflexed (a4982e19-bdcc-40a7-a685-78ee1c50ad23): Щас сделаю топ тесак
[16:57:37] _reflexed (a4982e19-bdcc-40a7-a685-78ee1c50ad23): опааа
[16:57:41] _reflexed (a4982e19-bdcc-40a7-a685-78ee1c50ad23): Ой
[16:57:43] _reflexed (a4982e19-bdcc-40a7-a685-78ee1c50ad23): Не хотел
[16:57:49] _reflexed (a4982e19-bdcc-40a7-a685-78ee1c50ad23): Знаешь как фастом прокачать тесак?
[16:57:56] Stxywxthme (6ce0cde9-8c92-4c66-96ad-6bffb9dfc01b): бить
[16:58:04] _reflexed (a4982e19-bdcc-40a7-a685-78ee1c50ad23): Сделай рг
[16:58:16] Stxywxthme (6ce0cde9-8c92-4c66-96ad-6bffb9dfc01b): давай на твоем рг
[16:58:20] _reflexed (a4982e19-bdcc-40a7-a685-78ee1c50ad23): ок
[16:59:17] _reflexed (a4982e19-bdcc-40a7-a685-78ee1c50ad23): Не
[16:59:21] _reflexed (a4982e19-bdcc-40a7-a685-78ee1c50ad23): Не прокачивает
[16:59:32] Stxywxthme (6ce0cde9-8c92-4c66-96ad-6bffb9dfc01b): да
[17:00:47] Stxywxthme (6ce0cde9-8c92-4c66-96ad-6bffb9dfc01b): есть крисатилозованный обсидиан?
[17:01:01] _reflexed (a4982e19-bdcc-40a7-a685-78ee1c50ad23): Неа
[17:01:04] Stxywxthme (6ce0cde9-8c92-4c66-96ad-6bffb9dfc01b): окей
[17:01:04] _reflexed (a4982e19-bdcc-40a7-a685-78ee1c50ad23): Нужны хорусы
[17:01:08] Stxywxthme (6ce0cde9-8c92-4c66-96ad-6bffb9dfc01b): а тебе нужен?
[17:01:11] _reflexed (a4982e19-bdcc-40a7-a685-78ee1c50ad23): Да
[17:01:15] Stxywxthme (6ce0cde9-8c92-4c66-96ad-6bffb9dfc01b): окей
[17:01:16] _reflexed (a4982e19-bdcc-40a7-a685-78ee1c50ad23): Для крист. обсидиана
[17:10:38] _reflexed (a4982e19-bdcc-40a7-a685-78ee1c50ad23): ку
[17:10:44] AETERNAL (6015b02d-f272-4154-8209-5e3b23bbc09c): Q
[17:10:50] AETERNAL (6015b02d-f272-4154-8209-5e3b23bbc09c): что с випом там было
[17:10:53] AETERNAL (6015b02d-f272-4154-8209-5e3b23bbc09c): ты говорил
[17:11:00] _reflexed (a4982e19-bdcc-40a7-a685-78ee1c50ad23): Приват не делаеться 4 на 4 чанка
[17:11:03] _reflexed (a4982e19-bdcc-40a7-a685-78ee1c50ad23): Ток 2 на 2 могу
[17:11:05] Stxywxthme (6ce0cde9-8c92-4c66-96ad-6bffb9dfc01b): на
[17:11:12] _reflexed (a4982e19-bdcc-40a7-a685-78ee1c50ad23): спс
[17:11:53] AETERNAL (6015b02d-f272-4154-8209-5e3b23bbc09c): у тебя 6 приватов по 4 чанка каждый
[17:11:57] AETERNAL (6015b02d-f272-4154-8209-5e3b23bbc09c): тоесть
[17:12:03] _reflexed (a4982e19-bdcc-40a7-a685-78ee1c50ad23): Там на сайте написано
[17:12:04] _reflexed (a4982e19-bdcc-40a7-a685-78ee1c50ad23): 4 на 4
[17:12:13] _reflexed (a4982e19-bdcc-40a7-a685-78ee1c50ad23): Тоесть вместе 24 чанка
[17:12:23] AETERNAL (6015b02d-f272-4154-8209-5e3b23bbc09c): ага
[17:12:29] _reflexed (a4982e19-bdcc-40a7-a685-78ee1c50ad23): Вот
[17:13:18] AETERNAL (6015b02d-f272-4154-8209-5e3b23bbc09c): вижу у тебя 4 привата
[17:13:22] AETERNAL (6015b02d-f272-4154-8209-5e3b23bbc09c): можешь ещё 2
[17:13:23] _reflexed (a4982e19-bdcc-40a7-a685-78ee1c50ad23): да
[17:13:26] AETERNAL (6015b02d-f272-4154-8209-5e3b23bbc09c): можешь ещё 2
[17:13:29] AETERNAL (6015b02d-f272-4154-8209-5e3b23bbc09c): ой
[17:14:03] _reflexed (a4982e19-bdcc-40a7-a685-78ee1c50ad23): Всё
[17:14:07] _reflexed (a4982e19-bdcc-40a7-a685-78ee1c50ad23): 6 регионов
[17:25:31] _reflexed (a4982e19-bdcc-40a7-a685-78ee1c50ad23): 1
[17:25:50] _reflexed (a4982e19-bdcc-40a7-a685-78ee1c50ad23): Слушай
[17:26:00] _reflexed (a4982e19-bdcc-40a7-a685-78ee1c50ad23): Ты знаешь как изменить блок в гаджете?
[17:27:56] _reflexed (a4982e19-bdcc-40a7-a685-78ee1c50ad23): 1
[17:31:50] _reflexed (a4982e19-bdcc-40a7-a685-78ee1c50ad23): Всё
[17:32:13] AETERNAL (6015b02d-f272-4154-8209-5e3b23bbc09c): попробуй изучения
[17:32:19] AETERNAL (6015b02d-f272-4154-8209-5e3b23bbc09c): какое не выдаёт
[17:32:42] _reflexed (a4982e19-bdcc-40a7-a685-78ee1c50ad23): Неа
[17:32:44] _reflexed (a4982e19-bdcc-40a7-a685-78ee1c50ad23): Не работает
[17:32:47] AETERNAL (6015b02d-f272-4154-8209-5e3b23bbc09c): какое
[17:32:49] AETERNAL (6015b02d-f272-4154-8209-5e3b23bbc09c): из них
[17:32:59] _reflexed (a4982e19-bdcc-40a7-a685-78ee1c50ad23): ./thaumcraft @p give research FLUX
[17:33:11] AETERNAL (6015b02d-f272-4154-8209-5e3b23bbc09c): пробуй
[17:33:20] _reflexed (a4982e19-bdcc-40a7-a685-78ee1c50ad23): О
[17:33:21] _reflexed (a4982e19-bdcc-40a7-a685-78ee1c50ad23): Наконецто
[17:33:40] _reflexed (a4982e19-bdcc-40a7-a685-78ee1c50ad23): Но тебе еще такое скажу
[17:33:42] AETERNAL (6015b02d-f272-4154-8209-5e3b23bbc09c): будешь ещё такие изучения находить, которые без искажения нельзя
[17:33:44] _reflexed (a4982e19-bdcc-40a7-a685-78ee1c50ad23): Нужно увидеть разлом
[17:33:45] AETERNAL (6015b02d-f272-4154-8209-5e3b23bbc09c): дай знать
[17:33:53] _reflexed (a4982e19-bdcc-40a7-a685-78ee1c50ad23): Чтобы открыть новое изучение
[17:33:57] _reflexed (a4982e19-bdcc-40a7-a685-78ee1c50ad23): Если не ошибаюсь
[17:33:58] AETERNAL (6015b02d-f272-4154-8209-5e3b23bbc09c): ...
[17:34:03] _reflexed (a4982e19-bdcc-40a7-a685-78ee1c50ad23): Потому что разрушитель причинных связей
[17:42:51] Stxywxthme (6ce0cde9-8c92-4c66-96ad-6bffb9dfc01b): понятно
[17:43:03] AETERNAL (6015b02d-f272-4154-8209-5e3b23bbc09c): что понятно
[17:43:09] Stxywxthme (6ce0cde9-8c92-4c66-96ad-6bffb9dfc01b): да просто
[17:47:51] Stxywxthme (6ce0cde9-8c92-4c66-96ad-6bffb9dfc01b): что с тобой?
[17:47:59] Stxywxthme (6ce0cde9-8c92-4c66-96ad-6bffb9dfc01b): :
[17:48:06] Stxywxthme (6ce0cde9-8c92-4c66-96ad-6bffb9dfc01b): ?
[17:48:25] AETERNAL (6015b02d-f272-4154-8209-5e3b23bbc09c): в зкладках предмет которого не существует
[17:48:32] Stxywxthme (6ce0cde9-8c92-4c66-96ad-6bffb9dfc01b): понятно
[17:48:48] Stxywxthme (6ce0cde9-8c92-4c66-96ad-6bffb9dfc01b): вроде в папке с сборкой есть файл
[17:49:04] Stxywxthme (6ce0cde9-8c92-4c66-96ad-6bffb9dfc01b): вроде в папке с сборкой есть файл
[17:49:11] Stxywxthme (6ce0cde9-8c92-4c66-96ad-6bffb9dfc01b): который за это отвечает
[17:49:44] [ADVERTISEMENT] Stxywxthme (6ce0cde9-8c92-4c66-96ad-6bffb9dfc01b): <advertisement>§f
[17:50:01] Stxywxthme (6ce0cde9-8c92-4c66-96ad-6bffb9dfc01b): jeibookmars ini
[17:50:31] Stxywxthme (6ce0cde9-8c92-4c66-96ad-6bffb9dfc01b): нашел?
[17:51:08] AETERNAL (6015b02d-f272-4154-8209-5e3b23bbc09c): та мне лень их чистить
[17:51:25] Stxywxthme (6ce0cde9-8c92-4c66-96ad-6bffb9dfc01b): окей
[17:51:44] AETERNAL (6015b02d-f272-4154-8209-5e3b23bbc09c): что мне не понятно
[17:51:51] AETERNAL (6015b02d-f272-4154-8209-5e3b23bbc09c): так это вот этот сундук
[17:51:58] Stxywxthme (6ce0cde9-8c92-4c66-96ad-6bffb9dfc01b): да
[17:52:08] AETERNAL (6015b02d-f272-4154-8209-5e3b23bbc09c): что да
[17:52:13] Stxywxthme (6ce0cde9-8c92-4c66-96ad-6bffb9dfc01b): да
[17:52:16] AETERNAL (6015b02d-f272-4154-8209-5e3b23bbc09c): пизда
[17:52:22] Stxywxthme (6ce0cde9-8c92-4c66-96ad-6bffb9dfc01b): ну чего
[17:52:33] AETERNAL (6015b02d-f272-4154-8209-5e3b23bbc09c): обьсняй
[17:52:37] AETERNAL (6015b02d-f272-4154-8209-5e3b23bbc09c): что)
[17:52:43] Stxywxthme (6ce0cde9-8c92-4c66-96ad-6bffb9dfc01b): ну кейсы
[17:53:04] AETERNAL (6015b02d-f272-4154-8209-5e3b23bbc09c): стак кейсов?
[17:53:08] Stxywxthme (6ce0cde9-8c92-4c66-96ad-6bffb9dfc01b): нет
[17:53:15] Stxywxthme (6ce0cde9-8c92-4c66-96ad-6bffb9dfc01b): вот сундук
[17:53:27] Stxywxthme (6ce0cde9-8c92-4c66-96ad-6bffb9dfc01b): полон алмазов
[17:53:35] AETERNAL (6015b02d-f272-4154-8209-5e3b23bbc09c): это я поняол
[17:53:49] Stxywxthme (6ce0cde9-8c92-4c66-96ad-6bffb9dfc01b): а это с кейсов
[17:54:01] AETERNAL (6015b02d-f272-4154-8209-5e3b23bbc09c): ну смотри
[17:54:04] AETERNAL (6015b02d-f272-4154-8209-5e3b23bbc09c): я человек добрый
[17:54:10] AETERNAL (6015b02d-f272-4154-8209-5e3b23bbc09c): но когда мне пиздят не люблю
[17:54:17] Stxywxthme (6ce0cde9-8c92-4c66-96ad-6bffb9dfc01b): окей
[17:54:47] AETERNAL (6015b02d-f272-4154-8209-5e3b23bbc09c): так что это может двумя путями пойти, в зависимости от того как ты это обьяснишь)
[17:55:02] Stxywxthme (6ce0cde9-8c92-4c66-96ad-6bffb9dfc01b): ну
[17:55:17] Stxywxthme (6ce0cde9-8c92-4c66-96ad-6bffb9dfc01b): это вещи которые падали с кейса
[17:55:27] Stxywxthme (6ce0cde9-8c92-4c66-96ad-6bffb9dfc01b): вместе с болкой
[17:56:50] AETERNAL (6015b02d-f272-4154-8209-5e3b23bbc09c): это даже два стака кейсов
[17:57:03] Stxywxthme (6ce0cde9-8c92-4c66-96ad-6bffb9dfc01b): да ладно
[17:58:13] Stxywxthme (6ce0cde9-8c92-4c66-96ad-6bffb9dfc01b): так много вещей с починкой
[17:58:22] Stxywxthme (6ce0cde9-8c92-4c66-96ad-6bffb9dfc01b): но не могу снять
[17:59:36] Stxywxthme (6ce0cde9-8c92-4c66-96ad-6bffb9dfc01b): имба зачар
[18:13:05] Stxywxthme (6ce0cde9-8c92-4c66-96ad-6bffb9dfc01b): ок
[18:37:34] Stxywxthme (6ce0cde9-8c92-4c66-96ad-6bffb9dfc01b): окей
[18:54:59] _reflexed (a4982e19-bdcc-40a7-a685-78ee1c50ad23): ?
[18:55:13] _reflexed (a4982e19-bdcc-40a7-a685-78ee1c50ad23): Тебя еще не выкинуло
[18:55:15] _reflexed (a4982e19-bdcc-40a7-a685-78ee1c50ad23): о
[18:55:17] _reflexed (a4982e19-bdcc-40a7-a685-78ee1c50ad23): А теперь да
[19:01:28] _reflexed (a4982e19-bdcc-40a7-a685-78ee1c50ad23): Я лучше щас буду изучать ботанию
[19:01:32] _reflexed (a4982e19-bdcc-40a7-a685-78ee1c50ad23): А потом уже удваивать руду
[23:38:17] AETERNAL (6015b02d-f272-4154-8209-5e3b23bbc09c): .
[23:52:06] Dior (511ac683-c533-439a-8fdd-780c4842b05c): HI
[23:52:21] AETERNAL (6015b02d-f272-4154-8209-5e3b23bbc09c): хай
[23:59:42] AETERNAL (6015b02d-f272-4154-8209-5e3b23bbc09c): астрал варп пофиксил
