[06:11:41] Stxywxthme (6ce0cde9-8c92-4c66-96ad-6bffb9dfc01b): ну
[06:11:47] Stxywxthme (6ce0cde9-8c92-4c66-96ad-6bffb9dfc01b): я поспал 10 часов
[06:12:12] Stxywxthme (6ce0cde9-8c92-4c66-96ad-6bffb9dfc01b): да
[06:12:20] Stxywxthme (6ce0cde9-8c92-4c66-96ad-6bffb9dfc01b): опять астралом занимаюсь
[06:12:30] Stxywxthme (6ce0cde9-8c92-4c66-96ad-6bffb9dfc01b): автокрафт
[06:12:57] Stxywxthme (6ce0cde9-8c92-4c66-96ad-6bffb9dfc01b): да
[07:06:26] galaxy3231 (d4f7a5f3-2cd4-40bf-b49f-e6b7300e0ce3): вруби микро и науш
[07:07:02] gosha2009 (647d8d02-c65a-4880-a15d-4ceea06a6343): я кушаю
[07:07:19] galaxy3231 (d4f7a5f3-2cd4-40bf-b49f-e6b7300e0ce3): вруби микро и науш
[07:07:21] galaxy3231 (d4f7a5f3-2cd4-40bf-b49f-e6b7300e0ce3): а
[07:07:25] galaxy3231 (d4f7a5f3-2cd4-40bf-b49f-e6b7300e0ce3): всё увидел
[07:12:00] gosha2009 (647d8d02-c65a-4880-a15d-4ceea06a6343): у тебя удача?
[07:12:03] galaxy3231 (d4f7a5f3-2cd4-40bf-b49f-e6b7300e0ce3): 3
[07:12:06] gosha2009 (647d8d02-c65a-4880-a15d-4ceea06a6343): ок
[07:58:04] galaxy3231 (d4f7a5f3-2cd4-40bf-b49f-e6b7300e0ce3): q
[07:58:07] gosha2009 (647d8d02-c65a-4880-a15d-4ceea06a6343): q
[08:01:57] galaxy3231 (d4f7a5f3-2cd4-40bf-b49f-e6b7300e0ce3): ми это кто
[08:02:02] nikiter_ru (9ea94cb2-73ab-4a2a-ad5a-2f5df38a9801): люди ?
[08:02:22] galaxy3231 (d4f7a5f3-2cd4-40bf-b49f-e6b7300e0ce3): ага
[08:02:24] galaxy3231 (d4f7a5f3-2cd4-40bf-b49f-e6b7300e0ce3): galaxy
[08:02:40] gosha2009 (647d8d02-c65a-4880-a15d-4ceea06a6343): +
[08:02:42] galaxy3231 (d4f7a5f3-2cd4-40bf-b49f-e6b7300e0ce3): da
[08:03:03] galaxy3231 (d4f7a5f3-2cd4-40bf-b49f-e6b7300e0ce3): Ну по большей части он просто ебет мозги
[08:03:04] gosha2009 (647d8d02-c65a-4880-a15d-4ceea06a6343): -
[08:03:14] galaxy3231 (d4f7a5f3-2cd4-40bf-b49f-e6b7300e0ce3): Пока я вывожу куриц и астралом занимаюсь
[08:03:47] galaxy3231 (d4f7a5f3-2cd4-40bf-b49f-e6b7300e0ce3): Самое уёбищное в курицах это ждать
[08:03:53] galaxy3231 (d4f7a5f3-2cd4-40bf-b49f-e6b7300e0ce3): 4 часа афк ради 1 куриц
[08:03:57] galaxy3231 (d4f7a5f3-2cd4-40bf-b49f-e6b7300e0ce3): И то не вывел
[08:04:15] galaxy3231 (d4f7a5f3-2cd4-40bf-b49f-e6b7300e0ce3): Я всё на неё трачу
[08:04:19] galaxy3231 (d4f7a5f3-2cd4-40bf-b49f-e6b7300e0ce3): Было 2 часа кидал по фул
[08:04:46] galaxy3231 (d4f7a5f3-2cd4-40bf-b49f-e6b7300e0ce3): Стакаются они разве?
[08:05:13] galaxy3231 (d4f7a5f3-2cd4-40bf-b49f-e6b7300e0ce3): У меня из random
[08:05:18] galaxy3231 (d4f7a5f3-2cd4-40bf-b49f-e6b7300e0ce3): Не знал что стакается
[08:05:23] galaxy3231 (d4f7a5f3-2cd4-40bf-b49f-e6b7300e0ce3): Думал просто 1 время и всё
[08:05:53] galaxy3231 (d4f7a5f3-2cd4-40bf-b49f-e6b7300e0ce3): Понял
[08:06:33] galaxy3231 (d4f7a5f3-2cd4-40bf-b49f-e6b7300e0ce3): Ну я всех вывожу
[08:06:38] galaxy3231 (d4f7a5f3-2cd4-40bf-b49f-e6b7300e0ce3): Половина 10 10 10
[08:11:00] galaxy3231 (d4f7a5f3-2cd4-40bf-b49f-e6b7300e0ce3): Одинаковые
[08:25:05] galaxy3231 (d4f7a5f3-2cd4-40bf-b49f-e6b7300e0ce3): каво
[08:25:07] galaxy3231 (d4f7a5f3-2cd4-40bf-b49f-e6b7300e0ce3): чиво
[08:25:11] galaxy3231 (d4f7a5f3-2cd4-40bf-b49f-e6b7300e0ce3): а
[08:25:14] galaxy3231 (d4f7a5f3-2cd4-40bf-b49f-e6b7300e0ce3): понял
[08:56:01] gosha2009 (647d8d02-c65a-4880-a15d-4ceea06a6343): ну типо используешь и через 30 сек пропадает
[08:56:12] gosha2009 (647d8d02-c65a-4880-a15d-4ceea06a6343): а так не будет
[09:20:11] ProCto_DS (d3139add-473e-468f-9582-8b46bb0e237c): qq
[09:21:39] ProCto_DS (d3139add-473e-468f-9582-8b46bb0e237c): 4
[09:21:59] ProCto_DS (d3139add-473e-468f-9582-8b46bb0e237c): а
[09:25:45] ProCto_DS (d3139add-473e-468f-9582-8b46bb0e237c): Кинешь в индукционку?
[11:36:32] gosha2009 (647d8d02-c65a-4880-a15d-4ceea06a6343): в дс
[11:36:39] galaxy3231 (d4f7a5f3-2cd4-40bf-b49f-e6b7300e0ce3): всми
[11:36:43] gosha2009 (647d8d02-c65a-4880-a15d-4ceea06a6343): ты не в гс
[11:36:57] gosha2009 (647d8d02-c65a-4880-a15d-4ceea06a6343): в гс зайди дебил
[11:37:05] galaxy3231 (d4f7a5f3-2cd4-40bf-b49f-e6b7300e0ce3): запусается
[11:37:21] galaxy3231 (d4f7a5f3-2cd4-40bf-b49f-e6b7300e0ce3): я на бауз
[11:53:11] yeitsu (fd31405b-ce06-45c1-b417-00c6ee52e62f): Na kakuyu quests?
[11:53:21] galaxy3231 (d4f7a5f3-2cd4-40bf-b49f-e6b7300e0ce3): Чиво блять
[11:53:34] yeitsu (fd31405b-ce06-45c1-b417-00c6ee52e62f): chto ne ponyatnogo?
[11:53:39] gluck97 (6e22b281-f6f7-4195-adf6-e456b6680156): e и в левом углу книга
[11:53:49] yeitsu (fd31405b-ce06-45c1-b417-00c6ee52e62f): spasibo
[11:54:00] gluck97 (6e22b281-f6f7-4195-adf6-e456b6680156): нез
[15:50:32] galaxy3231 (d4f7a5f3-2cd4-40bf-b49f-e6b7300e0ce3): ти охуел
[15:50:36] galaxy3231 (d4f7a5f3-2cd4-40bf-b49f-e6b7300e0ce3): хули вышел
[20:17:57] Apt_bolka (99791d25-cc6a-40d5-9fab-db8d91e26277): Хай
[23:42:18] Apt_bolka (99791d25-cc6a-40d5-9fab-db8d91e26277): я снимаю
[23:42:22] AETERNAL (6015b02d-f272-4154-8209-5e3b23bbc09c): а
[23:42:24] Apt_bolka (99791d25-cc6a-40d5-9fab-db8d91e26277): ну если хочешь)
[23:43:05] Apt_bolka (99791d25-cc6a-40d5-9fab-db8d91e26277): а чего хотел?
[23:43:19] AETERNAL (6015b02d-f272-4154-8209-5e3b23bbc09c): надо потестить мод
[23:43:22] Apt_bolka (99791d25-cc6a-40d5-9fab-db8d91e26277): давай
[23:43:24] AETERNAL (6015b02d-f272-4154-8209-5e3b23bbc09c): у тебя на базе есть что-то
[23:43:30] AETERNAL (6015b02d-f272-4154-8209-5e3b23bbc09c): есть на чём хоть
[23:43:32] Apt_bolka (99791d25-cc6a-40d5-9fab-db8d91e26277): нейтроновые сборщики
[23:43:48] Apt_bolka (99791d25-cc6a-40d5-9fab-db8d91e26277): робит
[23:46:06] AETERNAL (6015b02d-f272-4154-8209-5e3b23bbc09c): в карик глянь
[23:46:15] Apt_bolka (99791d25-cc6a-40d5-9fab-db8d91e26277): норм
