[17:08:43] Apt_bolka (99791d25-cc6a-40d5-9fab-db8d91e26277): Хай
[17:08:46] Apt_bolka (99791d25-cc6a-40d5-9fab-db8d91e26277): Хай
[17:10:05] Apt_bolka (99791d25-cc6a-40d5-9fab-db8d91e26277): хз как хочешь
[17:10:23] Apt_bolka (99791d25-cc6a-40d5-9fab-db8d91e26277): хз как хочешь я щя просто поиграю немного и пойду на свой
[17:34:14] Apt_bolka (99791d25-cc6a-40d5-9fab-db8d91e26277): Добывал руды
[17:34:58] Apt_bolka (99791d25-cc6a-40d5-9fab-db8d91e26277): мама не даёт?
[17:41:05] Stxywxthme (6ce0cde9-8c92-4c66-96ad-6bffb9dfc01b): тп болка
[17:53:51] Stxywxthme (6ce0cde9-8c92-4c66-96ad-6bffb9dfc01b): так
[17:54:03] Apt_bolka (99791d25-cc6a-40d5-9fab-db8d91e26277): тепнишь?
[17:54:06] Stxywxthme (6ce0cde9-8c92-4c66-96ad-6bffb9dfc01b): да
[17:54:11] Apt_bolka (99791d25-cc6a-40d5-9fab-db8d91e26277): я кидал
[17:54:15] Apt_bolka (99791d25-cc6a-40d5-9fab-db8d91e26277): я кидал
[17:54:41] Apt_bolka (99791d25-cc6a-40d5-9fab-db8d91e26277): нууу
[17:54:45] Apt_bolka (99791d25-cc6a-40d5-9fab-db8d91e26277): сундуки можешь сносить
[17:54:50] Stxywxthme (6ce0cde9-8c92-4c66-96ad-6bffb9dfc01b): окей
[17:54:54] Apt_bolka (99791d25-cc6a-40d5-9fab-db8d91e26277): Добавь
[17:54:57] Apt_bolka (99791d25-cc6a-40d5-9fab-db8d91e26277): В рг
[17:55:44] Stxywxthme (6ce0cde9-8c92-4c66-96ad-6bffb9dfc01b): добавил
[17:56:08] Apt_bolka (99791d25-cc6a-40d5-9fab-db8d91e26277): Подключи
[17:57:42] Apt_bolka (99791d25-cc6a-40d5-9fab-db8d91e26277): закидывай ресы
[17:59:34] Apt_bolka (99791d25-cc6a-40d5-9fab-db8d91e26277): а что кейсы не открываешь?
[17:59:39] Stxywxthme (6ce0cde9-8c92-4c66-96ad-6bffb9dfc01b): да
[17:59:44] Stxywxthme (6ce0cde9-8c92-4c66-96ad-6bffb9dfc01b): собираю
[18:03:17] Stxywxthme (6ce0cde9-8c92-4c66-96ad-6bffb9dfc01b): бл
[18:03:31] Apt_bolka (99791d25-cc6a-40d5-9fab-db8d91e26277): не забьётся?
[18:03:35] Stxywxthme (6ce0cde9-8c92-4c66-96ad-6bffb9dfc01b): хз
[18:03:41] Apt_bolka (99791d25-cc6a-40d5-9fab-db8d91e26277): скоро
[18:05:14] Stxywxthme (6ce0cde9-8c92-4c66-96ad-6bffb9dfc01b): ?
[18:05:33] Stxywxthme (6ce0cde9-8c92-4c66-96ad-6bffb9dfc01b): у тебя 1к пинг
[18:08:01] Apt_bolka (99791d25-cc6a-40d5-9fab-db8d91e26277): бывает
[18:08:43] Apt_bolka (99791d25-cc6a-40d5-9fab-db8d91e26277): Всякие инструменты кидай в сундуки
[18:11:04] Apt_bolka (99791d25-cc6a-40d5-9fab-db8d91e26277): а панели из IU будем ставить?
[18:11:14] Stxywxthme (6ce0cde9-8c92-4c66-96ad-6bffb9dfc01b): да
[18:11:32] Apt_bolka (99791d25-cc6a-40d5-9fab-db8d91e26277): Подойди
[18:11:48] Apt_bolka (99791d25-cc6a-40d5-9fab-db8d91e26277): ключом
[18:13:19] Apt_bolka (99791d25-cc6a-40d5-9fab-db8d91e26277): вот
[18:13:41] Apt_bolka (99791d25-cc6a-40d5-9fab-db8d91e26277): и панели к нему
[18:13:44] Apt_bolka (99791d25-cc6a-40d5-9fab-db8d91e26277): из IU
[18:13:57] Apt_bolka (99791d25-cc6a-40d5-9fab-db8d91e26277): Ток над ними нечего не должно быть
[18:14:34] Apt_bolka (99791d25-cc6a-40d5-9fab-db8d91e26277): всё
[18:17:11] Apt_bolka (99791d25-cc6a-40d5-9fab-db8d91e26277): по кайфу
[18:17:43] Apt_bolka (99791d25-cc6a-40d5-9fab-db8d91e26277): кхм
[18:18:19] Stxywxthme (6ce0cde9-8c92-4c66-96ad-6bffb9dfc01b): главное не рф
[18:18:30] Apt_bolka (99791d25-cc6a-40d5-9fab-db8d91e26277): нет
[18:18:33] Apt_bolka (99791d25-cc6a-40d5-9fab-db8d91e26277): сломай
[18:18:57] Apt_bolka (99791d25-cc6a-40d5-9fab-db8d91e26277): вот так
[18:19:11] Apt_bolka (99791d25-cc6a-40d5-9fab-db8d91e26277): типо копится и рф и eu
[18:19:26] Apt_bolka (99791d25-cc6a-40d5-9fab-db8d91e26277): элементивая меньше
[18:20:08] Apt_bolka (99791d25-cc6a-40d5-9fab-db8d91e26277): у меня как то творческое улучшение выполнилось
[18:20:16] Apt_bolka (99791d25-cc6a-40d5-9fab-db8d91e26277): пхпххп
[18:20:17] Stxywxthme (6ce0cde9-8c92-4c66-96ad-6bffb9dfc01b): норм
[18:20:21] Apt_bolka (99791d25-cc6a-40d5-9fab-db8d91e26277): Награды имба
[18:25:48] Apt_bolka (99791d25-cc6a-40d5-9fab-db8d91e26277): мм квесты
[18:26:00] Apt_bolka (99791d25-cc6a-40d5-9fab-db8d91e26277): пхпхпххп
[18:26:06] Stxywxthme (6ce0cde9-8c92-4c66-96ad-6bffb9dfc01b): норм
[18:26:23] Apt_bolka (99791d25-cc6a-40d5-9fab-db8d91e26277): если стаб спавнер поставить в аду
[18:26:29] Apt_bolka (99791d25-cc6a-40d5-9fab-db8d91e26277): то он будет исущителей регенить?
[18:26:35] Stxywxthme (6ce0cde9-8c92-4c66-96ad-6bffb9dfc01b): да
[18:26:42] Apt_bolka (99791d25-cc6a-40d5-9fab-db8d91e26277): потом поставишь
[18:28:08] Apt_bolka (99791d25-cc6a-40d5-9fab-db8d91e26277): ну гоу индукциолку крафтить?
[18:28:12] Stxywxthme (6ce0cde9-8c92-4c66-96ad-6bffb9dfc01b): дава
[18:28:20] Stxywxthme (6ce0cde9-8c92-4c66-96ad-6bffb9dfc01b): я пока квесты
[18:28:35] Apt_bolka (99791d25-cc6a-40d5-9fab-db8d91e26277): а что квест за рамки не даётся?
[18:28:41] Stxywxthme (6ce0cde9-8c92-4c66-96ad-6bffb9dfc01b): хз
[18:30:41] Apt_bolka (99791d25-cc6a-40d5-9fab-db8d91e26277): Короче чтоб квест выполнить надо крафтить её
[18:32:39] Apt_bolka (99791d25-cc6a-40d5-9fab-db8d91e26277): есть отливка слитка?
[18:33:17] Apt_bolka (99791d25-cc6a-40d5-9fab-db8d91e26277): ладно щя сделаю
[18:33:25] Stxywxthme (6ce0cde9-8c92-4c66-96ad-6bffb9dfc01b): кстати
[18:33:36] Stxywxthme (6ce0cde9-8c92-4c66-96ad-6bffb9dfc01b): крашент ли?
[18:33:40] Apt_bolka (99791d25-cc6a-40d5-9fab-db8d91e26277): аххахахе
[18:33:42] Apt_bolka (99791d25-cc6a-40d5-9fab-db8d91e26277): д го
[18:35:41] Stxywxthme (6ce0cde9-8c92-4c66-96ad-6bffb9dfc01b): кстати
[18:35:48] Stxywxthme (6ce0cde9-8c92-4c66-96ad-6bffb9dfc01b): я могу посторить базу
[18:35:52] Apt_bolka (99791d25-cc6a-40d5-9fab-db8d91e26277): Строй пока что
[18:35:56] Apt_bolka (99791d25-cc6a-40d5-9fab-db8d91e26277): я индукциолку крафчу
[18:35:56] Stxywxthme (6ce0cde9-8c92-4c66-96ad-6bffb9dfc01b): из чего?
[18:36:07] Apt_bolka (99791d25-cc6a-40d5-9fab-db8d91e26277): Ну хочешь в креатив мире почекай
[18:36:19] Stxywxthme (6ce0cde9-8c92-4c66-96ad-6bffb9dfc01b): из досок?
[18:45:52] Apt_bolka (99791d25-cc6a-40d5-9fab-db8d91e26277): + индукциолка
[18:46:14] Apt_bolka (99791d25-cc6a-40d5-9fab-db8d91e26277): тинкер печка прошай
[18:46:31] Apt_bolka (99791d25-cc6a-40d5-9fab-db8d91e26277): я её сношу?
[18:46:40] Stxywxthme (6ce0cde9-8c92-4c66-96ad-6bffb9dfc01b): давй
[18:48:06] Apt_bolka (99791d25-cc6a-40d5-9fab-db8d91e26277): + Компактор
[18:48:24] Stxywxthme (6ce0cde9-8c92-4c66-96ad-6bffb9dfc01b): смотри на стены
[18:48:28] Apt_bolka (99791d25-cc6a-40d5-9fab-db8d91e26277): вау
[18:48:44] Apt_bolka (99791d25-cc6a-40d5-9fab-db8d91e26277): ммм тпс сервака понемногому помирают
[18:49:11] Apt_bolka (99791d25-cc6a-40d5-9fab-db8d91e26277): Бл у меня шлем пропал
[18:49:32] Apt_bolka (99791d25-cc6a-40d5-9fab-db8d91e26277): фух нашол
[18:49:32] Stxywxthme (6ce0cde9-8c92-4c66-96ad-6bffb9dfc01b): кстати блоки не у меня в инвентаре
[18:49:39] Apt_bolka (99791d25-cc6a-40d5-9fab-db8d91e26277): Круто
[18:51:09] Apt_bolka (99791d25-cc6a-40d5-9fab-db8d91e26277): Хай
[18:51:09] Stxywxthme (6ce0cde9-8c92-4c66-96ad-6bffb9dfc01b): ку
[18:51:19] _reflexed (a4982e19-bdcc-40a7-a685-78ee1c50ad23): q
[18:51:33] Stxywxthme (6ce0cde9-8c92-4c66-96ad-6bffb9dfc01b): высотой 5 блоков?
[18:51:39] Apt_bolka (99791d25-cc6a-40d5-9fab-db8d91e26277): +
[18:51:43] Stxywxthme (6ce0cde9-8c92-4c66-96ad-6bffb9dfc01b): ок
[18:51:52] Apt_bolka (99791d25-cc6a-40d5-9fab-db8d91e26277): Ладно с тинкер печкой мы не сильно растанимся
[18:54:11] Apt_bolka (99791d25-cc6a-40d5-9fab-db8d91e26277): бляя я мискликнул и 12 вёдер зделал
[18:56:07] Stxywxthme (6ce0cde9-8c92-4c66-96ad-6bffb9dfc01b): ну как
[18:56:22] Stxywxthme (6ce0cde9-8c92-4c66-96ad-6bffb9dfc01b): Apt_bolka
[18:56:26] Apt_bolka (99791d25-cc6a-40d5-9fab-db8d91e26277): да бля я не могу жидкостную трубу хоть какую ту скрафтить
[18:57:01] Apt_bolka (99791d25-cc6a-40d5-9fab-db8d91e26277): ты таум изучал?
[18:57:04] Stxywxthme (6ce0cde9-8c92-4c66-96ad-6bffb9dfc01b): нет
[18:57:06] Apt_bolka (99791d25-cc6a-40d5-9fab-db8d91e26277): бля
[18:57:37] Stxywxthme (6ce0cde9-8c92-4c66-96ad-6bffb9dfc01b): ровно уложился
[18:57:50] Apt_bolka (99791d25-cc6a-40d5-9fab-db8d91e26277): что скрафтить какуюту Трубу нужен таум труба
[18:58:12] Stxywxthme (6ce0cde9-8c92-4c66-96ad-6bffb9dfc01b): ну есть помпа
[18:58:15] Stxywxthme (6ce0cde9-8c92-4c66-96ad-6bffb9dfc01b): он на 1 блок
[18:58:22] Apt_bolka (99791d25-cc6a-40d5-9fab-db8d91e26277): не надо иммено труба
[18:58:27] Apt_bolka (99791d25-cc6a-40d5-9fab-db8d91e26277): ладно план б
[19:01:55] Apt_bolka (99791d25-cc6a-40d5-9fab-db8d91e26277): она рукой не ломалась?
[19:02:00] Stxywxthme (6ce0cde9-8c92-4c66-96ad-6bffb9dfc01b): ?
[19:02:01] Apt_bolka (99791d25-cc6a-40d5-9fab-db8d91e26277): а нет
[19:02:23] Stxywxthme (6ce0cde9-8c92-4c66-96ad-6bffb9dfc01b): норм
[19:02:28] Stxywxthme (6ce0cde9-8c92-4c66-96ad-6bffb9dfc01b): смотри
[19:12:25] Stxywxthme (6ce0cde9-8c92-4c66-96ad-6bffb9dfc01b): я кое-что посмотрю
[19:12:30] Apt_bolka (99791d25-cc6a-40d5-9fab-db8d91e26277): ок
[19:12:50] Apt_bolka (99791d25-cc6a-40d5-9fab-db8d91e26277): Сука
[19:21:31] Apt_bolka (99791d25-cc6a-40d5-9fab-db8d91e26277): Повер я наверно пойду
[19:21:35] Stxywxthme (6ce0cde9-8c92-4c66-96ad-6bffb9dfc01b): окей
[19:31:01] Stxywxthme (6ce0cde9-8c92-4c66-96ad-6bffb9dfc01b): ?
[19:31:08] Stxywxthme (6ce0cde9-8c92-4c66-96ad-6bffb9dfc01b): ?
