[00:29:12] Apt_bolka (99791d25-cc6a-40d5-9fab-db8d91e26277): я
[00:29:14] Apt_bolka (99791d25-cc6a-40d5-9fab-db8d91e26277): фух я всё
[00:29:24] Apt_bolka (99791d25-cc6a-40d5-9fab-db8d91e26277): сук горло пересохло
[07:19:28] Stxywxthme (6ce0cde9-8c92-4c66-96ad-6bffb9dfc01b): ку
[07:19:30] ProCto_DS (d3139add-473e-468f-9582-8b46bb0e237c): qq
[07:20:18] ProCto_DS (d3139add-473e-468f-9582-8b46bb0e237c): хуху
[07:20:22] Stxywxthme (6ce0cde9-8c92-4c66-96ad-6bffb9dfc01b): я думал добавили Project 3
[07:20:24] Stxywxthme (6ce0cde9-8c92-4c66-96ad-6bffb9dfc01b): e
[07:20:27] ProCto_DS (d3139add-473e-468f-9582-8b46bb0e237c): я тож)
[07:21:33] ProCto_DS (d3139add-473e-468f-9582-8b46bb0e237c): На
[07:21:36] ProCto_DS (d3139add-473e-468f-9582-8b46bb0e237c): Считайте надюпал)
[07:21:43] ProCto_DS (d3139add-473e-468f-9582-8b46bb0e237c): Го пвп дядь?)
[07:21:43] Stxywxthme (6ce0cde9-8c92-4c66-96ad-6bffb9dfc01b): да я знаю
[07:21:52] Stxywxthme (6ce0cde9-8c92-4c66-96ad-6bffb9dfc01b): я забрал блоки портала у нерга
[07:22:11] ProCto_DS (d3139add-473e-468f-9582-8b46bb0e237c): пвп?
[07:22:15] Stxywxthme (6ce0cde9-8c92-4c66-96ad-6bffb9dfc01b): ща
[07:22:19] ProCto_DS (d3139add-473e-468f-9582-8b46bb0e237c): я тоже ща)
[07:27:06] ProCto_DS (d3139add-473e-468f-9582-8b46bb0e237c): ну?
[07:28:12] Stxywxthme (6ce0cde9-8c92-4c66-96ad-6bffb9dfc01b): ща
[07:28:19] ProCto_DS (d3139add-473e-468f-9582-8b46bb0e237c): Ихор меня не пробьет)
[07:38:26] ProCto_DS (d3139add-473e-468f-9582-8b46bb0e237c): Магическое дерево продашь?
[07:38:40] Stxywxthme (6ce0cde9-8c92-4c66-96ad-6bffb9dfc01b): да
[07:38:52] ProCto_DS (d3139add-473e-468f-9582-8b46bb0e237c): За что?
[07:39:14] Stxywxthme (6ce0cde9-8c92-4c66-96ad-6bffb9dfc01b): хз
[07:39:34] ProCto_DS (d3139add-473e-468f-9582-8b46bb0e237c): За пасеку
[07:39:37] Stxywxthme (6ce0cde9-8c92-4c66-96ad-6bffb9dfc01b): не
[07:40:19] ProCto_DS (d3139add-473e-468f-9582-8b46bb0e237c): А просто так?
[07:40:27] Stxywxthme (6ce0cde9-8c92-4c66-96ad-6bffb9dfc01b): горные крисла
[07:40:30] Stxywxthme (6ce0cde9-8c92-4c66-96ad-6bffb9dfc01b): кристалы
[07:40:38] ProCto_DS (d3139add-473e-468f-9582-8b46bb0e237c): Тока один
[07:40:41] Stxywxthme (6ce0cde9-8c92-4c66-96ad-6bffb9dfc01b): ок
[07:41:08] ProCto_DS (d3139add-473e-468f-9582-8b46bb0e237c): Еще одно дерево дашь?
[07:41:10] ProCto_DS (d3139add-473e-468f-9582-8b46bb0e237c): А то не хватает
[07:41:12] Stxywxthme (6ce0cde9-8c92-4c66-96ad-6bffb9dfc01b): ок
[07:42:05] ProCto_DS (d3139add-473e-468f-9582-8b46bb0e237c): я тута
[07:43:02] Stxywxthme (6ce0cde9-8c92-4c66-96ad-6bffb9dfc01b): 5ск
[07:43:08] ProCto_DS (d3139add-473e-468f-9582-8b46bb0e237c): спс
[07:43:41] Stxywxthme (6ce0cde9-8c92-4c66-96ad-6bffb9dfc01b): так
[07:43:46] Stxywxthme (6ce0cde9-8c92-4c66-96ad-6bffb9dfc01b): пора делать слияние
[07:44:42] Stxywxthme (6ce0cde9-8c92-4c66-96ad-6bffb9dfc01b): эмм
[07:46:21] Stxywxthme (6ce0cde9-8c92-4c66-96ad-6bffb9dfc01b): кто-то сломал мой астрал
[07:46:25] ProCto_DS (d3139add-473e-468f-9582-8b46bb0e237c): &
[07:46:26] ProCto_DS (d3139add-473e-468f-9582-8b46bb0e237c): ?
[07:46:44] Stxywxthme (6ce0cde9-8c92-4c66-96ad-6bffb9dfc01b): я астрал без привата оставил
[07:46:54] Stxywxthme (6ce0cde9-8c92-4c66-96ad-6bffb9dfc01b): там все сломали
[07:47:11] ProCto_DS (d3139add-473e-468f-9582-8b46bb0e237c): По логам можна чекнуть кто сломал)
[07:47:17] Stxywxthme (6ce0cde9-8c92-4c66-96ad-6bffb9dfc01b): ну похуй
[07:47:20] Stxywxthme (6ce0cde9-8c92-4c66-96ad-6bffb9dfc01b): моя вина
[07:47:58] Stxywxthme (6ce0cde9-8c92-4c66-96ad-6bffb9dfc01b): дашь попользоваться своим астралом?
[07:48:08] ProCto_DS (d3139add-473e-468f-9582-8b46bb0e237c): ща
[07:48:14] ProCto_DS (d3139add-473e-468f-9582-8b46bb0e237c): Верстаком?
[07:52:35] Stxywxthme (6ce0cde9-8c92-4c66-96ad-6bffb9dfc01b): только этим
[07:52:41] ProCto_DS (d3139add-473e-468f-9582-8b46bb0e237c): тута
[07:52:47] Stxywxthme (6ce0cde9-8c92-4c66-96ad-6bffb9dfc01b): ты убил гайю?
[07:52:50] ProCto_DS (d3139add-473e-468f-9582-8b46bb0e237c): Да
[07:52:54] Stxywxthme (6ce0cde9-8c92-4c66-96ad-6bffb9dfc01b): там?
[07:53:05] ProCto_DS (d3139add-473e-468f-9582-8b46bb0e237c): Ну долгая ситация
[07:53:11] ProCto_DS (d3139add-473e-468f-9582-8b46bb0e237c): Я недавно тп на базу жабы
[07:53:11] Stxywxthme (6ce0cde9-8c92-4c66-96ad-6bffb9dfc01b): ну крч
[07:53:16] ProCto_DS (d3139add-473e-468f-9582-8b46bb0e237c): и сказал дать рг
[07:53:17] Stxywxthme (6ce0cde9-8c92-4c66-96ad-6bffb9dfc01b): добавь меня сюда в рг
[07:53:22] ProCto_DS (d3139add-473e-468f-9582-8b46bb0e237c): Чтоб я мог у него грохать гайю
[07:53:25] ProCto_DS (d3139add-473e-468f-9582-8b46bb0e237c): Он добавил
[07:53:29] ProCto_DS (d3139add-473e-468f-9582-8b46bb0e237c): но убрать забыл
[07:53:34] ProCto_DS (d3139add-473e-468f-9582-8b46bb0e237c): я вот поэтому и там грохаю
[07:53:36] ProCto_DS (d3139add-473e-468f-9582-8b46bb0e237c): За свои слитки
[07:53:37] Stxywxthme (6ce0cde9-8c92-4c66-96ad-6bffb9dfc01b): на нашей базе есть такой
[07:53:44] Stxywxthme (6ce0cde9-8c92-4c66-96ad-6bffb9dfc01b): без привата
[07:53:48] ProCto_DS (d3139add-473e-468f-9582-8b46bb0e237c): ну
[07:53:53] Stxywxthme (6ce0cde9-8c92-4c66-96ad-6bffb9dfc01b): о спс
[07:54:38] ProCto_DS (d3139add-473e-468f-9582-8b46bb0e237c): А какое лезвие у твоего меча?
[07:54:48] Stxywxthme (6ce0cde9-8c92-4c66-96ad-6bffb9dfc01b): из слитков духа гайи
[07:54:48] ProCto_DS (d3139add-473e-468f-9582-8b46bb0e237c): А нука тыкни
[07:54:54] ProCto_DS (d3139add-473e-468f-9582-8b46bb0e237c): Так
[07:54:58] ProCto_DS (d3139add-473e-468f-9582-8b46bb0e237c): чё у меня не получается
[07:55:00] ProCto_DS (d3139add-473e-468f-9582-8b46bb0e237c): Переплавить
[07:55:06] Stxywxthme (6ce0cde9-8c92-4c66-96ad-6bffb9dfc01b): так в столе нужно
[07:56:30] ProCto_DS (d3139add-473e-468f-9582-8b46bb0e237c): А нука
[07:56:35] ProCto_DS (d3139add-473e-468f-9582-8b46bb0e237c): Дай в тебя стрельнуть)
[07:56:41] ProCto_DS (d3139add-473e-468f-9582-8b46bb0e237c): ?
[07:56:43] Stxywxthme (6ce0cde9-8c92-4c66-96ad-6bffb9dfc01b): ?
[07:56:44] ProCto_DS (d3139add-473e-468f-9582-8b46bb0e237c): Норм сняло щита?
[07:56:51] Stxywxthme (6ce0cde9-8c92-4c66-96ad-6bffb9dfc01b): 2-
[07:56:53] Stxywxthme (6ce0cde9-8c92-4c66-96ad-6bffb9dfc01b): 20
[07:57:46] ProCto_DS (d3139add-473e-468f-9582-8b46bb0e237c): Слуш
[07:57:53] ProCto_DS (d3139add-473e-468f-9582-8b46bb0e237c): Мне еще гдет 8 маг дерева нада
[07:57:56] ProCto_DS (d3139add-473e-468f-9582-8b46bb0e237c): За это дашь\
[07:58:04] Stxywxthme (6ce0cde9-8c92-4c66-96ad-6bffb9dfc01b): ок
[08:00:43] ProCto_DS (d3139add-473e-468f-9582-8b46bb0e237c): спасибо пупсик :)
[08:00:48] Stxywxthme (6ce0cde9-8c92-4c66-96ad-6bffb9dfc01b): ага
[08:00:54] Stxywxthme (6ce0cde9-8c92-4c66-96ad-6bffb9dfc01b): пока я делаю астрал
[08:01:04] Stxywxthme (6ce0cde9-8c92-4c66-96ad-6bffb9dfc01b): *перерождение
[08:01:23] Stxywxthme (6ce0cde9-8c92-4c66-96ad-6bffb9dfc01b): дайка мне мрамор
[08:01:53] Stxywxthme (6ce0cde9-8c92-4c66-96ad-6bffb9dfc01b): о
[08:02:30] Stxywxthme (6ce0cde9-8c92-4c66-96ad-6bffb9dfc01b): стекло 6 шт
[08:03:50] Stxywxthme (6ce0cde9-8c92-4c66-96ad-6bffb9dfc01b): 1 уголь
[08:10:31] ProCto_DS (d3139add-473e-468f-9582-8b46bb0e237c): ууу
[08:10:35] ProCto_DS (d3139add-473e-468f-9582-8b46bb0e237c): А терь дай стрельнуть)
[08:10:40] ProCto_DS (d3139add-473e-468f-9582-8b46bb0e237c): А терь?
[08:10:46] Stxywxthme (6ce0cde9-8c92-4c66-96ad-6bffb9dfc01b): хмм
[08:10:48] Stxywxthme (6ce0cde9-8c92-4c66-96ad-6bffb9dfc01b): еще раз
[08:10:55] Stxywxthme (6ce0cde9-8c92-4c66-96ad-6bffb9dfc01b): 40
[08:11:00] Stxywxthme (6ce0cde9-8c92-4c66-96ad-6bffb9dfc01b): 30
[08:11:04] ProCto_DS (d3139add-473e-468f-9582-8b46bb0e237c): Хм
[08:11:07] ProCto_DS (d3139add-473e-468f-9582-8b46bb0e237c): 40 урона)
[08:11:09] ProCto_DS (d3139add-473e-468f-9582-8b46bb0e237c): Нихуя)
[08:11:26] ProCto_DS (d3139add-473e-468f-9582-8b46bb0e237c): Мне нужны мобыыы
[08:11:34] Stxywxthme (6ce0cde9-8c92-4c66-96ad-6bffb9dfc01b): щас будут
[08:13:12] Stxywxthme (6ce0cde9-8c92-4c66-96ad-6bffb9dfc01b): имба
[08:13:22] ProCto_DS (d3139add-473e-468f-9582-8b46bb0e237c): ?
[08:13:30] Stxywxthme (6ce0cde9-8c92-4c66-96ad-6bffb9dfc01b): не видишь?
[08:13:37] ProCto_DS (d3139add-473e-468f-9582-8b46bb0e237c): 0_0
[08:16:21] Stxywxthme (6ce0cde9-8c92-4c66-96ad-6bffb9dfc01b): 2 золота
[08:17:25] ProCto_DS (d3139add-473e-468f-9582-8b46bb0e237c): Есть чтото что освещает огромную область?
[08:17:44] Stxywxthme (6ce0cde9-8c92-4c66-96ad-6bffb9dfc01b): хз
[08:21:29] ProCto_DS (d3139add-473e-468f-9582-8b46bb0e237c): Привязать кристал к алтарю?
[08:25:35] Stxywxthme (6ce0cde9-8c92-4c66-96ad-6bffb9dfc01b): светокамень
[08:25:50] ProCto_DS (d3139add-473e-468f-9582-8b46bb0e237c): я там подвал делаю
[08:39:08] Stxywxthme (6ce0cde9-8c92-4c66-96ad-6bffb9dfc01b): редстоун
[08:39:27] Stxywxthme (6ce0cde9-8c92-4c66-96ad-6bffb9dfc01b): ладно
[08:39:38] ProCto_DS (d3139add-473e-468f-9582-8b46bb0e237c): У меня
[08:40:00] ProCto_DS (d3139add-473e-468f-9582-8b46bb0e237c): пзд
[08:40:04] ProCto_DS (d3139add-473e-468f-9582-8b46bb0e237c): я в подвал спукаюсь
[08:40:06] ProCto_DS (d3139add-473e-468f-9582-8b46bb0e237c): И минус фпс
[08:40:09] ProCto_DS (d3139add-473e-468f-9582-8b46bb0e237c): С хули
[08:46:39] [CAPS] ProCto_DS (d3139add-473e-468f-9582-8b46bb0e237c): та блять
[08:50:47] Stxywxthme (6ce0cde9-8c92-4c66-96ad-6bffb9dfc01b): автокрафт
[08:52:04] Stxywxthme (6ce0cde9-8c92-4c66-96ad-6bffb9dfc01b): у меня жрет 4г
[09:04:11] ProCto_DS (d3139add-473e-468f-9582-8b46bb0e237c): Ты все?
[09:04:26] Stxywxthme (6ce0cde9-8c92-4c66-96ad-6bffb9dfc01b): не
[09:04:36] Stxywxthme (6ce0cde9-8c92-4c66-96ad-6bffb9dfc01b): мб что-то сделаю
[09:05:45] ProCto_DS (d3139add-473e-468f-9582-8b46bb0e237c): На подвал позыришь?
[09:06:52] ProCto_DS (d3139add-473e-468f-9582-8b46bb0e237c): Сюда всех мехи и заводы
[09:06:58] ProCto_DS (d3139add-473e-468f-9582-8b46bb0e237c): И дохуя всего
[09:07:00] Stxywxthme (6ce0cde9-8c92-4c66-96ad-6bffb9dfc01b): кушает 4300 в маск
[09:07:03] Stxywxthme (6ce0cde9-8c92-4c66-96ad-6bffb9dfc01b): макс
[09:07:18] ProCto_DS (d3139add-473e-468f-9582-8b46bb0e237c): Эт наверно из-за стен
[09:07:28] ProCto_DS (d3139add-473e-468f-9582-8b46bb0e237c): Ониж вместе с собой соеденяются
[09:07:33] ProCto_DS (d3139add-473e-468f-9582-8b46bb0e237c): Как типа мультиблок
[09:07:38] ProCto_DS (d3139add-473e-468f-9582-8b46bb0e237c): И потолок также
[09:07:43] ProCto_DS (d3139add-473e-468f-9582-8b46bb0e237c): Вот поэтому так наверно
[09:08:18] Stxywxthme (6ce0cde9-8c92-4c66-96ad-6bffb9dfc01b): как выйти
[09:08:20] [CAPS] ProCto_DS (d3139add-473e-468f-9582-8b46bb0e237c): го пвп?_)
[09:08:33] ProCto_DS (d3139add-473e-468f-9582-8b46bb0e237c): ?
[09:08:48] ProCto_DS (d3139add-473e-468f-9582-8b46bb0e237c): А?
[09:09:05] ProCto_DS (d3139add-473e-468f-9582-8b46bb0e237c): Го пвп
[09:13:42] ProCto_DS (d3139add-473e-468f-9582-8b46bb0e237c): Земляные осколки есть?
[09:15:06] ProCto_DS (d3139add-473e-468f-9582-8b46bb0e237c): повеер
[09:18:19] ProCto_DS (d3139add-473e-468f-9582-8b46bb0e237c): Земляные осколки есть?
[09:18:26] Stxywxthme (6ce0cde9-8c92-4c66-96ad-6bffb9dfc01b): нет
[09:21:50] Stxywxthme (6ce0cde9-8c92-4c66-96ad-6bffb9dfc01b): бб
[09:21:54] ProCto_DS (d3139add-473e-468f-9582-8b46bb0e237c): бб
[09:22:45] ProCto_DS (d3139add-473e-468f-9582-8b46bb0e237c): Я жрать
[15:57:42] galaxy3231 (d4f7a5f3-2cd4-40bf-b49f-e6b7300e0ce3): .//expand 100
[15:58:50] galaxy3231 (d4f7a5f3-2cd4-40bf-b49f-e6b7300e0ce3): famrs
[15:58:51] galaxy3231 (d4f7a5f3-2cd4-40bf-b49f-e6b7300e0ce3): famrs6
[15:58:52] galaxy3231 (d4f7a5f3-2cd4-40bf-b49f-e6b7300e0ce3): famrs6
[16:12:45] ProCto_DS (d3139add-473e-468f-9582-8b46bb0e237c): йй
[16:12:48] galaxy3231 (d4f7a5f3-2cd4-40bf-b49f-e6b7300e0ce3): й
[16:13:06] ProCto_DS (d3139add-473e-468f-9582-8b46bb0e237c): Земляные осколки есть у когот?
[16:13:14] galaxy3231 (d4f7a5f3-2cd4-40bf-b49f-e6b7300e0ce3): Самому нужны(
[16:27:03] ProCto_DS (d3139add-473e-468f-9582-8b46bb0e237c): Та
[16:27:08] galaxy3231 (d4f7a5f3-2cd4-40bf-b49f-e6b7300e0ce3): же
[16:27:28] ProCto_DS (d3139add-473e-468f-9582-8b46bb0e237c): пп как земляные осколки нужны
[16:27:34] galaxy3231 (d4f7a5f3-2cd4-40bf-b49f-e6b7300e0ce3): +
[17:45:29] galaxy3231 (d4f7a5f3-2cd4-40bf-b49f-e6b7300e0ce3): Так стоп это же часы из project E
[17:45:50] galaxy3231 (d4f7a5f3-2cd4-40bf-b49f-e6b7300e0ce3): Не угадал а узнал\
[17:45:56] galaxy3231 (d4f7a5f3-2cd4-40bf-b49f-e6b7300e0ce3): Я просто чекнул шо за часы
[17:46:00] galaxy3231 (d4f7a5f3-2cd4-40bf-b49f-e6b7300e0ce3): И увидел их
[17:46:03] galaxy3231 (d4f7a5f3-2cd4-40bf-b49f-e6b7300e0ce3): Да вижу
