[07:05:57] ProCto_DS (d3139add-473e-468f-9582-8b46bb0e237c): qq
[07:06:01] ProCto_DS (d3139add-473e-468f-9582-8b46bb0e237c): болка зайдёт?
[07:06:06] ProCto_DS (d3139add-473e-468f-9582-8b46bb0e237c): да
[07:25:40] ProCto_DS (d3139add-473e-468f-9582-8b46bb0e237c): Показать красивую базу
[07:25:43] ProCto_DS (d3139add-473e-468f-9582-8b46bb0e237c): я сам в ахуе)
[07:25:50] Nergaloff (88da800e-1614-4c65-ace8-c18f7e99e914): не спасибо
[07:25:57] ProCto_DS (d3139add-473e-468f-9582-8b46bb0e237c): Найдётся тропик дерево
[07:26:02] Nergaloff (88da800e-1614-4c65-ace8-c18f7e99e914): щас гляну
[07:26:12] Nergaloff (88da800e-1614-4c65-ace8-c18f7e99e914): нет
[07:26:16] ProCto_DS (d3139add-473e-468f-9582-8b46bb0e237c): Листва?
[07:26:22] Nergaloff (88da800e-1614-4c65-ace8-c18f7e99e914): ничего не
[07:26:27] Nergaloff (88da800e-1614-4c65-ace8-c18f7e99e914): через ману можешь саженец сделать
[07:26:30] ProCto_DS (d3139add-473e-468f-9582-8b46bb0e237c): А почему мультиблок не юзаешь
[07:26:36] Nergaloff (88da800e-1614-4c65-ace8-c18f7e99e914): лень делать
[07:26:36] ProCto_DS (d3139add-473e-468f-9582-8b46bb0e237c): Чтоб свет создавать
[07:26:45] Nergaloff (88da800e-1614-4c65-ace8-c18f7e99e914): надо бы
[07:27:12] ProCto_DS (d3139add-473e-468f-9582-8b46bb0e237c): Пойду ботанию проходить, кстатит совет по поводу фермы мобов не был лишний
[07:27:18] Nergaloff (88da800e-1614-4c65-ace8-c18f7e99e914): )
[07:27:26] ProCto_DS (d3139add-473e-468f-9582-8b46bb0e237c): Благодаря дауну мне
[07:27:30] ProCto_DS (d3139add-473e-468f-9582-8b46bb0e237c): Моя ферма работает
[07:27:33] ProCto_DS (d3139add-473e-468f-9582-8b46bb0e237c): Не на всю силу
[07:27:58] ProCto_DS (d3139add-473e-468f-9582-8b46bb0e237c): В ихор поножах есть такая способка которая в тёмных местах ставит свет, который неким хуем нельзя потом убрать
[07:28:06] ProCto_DS (d3139add-473e-468f-9582-8b46bb0e237c): Моя ферма освещена с помощью штанов
[07:28:12] Nergaloff (88da800e-1614-4c65-ace8-c18f7e99e914): понимаю, такая же хуйня была, только с талантом из астрала
[07:28:12] ProCto_DS (d3139add-473e-468f-9582-8b46bb0e237c): Хз как убрать оттудава свет
[07:28:34] ProCto_DS (d3139add-473e-468f-9582-8b46bb0e237c): так я ща
[07:36:49] ProCto_DS (d3139add-473e-468f-9582-8b46bb0e237c): У те есть арена гайи?
[07:36:53] Nergaloff (88da800e-1614-4c65-ace8-c18f7e99e914): да
[07:37:07] ProCto_DS (d3139add-473e-468f-9582-8b46bb0e237c): Можешь добавить приват, мне дух гайи нужны
[07:37:14] ProCto_DS (d3139add-473e-468f-9582-8b46bb0e237c): я за свои слитки бы призвал
[07:37:27] Nergaloff (88da800e-1614-4c65-ace8-c18f7e99e914): ща
[07:37:37] Nergaloff (88da800e-1614-4c65-ace8-c18f7e99e914): все
[07:38:53] ProCto_DS (d3139add-473e-468f-9582-8b46bb0e237c): хмм
[07:39:00] ProCto_DS (d3139add-473e-468f-9582-8b46bb0e237c): Может гайи 2 уровня)
[07:42:26] ProCto_DS (d3139add-473e-468f-9582-8b46bb0e237c): На
[07:42:38] ProCto_DS (d3139add-473e-468f-9582-8b46bb0e237c): Чтоб было честно
[07:42:41] Nergaloff (88da800e-1614-4c65-ace8-c18f7e99e914): )
[07:42:51] ProCto_DS (d3139add-473e-468f-9582-8b46bb0e237c): спасибо)
[07:42:55] Nergaloff (88da800e-1614-4c65-ace8-c18f7e99e914): нз
[07:48:39] ProCto_DS (d3139add-473e-468f-9582-8b46bb0e237c): хмм
[07:48:45] ProCto_DS (d3139add-473e-468f-9582-8b46bb0e237c): У те этих зелёных чубриков нету
[07:48:51] ProCto_DS (d3139add-473e-468f-9582-8b46bb0e237c): С которых земл осколки падают
[07:48:55] Nergaloff (88da800e-1614-4c65-ace8-c18f7e99e914): нет
[07:55:40] ProCto_DS (d3139add-473e-468f-9582-8b46bb0e237c): И как он робит?
[08:02:17] ProCto_DS (d3139add-473e-468f-9582-8b46bb0e237c): За что земляные осколки продашь?
[08:02:28] Nergaloff (88da800e-1614-4c65-ace8-c18f7e99e914): я их не собирал
[08:03:31] ProCto_DS (d3139add-473e-468f-9582-8b46bb0e237c): Я кажется понял как сервак нагрузить
[08:07:58] ProCto_DS (d3139add-473e-468f-9582-8b46bb0e237c): а
[08:14:13] [CAPS] ProCto_DS (d3139add-473e-468f-9582-8b46bb0e237c): просто
[08:14:15] [CAPS] ProCto_DS (d3139add-473e-468f-9582-8b46bb0e237c): ахуенн
[08:19:54] Stxywxthme (6ce0cde9-8c92-4c66-96ad-6bffb9dfc01b): чем ты вызываешь молнии
[08:22:20] ProCto_DS (d3139add-473e-468f-9582-8b46bb0e237c): ой
[08:35:00] Stxywxthme (6ce0cde9-8c92-4c66-96ad-6bffb9dfc01b): кому нужно 50к костной муки?
[09:29:36] Nergaloff (88da800e-1614-4c65-ace8-c18f7e99e914): блять а почему у меня все пчелы в промышленных пасеках стали обычными
[09:30:42] Stxywxthme (6ce0cde9-8c92-4c66-96ad-6bffb9dfc01b): хз
[09:30:55] Nergaloff (88da800e-1614-4c65-ace8-c18f7e99e914): сука какое же уебанство
[09:31:04] Stxywxthme (6ce0cde9-8c92-4c66-96ad-6bffb9dfc01b): ща дам новые
[09:33:14] Stxywxthme (6ce0cde9-8c92-4c66-96ad-6bffb9dfc01b): вот
[09:33:19] Stxywxthme (6ce0cde9-8c92-4c66-96ad-6bffb9dfc01b): новые
[09:33:31] Nergaloff (88da800e-1614-4c65-ace8-c18f7e99e914): спасибо огромное
[09:33:35] Nergaloff (88da800e-1614-4c65-ace8-c18f7e99e914): может там какое-то улучшение нужно
[09:33:40] Nergaloff (88da800e-1614-4c65-ace8-c18f7e99e914): чтоб не деградировали
[09:33:41] Stxywxthme (6ce0cde9-8c92-4c66-96ad-6bffb9dfc01b): они все без эффектов
[09:33:50] Stxywxthme (6ce0cde9-8c92-4c66-96ad-6bffb9dfc01b): улучшение автоматизация
[09:34:15] Nergaloff (88da800e-1614-4c65-ace8-c18f7e99e914): у меня стоит свет, производство, автмоатизация
[09:34:21] Nergaloff (88da800e-1614-4c65-ace8-c18f7e99e914): и прод жизни
[09:34:29] Stxywxthme (6ce0cde9-8c92-4c66-96ad-6bffb9dfc01b): норм
[09:34:29] Nergaloff (88da800e-1614-4c65-ace8-c18f7e99e914): зашел, а там одни луговые, снежные
[09:34:31] Nergaloff (88da800e-1614-4c65-ace8-c18f7e99e914): тропические
[09:34:32] Nergaloff (88da800e-1614-4c65-ace8-c18f7e99e914): и пизда
[09:34:36] Stxywxthme (6ce0cde9-8c92-4c66-96ad-6bffb9dfc01b): хахахах
[09:34:43] Nergaloff (88da800e-1614-4c65-ace8-c18f7e99e914): что ж так не прёт
[09:35:37] Stxywxthme (6ce0cde9-8c92-4c66-96ad-6bffb9dfc01b): тут есть шаблонные интерфейсы
[09:35:46] Nergaloff (88da800e-1614-4c65-ace8-c18f7e99e914): да я только сегодня увидел
[09:37:48] Stxywxthme (6ce0cde9-8c92-4c66-96ad-6bffb9dfc01b): я тут курочек делаю
[09:37:59] Nergaloff (88da800e-1614-4c65-ace8-c18f7e99e914): и как?
[09:38:06] Nergaloff (88da800e-1614-4c65-ace8-c18f7e99e914): о прикол
[09:38:09] Nergaloff (88da800e-1614-4c65-ace8-c18f7e99e914): спасибо
[09:39:20] Nergaloff (88da800e-1614-4c65-ace8-c18f7e99e914): боюсь теперь пчел засовывать в пасеки ахаха
[09:40:27] Stxywxthme (6ce0cde9-8c92-4c66-96ad-6bffb9dfc01b): интересно
[09:54:54] Nergaloff (88da800e-1614-4c65-ace8-c18f7e99e914): q
[09:55:15] Nergaloff (88da800e-1614-4c65-ace8-c18f7e99e914): не припомню
[10:08:07] Apt_bolka (99791d25-cc6a-40d5-9fab-db8d91e26277): афигеть пинг 0
[10:08:10] Apt_bolka (99791d25-cc6a-40d5-9fab-db8d91e26277): а всё
[10:08:13] Apt_bolka (99791d25-cc6a-40d5-9fab-db8d91e26277): 3к
[10:09:38] Apt_bolka (99791d25-cc6a-40d5-9fab-db8d91e26277): ммм инет мой имба
[10:12:05] Apt_bolka (99791d25-cc6a-40d5-9fab-db8d91e26277): блять 5к пинг
[10:13:04] Stxywxthme (6ce0cde9-8c92-4c66-96ad-6bffb9dfc01b): 6r
[10:13:08] Stxywxthme (6ce0cde9-8c92-4c66-96ad-6bffb9dfc01b): 6к пинга
[10:13:40] Stxywxthme (6ce0cde9-8c92-4c66-96ad-6bffb9dfc01b): обе ливнули
[10:14:39] Stxywxthme (6ce0cde9-8c92-4c66-96ad-6bffb9dfc01b): алмазная курица 10 10 10
[10:15:03] Stxywxthme (6ce0cde9-8c92-4c66-96ad-6bffb9dfc01b): скоро до пробуд дк доберусь
[10:18:11] Stxywxthme (6ce0cde9-8c92-4c66-96ad-6bffb9dfc01b): ?
[10:20:29] gluck97 (6e22b281-f6f7-4195-adf6-e456b6680156): вроде помогло
[10:28:35] Stxywxthme (6ce0cde9-8c92-4c66-96ad-6bffb9dfc01b): а можно ли сделать так чтобы свет в алтаре был полным не смотря на день
[10:28:57] Nergaloff (88da800e-1614-4c65-ace8-c18f7e99e914): да, небесныс сборным кристаллом
[10:29:24] Nergaloff (88da800e-1614-4c65-ace8-c18f7e99e914): в книге глава "созвездие" улучшение сборного кристалла
[10:29:31] Stxywxthme (6ce0cde9-8c92-4c66-96ad-6bffb9dfc01b): изи делается
[10:29:44] Nergaloff (88da800e-1614-4c65-ace8-c18f7e99e914): делаешь сам кристалл, структуру для него, привязываешь на алтарь и всё
[10:31:20] gluck97 (6e22b281-f6f7-4195-adf6-e456b6680156): кто может заполнить блок ледяного криотеума?
[10:36:39] Apt_bolka (99791d25-cc6a-40d5-9fab-db8d91e26277): вроде рестартнул Роутер
[10:36:54] Apt_bolka (99791d25-cc6a-40d5-9fab-db8d91e26277): ммм 4к пинга
[10:38:31] Apt_bolka (99791d25-cc6a-40d5-9fab-db8d91e26277): сука я ненавижу интернет
[10:38:39] Apt_bolka (99791d25-cc6a-40d5-9fab-db8d91e26277): Почему 4к пинга
[10:38:49] Stxywxthme (6ce0cde9-8c92-4c66-96ad-6bffb9dfc01b): напиши /ping
[10:39:04] Nergaloff (88da800e-1614-4c65-ace8-c18f7e99e914): время в бутылке пропало куда-то
[10:39:06] Nergaloff (88da800e-1614-4c65-ace8-c18f7e99e914): по кайфу
[10:39:07] Apt_bolka (99791d25-cc6a-40d5-9fab-db8d91e26277): Это чем поможет?
[10:39:20] Stxywxthme (6ce0cde9-8c92-4c66-96ad-6bffb9dfc01b): пинг в табе может обманывать
[10:39:47] Apt_bolka (99791d25-cc6a-40d5-9fab-db8d91e26277): чем он обманывает если я сам вижу что у меня чат логает
[10:40:31] Stxywxthme (6ce0cde9-8c92-4c66-96ad-6bffb9dfc01b): кстати зачем тебе ихор
[10:41:24] Apt_bolka (99791d25-cc6a-40d5-9fab-db8d91e26277): кирку из тинкера хочу сделать
[10:41:29] Stxywxthme (6ce0cde9-8c92-4c66-96ad-6bffb9dfc01b): норм
[10:41:59] Apt_bolka (99791d25-cc6a-40d5-9fab-db8d91e26277): сука бесил
[10:41:59] Apt_bolka (99791d25-cc6a-40d5-9fab-db8d91e26277): Ебанный пинг
[10:57:03] Nergaloff (88da800e-1614-4c65-ace8-c18f7e99e914): что значит для экстатической пчелы цветок "редстоун"
[10:57:06] Nergaloff (88da800e-1614-4c65-ace8-c18f7e99e914): че ей нужно
[11:00:25] gluck97 (6e22b281-f6f7-4195-adf6-e456b6680156): руду не пробывал ставить?
[11:00:47] Nergaloff (88da800e-1614-4c65-ace8-c18f7e99e914): там красный факел нужен, просто пасека забаговалась и не видила его
[11:00:49] Nergaloff (88da800e-1614-4c65-ace8-c18f7e99e914): переставил и норм
[11:01:02] gluck97 (6e22b281-f6f7-4195-adf6-e456b6680156): понятно
[17:09:32] Stxywxthme (6ce0cde9-8c92-4c66-96ad-6bffb9dfc01b): так
[17:09:34] Stxywxthme (6ce0cde9-8c92-4c66-96ad-6bffb9dfc01b): имба
[17:10:38] Stxywxthme (6ce0cde9-8c92-4c66-96ad-6bffb9dfc01b): да
[17:11:42] Stxywxthme (6ce0cde9-8c92-4c66-96ad-6bffb9dfc01b): так
[17:11:52] Stxywxthme (6ce0cde9-8c92-4c66-96ad-6bffb9dfc01b): Как связять небесный кристалл
[17:12:15] Stxywxthme (6ce0cde9-8c92-4c66-96ad-6bffb9dfc01b): нашел
[17:13:24] Stxywxthme (6ce0cde9-8c92-4c66-96ad-6bffb9dfc01b): норм
[17:13:27] Stxywxthme (6ce0cde9-8c92-4c66-96ad-6bffb9dfc01b): фулл свет
[18:05:33] Stxywxthme (6ce0cde9-8c92-4c66-96ad-6bffb9dfc01b): как же долго делаются эти эндерперловые курицы
[18:08:35] Stxywxthme (6ce0cde9-8c92-4c66-96ad-6bffb9dfc01b): мифриловые электросхемы в крафте спектральной брони- понятно
[18:08:46] Stxywxthme (6ce0cde9-8c92-4c66-96ad-6bffb9dfc01b): *адамантитовые
[18:34:54] Stxywxthme (6ce0cde9-8c92-4c66-96ad-6bffb9dfc01b): оловянная курица с медной
[18:36:49] Nergaloff (88da800e-1614-4c65-ace8-c18f7e99e914): круть
[18:37:06] Stxywxthme (6ce0cde9-8c92-4c66-96ad-6bffb9dfc01b): еще и цинковые в качестве побочки
[18:41:39] Stxywxthme (6ce0cde9-8c92-4c66-96ad-6bffb9dfc01b): жесть мне курочки дерева сделали
[18:41:51] Stxywxthme (6ce0cde9-8c92-4c66-96ad-6bffb9dfc01b): 90к
[18:42:22] Stxywxthme (6ce0cde9-8c92-4c66-96ad-6bffb9dfc01b): куда мне 100к песка девать
[18:42:34] Nergaloff (88da800e-1614-4c65-ace8-c18f7e99e914): стекла много нужно в процессе сборки
[18:42:36] Nergaloff (88da800e-1614-4c65-ace8-c18f7e99e914): лишним не будет
[18:46:04] Stxywxthme (6ce0cde9-8c92-4c66-96ad-6bffb9dfc01b): кстати пчелки не деградидоровали?
[18:46:15] Nergaloff (88da800e-1614-4c65-ace8-c18f7e99e914): нет, сейчас все нормально
[18:51:05] Stxywxthme (6ce0cde9-8c92-4c66-96ad-6bffb9dfc01b): для этого есть онлайн калькуляторы
[18:51:29] Stxywxthme (6ce0cde9-8c92-4c66-96ad-6bffb9dfc01b): big reactor simulator
[18:51:33] Nergaloff (88da800e-1614-4c65-ace8-c18f7e99e914): extreme reactors online calculation
[18:51:37] Nergaloff (88da800e-1614-4c65-ace8-c18f7e99e914): гугли
[18:51:41] Nergaloff (88da800e-1614-4c65-ace8-c18f7e99e914): или так
[19:07:56] Nergaloff (88da800e-1614-4c65-ace8-c18f7e99e914): у тебя пчелы производят ядовитый мёд?
[19:08:05] Nergaloff (88da800e-1614-4c65-ace8-c18f7e99e914): соты*
[19:08:08] Stxywxthme (6ce0cde9-8c92-4c66-96ad-6bffb9dfc01b): да
[19:08:13] Nergaloff (88da800e-1614-4c65-ace8-c18f7e99e914): почему-то у меня их нет, хотя все остальные есть
[19:08:36] Stxywxthme (6ce0cde9-8c92-4c66-96ad-6bffb9dfc01b): а да
[19:08:49] Stxywxthme (6ce0cde9-8c92-4c66-96ad-6bffb9dfc01b): для вирулентой матки нужны особые условия
[19:09:00] Stxywxthme (6ce0cde9-8c92-4c66-96ad-6bffb9dfc01b): 2 нагревание
[19:09:09] Stxywxthme (6ce0cde9-8c92-4c66-96ad-6bffb9dfc01b): 2 увлажнение
[19:09:12] Nergaloff (88da800e-1614-4c65-ace8-c18f7e99e914): а, у меня 1 нагревание
[19:09:16] Nergaloff (88da800e-1614-4c65-ace8-c18f7e99e914): спасибо
