[06:07:50] ProCto_DS (d3139add-473e-468f-9582-8b46bb0e237c): Повер, жаба, ктот будет помогать?)
[06:51:00] ProCto_DS (d3139add-473e-468f-9582-8b46bb0e237c): ку
[06:51:21] ProCto_DS (d3139add-473e-468f-9582-8b46bb0e237c): Подскажешь какой генератор начальный делать?
[06:53:11] ProCto_DS (d3139add-473e-468f-9582-8b46bb0e237c): Заходить не будешь?
[06:56:18] ProCto_DS (d3139add-473e-468f-9582-8b46bb0e237c): А жаба?
[07:00:37] ProCto_DS (d3139add-473e-468f-9582-8b46bb0e237c): как ты первую энергию получал?
[07:04:39] ProCto_DS (d3139add-473e-468f-9582-8b46bb0e237c): Чё делать то...
[07:05:49] ProCto_DS (d3139add-473e-468f-9582-8b46bb0e237c): былоб хорошо еслиб Nergaloff зашел, у него купил сплавы
[07:05:52] ProCto_DS (d3139add-473e-468f-9582-8b46bb0e237c): а когда придёшь?
[07:06:19] ProCto_DS (d3139add-473e-468f-9582-8b46bb0e237c): 13-14?
[07:06:27] ProCto_DS (d3139add-473e-468f-9582-8b46bb0e237c): 13:00-14:00?
[07:06:37] ProCto_DS (d3139add-473e-468f-9582-8b46bb0e237c): Я в это время не буду...
[07:06:46] ProCto_DS (d3139add-473e-468f-9582-8b46bb0e237c): [v
[07:06:48] ProCto_DS (d3139add-473e-468f-9582-8b46bb0e237c): хм
[07:06:57] ProCto_DS (d3139add-473e-468f-9582-8b46bb0e237c): У теж есть тп на мой дом?
[07:07:24] ProCto_DS (d3139add-473e-468f-9582-8b46bb0e237c): 2-стака драк слитков пойдёт?
[07:07:58] ProCto_DS (d3139add-473e-468f-9582-8b46bb0e237c): +
[07:09:29] ProCto_DS (d3139add-473e-468f-9582-8b46bb0e237c): зач?
[07:10:24] ProCto_DS (d3139add-473e-468f-9582-8b46bb0e237c): измельчитель мб?
[07:10:28] ProCto_DS (d3139add-473e-468f-9582-8b46bb0e237c): Ты имел виду
[07:10:47] ProCto_DS (d3139add-473e-468f-9582-8b46bb0e237c): из термала
[07:11:37] ProCto_DS (d3139add-473e-468f-9582-8b46bb0e237c): Ладно, Расп жидкостей и измельчитель, по ресам не ударит сильна)
[07:13:44] ProCto_DS (d3139add-473e-468f-9582-8b46bb0e237c): Зач)
[07:13:49] ProCto_DS (d3139add-473e-468f-9582-8b46bb0e237c): Просто тп ко мне на базу
[07:14:02] ProCto_DS (d3139add-473e-468f-9582-8b46bb0e237c): Под обсой мехи
[07:14:55] ProCto_DS (d3139add-473e-468f-9582-8b46bb0e237c): стопэ
[07:15:03] ProCto_DS (d3139add-473e-468f-9582-8b46bb0e237c): сделка отменяется...
[07:15:10] ProCto_DS (d3139add-473e-468f-9582-8b46bb0e237c): Я нашёл этот металл
[07:15:15] ProCto_DS (d3139add-473e-468f-9582-8b46bb0e237c): Валуриум
[07:15:19] ProCto_DS (d3139add-473e-468f-9582-8b46bb0e237c): Он для пар гена нужен
[07:15:27] ProCto_DS (d3139add-473e-468f-9582-8b46bb0e237c): я могу сделать ген
[07:15:30] ProCto_DS (d3139add-473e-468f-9582-8b46bb0e237c): прости повер(
[07:15:39] ProCto_DS (d3139add-473e-468f-9582-8b46bb0e237c): сам в ахуе)
[07:15:59] ProCto_DS (d3139add-473e-468f-9582-8b46bb0e237c): Если когда-нибудь вместе будет на серваке посмотрим)
[07:16:05] ProCto_DS (d3139add-473e-468f-9582-8b46bb0e237c): а пока, отложим на лучшие времена)
[07:16:47] ProCto_DS (d3139add-473e-468f-9582-8b46bb0e237c): Оки
[07:17:47] ProCto_DS (d3139add-473e-468f-9582-8b46bb0e237c): ?
[07:17:56] ProCto_DS (d3139add-473e-468f-9582-8b46bb0e237c): Ты кейсы крутишь?
[07:18:56] ProCto_DS (d3139add-473e-468f-9582-8b46bb0e237c): Оки
[07:19:28] ProCto_DS (d3139add-473e-468f-9582-8b46bb0e237c): 1 слиток нада найти и се)
[07:20:04] ProCto_DS (d3139add-473e-468f-9582-8b46bb0e237c): ем
[07:20:09] ProCto_DS (d3139add-473e-468f-9582-8b46bb0e237c): Древние обломки
[07:21:09] ProCto_DS (d3139add-473e-468f-9582-8b46bb0e237c): Это руда настолька редкая...
[07:21:14] ProCto_DS (d3139add-473e-468f-9582-8b46bb0e237c): 0,1
[07:21:17] ProCto_DS (d3139add-473e-468f-9582-8b46bb0e237c): Шанс
[07:22:06] ProCto_DS (d3139add-473e-468f-9582-8b46bb0e237c): НАШЁЛ
[07:22:26] ProCto_DS (d3139add-473e-468f-9582-8b46bb0e237c): Я добыть не могу
[07:22:27] ProCto_DS (d3139add-473e-468f-9582-8b46bb0e237c): ....
[07:22:48] ProCto_DS (d3139add-473e-468f-9582-8b46bb0e237c): повер, пингани жабу
[07:22:53] ProCto_DS (d3139add-473e-468f-9582-8b46bb0e237c): Когда зайдёт)
[07:22:58] ProCto_DS (d3139add-473e-468f-9582-8b46bb0e237c): Не салу
[07:23:03] ProCto_DS (d3139add-473e-468f-9582-8b46bb0e237c): А Nergaloff
[07:26:36] ProCto_DS (d3139add-473e-468f-9582-8b46bb0e237c): Чёт на сайт зашёл, не вижу кейсов)
[07:29:10] ProCto_DS (d3139add-473e-468f-9582-8b46bb0e237c): повер
[08:06:09] ProCto_DS (d3139add-473e-468f-9582-8b46bb0e237c): повер
[08:28:41] ProCto_DS (d3139add-473e-468f-9582-8b46bb0e237c): ааааа
[09:25:01] ProCto_DS (d3139add-473e-468f-9582-8b46bb0e237c): повер
[09:27:34] ProCto_DS (d3139add-473e-468f-9582-8b46bb0e237c): Ничаго, если на то пошло
[09:28:36] ProCto_DS (d3139add-473e-468f-9582-8b46bb0e237c): валуриум какой киркой добывать?(
[09:29:34] ProCto_DS (d3139add-473e-468f-9582-8b46bb0e237c): бляяяяяяяяяя
[09:29:38] ProCto_DS (d3139add-473e-468f-9582-8b46bb0e237c): Тупые сплавы
[09:30:10] ProCto_DS (d3139add-473e-468f-9582-8b46bb0e237c): Вибраниум пп редкий
[09:30:38] ProCto_DS (d3139add-473e-468f-9582-8b46bb0e237c): ?
[09:30:53] ProCto_DS (d3139add-473e-468f-9582-8b46bb0e237c): ок
[09:31:07] ProCto_DS (d3139add-473e-468f-9582-8b46bb0e237c): бляя
[09:31:11] ProCto_DS (d3139add-473e-468f-9582-8b46bb0e237c): просто нужен был ген
[09:31:14] ProCto_DS (d3139add-473e-468f-9582-8b46bb0e237c): а тут бл сплавы
[09:31:32] ProCto_DS (d3139add-473e-468f-9582-8b46bb0e237c): Ген
[09:31:36] ProCto_DS (d3139add-473e-468f-9582-8b46bb0e237c): Хочу сам сделать
[09:31:51] ProCto_DS (d3139add-473e-468f-9582-8b46bb0e237c): Валуриум
[09:32:07] ProCto_DS (d3139add-473e-468f-9582-8b46bb0e237c): У вме ток паровой ген или магмовый
[09:32:28] ProCto_DS (d3139add-473e-468f-9582-8b46bb0e237c): Валуриум?
[09:32:51] ProCto_DS (d3139add-473e-468f-9582-8b46bb0e237c): в неи показано что ток в незере
[09:32:55] ProCto_DS (d3139add-473e-468f-9582-8b46bb0e237c): я его находил
[09:33:01] ProCto_DS (d3139add-473e-468f-9582-8b46bb0e237c): Блять не ебу какой кирко
[09:33:09] ProCto_DS (d3139add-473e-468f-9582-8b46bb0e237c): Какой киркой ваще добыть его
[09:34:09] ProCto_DS (d3139add-473e-468f-9582-8b46bb0e237c): =
[09:34:11] ProCto_DS (d3139add-473e-468f-9582-8b46bb0e237c): +
[09:34:14] [CAPS] ProCto_DS (d3139add-473e-468f-9582-8b46bb0e237c): стопэ нахуй
[09:34:24] ProCto_DS (d3139add-473e-468f-9582-8b46bb0e237c): я забыл что есть призрачные катушки
[09:34:28] ProCto_DS (d3139add-473e-468f-9582-8b46bb0e237c): Как плазму добыть...
[09:34:55] ProCto_DS (d3139add-473e-468f-9582-8b46bb0e237c): Ема, причем эти катушки нехило так дают
[09:35:02] ProCto_DS (d3139add-473e-468f-9582-8b46bb0e237c): Какой магией
[09:35:18] ProCto_DS (d3139add-473e-468f-9582-8b46bb0e237c): Ну на блок ставишь и всё)
[09:35:28] ProCto_DS (d3139add-473e-468f-9582-8b46bb0e237c): Какой магией?
[09:36:20] ProCto_DS (d3139add-473e-468f-9582-8b46bb0e237c): хмм
[09:36:32] ProCto_DS (d3139add-473e-468f-9582-8b46bb0e237c): Эта душа, вот эта синяя херня с моба?
[09:36:35] ProCto_DS (d3139add-473e-468f-9582-8b46bb0e237c): даж?
[09:36:58] ProCto_DS (d3139add-473e-468f-9582-8b46bb0e237c): Чё за китайский...
[09:37:52] ProCto_DS (d3139add-473e-468f-9582-8b46bb0e237c): А блять какой материал даёт уровень валируума
[09:37:58] ProCto_DS (d3139add-473e-468f-9582-8b46bb0e237c): как всё запутано
[09:38:17] ProCto_DS (d3139add-473e-468f-9582-8b46bb0e237c): ебать нашёл...
[09:38:31] [CAPS] ProCto_DS (d3139add-473e-468f-9582-8b46bb0e237c): ебать я далбаёб
[09:38:42] ProCto_DS (d3139add-473e-468f-9582-8b46bb0e237c): а нет
[09:38:45] ProCto_DS (d3139add-473e-468f-9582-8b46bb0e237c): не я
[09:39:16] ProCto_DS (d3139add-473e-468f-9582-8b46bb0e237c): Кирка из уру металла, или кирка и нуклеум металла
[09:39:22] ProCto_DS (d3139add-473e-468f-9582-8b46bb0e237c): Ебать...
[09:49:47] ProCto_DS (d3139add-473e-468f-9582-8b46bb0e237c): да
[09:49:57] ProCto_DS (d3139add-473e-468f-9582-8b46bb0e237c): зайдёшь?
[09:50:19] ProCto_DS (d3139add-473e-468f-9582-8b46bb0e237c): ГЕН)
[09:59:12] ProCto_DS (d3139add-473e-468f-9582-8b46bb0e237c): найс
[09:59:20] Nergaloff (88da800e-1614-4c65-ace8-c18f7e99e914): тп
[09:59:23] ProCto_DS (d3139add-473e-468f-9582-8b46bb0e237c): ща
[10:04:06] Nergaloff (88da800e-1614-4c65-ace8-c18f7e99e914): хз мне норм
[10:04:08] ProCto_DS (d3139add-473e-468f-9582-8b46bb0e237c): всё
[10:04:20] ProCto_DS (d3139add-473e-468f-9582-8b46bb0e237c): Шо за конд
[10:04:52] ProCto_DS (d3139add-473e-468f-9582-8b46bb0e237c): магмовый ген сможешь продать?
[10:05:18] ProCto_DS (d3139add-473e-468f-9582-8b46bb0e237c): 2 магма гена сможешь продать?
[10:05:34] ProCto_DS (d3139add-473e-468f-9582-8b46bb0e237c): а ты кинул
[10:05:37] Nergaloff (88da800e-1614-4c65-ace8-c18f7e99e914): я тебе скинул нормальный начальный генератор
[10:06:36] ProCto_DS (d3139add-473e-468f-9582-8b46bb0e237c): cgc
[10:11:31] ProCto_DS (d3139add-473e-468f-9582-8b46bb0e237c): Найс, все время в пустую
[10:11:37] ProCto_DS (d3139add-473e-468f-9582-8b46bb0e237c): спасибо сплавам)
[17:45:27] VladDoor (f83aa885-2487-4295-b366-193cd21d8701): дарова
[17:56:28] VladDoor (f83aa885-2487-4295-b366-193cd21d8701): та я рот ебал
[17:57:55] VladDoor (f83aa885-2487-4295-b366-193cd21d8701): щас попробую по юзб
[17:57:58] VladDoor (f83aa885-2487-4295-b366-193cd21d8701): конектин
[17:58:08] VladDoor (f83aa885-2487-4295-b366-193cd21d8701): от телефона
[17:58:51] VladDoor (f83aa885-2487-4295-b366-193cd21d8701): щас косарь пинг
[17:58:57] VladDoor (f83aa885-2487-4295-b366-193cd21d8701): скок будет щас напишу
[18:01:30] [CAPS] VladDoor (f83aa885-2487-4295-b366-193cd21d8701): хахахаха
[18:01:37] VladDoor (f83aa885-2487-4295-b366-193cd21d8701): АХАхахАХХАХХаХхаХА
[18:01:40] VladDoor (f83aa885-2487-4295-b366-193cd21d8701): 5-
[18:01:42] VladDoor (f83aa885-2487-4295-b366-193cd21d8701): 50
[18:02:07] VladDoor (f83aa885-2487-4295-b366-193cd21d8701): лол
[18:03:17] VladDoor (f83aa885-2487-4295-b366-193cd21d8701): аптечка когда фикс что алтари не падают если буром ломать?
[18:30:01] VladDoor (f83aa885-2487-4295-b366-193cd21d8701): s
[19:02:44] VladDoor (f83aa885-2487-4295-b366-193cd21d8701): сколько тиков или просто минут переделывается аквамарин в самоцвет?
[19:02:55] VladDoor (f83aa885-2487-4295-b366-193cd21d8701): и как это ускорить
[19:05:09] VladDoor (f83aa885-2487-4295-b366-193cd21d8701): еба
[19:05:11] VladDoor (f83aa885-2487-4295-b366-193cd21d8701): точняк
[19:05:28] VladDoor (f83aa885-2487-4295-b366-193cd21d8701): у меня он уже пару мин хуярит
[19:05:31] VladDoor (f83aa885-2487-4295-b366-193cd21d8701): ваще похуй
[19:06:06] VladDoor (f83aa885-2487-4295-b366-193cd21d8701): он ток ночью работает?
[19:06:51] VladDoor (f83aa885-2487-4295-b366-193cd21d8701): 20 минут на него поставил
[19:06:55] VladDoor (f83aa885-2487-4295-b366-193cd21d8701): вще похуй ему
[19:07:33] VladDoor (f83aa885-2487-4295-b366-193cd21d8701): его чем то питать над?
[19:08:09] VladDoor (f83aa885-2487-4295-b366-193cd21d8701): нет
[19:08:13] VladDoor (f83aa885-2487-4295-b366-193cd21d8701): разливщик звездного света
[19:08:33] VladDoor (f83aa885-2487-4295-b366-193cd21d8701): что алтарь
[19:10:14] VladDoor (f83aa885-2487-4295-b366-193cd21d8701): xD
[19:12:23] VladDoor (f83aa885-2487-4295-b366-193cd21d8701): со всех сторон это из 4 или из 6?
[19:14:37] VladDoor (f83aa885-2487-4295-b366-193cd21d8701): ?
[19:15:05] VladDoor (f83aa885-2487-4295-b366-193cd21d8701): иче там
[19:15:32] VladDoor (f83aa885-2487-4295-b366-193cd21d8701): чем питается
[19:15:56] VladDoor (f83aa885-2487-4295-b366-193cd21d8701): у меня уже вот скок крутится
[19:16:03] VladDoor (f83aa885-2487-4295-b366-193cd21d8701): блять
[19:16:10] VladDoor (f83aa885-2487-4295-b366-193cd21d8701): я не нашел в книг
[19:16:15] VladDoor (f83aa885-2487-4295-b366-193cd21d8701): его мультиблок
[19:16:30] VladDoor (f83aa885-2487-4295-b366-193cd21d8701): да
[19:16:43] VladDoor (f83aa885-2487-4295-b366-193cd21d8701): какой
[19:17:04] VladDoor (f83aa885-2487-4295-b366-193cd21d8701): ну пкм тыкаю ничего
[19:17:24] VladDoor (f83aa885-2487-4295-b366-193cd21d8701): тож ничего
[19:23:14] VladDoor (f83aa885-2487-4295-b366-193cd21d8701): щас сделаю
[19:23:18] VladDoor (f83aa885-2487-4295-b366-193cd21d8701): щас
[19:23:33] VladDoor (f83aa885-2487-4295-b366-193cd21d8701): всм
[19:23:36] VladDoor (f83aa885-2487-4295-b366-193cd21d8701): всм
[19:24:26] VladDoor (f83aa885-2487-4295-b366-193cd21d8701): v
[19:24:28] VladDoor (f83aa885-2487-4295-b366-193cd21d8701): м
[19:24:36] VladDoor (f83aa885-2487-4295-b366-193cd21d8701): у меня показалось ток
[19:24:39] VladDoor (f83aa885-2487-4295-b366-193cd21d8701): у меня показалось ток
[19:24:49] VladDoor (f83aa885-2487-4295-b366-193cd21d8701): что над 12 ведер
[19:25:12] VladDoor (f83aa885-2487-4295-b366-193cd21d8701): Я тыкнул сектантом
[19:25:16] VladDoor (f83aa885-2487-4295-b366-193cd21d8701): а какой мультиблок
[19:25:17] VladDoor (f83aa885-2487-4295-b366-193cd21d8701): То?
[19:25:44] VladDoor (f83aa885-2487-4295-b366-193cd21d8701): у меня появились 12 ведер
[19:25:45] VladDoor (f83aa885-2487-4295-b366-193cd21d8701): и все
[19:25:50] VladDoor (f83aa885-2487-4295-b366-193cd21d8701): это весь мультиблок?
[19:26:19] VladDoor (f83aa885-2487-4295-b366-193cd21d8701): в какой
[19:26:22] VladDoor (f83aa885-2487-4295-b366-193cd21d8701): этом
[19:26:36] VladDoor (f83aa885-2487-4295-b366-193cd21d8701): нету
[19:27:27] VladDoor (f83aa885-2487-4295-b366-193cd21d8701): у меня в книге этой блядской нету астрального тома
[19:27:41] VladDoor (f83aa885-2487-4295-b366-193cd21d8701): По книге
[19:28:21] VladDoor (f83aa885-2487-4295-b366-193cd21d8701): так я че знал что это в созвездиях
[19:40:59] VladDoor (f83aa885-2487-4295-b366-193cd21d8701): :993224113965506630:
[20:02:27] VladDoor (f83aa885-2487-4295-b366-193cd21d8701): Че я ваще трогал этот мод
[20:02:31] VladDoor (f83aa885-2487-4295-b366-193cd21d8701): Астрал сорсери
[20:02:35] VladDoor (f83aa885-2487-4295-b366-193cd21d8701): вроде все заебись
[20:02:37] VladDoor (f83aa885-2487-4295-b366-193cd21d8701): пока что
[20:02:51] VladDoor (f83aa885-2487-4295-b366-193cd21d8701): а там дальше с кайфом буду строить многоблочные структуры
[20:02:58] VladDoor (f83aa885-2487-4295-b366-193cd21d8701): нужен мне оч ваш свет
[20:43:16] VladDoor (f83aa885-2487-4295-b366-193cd21d8701): пчелки то интересный мод
[21:14:10] VladDoor (f83aa885-2487-4295-b366-193cd21d8701): меч огненного черепа это сто проц дроп черепа?
[22:47:06] VladDoor (f83aa885-2487-4295-b366-193cd21d8701): я?
[22:47:11] VladDoor (f83aa885-2487-4295-b366-193cd21d8701): ну
[22:47:12] VladDoor (f83aa885-2487-4295-b366-193cd21d8701): мир
[22:47:14] VladDoor (f83aa885-2487-4295-b366-193cd21d8701): обычный
