[15:15:54] VladDoor (f83aa885-2487-4295-b366-193cd21d8701): а для чего нужен астрал соршери?
[15:16:24] VladDoor (f83aa885-2487-4295-b366-193cd21d8701): я в глаза долблюсь или он ни для чего не нужен?
[15:21:00] VladDoor (f83aa885-2487-4295-b366-193cd21d8701): для чего
[15:21:07] VladDoor (f83aa885-2487-4295-b366-193cd21d8701): ну вообщем для других модов
[15:21:09] VladDoor (f83aa885-2487-4295-b366-193cd21d8701): или чо?
[15:21:15] VladDoor (f83aa885-2487-4295-b366-193cd21d8701): какой предмет?
[15:21:23] VladDoor (f83aa885-2487-4295-b366-193cd21d8701): нужен оттуда
[15:21:37] VladDoor (f83aa885-2487-4295-b366-193cd21d8701): начало это по кудова
[15:22:57] VladDoor (f83aa885-2487-4295-b366-193cd21d8701): там ток горный кристал нужен
[15:23:16] VladDoor (f83aa885-2487-4295-b366-193cd21d8701): а вот это уже не обьязательно для меня
[15:23:24] VladDoor (f83aa885-2487-4295-b366-193cd21d8701): ну тут соглашусь
[15:23:34] VladDoor (f83aa885-2487-4295-b366-193cd21d8701): но я ебал его трогать ток для этого
[15:24:55] VladDoor (f83aa885-2487-4295-b366-193cd21d8701): больше не для чего?
[15:26:11] VladDoor (f83aa885-2487-4295-b366-193cd21d8701): а значит он точно не используется
[15:27:38] VladDoor (f83aa885-2487-4295-b366-193cd21d8701): а ну тогда габела
[15:56:57] VladDoor (f83aa885-2487-4295-b366-193cd21d8701): варп астрал закинул инвентарь дерева и все
[16:03:10] Nindly (3196f6ce-0e2b-41e1-8fe5-97e8a4e07927): home
[16:21:04] VladDoor (f83aa885-2487-4295-b366-193cd21d8701): У тебя нету иридия?
[16:21:10] VladDoor (f83aa885-2487-4295-b366-193cd21d8701): Шарикового
[16:21:19] Nindly (3196f6ce-0e2b-41e1-8fe5-97e8a4e07927): Хех, я бимж
[16:29:55] VladDoor (f83aa885-2487-4295-b366-193cd21d8701): наканецта автокрафт
[16:43:09] VladDoor (f83aa885-2487-4295-b366-193cd21d8701): бля ебаный пинг
[16:51:14] Nindly (3196f6ce-0e2b-41e1-8fe5-97e8a4e07927): Можно у тебя купить 1 эндер жемчуг ?
[16:52:02] Nindly (3196f6ce-0e2b-41e1-8fe5-97e8a4e07927): Он мне для этого и нужен, там нету моста до острова, но куча мобов
[16:52:08] Nindly (3196f6ce-0e2b-41e1-8fe5-97e8a4e07927): И ифрит который меня скинет
[16:53:00] Nindly (3196f6ce-0e2b-41e1-8fe5-97e8a4e07927): thx ;3
[16:54:34] VladDoor (f83aa885-2487-4295-b366-193cd21d8701): у меня стабильно 2к пинг
[16:54:45] VladDoor (f83aa885-2487-4295-b366-193cd21d8701): с кайофм
[17:22:58] VladDoor (f83aa885-2487-4295-b366-193cd21d8701): я ебу
[17:23:08] VladDoor (f83aa885-2487-4295-b366-193cd21d8701): точно не мне
[17:44:07] VladDoor (f83aa885-2487-4295-b366-193cd21d8701): в сборщике из лези
[17:45:53] VladDoor (f83aa885-2487-4295-b366-193cd21d8701): ток щас фото загрузилось заебись
[18:08:52] VladDoor (f83aa885-2487-4295-b366-193cd21d8701): нет
[18:09:14] VladDoor (f83aa885-2487-4295-b366-193cd21d8701): да
[18:09:17] VladDoor (f83aa885-2487-4295-b366-193cd21d8701): ну не кусок
[18:09:22] VladDoor (f83aa885-2487-4295-b366-193cd21d8701): а просто иридиевый шар
[18:09:50] VladDoor (f83aa885-2487-4295-b366-193cd21d8701): 9 кусочков над
[18:15:58] Nergaloff (88da800e-1614-4c65-ace8-c18f7e99e914): блять
[18:16:35] VladDoor (f83aa885-2487-4295-b366-193cd21d8701): щас сделаю
[18:16:36] Nergaloff (88da800e-1614-4c65-ace8-c18f7e99e914): еш
[18:16:38] VladDoor (f83aa885-2487-4295-b366-193cd21d8701): 50 штук
[18:16:40] VladDoor (f83aa885-2487-4295-b366-193cd21d8701): спс
[18:17:18] VladDoor (f83aa885-2487-4295-b366-193cd21d8701): еще один подарок дам
[18:17:23] VladDoor (f83aa885-2487-4295-b366-193cd21d8701): ну не один
[18:17:30] VladDoor (f83aa885-2487-4295-b366-193cd21d8701): Дохуя
[18:18:04] VladDoor (f83aa885-2487-4295-b366-193cd21d8701): горный кристал на какой высоте спавнится?
[18:18:24] Nergaloff (88da800e-1614-4c65-ace8-c18f7e99e914): вроде 1-3
[18:18:31] VladDoor (f83aa885-2487-4295-b366-193cd21d8701): а че так
[18:18:42] Nergaloff (88da800e-1614-4c65-ace8-c18f7e99e914): но их лучше с жезлом искать, они оч редкие
[18:18:48] VladDoor (f83aa885-2487-4295-b366-193cd21d8701): жезл
[18:18:56] VladDoor (f83aa885-2487-4295-b366-193cd21d8701): ок
[18:19:20] Nergaloff (88da800e-1614-4c65-ace8-c18f7e99e914): берешь резонирующий желз в руку и летаешь им по поверхности, где будут белые блики - там копаешь в низ прямо в руду
[18:19:27] VladDoor (f83aa885-2487-4295-b366-193cd21d8701): окей
[18:19:34] VladDoor (f83aa885-2487-4295-b366-193cd21d8701): почти готово
[18:19:47] VladDoor (f83aa885-2487-4295-b366-193cd21d8701): у меня блять кв карьер просто не копает их (
[18:20:15] Nergaloff (88da800e-1614-4c65-ace8-c18f7e99e914): уфь
[18:20:21] Nergaloff (88da800e-1614-4c65-ace8-c18f7e99e914): спасибо
[18:20:23] PrySHio (53d10e20-e320-4876-a33a-c9b8e5781449): Фуууу
[18:20:25] VladDoor (f83aa885-2487-4295-b366-193cd21d8701): и тебе
[18:20:28] PrySHio (53d10e20-e320-4876-a33a-c9b8e5781449): С донатом
[18:20:30] PrySHio (53d10e20-e320-4876-a33a-c9b8e5781449): Слабые
[18:20:35] Nergaloff (88da800e-1614-4c65-ace8-c18f7e99e914): угу
[18:20:45] Nergaloff (88da800e-1614-4c65-ace8-c18f7e99e914): фу, с красным ником слабый
[18:21:02] VladDoor (f83aa885-2487-4295-b366-193cd21d8701): откуда это
[18:21:27] PrySHio (53d10e20-e320-4876-a33a-c9b8e5781449): Неа
[18:22:23] PrySHio (53d10e20-e320-4876-a33a-c9b8e5781449): Мдам
[18:22:27] PrySHio (53d10e20-e320-4876-a33a-c9b8e5781449): Не получается
[18:22:32] PrySHio (53d10e20-e320-4876-a33a-c9b8e5781449): Все посмотрел
[18:22:35] PrySHio (53d10e20-e320-4876-a33a-c9b8e5781449): И хватит тебе
[18:23:16] PrySHio (53d10e20-e320-4876-a33a-c9b8e5781449): Давай домой
[18:23:20] PrySHio (53d10e20-e320-4876-a33a-c9b8e5781449): )
[18:23:25] VladDoor (f83aa885-2487-4295-b366-193cd21d8701): а ты в каком мире?)
[18:23:40] PrySHio (53d10e20-e320-4876-a33a-c9b8e5781449): А тебе все скажи и покажи
[18:23:56] VladDoor (f83aa885-2487-4295-b366-193cd21d8701): админ
[18:23:58] VladDoor (f83aa885-2487-4295-b366-193cd21d8701): пофикси
[18:23:59] PrySHio (53d10e20-e320-4876-a33a-c9b8e5781449): ?
[18:24:01] PrySHio (53d10e20-e320-4876-a33a-c9b8e5781449): Че
[18:24:09] VladDoor (f83aa885-2487-4295-b366-193cd21d8701): попробуй сделать блок из
[18:24:12] VladDoor (f83aa885-2487-4295-b366-193cd21d8701): зерен бесконечности
[18:25:29] Nergaloff (88da800e-1614-4c65-ace8-c18f7e99e914): не скипайте ночь пожалуйста
[18:25:47] PrySHio (53d10e20-e320-4876-a33a-c9b8e5781449): Ну допустим
[18:25:52] PrySHio (53d10e20-e320-4876-a33a-c9b8e5781449): Ты семена делаешь?
[18:26:06] Nergaloff (88da800e-1614-4c65-ace8-c18f7e99e914): не понял
[18:26:07] PrySHio (53d10e20-e320-4876-a33a-c9b8e5781449): Просто по другому я хз зачем он тебе
[18:26:12] Nergaloff (88da800e-1614-4c65-ace8-c18f7e99e914): для астрала
[18:26:17] Nergaloff (88da800e-1614-4c65-ace8-c18f7e99e914): тут привата нет?
[18:26:17] PrySHio (53d10e20-e320-4876-a33a-c9b8e5781449): Я не с тобой
[18:26:21] VladDoor (f83aa885-2487-4295-b366-193cd21d8701): у тебя тут привата нету походу
[18:26:22] Nergaloff (88da800e-1614-4c65-ace8-c18f7e99e914): а сори
[18:26:22] PrySHio (53d10e20-e320-4876-a33a-c9b8e5781449): есть
[18:26:35] VladDoor (f83aa885-2487-4295-b366-193cd21d8701): нету
[18:26:39] Nergaloff (88da800e-1614-4c65-ace8-c18f7e99e914): насрал получается
[18:26:49] PrySHio (53d10e20-e320-4876-a33a-c9b8e5781449): Приват есть
[18:26:49] VladDoor (f83aa885-2487-4295-b366-193cd21d8701): нету привата да
[18:26:58] VladDoor (f83aa885-2487-4295-b366-193cd21d8701): поч я могу ломать?
[18:27:01] PrySHio (53d10e20-e320-4876-a33a-c9b8e5781449): Сам мод/плагин
[18:27:03] PrySHio (53d10e20-e320-4876-a33a-c9b8e5781449): Я про это
[18:27:18] Nergaloff (88da800e-1614-4c65-ace8-c18f7e99e914): у меня кусочек не запривачен
[18:27:27] VladDoor (f83aa885-2487-4295-b366-193cd21d8701): а если бы спиздили цыгане?)
[18:27:32] Nergaloff (88da800e-1614-4c65-ace8-c18f7e99e914): было бы обидно
[18:28:01] Nergaloff (88da800e-1614-4c65-ace8-c18f7e99e914): блин лимит
[18:28:02] Nergaloff (88da800e-1614-4c65-ace8-c18f7e99e914): ладно похуй
[18:28:13] VladDoor (f83aa885-2487-4295-b366-193cd21d8701): у тебя панелька чуточку
[18:28:31] VladDoor (f83aa885-2487-4295-b366-193cd21d8701): бери бур и готовься ломать
[18:28:54] PrySHio (53d10e20-e320-4876-a33a-c9b8e5781449): Ломай)
[18:29:14] VladDoor (f83aa885-2487-4295-b366-193cd21d8701): так ты пофиксишь то что нельзя сделать блок из зерен бесконечности?
[18:29:16] Nergaloff (88da800e-1614-4c65-ace8-c18f7e99e914): приколисты
[18:29:30] PrySHio (53d10e20-e320-4876-a33a-c9b8e5781449): Он вам для семян?
[18:29:31] VladDoor (f83aa885-2487-4295-b366-193cd21d8701): или это не по твоему профилю?
[18:29:38] VladDoor (f83aa885-2487-4295-b366-193cd21d8701): вообщем да
[18:29:43] PrySHio (53d10e20-e320-4876-a33a-c9b8e5781449): Я по дизайну
[18:29:44] PrySHio (53d10e20-e320-4876-a33a-c9b8e5781449): xD
[18:29:46] VladDoor (f83aa885-2487-4295-b366-193cd21d8701): не мне
[18:29:50] VladDoor (f83aa885-2487-4295-b366-193cd21d8701): не, мне
[18:30:11] VladDoor (f83aa885-2487-4295-b366-193cd21d8701): я у него в гостях был проста
[18:30:48] PrySHio (53d10e20-e320-4876-a33a-c9b8e5781449): Мдам вы слабые с китами
[18:30:49] PrySHio (53d10e20-e320-4876-a33a-c9b8e5781449): xD
[18:31:06] VladDoor (f83aa885-2487-4295-b366-193cd21d8701): ну типа
[18:31:10] PrySHio (53d10e20-e320-4876-a33a-c9b8e5781449): Я жестко потел чтобы основые мехи из иу сделать
[18:31:11] PrySHio (53d10e20-e320-4876-a33a-c9b8e5781449): А ои
[18:31:13] PrySHio (53d10e20-e320-4876-a33a-c9b8e5781449): Они*
[18:31:15] PrySHio (53d10e20-e320-4876-a33a-c9b8e5781449): Мдам
[18:32:03] PrySHio (53d10e20-e320-4876-a33a-c9b8e5781449): Вот и нету(
[18:32:07] VladDoor (f83aa885-2487-4295-b366-193cd21d8701): (
[18:32:12] VladDoor (f83aa885-2487-4295-b366-193cd21d8701): го еще
[18:32:19] PrySHio (53d10e20-e320-4876-a33a-c9b8e5781449): Тебе это поможет?)
[18:32:22] VladDoor (f83aa885-2487-4295-b366-193cd21d8701): да
[18:32:37] PrySHio (53d10e20-e320-4876-a33a-c9b8e5781449): Тыж знаешь что я могу даже твой эндер чест посмотреть?
[18:32:56] VladDoor (f83aa885-2487-4295-b366-193cd21d8701): а рюкзаки?
[18:33:04] PrySHio (53d10e20-e320-4876-a33a-c9b8e5781449): Я их забрать могу)
[18:33:28] VladDoor (f83aa885-2487-4295-b366-193cd21d8701): го попробую спрятать так что бы не нашел?
[18:33:38] PrySHio (53d10e20-e320-4876-a33a-c9b8e5781449): Я то могу и не найти
[18:33:47] VladDoor (f83aa885-2487-4295-b366-193cd21d8701): и даже без мэ систем
[18:33:47] PrySHio (53d10e20-e320-4876-a33a-c9b8e5781449): А вот аптечка по логам за 3 сек найдет)
[18:33:51] VladDoor (f83aa885-2487-4295-b366-193cd21d8701): (
[18:33:54] PrySHio (53d10e20-e320-4876-a33a-c9b8e5781449): xD
[18:34:52] VladDoor (f83aa885-2487-4295-b366-193cd21d8701): где взять старлайт
[18:36:24] VladDoor (f83aa885-2487-4295-b366-193cd21d8701): куплю старлайт за голову зомби
[18:37:44] VladDoor (f83aa885-2487-4295-b366-193cd21d8701): купил уже
[18:37:50] PrySHio (53d10e20-e320-4876-a33a-c9b8e5781449): У меня гм
[18:38:12] VladDoor (f83aa885-2487-4295-b366-193cd21d8701): у меня тоже
[18:38:38] PrySHio (53d10e20-e320-4876-a33a-c9b8e5781449): Сомниваюсь
[18:38:52] PrySHio (53d10e20-e320-4876-a33a-c9b8e5781449): Сомневаюсь*
[18:38:55] VladDoor (f83aa885-2487-4295-b366-193cd21d8701): ударь
[18:39:08] PrySHio (53d10e20-e320-4876-a33a-c9b8e5781449): Так это год xD
[18:39:12] PrySHio (53d10e20-e320-4876-a33a-c9b8e5781449): Смари
[18:39:15] VladDoor (f83aa885-2487-4295-b366-193cd21d8701): GM - godmode
[18:39:42] PrySHio (53d10e20-e320-4876-a33a-c9b8e5781449): Вот и все
[18:40:09] VladDoor (f83aa885-2487-4295-b366-193cd21d8701): если бы не пинг я бы не умер
[18:40:10] PrySHio (53d10e20-e320-4876-a33a-c9b8e5781449): Не помог твой GM
[18:40:14] PrySHio (53d10e20-e320-4876-a33a-c9b8e5781449): xD
[18:40:53] VladDoor (f83aa885-2487-4295-b366-193cd21d8701): за сколько ты прошел
[18:41:02] PrySHio (53d10e20-e320-4876-a33a-c9b8e5781449): Что прошел
[18:41:07] PrySHio (53d10e20-e320-4876-a33a-c9b8e5781449): Я ниче еще не проходил
[18:41:07] VladDoor (f83aa885-2487-4295-b366-193cd21d8701): эту сборку
[18:41:12] VladDoor (f83aa885-2487-4295-b366-193cd21d8701): xD
[18:41:22] VladDoor (f83aa885-2487-4295-b366-193cd21d8701): а это чо?
[18:41:43] VladDoor (f83aa885-2487-4295-b366-193cd21d8701): ну я про базу
[18:41:51] PrySHio (53d10e20-e320-4876-a33a-c9b8e5781449): Это аетернал тут тестил
[18:42:08] PrySHio (53d10e20-e320-4876-a33a-c9b8e5781449): Норм да басик?
[18:42:27] VladDoor (f83aa885-2487-4295-b366-193cd21d8701): у меня это есть
[18:42:51] VladDoor (f83aa885-2487-4295-b366-193cd21d8701): а
[18:42:55] VladDoor (f83aa885-2487-4295-b366-193cd21d8701): это мир из
[18:43:52] VladDoor (f83aa885-2487-4295-b366-193cd21d8701): Nergaloff
[18:43:55] Nergaloff (88da800e-1614-4c65-ace8-c18f7e99e914): ау
[18:44:01] VladDoor (f83aa885-2487-4295-b366-193cd21d8701): а как сделать что бы работал этот
[18:44:04] VladDoor (f83aa885-2487-4295-b366-193cd21d8701): жезл
[18:44:11] Nergaloff (88da800e-1614-4c65-ace8-c18f7e99e914): он и так работает
[18:44:18] VladDoor (f83aa885-2487-4295-b366-193cd21d8701): ну типа пкм?
[18:44:26] Nergaloff (88da800e-1614-4c65-ace8-c18f7e99e914): ничего не нужно
[18:44:34] Nergaloff (88da800e-1614-4c65-ace8-c18f7e99e914): блики только ночью видно
[18:44:37] Nergaloff (88da800e-1614-4c65-ace8-c18f7e99e914): для кристаллов
[18:44:37] VladDoor (f83aa885-2487-4295-b366-193cd21d8701): в шахтерском мире нету его?
[18:44:43] VladDoor (f83aa885-2487-4295-b366-193cd21d8701): а
[18:44:59] VladDoor (f83aa885-2487-4295-b366-193cd21d8701): пажалуста друзья давайте не будем спатки ложиться
[18:45:31] Nergaloff (88da800e-1614-4c65-ace8-c18f7e99e914): тут шахтерский мир был все это время
[18:45:33] Nergaloff (88da800e-1614-4c65-ace8-c18f7e99e914): о блин
[18:45:39] Nergaloff (88da800e-1614-4c65-ace8-c18f7e99e914): а я под домом перекопал все уже
[18:45:51] VladDoor (f83aa885-2487-4295-b366-193cd21d8701): а зачем копаться ваще
[18:46:05] VladDoor (f83aa885-2487-4295-b366-193cd21d8701): над в руках жезл держать?
[18:46:08] Nergaloff (88da800e-1614-4c65-ace8-c18f7e99e914): да
[18:46:24] VladDoor (f83aa885-2487-4295-b366-193cd21d8701): по моему в этом мире нету ночи
[18:46:40] Nergaloff (88da800e-1614-4c65-ace8-c18f7e99e914): мб
[18:46:55] VladDoor (f83aa885-2487-4295-b366-193cd21d8701): в ароме есть ночь PrySHio
[18:46:57] VladDoor (f83aa885-2487-4295-b366-193cd21d8701): 1?
[18:46:58] VladDoor (f83aa885-2487-4295-b366-193cd21d8701): ?
[18:47:09] VladDoor (f83aa885-2487-4295-b366-193cd21d8701): нету
[18:47:57] VladDoor (f83aa885-2487-4295-b366-193cd21d8701): ну уже не 2к пинг
[18:47:59] VladDoor (f83aa885-2487-4295-b366-193cd21d8701): это радует
[18:48:22] Nergaloff (88da800e-1614-4c65-ace8-c18f7e99e914): знакомо
[18:49:16] VladDoor (f83aa885-2487-4295-b366-193cd21d8701): а я тот сделал жезл?)
[18:49:23] VladDoor (f83aa885-2487-4295-b366-193cd21d8701): резонирующийся?
[18:49:23] Nergaloff (88da800e-1614-4c65-ace8-c18f7e99e914): резонирующий жезл
[18:49:52] VladDoor (f83aa885-2487-4295-b366-193cd21d8701): я в обынчном мире
[18:49:57] VladDoor (f83aa885-2487-4295-b366-193cd21d8701): но не вижу блики
[18:50:28] VladDoor (f83aa885-2487-4295-b366-193cd21d8701): или над в шахте быть?
[18:50:32] Nergaloff (88da800e-1614-4c65-ace8-c18f7e99e914): тп
[18:50:40] Nergaloff (88da800e-1614-4c65-ace8-c18f7e99e914): видишь?
[18:50:44] VladDoor (f83aa885-2487-4295-b366-193cd21d8701): lf
[18:51:01] Nergaloff (88da800e-1614-4c65-ace8-c18f7e99e914): вот, теперь в низ копайся до 1 высоты и обкапывай
[18:51:04] Nergaloff (88da800e-1614-4c65-ace8-c18f7e99e914): наткнешься
[18:52:30] VladDoor (f83aa885-2487-4295-b366-193cd21d8701): да
[18:52:33] VladDoor (f83aa885-2487-4295-b366-193cd21d8701): нашел
[18:55:49] VladDoor (f83aa885-2487-4295-b366-193cd21d8701): аптечка пофиксишь крафт блока из зерен бесконечности?
[18:57:23] VladDoor (f83aa885-2487-4295-b366-193cd21d8701): в одном месте сразу 2 нашел горных
[18:57:56] Nergaloff (88da800e-1614-4c65-ace8-c18f7e99e914): дырки тока не оставляй такие
[18:59:14] PrySHio (53d10e20-e320-4876-a33a-c9b8e5781449): Тебе сказали потом
[18:59:25] PrySHio (53d10e20-e320-4876-a33a-c9b8e5781449): лексикон форджа попробуй
[18:59:52] VladDoor (f83aa885-2487-4295-b366-193cd21d8701): хз че там но щас
[19:02:19] VladDoor (f83aa885-2487-4295-b366-193cd21d8701): его там нету
[19:02:29] VladDoor (f83aa885-2487-4295-b366-193cd21d8701): пишу блок инфинити и ток гейский блок
[19:02:32] VladDoor (f83aa885-2487-4295-b366-193cd21d8701): показывает
[19:03:33] VladDoor (f83aa885-2487-4295-b366-193cd21d8701): всм
[19:03:43] PrySHio (53d10e20-e320-4876-a33a-c9b8e5781449): Пиздц
[19:03:51] PrySHio (53d10e20-e320-4876-a33a-c9b8e5781449): Да там без раздницы
[19:03:56] PrySHio (53d10e20-e320-4876-a33a-c9b8e5781449): У них оредикт разный
[19:04:24] PrySHio (53d10e20-e320-4876-a33a-c9b8e5781449): Так и живем
[19:06:00] VladDoor (f83aa885-2487-4295-b366-193cd21d8701): пиздец
[19:06:02] VladDoor (f83aa885-2487-4295-b366-193cd21d8701): тильт
[19:06:17] Nergaloff (88da800e-1614-4c65-ace8-c18f7e99e914): другим пока займись
[19:06:48] VladDoor (f83aa885-2487-4295-b366-193cd21d8701): я чуть отдохну пока от майна
[19:06:52] VladDoor (f83aa885-2487-4295-b366-193cd21d8701): бб
[19:06:52] Nergaloff (88da800e-1614-4c65-ace8-c18f7e99e914): понимаю
[19:06:54] Nergaloff (88da800e-1614-4c65-ace8-c18f7e99e914): бб
[19:07:07] VladDoor (f83aa885-2487-4295-b366-193cd21d8701): нихуя
[19:07:11] VladDoor (f83aa885-2487-4295-b366-193cd21d8701): 2к иридия уже
[19:07:16] Nergaloff (88da800e-1614-4c65-ace8-c18f7e99e914): )
[19:07:23] VladDoor (f83aa885-2487-4295-b366-193cd21d8701): вот сделаю этот блок из
[19:07:28] VladDoor (f83aa885-2487-4295-b366-193cd21d8701): пыли
[19:07:32] VladDoor (f83aa885-2487-4295-b366-193cd21d8701): сделаю себе миллион пыли
[19:07:39] VladDoor (f83aa885-2487-4295-b366-193cd21d8701): и буду проходить дальше
[19:07:43] VladDoor (f83aa885-2487-4295-b366-193cd21d8701): бб
