[01:10:28] Nindly (eb4d01d7-785b-433a-88b6-26b920632b5b): q
[01:10:34] AETERNAL (6015b02d-f272-4154-8209-5e3b23bbc09c): q
[01:10:45] Nindly (eb4d01d7-785b-433a-88b6-26b920632b5b): походу это они
[01:11:02] Nindly (eb4d01d7-785b-433a-88b6-26b920632b5b): я просто думал что провода проводят столько, сколько написано
[01:11:05] AETERNAL (6015b02d-f272-4154-8209-5e3b23bbc09c): хмм
[01:11:06] AETERNAL (6015b02d-f272-4154-8209-5e3b23bbc09c): нет
[01:11:08] AETERNAL (6015b02d-f272-4154-8209-5e3b23bbc09c): не они
[01:11:17] AETERNAL (6015b02d-f272-4154-8209-5e3b23bbc09c): генерация 0
[01:11:29] AETERNAL (6015b02d-f272-4154-8209-5e3b23bbc09c): или ч'
[01:11:33] Nindly (eb4d01d7-785b-433a-88b6-26b920632b5b): та вроде генерирует
[01:11:50] AETERNAL (6015b02d-f272-4154-8209-5e3b23bbc09c): солнца не было, понял
[01:12:21] AETERNAL (6015b02d-f272-4154-8209-5e3b23bbc09c): такс
[01:12:29] AETERNAL (6015b02d-f272-4154-8209-5e3b23bbc09c): обменчик
[01:12:36] AETERNAL (6015b02d-f272-4154-8209-5e3b23bbc09c): xD
[01:12:39] Nindly (eb4d01d7-785b-433a-88b6-26b920632b5b): ?
[01:12:42] Nindly (eb4d01d7-785b-433a-88b6-26b920632b5b): а
[01:12:45] AETERNAL (6015b02d-f272-4154-8209-5e3b23bbc09c): я поменял на обычные
[01:12:46] Nindly (eb4d01d7-785b-433a-88b6-26b920632b5b): кайф
[01:12:47] AETERNAL (6015b02d-f272-4154-8209-5e3b23bbc09c): не плиты
[01:12:55] Nindly (eb4d01d7-785b-433a-88b6-26b920632b5b): увидел, это хорошо
[01:13:05] Nindly (eb4d01d7-785b-433a-88b6-26b920632b5b): было страшно подходить
[01:13:27] AETERNAL (6015b02d-f272-4154-8209-5e3b23bbc09c): у тебя тут 1.2 лярда ещё в флакс точке
[01:13:44] Nindly (eb4d01d7-785b-433a-88b6-26b920632b5b): я только что увидел, но раньше так не было
[01:14:19] Nindly (eb4d01d7-785b-433a-88b6-26b920632b5b): сколько они жрут ? или нельзя узнать
[01:14:24] AETERNAL (6015b02d-f272-4154-8209-5e3b23bbc09c): много
[01:14:26] AETERNAL (6015b02d-f272-4154-8209-5e3b23bbc09c): очень
[01:14:36] Nindly (eb4d01d7-785b-433a-88b6-26b920632b5b): сниму пару лучше тогда
[01:14:41] Nindly (eb4d01d7-785b-433a-88b6-26b920632b5b): я думал придел в проводах
[01:15:01] AETERNAL (6015b02d-f272-4154-8209-5e3b23bbc09c): вот
[01:15:04] AETERNAL (6015b02d-f272-4154-8209-5e3b23bbc09c): я отрубил их
[01:15:09] AETERNAL (6015b02d-f272-4154-8209-5e3b23bbc09c): паель полная
[01:15:31] Nindly (eb4d01d7-785b-433a-88b6-26b920632b5b): мдэ, прошу прощения за потраченное время
[01:15:42] Nindly (eb4d01d7-785b-433a-88b6-26b920632b5b): я просто думал что в провода будет потолок идти
[01:15:49] Nindly (eb4d01d7-785b-433a-88b6-26b920632b5b): если 5к, то 5к в тик
[01:15:49] AETERNAL (6015b02d-f272-4154-8209-5e3b23bbc09c): та я думал мб баг в панельке
[01:15:52] Nindly (eb4d01d7-785b-433a-88b6-26b920632b5b): а тут вот как
[01:15:53] AETERNAL (6015b02d-f272-4154-8209-5e3b23bbc09c): ибо они кастомные
[01:15:58] AETERNAL (6015b02d-f272-4154-8209-5e3b23bbc09c): не модовские
[01:16:03] Nindly (eb4d01d7-785b-433a-88b6-26b920632b5b): понял
[01:16:14] AETERNAL (6015b02d-f272-4154-8209-5e3b23bbc09c): хоть я их и тести
[01:16:19] AETERNAL (6015b02d-f272-4154-8209-5e3b23bbc09c): думал мало-ли
[01:16:40] Nindly (eb4d01d7-785b-433a-88b6-26b920632b5b): ещё раз прошу прощения, протупил, нужно было сразу протестить
[01:16:51] AETERNAL (6015b02d-f272-4154-8209-5e3b23bbc09c): та нормально всё
[01:16:54] AETERNAL (6015b02d-f272-4154-8209-5e3b23bbc09c): я щас не очень то и занят
[01:16:56] Nindly (eb4d01d7-785b-433a-88b6-26b920632b5b): скорее всего из за того что в буфере было, мехи некоторое время жили
[01:19:30] AETERNAL (6015b02d-f272-4154-8209-5e3b23bbc09c): окло ~250 лямов
[01:20:01] Nindly (eb4d01d7-785b-433a-88b6-26b920632b5b): 0_0
[01:20:02] AETERNAL (6015b02d-f272-4154-8209-5e3b23bbc09c): 250-300
[01:20:11] Nindly (eb4d01d7-785b-433a-88b6-26b920632b5b): а как ограничить ?
[01:20:16] AETERNAL (6015b02d-f272-4154-8209-5e3b23bbc09c): никак)
[01:20:21] Nindly (eb4d01d7-785b-433a-88b6-26b920632b5b): )
[01:20:26] Nindly (eb4d01d7-785b-433a-88b6-26b920632b5b): порядок
[01:20:26] AETERNAL (6015b02d-f272-4154-8209-5e3b23bbc09c): есть предыдущие тиры
[01:20:31] AETERNAL (6015b02d-f272-4154-8209-5e3b23bbc09c): они меньше жрут
[01:20:43] AETERNAL (6015b02d-f272-4154-8209-5e3b23bbc09c): но ирония в том, что дороде
[01:20:46] AETERNAL (6015b02d-f272-4154-8209-5e3b23bbc09c): дороже
[01:21:05] Nindly (eb4d01d7-785b-433a-88b6-26b920632b5b): ладно, что-нибудь придумаем
[01:21:09] Nindly (eb4d01d7-785b-433a-88b6-26b920632b5b): спасибо большое
[01:21:31] Nindly (eb4d01d7-785b-433a-88b6-26b920632b5b): ну кстати
[01:21:38] AETERNAL (6015b02d-f272-4154-8209-5e3b23bbc09c): ограничивать можно конвертером
[01:21:41] AETERNAL (6015b02d-f272-4154-8209-5e3b23bbc09c): из рф в еф
[01:21:52] Nindly (eb4d01d7-785b-433a-88b6-26b920632b5b): а
[01:21:55] Nindly (eb4d01d7-785b-433a-88b6-26b920632b5b): я то думаю
[01:21:57] Nindly (eb4d01d7-785b-433a-88b6-26b920632b5b): а труб нету
[01:22:02] AETERNAL (6015b02d-f272-4154-8209-5e3b23bbc09c): я бы тебе рекомендовал как делать
[01:22:07] Nindly (eb4d01d7-785b-433a-88b6-26b920632b5b): трубы*
[01:22:16] AETERNAL (6015b02d-f272-4154-8209-5e3b23bbc09c): сделать ядро из драконика, и его запитывать панельками
[01:22:31] AETERNAL (6015b02d-f272-4154-8209-5e3b23bbc09c): и с него уже тянуть куда надо
[01:22:46] AETERNAL (6015b02d-f272-4154-8209-5e3b23bbc09c): так у тебя будет и буфер, и запас энергии если в простое мехи
[01:22:49] Nindly (eb4d01d7-785b-433a-88b6-26b920632b5b): ну мне далековато туда в плане развития
[01:22:57] AETERNAL (6015b02d-f272-4154-8209-5e3b23bbc09c): но это уже на твоё усмотрение
[01:23:24] AETERNAL (6015b02d-f272-4154-8209-5e3b23bbc09c): кстати
[01:23:28] Nindly (eb4d01d7-785b-433a-88b6-26b920632b5b): у
[01:23:32] AETERNAL (6015b02d-f272-4154-8209-5e3b23bbc09c): со стоек можно тырить
[01:23:36] AETERNAL (6015b02d-f272-4154-8209-5e3b23bbc09c): да и сломать их
[01:24:05] Nindly (eb4d01d7-785b-433a-88b6-26b920632b5b): ;d
[01:24:12] Nindly (eb4d01d7-785b-433a-88b6-26b920632b5b): фикса нету ?
[01:24:28] AETERNAL (6015b02d-f272-4154-8209-5e3b23bbc09c): не-а
[01:24:30] Nindly (eb4d01d7-785b-433a-88b6-26b920632b5b): тут быль парень, который как-то скопировал ген для карьера
[01:24:39] Nindly (eb4d01d7-785b-433a-88b6-26b920632b5b): хотя он был не в привате
[01:24:44] AETERNAL (6015b02d-f272-4154-8209-5e3b23bbc09c): скопировал?
[01:24:47] AETERNAL (6015b02d-f272-4154-8209-5e3b23bbc09c): тоесть
[01:24:52] Nindly (eb4d01d7-785b-433a-88b6-26b920632b5b): vlad.. что-то там
[01:25:05] Nindly (eb4d01d7-785b-433a-88b6-26b920632b5b): ну он тп-хнулся ко мне, с ничего
[01:25:20] Nindly (eb4d01d7-785b-433a-88b6-26b920632b5b): подошёл с ключём к нему, и у него он в руках появился
[01:25:24] Nindly (eb4d01d7-785b-433a-88b6-26b920632b5b): сказал фокус
[01:25:25] AETERNAL (6015b02d-f272-4154-8209-5e3b23bbc09c): а, да там руины сами остались от места его базы :D
[01:25:30] AETERNAL (6015b02d-f272-4154-8209-5e3b23bbc09c): если в дс видел
[01:25:40] AETERNAL (6015b02d-f272-4154-8209-5e3b23bbc09c): хм
[01:25:45] Nindly (eb4d01d7-785b-433a-88b6-26b920632b5b): та я тут видел, этот кратер
[01:25:48] Nindly (eb4d01d7-785b-433a-88b6-26b920632b5b): он на ртп был
[01:26:36] Nindly (eb4d01d7-785b-433a-88b6-26b920632b5b): прошу прощения, этот магнит..
[01:26:44] Nindly (eb4d01d7-785b-433a-88b6-26b920632b5b): вот его, да
[01:27:01] Nindly (eb4d01d7-785b-433a-88b6-26b920632b5b): потом вылетел с привата, сломал, выпал корпус механизма и он ливнул
[01:27:14] AETERNAL (6015b02d-f272-4154-8209-5e3b23bbc09c): .
[01:27:19] AETERNAL (6015b02d-f272-4154-8209-5e3b23bbc09c): .
[01:27:25] Nindly (eb4d01d7-785b-433a-88b6-26b920632b5b): я особо ничего не понял, забил фиг, но решил всё таки сказать
[01:27:58] Nindly (eb4d01d7-785b-433a-88b6-26b920632b5b): а ещё, а /rg select никак нельзя добавить ? я не могу границы рг адекватно чекнуть свои
[01:28:07] AETERNAL (6015b02d-f272-4154-8209-5e3b23bbc09c): есть же
[01:28:11] Nindly (eb4d01d7-785b-433a-88b6-26b920632b5b): он вот этим делал
[01:28:22] Nindly (eb4d01d7-785b-433a-88b6-26b920632b5b): прав нету
[01:28:25] Nindly (eb4d01d7-785b-433a-88b6-26b920632b5b): на селект
[01:28:31] AETERNAL (6015b02d-f272-4154-8209-5e3b23bbc09c): а
[01:28:34] AETERNAL (6015b02d-f272-4154-8209-5e3b23bbc09c): даже так
[01:28:37] Nindly (eb4d01d7-785b-433a-88b6-26b920632b5b): угу
[01:29:29] AETERNAL (6015b02d-f272-4154-8209-5e3b23bbc09c): попробуй
[01:29:40] Nindly (eb4d01d7-785b-433a-88b6-26b920632b5b): ооо
[01:29:41] Nindly (eb4d01d7-785b-433a-88b6-26b920632b5b): тема
[01:29:48] Nindly (eb4d01d7-785b-433a-88b6-26b920632b5b): спасибо
[01:29:53] AETERNAL (6015b02d-f272-4154-8209-5e3b23bbc09c): раньше надо было сказать
[01:29:59] AETERNAL (6015b02d-f272-4154-8209-5e3b23bbc09c): я не знал
[01:30:04] Nindly (eb4d01d7-785b-433a-88b6-26b920632b5b): та я думал нормально, никто не говорил
[01:30:21] Nindly (eb4d01d7-785b-433a-88b6-26b920632b5b): а на сайте нету списка флагов для превилегий, они где-то есть ?
[01:30:27] Nindly (eb4d01d7-785b-433a-88b6-26b920632b5b): я хочу спавн мобов офнуть
[01:30:30] Nindly (eb4d01d7-785b-433a-88b6-26b920632b5b): бесят ужас
[01:31:10] AETERNAL (6015b02d-f272-4154-8209-5e3b23bbc09c): mob-spawning
[01:31:25] AETERNAL (6015b02d-f272-4154-8209-5e3b23bbc09c): rg flag dod7 mob-spawning deny
[01:31:45] AETERNAL (6015b02d-f272-4154-8209-5e3b23bbc09c): я вроде давал лакшери доступ
[01:31:56] Nindly (eb4d01d7-785b-433a-88b6-26b920632b5b): спасибо большое, очень помог
[01:32:06] Nindly (eb4d01d7-785b-433a-88b6-26b920632b5b): спект броня починена ?
[01:32:09] AETERNAL (6015b02d-f272-4154-8209-5e3b23bbc09c): там на сайте
[01:32:13] Nindly (eb4d01d7-785b-433a-88b6-26b920632b5b): уже крашить не будет ?
[01:32:13] AETERNAL (6015b02d-f272-4154-8209-5e3b23bbc09c): не очень то и много места
[01:32:19] AETERNAL (6015b02d-f272-4154-8209-5e3b23bbc09c): описывать
[01:32:33] AETERNAL (6015b02d-f272-4154-8209-5e3b23bbc09c): попробую чё то придумать
[01:32:41] AETERNAL (6015b02d-f272-4154-8209-5e3b23bbc09c): броня какая
[01:32:54] Nindly (eb4d01d7-785b-433a-88b6-26b920632b5b): эта
[01:32:57] Nindly (eb4d01d7-785b-433a-88b6-26b920632b5b): спект квант
[01:33:04] AETERNAL (6015b02d-f272-4154-8209-5e3b23bbc09c): прочность?
[01:33:06] Nindly (eb4d01d7-785b-433a-88b6-26b920632b5b): меня же крашило из за неё вроде
[01:33:10] Nindly (eb4d01d7-785b-433a-88b6-26b920632b5b): я вам как-то писал
[01:33:16] Nindly (eb4d01d7-785b-433a-88b6-26b920632b5b): сказали выложить в сундук
[01:33:39] AETERNAL (6015b02d-f272-4154-8209-5e3b23bbc09c): автор мода говорил , что обновление через недели две
[01:33:46] AETERNAL (6015b02d-f272-4154-8209-5e3b23bbc09c): там много фиксов будет
[01:33:53] Nindly (eb4d01d7-785b-433a-88b6-26b920632b5b): замечательно
[01:33:55] AETERNAL (6015b02d-f272-4154-8209-5e3b23bbc09c): а пока что там конфликт с ботанией
[01:34:03] Nindly (eb4d01d7-785b-433a-88b6-26b920632b5b): вайп не планируеться ?
[01:34:17] AETERNAL (6015b02d-f272-4154-8209-5e3b23bbc09c): если будет, то сообщат)
[01:34:33] Nindly (eb4d01d7-785b-433a-88b6-26b920632b5b): добро, ограничение овец на чанк 3 ?
[01:34:44] AETERNAL (6015b02d-f272-4154-8209-5e3b23bbc09c): всмысле
[01:34:51] AETERNAL (6015b02d-f272-4154-8209-5e3b23bbc09c): лол
[01:34:51] Nindly (eb4d01d7-785b-433a-88b6-26b920632b5b): во
[01:34:54] Nindly (eb4d01d7-785b-433a-88b6-26b920632b5b): ;d
[01:35:03] Nindly (eb4d01d7-785b-433a-88b6-26b920632b5b): я сюда привёл штук 20
[01:35:05] Nindly (eb4d01d7-785b-433a-88b6-26b920632b5b): отлетел
[01:35:08] Nindly (eb4d01d7-785b-433a-88b6-26b920632b5b): вернулся
[01:35:09] Nindly (eb4d01d7-785b-433a-88b6-26b920632b5b): 3
[01:35:20] Nindly (eb4d01d7-785b-433a-88b6-26b920632b5b): и флаконом для душ нельзя 4 заспавнить
[01:36:06] Nindly (eb4d01d7-785b-433a-88b6-26b920632b5b): я в туалет отойду на минуту, пиво творит чудеса
[01:38:06] Nindly (eb4d01d7-785b-433a-88b6-26b920632b5b): я вот много приколов находил, но не могу вспомнить
[01:38:11] Nindly (eb4d01d7-785b-433a-88b6-26b920632b5b): мелочи, но много
[01:38:39] AETERNAL (6015b02d-f272-4154-8209-5e3b23bbc09c): 40 сущностей на чанк
[01:38:45] Nindly (eb4d01d7-785b-433a-88b6-26b920632b5b): только хотел подстричься
[01:38:51] Nindly (eb4d01d7-785b-433a-88b6-26b920632b5b): подстричь*
[01:39:04] Nindly (eb4d01d7-785b-433a-88b6-26b920632b5b): )
[01:39:09] AETERNAL (6015b02d-f272-4154-8209-5e3b23bbc09c): я думаю этого хватит
[01:39:19] Nindly (eb4d01d7-785b-433a-88b6-26b920632b5b): вполне
[01:39:46] Nindly (eb4d01d7-785b-433a-88b6-26b920632b5b): кхм
[01:39:55] AETERNAL (6015b02d-f272-4154-8209-5e3b23bbc09c): извиняюсь
[01:39:57] AETERNAL (6015b02d-f272-4154-8209-5e3b23bbc09c): xD
[01:40:03] Nindly (eb4d01d7-785b-433a-88b6-26b920632b5b): бывает ;D
[01:40:41] Nindly (eb4d01d7-785b-433a-88b6-26b920632b5b): Вроде всё, как вспомню ещё что-то напишу, там с крафтами я что-то находил, вот не вспомню что
[01:40:51] Nindly (eb4d01d7-785b-433a-88b6-26b920632b5b): а
[01:40:53] Nindly (eb4d01d7-785b-433a-88b6-26b920632b5b): карта
[01:40:56] Nindly (eb4d01d7-785b-433a-88b6-26b920632b5b): из АЕ2
[01:41:02] Nindly (eb4d01d7-785b-433a-88b6-26b920632b5b): пустая для апгрейдов
[01:41:06] AETERNAL (6015b02d-f272-4154-8209-5e3b23bbc09c): я исправлял
[01:41:23] Nindly (eb4d01d7-785b-433a-88b6-26b920632b5b): давно ?
[01:41:29] AETERNAL (6015b02d-f272-4154-8209-5e3b23bbc09c): только что буквально
[01:41:42] Nindly (eb4d01d7-785b-433a-88b6-26b920632b5b): а, перезайти тогда нужно ?
[01:41:53] AETERNAL (6015b02d-f272-4154-8209-5e3b23bbc09c): если ты не перезаходил, то да
[01:42:08] Nindly (eb4d01d7-785b-433a-88b6-26b920632b5b): увидел
[01:44:23] Nindly (eb4d01d7-785b-433a-88b6-26b920632b5b): тэкс
[01:44:27] Nindly (eb4d01d7-785b-433a-88b6-26b920632b5b): получаеться
[01:44:44] Nindly (eb4d01d7-785b-433a-88b6-26b920632b5b): провода выше стекловолоконных смысла крафтить нету?
[01:44:56] AETERNAL (6015b02d-f272-4154-8209-5e3b23bbc09c): выше олова даже
[01:45:03] AETERNAL (6015b02d-f272-4154-8209-5e3b23bbc09c): какие нравятся
[01:45:03] Nindly (eb4d01d7-785b-433a-88b6-26b920632b5b): понял)
[01:46:29] AETERNAL (6015b02d-f272-4154-8209-5e3b23bbc09c): вроде норм лимит работает
[01:47:06] Nindly (eb4d01d7-785b-433a-88b6-26b920632b5b): может мобы где-то в шахте былт
[01:47:26] AETERNAL (6015b02d-f272-4154-8209-5e3b23bbc09c): нет, я изначально слишком низкий установил
[01:47:48] Nindly (eb4d01d7-785b-433a-88b6-26b920632b5b): ну тогда может проблема во флаконах душ ?
[01:47:53] Nindly (eb4d01d7-785b-433a-88b6-26b920632b5b): я через них переносил овец
[01:48:10] AETERNAL (6015b02d-f272-4154-8209-5e3b23bbc09c): не, лимит был 3 овцы на чанк, их просто удаляло
[01:48:13] AETERNAL (6015b02d-f272-4154-8209-5e3b23bbc09c): :D
[01:48:22] Nindly (eb4d01d7-785b-433a-88b6-26b920632b5b): хе хе
[01:48:52] AETERNAL (6015b02d-f272-4154-8209-5e3b23bbc09c): слушай
[01:48:58] Nindly (eb4d01d7-785b-433a-88b6-26b920632b5b): у
[01:49:00] AETERNAL (6015b02d-f272-4154-8209-5e3b23bbc09c): а у тебя на месте где я
[01:49:03] AETERNAL (6015b02d-f272-4154-8209-5e3b23bbc09c): есть мобі
[01:49:04] AETERNAL (6015b02d-f272-4154-8209-5e3b23bbc09c): ?
[01:49:53] Nindly (eb4d01d7-785b-433a-88b6-26b920632b5b): у сделал тп к тебе, и у меня провисло секунд на 15
[01:50:13] Nindly (eb4d01d7-785b-433a-88b6-26b920632b5b): циклоп только что лежал мёртвый
[01:50:14] AETERNAL (6015b02d-f272-4154-8209-5e3b23bbc09c): меня не видно?
[01:50:16] Nindly (eb4d01d7-785b-433a-88b6-26b920632b5b): тут
[01:50:20] Nindly (eb4d01d7-785b-433a-88b6-26b920632b5b): не
[01:50:25] AETERNAL (6015b02d-f272-4154-8209-5e3b23bbc09c): чёт меня багнуло
[01:50:36] Nindly (eb4d01d7-785b-433a-88b6-26b920632b5b): не вижу тебя, тут циклоп у меня лежит
[01:50:46] AETERNAL (6015b02d-f272-4154-8209-5e3b23bbc09c): ладно, визуал
[01:50:50] Nindly (eb4d01d7-785b-433a-88b6-26b920632b5b): труп ;(
[01:51:23] Nindly (eb4d01d7-785b-433a-88b6-26b920632b5b): а у вас есть в планах новые сборки ?
[01:51:39] AETERNAL (6015b02d-f272-4154-8209-5e3b23bbc09c): есть, 1.16.5
[01:51:42] Nindly (eb4d01d7-785b-433a-88b6-26b920632b5b): ооо
[01:52:11] Nindly (eb4d01d7-785b-433a-88b6-26b920632b5b): вижу apt не особо пользуеться интересом, а ATM прост слишком
[01:52:39] AETERNAL (6015b02d-f272-4154-8209-5e3b23bbc09c): просто помимо сборки новой, есть проекты
[01:52:47] AETERNAL (6015b02d-f272-4154-8209-5e3b23bbc09c): да и эта не закончена от слова совсем
[01:53:00] AETERNAL (6015b02d-f272-4154-8209-5e3b23bbc09c): я много чего хотел ещё сделать
[01:53:10] Nindly (eb4d01d7-785b-433a-88b6-26b920632b5b): ещё бы хотел сказать за магазин на сайте, хочу инвестировать в проект, но получать что-то в замен
[01:53:17] Nindly (eb4d01d7-785b-433a-88b6-26b920632b5b): а там купить нету чего
[01:53:20] Nindly (eb4d01d7-785b-433a-88b6-26b920632b5b): ;D
[01:53:32] AETERNAL (6015b02d-f272-4154-8209-5e3b23bbc09c): та да, там пару шмоток всего
[01:53:39] AETERNAL (6015b02d-f272-4154-8209-5e3b23bbc09c): там проблема у нас...
[01:53:42] Nindly (eb4d01d7-785b-433a-88b6-26b920632b5b): эта сборка кайф, но косяков очень много если честно
[01:54:02] Nindly (eb4d01d7-785b-433a-88b6-26b920632b5b): тут очень затянут период с ИУ
[01:54:09] Nindly (eb4d01d7-785b-433a-88b6-26b920632b5b): слишком
[01:54:20] Nindly (eb4d01d7-785b-433a-88b6-26b920632b5b): а вот маг моды вообще не роляют почти
[01:54:21] AETERNAL (6015b02d-f272-4154-8209-5e3b23bbc09c): с приходом 1.3 версии надеюсь процентов 80 косяков уйдёт
[01:54:30] AETERNAL (6015b02d-f272-4154-8209-5e3b23bbc09c): магии мало?
[01:54:44] Nindly (eb4d01d7-785b-433a-88b6-26b920632b5b): очень
[01:54:50] AETERNAL (6015b02d-f272-4154-8209-5e3b23bbc09c): вроде как ботания, астрал, много где
[01:54:54] AETERNAL (6015b02d-f272-4154-8209-5e3b23bbc09c): мм
[01:54:59] Nindly (eb4d01d7-785b-433a-88b6-26b920632b5b): типа блуд есть, а по факту его не видно
[01:55:02] Nindly (eb4d01d7-785b-433a-88b6-26b920632b5b): таум также
[01:55:08] Nindly (eb4d01d7-785b-433a-88b6-26b920632b5b): астрал по началу
[01:55:17] AETERNAL (6015b02d-f272-4154-8209-5e3b23bbc09c): таум, потому что его не будет
[01:55:42] AETERNAL (6015b02d-f272-4154-8209-5e3b23bbc09c): а как же мультиблочки астральные, потом астрал для панелей
[01:56:04] Nindly (eb4d01d7-785b-433a-88b6-26b920632b5b): ну это да, но всё же акцент на моменте Иу
[01:56:07] Nindly (eb4d01d7-785b-433a-88b6-26b920632b5b): мод кайф
[01:56:25] Nindly (eb4d01d7-785b-433a-88b6-26b920632b5b): но крафты ужас как затянуты, куда не лезь, он 90% роляте
[01:56:32] Nindly (eb4d01d7-785b-433a-88b6-26b920632b5b): роляет*
[01:56:48] AETERNAL (6015b02d-f272-4154-8209-5e3b23bbc09c): он основной мод тут так то
[01:57:01] AETERNAL (6015b02d-f272-4154-8209-5e3b23bbc09c): а все остальные просто грубо говоря, дополнения к немц
[01:57:22] Nindly (eb4d01d7-785b-433a-88b6-26b920632b5b): ясно
[01:57:57] Nindly (eb4d01d7-785b-433a-88b6-26b920632b5b): таум в след вайпе удалят как я понял ?
[01:58:07] AETERNAL (6015b02d-f272-4154-8209-5e3b23bbc09c): угу
[01:58:11] AETERNAL (6015b02d-f272-4154-8209-5e3b23bbc09c): уж слишком много багов
[01:58:15] AETERNAL (6015b02d-f272-4154-8209-5e3b23bbc09c): и нагрузки
[01:58:20] Nindly (eb4d01d7-785b-433a-88b6-26b920632b5b): кайф, не люблю его
[01:58:46] Nindly (eb4d01d7-785b-433a-88b6-26b920632b5b): можно хоть наводку по вайпу, я его жду очень
[01:58:53] AETERNAL (6015b02d-f272-4154-8209-5e3b23bbc09c): убрать таум, обновить иу и крашей на 80% меньше
[01:59:34] AETERNAL (6015b02d-f272-4154-8209-5e3b23bbc09c): у меня ещё как минимум 2 проекта перед 1.3
[01:59:39] AETERNAL (6015b02d-f272-4154-8209-5e3b23bbc09c): потом обнова старого
[01:59:41] AETERNAL (6015b02d-f272-4154-8209-5e3b23bbc09c): я об модах
[01:59:56] Nindly (eb4d01d7-785b-433a-88b6-26b920632b5b): понял
[02:00:00] Nindly (eb4d01d7-785b-433a-88b6-26b920632b5b): ну буду ждать
[02:00:06] Nindly (eb4d01d7-785b-433a-88b6-26b920632b5b): пока буду жевать эту сборку
[02:00:14] AETERNAL (6015b02d-f272-4154-8209-5e3b23bbc09c): все эти моды планируется задействовать в 1.3
[02:00:33] AETERNAL (6015b02d-f272-4154-8209-5e3b23bbc09c): но оно всё время занимает
[02:01:05] Nindly (eb4d01d7-785b-433a-88b6-26b920632b5b): не нуждаетесь в людях в команде ?
[02:01:34] AETERNAL (6015b02d-f272-4154-8209-5e3b23bbc09c): моды или сьорка
[02:02:03] Nindly (eb4d01d7-785b-433a-88b6-26b920632b5b): крафты умею писать, по модам отдельно более выступаю
[02:02:05] AETERNAL (6015b02d-f272-4154-8209-5e3b23bbc09c): нужен будет человек на квесты
[02:02:22] AETERNAL (6015b02d-f272-4154-8209-5e3b23bbc09c): и крафты нужно будет переписывать
[02:02:39] Nindly (eb4d01d7-785b-433a-88b6-26b920632b5b): ну я хотел раньше написать в поддержку, но это на потом, у меня сейчас в реальной жизни вопросы с работой
[02:02:41] AETERNAL (6015b02d-f272-4154-8209-5e3b23bbc09c): всё, где используются кастомные предметы из content tweaker
[02:02:45] Nindly (eb4d01d7-785b-433a-88b6-26b920632b5b): но я вот думаю
[02:03:08] Nindly (eb4d01d7-785b-433a-88b6-26b920632b5b): я уже работал над 2 серверами раньше
[02:03:14] Nindly (eb4d01d7-785b-433a-88b6-26b920632b5b): они мертвы уже
[02:03:25] AETERNAL (6015b02d-f272-4154-8209-5e3b23bbc09c): о, так ты в теме более менее
[02:03:31] Nindly (eb4d01d7-785b-433a-88b6-26b920632b5b): да
[02:04:02] AETERNAL (6015b02d-f272-4154-8209-5e3b23bbc09c): возьму на заметку тогда)
[02:04:21] AETERNAL (6015b02d-f272-4154-8209-5e3b23bbc09c): раб..... кхм, помощники, всегда нужны
[02:04:22] AETERNAL (6015b02d-f272-4154-8209-5e3b23bbc09c): :D
[02:04:29] AETERNAL (6015b02d-f272-4154-8209-5e3b23bbc09c): моя любимая фраза
[02:04:53] Nindly (eb4d01d7-785b-433a-88b6-26b920632b5b): добро, как говорил уже, когда решу вопросы в личной жизни, то готов поработать
[02:05:06] AETERNAL (6015b02d-f272-4154-8209-5e3b23bbc09c): та да, есть такой момент
[02:05:11] AETERNAL (6015b02d-f272-4154-8209-5e3b23bbc09c): тоже щас не до майна
[02:05:21] AETERNAL (6015b02d-f272-4154-8209-5e3b23bbc09c): давно бы уже все моды выпустил
[02:05:37] Nindly (eb4d01d7-785b-433a-88b6-26b920632b5b): эх..
[02:05:45] Nindly (eb4d01d7-785b-433a-88b6-26b920632b5b): вот бы сыпались деньги с неба
[02:05:53] AETERNAL (6015b02d-f272-4154-8209-5e3b23bbc09c): жиза :D
[02:05:53] Nindly (eb4d01d7-785b-433a-88b6-26b920632b5b): сидел бы сутками на пролёт
[02:06:21] Nindly (eb4d01d7-785b-433a-88b6-26b920632b5b): не пойму что с онлайном, люди с северного полюса играют
[02:06:32] Nindly (eb4d01d7-785b-433a-88b6-26b920632b5b): когда у меня 10-11 утра, тут движ в 7-8 онлайна
[02:06:50] AETERNAL (6015b02d-f272-4154-8209-5e3b23bbc09c): ну я вот с Канады например
[02:07:02] AETERNAL (6015b02d-f272-4154-8209-5e3b23bbc09c): сервер крашат, а я сплю тогда
[02:07:04] Nindly (eb4d01d7-785b-433a-88b6-26b920632b5b): я с Чехии
[02:07:15] Nindly (eb4d01d7-785b-433a-88b6-26b920632b5b): ну я заметил, что ты как сова
[02:07:20] AETERNAL (6015b02d-f272-4154-8209-5e3b23bbc09c): xD
[02:07:25] Nindly (eb4d01d7-785b-433a-88b6-26b920632b5b): сразу заподозрил
[02:07:36] Nindly (eb4d01d7-785b-433a-88b6-26b920632b5b): что не с этих краёв
[02:08:15] Nindly (eb4d01d7-785b-433a-88b6-26b920632b5b): владелец же ютубер тот ?
[02:08:24] Nindly (eb4d01d7-785b-433a-88b6-26b920632b5b): забыл ник
[02:08:28] AETERNAL (6015b02d-f272-4154-8209-5e3b23bbc09c): Крокс
[02:08:33] Nindly (eb4d01d7-785b-433a-88b6-26b920632b5b): да, он
[02:09:05] Nindly (eb4d01d7-785b-433a-88b6-26b920632b5b): почему он не запилил сервер под сборку игромания, она же вроде как заебись
[02:09:12] Nindly (eb4d01d7-785b-433a-88b6-26b920632b5b): я долго ломал голову
[02:09:30] Nindly (eb4d01d7-785b-433a-88b6-26b920632b5b): тот же АПТ убрать, он же 0
[02:09:30] AETERNAL (6015b02d-f272-4154-8209-5e3b23bbc09c): ну, не знаю
[02:09:40] Nindly (eb4d01d7-785b-433a-88b6-26b920632b5b): в плане нолайна
[02:10:07] AETERNAL (6015b02d-f272-4154-8209-5e3b23bbc09c): та эта без обнов так же помрёт
[02:10:17] AETERNAL (6015b02d-f272-4154-8209-5e3b23bbc09c): люди новые версии хотят
[02:10:22] Nindly (eb4d01d7-785b-433a-88b6-26b920632b5b): это да, я за это и переживаю
[02:10:27] Nindly (eb4d01d7-785b-433a-88b6-26b920632b5b): +
[02:10:36] Nindly (eb4d01d7-785b-433a-88b6-26b920632b5b): почему мне ваш проект понравился
[02:11:02] Nindly (eb4d01d7-785b-433a-88b6-26b920632b5b): был один сервер, который сдох одним днём, GamePoint
[02:11:09] Nindly (eb4d01d7-785b-433a-88b6-26b920632b5b): может слышал
[02:11:38] AETERNAL (6015b02d-f272-4154-8209-5e3b23bbc09c): одна сборка надоела, новых хотят, а кто это делать должен - не понятно
[02:11:44] AETERNAL (6015b02d-f272-4154-8209-5e3b23bbc09c): не, не слышал
[02:12:23] Nindly (eb4d01d7-785b-433a-88b6-26b920632b5b): ну короче, я как раз таки помогал делать сервер, вот что мне нравилось, что не было вот этих тупых сборок на 1.7.10
[02:12:29] Nindly (eb4d01d7-785b-433a-88b6-26b920632b5b): я неделю искал сервер
[02:12:32] Nindly (eb4d01d7-785b-433a-88b6-26b920632b5b): и нашёл ваш
[02:13:03] Nindly (eb4d01d7-785b-433a-88b6-26b920632b5b): примитвность в виде АТМ8 я сразу увидел, но вот эта сборка
[02:13:06] Nindly (eb4d01d7-785b-433a-88b6-26b920632b5b): моё почтение
[02:13:22] Nindly (eb4d01d7-785b-433a-88b6-26b920632b5b): но всё же нужны доработки
[02:13:30] AETERNAL (6015b02d-f272-4154-8209-5e3b23bbc09c): ну, парадокс или нет, но на атм'е онлайн больше)
[02:13:45] Nindly (eb4d01d7-785b-433a-88b6-26b920632b5b): мало любителей хард развития
[02:13:56] Nindly (eb4d01d7-785b-433a-88b6-26b920632b5b): я 9 атм прошёл за несколько недеь
[02:14:15] Nindly (eb4d01d7-785b-433a-88b6-26b920632b5b): не напрягаясь
[02:14:35] Nindly (eb4d01d7-785b-433a-88b6-26b920632b5b): для многих майн просто как медитация
[02:15:11] AETERNAL (6015b02d-f272-4154-8209-5e3b23bbc09c): всем не угодишь всё равно
[02:15:26] Nindly (eb4d01d7-785b-433a-88b6-26b920632b5b): а тут подумать нужно, мы на одном проекте делали сборку не греге, игроков много, но 10% только играло больше суток
[02:15:34] Nindly (eb4d01d7-785b-433a-88b6-26b920632b5b): +
[02:15:56] AETERNAL (6015b02d-f272-4154-8209-5e3b23bbc09c): кто-то сюда заходит, смотрит крафты, ахуевает, и ливает)
[02:16:06] Nindly (eb4d01d7-785b-433a-88b6-26b920632b5b): бесит меня тендецния серверов по типу лолиоенда
[02:16:16] Nindly (eb4d01d7-785b-433a-88b6-26b920632b5b): кастомки накидали на 80 модов
[02:16:20] Nindly (eb4d01d7-785b-433a-88b6-26b920632b5b): на лайт гейм
[02:16:27] Nindly (eb4d01d7-785b-433a-88b6-26b920632b5b): и люди хавают
[02:16:47] Nindly (eb4d01d7-785b-433a-88b6-26b920632b5b): хотя кроме конечной точки, интереса в развитии нету
[02:17:12] Nindly (eb4d01d7-785b-433a-88b6-26b920632b5b): а от таких сборок как эта горит жопа иногда, ливаешь от злости
[02:17:21] Nindly (eb4d01d7-785b-433a-88b6-26b920632b5b): но кайф же
[02:17:36] Nindly (eb4d01d7-785b-433a-88b6-26b920632b5b): тебе сколько лет?
[02:17:46] AETERNAL (6015b02d-f272-4154-8209-5e3b23bbc09c): 19 уровень )
[02:17:56] AETERNAL (6015b02d-f272-4154-8209-5e3b23bbc09c): та щас вообще сложно чё то новое придумать
[02:18:09] Nindly (eb4d01d7-785b-433a-88b6-26b920632b5b): тогда буду на ты, мне 18, думал с дядькой общаюсь
[02:18:13] AETERNAL (6015b02d-f272-4154-8209-5e3b23bbc09c): уже всё что можно было, реализовано другими сборками
[02:18:15] Nindly (eb4d01d7-785b-433a-88b6-26b920632b5b): сам от куда будешь ?
[02:18:26] Nindly (eb4d01d7-785b-433a-88b6-26b920632b5b): можно совмещать
[02:18:26] AETERNAL (6015b02d-f272-4154-8209-5e3b23bbc09c): Украина
[02:18:30] AETERNAL (6015b02d-f272-4154-8209-5e3b23bbc09c): щас в Канаде
[02:18:32] Nindly (eb4d01d7-785b-433a-88b6-26b920632b5b): свои
[02:18:39] Nindly (eb4d01d7-785b-433a-88b6-26b920632b5b): ;D
[02:18:45] AETERNAL (6015b02d-f272-4154-8209-5e3b23bbc09c): )
[02:18:47] Nindly (eb4d01d7-785b-433a-88b6-26b920632b5b): привет с Чернигова
[02:19:28] AETERNAL (6015b02d-f272-4154-8209-5e3b23bbc09c): я вот, в Черновцах жил
[02:19:34] AETERNAL (6015b02d-f272-4154-8209-5e3b23bbc09c): да и учился
[02:19:36] AETERNAL (6015b02d-f272-4154-8209-5e3b23bbc09c): в унике
[02:19:41] Nindly (eb4d01d7-785b-433a-88b6-26b920632b5b): оу
[02:19:43] AETERNAL (6015b02d-f272-4154-8209-5e3b23bbc09c): щас дистант
[02:19:55] AETERNAL (6015b02d-f272-4154-8209-5e3b23bbc09c): хз как на долго
[02:20:08] Nindly (eb4d01d7-785b-433a-88b6-26b920632b5b): на долго)
[02:20:15] Nindly (eb4d01d7-785b-433a-88b6-26b920632b5b): как бы это грустно не звучало
[02:20:33] AETERNAL (6015b02d-f272-4154-8209-5e3b23bbc09c): ну я в том смысле, что 3 курс уже, а на 4 там уже и практика и тд
[02:20:33] Nindly (eb4d01d7-785b-433a-88b6-26b920632b5b): уже сам себя 2-ой год кормлю надеждами
[02:20:39] Nindly (eb4d01d7-785b-433a-88b6-26b920632b5b): а, понял
[02:20:42] Nindly (eb4d01d7-785b-433a-88b6-26b920632b5b): не так понял
[02:21:04] Nindly (eb4d01d7-785b-433a-88b6-26b920632b5b): ну в канаде себя можно реализовать хорошо
[02:21:11] Nindly (eb4d01d7-785b-433a-88b6-26b920632b5b): ты джаву пишешь, или как ?
[02:21:28] AETERNAL (6015b02d-f272-4154-8209-5e3b23bbc09c): та мне документы захавать, и венусь назад в Европу)
[02:21:57] AETERNAL (6015b02d-f272-4154-8209-5e3b23bbc09c): тут пиздец немного
[02:22:09] AETERNAL (6015b02d-f272-4154-8209-5e3b23bbc09c): я во Франции был
[02:22:12] Nindly (eb4d01d7-785b-433a-88b6-26b920632b5b): нууу, если ты помогаешь с сервером, в програмировании должен хоть что-то понимать
[02:22:12] AETERNAL (6015b02d-f272-4154-8209-5e3b23bbc09c): вот и сравниваю
[02:22:23] Nindly (eb4d01d7-785b-433a-88b6-26b920632b5b): в Канаде програсмистам кайф
[02:22:36] Nindly (eb4d01d7-785b-433a-88b6-26b920632b5b): у меня брат там, програмист, он там уже 6 лет
[02:22:45] Nindly (eb4d01d7-785b-433a-88b6-26b920632b5b): от 8к зелени зп
[02:22:55] Nindly (eb4d01d7-785b-433a-88b6-26b920632b5b): графический дизайнер
[02:23:33] AETERNAL (6015b02d-f272-4154-8209-5e3b23bbc09c): зарплата да, хорошая, а как к расходам идёт
[02:23:41] AETERNAL (6015b02d-f272-4154-8209-5e3b23bbc09c): то в ахуеваешь
[02:24:18] AETERNAL (6015b02d-f272-4154-8209-5e3b23bbc09c): ладно
[02:24:19] AETERNAL (6015b02d-f272-4154-8209-5e3b23bbc09c): я вошёл
[02:24:22] AETERNAL (6015b02d-f272-4154-8209-5e3b23bbc09c): пошёл*
[02:24:25] Nindly (eb4d01d7-785b-433a-88b6-26b920632b5b): ну от человека зависит, чем больше зп, тем больше потребности
[02:24:26] Nindly (eb4d01d7-785b-433a-88b6-26b920632b5b): давай
[02:24:27] AETERNAL (6015b02d-f272-4154-8209-5e3b23bbc09c): приятно было поболтать
[02:24:31] Nindly (eb4d01d7-785b-433a-88b6-26b920632b5b): удачи, и спасибо
[02:24:34] Nindly (eb4d01d7-785b-433a-88b6-26b920632b5b): взаимно
[02:24:35] AETERNAL (6015b02d-f272-4154-8209-5e3b23bbc09c): и тебе)
[02:36:11] Nindly (eb4d01d7-785b-433a-88b6-26b920632b5b): я могу понаглеть тогда и попросить старые мехи, которые у меня в первый раз отлетели ? ;d
[02:36:12] AETERNAL (6015b02d-f272-4154-8209-5e3b23bbc09c): так было?
[02:36:23] Nindly (eb4d01d7-785b-433a-88b6-26b920632b5b): я тогда подумал что я накосячил
[02:36:34] AETERNAL (6015b02d-f272-4154-8209-5e3b23bbc09c): какие мехи
[02:36:57] AETERNAL (6015b02d-f272-4154-8209-5e3b23bbc09c): хммм
[02:37:04] AETERNAL (6015b02d-f272-4154-8209-5e3b23bbc09c): интересная картина
[02:37:08] Nindly (eb4d01d7-785b-433a-88b6-26b920632b5b): ща
[02:37:16] Nindly (eb4d01d7-785b-433a-88b6-26b920632b5b): вот тут
[02:37:25] Nindly (eb4d01d7-785b-433a-88b6-26b920632b5b): до этого стояли
[02:37:29] AETERNAL (6015b02d-f272-4154-8209-5e3b23bbc09c): что это за шляпа
[02:37:50] Nindly (eb4d01d7-785b-433a-88b6-26b920632b5b): хз
[02:37:59] Nindly (eb4d01d7-785b-433a-88b6-26b920632b5b): нашёл на не заприваченой базе
[02:38:05] Nindly (eb4d01d7-785b-433a-88b6-26b920632b5b): спиздил
[02:38:14] AETERNAL (6015b02d-f272-4154-8209-5e3b23bbc09c): тут энергия щас в минус 2g ушла
[02:38:36] Nindly (eb4d01d7-785b-433a-88b6-26b920632b5b): значит уберём эту гадость
[02:38:40] AETERNAL (6015b02d-f272-4154-8209-5e3b23bbc09c): вот
[02:38:52] Nindly (eb4d01d7-785b-433a-88b6-26b920632b5b): еба
[02:38:53] Nindly (eb4d01d7-785b-433a-88b6-26b920632b5b): внатуре
[02:39:06] AETERNAL (6015b02d-f272-4154-8209-5e3b23bbc09c): интересная функция
[02:39:16] AETERNAL (6015b02d-f272-4154-8209-5e3b23bbc09c): автор что-то хорошее курил
[02:39:22] Nindly (eb4d01d7-785b-433a-88b6-26b920632b5b): ;D
[02:39:24] AETERNAL (6015b02d-f272-4154-8209-5e3b23bbc09c): какие там мехи
[02:39:42] Nindly (eb4d01d7-785b-433a-88b6-26b920632b5b): можешь сам чекнуть палочкой
[02:39:45] Nindly (eb4d01d7-785b-433a-88b6-26b920632b5b): вот тут
[02:39:47] Nindly (eb4d01d7-785b-433a-88b6-26b920632b5b): стояли
[02:39:52] AETERNAL (6015b02d-f272-4154-8209-5e3b23bbc09c): эм
[02:39:54] AETERNAL (6015b02d-f272-4154-8209-5e3b23bbc09c): палочкой
[02:39:55] Nindly (eb4d01d7-785b-433a-88b6-26b920632b5b): где эта стена
[02:39:56] AETERNAL (6015b02d-f272-4154-8209-5e3b23bbc09c): хмм
[02:40:12] Nindly (eb4d01d7-785b-433a-88b6-26b920632b5b): у вас нету предмата чекать что за блоки стояли тут ?
[02:40:14] Nindly (eb4d01d7-785b-433a-88b6-26b920632b5b): -_-
[02:40:38] AETERNAL (6015b02d-f272-4154-8209-5e3b23bbc09c): я не думаю что-то подобное вообще существует на модовых серверах
[02:40:51] Nindly (eb4d01d7-785b-433a-88b6-26b920632b5b): или команды, я могу то сам написать, но что бы ты поверил
[02:40:57] Nindly (eb4d01d7-785b-433a-88b6-26b920632b5b): существуетъ
[02:40:58] AETERNAL (6015b02d-f272-4154-8209-5e3b23bbc09c): это была бы тонна нагрузкт
[02:41:07] AETERNAL (6015b02d-f272-4154-8209-5e3b23bbc09c): да и с иу такая тема не прокатывает
[02:41:33] Nindly (eb4d01d7-785b-433a-88b6-26b920632b5b): ну тут были мехи из кита фиолетовые
[02:41:54] Nindly (eb4d01d7-785b-433a-88b6-26b920632b5b): бля, я все и не вспомню
[02:42:04] Nindly (eb4d01d7-785b-433a-88b6-26b920632b5b): ладно, тогда забьём
[02:42:10] AETERNAL (6015b02d-f272-4154-8209-5e3b23bbc09c): эти?
[02:42:12] Nindly (eb4d01d7-785b-433a-88b6-26b920632b5b): их тут много было
[02:42:16] Nindly (eb4d01d7-785b-433a-88b6-26b920632b5b): да, эти
[02:42:33] Nindly (eb4d01d7-785b-433a-88b6-26b920632b5b): и ещё много по мимо их, но я точно их не напишу
[02:42:44] Nindly (eb4d01d7-785b-433a-88b6-26b920632b5b): ну вообще замечательно что эти вернулись
[02:42:48] Nindly (eb4d01d7-785b-433a-88b6-26b920632b5b): спасибо ;3
[02:42:52] AETERNAL (6015b02d-f272-4154-8209-5e3b23bbc09c): автономки я забираю
[02:42:57] AETERNAL (6015b02d-f272-4154-8209-5e3b23bbc09c): у тебя в мэ
[02:42:58] AETERNAL (6015b02d-f272-4154-8209-5e3b23bbc09c): они
[02:43:03] AETERNAL (6015b02d-f272-4154-8209-5e3b23bbc09c): наверное не ставил
[02:43:27] Nindly (eb4d01d7-785b-433a-88b6-26b920632b5b): походу, хорошо
[02:43:57] Nindly (eb4d01d7-785b-433a-88b6-26b920632b5b): спасибо большое
[02:44:03] AETERNAL (6015b02d-f272-4154-8209-5e3b23bbc09c): ага
[02:44:07] AETERNAL (6015b02d-f272-4154-8209-5e3b23bbc09c): не надо только их
[02:44:10] AETERNAL (6015b02d-f272-4154-8209-5e3b23bbc09c): экскавировать
[02:44:14] AETERNAL (6015b02d-f272-4154-8209-5e3b23bbc09c): :D
[02:44:15] Nindly (eb4d01d7-785b-433a-88b6-26b920632b5b): так я провода
[02:44:20] Nindly (eb4d01d7-785b-433a-88b6-26b920632b5b): откуда же знал
[02:44:37] Nindly (eb4d01d7-785b-433a-88b6-26b920632b5b): в первый раз подумал что задел, буром копал, но быстро майнит
[02:44:40] Nindly (eb4d01d7-785b-433a-88b6-26b920632b5b): думал задел
[02:44:56] Nindly (eb4d01d7-785b-433a-88b6-26b920632b5b): это мне ;D
[02:45:05] AETERNAL (6015b02d-f272-4154-8209-5e3b23bbc09c): не понимаю
[02:45:10] AETERNAL (6015b02d-f272-4154-8209-5e3b23bbc09c): как вы умудряетесь
[02:45:18] Nindly (eb4d01d7-785b-433a-88b6-26b920632b5b): гы
[02:45:26] Nindly (eb4d01d7-785b-433a-88b6-26b920632b5b): а можно одну такую украсть ?
[02:45:29] Nindly (eb4d01d7-785b-433a-88b6-26b920632b5b): ну или купить
[02:45:46] Nindly (eb4d01d7-785b-433a-88b6-26b920632b5b): я бы уже половину мехов купил, а в магазине нету
[02:45:49] Nindly (eb4d01d7-785b-433a-88b6-26b920632b5b): ы
[02:45:53] AETERNAL (6015b02d-f272-4154-8209-5e3b23bbc09c): не, украсть нельзя
[02:46:01] AETERNAL (6015b02d-f272-4154-8209-5e3b23bbc09c): а мехи все через мету сделаны
[02:46:07] Nindly (eb4d01d7-785b-433a-88b6-26b920632b5b): давай я тебе денег скину
[02:46:10] AETERNAL (6015b02d-f272-4154-8209-5e3b23bbc09c): их пока нельзя через тот шоп продать
[02:46:33] Nindly (eb4d01d7-785b-433a-88b6-26b920632b5b): что улетело ?
[02:46:46] Nindly (eb4d01d7-785b-433a-88b6-26b920632b5b): мне ничего не добавило
[02:46:47] AETERNAL (6015b02d-f272-4154-8209-5e3b23bbc09c): а как ты ломал
[02:46:53] Nindly (eb4d01d7-785b-433a-88b6-26b920632b5b): ща
[02:47:03] Nindly (eb4d01d7-785b-433a-88b6-26b920632b5b): вот так
[02:47:19] AETERNAL (6015b02d-f272-4154-8209-5e3b23bbc09c): хах
[02:47:44] AETERNAL (6015b02d-f272-4154-8209-5e3b23bbc09c): интересно
[02:47:50] Nindly (eb4d01d7-785b-433a-88b6-26b920632b5b): а через тебя можно вещи покупать ?
[02:48:16] Nindly (eb4d01d7-785b-433a-88b6-26b920632b5b): ;D
[02:49:24] Nindly (eb4d01d7-785b-433a-88b6-26b920632b5b): кста пересмотрите цены за айтемы на сайте, конвертор у вас стоит много как-то
[02:52:33] AETERNAL (6015b02d-f272-4154-8209-5e3b23bbc09c): гляну, мб ошибочно выставил
[02:52:43] AETERNAL (6015b02d-f272-4154-8209-5e3b23bbc09c): не, через меня нет
[02:52:54] Nindly (eb4d01d7-785b-433a-88b6-26b920632b5b): я тебя чуть тебя не обманул
[02:53:05] Nindly (eb4d01d7-785b-433a-88b6-26b920632b5b): нв
[02:53:17] Nindly (eb4d01d7-785b-433a-88b6-26b920632b5b): я их снял же был
[02:53:22] Nindly (eb4d01d7-785b-433a-88b6-26b920632b5b): а ты мне 4 вернул
[02:53:31] AETERNAL (6015b02d-f272-4154-8209-5e3b23bbc09c): окей
[02:53:44] AETERNAL (6015b02d-f272-4154-8209-5e3b23bbc09c): я пошёл
[10:14:26] ProCto_DS (d3139add-473e-468f-9582-8b46bb0e237c): qq
[12:36:28] FetykArt (acd6896e-f945-4c63-802a-ca96eaeeb2f0): будто чего то не хватает._.
[12:36:38] gluck97 (6e22b281-f6f7-4195-adf6-e456b6680156): где?
[12:36:54] FetykArt (acd6896e-f945-4c63-802a-ca96eaeeb2f0): я понял уже
[12:37:19] gluck97 (6e22b281-f6f7-4195-adf6-e456b6680156): ааааааааааааааааааааааааааааа
[12:38:05] FetykArt (acd6896e-f945-4c63-802a-ca96eaeeb2f0): э
[12:39:32] gluck97 (6e22b281-f6f7-4195-adf6-e456b6680156): широкий?
[12:39:40] gluck97 (6e22b281-f6f7-4195-adf6-e456b6680156): толкаешься
[12:40:21] FetykArt (acd6896e-f945-4c63-802a-ca96eaeeb2f0): 0-0
[12:40:35] gluck97 (6e22b281-f6f7-4195-adf6-e456b6680156): ?
[12:40:46] FetykArt (acd6896e-f945-4c63-802a-ca96eaeeb2f0): меня крипер невидемый взорвал
[12:41:11] gluck97 (6e22b281-f6f7-4195-adf6-e456b6680156): есть лопата?
[12:41:28] gluck97 (6e22b281-f6f7-4195-adf6-e456b6680156): rtp
[12:49:22] FetykArt (acd6896e-f945-4c63-802a-ca96eaeeb2f0): ?
[12:55:23] gluck97 (6e22b281-f6f7-4195-adf6-e456b6680156): он тебя хочет
[12:55:27] FetykArt (acd6896e-f945-4c63-802a-ca96eaeeb2f0): yt ,tq
[12:56:53] FetykArt (acd6896e-f945-4c63-802a-ca96eaeeb2f0): 0-0
[12:56:58] gluck97 (6e22b281-f6f7-4195-adf6-e456b6680156): он смог)
[12:57:03] FetykArt (acd6896e-f945-4c63-802a-ca96eaeeb2f0): он у меня завис и как флэшь
[12:57:11] FetykArt (acd6896e-f945-4c63-802a-ca96eaeeb2f0): флэш за мной погнался(
[12:57:32] FetykArt (acd6896e-f945-4c63-802a-ca96eaeeb2f0): я весь уголь потрачу
[13:01:40] FetykArt (acd6896e-f945-4c63-802a-ca96eaeeb2f0): 1 секунда - 20 тиков?
[13:01:51] gluck97 (6e22b281-f6f7-4195-adf6-e456b6680156): не помню
[13:34:23] gluck97 (6e22b281-f6f7-4195-adf6-e456b6680156): 123
[13:36:52] FetykArt (acd6896e-f945-4c63-802a-ca96eaeeb2f0): 321
[13:37:03] gluck97 (6e22b281-f6f7-4195-adf6-e456b6680156): я зависал
[13:37:16] FetykArt (acd6896e-f945-4c63-802a-ca96eaeeb2f0): ласиваз я
[13:37:18] FetykArt (acd6896e-f945-4c63-802a-ca96eaeeb2f0): =3
[13:37:27] gluck97 (6e22b281-f6f7-4195-adf6-e456b6680156): иди сюда
[13:37:49] FetykArt (acd6896e-f945-4c63-802a-ca96eaeeb2f0): крафтить нада
[13:37:56] gluck97 (6e22b281-f6f7-4195-adf6-e456b6680156): тю ля
[13:37:58] gluck97 (6e22b281-f6f7-4195-adf6-e456b6680156): фуета
[14:15:08] gluck97 (6e22b281-f6f7-4195-adf6-e456b6680156): ic изучал?
[14:15:37] gluck97 (6e22b281-f6f7-4195-adf6-e456b6680156): аааа
[14:17:51] FetykArt (acd6896e-f945-4c63-802a-ca96eaeeb2f0): неа
[14:18:05] FetykArt (acd6896e-f945-4c63-802a-ca96eaeeb2f0): по нулям
[14:18:16] gluck97 (6e22b281-f6f7-4195-adf6-e456b6680156): поздно ответил
[14:18:55] FetykArt (acd6896e-f945-4c63-802a-ca96eaeeb2f0): ну извинити. меня заняли.
[14:19:09] gluck97 (6e22b281-f6f7-4195-adf6-e456b6680156): нужно накопать редстоуна
[14:19:21] gluck97 (6e22b281-f6f7-4195-adf6-e456b6680156): и марганца
[14:19:27] gluck97 (6e22b281-f6f7-4195-adf6-e456b6680156): поможешь?
[19:09:15] Nindly (eb4d01d7-785b-433a-88b6-26b920632b5b): Тп
[19:09:40] galaxy3231 (d4f7a5f3-2cd4-40bf-b49f-e6b7300e0ce3): решил немног пройти твайл
[19:09:46] Nindly (eb4d01d7-785b-433a-88b6-26b920632b5b): ;d
[19:10:18] Nindly (eb4d01d7-785b-433a-88b6-26b920632b5b): шаришь как сделать базу апгрейда из утилита ?
[19:10:55] galaxy3231 (d4f7a5f3-2cd4-40bf-b49f-e6b7300e0ce3): не
[19:11:01] Nindly (eb4d01d7-785b-433a-88b6-26b920632b5b): ;(
[19:35:04] galaxy3231 (d4f7a5f3-2cd4-40bf-b49f-e6b7300e0ce3): Я вот 8 часов выживаю и чет досихпор не понял что сначала надо изучать
[19:35:48] galaxy3231 (d4f7a5f3-2cd4-40bf-b49f-e6b7300e0ce3): Крафты не понятные чтобы сделать 1 вещь надо из 6 модов которые я не еб как сделать
[19:37:00] Nindly (eb4d01d7-785b-433a-88b6-26b920632b5b): Астрал и ботания
[19:37:06] Nindly (eb4d01d7-785b-433a-88b6-26b920632b5b): Основа сборки на ИУ
[19:37:12] galaxy3231 (d4f7a5f3-2cd4-40bf-b49f-e6b7300e0ce3): ну эт понятн
[19:37:25] galaxy3231 (d4f7a5f3-2cd4-40bf-b49f-e6b7300e0ce3): Но вот астрал я не изучал никогда просто обходил его
[19:37:33] Nindly (eb4d01d7-785b-433a-88b6-26b920632b5b): Я тоже, пришлось
[19:37:43] galaxy3231 (d4f7a5f3-2cd4-40bf-b49f-e6b7300e0ce3): Но вот как этот кристал найти блять
[19:38:02] Nindly (eb4d01d7-785b-433a-88b6-26b920632b5b): Ахахха, я на это 2 дня потратил, а всё проще чем кажется
[19:38:07] Nindly (eb4d01d7-785b-433a-88b6-26b920632b5b): варп астарл
[19:38:07] galaxy3231 (d4f7a5f3-2cd4-40bf-b49f-e6b7300e0ce3): ?
[19:38:14] Nindly (eb4d01d7-785b-433a-88b6-26b920632b5b): Там верстаки
[19:38:17] galaxy3231 (d4f7a5f3-2cd4-40bf-b49f-e6b7300e0ce3): ну пиздец блять
[19:38:23] Nindly (eb4d01d7-785b-433a-88b6-26b920632b5b): В них делай первый алтарь
[19:38:26] Nindly (eb4d01d7-785b-433a-88b6-26b920632b5b): А там уже сам
[19:38:37] galaxy3231 (d4f7a5f3-2cd4-40bf-b49f-e6b7300e0ce3): Ну пиздец блять я на них хоть не как ты дохуя потратил но 4 часа занило уж точно
[19:38:57] Nindly (eb4d01d7-785b-433a-88b6-26b920632b5b): Ты не первый, и не последний скорее всегое ;D
[19:39:01] galaxy3231 (d4f7a5f3-2cd4-40bf-b49f-e6b7300e0ce3): )
[19:47:43] galaxy3231 (d4f7a5f3-2cd4-40bf-b49f-e6b7300e0ce3): Горная кристал руда спавнится в горах да?
[19:47:54] Nindly (eb4d01d7-785b-433a-88b6-26b920632b5b): Не
[19:48:14] Nindly (eb4d01d7-785b-433a-88b6-26b920632b5b): Жезл нужен
[19:48:21] Nindly (eb4d01d7-785b-433a-88b6-26b920632b5b): С ним по миру ходишь
[19:48:31] galaxy3231 (d4f7a5f3-2cd4-40bf-b49f-e6b7300e0ce3): Резон?
[19:48:33] Nindly (eb4d01d7-785b-433a-88b6-26b920632b5b): И с земли будет столб света идти, там руда значит
[19:48:45] Nindly (eb4d01d7-785b-433a-88b6-26b920632b5b): +
[19:49:01] galaxy3231 (d4f7a5f3-2cd4-40bf-b49f-e6b7300e0ce3): Днём видно будет или ток ноч
[19:49:07] Nindly (eb4d01d7-785b-433a-88b6-26b920632b5b): Ночь
[19:49:10] galaxy3231 (d4f7a5f3-2cd4-40bf-b49f-e6b7300e0ce3): блэт
[19:49:27] Nindly (eb4d01d7-785b-433a-88b6-26b920632b5b): Этот мод весь ночью изучаеться по факту
[19:49:33] galaxy3231 (d4f7a5f3-2cd4-40bf-b49f-e6b7300e0ce3): Аа
[19:49:38] galaxy3231 (d4f7a5f3-2cd4-40bf-b49f-e6b7300e0ce3): Ну это пиздец
[19:49:42] galaxy3231 (d4f7a5f3-2cd4-40bf-b49f-e6b7300e0ce3): Но ладно
[19:49:42] Nindly (eb4d01d7-785b-433a-88b6-26b920632b5b): Есть такое
[19:51:18] Nindly (eb4d01d7-785b-433a-88b6-26b920632b5b): мобы тут бесят
[19:51:19] galaxy3231 (d4f7a5f3-2cd4-40bf-b49f-e6b7300e0ce3): sps
[19:51:24] galaxy3231 (d4f7a5f3-2cd4-40bf-b49f-e6b7300e0ce3): ну это да
[19:51:32] galaxy3231 (d4f7a5f3-2cd4-40bf-b49f-e6b7300e0ce3): на ртп тепнулся и дьявольский босс
[19:51:38] Nindly (eb4d01d7-785b-433a-88b6-26b920632b5b): ;D
[19:52:35] Nindly (eb4d01d7-785b-433a-88b6-26b920632b5b): книга кайф
[19:52:35] galaxy3231 (d4f7a5f3-2cd4-40bf-b49f-e6b7300e0ce3): о эндер книга
[19:52:37] galaxy3231 (d4f7a5f3-2cd4-40bf-b49f-e6b7300e0ce3): это нада
[19:56:04] Nindly (eb4d01d7-785b-433a-88b6-26b920632b5b): в самый низ
[19:56:11] galaxy3231 (d4f7a5f3-2cd4-40bf-b49f-e6b7300e0ce3): ну ебаный сыр
[19:56:16] galaxy3231 (d4f7a5f3-2cd4-40bf-b49f-e6b7300e0ce3): кирка сломалась
[19:56:18] Nindly (eb4d01d7-785b-433a-88b6-26b920632b5b): :D
[19:56:24] galaxy3231 (d4f7a5f3-2cd4-40bf-b49f-e6b7300e0ce3): а
[19:56:25] galaxy3231 (d4f7a5f3-2cd4-40bf-b49f-e6b7300e0ce3): ладно
[19:56:35] Nindly (eb4d01d7-785b-433a-88b6-26b920632b5b): тп домой
[19:56:46] Nindly (eb4d01d7-785b-433a-88b6-26b920632b5b): на
[19:56:57] galaxy3231 (d4f7a5f3-2cd4-40bf-b49f-e6b7300e0ce3): нано бур
[19:57:00] galaxy3231 (d4f7a5f3-2cd4-40bf-b49f-e6b7300e0ce3): это хорошо
[19:57:05] Nindly (eb4d01d7-785b-433a-88b6-26b920632b5b): да, 5х5
[19:57:15] galaxy3231 (d4f7a5f3-2cd4-40bf-b49f-e6b7300e0ce3): а
[19:57:24] galaxy3231 (d4f7a5f3-2cd4-40bf-b49f-e6b7300e0ce3): квп
[19:57:31] Nindly (eb4d01d7-785b-433a-88b6-26b920632b5b): хы
[19:57:38] Nindly (eb4d01d7-785b-433a-88b6-26b920632b5b): она тут пыль вообще
[19:57:48] galaxy3231 (d4f7a5f3-2cd4-40bf-b49f-e6b7300e0ce3): ну это да
[19:57:53] Nindly (eb4d01d7-785b-433a-88b6-26b920632b5b): у меня панелька на 5.4млн в тик не справляеться с материей
[19:57:55] galaxy3231 (d4f7a5f3-2cd4-40bf-b49f-e6b7300e0ce3): но для меня щас она еба
[19:57:55] Nindly (eb4d01d7-785b-433a-88b6-26b920632b5b): так что..
[19:58:01] Nindly (eb4d01d7-785b-433a-88b6-26b920632b5b): для тебя да
[22:15:38] AETERNAL (6015b02d-f272-4154-8209-5e3b23bbc09c): я?
[22:15:49] AETERNAL (6015b02d-f272-4154-8209-5e3b23bbc09c): магаз обновляю
[22:16:58] AETERNAL (6015b02d-f272-4154-8209-5e3b23bbc09c): угу
[22:25:16] Nindly (eb4d01d7-785b-433a-88b6-26b920632b5b): qq
[22:25:22] AETERNAL (6015b02d-f272-4154-8209-5e3b23bbc09c): q
[22:26:02] Nindly (eb4d01d7-785b-433a-88b6-26b920632b5b): я чет не могу найти реактор ядерный из иу
[22:26:07] Nindly (eb4d01d7-785b-433a-88b6-26b920632b5b): точнее его крафт
[22:26:12] AETERNAL (6015b02d-f272-4154-8209-5e3b23bbc09c): их нету
[22:26:14] AETERNAL (6015b02d-f272-4154-8209-5e3b23bbc09c): совсем
[22:26:30] Nindly (eb4d01d7-785b-433a-88b6-26b920632b5b): а как мне молекулярку сделать, там стержень использованый нужен
[22:26:43] AETERNAL (6015b02d-f272-4154-8209-5e3b23bbc09c): какой стержень
[22:27:00] Nindly (eb4d01d7-785b-433a-88b6-26b920632b5b): для обогатителя нужен уран
[22:27:10] AETERNAL (6015b02d-f272-4154-8209-5e3b23bbc09c): а зачем тебе реактор для этого
[22:27:18] Nindly (eb4d01d7-785b-433a-88b6-26b920632b5b): а как это ещё сделать :D
[22:27:25] AETERNAL (6015b02d-f272-4154-8209-5e3b23bbc09c): из руды
[22:27:28] AETERNAL (6015b02d-f272-4154-8209-5e3b23bbc09c): урановой
[22:27:48] Nindly (eb4d01d7-785b-433a-88b6-26b920632b5b): вот я тупой
[22:40:24] Nindly (eb4d01d7-785b-433a-88b6-26b920632b5b): Кхм
[22:40:28] Nindly (eb4d01d7-785b-433a-88b6-26b920632b5b): Ты тут ?
[22:42:11] AETERNAL (6015b02d-f272-4154-8209-5e3b23bbc09c): ?
[22:42:38] Nindly (eb4d01d7-785b-433a-88b6-26b920632b5b): Тут вещи с МЭ начали пропадать
[22:42:50] Nindly (eb4d01d7-785b-433a-88b6-26b920632b5b): А, не
[22:42:54] Nindly (eb4d01d7-785b-433a-88b6-26b920632b5b): Извиняюсь
[22:43:00] Nindly (eb4d01d7-785b-433a-88b6-26b920632b5b): Всё в порядке
[23:02:18] Nindly (eb4d01d7-785b-433a-88b6-26b920632b5b): А сдесь есть способы увеличить макс зачар ? Например, не удачу 3, а удачу 5
[23:02:45] AETERNAL (6015b02d-f272-4154-8209-5e3b23bbc09c): астал
[23:03:03] AETERNAL (6015b02d-f272-4154-8209-5e3b23bbc09c): стол переломления звёздного света
[23:03:07] AETERNAL (6015b02d-f272-4154-8209-5e3b23bbc09c): удача это хоро
[23:03:14] Nindly (eb4d01d7-785b-433a-88b6-26b920632b5b): Угусь, спасибо
[23:38:14] Nindly (eb4d01d7-785b-433a-88b6-26b920632b5b): Я немного политики цен не понял
[23:38:37] Nindly (eb4d01d7-785b-433a-88b6-26b920632b5b): Панель тёрна идёт в ките превилегии которая стоит почти 800 руб, а отдельно 1500
