[07:50:33] [CAPS] ProCto_DS (d3139add-473e-468f-9582-8b46bb0e237c): хаххаха
[07:50:36] ProCto_DS (d3139add-473e-468f-9582-8b46bb0e237c): ЕБАТЬ
[12:34:34] gluck97 (6e22b281-f6f7-4195-adf6-e456b6680156): о
[12:34:55] gluck97 (6e22b281-f6f7-4195-adf6-e456b6680156): посмотри крафт измельчителя
[12:36:32] gluck97 (6e22b281-f6f7-4195-adf6-e456b6680156): ку
[12:42:02] FetykArt (acd6896e-f945-4c63-802a-ca96eaeeb2f0): привет
[12:42:05] gluck97 (6e22b281-f6f7-4195-adf6-e456b6680156): ку
[12:42:08] gluck97 (6e22b281-f6f7-4195-adf6-e456b6680156): посмотри крафт измельчителя
[12:43:40] FetykArt (acd6896e-f945-4c63-802a-ca96eaeeb2f0): норм
[12:43:42] FetykArt (acd6896e-f945-4c63-802a-ca96eaeeb2f0): ,_,
[12:43:46] gluck97 (6e22b281-f6f7-4195-adf6-e456b6680156): играем?
[12:44:17] FetykArt (acd6896e-f945-4c63-802a-ca96eaeeb2f0): ну, посмотрим =3
[12:44:39] FetykArt (acd6896e-f945-4c63-802a-ca96eaeeb2f0): у меня зависло(
[12:51:18] gluck97 (6e22b281-f6f7-4195-adf6-e456b6680156): делать базу под землей?
[12:52:21] FetykArt (acd6896e-f945-4c63-802a-ca96eaeeb2f0): ты выкопать ее сможешь, под землёй то?
[12:52:27] gluck97 (6e22b281-f6f7-4195-adf6-e456b6680156): да
[12:52:37] FetykArt (acd6896e-f945-4c63-802a-ca96eaeeb2f0): тогда делай)
[12:56:48] gluck97 (6e22b281-f6f7-4195-adf6-e456b6680156): пиздец
[12:57:13] gluck97 (6e22b281-f6f7-4195-adf6-e456b6680156): 3 привата
[12:57:45] gluck97 (6e22b281-f6f7-4195-adf6-e456b6680156): 1 ghbdfn yf 3 xfyrf
[12:57:48] gluck97 (6e22b281-f6f7-4195-adf6-e456b6680156): 1 приват на 3 чанка
[13:00:06] gluck97 (6e22b281-f6f7-4195-adf6-e456b6680156): тебе не нужны?
[13:27:38] gluck97 (6e22b281-f6f7-4195-adf6-e456b6680156): ты тут?
[13:28:54] FetykArt (acd6896e-f945-4c63-802a-ca96eaeeb2f0): ща да.
[13:29:07] gluck97 (6e22b281-f6f7-4195-adf6-e456b6680156): убери озеро и тросник
[13:36:11] gluck97 (6e22b281-f6f7-4195-adf6-e456b6680156): мне нужна охрана
[13:41:42] gluck97 (6e22b281-f6f7-4195-adf6-e456b6680156): уберешь 1 слой земли ?
[13:42:08] Nindly (eb4d01d7-785b-433a-88b6-26b920632b5b): q
[13:42:12] Nindly (eb4d01d7-785b-433a-88b6-26b920632b5b): соседи
[13:42:13] gluck97 (6e22b281-f6f7-4195-adf6-e456b6680156): ку
[13:43:03] gluck97 (6e22b281-f6f7-4195-adf6-e456b6680156): давно играешь?
[13:43:13] Nindly (eb4d01d7-785b-433a-88b6-26b920632b5b): я ?
[13:43:15] gluck97 (6e22b281-f6f7-4195-adf6-e456b6680156): да
[13:43:20] Nindly (eb4d01d7-785b-433a-88b6-26b920632b5b): 6 часов наиграл
[13:43:40] Nindly (eb4d01d7-785b-433a-88b6-26b920632b5b): у меня база 100 блоков от вас
[13:43:59] gluck97 (6e22b281-f6f7-4195-adf6-e456b6680156): на горе?
[13:44:01] Nindly (eb4d01d7-785b-433a-88b6-26b920632b5b): да
[13:53:07] Nindly (eb4d01d7-785b-433a-88b6-26b920632b5b): ты уже докопал ?\
[13:53:11] Nindly (eb4d01d7-785b-433a-88b6-26b920632b5b): или ещё будешь ?
[13:53:39] Nindly (eb4d01d7-785b-433a-88b6-26b920632b5b): он тут ?
[13:53:57] Nindly (eb4d01d7-785b-433a-88b6-26b920632b5b): подожду
[13:55:51] Nindly (eb4d01d7-785b-433a-88b6-26b920632b5b): чат
[13:55:53] Nindly (eb4d01d7-785b-433a-88b6-26b920632b5b): прочитай
[13:56:14] Nindly (eb4d01d7-785b-433a-88b6-26b920632b5b): ты уже докопал ?
[13:56:17] Nindly (eb4d01d7-785b-433a-88b6-26b920632b5b): или ещё будешь ?
[13:56:22] gluck97 (6e22b281-f6f7-4195-adf6-e456b6680156): буду
[13:56:31] Nindly (eb4d01d7-785b-433a-88b6-26b920632b5b): на, я вернусь через пол часа
[13:56:35] gluck97 (6e22b281-f6f7-4195-adf6-e456b6680156): спасибо
[13:56:36] Nindly (eb4d01d7-785b-433a-88b6-26b920632b5b): можешь пока пользоваться
[13:56:36] gluck97 (6e22b281-f6f7-4195-adf6-e456b6680156): ок
[13:58:28] FetykArt (acd6896e-f945-4c63-802a-ca96eaeeb2f0): ._.
[13:58:32] FetykArt (acd6896e-f945-4c63-802a-ca96eaeeb2f0): я хлеб потерял
[13:58:55] gluck97 (6e22b281-f6f7-4195-adf6-e456b6680156): а броня?
[13:58:59] FetykArt (acd6896e-f945-4c63-802a-ca96eaeeb2f0): в сундуке
[13:59:13] FetykArt (acd6896e-f945-4c63-802a-ca96eaeeb2f0): я ток хлеб взял
[14:07:01] FetykArt (acd6896e-f945-4c63-802a-ca96eaeeb2f0): ?
[14:07:04] gluck97 (6e22b281-f6f7-4195-adf6-e456b6680156): помоги выкопать
[14:07:14] FetykArt (acd6896e-f945-4c63-802a-ca96eaeeb2f0): чё это было
[14:07:19] gluck97 (6e22b281-f6f7-4195-adf6-e456b6680156): ??
[14:07:29] FetykArt (acd6896e-f945-4c63-802a-ca96eaeeb2f0): там слайм какой то летал и умер в блоке
[14:07:38] gluck97 (6e22b281-f6f7-4195-adf6-e456b6680156): хз
[14:07:47] gluck97 (6e22b281-f6f7-4195-adf6-e456b6680156): щас вернусь
[14:08:49] FetykArt (acd6896e-f945-4c63-802a-ca96eaeeb2f0): тфу
[14:10:58] Nindly (eb4d01d7-785b-433a-88b6-26b920632b5b): на
[14:11:09] Nindly (eb4d01d7-785b-433a-88b6-26b920632b5b): этот лучше будет
[14:11:14] Nindly (eb4d01d7-785b-433a-88b6-26b920632b5b): пока им пользуйся
[14:11:23] Nindly (eb4d01d7-785b-433a-88b6-26b920632b5b): как сядет, напишешь
[14:11:29] Nindly (eb4d01d7-785b-433a-88b6-26b920632b5b): только дай тот бур
[14:16:42] gluck97 (6e22b281-f6f7-4195-adf6-e456b6680156): спасибо
[14:16:51] Nindly (eb4d01d7-785b-433a-88b6-26b920632b5b): обращайтесь
[14:45:49] gluck97 (6e22b281-f6f7-4195-adf6-e456b6680156): ты тукстуры врубал?
[14:45:53] FetykArt (acd6896e-f945-4c63-802a-ca96eaeeb2f0): ?
[14:45:58] FetykArt (acd6896e-f945-4c63-802a-ca96eaeeb2f0): неа
[14:46:11] gluck97 (6e22b281-f6f7-4195-adf6-e456b6680156): вроде норм они
[14:46:12] FetykArt (acd6896e-f945-4c63-802a-ca96eaeeb2f0): а надо?
[14:46:21] gluck97 (6e22b281-f6f7-4195-adf6-e456b6680156): +
[14:47:51] FetykArt (acd6896e-f945-4c63-802a-ca96eaeeb2f0): непривычно.
[14:47:55] gluck97 (6e22b281-f6f7-4195-adf6-e456b6680156): +
[14:48:23] FetykArt (acd6896e-f945-4c63-802a-ca96eaeeb2f0): *вкусный перекус под фонк*
[14:50:19] gluck97 (6e22b281-f6f7-4195-adf6-e456b6680156): убей
[14:51:09] FetykArt (acd6896e-f945-4c63-802a-ca96eaeeb2f0): ты кристаллы из таума вообще не собирал?
[14:51:17] gluck97 (6e22b281-f6f7-4195-adf6-e456b6680156): мало
[14:54:01] FetykArt (acd6896e-f945-4c63-802a-ca96eaeeb2f0): фух
[14:55:00] FetykArt (acd6896e-f945-4c63-802a-ca96eaeeb2f0): харош
[14:55:03] gluck97 (6e22b281-f6f7-4195-adf6-e456b6680156): fuf
[14:55:05] gluck97 (6e22b281-f6f7-4195-adf6-e456b6680156): ага
[14:56:15] FetykArt (acd6896e-f945-4c63-802a-ca96eaeeb2f0): шифт пкм вроде как скинуть можно...
[14:56:20] FetykArt (acd6896e-f945-4c63-802a-ca96eaeeb2f0): не?
[14:57:27] gluck97 (6e22b281-f6f7-4195-adf6-e456b6680156): жалко 37 лвл
[14:57:38] FetykArt (acd6896e-f945-4c63-802a-ca96eaeeb2f0): 48
[14:57:40] FetykArt (acd6896e-f945-4c63-802a-ca96eaeeb2f0): =3
[15:10:57] FetykArt (acd6896e-f945-4c63-802a-ca96eaeeb2f0): у меня плейлист крутой. как ночь - так будто из хорора песня.
[15:22:25] Nindly (eb4d01d7-785b-433a-88b6-26b920632b5b): Куплю повреждённые осколки/камни
[15:31:26] Shick (1e509a89-d5e1-4571-bec0-bbd919826fe9): похуй давай
[15:31:27] Nindly (eb4d01d7-785b-433a-88b6-26b920632b5b): Вот эта
[15:31:29] Shick (1e509a89-d5e1-4571-bec0-bbd919826fe9): пойдет)
[15:31:40] Shick (1e509a89-d5e1-4571-bec0-bbd919826fe9): они?
[15:31:43] Nindly (eb4d01d7-785b-433a-88b6-26b920632b5b): да
[15:31:46] Shick (1e509a89-d5e1-4571-bec0-bbd919826fe9): а зачем?
[15:32:03] Nindly (eb4d01d7-785b-433a-88b6-26b920632b5b): дивайн развивать, мне лень ферму мобов строить
[15:32:09] Shick (1e509a89-d5e1-4571-bec0-bbd919826fe9): понял
[15:32:11] Shick (1e509a89-d5e1-4571-bec0-bbd919826fe9): ну удачи
[15:32:19] Nindly (eb4d01d7-785b-433a-88b6-26b920632b5b): о, есть вопрос
[15:32:22] Shick (1e509a89-d5e1-4571-bec0-bbd919826fe9): м?
[15:32:31] Nindly (eb4d01d7-785b-433a-88b6-26b920632b5b): где ты нашёл структуру для крафта первого верстака из астрала
[15:32:40] Shick (1e509a89-d5e1-4571-bec0-bbd919826fe9): этого что ли?
[15:32:44] Nindly (eb4d01d7-785b-433a-88b6-26b920632b5b): да
[15:32:50] Shick (1e509a89-d5e1-4571-bec0-bbd919826fe9): а
[15:32:51] Nindly (eb4d01d7-785b-433a-88b6-26b920632b5b): я пень в этом моде
[15:32:55] Nindly (eb4d01d7-785b-433a-88b6-26b920632b5b): а он тут нужен
[15:32:55] Shick (1e509a89-d5e1-4571-bec0-bbd919826fe9): я тоже
[15:32:58] Nindly (eb4d01d7-785b-433a-88b6-26b920632b5b): блэ
[15:33:00] Shick (1e509a89-d5e1-4571-bec0-bbd919826fe9): сам гайды смотрел
[15:33:06] Shick (1e509a89-d5e1-4571-bec0-bbd919826fe9): как мне сказали
[15:33:08] Nindly (eb4d01d7-785b-433a-88b6-26b920632b5b): понял
[15:33:15] Shick (1e509a89-d5e1-4571-bec0-bbd919826fe9): тут нету кристалаа какого та
[15:33:17] Shick (1e509a89-d5e1-4571-bec0-bbd919826fe9): и крч
[15:33:20] Shick (1e509a89-d5e1-4571-bec0-bbd919826fe9): берешь ресы
[15:33:23] Shick (1e509a89-d5e1-4571-bec0-bbd919826fe9): на этот верстак
[15:33:30] Shick (1e509a89-d5e1-4571-bec0-bbd919826fe9): и пиздуешь на /warp astral
[15:33:33] Shick (1e509a89-d5e1-4571-bec0-bbd919826fe9): и там его крафтишь
[15:33:34] Nindly (eb4d01d7-785b-433a-88b6-26b920632b5b): уууу
[15:33:42] Shick (1e509a89-d5e1-4571-bec0-bbd919826fe9): но я ебал этот астрад
[15:33:43] Nindly (eb4d01d7-785b-433a-88b6-26b920632b5b): понял, спасибо
[15:33:45] Nindly (eb4d01d7-785b-433a-88b6-26b920632b5b): +
[15:33:50] Nindly (eb4d01d7-785b-433a-88b6-26b920632b5b): удачи
[15:33:52] Shick (1e509a89-d5e1-4571-bec0-bbd919826fe9): и тебе
[15:38:24] Shick (1e509a89-d5e1-4571-bec0-bbd919826fe9): Как тут зерна бесконечности делаются?
[15:38:38] Nergaloff (88da800e-1614-4c65-ace8-c18f7e99e914): как обычно, огнем на бедрок
[15:38:55] Shick (1e509a89-d5e1-4571-bec0-bbd919826fe9): 50% шанс?
[15:39:17] Nergaloff (88da800e-1614-4c65-ace8-c18f7e99e914): хз наверно, шанс не меняли вроде
[15:39:30] Shick (1e509a89-d5e1-4571-bec0-bbd919826fe9): Тупо просто огнивом бедрок поджигать?
[15:39:55] Nergaloff (88da800e-1614-4c65-ace8-c18f7e99e914): можешь огнивом, можешь автоматизировать воспламенителем
[15:40:13] Shick (1e509a89-d5e1-4571-bec0-bbd919826fe9): В обычном мире или в аду?
[15:40:16] Nergaloff (88da800e-1614-4c65-ace8-c18f7e99e914): в об
[15:40:22] Nergaloff (88da800e-1614-4c65-ace8-c18f7e99e914): наверно и в аду можно
[15:41:48] Shick (1e509a89-d5e1-4571-bec0-bbd919826fe9): прям так?
[15:42:02] Shick (1e509a89-d5e1-4571-bec0-bbd919826fe9): сори
[15:42:12] Shick (1e509a89-d5e1-4571-bec0-bbd919826fe9): а как так то
[15:42:13] Nergaloff (88da800e-1614-4c65-ace8-c18f7e99e914): ну типа того
[15:42:15] Shick (1e509a89-d5e1-4571-bec0-bbd919826fe9): я также делал
[15:54:24] FetykArt (acd6896e-f945-4c63-802a-ca96eaeeb2f0): спасибо хоть не сбросил
[15:54:29] gluck97 (6e22b281-f6f7-4195-adf6-e456b6680156): f[f[f\
[15:54:31] gluck97 (6e22b281-f6f7-4195-adf6-e456b6680156): аххаха
[15:54:33] gluck97 (6e22b281-f6f7-4195-adf6-e456b6680156): паркурист
[15:56:09] FetykArt (acd6896e-f945-4c63-802a-ca96eaeeb2f0): *звук попкорна*
[15:56:15] gluck97 (6e22b281-f6f7-4195-adf6-e456b6680156): ага
[18:06:26] Nergaloff (88da800e-1614-4c65-ace8-c18f7e99e914): любопытной Варваре на базаре нос оторвали
[18:07:10] Nergaloff (88da800e-1614-4c65-ace8-c18f7e99e914): это не шутка, а рекомендация
[18:07:44] Nergaloff (88da800e-1614-4c65-ace8-c18f7e99e914): жаль
[18:15:48] Nergaloff (88da800e-1614-4c65-ace8-c18f7e99e914): да, кидаешь в лужу звездного света горный кристалл и звездную пыль, секунд через 5-10 образуется кластер и растет некоторое время
