[21:24:54] Swat99Swat (9ce303e4-8a19-4d67-82f9-74ca7bafa055): Хай
[21:25:03] AETERNAL (6015b02d-f272-4154-8209-5e3b23bbc09c): хай)
[21:25:22] AETERNAL (6015b02d-f272-4154-8209-5e3b23bbc09c): новая порция усложнений от админа приехала
[21:25:35] Swat99Swat (9ce303e4-8a19-4d67-82f9-74ca7bafa055): А я только надпись на базе сделал
[21:25:44] Swat99Swat (9ce303e4-8a19-4d67-82f9-74ca7bafa055): И тут те на
[21:26:23] AETERNAL (6015b02d-f272-4154-8209-5e3b23bbc09c): ну я ещё не залил, так что живём пока
[21:26:36] Swat99Swat (9ce303e4-8a19-4d67-82f9-74ca7bafa055): Чё там опять нахимичил ?
[21:27:08] AETERNAL (6015b02d-f272-4154-8209-5e3b23bbc09c): семена Myst agr и реакторы
[21:27:13] Swat99Swat (9ce303e4-8a19-4d67-82f9-74ca7bafa055): ооо
[21:27:24] AETERNAL (6015b02d-f272-4154-8209-5e3b23bbc09c): а то там крафт слишком лёгкий у семян
[21:27:33] AETERNAL (6015b02d-f272-4154-8209-5e3b23bbc09c): нефиг делать той эссенции
[21:27:43] AETERNAL (6015b02d-f272-4154-8209-5e3b23bbc09c): у меня в мэ 4к из ниоткуда валяется
[21:31:13] AETERNAL (6015b02d-f272-4154-8209-5e3b23bbc09c): да и зашёл на часик отдохнуть от этого всего
[21:31:42] Swat99Swat (9ce303e4-8a19-4d67-82f9-74ca7bafa055): Это правильно
[21:34:52] AETERNAL (6015b02d-f272-4154-8209-5e3b23bbc09c): у меня щас лабы в унике
[21:34:59] AETERNAL (6015b02d-f272-4154-8209-5e3b23bbc09c): дистанционка
[21:35:04] Swat99Swat (9ce303e4-8a19-4d67-82f9-74ca7bafa055): У моих друганов дипломы ))
[21:35:16] Swat99Swat (9ce303e4-8a19-4d67-82f9-74ca7bafa055): А я после 9 ушел в технарь и на завод
[21:35:41] AETERNAL (6015b02d-f272-4154-8209-5e3b23bbc09c): паралельно готовлюсь к экзамену за 11 класс в Канаде
[21:35:49] AETERNAL (6015b02d-f272-4154-8209-5e3b23bbc09c): нужен чёртов документ
[21:35:58] AETERNAL (6015b02d-f272-4154-8209-5e3b23bbc09c): без него никуда тут
[21:36:11] AETERNAL (6015b02d-f272-4154-8209-5e3b23bbc09c): у меня друг так же
[21:36:13] AETERNAL (6015b02d-f272-4154-8209-5e3b23bbc09c): ну почти
[22:17:26] AETERNAL (6015b02d-f272-4154-8209-5e3b23bbc09c): кого
[22:17:30] Swat99Swat (9ce303e4-8a19-4d67-82f9-74ca7bafa055): ?
[22:56:58] Swat99Swat (9ce303e4-8a19-4d67-82f9-74ca7bafa055): Мда первый раз предмет просрал
[23:02:12] AETERNAL (6015b02d-f272-4154-8209-5e3b23bbc09c): база
