[00:50:47] AETERNAL (2a076cce-e954-3b8a-9aca-88a547c55f73): привет
[00:51:39] AETERNAL (2a076cce-e954-3b8a-9aca-88a547c55f73): ты тут? #_#
[10:18:23] PrySHio (53d10e20-e320-4876-a33a-c9b8e5781449): 1
[14:30:04] Jenya_SINS (4c0b0d0c-f375-4478-b341-24dd0572e207): fffffff
[14:30:14] Jenya_SINS (4c0b0d0c-f375-4478-b341-24dd0572e207): аааааааааааааааааааааааааааааааааааааа
[14:30:53] Jenya_SINS (4c0b0d0c-f375-4478-b341-24dd0572e207): аааааааааааааааааааааааааааааааааааааааааааааааааааааааааааааааааааааааааааааааааааааааааааааааааааааааааааааааааааааааааааааааааааа
[14:32:42] [CAPS] Jenya_SINS (4c0b0d0c-f375-4478-b341-24dd0572e207): бляяяяяяяяяяяяяяяяя\ъ
[14:35:58] Jenya_SINS (4c0b0d0c-f375-4478-b341-24dd0572e207): аааааааааааааааааааааааааааааааааааааааааааааааааааааааааааааааааааааааааааааааааааааааааааааааааааааааааааааааааааааааааааааааааааа
[14:36:42] Jenya_SINS (4c0b0d0c-f375-4478-b341-24dd0572e207): аааааааааааааааааааааааааааааааааааааааааааааааааааааааааааааааааааааааааааааааааааааааааааааааааааааааааааааааааааааааааааааааааааа
[14:36:57] Jenya_SINS (4c0b0d0c-f375-4478-b341-24dd0572e207): аааааааааааааааааааааааааааааааааааааааааааааааааааааааааааааааааааааааааааааааааааааааааааааааааааааааааааааааааааааааааааааааааааа
[14:36:59] Jenya_SINS (4c0b0d0c-f375-4478-b341-24dd0572e207): аааааааааааааааааааааааааааааааааааааааааааааааааааааааааааааааааааааааааааааааааааааааааааааааааааааааааааааааааааааааааааааааааааа
[14:37:00] Jenya_SINS (4c0b0d0c-f375-4478-b341-24dd0572e207): аааааааааааааааааааааааааааааааааааааааааааааааааааааааааааааааааааааааааааааааааааааааааааааааааааааааааааааааааааааааааааааааааааа
[14:37:01] Jenya_SINS (4c0b0d0c-f375-4478-b341-24dd0572e207): аааааааааааааааааааааааааааааааааааааааааааааааааааааааааааааааааааааааааааааааааааааааааааааааааааааааааааааааааааааааааааааааааааа
[14:37:02] Jenya_SINS (4c0b0d0c-f375-4478-b341-24dd0572e207): аааааааааааааааааааааааааааааааааааааааааааааааааааааааааааааааааааааааааааааааааааааааааааааааааааааааааааааааааааааааааааааааааааа
[14:37:28] Jenya_SINS (4c0b0d0c-f375-4478-b341-24dd0572e207): аааааааааааааааааааааааааааааааааааааааааааааааааааааааааааааааааааааааааааааааааааааааааааааааааааааааааааааааааааааааааааааааааааа
[14:40:40] Jenya_SINS (4c0b0d0c-f375-4478-b341-24dd0572e207): прими тп
[16:15:35] kostay125 (ff6b6eb1-7e48-4156-ba68-7c176a0a6051): ляг спать пж
[16:15:51] PrySHio (53d10e20-e320-4876-a33a-c9b8e5781449): Сплю
[16:17:07] PrySHio (53d10e20-e320-4876-a33a-c9b8e5781449): Спишь?
[16:17:15] PrySHio (53d10e20-e320-4876-a33a-c9b8e5781449): Спишь?
[16:17:19] kostay125 (ff6b6eb1-7e48-4156-ba68-7c176a0a6051): да
[16:17:24] PrySHio (53d10e20-e320-4876-a33a-c9b8e5781449): Пон
[16:17:27] PrySHio (53d10e20-e320-4876-a33a-c9b8e5781449): Пон
[16:17:42] PrySHio (53d10e20-e320-4876-a33a-c9b8e5781449): Считай поспали)
[16:17:51] kostay125 (ff6b6eb1-7e48-4156-ba68-7c176a0a6051): ок
[16:17:59] PrySHio (53d10e20-e320-4876-a33a-c9b8e5781449): Оно почему то не скипает ночь
[16:18:04] PrySHio (53d10e20-e320-4876-a33a-c9b8e5781449): Просто беск лежишь
[16:18:18] kostay125 (ff6b6eb1-7e48-4156-ba68-7c176a0a6051): замети
[16:18:36] kostay125 (ff6b6eb1-7e48-4156-ba68-7c176a0a6051): а поч ты игрок ?
[16:18:48] PrySHio (53d10e20-e320-4876-a33a-c9b8e5781449): Я игрок но ник то красный
[16:19:03] kostay125 (ff6b6eb1-7e48-4156-ba68-7c176a0a6051): я вижу что к тебя op
[16:19:14] PrySHio (53d10e20-e320-4876-a33a-c9b8e5781449): У меняж опка а не привилегия
[16:20:02] PrySHio (53d10e20-e320-4876-a33a-c9b8e5781449): Жеский
[16:20:45] kostay125 (ff6b6eb1-7e48-4156-ba68-7c176a0a6051): а что у сервера выделенно всего 4гб озу?
[16:21:30] AETERNAL (6015b02d-f272-4154-8209-5e3b23bbc09c): .
[16:21:38] PrySHio (53d10e20-e320-4876-a33a-c9b8e5781449): .
[16:21:50] kostay125 (ff6b6eb1-7e48-4156-ba68-7c176a0a6051): о админку у чела забрали :)
[16:21:57] PrySHio (53d10e20-e320-4876-a33a-c9b8e5781449): Не у него опка
[16:22:11] kostay125 (ff6b6eb1-7e48-4156-ba68-7c176a0a6051): ааа
[16:22:20] kostay125 (ff6b6eb1-7e48-4156-ba68-7c176a0a6051): понятно
[16:22:41] AETERNAL (6015b02d-f272-4154-8209-5e3b23bbc09c): kostay125 проверь пожалуйста функцию добавления участников
[16:22:57] PrySHio (53d10e20-e320-4876-a33a-c9b8e5781449): Мож нах этот ворлж эдит для приватов?
[16:23:03] AETERNAL (6015b02d-f272-4154-8209-5e3b23bbc09c): гений
[16:23:08] PrySHio (53d10e20-e320-4876-a33a-c9b8e5781449): Использовать приваты от ftb
[16:23:30] AETERNAL (6015b02d-f272-4154-8209-5e3b23bbc09c): куда он
[16:23:37] PrySHio (53d10e20-e320-4876-a33a-c9b8e5781449): Не выдержал)
[16:24:59] PrySHio (53d10e20-e320-4876-a33a-c9b8e5781449): Щас мехи рвать будем
[16:26:52] PrySHio (53d10e20-e320-4876-a33a-c9b8e5781449): Элита
[16:52:33] kostay125 (ff6b6eb1-7e48-4156-ba68-7c176a0a6051): выйде с сеовеоа я посплю
[16:56:06] AETERNAL (6015b02d-f272-4154-8209-5e3b23bbc09c): сон исправлю
[16:56:16] kostay125 (ff6b6eb1-7e48-4156-ba68-7c176a0a6051): ок
[17:06:52] AETERNAL (6015b02d-f272-4154-8209-5e3b23bbc09c): kostay125 проверь пожалуйста флаги теперь
[17:07:05] AETERNAL (6015b02d-f272-4154-8209-5e3b23bbc09c): use, chest-access
[17:07:07] AETERNAL (6015b02d-f272-4154-8209-5e3b23bbc09c): сперва
[17:07:36] kostay125 (ff6b6eb1-7e48-4156-ba68-7c176a0a6051): ща проверю
[17:08:13] Jenya_SINS (4c0b0d0c-f375-4478-b341-24dd0572e207): rr
[17:08:41] AETERNAL (6015b02d-f272-4154-8209-5e3b23bbc09c): привет
[17:09:31] Jenya_SINS (4c0b0d0c-f375-4478-b341-24dd0572e207): f
[17:09:33] Jenya_SINS (4c0b0d0c-f375-4478-b341-24dd0572e207): а
[17:09:34] kostay125 (ff6b6eb1-7e48-4156-ba68-7c176a0a6051): можно тебя в дс?
[17:09:44] AETERNAL (6015b02d-f272-4154-8209-5e3b23bbc09c): я не могу сейчас
[17:09:47] Jenya_SINS (4c0b0d0c-f375-4478-b341-24dd0572e207): ти админ?
[17:09:49] AETERNAL (6015b02d-f272-4154-8209-5e3b23bbc09c): rg info
[17:10:03] kostay125 (ff6b6eb1-7e48-4156-ba68-7c176a0a6051): флаги работают
[17:10:09] Jenya_SINS (4c0b0d0c-f375-4478-b341-24dd0572e207): если я покажу один дюп будет вознограждение?
[17:10:21] Jenya_SINS (4c0b0d0c-f375-4478-b341-24dd0572e207): адмиин
[17:10:25] Jenya_SINS (4c0b0d0c-f375-4478-b341-24dd0572e207): ауу
[17:11:56] Jenya_SINS (4c0b0d0c-f375-4478-b341-24dd0572e207): слушай
[17:15:10] AETERNAL (6015b02d-f272-4154-8209-5e3b23bbc09c): да
[17:15:18] AETERNAL (6015b02d-f272-4154-8209-5e3b23bbc09c): ?
[17:16:11] AETERNAL (6015b02d-f272-4154-8209-5e3b23bbc09c): можно тебя попросить
[17:16:26] Jenya_SINS (4c0b0d0c-f375-4478-b341-24dd0572e207): э
[17:16:31] AETERNAL (6015b02d-f272-4154-8209-5e3b23bbc09c): слушай
[17:16:36] AETERNAL (6015b02d-f272-4154-8209-5e3b23bbc09c): надо помощи твоей
[17:16:40] Jenya_SINS (4c0b0d0c-f375-4478-b341-24dd0572e207): я?
[17:16:41] AETERNAL (6015b02d-f272-4154-8209-5e3b23bbc09c): создай рг любой
[17:16:47] Jenya_SINS (4c0b0d0c-f375-4478-b341-24dd0572e207): ящ
[17:16:49] Jenya_SINS (4c0b0d0c-f375-4478-b341-24dd0572e207): щя
[17:16:51] Jenya_SINS (4c0b0d0c-f375-4478-b341-24dd0572e207): как7
[17:16:51] AETERNAL (6015b02d-f272-4154-8209-5e3b23bbc09c): 10 на 10 например
[17:17:03] AETERNAL (6015b02d-f272-4154-8209-5e3b23bbc09c): .//wand
[17:17:31] Jenya_SINS (4c0b0d0c-f375-4478-b341-24dd0572e207): а где сетка
[17:17:37] AETERNAL (6015b02d-f272-4154-8209-5e3b23bbc09c): пока что так
[17:17:44] AETERNAL (6015b02d-f272-4154-8209-5e3b23bbc09c): давай, клейми
[17:17:52] Jenya_SINS (4c0b0d0c-f375-4478-b341-24dd0572e207): dc`
[17:17:55] Jenya_SINS (4c0b0d0c-f375-4478-b341-24dd0572e207): всё
[17:18:05] Jenya_SINS (4c0b0d0c-f375-4478-b341-24dd0572e207): а как добавить?
[17:18:22] AETERNAL (6015b02d-f272-4154-8209-5e3b23bbc09c): ./rg flag 4 use deny
[17:18:27] AETERNAL (6015b02d-f272-4154-8209-5e3b23bbc09c): пропиши ка
[17:18:37] AETERNAL (6015b02d-f272-4154-8209-5e3b23bbc09c): ./rg addmember 4 AETERNAL
[17:18:46] Jenya_SINS (4c0b0d0c-f375-4478-b341-24dd0572e207): rg flag 4 use deny
[17:18:56] Jenya_SINS (4c0b0d0c-f375-4478-b341-24dd0572e207): ю донт хев
[17:19:05] AETERNAL (6015b02d-f272-4154-8209-5e3b23bbc09c): прав нет?
[17:19:44] Jenya_SINS (4c0b0d0c-f375-4478-b341-24dd0572e207): 5 мин
[17:20:03] Jenya_SINS (4c0b0d0c-f375-4478-b341-24dd0572e207): щя
[17:20:04] Jenya_SINS (4c0b0d0c-f375-4478-b341-24dd0572e207): да
[17:20:27] Jenya_SINS (4c0b0d0c-f375-4478-b341-24dd0572e207): добавил
[17:20:30] Jenya_SINS (4c0b0d0c-f375-4478-b341-24dd0572e207): тебя
[17:21:18] AETERNAL (6015b02d-f272-4154-8209-5e3b23bbc09c): ещё раз флаг попробуй
[17:21:29] Jenya_SINS (4c0b0d0c-f375-4478-b341-24dd0572e207): dc`
[17:21:30] Jenya_SINS (4c0b0d0c-f375-4478-b341-24dd0572e207): всё
[17:21:40] AETERNAL (6015b02d-f272-4154-8209-5e3b23bbc09c): chest-access?
[17:21:49] Jenya_SINS (4c0b0d0c-f375-4478-b341-24dd0572e207): курент флагс усе DENY
[17:23:07] Jenya_SINS (4c0b0d0c-f375-4478-b341-24dd0572e207): (Сurrent flags: use: DENY)
[17:23:21] AETERNAL (6015b02d-f272-4154-8209-5e3b23bbc09c): ./rg flag 4 pvp deny
[17:23:45] kostay125 (ff6b6eb1-7e48-4156-ba68-7c176a0a6051): ./rg flag kostay125 invincible allow верни флаг пж
[17:23:56] AETERNAL (6015b02d-f272-4154-8209-5e3b23bbc09c): не будет его)
[17:24:26] Jenya_SINS (4c0b0d0c-f375-4478-b341-24dd0572e207): всё
[17:24:33] AETERNAL (6015b02d-f272-4154-8209-5e3b23bbc09c): о, затмение
[17:24:38] AETERNAL (6015b02d-f272-4154-8209-5e3b23bbc09c): наслаждайтесь
[17:24:45] Jenya_SINS (4c0b0d0c-f375-4478-b341-24dd0572e207): слушай
[17:25:13] AETERNAL (6015b02d-f272-4154-8209-5e3b23bbc09c): проверьте пожалуйста use,pvp,chest-access,lava-fire,fire-spread
[17:25:30] Jenya_SINS (4c0b0d0c-f375-4478-b341-24dd0572e207): как
[17:26:12] AETERNAL (6015b02d-f272-4154-8209-5e3b23bbc09c): ./rg flag название_рг название_флага deny/allow
[17:26:48] kostay125 (ff6b6eb1-7e48-4156-ba68-7c176a0a6051): работает
[17:27:27] AETERNAL (6015b02d-f272-4154-8209-5e3b23bbc09c): хорошо, надеюсь знаете для чего каждый флаг и что он даёт
[17:27:42] AETERNAL (6015b02d-f272-4154-8209-5e3b23bbc09c): nfr
[17:27:42] Jenya_SINS (4c0b0d0c-f375-4478-b341-24dd0572e207): cnjq
[17:27:44] AETERNAL (6015b02d-f272-4154-8209-5e3b23bbc09c): так
[17:27:45] Jenya_SINS (4c0b0d0c-f375-4478-b341-24dd0572e207): стой
[17:27:48] Jenya_SINS (4c0b0d0c-f375-4478-b341-24dd0572e207): слушай
[17:27:49] AETERNAL (6015b02d-f272-4154-8209-5e3b23bbc09c): что там дальше у нас по плане
[17:27:51] AETERNAL (6015b02d-f272-4154-8209-5e3b23bbc09c): у
[17:27:55] AETERNAL (6015b02d-f272-4154-8209-5e3b23bbc09c): говори
[17:28:10] Jenya_SINS (4c0b0d0c-f375-4478-b341-24dd0572e207): если дюп покажу будет вознограждение?
[17:28:34] AETERNAL (6015b02d-f272-4154-8209-5e3b23bbc09c): ну показывай что там у тебя
[17:28:51] Jenya_SINS (4c0b0d0c-f375-4478-b341-24dd0572e207): вознограждение будет?
[17:29:12] AETERNAL (6015b02d-f272-4154-8209-5e3b23bbc09c): зависит от того что покажешь)
[17:29:27] Jenya_SINS (4c0b0d0c-f375-4478-b341-24dd0572e207): гм можешь дать на сек
[17:29:32] AETERNAL (6015b02d-f272-4154-8209-5e3b23bbc09c): нет
[17:29:38] Jenya_SINS (4c0b0d0c-f375-4478-b341-24dd0572e207): а ресы?
[17:29:46] Jenya_SINS (4c0b0d0c-f375-4478-b341-24dd0572e207): для дюпа
[17:30:10] AETERNAL (6015b02d-f272-4154-8209-5e3b23bbc09c): как дойдёшь до того что тебе нужно, тогда и поговорим)
[17:30:39] Jenya_SINS (4c0b0d0c-f375-4478-b341-24dd0572e207): жезл месы, голодный сундук и мана и предмет для дюра
[17:30:46] Jenya_SINS (4c0b0d0c-f375-4478-b341-24dd0572e207): всё
[17:31:25] Jenya_SINS (4c0b0d0c-f375-4478-b341-24dd0572e207): если даш покажу и дам дюпнутое
[17:32:24] Jenya_SINS (4c0b0d0c-f375-4478-b341-24dd0572e207): щя
[17:33:08] AETERNAL (6015b02d-f272-4154-8209-5e3b23bbc09c): ну давай
[17:33:12] AETERNAL (6015b02d-f272-4154-8209-5e3b23bbc09c): показывай
[17:33:21] Jenya_SINS (4c0b0d0c-f375-4478-b341-24dd0572e207): мана
[17:33:26] Jenya_SINS (4c0b0d0c-f375-4478-b341-24dd0572e207): планшет
[17:33:35] kostay125 (ff6b6eb1-7e48-4156-ba68-7c176a0a6051): убери взрывы криперов
[17:34:09] Jenya_SINS (4c0b0d0c-f375-4478-b341-24dd0572e207): щя
[17:35:10] Jenya_SINS (4c0b0d0c-f375-4478-b341-24dd0572e207): дай блок
[17:35:28] AETERNAL (6015b02d-f272-4154-8209-5e3b23bbc09c): вот шерсть
[17:35:35] AETERNAL (6015b02d-f272-4154-8209-5e3b23bbc09c): хотя не понимаю какая разница
[17:35:51] AETERNAL (6015b02d-f272-4154-8209-5e3b23bbc09c): что то что то item
[17:36:35] AETERNAL (6015b02d-f272-4154-8209-5e3b23bbc09c): чёт твой дюп и не работает)
[17:38:23] Jenya_SINS (4c0b0d0c-f375-4478-b341-24dd0572e207): попробуй дать алм блок
[17:38:24] AETERNAL (6015b02d-f272-4154-8209-5e3b23bbc09c): ну, как? xD
[17:38:35] AETERNAL (6015b02d-f272-4154-8209-5e3b23bbc09c): это не имеет значения
[17:38:38] AETERNAL (6015b02d-f272-4154-8209-5e3b23bbc09c): какой предмет
[17:38:40] Jenya_SINS (4c0b0d0c-f375-4478-b341-24dd0572e207): на одиночуке работал
[17:38:52] AETERNAL (6015b02d-f272-4154-8209-5e3b23bbc09c): ну вот значит тут не работает)
[17:40:09] Jenya_SINS (4c0b0d0c-f375-4478-b341-24dd0572e207): отойди
[17:40:10] AETERNAL (6015b02d-f272-4154-8209-5e3b23bbc09c): ладно мне идти надо
[17:40:19] Jenya_SINS (4c0b0d0c-f375-4478-b341-24dd0572e207): отойди
[17:40:24] Jenya_SINS (4c0b0d0c-f375-4478-b341-24dd0572e207): зачем
[17:40:40] AETERNAL (6015b02d-f272-4154-8209-5e3b23bbc09c): не работает твой дюп)
[17:40:41] Jenya_SINS (4c0b0d0c-f375-4478-b341-24dd0572e207): могу покозать на одиночке
[17:40:51] AETERNAL (6015b02d-f272-4154-8209-5e3b23bbc09c): та в одиночке можешь дюпать)
[17:40:58] Jenya_SINS (4c0b0d0c-f375-4478-b341-24dd0572e207): ок
[17:58:16] Jenya_SINS (4c0b0d0c-f375-4478-b341-24dd0572e207): админ тп ко мне хочу ещё раз попробывать
[17:58:21] Jenya_SINS (4c0b0d0c-f375-4478-b341-24dd0572e207): админ тп ко мне хочу ещё раз попробывать
[18:02:49] Jenya_SINS (4c0b0d0c-f375-4478-b341-24dd0572e207): ну?
[18:04:01] [ADVERTISEMENT] Jenya_SINS (4c0b0d0c-f375-4478-b341-24dd0572e207): <advertisement>§f
[19:07:32] PrySHio (53d10e20-e320-4876-a33a-c9b8e5781449): Люди вы хуй на блюде
[19:07:37] PrySHio (53d10e20-e320-4876-a33a-c9b8e5781449): Я гитлер я вернулся
[19:07:46] AETERNAL (6015b02d-f272-4154-8209-5e3b23bbc09c): добавил в рг
[19:07:53] PrySHio (53d10e20-e320-4876-a33a-c9b8e5781449): Зоибись
[19:08:06] AETERNAL (6015b02d-f272-4154-8209-5e3b23bbc09c): забыл как то об этом
[19:09:14] PrySHio (53d10e20-e320-4876-a33a-c9b8e5781449): Меня пустота отпиздила
[19:09:24] AETERNAL (6015b02d-f272-4154-8209-5e3b23bbc09c): под тобой мобы
[19:09:35] PrySHio (53d10e20-e320-4876-a33a-c9b8e5781449): У меня тут никого
[19:10:12] PrySHio (53d10e20-e320-4876-a33a-c9b8e5781449): А че настройки кфг постоянно слетают
[19:10:15] PrySHio (53d10e20-e320-4876-a33a-c9b8e5781449): С перезаходом
[19:10:46] AETERNAL (6015b02d-f272-4154-8209-5e3b23bbc09c): настройки?
[19:10:49] PrySHio (53d10e20-e320-4876-a33a-c9b8e5781449): Да
[19:10:49] AETERNAL (6015b02d-f272-4154-8209-5e3b23bbc09c): игры?
[19:11:11] PrySHio (53d10e20-e320-4876-a33a-c9b8e5781449): Ну кфг jei инвент твикера и тж
[19:11:14] PrySHio (53d10e20-e320-4876-a33a-c9b8e5781449): тд*
[19:11:45] AETERNAL (6015b02d-f272-4154-8209-5e3b23bbc09c): закладки тоже?
[19:11:53] PrySHio (53d10e20-e320-4876-a33a-c9b8e5781449): Закладки нет
[19:14:17] AETERNAL (6015b02d-f272-4154-8209-5e3b23bbc09c): кстати
[19:14:25] AETERNAL (6015b02d-f272-4154-8209-5e3b23bbc09c): я щас тебя выписал из рг
[19:14:32] AETERNAL (6015b02d-f272-4154-8209-5e3b23bbc09c): попробуй флаг какой то мне прописать
[19:14:51] PrySHio (53d10e20-e320-4876-a33a-c9b8e5781449): Так если я не в рг и опки у меня нет я не смогу
[19:14:58] AETERNAL (6015b02d-f272-4154-8209-5e3b23bbc09c): ты пробуй
[19:15:05] AETERNAL (6015b02d-f272-4154-8209-5e3b23bbc09c): я не просто так спрашиваю
[19:15:25] PrySHio (53d10e20-e320-4876-a33a-c9b8e5781449): А как рг называется
[19:15:28] AETERNAL (6015b02d-f272-4154-8209-5e3b23bbc09c): admin
[19:15:51] PrySHio (53d10e20-e320-4876-a33a-c9b8e5781449): Нету прав
[19:15:59] AETERNAL (6015b02d-f272-4154-8209-5e3b23bbc09c): какой флаг писал?
[19:16:04] PrySHio (53d10e20-e320-4876-a33a-c9b8e5781449): ./rg flag admin mob-spawning deny
[19:16:11] AETERNAL (6015b02d-f272-4154-8209-5e3b23bbc09c): use
[19:16:12] AETERNAL (6015b02d-f272-4154-8209-5e3b23bbc09c): gbib
[19:16:16] AETERNAL (6015b02d-f272-4154-8209-5e3b23bbc09c): пиши
[19:16:18] AETERNAL (6015b02d-f272-4154-8209-5e3b23bbc09c): к примеру
[19:16:21] PrySHio (53d10e20-e320-4876-a33a-c9b8e5781449): ./rg flag admin use deny
[19:16:25] AETERNAL (6015b02d-f272-4154-8209-5e3b23bbc09c): моб спавн я всем щапретил
[19:16:32] PrySHio (53d10e20-e320-4876-a33a-c9b8e5781449): Нету
[19:16:34] PrySHio (53d10e20-e320-4876-a33a-c9b8e5781449): Прав
[19:16:36] PrySHio (53d10e20-e320-4876-a33a-c9b8e5781449): На use
[19:16:38] AETERNAL (6015b02d-f272-4154-8209-5e3b23bbc09c): всё супер
[19:16:51] AETERNAL (6015b02d-f272-4154-8209-5e3b23bbc09c): и щас попробуй
[19:16:53] AETERNAL (6015b02d-f272-4154-8209-5e3b23bbc09c): тое же
[19:16:55] PrySHio (53d10e20-e320-4876-a33a-c9b8e5781449): Вот зря ты всем запретил
[19:17:02] PrySHio (53d10e20-e320-4876-a33a-c9b8e5781449): Сделай флаги расширенные с привами
[19:17:16] AETERNAL (6015b02d-f272-4154-8209-5e3b23bbc09c): та моб спавн имба так же как и бессмертие
[19:17:19] PrySHio (53d10e20-e320-4876-a33a-c9b8e5781449): Тот же моб спавнинг полезен
[19:17:45] PrySHio (53d10e20-e320-4876-a33a-c9b8e5781449): Ну знаешь когда у тебя база 9 на 9 и на ней миллион мобов то это нихуя не прикольно
[19:17:48] PrySHio (53d10e20-e320-4876-a33a-c9b8e5781449): И только мешает
[19:18:10] PrySHio (53d10e20-e320-4876-a33a-c9b8e5781449): Про бессмертие я согл
[19:18:17] PrySHio (53d10e20-e320-4876-a33a-c9b8e5781449): Гайю без брони убивать можно
[19:18:21] AETERNAL (6015b02d-f272-4154-8209-5e3b23bbc09c): пропиши моб спавн
[19:18:23] AETERNAL (6015b02d-f272-4154-8209-5e3b23bbc09c): сейчас
[19:18:33] PrySHio (53d10e20-e320-4876-a33a-c9b8e5781449): Поставил
[19:18:39] AETERNAL (6015b02d-f272-4154-8209-5e3b23bbc09c): воркает?
[19:18:43] PrySHio (53d10e20-e320-4876-a33a-c9b8e5781449): Да
[19:18:46] AETERNAL (6015b02d-f272-4154-8209-5e3b23bbc09c): Окей
[19:18:48] PrySHio (53d10e20-e320-4876-a33a-c9b8e5781449): rg i
[19:18:56] PrySHio (53d10e20-e320-4876-a33a-c9b8e5781449): Там написано что demy
[19:18:56] AETERNAL (6015b02d-f272-4154-8209-5e3b23bbc09c): всё что хотел знать
[19:19:01] PrySHio (53d10e20-e320-4876-a33a-c9b8e5781449): deny*
[19:19:05] AETERNAL (6015b02d-f272-4154-8209-5e3b23bbc09c): тааакс
[19:19:27] PrySHio (53d10e20-e320-4876-a33a-c9b8e5781449): Только его лучше сделать от какой нибудь привы
[19:19:48] AETERNAL (6015b02d-f272-4154-8209-5e3b23bbc09c): я инфо хотел дать только тому кто владеет рг
[19:19:49] PrySHio (53d10e20-e320-4876-a33a-c9b8e5781449): От премки например
[19:20:01] PrySHio (53d10e20-e320-4876-a33a-c9b8e5781449): А зачем
[19:20:19] PrySHio (53d10e20-e320-4876-a33a-c9b8e5781449): Можно и всем оставить кто в рг
[19:20:30] AETERNAL (6015b02d-f272-4154-8209-5e3b23bbc09c): ну да, я это имел ввиде
[19:20:32] AETERNAL (6015b02d-f272-4154-8209-5e3b23bbc09c): у
[19:20:41] AETERNAL (6015b02d-f272-4154-8209-5e3b23bbc09c): не так выразился
[19:21:55] AETERNAL (6015b02d-f272-4154-8209-5e3b23bbc09c): а щас
[19:21:57] PrySHio (53d10e20-e320-4876-a33a-c9b8e5781449): Бля как я ненавижу таум на 1.12.2
[19:21:57] AETERNAL (6015b02d-f272-4154-8209-5e3b23bbc09c): инфо
[19:21:59] PrySHio (53d10e20-e320-4876-a33a-c9b8e5781449): Такая залупа
[19:22:05] PrySHio (53d10e20-e320-4876-a33a-c9b8e5781449): Работает
[19:22:22] PrySHio (53d10e20-e320-4876-a33a-c9b8e5781449): Была бы 1.7.10 яб щас таум за 3ч изучил
[19:22:46] PrySHio (53d10e20-e320-4876-a33a-c9b8e5781449): И за 2-4 сделал бы фулл матрицу с улуч алхим печькой
[19:23:48] PrySHio (53d10e20-e320-4876-a33a-c9b8e5781449): Ты ставил аддон на jei который показывает на какой высоте руды и тд
[19:23:51] PrySHio (53d10e20-e320-4876-a33a-c9b8e5781449): ?
[19:23:54] AETERNAL (6015b02d-f272-4154-8209-5e3b23bbc09c): попробуй на спавне инфо прописать
[19:23:58] AETERNAL (6015b02d-f272-4154-8209-5e3b23bbc09c): нет вроде
[19:24:02] PrySHio (53d10e20-e320-4876-a33a-c9b8e5781449): Стоит
[19:24:02] AETERNAL (6015b02d-f272-4154-8209-5e3b23bbc09c): не ставил
[19:24:09] PrySHio (53d10e20-e320-4876-a33a-c9b8e5781449): Только он не на все руды
[19:24:20] PrySHio (53d10e20-e320-4876-a33a-c9b8e5781449): На какой высоте этот вибраниум баля искать
[19:24:22] AETERNAL (6015b02d-f272-4154-8209-5e3b23bbc09c): ну что поддерживает значит
[19:24:39] AETERNAL (6015b02d-f272-4154-8209-5e3b23bbc09c): хмм
[19:24:46] AETERNAL (6015b02d-f272-4154-8209-5e3b23bbc09c): интересный вопрос
[19:24:56] PrySHio (53d10e20-e320-4876-a33a-c9b8e5781449): Не могу
[19:24:59] AETERNAL (6015b02d-f272-4154-8209-5e3b23bbc09c): окей
[19:25:25] AETERNAL (6015b02d-f272-4154-8209-5e3b23bbc09c): с этим разобрались
[19:25:35] PrySHio (53d10e20-e320-4876-a33a-c9b8e5781449): В апофиозесе есть зелья с легальным хреем?
[19:25:40] AETERNAL (6015b02d-f272-4154-8209-5e3b23bbc09c): теперь я жрать и пойду потом ckear lag ебать
[19:25:46] AETERNAL (6015b02d-f272-4154-8209-5e3b23bbc09c): хреем?
[19:26:11] PrySHio (53d10e20-e320-4876-a33a-c9b8e5781449): Ну на атм 6 в апофиозе были зелья и сферы с хреем руды которую ты сделал
[19:26:25] PrySHio (53d10e20-e320-4876-a33a-c9b8e5781449): С радиусом блоков 15
[19:26:31] PrySHio (53d10e20-e320-4876-a33a-c9b8e5781449): Вокруг тебя
[19:26:59] PrySHio (53d10e20-e320-4876-a33a-c9b8e5781449): Либо может добавить мод на сканнер руды определенной в области
[19:27:02] PrySHio (53d10e20-e320-4876-a33a-c9b8e5781449): Как в сатисфактори
[19:27:46] AETERNAL (6015b02d-f272-4154-8209-5e3b23bbc09c): вот такое есть
[19:28:08] AETERNAL (6015b02d-f272-4154-8209-5e3b23bbc09c): держишь в руке и подсвечиваем руду определённую
[19:28:17] PrySHio (53d10e20-e320-4876-a33a-c9b8e5781449): Ну я чет не думаю что он будет вибраниум показывать)
[19:28:22] AETERNAL (6015b02d-f272-4154-8209-5e3b23bbc09c): ну его нет)
[19:28:33] PrySHio (53d10e20-e320-4876-a33a-c9b8e5781449): Ну и я о том же)
[19:29:03] AETERNAL (6015b02d-f272-4154-8209-5e3b23bbc09c): я пока ушёл
[19:29:10] PrySHio (53d10e20-e320-4876-a33a-c9b8e5781449): Ок
[19:52:36] AETERNAL (6015b02d-f272-4154-8209-5e3b23bbc09c): ну чё
[19:52:42] AETERNAL (6015b02d-f272-4154-8209-5e3b23bbc09c): где мой вибраниум
[19:52:44] PrySHio (53d10e20-e320-4876-a33a-c9b8e5781449): 0 руды
[19:52:55] PrySHio (53d10e20-e320-4876-a33a-c9b8e5781449): Я 5 сумок на 15 слотов забил
[19:53:00] PrySHio (53d10e20-e320-4876-a33a-c9b8e5781449): Копал с 30 по 1
[19:55:40] AETERNAL (6015b02d-f272-4154-8209-5e3b23bbc09c): c 1 до 20 пишет
[19:55:48] PrySHio (53d10e20-e320-4876-a33a-c9b8e5781449): 0 нашел
[19:56:17] AETERNAL (6015b02d-f272-4154-8209-5e3b23bbc09c): в аду ))))
[19:56:29] PrySHio (53d10e20-e320-4876-a33a-c9b8e5781449): Так там только каменная версия
[19:57:37] PrySHio (53d10e20-e320-4876-a33a-c9b8e5781449): А 6714 в аду на какой искать?
[19:58:00] AETERNAL (6015b02d-f272-4154-8209-5e3b23bbc09c): прометей,
[19:58:07] AETERNAL (6015b02d-f272-4154-8209-5e3b23bbc09c): вверху вроде видел
[19:58:09] AETERNAL (6015b02d-f272-4154-8209-5e3b23bbc09c): на потолке
[19:58:31] PrySHio (53d10e20-e320-4876-a33a-c9b8e5781449): Как тебе идея
[19:58:45] PrySHio (53d10e20-e320-4876-a33a-c9b8e5781449): Добавить удвоение этих руд через блуд, ботанию и таум
[19:59:30] PrySHio (53d10e20-e320-4876-a33a-c9b8e5781449): Наебал ты меня
[19:59:35] PrySHio (53d10e20-e320-4876-a33a-c9b8e5781449): Она у бедрока снизу
[19:59:57] AETERNAL (6015b02d-f272-4154-8209-5e3b23bbc09c): какая
[19:59:57] PrySHio (53d10e20-e320-4876-a33a-c9b8e5781449): И какой ей уровень добычи нужен ептеть
[20:00:04] PrySHio (53d10e20-e320-4876-a33a-c9b8e5781449): 6714
[20:00:17] AETERNAL (6015b02d-f272-4154-8209-5e3b23bbc09c): там 5 уровень
[20:00:31] PrySHio (53d10e20-e320-4876-a33a-c9b8e5781449): А кобальт это 4
[20:01:03] AETERNAL (6015b02d-f272-4154-8209-5e3b23bbc09c): меня с вибраниумомо чё то наебали
[20:01:17] PrySHio (53d10e20-e320-4876-a33a-c9b8e5781449): Че с ним
[20:01:26] AETERNAL (6015b02d-f272-4154-8209-5e3b23bbc09c): хуй знает где он
[20:01:54] PrySHio (53d10e20-e320-4876-a33a-c9b8e5781449): xD
[20:02:29] PrySHio (53d10e20-e320-4876-a33a-c9b8e5781449): бл
[20:02:35] PrySHio (53d10e20-e320-4876-a33a-c9b8e5781449): Меня на крыше ада бекнуло
[20:03:13] PrySHio (53d10e20-e320-4876-a33a-c9b8e5781449): неуспел флай прописать xD
[20:04:21] PrySHio (53d10e20-e320-4876-a33a-c9b8e5781449): Чет сервер балдеет
[20:04:27] PrySHio (53d10e20-e320-4876-a33a-c9b8e5781449): Или это у меня
[20:07:19] AETERNAL (6015b02d-f272-4154-8209-5e3b23bbc09c): нашёл
[20:07:24] AETERNAL (6015b02d-f272-4154-8209-5e3b23bbc09c): extre hills
[20:07:26] AETERNAL (6015b02d-f272-4154-8209-5e3b23bbc09c): биом
[20:07:28] AETERNAL (6015b02d-f272-4154-8209-5e3b23bbc09c): xDD
[20:08:35] PrySHio (53d10e20-e320-4876-a33a-c9b8e5781449): А из чего мне нужно сделать кирку чтобы добыть эту залупу в аду
[20:09:54] AETERNAL (6015b02d-f272-4154-8209-5e3b23bbc09c): Hardness of each new Ore in case you gonna ask...2: Tiberium4: Aurorium, Karmesin, Osram, Element Zero, Abyssum5: Prometheum, Duranite, Palladium6: Valyrium, Uru7: VibraniumHardness of alloys:3: Triberium4: Fractum, Violium, Tritonite, Ignitz, Seismum, Ast
[20:10:31] PrySHio (53d10e20-e320-4876-a33a-c9b8e5781449): Пон
[20:10:40] PrySHio (53d10e20-e320-4876-a33a-c9b8e5781449): Почему в горах биом глубокий океан
[20:11:08] AETERNAL (6015b02d-f272-4154-8209-5e3b23bbc09c): duranite, palladium
[20:11:11] AETERNAL (6015b02d-f272-4154-8209-5e3b23bbc09c): берёт
[20:11:21] PrySHio (53d10e20-e320-4876-a33a-c9b8e5781449): И где их высрать
[20:11:34] AETERNAL (6015b02d-f272-4154-8209-5e3b23bbc09c): Proxii, Imperomite, Niob, Dyonite
[20:11:38] AETERNAL (6015b02d-f272-4154-8209-5e3b23bbc09c): и эти
[20:11:42] AETERNAL (6015b02d-f272-4154-8209-5e3b23bbc09c): рецепты есть
[20:11:47] AETERNAL (6015b02d-f272-4154-8209-5e3b23bbc09c): там сплавы в плавильне
[20:11:50] AETERNAL (6015b02d-f272-4154-8209-5e3b23bbc09c): и руды
[20:12:49] AETERNAL (6015b02d-f272-4154-8209-5e3b23bbc09c): дюранит и палладиум ищи
[20:14:36] PrySHio (53d10e20-e320-4876-a33a-c9b8e5781449): Меня какая то чурка к себе засосала и шотнула
[20:14:41] AETERNAL (6015b02d-f272-4154-8209-5e3b23bbc09c): xD
[20:14:51] AETERNAL (6015b02d-f272-4154-8209-5e3b23bbc09c): щас добавлю описание рудам
[20:14:57] AETERNAL (6015b02d-f272-4154-8209-5e3b23bbc09c): а то люди в ахуе будут
[20:15:11] PrySHio (53d10e20-e320-4876-a33a-c9b8e5781449): Я уже
[20:17:51] PrySHio (53d10e20-e320-4876-a33a-c9b8e5781449): Да блять нету тут твоего вибраниума в горах
[20:18:14] PrySHio (53d10e20-e320-4876-a33a-c9b8e5781449): Еще тут вместо биома гор равнина или глубокий океан
[21:05:25] PrySHio (53d10e20-e320-4876-a33a-c9b8e5781449): Я зашел
[21:05:29] PrySHio (53d10e20-e320-4876-a33a-c9b8e5781449): Алелуя
[21:05:32] PrySHio (53d10e20-e320-4876-a33a-c9b8e5781449): Ну похуй
[21:05:37] PrySHio (53d10e20-e320-4876-a33a-c9b8e5781449): Щас опять крашнит
[21:07:25] PrySHio (53d10e20-e320-4876-a33a-c9b8e5781449): Иди за мной
[21:07:26] AETERNAL (6015b02d-f272-4154-8209-5e3b23bbc09c): а
[21:07:35] PrySHio (53d10e20-e320-4876-a33a-c9b8e5781449): У меня флая нетэ
[21:07:44] AETERNAL (6015b02d-f272-4154-8209-5e3b23bbc09c): читер
[21:07:50] AETERNAL (6015b02d-f272-4154-8209-5e3b23bbc09c): бан
[21:08:15] PrySHio (53d10e20-e320-4876-a33a-c9b8e5781449): Я без флая щас
[21:08:16] PrySHio (53d10e20-e320-4876-a33a-c9b8e5781449): Чек
[21:08:39] AETERNAL (6015b02d-f272-4154-8209-5e3b23bbc09c): иди иксрей вибраниум
[21:10:08] AETERNAL (6015b02d-f272-4154-8209-5e3b23bbc09c): я сейчас пробую добавить поддержу маппингов руд в джеи
[21:10:17] PrySHio (53d10e20-e320-4876-a33a-c9b8e5781449): Поставь вибраниум
[21:11:20] PrySHio (53d10e20-e320-4876-a33a-c9b8e5781449): Блять
[21:11:23] PrySHio (53d10e20-e320-4876-a33a-c9b8e5781449): Написано
[21:11:48] PrySHio (53d10e20-e320-4876-a33a-c9b8e5781449): Наведитесь на блок и нажмите CAPS чтобы его добавить в xray
[21:11:50] PrySHio (53d10e20-e320-4876-a33a-c9b8e5781449): И чето нихуя
[21:12:04] AETERNAL (6015b02d-f272-4154-8209-5e3b23bbc09c): наебали
[21:13:34] PrySHio (53d10e20-e320-4876-a33a-c9b8e5781449): Пизда
[21:13:42] PrySHio (53d10e20-e320-4876-a33a-c9b8e5781449): Почему не сделать гуишку
[21:13:52] PrySHio (53d10e20-e320-4876-a33a-c9b8e5781449): Давай какие то ебаные кнопки нажимать
[21:14:15] AETERNAL (6015b02d-f272-4154-8209-5e3b23bbc09c): ахах
[21:14:23] AETERNAL (6015b02d-f272-4154-8209-5e3b23bbc09c): самые известные последние слова
[21:15:06] PrySHio (53d10e20-e320-4876-a33a-c9b8e5781449): Только чтобы теперь мне другой чит запустить надо в майн фулл перезаход делать
[21:16:14] PrySHio (53d10e20-e320-4876-a33a-c9b8e5781449): Нука
[21:16:16] PrySHio (53d10e20-e320-4876-a33a-c9b8e5781449): Иди за мной
[21:17:12] AETERNAL (6015b02d-f272-4154-8209-5e3b23bbc09c): ебать
[21:17:16] AETERNAL (6015b02d-f272-4154-8209-5e3b23bbc09c): чё это за дичь
[21:18:30] PrySHio (53d10e20-e320-4876-a33a-c9b8e5781449): Это нюкер был
[21:18:35] PrySHio (53d10e20-e320-4876-a33a-c9b8e5781449): Только он залупный какой то
[21:19:55] AETERNAL (6015b02d-f272-4154-8209-5e3b23bbc09c): пойду подолблю пока на запуск жду
[21:20:30] AETERNAL (6015b02d-f272-4154-8209-5e3b23bbc09c): :D
[21:20:51] AETERNAL (6015b02d-f272-4154-8209-5e3b23bbc09c): еба ты нафармил
[21:21:03] PrySHio (53d10e20-e320-4876-a33a-c9b8e5781449): Это пока я искал всю эту залупу)
[21:21:11] PrySHio (53d10e20-e320-4876-a33a-c9b8e5781449): Так и не нашел
[21:21:30] PrySHio (53d10e20-e320-4876-a33a-c9b8e5781449): Аче ты на запуск ждешь
[21:21:39] AETERNAL (6015b02d-f272-4154-8209-5e3b23bbc09c): клиента
[21:21:41] AETERNAL (6015b02d-f272-4154-8209-5e3b23bbc09c): локального
[21:24:03] PrySHio (53d10e20-e320-4876-a33a-c9b8e5781449): Слых
[21:24:12] PrySHio (53d10e20-e320-4876-a33a-c9b8e5781449): Почему тут всего 3 биома определяет
[21:24:22] PrySHio (53d10e20-e320-4876-a33a-c9b8e5781449): океан, глубокий океан и равнина
[21:24:41] AETERNAL (6015b02d-f272-4154-8209-5e3b23bbc09c): хрен его знает, пишет оно криво или конфликт какой
[21:24:54] PrySHio (53d10e20-e320-4876-a33a-c9b8e5781449): Ебать пустыня в лесу
[21:24:56] PrySHio (53d10e20-e320-4876-a33a-c9b8e5781449): Отлично
[21:25:27] PrySHio (53d10e20-e320-4876-a33a-c9b8e5781449): Так тут генерация багнутая
[21:25:46] PrySHio (53d10e20-e320-4876-a33a-c9b8e5781449): Вот чанк другого биома посреди саванны
[21:26:04] AETERNAL (6015b02d-f272-4154-8209-5e3b23bbc09c): на TJ такая же фигня
[21:26:22] AETERNAL (6015b02d-f272-4154-8209-5e3b23bbc09c): сломай 1 блок в чанке
[21:26:27] AETERNAL (6015b02d-f272-4154-8209-5e3b23bbc09c): т оно нормальным станет
[21:26:46] PrySHio (53d10e20-e320-4876-a33a-c9b8e5781449): Баля зимний биом это равнинна
[21:28:50] PrySHio (53d10e20-e320-4876-a33a-c9b8e5781449): Пустынный биом по среди зимы
[21:28:56] PrySHio (53d10e20-e320-4876-a33a-c9b8e5781449): Причем в этот раз не наебали
[21:29:00] AETERNAL (6015b02d-f272-4154-8209-5e3b23bbc09c): руда пофикшена
[21:29:01] AETERNAL (6015b02d-f272-4154-8209-5e3b23bbc09c): ура
[21:29:18] PrySHio (53d10e20-e320-4876-a33a-c9b8e5781449): Всм че как
[21:29:28] PrySHio (53d10e20-e320-4876-a33a-c9b8e5781449): А ты у себя на локалке
[21:34:14] PrySHio (53d10e20-e320-4876-a33a-c9b8e5781449): Как понять
[21:34:18] PrySHio (53d10e20-e320-4876-a33a-c9b8e5781449): Это тайга или че
[21:34:30] AETERNAL (6015b02d-f272-4154-8209-5e3b23bbc09c): откуда столько предметов
[21:34:31] PrySHio (53d10e20-e320-4876-a33a-c9b8e5781449): Это экстрим хилс
[21:34:42] PrySHio (53d10e20-e320-4876-a33a-c9b8e5781449): Хз
[21:36:01] PrySHio (53d10e20-e320-4876-a33a-c9b8e5781449): Озу мало
[21:36:04] PrySHio (53d10e20-e320-4876-a33a-c9b8e5781449): 4.5 жрет
[21:36:07] AETERNAL (6015b02d-f272-4154-8209-5e3b23bbc09c): аааа
[21:36:17] AETERNAL (6015b02d-f272-4154-8209-5e3b23bbc09c): и оно потому чистит
[21:36:26] AETERNAL (6015b02d-f272-4154-8209-5e3b23bbc09c): это блять экстренная чистка
[21:36:32] PrySHio (53d10e20-e320-4876-a33a-c9b8e5781449): Только где оно столько их берет
[21:36:35] PrySHio (53d10e20-e320-4876-a33a-c9b8e5781449): xD
[21:36:53] AETERNAL (6015b02d-f272-4154-8209-5e3b23bbc09c): глянь на потребление памяти
[21:36:56] AETERNAL (6015b02d-f272-4154-8209-5e3b23bbc09c): это не норма
[21:37:16] PrySHio (53d10e20-e320-4876-a33a-c9b8e5781449): так я тебе и написал про этл
[21:37:27] PrySHio (53d10e20-e320-4876-a33a-c9b8e5781449): Где оно высрало 3к энтити
[21:37:58] AETERNAL (6015b02d-f272-4154-8209-5e3b23bbc09c): это включая предеты
[21:38:01] AETERNAL (6015b02d-f272-4154-8209-5e3b23bbc09c): предметы
[21:38:03] PrySHio (53d10e20-e320-4876-a33a-c9b8e5781449): Я знаю
[21:38:17] AETERNAL (6015b02d-f272-4154-8209-5e3b23bbc09c): я не ебу вообще
[21:39:54] PrySHio (53d10e20-e320-4876-a33a-c9b8e5781449): Где и на какой спавнится Uru ore
[21:40:41] PrySHio (53d10e20-e320-4876-a33a-c9b8e5781449): Пиздец
[21:40:47] PrySHio (53d10e20-e320-4876-a33a-c9b8e5781449): Хуй найдешь эти руды ебаные
[21:42:30] AETERNAL (6015b02d-f272-4154-8209-5e3b23bbc09c): энд
[21:42:43] PrySHio (53d10e20-e320-4876-a33a-c9b8e5781449): .-.
[21:42:46] AETERNAL (6015b02d-f272-4154-8209-5e3b23bbc09c): :D
[21:42:59] AETERNAL (6015b02d-f272-4154-8209-5e3b23bbc09c): я портал на спавне ебану потом
[21:43:16] PrySHio (53d10e20-e320-4876-a33a-c9b8e5781449): Сука и че мне нужно сделать чтобы добыть вибраниум
[21:43:24] PrySHio (53d10e20-e320-4876-a33a-c9b8e5781449): И ту хуйнб
[21:43:28] PrySHio (53d10e20-e320-4876-a33a-c9b8e5781449): с ада
[21:46:34] AETERNAL (6015b02d-f272-4154-8209-5e3b23bbc09c): щас обнова будет
[21:47:04] AETERNAL (6015b02d-f272-4154-8209-5e3b23bbc09c): ,k
[21:48:18] AETERNAL (6015b02d-f272-4154-8209-5e3b23bbc09c): строить умеешь?)
[21:48:26] PrySHio (53d10e20-e320-4876-a33a-c9b8e5781449): Да не особо
[21:48:46] AETERNAL (6015b02d-f272-4154-8209-5e3b23bbc09c): надо портал где то бахнуть
[21:48:52] PrySHio (53d10e20-e320-4876-a33a-c9b8e5781449): Бахни тут
[21:50:14] PrySHio (53d10e20-e320-4876-a33a-c9b8e5781449): Че было
[21:50:41] PrySHio (53d10e20-e320-4876-a33a-c9b8e5781449): )
[21:50:55] PrySHio (53d10e20-e320-4876-a33a-c9b8e5781449): Че ему не нравится
[21:53:01] PrySHio (53d10e20-e320-4876-a33a-c9b8e5781449): xD
[21:53:02] AETERNAL (6015b02d-f272-4154-8209-5e3b23bbc09c): чё ты настроил
[21:53:31] AETERNAL (6015b02d-f272-4154-8209-5e3b23bbc09c): xD
[21:53:53] PrySHio (53d10e20-e320-4876-a33a-c9b8e5781449): Че за квадраты малевича
[21:55:20] PrySHio (53d10e20-e320-4876-a33a-c9b8e5781449): Возьми лучше
[21:55:52] PrySHio (53d10e20-e320-4876-a33a-c9b8e5781449): Стой
[21:57:56] PrySHio (53d10e20-e320-4876-a33a-c9b8e5781449): Я портал поставил ровно по центру относительно края
[21:59:01] PrySHio (53d10e20-e320-4876-a33a-c9b8e5781449): ура
