[00:24:07] AETERNAL (6015b02d-f272-4154-8209-5e3b23bbc09c): ec/
[01:26:35] AETERNAL (6015b02d-f272-4154-8209-5e3b23bbc09c): .
[12:51:58] ProCto_DS (d3139add-473e-468f-9582-8b46bb0e237c): Едрить
[12:54:47] ProCto_DS (d3139add-473e-468f-9582-8b46bb0e237c): Ты хто дядь!
[12:54:55] PrySHio (53d10e20-e320-4876-a33a-c9b8e5781449): А надо знать?
[12:55:06] ProCto_DS (d3139add-473e-468f-9582-8b46bb0e237c): Наверно да
[12:55:14] PrySHio (53d10e20-e320-4876-a33a-c9b8e5781449): Ну я артист
[12:55:18] PrySHio (53d10e20-e320-4876-a33a-c9b8e5781449): Текстуры делаю
[12:55:21] ProCto_DS (d3139add-473e-468f-9582-8b46bb0e237c): Юморист?
[12:57:20] ProCto_DS (d3139add-473e-468f-9582-8b46bb0e237c): Хочу день :(
[12:57:24] ProCto_DS (d3139add-473e-468f-9582-8b46bb0e237c): а ой
[12:57:27] ProCto_DS (d3139add-473e-468f-9582-8b46bb0e237c): Сорри
[12:57:35] ProCto_DS (d3139add-473e-468f-9582-8b46bb0e237c): перепутал
[12:57:41] ProCto_DS (d3139add-473e-468f-9582-8b46bb0e237c): спасибо )
[13:01:42] ProCto_DS (d3139add-473e-468f-9582-8b46bb0e237c): Найдётся рядом плоская местность?
[13:01:51] PrySHio (53d10e20-e320-4876-a33a-c9b8e5781449): Не думаю
[13:02:21] PrySHio (53d10e20-e320-4876-a33a-c9b8e5781449): Да и как бы сказать
[13:02:32] PrySHio (53d10e20-e320-4876-a33a-c9b8e5781449): Тех админ специально в самой залупе выбрал
[13:02:38] ProCto_DS (d3139add-473e-468f-9582-8b46bb0e237c): :)
[13:03:32] ProCto_DS (d3139add-473e-468f-9582-8b46bb0e237c): скок на скок чанков приват то?)
[13:04:06] PrySHio (53d10e20-e320-4876-a33a-c9b8e5781449): Я хз)
[13:04:21] PrySHio (53d10e20-e320-4876-a33a-c9b8e5781449): Попробуй по дефолту 3 на 3
[13:04:30] PrySHio (53d10e20-e320-4876-a33a-c9b8e5781449): Я то тебе сказать не смогу
[13:04:35] PrySHio (53d10e20-e320-4876-a33a-c9b8e5781449): У меня лимита нет
[13:04:42] ProCto_DS (d3139add-473e-468f-9582-8b46bb0e237c): -_-
[13:04:50] PrySHio (53d10e20-e320-4876-a33a-c9b8e5781449): Так и живем)
[13:07:19] ProCto_DS (d3139add-473e-468f-9582-8b46bb0e237c): опа
[13:08:47] ProCto_DS (d3139add-473e-468f-9582-8b46bb0e237c): стопэ, тут ресурс курицы есть?)
[13:08:55] PrySHio (53d10e20-e320-4876-a33a-c9b8e5781449): да
[13:09:06] ProCto_DS (d3139add-473e-468f-9582-8b46bb0e237c): Я от Стоунблока 3 не отвык, а тут это(
[13:11:00] ProCto_DS (d3139add-473e-468f-9582-8b46bb0e237c): День, плз :)
[13:13:10] ProCto_DS (d3139add-473e-468f-9582-8b46bb0e237c): Ёмаё
[13:13:17] ProCto_DS (d3139add-473e-468f-9582-8b46bb0e237c): Чё такой малый приват
[15:51:45] AETERNAL (6015b02d-f272-4154-8209-5e3b23bbc09c): чекай обнову
[15:51:52] PrySHio (53d10e20-e320-4876-a33a-c9b8e5781449): Че
[15:53:24] AETERNAL (6015b02d-f272-4154-8209-5e3b23bbc09c): нормЮ
[15:53:25] AETERNAL (6015b02d-f272-4154-8209-5e3b23bbc09c): ?
[15:53:57] AETERNAL (6015b02d-f272-4154-8209-5e3b23bbc09c): только 1 топливо может быть
[15:54:06] AETERNAL (6015b02d-f272-4154-8209-5e3b23bbc09c): сделай больше пиротеума
[15:54:13] PrySHio (53d10e20-e320-4876-a33a-c9b8e5781449): Оно не видит его
[15:54:55] AETERNAL (6015b02d-f272-4154-8209-5e3b23bbc09c): какого ч'рта
[15:55:31] PrySHio (53d10e20-e320-4876-a33a-c9b8e5781449): О
[15:55:32] PrySHio (53d10e20-e320-4876-a33a-c9b8e5781449): Все
[15:55:41] AETERNAL (6015b02d-f272-4154-8209-5e3b23bbc09c): чё оно думало то
[16:00:32] PrySHio (53d10e20-e320-4876-a33a-c9b8e5781449): Вернулся)
[16:00:50] AETERNAL (6015b02d-f272-4154-8209-5e3b23bbc09c): дай мне бак ёбанный
[16:00:59] PrySHio (53d10e20-e320-4876-a33a-c9b8e5781449): Я его удалил xD
[16:01:07] AETERNAL (6015b02d-f272-4154-8209-5e3b23bbc09c): ладно
[16:04:28] PrySHio (53d10e20-e320-4876-a33a-c9b8e5781449): Шо
[16:04:41] AETERNAL (6015b02d-f272-4154-8209-5e3b23bbc09c): еба ты тут наплавил
[16:04:59] AETERNAL (6015b02d-f272-4154-8209-5e3b23bbc09c): тебе надо всего этого?
[16:05:51] PrySHio (53d10e20-e320-4876-a33a-c9b8e5781449): Да
[16:06:08] AETERNAL (6015b02d-f272-4154-8209-5e3b23bbc09c): смотри чё согу теперь
[16:06:21] PrySHio (53d10e20-e320-4876-a33a-c9b8e5781449): Ишо
[16:06:23] AETERNAL (6015b02d-f272-4154-8209-5e3b23bbc09c): бесконечные инструменты в студию
[16:06:32] AETERNAL (6015b02d-f272-4154-8209-5e3b23bbc09c): тьфу бля
[16:06:37] PrySHio (53d10e20-e320-4876-a33a-c9b8e5781449): У меня и так беск инструмент)
[16:06:43] AETERNAL (6015b02d-f272-4154-8209-5e3b23bbc09c): ага
[16:06:48] AETERNAL (6015b02d-f272-4154-8209-5e3b23bbc09c): расскажешь
[16:06:51] PrySHio (53d10e20-e320-4876-a33a-c9b8e5781449): Рили
[16:06:56] PrySHio (53d10e20-e320-4876-a33a-c9b8e5781449): Давай дам
[16:06:58] PrySHio (53d10e20-e320-4876-a33a-c9b8e5781449): Сфоткаешь
[16:07:01] AETERNAL (6015b02d-f272-4154-8209-5e3b23bbc09c): из чего
[16:07:07] PrySHio (53d10e20-e320-4876-a33a-c9b8e5781449): Смари
[16:07:18] AETERNAL (6015b02d-f272-4154-8209-5e3b23bbc09c): читер ёпта
[16:07:22] AETERNAL (6015b02d-f272-4154-8209-5e3b23bbc09c): как
[16:07:36] PrySHio (53d10e20-e320-4876-a33a-c9b8e5781449): 5 укрепителя навесить
[16:13:51] PrySHio (53d10e20-e320-4876-a33a-c9b8e5781449): Че тварит
[16:14:10] AETERNAL (6015b02d-f272-4154-8209-5e3b23bbc09c): 100 блоков
[16:14:14] PrySHio (53d10e20-e320-4876-a33a-c9b8e5781449): Нах)
[16:16:52] AETERNAL (6015b02d-f272-4154-8209-5e3b23bbc09c): инструмент из флакс электрума и мана стали имба будет
[16:17:18] PrySHio (53d10e20-e320-4876-a33a-c9b8e5781449): У меня и так пиздатый инструмент
[16:17:31] PrySHio (53d10e20-e320-4876-a33a-c9b8e5781449): В штанах
[16:17:32] PrySHio (53d10e20-e320-4876-a33a-c9b8e5781449): xD
[16:19:40] PrySHio (53d10e20-e320-4876-a33a-c9b8e5781449): Вруби год
[16:19:44] PrySHio (53d10e20-e320-4876-a33a-c9b8e5781449): Я проверить кое что хочу
[16:20:10] PrySHio (53d10e20-e320-4876-a33a-c9b8e5781449): Не качается
[16:20:19] AETERNAL (6015b02d-f272-4154-8209-5e3b23bbc09c): блять заебали преподы
[16:20:31] AETERNAL (6015b02d-f272-4154-8209-5e3b23bbc09c): кидают блять ссылку на пару, за 15 минут до неё
[16:20:40] PrySHio (53d10e20-e320-4876-a33a-c9b8e5781449): Зоибись
[16:20:49] PrySHio (53d10e20-e320-4876-a33a-c9b8e5781449): У нас тоже не лучше
[16:20:55] PrySHio (53d10e20-e320-4876-a33a-c9b8e5781449): Не сделал дз
[16:21:01] AETERNAL (6015b02d-f272-4154-8209-5e3b23bbc09c): а потом какого хуя не приходтшь
[16:21:04] PrySHio (53d10e20-e320-4876-a33a-c9b8e5781449): Говоришь что в сетевом не было
[16:21:21] PrySHio (53d10e20-e320-4876-a33a-c9b8e5781449): А они говорят ну в 10-11 написала дз
[16:21:29] PrySHio (53d10e20-e320-4876-a33a-c9b8e5781449): Нормальный человек уже спит
[16:21:35] PrySHio (53d10e20-e320-4876-a33a-c9b8e5781449): Ну а я далбаеб и мне похуй просто
[16:21:41] PrySHio (53d10e20-e320-4876-a33a-c9b8e5781449): И не сплю до 4 утра
[16:30:11] PrySHio (53d10e20-e320-4876-a33a-c9b8e5781449): Кстати
[16:30:14] PrySHio (53d10e20-e320-4876-a33a-c9b8e5781449): У тебя мир хуйня
[16:30:20] PrySHio (53d10e20-e320-4876-a33a-c9b8e5781449): Сгенерировался
[16:30:31] PrySHio (53d10e20-e320-4876-a33a-c9b8e5781449): 70% мира это пустыня бля
[16:30:39] AETERNAL (6015b02d-f272-4154-8209-5e3b23bbc09c): каво
[16:30:57] PrySHio (53d10e20-e320-4876-a33a-c9b8e5781449): Я пролетал тыщ 25к блоков
[16:31:08] PrySHio (53d10e20-e320-4876-a33a-c9b8e5781449): Видел большую часть только пустыню
[16:32:10] PrySHio (53d10e20-e320-4876-a33a-c9b8e5781449): Ты прикинь 32к опыта на мече фармить
[16:32:20] PrySHio (53d10e20-e320-4876-a33a-c9b8e5781449): Это надо всех мобов в мире захуярить
[16:32:22] PrySHio (53d10e20-e320-4876-a33a-c9b8e5781449): Или че
[16:32:41] AETERNAL (6015b02d-f272-4154-8209-5e3b23bbc09c): xD
[16:34:12] PrySHio (53d10e20-e320-4876-a33a-c9b8e5781449): + беск меч
[16:38:22] PrySHio (53d10e20-e320-4876-a33a-c9b8e5781449): xD
[16:38:27] AETERNAL (6015b02d-f272-4154-8209-5e3b23bbc09c): xDD
[16:38:37] PrySHio (53d10e20-e320-4876-a33a-c9b8e5781449): Я завод сплавов делаю щас
[16:38:42] PrySHio (53d10e20-e320-4876-a33a-c9b8e5781449): Сделай индукционку
[16:40:20] PrySHio (53d10e20-e320-4876-a33a-c9b8e5781449): Че за пиздец
[16:40:41] PrySHio (53d10e20-e320-4876-a33a-c9b8e5781449): 14 ведер на 1 слиток
[16:41:52] PrySHio (53d10e20-e320-4876-a33a-c9b8e5781449): Урааа 2 слитка когда надо 27
[16:42:05] AETERNAL (6015b02d-f272-4154-8209-5e3b23bbc09c): ))
[16:43:02] PrySHio (53d10e20-e320-4876-a33a-c9b8e5781449): Ты под чем был когда это придумал?
[16:43:17] AETERNAL (6015b02d-f272-4154-8209-5e3b23bbc09c): у тебя булыги мало что-ли
[16:43:35] PrySHio (53d10e20-e320-4876-a33a-c9b8e5781449): Глины мало
[16:47:02] AETERNAL (6015b02d-f272-4154-8209-5e3b23bbc09c): пизда приехали
[16:47:34] AETERNAL (6015b02d-f272-4154-8209-5e3b23bbc09c): где сталь взять
[16:47:48] PrySHio (53d10e20-e320-4876-a33a-c9b8e5781449): У тебя спросить надо
[16:47:50] PrySHio (53d10e20-e320-4876-a33a-c9b8e5781449): Ты делал)
[16:53:43] PrySHio (53d10e20-e320-4876-a33a-c9b8e5781449): Ну че шерлок кок
[16:53:48] PrySHio (53d10e20-e320-4876-a33a-c9b8e5781449): Нашел как делать?)
[16:57:45] AETERNAL (6015b02d-f272-4154-8209-5e3b23bbc09c): обновил
[16:57:54] AETERNAL (6015b02d-f272-4154-8209-5e3b23bbc09c): нихуя ты не сделаешь его xD
[16:58:19] PrySHio (53d10e20-e320-4876-a33a-c9b8e5781449): Через плавильню?
[16:58:38] AETERNAL (6015b02d-f272-4154-8209-5e3b23bbc09c): я заменил решётки черной стали на обычные железные
[16:58:44] AETERNAL (6015b02d-f272-4154-8209-5e3b23bbc09c): в крафте корпуса
[16:59:07] PrySHio (53d10e20-e320-4876-a33a-c9b8e5781449): Так в индукционки его не надо
[16:59:08] PrySHio (53d10e20-e320-4876-a33a-c9b8e5781449): .-.
[16:59:17] AETERNAL (6015b02d-f272-4154-8209-5e3b23bbc09c): ты хуй индукционку сделаешь
[16:59:49] PrySHio (53d10e20-e320-4876-a33a-c9b8e5781449): Так там нет корпуса
[16:59:54] AETERNAL (6015b02d-f272-4154-8209-5e3b23bbc09c): эта шняга нужна
[16:59:56] PrySHio (53d10e20-e320-4876-a33a-c9b8e5781449): И шо
[17:00:00] AETERNAL (6015b02d-f272-4154-8209-5e3b23bbc09c): ну сделай)
[17:00:03] AETERNAL (6015b02d-f272-4154-8209-5e3b23bbc09c): слиток
[17:00:03] PrySHio (53d10e20-e320-4876-a33a-c9b8e5781449): Пиздуй деревню и ищи
[17:00:06] PrySHio (53d10e20-e320-4876-a33a-c9b8e5781449): Я 3 слитка находил
[17:00:07] AETERNAL (6015b02d-f272-4154-8209-5e3b23bbc09c): xD
[17:00:24] AETERNAL (6015b02d-f272-4154-8209-5e3b23bbc09c): всё
[17:00:27] AETERNAL (6015b02d-f272-4154-8209-5e3b23bbc09c): обновлено
[17:00:29] PrySHio (53d10e20-e320-4876-a33a-c9b8e5781449): 1 на магмовый въебал
[17:00:35] PrySHio (53d10e20-e320-4876-a33a-c9b8e5781449): Еще 2 на красную печь
[17:00:36] PrySHio (53d10e20-e320-4876-a33a-c9b8e5781449): Слушай
[17:00:45] PrySHio (53d10e20-e320-4876-a33a-c9b8e5781449): А кто мне говорил про красный сплав кое че
[17:00:48] PrySHio (53d10e20-e320-4876-a33a-c9b8e5781449): )
[17:01:41] AETERNAL (6015b02d-f272-4154-8209-5e3b23bbc09c): что
[17:02:19] PrySHio (53d10e20-e320-4876-a33a-c9b8e5781449): Ладно не говорил
[17:02:24] PrySHio (53d10e20-e320-4876-a33a-c9b8e5781449): Но ты написал читер
[17:02:26] PrySHio (53d10e20-e320-4876-a33a-c9b8e5781449): xD
[17:02:49] AETERNAL (6015b02d-f272-4154-8209-5e3b23bbc09c): надо будет лаунчер перезагрузить и сервак
[17:03:04] PrySHio (53d10e20-e320-4876-a33a-c9b8e5781449): у тебя крафты не на серв части?
[17:03:19] AETERNAL (6015b02d-f272-4154-8209-5e3b23bbc09c): на серв только как ты их видеть то будешь
[17:03:39] AETERNAL (6015b02d-f272-4154-8209-5e3b23bbc09c): они в лаунчре тоже должны бытт
[17:03:39] PrySHio (53d10e20-e320-4876-a33a-c9b8e5781449): Так не надо же для клиента если на серв части есть
[17:03:43] AETERNAL (6015b02d-f272-4154-8209-5e3b23bbc09c): нет
[17:03:46] AETERNAL (6015b02d-f272-4154-8209-5e3b23bbc09c): так не работает
[17:03:51] PrySHio (53d10e20-e320-4876-a33a-c9b8e5781449): На 1.7.10 так работает
[17:03:52] PrySHio (53d10e20-e320-4876-a33a-c9b8e5781449): )
[17:03:55] AETERNAL (6015b02d-f272-4154-8209-5e3b23bbc09c): ты бы ни одного крафта не видел
[17:04:14] AETERNAL (6015b02d-f272-4154-8209-5e3b23bbc09c): рестартуем>
[17:04:15] AETERNAL (6015b02d-f272-4154-8209-5e3b23bbc09c): ?
[17:04:18] PrySHio (53d10e20-e320-4876-a33a-c9b8e5781449): Да
[17:04:19] AETERNAL (6015b02d-f272-4154-8209-5e3b23bbc09c): а я жрать пойду
