[20:57:11] AETERNAL (6015b02d-f272-4154-8209-5e3b23bbc09c): привет, сын мой
[20:57:18] PrySHio (53d10e20-e320-4876-a33a-c9b8e5781449): Блудный?
[20:57:21] AETERNAL (6015b02d-f272-4154-8209-5e3b23bbc09c): xD
[20:57:43] PrySHio (53d10e20-e320-4876-a33a-c9b8e5781449): А ты когда все это переносил
[20:57:47] PrySHio (53d10e20-e320-4876-a33a-c9b8e5781449): Тебя не заебало?)
[20:57:59] AETERNAL (6015b02d-f272-4154-8209-5e3b23bbc09c): я топориком большинство
[20:58:04] PrySHio (53d10e20-e320-4876-a33a-c9b8e5781449): Вот
[20:58:04] AETERNAL (6015b02d-f272-4154-8209-5e3b23bbc09c): могу себе позволить
[20:58:07] PrySHio (53d10e20-e320-4876-a33a-c9b8e5781449): Ты
[20:58:17] PrySHio (53d10e20-e320-4876-a33a-c9b8e5781449): Плохое слово
[20:58:21] PrySHio (53d10e20-e320-4876-a33a-c9b8e5781449): Говорить не буду
[21:00:03] AETERNAL (6015b02d-f272-4154-8209-5e3b23bbc09c): ферма маны на рейкар имба конечно
[21:01:54] AETERNAL (6015b02d-f272-4154-8209-5e3b23bbc09c): немного притащил руды
[21:02:00] AETERNAL (6015b02d-f272-4154-8209-5e3b23bbc09c): я вот всё думал
[21:02:33] AETERNAL (6015b02d-f272-4154-8209-5e3b23bbc09c): какой механизм мог бы реализовать механику плавильни лучше всего, типа, охлаждение жидкого металла в блоки
[21:02:54] PrySHio (53d10e20-e320-4876-a33a-c9b8e5781449): Разливочный
[21:03:04] PrySHio (53d10e20-e320-4876-a33a-c9b8e5781449): + магма
[21:03:13] AETERNAL (6015b02d-f272-4154-8209-5e3b23bbc09c): ну магма плавит
[21:03:21] AETERNAL (6015b02d-f272-4154-8209-5e3b23bbc09c): нудо охлаждение
[21:03:27] AETERNAL (6015b02d-f272-4154-8209-5e3b23bbc09c): разливочный, тоже думал
[21:03:55] PrySHio (53d10e20-e320-4876-a33a-c9b8e5781449): термал тинкер)
[21:04:04] PrySHio (53d10e20-e320-4876-a33a-c9b8e5781449): Ставь его и не ебать мозги
[21:04:11] AETERNAL (6015b02d-f272-4154-8209-5e3b23bbc09c): так а как он
[21:04:14] AETERNAL (6015b02d-f272-4154-8209-5e3b23bbc09c): я его ствил
[21:04:21] AETERNAL (6015b02d-f272-4154-8209-5e3b23bbc09c): и чё то ничё
[21:04:46] PrySHio (53d10e20-e320-4876-a33a-c9b8e5781449): Ну значит мб ты чето не допер
[21:07:41] AETERNAL (6015b02d-f272-4154-8209-5e3b23bbc09c): ой бл
[21:07:43] PrySHio (53d10e20-e320-4876-a33a-c9b8e5781449): Сука
[21:07:51] PrySHio (53d10e20-e320-4876-a33a-c9b8e5781449): Гони деньги
[21:07:52] AETERNAL (6015b02d-f272-4154-8209-5e3b23bbc09c): xD
[21:08:15] PrySHio (53d10e20-e320-4876-a33a-c9b8e5781449): Кстати
[21:08:22] PrySHio (53d10e20-e320-4876-a33a-c9b8e5781449): Ты мог жидкую трубу на сливы поставить
[21:08:27] PrySHio (53d10e20-e320-4876-a33a-c9b8e5781449): Она быстрей заполняет
[21:08:27] AETERNAL (6015b02d-f272-4154-8209-5e3b23bbc09c): я знаю
[21:08:35] AETERNAL (6015b02d-f272-4154-8209-5e3b23bbc09c): кварца пока не накопал
[21:09:30] AETERNAL (6015b02d-f272-4154-8209-5e3b23bbc09c): пойду кка ра
[21:09:36] AETERNAL (6015b02d-f272-4154-8209-5e3b23bbc09c): как раз
[21:11:30] AETERNAL (6015b02d-f272-4154-8209-5e3b23bbc09c): чё там с текстурами то , решил наконец-то?
[21:11:41] PrySHio (53d10e20-e320-4876-a33a-c9b8e5781449): которые я щас делаю?
[21:11:45] AETERNAL (6015b02d-f272-4154-8209-5e3b23bbc09c): гаа
[21:11:46] AETERNAL (6015b02d-f272-4154-8209-5e3b23bbc09c): виктори
[21:12:00] PrySHio (53d10e20-e320-4876-a33a-c9b8e5781449): Ну тут по факту не мне решать
[21:12:54] AETERNAL (6015b02d-f272-4154-8209-5e3b23bbc09c): ну это явно лучше чем та поебень с сотой и плитой
[21:13:15] PrySHio (53d10e20-e320-4876-a33a-c9b8e5781449): Да эти текстуры еще с 19 года
[21:14:18] PrySHio (53d10e20-e320-4876-a33a-c9b8e5781449): Розовая овца
[21:14:41] AETERNAL (6015b02d-f272-4154-8209-5e3b23bbc09c): шашлык хороший будет
[21:15:33] AETERNAL (6015b02d-f272-4154-8209-5e3b23bbc09c): ого
[21:15:36] AETERNAL (6015b02d-f272-4154-8209-5e3b23bbc09c): человек!
[21:15:45] PrySHio (53d10e20-e320-4876-a33a-c9b8e5781449): ААААААААААА ПОЧЕМУ Я КРАСНЫЙ
[21:18:22] PrySHio (53d10e20-e320-4876-a33a-c9b8e5781449): Где мое железо
[21:18:25] PrySHio (53d10e20-e320-4876-a33a-c9b8e5781449): Ты тварь
[21:18:39] AETERNAL (6015b02d-f272-4154-8209-5e3b23bbc09c): какое железо :D
[21:18:48] PrySHio (53d10e20-e320-4876-a33a-c9b8e5781449): Обычное
[21:18:56] PrySHio (53d10e20-e320-4876-a33a-c9b8e5781449): Я уже 2 стака жб всрал
[21:19:00] AETERNAL (6015b02d-f272-4154-8209-5e3b23bbc09c): не знаю такого
[21:19:09] PrySHio (53d10e20-e320-4876-a33a-c9b8e5781449): На твои чудо крафты
[21:20:01] AETERNAL (6015b02d-f272-4154-8209-5e3b23bbc09c): щас кварца тебе зато дам
[21:20:12] PrySHio (53d10e20-e320-4876-a33a-c9b8e5781449): Нах ты мне его скинул
[21:20:18] PrySHio (53d10e20-e320-4876-a33a-c9b8e5781449): у меня и так места нет
[21:20:33] PrySHio (53d10e20-e320-4876-a33a-c9b8e5781449): Посмотри мой инвент
[21:20:47] AETERNAL (6015b02d-f272-4154-8209-5e3b23bbc09c): та норм чё ты :D
[21:22:28] PrySHio (53d10e20-e320-4876-a33a-c9b8e5781449): F
[21:24:05] PrySHio (53d10e20-e320-4876-a33a-c9b8e5781449): Угомони своего спарка
[21:24:20] CPAMOTA (d267ee8f-b769-41ce-81ce-3898bd57776b): Да что такое)
[21:24:29] CPAMOTA (d267ee8f-b769-41ce-81ce-3898bd57776b): А у вас мир прогружен?
[21:24:30] PrySHio (53d10e20-e320-4876-a33a-c9b8e5781449): А вот
[21:24:37] AETERNAL (6015b02d-f272-4154-8209-5e3b23bbc09c): да
[21:24:47] AETERNAL (6015b02d-f272-4154-8209-5e3b23bbc09c): я давно его прогрузил полностю
[21:25:05] PrySHio (53d10e20-e320-4876-a33a-c9b8e5781449): xD
[21:25:13] AETERNAL (6015b02d-f272-4154-8209-5e3b23bbc09c): бляяять
[21:25:16] AETERNAL (6015b02d-f272-4154-8209-5e3b23bbc09c): что с тинкером
[21:25:20] AETERNAL (6015b02d-f272-4154-8209-5e3b23bbc09c): он ебанулся
[21:25:24] CPAMOTA (d267ee8f-b769-41ce-81ce-3898bd57776b): А на сколько гб хост? то у вас прям как-то не лагает)
[21:25:43] AETERNAL (6015b02d-f272-4154-8209-5e3b23bbc09c): 20 гиг
[21:25:45] AETERNAL (6015b02d-f272-4154-8209-5e3b23bbc09c): выделено 10
[21:25:46] PrySHio (53d10e20-e320-4876-a33a-c9b8e5781449): Это пока)
[21:25:56] AETERNAL (6015b02d-f272-4154-8209-5e3b23bbc09c): блять я еблан
[21:25:57] PrySHio (53d10e20-e320-4876-a33a-c9b8e5781449): Если летать на speed 5 и больше
[21:26:00] PrySHio (53d10e20-e320-4876-a33a-c9b8e5781449): То пизда
[21:26:03] AETERNAL (6015b02d-f272-4154-8209-5e3b23bbc09c): я сломал контроллер
[21:26:06] AETERNAL (6015b02d-f272-4154-8209-5e3b23bbc09c): пизда всему
[21:26:14] CPAMOTA (d267ee8f-b769-41ce-81ce-3898bd57776b): Имеено тп умирает? или у тебя только
[21:26:18] PrySHio (53d10e20-e320-4876-a33a-c9b8e5781449): 2к энтити каждые 5 мин удаляет
[21:26:33] CPAMOTA (d267ee8f-b769-41ce-81ce-3898bd57776b): Я просто пытаюсь понять чего у нас так грустно все с тпсом
[21:26:39] CPAMOTA (d267ee8f-b769-41ce-81ce-3898bd57776b): У нетранера на сервере
[21:26:48] AETERNAL (6015b02d-f272-4154-8209-5e3b23bbc09c): греш тех?
[21:26:51] CPAMOTA (d267ee8f-b769-41ce-81ce-3898bd57776b): +
[21:26:51] AETERNAL (6015b02d-f272-4154-8209-5e3b23bbc09c): грег
[21:27:25] PrySHio (53d10e20-e320-4876-a33a-c9b8e5781449): Кому этот грег нужен
[21:27:31] PrySHio (53d10e20-e320-4876-a33a-c9b8e5781449): 1 провод не так поставил и базы нет
[21:27:38] AETERNAL (6015b02d-f272-4154-8209-5e3b23bbc09c): ну если несколько челов топ базы построят то будет немного больно конечно
[21:27:57] CPAMOTA (d267ee8f-b769-41ce-81ce-3898bd57776b): Ахахха, ну я так пару мехов бахнул еже)
[21:28:04] CPAMOTA (d267ee8f-b769-41ce-81ce-3898bd57776b): Ахахха, ну я так пару мехов бахнул еже)
[21:28:23] AETERNAL (6015b02d-f272-4154-8209-5e3b23bbc09c): ну я имею ввиду огромные базы чанков так 5на5 на этом сервере
[21:28:31] PrySHio (53d10e20-e320-4876-a33a-c9b8e5781449): Че так мало
[21:28:37] AETERNAL (6015b02d-f272-4154-8209-5e3b23bbc09c): у меня просто есть опыт игры на таких сборказ
[21:28:37] PrySHio (53d10e20-e320-4876-a33a-c9b8e5781449): У нас на виктори 9 на 9 была
[21:28:52] CPAMOTA (d267ee8f-b769-41ce-81ce-3898bd57776b): О тут еще м 1400 фпс выдает, ахахаахах
[21:29:04] AETERNAL (6015b02d-f272-4154-8209-5e3b23bbc09c): кого :D
[21:29:14] PrySHio (53d10e20-e320-4876-a33a-c9b8e5781449): Ну так то дефолт
[21:29:21] AETERNAL (6015b02d-f272-4154-8209-5e3b23bbc09c): прушь
[21:29:22] PrySHio (53d10e20-e320-4876-a33a-c9b8e5781449): Я тут 900 у себя видел
[21:29:28] PrySHio (53d10e20-e320-4876-a33a-c9b8e5781449): Че
[21:29:33] AETERNAL (6015b02d-f272-4154-8209-5e3b23bbc09c): в плавильню не кидай много всякого хлама
[21:29:44] PrySHio (53d10e20-e320-4876-a33a-c9b8e5781449): Мне она не нужна
[21:29:48] AETERNAL (6015b02d-f272-4154-8209-5e3b23bbc09c): она только что, полностью забитая просадила тпс до 14
[21:29:51] PrySHio (53d10e20-e320-4876-a33a-c9b8e5781449): Кроме дрисни для крафта
[21:30:50] AETERNAL (6015b02d-f272-4154-8209-5e3b23bbc09c): это я если что просто возвращаю то что всрал
[21:30:58] PrySHio (53d10e20-e320-4876-a33a-c9b8e5781449): Я понять не могу
[21:31:02] PrySHio (53d10e20-e320-4876-a33a-c9b8e5781449): Куда ты молоты дел
[21:31:12] AETERNAL (6015b02d-f272-4154-8209-5e3b23bbc09c): сьел
[21:31:29] PrySHio (53d10e20-e320-4876-a33a-c9b8e5781449): Сука верни
[21:31:48] PrySHio (53d10e20-e320-4876-a33a-c9b8e5781449): Меня и так заебали эти мехи
[21:31:53] PrySHio (53d10e20-e320-4876-a33a-c9b8e5781449): А еще и молот делать
[21:32:00] AETERNAL (6015b02d-f272-4154-8209-5e3b23bbc09c): та чё там делать
[21:32:18] PrySHio (53d10e20-e320-4876-a33a-c9b8e5781449): Нихуя ты гений
[21:32:31] PrySHio (53d10e20-e320-4876-a33a-c9b8e5781449): Пластину из древнего металла хуй сделаешь без молота или меха
[21:32:43] PrySHio (53d10e20-e320-4876-a33a-c9b8e5781449): Ой блять\
[21:32:47] AETERNAL (6015b02d-f272-4154-8209-5e3b23bbc09c): xDDD
[21:32:48] PrySHio (53d10e20-e320-4876-a33a-c9b8e5781449): Железного дерева
[21:33:15] AETERNAL (6015b02d-f272-4154-8209-5e3b23bbc09c): чёрт
[21:33:33] AETERNAL (6015b02d-f272-4154-8209-5e3b23bbc09c): выдай короче, обменяй
[21:33:36] AETERNAL (6015b02d-f272-4154-8209-5e3b23bbc09c): я потом сделаю
[21:34:26] AETERNAL (6015b02d-f272-4154-8209-5e3b23bbc09c): вcё
[21:34:29] AETERNAL (6015b02d-f272-4154-8209-5e3b23bbc09c): не выдержал
[21:34:48] AETERNAL (6015b02d-f272-4154-8209-5e3b23bbc09c): слабыё
[21:34:48] PrySHio (53d10e20-e320-4876-a33a-c9b8e5781449): Быстро он сдулся
[21:34:50] AETERNAL (6015b02d-f272-4154-8209-5e3b23bbc09c): й
[21:37:32] AETERNAL (6015b02d-f272-4154-8209-5e3b23bbc09c): пока не забыл
[21:37:41] PrySHio (53d10e20-e320-4876-a33a-c9b8e5781449): Чел а ты хорош
[21:37:59] AETERNAL (6015b02d-f272-4154-8209-5e3b23bbc09c): потом с утра встаю а серв лежит
[21:38:16] PrySHio (53d10e20-e320-4876-a33a-c9b8e5781449): Железо
[21:38:20] PrySHio (53d10e20-e320-4876-a33a-c9b8e5781449): Кабаном
[21:38:24] AETERNAL (6015b02d-f272-4154-8209-5e3b23bbc09c): щас будет
[21:38:44] AETERNAL (6015b02d-f272-4154-8209-5e3b23bbc09c): нихуя ты богатый
[21:38:49] PrySHio (53d10e20-e320-4876-a33a-c9b8e5781449): 30ч
[21:38:51] PrySHio (53d10e20-e320-4876-a33a-c9b8e5781449): xD
[21:41:28] AETERNAL (6015b02d-f272-4154-8209-5e3b23bbc09c): короче
[21:41:30] AETERNAL (6015b02d-f272-4154-8209-5e3b23bbc09c): какой план
[21:41:37] AETERNAL (6015b02d-f272-4154-8209-5e3b23bbc09c): нужен небесный кристаллизатор
[21:41:44] AETERNAL (6015b02d-f272-4154-8209-5e3b23bbc09c): ебашить идеальные кристаллы
[21:41:47] PrySHio (53d10e20-e320-4876-a33a-c9b8e5781449): НУЖНО МЭ
[21:41:50] AETERNAL (6015b02d-f272-4154-8209-5e3b23bbc09c): и ритуал минералис потом
[21:41:55] AETERNAL (6015b02d-f272-4154-8209-5e3b23bbc09c): и руда будет
[21:43:49] AETERNAL (6015b02d-f272-4154-8209-5e3b23bbc09c): щас будет тем
[21:43:51] AETERNAL (6015b02d-f272-4154-8209-5e3b23bbc09c): а
[21:46:11] AETERNAL (6015b02d-f272-4154-8209-5e3b23bbc09c): кез
[21:50:36] AETERNAL (6015b02d-f272-4154-8209-5e3b23bbc09c): а золото
[21:50:38] AETERNAL (6015b02d-f272-4154-8209-5e3b23bbc09c): где
[21:50:47] PrySHio (53d10e20-e320-4876-a33a-c9b8e5781449): В пизде
[21:50:55] AETERNAL (6015b02d-f272-4154-8209-5e3b23bbc09c): ожидал этот ответ
[21:50:57] AETERNAL (6015b02d-f272-4154-8209-5e3b23bbc09c): :D
[21:51:02] PrySHio (53d10e20-e320-4876-a33a-c9b8e5781449): Чек инвент и узнаешь
[21:51:36] AETERNAL (6015b02d-f272-4154-8209-5e3b23bbc09c): ааа
[21:51:41] AETERNAL (6015b02d-f272-4154-8209-5e3b23bbc09c): вот же молоті
[21:51:55] AETERNAL (6015b02d-f272-4154-8209-5e3b23bbc09c): xD
[21:52:10] PrySHio (53d10e20-e320-4876-a33a-c9b8e5781449): СУКААА
[21:52:12] PrySHio (53d10e20-e320-4876-a33a-c9b8e5781449): ТЕРЯЕМ
[21:53:21] PrySHio (53d10e20-e320-4876-a33a-c9b8e5781449): + наполнитель
[21:53:22] PrySHio (53d10e20-e320-4876-a33a-c9b8e5781449): Бля
[21:53:33] AETERNAL (6015b02d-f272-4154-8209-5e3b23bbc09c): мощный
[21:53:40] PrySHio (53d10e20-e320-4876-a33a-c9b8e5781449): Делай ускоры
[21:53:42] PrySHio (53d10e20-e320-4876-a33a-c9b8e5781449): )
[21:53:52] AETERNAL (6015b02d-f272-4154-8209-5e3b23bbc09c): сперва бы холодос сделать
[21:54:41] PrySHio (53d10e20-e320-4876-a33a-c9b8e5781449): Делай)
[21:55:42] AETERNAL (6015b02d-f272-4154-8209-5e3b23bbc09c): я копать, железа нету
[21:56:55] PrySHio (53d10e20-e320-4876-a33a-c9b8e5781449): Сделай холодос и переработку на мехах
[21:57:15] AETERNAL (6015b02d-f272-4154-8209-5e3b23bbc09c): переработку чего
[21:57:21] PrySHio (53d10e20-e320-4876-a33a-c9b8e5781449): Руд
[21:57:35] AETERNAL (6015b02d-f272-4154-8209-5e3b23bbc09c): лучше плавильни щас ничего нет
[21:57:46] PrySHio (53d10e20-e320-4876-a33a-c9b8e5781449): И нахуя у нас тогда мехи стоит
[21:57:49] PrySHio (53d10e20-e320-4876-a33a-c9b8e5781449): Стоят*
[21:57:57] PrySHio (53d10e20-e320-4876-a33a-c9b8e5781449): Сделай холодос
[21:58:05] PrySHio (53d10e20-e320-4876-a33a-c9b8e5781449): По 6 ускоров в дробитель и печс
[21:58:11] PrySHio (53d10e20-e320-4876-a33a-c9b8e5781449): И заебись будет
[21:58:37] AETERNAL (6015b02d-f272-4154-8209-5e3b23bbc09c): щас
[22:01:54] AETERNAL (6015b02d-f272-4154-8209-5e3b23bbc09c): ну, поскольку мы тут главные, а железа у нас нет
[22:02:15] AETERNAL (6015b02d-f272-4154-8209-5e3b23bbc09c): щас буду раскарфчивать
[22:02:56] PrySHio (53d10e20-e320-4876-a33a-c9b8e5781449): Ты пидр
[22:03:00] AETERNAL (6015b02d-f272-4154-8209-5e3b23bbc09c): чё
[22:03:09] PrySHio (53d10e20-e320-4876-a33a-c9b8e5781449): Убери нахуй этот модуль сборщик)
[22:03:16] AETERNAL (6015b02d-f272-4154-8209-5e3b23bbc09c): кого
[22:03:21] PrySHio (53d10e20-e320-4876-a33a-c9b8e5781449): Датчик*
[22:03:43] AETERNAL (6015b02d-f272-4154-8209-5e3b23bbc09c): невозможно
[22:04:00] PrySHio (53d10e20-e320-4876-a33a-c9b8e5781449): Сам крафти улуч завод сплавов
[22:04:05] PrySHio (53d10e20-e320-4876-a33a-c9b8e5781449): Я увольняюсь
[22:04:25] AETERNAL (6015b02d-f272-4154-8209-5e3b23bbc09c): зач тебе он щас
[22:04:31] PrySHio (53d10e20-e320-4876-a33a-c9b8e5781449): Для сборщика
[22:04:36] PrySHio (53d10e20-e320-4876-a33a-c9b8e5781449): Роторов
[22:04:47] AETERNAL (6015b02d-f272-4154-8209-5e3b23bbc09c): нихуя ты замахнулся уже
[22:05:19] PrySHio (53d10e20-e320-4876-a33a-c9b8e5781449): Блять
[22:05:24] PrySHio (53d10e20-e320-4876-a33a-c9b8e5781449): Самое смешное
[22:05:29] PrySHio (53d10e20-e320-4876-a33a-c9b8e5781449): Укоры можем делать
[22:05:43] PrySHio (53d10e20-e320-4876-a33a-c9b8e5781449): А хотя бы угольный ротор хуй тебе
[22:06:03] PrySHio (53d10e20-e320-4876-a33a-c9b8e5781449): На геотермалках это пиздец ускоры попытаться вывести
[22:08:03] PrySHio (53d10e20-e320-4876-a33a-c9b8e5781449): Бро
[22:08:08] PrySHio (53d10e20-e320-4876-a33a-c9b8e5781449): Нихуя ты выдумал
[22:08:18] PrySHio (53d10e20-e320-4876-a33a-c9b8e5781449): Руну энергии
[22:08:22] PrySHio (53d10e20-e320-4876-a33a-c9b8e5781449): В приемщик
[22:08:55] AETERNAL (6015b02d-f272-4154-8209-5e3b23bbc09c): Классно скажи?
[22:09:10] PrySHio (53d10e20-e320-4876-a33a-c9b8e5781449): Ужасно
[22:09:22] PrySHio (53d10e20-e320-4876-a33a-c9b8e5781449): Приёмщик сложнее чем контроллер
[22:09:58] AETERNAL (6015b02d-f272-4154-8209-5e3b23bbc09c): ну там только фотон
[22:10:02] AETERNAL (6015b02d-f272-4154-8209-5e3b23bbc09c): из такого
[22:10:05] PrySHio (53d10e20-e320-4876-a33a-c9b8e5781449): Ага
[22:10:08] PrySHio (53d10e20-e320-4876-a33a-c9b8e5781449): А мольку высрать
[22:10:12] PrySHio (53d10e20-e320-4876-a33a-c9b8e5781449): а энергию
[22:10:20] PrySHio (53d10e20-e320-4876-a33a-c9b8e5781449): Или само появится
[22:10:40] AETERNAL (6015b02d-f272-4154-8209-5e3b23bbc09c): так приёмщик можно и не делать же
[22:10:45] AETERNAL (6015b02d-f272-4154-8209-5e3b23bbc09c): контроллер и так рф жрёт
[22:10:57] AETERNAL (6015b02d-f272-4154-8209-5e3b23bbc09c): другое дело что приёмщика нету в крафте контроллера
[22:10:58] PrySHio (53d10e20-e320-4876-a33a-c9b8e5781449): Для ускорителей роста
[22:10:59] AETERNAL (6015b02d-f272-4154-8209-5e3b23bbc09c): :D
[22:11:07] PrySHio (53d10e20-e320-4876-a33a-c9b8e5781449): Да иди ты нахуй
[22:11:20] PrySHio (53d10e20-e320-4876-a33a-c9b8e5781449): Сам будешь мэ делать
[22:11:21] PrySHio (53d10e20-e320-4876-a33a-c9b8e5781449): И мольку
[22:11:29] PrySHio (53d10e20-e320-4876-a33a-c9b8e5781449): А я копать пойду
[22:12:40] AETERNAL (6015b02d-f272-4154-8209-5e3b23bbc09c): ну мне подходит и так :D
[22:13:44] PrySHio (53d10e20-e320-4876-a33a-c9b8e5781449): Заибал пиздеть
[22:13:53] AETERNAL (6015b02d-f272-4154-8209-5e3b23bbc09c): я молчу блять
[22:13:54] PrySHio (53d10e20-e320-4876-a33a-c9b8e5781449): Иди лучше улуч завод сплавов делай
[22:13:55] AETERNAL (6015b02d-f272-4154-8209-5e3b23bbc09c): чё ты
[22:14:09] AETERNAL (6015b02d-f272-4154-8209-5e3b23bbc09c): из жопы что ли ресы достать на него
[22:14:26] AETERNAL (6015b02d-f272-4154-8209-5e3b23bbc09c): железа нет
[22:14:29] AETERNAL (6015b02d-f272-4154-8209-5e3b23bbc09c): совсем
[22:14:39] PrySHio (53d10e20-e320-4876-a33a-c9b8e5781449): А куда 5 стаков делось то блять
[22:14:49] PrySHio (53d10e20-e320-4876-a33a-c9b8e5781449): Руды
[22:15:21] AETERNAL (6015b02d-f272-4154-8209-5e3b23bbc09c): а,
[22:15:34] AETERNAL (6015b02d-f272-4154-8209-5e3b23bbc09c): я наверное удалил вместе с контроллером
[22:15:36] AETERNAL (6015b02d-f272-4154-8209-5e3b23bbc09c): :D
[22:16:44] PrySHio (53d10e20-e320-4876-a33a-c9b8e5781449): Сделай реагент добычи
[22:17:17] AETERNAL (6015b02d-f272-4154-8209-5e3b23bbc09c): в арому портал?
[22:17:21] PrySHio (53d10e20-e320-4876-a33a-c9b8e5781449): Да
[22:21:56] AETERNAL (6015b02d-f272-4154-8209-5e3b23bbc09c): надо бы кузню в алтарь астрала перенести
[22:22:12] AETERNAL (6015b02d-f272-4154-8209-5e3b23bbc09c): слишком легко
[22:24:55] PrySHio (53d10e20-e320-4876-a33a-c9b8e5781449): Сука
[22:25:00] PrySHio (53d10e20-e320-4876-a33a-c9b8e5781449): Хули оно не падает
[22:25:07] AETERNAL (6015b02d-f272-4154-8209-5e3b23bbc09c): кто
[22:25:08] PrySHio (53d10e20-e320-4876-a33a-c9b8e5781449): 5 раз его ебнул
[22:25:12] PrySHio (53d10e20-e320-4876-a33a-c9b8e5781449): В эдеме
[22:25:23] AETERNAL (6015b02d-f272-4154-8209-5e3b23bbc09c): звезда?
[22:25:30] PrySHio (53d10e20-e320-4876-a33a-c9b8e5781449): Да
[22:25:35] AETERNAL (6015b02d-f272-4154-8209-5e3b23bbc09c): там шанс не большой
[22:25:57] PrySHio (53d10e20-e320-4876-a33a-c9b8e5781449): Сука ну не 0.00001% же
[22:26:04] AETERNAL (6015b02d-f272-4154-8209-5e3b23bbc09c): там пишет
[22:26:12] PrySHio (53d10e20-e320-4876-a33a-c9b8e5781449): Я знаю
[22:31:19] PrySHio (53d10e20-e320-4876-a33a-c9b8e5781449): 8 - 0
[22:31:46] AETERNAL (6015b02d-f272-4154-8209-5e3b23bbc09c): ну щас точно упадёт :D
[22:32:03] PrySHio (53d10e20-e320-4876-a33a-c9b8e5781449): Мамой клянешся?
[22:32:30] AETERNAL (6015b02d-f272-4154-8209-5e3b23bbc09c): батей
[22:32:32] AETERNAL (6015b02d-f272-4154-8209-5e3b23bbc09c): ;D
[22:33:17] PrySHio (53d10e20-e320-4876-a33a-c9b8e5781449): Ну все
[22:33:21] PrySHio (53d10e20-e320-4876-a33a-c9b8e5781449): Нету у тебя бати
[22:33:29] AETERNAL (6015b02d-f272-4154-8209-5e3b23bbc09c): а, да?
[22:33:41] AETERNAL (6015b02d-f272-4154-8209-5e3b23bbc09c): а я даже не заметил
[22:38:17] PrySHio (53d10e20-e320-4876-a33a-c9b8e5781449): 11 - 0
[22:38:51] AETERNAL (6015b02d-f272-4154-8209-5e3b23bbc09c): а ты везучий я смотрю
[22:39:17] PrySHio (53d10e20-e320-4876-a33a-c9b8e5781449): Вроде в геншине лега с шансом 5% падает
[22:39:23] PrySHio (53d10e20-e320-4876-a33a-c9b8e5781449): А мне она до гаранта тянет
[22:39:29] PrySHio (53d10e20-e320-4876-a33a-c9b8e5781449): А другу с 10-40 падает
[22:41:04] PrySHio (53d10e20-e320-4876-a33a-c9b8e5781449): xD
[22:41:18] PrySHio (53d10e20-e320-4876-a33a-c9b8e5781449): Тильтанул xD
[22:42:12] AETERNAL (6015b02d-f272-4154-8209-5e3b23bbc09c): отключило ч' то
[22:43:01] AETERNAL (6015b02d-f272-4154-8209-5e3b23bbc09c): отдай мне свою волю
[22:43:13] PrySHio (53d10e20-e320-4876-a33a-c9b8e5781449): Какую волю
[22:43:38] AETERNAL (6015b02d-f272-4154-8209-5e3b23bbc09c): демоническую
[22:43:54] PrySHio (53d10e20-e320-4876-a33a-c9b8e5781449): Нет уменя такой
[22:44:07] PrySHio (53d10e20-e320-4876-a33a-c9b8e5781449): У меня только далбаебичиская
[22:44:11] AETERNAL (6015b02d-f272-4154-8209-5e3b23bbc09c): пхахахха
[22:45:40] PrySHio (53d10e20-e320-4876-a33a-c9b8e5781449): Пиздец
[22:45:45] PrySHio (53d10e20-e320-4876-a33a-c9b8e5781449): У меня пузырек пропал
[22:45:49] AETERNAL (6015b02d-f272-4154-8209-5e3b23bbc09c): уже какой день, а мы нихуя толком не сделаи ещё
[22:46:08] PrySHio (53d10e20-e320-4876-a33a-c9b8e5781449): -30ч
[22:46:11] PrySHio (53d10e20-e320-4876-a33a-c9b8e5781449): В бутылке
[22:46:13] AETERNAL (6015b02d-f272-4154-8209-5e3b23bbc09c): сделай бекап её
[22:46:17] AETERNAL (6015b02d-f272-4154-8209-5e3b23bbc09c): в заклдаки
[22:46:40] AETERNAL (6015b02d-f272-4154-8209-5e3b23bbc09c): вот так
[22:46:43] PrySHio (53d10e20-e320-4876-a33a-c9b8e5781449): Мне добавили
[22:46:51] PrySHio (53d10e20-e320-4876-a33a-c9b8e5781449): +7ч
[22:46:52] AETERNAL (6015b02d-f272-4154-8209-5e3b23bbc09c): это я тебе свою кинул
[22:46:56] PrySHio (53d10e20-e320-4876-a33a-c9b8e5781449): Пон
[22:47:56] AETERNAL (6015b02d-f272-4154-8209-5e3b23bbc09c): и инструменты тоже в закладкт
[22:48:01] AETERNAL (6015b02d-f272-4154-8209-5e3b23bbc09c): хуй воостановишь потом
[22:49:18] AETERNAL (6015b02d-f272-4154-8209-5e3b23bbc09c): аж мечь сломал пока нафармил
[22:49:59] PrySHio (53d10e20-e320-4876-a33a-c9b8e5781449): 16 - 0
[22:50:29] AETERNAL (6015b02d-f272-4154-8209-5e3b23bbc09c): я уже реагент сделал
[22:51:50] PrySHio (53d10e20-e320-4876-a33a-c9b8e5781449): Да иди ты
[22:54:12] PrySHio (53d10e20-e320-4876-a33a-c9b8e5781449): Это пизда
[22:54:20] PrySHio (53d10e20-e320-4876-a33a-c9b8e5781449): Чисто ради интереса
[22:54:37] AETERNAL (6015b02d-f272-4154-8209-5e3b23bbc09c): xD
[22:55:32] PrySHio (53d10e20-e320-4876-a33a-c9b8e5781449): С 27 выпало
[22:55:42] AETERNAL (6015b02d-f272-4154-8209-5e3b23bbc09c): ну вот)
[22:55:46] PrySHio (53d10e20-e320-4876-a33a-c9b8e5781449): + мои 16
[22:55:52] PrySHio (53d10e20-e320-4876-a33a-c9b8e5781449): Это же пиздец
[23:03:26] PrySHio (53d10e20-e320-4876-a33a-c9b8e5781449): ААААААААААААААААААААААА
[23:03:31] PrySHio (53d10e20-e320-4876-a33a-c9b8e5781449): СОСИ ХУЙЙЙЙЙЙЙЙЙ
[23:03:37] PrySHio (53d10e20-e320-4876-a33a-c9b8e5781449): Маму ебал
[23:03:51] AETERNAL (6015b02d-f272-4154-8209-5e3b23bbc09c): повезло повезло
[23:03:54] AETERNAL (6015b02d-f272-4154-8209-5e3b23bbc09c): :D
[23:04:06] PrySHio (53d10e20-e320-4876-a33a-c9b8e5781449): Все
[23:04:09] PrySHio (53d10e20-e320-4876-a33a-c9b8e5781449): На такой ноте
[23:04:11] PrySHio (53d10e20-e320-4876-a33a-c9b8e5781449): Я спать
[23:04:13] AETERNAL (6015b02d-f272-4154-8209-5e3b23bbc09c): xDD
[23:04:19] AETERNAL (6015b02d-f272-4154-8209-5e3b23bbc09c): спокойной
[23:04:30] AETERNAL (6015b02d-f272-4154-8209-5e3b23bbc09c): 19 статуй
[23:04:33] AETERNAL (6015b02d-f272-4154-8209-5e3b23bbc09c): намана
[23:04:52] PrySHio (53d10e20-e320-4876-a33a-c9b8e5781449): Все бб\
[23:04:56] AETERNAL (6015b02d-f272-4154-8209-5e3b23bbc09c): давай
