[13:02:29] Stxywxthme (6ce0cde9-8c92-4c66-96ad-6bffb9dfc01b): Ку
[13:02:36] Dior (511ac683-c533-439a-8fdd-780c4842b05c): Привет
[13:16:56] Dior (511ac683-c533-439a-8fdd-780c4842b05c): А тут есть смысл играть или уже нету ?
[13:17:02] Stxywxthme (6ce0cde9-8c92-4c66-96ad-6bffb9dfc01b): сам решай
[13:17:08] Dior (511ac683-c533-439a-8fdd-780c4842b05c): Игроки сильно развились или нет
[13:24:55] Stxywxthme (6ce0cde9-8c92-4c66-96ad-6bffb9dfc01b): я не развился
[13:25:13] Stxywxthme (6ce0cde9-8c92-4c66-96ad-6bffb9dfc01b): соответсвенно никто не развился
[13:27:18] Dior (511ac683-c533-439a-8fdd-780c4842b05c): А я до сих пор ищю норм место для базы XD
[13:29:29] Stxywxthme (6ce0cde9-8c92-4c66-96ad-6bffb9dfc01b): а я начал таум
[13:29:37] Stxywxthme (6ce0cde9-8c92-4c66-96ad-6bffb9dfc01b): и остановился
[13:38:04] Stxywxthme (6ce0cde9-8c92-4c66-96ad-6bffb9dfc01b): светокамень есть?
[13:38:44] Dior (511ac683-c533-439a-8fdd-780c4842b05c): Не я просто ещё хожу данжи лутаю ещё не строился
[13:38:51] Dior (511ac683-c533-439a-8fdd-780c4842b05c): И не добывал ещё ничего
[13:39:03] Stxywxthme (6ce0cde9-8c92-4c66-96ad-6bffb9dfc01b): окей
[13:40:02] Stxywxthme (6ce0cde9-8c92-4c66-96ad-6bffb9dfc01b): .рщьу
[13:53:13] Stxywxthme (6ce0cde9-8c92-4c66-96ad-6bffb9dfc01b): жесть сделал 8 сжатых сундука
[15:22:06] Dior (511ac683-c533-439a-8fdd-780c4842b05c): HI
[15:22:18] Stxywxthme (6ce0cde9-8c92-4c66-96ad-6bffb9dfc01b): КУ
[15:22:25] _reflexed (a4982e19-bdcc-40a7-a685-78ee1c50ad23): ку
[15:29:45] Stxywxthme (6ce0cde9-8c92-4c66-96ad-6bffb9dfc01b): нашел лазейку в крафтах
[15:29:50] _reflexed (a4982e19-bdcc-40a7-a685-78ee1c50ad23): Какую
[15:30:07] Stxywxthme (6ce0cde9-8c92-4c66-96ad-6bffb9dfc01b): типа можно легко пойти в шахтерский мир
[15:30:29] Stxywxthme (6ce0cde9-8c92-4c66-96ad-6bffb9dfc01b): переключатель измерений
[15:32:38] Stxywxthme (6ce0cde9-8c92-4c66-96ad-6bffb9dfc01b): работает
[15:33:47] Dior (511ac683-c533-439a-8fdd-780c4842b05c): Верх и в них автоматом приватит ?
[15:33:52] _reflexed (a4982e19-bdcc-40a7-a685-78ee1c50ad23): Да
[15:35:04] Dior (511ac683-c533-439a-8fdd-780c4842b05c): А что за бред почему такая маленькая теретоория привата
[15:35:14] _reflexed (a4982e19-bdcc-40a7-a685-78ee1c50ad23): Там 4 привата по 2 на 2 чанка
[15:35:23] _reflexed (a4982e19-bdcc-40a7-a685-78ee1c50ad23): Выходит где-то 16 чанков
[15:36:37] Dior (511ac683-c533-439a-8fdd-780c4842b05c): аааа господи
[15:37:00] Dior (511ac683-c533-439a-8fdd-780c4842b05c): Ну наконец то
[15:37:43] Stxywxthme (6ce0cde9-8c92-4c66-96ad-6bffb9dfc01b): .home
[15:41:34] Dior (511ac683-c533-439a-8fdd-780c4842b05c): Я так понимаю что без тинкер печки тут не кудда
[15:41:44] _reflexed (a4982e19-bdcc-40a7-a685-78ee1c50ad23): Ага
[16:08:20] Dior (511ac683-c533-439a-8fdd-780c4842b05c): А почему ничего в гробе не сохранилось ?
[16:08:30] Stxywxthme (6ce0cde9-8c92-4c66-96ad-6bffb9dfc01b): хз
[16:09:14] Dior (511ac683-c533-439a-8fdd-780c4842b05c): Ну вот и закончилось выживание проебал все вещи ломаю гроб а он пустой круто
[16:11:41] Dior (511ac683-c533-439a-8fdd-780c4842b05c): Оно же не удаляет вещи даже если ты умер
[16:11:55] Stxywxthme (6ce0cde9-8c92-4c66-96ad-6bffb9dfc01b): где ты был?
[16:12:16] Dior (511ac683-c533-439a-8fdd-780c4842b05c): В данже
[16:12:27] Stxywxthme (6ce0cde9-8c92-4c66-96ad-6bffb9dfc01b): понятно
[16:12:54] Dior (511ac683-c533-439a-8fdd-780c4842b05c): Умер и там появилось надгробие щяс вот сломал а он пустой
[16:13:22] Stxywxthme (6ce0cde9-8c92-4c66-96ad-6bffb9dfc01b): ну тогда вещи пропали
[16:13:33] Dior (511ac683-c533-439a-8fdd-780c4842b05c): ПЗДЦ
[16:19:37] Stxywxthme (6ce0cde9-8c92-4c66-96ad-6bffb9dfc01b): диор ты тут?
[16:19:44] Dior (511ac683-c533-439a-8fdd-780c4842b05c): Угу
[16:22:27] Dior (511ac683-c533-439a-8fdd-780c4842b05c): Отошел кушить скоро буду
[16:31:27] Stxywxthme (6ce0cde9-8c92-4c66-96ad-6bffb9dfc01b): я афк
[16:43:58] Stxywxthme (6ce0cde9-8c92-4c66-96ad-6bffb9dfc01b): я тут
[16:45:06] AETERNAL (6015b02d-f272-4154-8209-5e3b23bbc09c): ой
[16:45:09] AETERNAL (6015b02d-f272-4154-8209-5e3b23bbc09c): дамажат
[16:45:12] AETERNAL (6015b02d-f272-4154-8209-5e3b23bbc09c): забыл
[16:45:12] Stxywxthme (6ce0cde9-8c92-4c66-96ad-6bffb9dfc01b): да
[16:45:16] AETERNAL (6015b02d-f272-4154-8209-5e3b23bbc09c): сорян
[16:45:38] AETERNAL (6015b02d-f272-4154-8209-5e3b23bbc09c): ахаха, а чё ты так, безопасно
[16:45:42] Stxywxthme (6ce0cde9-8c92-4c66-96ad-6bffb9dfc01b): жа
[16:45:49] Stxywxthme (6ce0cde9-8c92-4c66-96ad-6bffb9dfc01b): мобы заебали\
[16:46:07] Stxywxthme (6ce0cde9-8c92-4c66-96ad-6bffb9dfc01b): тем более боссы
[16:46:36] AETERNAL (6015b02d-f272-4154-8209-5e3b23bbc09c): ад тут жёсткий
[16:46:43] Stxywxthme (6ce0cde9-8c92-4c66-96ad-6bffb9dfc01b): да
[16:46:49] AETERNAL (6015b02d-f272-4154-8209-5e3b23bbc09c): везде травящие грибы
[16:47:01] Stxywxthme (6ce0cde9-8c92-4c66-96ad-6bffb9dfc01b): надо убрать беттер незер
[16:47:18] Stxywxthme (6ce0cde9-8c92-4c66-96ad-6bffb9dfc01b): юзлесс мод
[16:47:27] AETERNAL (6015b02d-f272-4154-8209-5e3b23bbc09c): та классная же генерация)
[16:47:32] AETERNAL (6015b02d-f272-4154-8209-5e3b23bbc09c): интереснее же ванилы
[16:47:48] Stxywxthme (6ce0cde9-8c92-4c66-96ad-6bffb9dfc01b): да?
[16:48:48] AETERNAL (6015b02d-f272-4154-8209-5e3b23bbc09c): Dior читай дс
[16:49:46] AETERNAL (6015b02d-f272-4154-8209-5e3b23bbc09c): @lovi_apte4kq
[16:49:56] AETERNAL (6015b02d-f272-4154-8209-5e3b23bbc09c): мм, так не воркает
[16:50:09] Stxywxthme (6ce0cde9-8c92-4c66-96ad-6bffb9dfc01b): ТПНИ
[16:50:19] AETERNAL (6015b02d-f272-4154-8209-5e3b23bbc09c): ладно, так уж и быть
[16:50:40] Stxywxthme (6ce0cde9-8c92-4c66-96ad-6bffb9dfc01b): ты говорил ад безопасный
[16:50:52] AETERNAL (6015b02d-f272-4154-8209-5e3b23bbc09c): я говорил что он жёсткий
[16:51:02] Stxywxthme (6ce0cde9-8c92-4c66-96ad-6bffb9dfc01b): ок
[16:51:13] Stxywxthme (6ce0cde9-8c92-4c66-96ad-6bffb9dfc01b): слишком сложный
[16:51:22] AETERNAL (6015b02d-f272-4154-8209-5e3b23bbc09c): ну так
[16:51:27] AETERNAL (6015b02d-f272-4154-8209-5e3b23bbc09c): у тебя что за броня
[16:51:34] Stxywxthme (6ce0cde9-8c92-4c66-96ad-6bffb9dfc01b): теневая
[16:52:28] AETERNAL (6015b02d-f272-4154-8209-5e3b23bbc09c): кстати
[16:52:34] AETERNAL (6015b02d-f272-4154-8209-5e3b23bbc09c): кому там база нужна была
[16:52:37] AETERNAL (6015b02d-f272-4154-8209-5e3b23bbc09c): точнее место
[16:54:27] Stxywxthme (6ce0cde9-8c92-4c66-96ad-6bffb9dfc01b): этер
[16:54:39] Stxywxthme (6ce0cde9-8c92-4c66-96ad-6bffb9dfc01b): где моя земля
[16:59:07] Stxywxthme (6ce0cde9-8c92-4c66-96ad-6bffb9dfc01b): Aeternal предлагаю урезать спавн в аду
[17:00:05] AETERNAL (6015b02d-f272-4154-8209-5e3b23bbc09c): ёмаё
[17:00:09] AETERNAL (6015b02d-f272-4154-8209-5e3b23bbc09c): просил же пингани
[17:00:23] AETERNAL (6015b02d-f272-4154-8209-5e3b23bbc09c): дс глянь
[17:00:50] Stxywxthme (6ce0cde9-8c92-4c66-96ad-6bffb9dfc01b): да
[17:01:46] Dior (511ac683-c533-439a-8fdd-780c4842b05c): не пон
[17:01:50] Stxywxthme (6ce0cde9-8c92-4c66-96ad-6bffb9dfc01b): да
[17:02:10] Dior (511ac683-c533-439a-8fdd-780c4842b05c): типо моя могила была сверху а не снизу ?
[17:02:13] Stxywxthme (6ce0cde9-8c92-4c66-96ad-6bffb9dfc01b): они оба убивают за 10 сек
[17:02:14] AETERNAL (6015b02d-f272-4154-8209-5e3b23bbc09c): да
[17:02:18] AETERNAL (6015b02d-f272-4154-8209-5e3b23bbc09c): на поверхности
[17:02:23] Dior (511ac683-c533-439a-8fdd-780c4842b05c): ахах
[17:02:31] AETERNAL (6015b02d-f272-4154-8209-5e3b23bbc09c): вот тебе
[17:02:33] AETERNAL (6015b02d-f272-4154-8209-5e3b23bbc09c): доставка
[17:02:47] AETERNAL (6015b02d-f272-4154-8209-5e3b23bbc09c): ту я сломаю
[17:02:57] Dior (511ac683-c533-439a-8fdd-780c4842b05c): вот это круто
[17:37:07] Dior (511ac683-c533-439a-8fdd-780c4842b05c): Ты тут ?
[17:37:19] Stxywxthme (6ce0cde9-8c92-4c66-96ad-6bffb9dfc01b): да
[17:37:30] Dior (511ac683-c533-439a-8fdd-780c4842b05c): А как в ад попасть ?
[17:37:44] Stxywxthme (6ce0cde9-8c92-4c66-96ad-6bffb9dfc01b): через портал
[17:38:02] Dior (511ac683-c533-439a-8fdd-780c4842b05c): А на спавне есть он или самому надо сделать
[17:38:07] Stxywxthme (6ce0cde9-8c92-4c66-96ad-6bffb9dfc01b): самому
[17:38:33] Stxywxthme (6ce0cde9-8c92-4c66-96ad-6bffb9dfc01b): ну что есть крафт?
[17:38:39] AETERNAL (6015b02d-f272-4154-8209-5e3b23bbc09c): -
[17:38:49] Stxywxthme (6ce0cde9-8c92-4c66-96ad-6bffb9dfc01b): что я и говорил
[17:54:55] Stxywxthme (6ce0cde9-8c92-4c66-96ad-6bffb9dfc01b): ненавижу таумкрафт
[18:05:11] _reflexed (a4982e19-bdcc-40a7-a685-78ee1c50ad23): ку всем
[18:05:25] Dior (511ac683-c533-439a-8fdd-780c4842b05c): HI
[18:07:14] _reflexed (a4982e19-bdcc-40a7-a685-78ee1c50ad23): Ребят, что делать если у меня щас случился приступ ностальгии?
[18:07:28] Stxywxthme (6ce0cde9-8c92-4c66-96ad-6bffb9dfc01b): наслаждаться
[18:10:46] _reflexed (a4982e19-bdcc-40a7-a685-78ee1c50ad23): А, электропечь сделать нельзя чтоль?
[18:11:18] Stxywxthme (6ce0cde9-8c92-4c66-96ad-6bffb9dfc01b): да
[18:11:21] _reflexed (a4982e19-bdcc-40a7-a685-78ee1c50ad23): Ясно
[18:25:01] Stxywxthme (6ce0cde9-8c92-4c66-96ad-6bffb9dfc01b): втф
[18:25:14] _reflexed (a4982e19-bdcc-40a7-a685-78ee1c50ad23): Босс убил?
[18:25:25] Stxywxthme (6ce0cde9-8c92-4c66-96ad-6bffb9dfc01b): меня маленький слайм шотнул
[18:26:20] Stxywxthme (6ce0cde9-8c92-4c66-96ad-6bffb9dfc01b): 4к блоков
[18:26:31] _reflexed (a4982e19-bdcc-40a7-a685-78ee1c50ad23): Бывает
[18:26:35] _reflexed (a4982e19-bdcc-40a7-a685-78ee1c50ad23): Я так бегал 4-5 раз
[18:27:03] Stxywxthme (6ce0cde9-8c92-4c66-96ad-6bffb9dfc01b): пошел в ртп 6к
[18:37:51] Stxywxthme (6ce0cde9-8c92-4c66-96ad-6bffb9dfc01b): О удачный ртп
[18:39:30] Dior (511ac683-c533-439a-8fdd-780c4842b05c): Есть у кого 10 титана ?
[18:39:50] Stxywxthme (6ce0cde9-8c92-4c66-96ad-6bffb9dfc01b): Зачем тебе
[18:39:52] Stxywxthme (6ce0cde9-8c92-4c66-96ad-6bffb9dfc01b): Зачем тебе
[18:39:56] Dior (511ac683-c533-439a-8fdd-780c4842b05c): А не всё нашел
[18:42:38] _reflexed (a4982e19-bdcc-40a7-a685-78ee1c50ad23): Stxywxthme, у тебя всё норм с пингом?
[18:42:44] Stxywxthme (6ce0cde9-8c92-4c66-96ad-6bffb9dfc01b): ДА
[18:42:58] Stxywxthme (6ce0cde9-8c92-4c66-96ad-6bffb9dfc01b): 72ms
[18:50:43] _reflexed (a4982e19-bdcc-40a7-a685-78ee1c50ad23): Я не могу линзу сделать?
[20:53:20] AETERNAL (6015b02d-f272-4154-8209-5e3b23bbc09c): а \
[20:53:20] Dior (511ac683-c533-439a-8fdd-780c4842b05c): стреляй по нему с посоха или с лука увидишь
[20:53:26] AETERNAL (6015b02d-f272-4154-8209-5e3b23bbc09c): так это босс босс
[20:54:08] AETERNAL (6015b02d-f272-4154-8209-5e3b23bbc09c): ты чё
[20:54:12] AETERNAL (6015b02d-f272-4154-8209-5e3b23bbc09c): не видел что-ли
[20:54:16] AETERNAL (6015b02d-f272-4154-8209-5e3b23bbc09c): что он с бафами
[20:54:30] Dior (511ac683-c533-439a-8fdd-780c4842b05c): типо элитный
[20:54:33] AETERNAL (6015b02d-f272-4154-8209-5e3b23bbc09c): так да
[20:55:05] AETERNAL (6015b02d-f272-4154-8209-5e3b23bbc09c): когда таких видишь, и ты в начале то скипать сразу
[20:55:11] AETERNAL (6015b02d-f272-4154-8209-5e3b23bbc09c): искать нового
[20:55:18] AETERNAL (6015b02d-f272-4154-8209-5e3b23bbc09c): тебе просто "повезло"
[20:56:00] AETERNAL (6015b02d-f272-4154-8209-5e3b23bbc09c): смотри
[20:56:05] AETERNAL (6015b02d-f272-4154-8209-5e3b23bbc09c): иди сюда
[20:56:27] AETERNAL (6015b02d-f272-4154-8209-5e3b23bbc09c): видишь
[20:56:31] AETERNAL (6015b02d-f272-4154-8209-5e3b23bbc09c): ловушка заряжена
[20:56:41] AETERNAL (6015b02d-f272-4154-8209-5e3b23bbc09c): вот теперь надо сигнал
[20:56:51] AETERNAL (6015b02d-f272-4154-8209-5e3b23bbc09c): когда гаст пролетает
[20:57:03] Dior (511ac683-c533-439a-8fdd-780c4842b05c): хммм.....
[20:57:05] AETERNAL (6015b02d-f272-4154-8209-5e3b23bbc09c): её заряжать убийством мелких возле неё
[20:57:36] AETERNAL (6015b02d-f272-4154-8209-5e3b23bbc09c): она сильно дамажит
[20:57:38] Dior (511ac683-c533-439a-8fdd-780c4842b05c): аааа всё понел
[20:58:08] AETERNAL (6015b02d-f272-4154-8209-5e3b23bbc09c): сука
[20:58:10] AETERNAL (6015b02d-f272-4154-8209-5e3b23bbc09c): как её
[20:58:16] AETERNAL (6015b02d-f272-4154-8209-5e3b23bbc09c): называетсяя
[20:58:47] AETERNAL (6015b02d-f272-4154-8209-5e3b23bbc09c): медуза
[20:58:58] Dior (511ac683-c533-439a-8fdd-780c4842b05c): нага ?
[20:59:07] AETERNAL (6015b02d-f272-4154-8209-5e3b23bbc09c): та не, шляпа твоя выглядит
[20:59:10] AETERNAL (6015b02d-f272-4154-8209-5e3b23bbc09c): как медуза
[20:59:15] Dior (511ac683-c533-439a-8fdd-780c4842b05c): аааа
[20:59:16] AETERNAL (6015b02d-f272-4154-8209-5e3b23bbc09c): та которая в камень превращает
[20:59:17] Dior (511ac683-c533-439a-8fdd-780c4842b05c): да
[20:59:47] AETERNAL (6015b02d-f272-4154-8209-5e3b23bbc09c): я пошёл
[20:59:52] Dior (511ac683-c533-439a-8fdd-780c4842b05c): угу сяп
