[00:09:02] AETERNAL (6015b02d-f272-4154-8209-5e3b23bbc09c): бывает
[00:13:30] Nindly (eb4d01d7-785b-433a-88b6-26b920632b5b): Курочки из Roost есть в твайлате ?
[00:13:50] AETERNAL (6015b02d-f272-4154-8209-5e3b23bbc09c): вот не знаю
[13:00:34] galaxy3231 (d4f7a5f3-2cd4-40bf-b49f-e6b7300e0ce3): q
[14:09:01] Stxywxthme (6ce0cde9-8c92-4c66-96ad-6bffb9dfc01b): да
[14:09:29] Stxywxthme (6ce0cde9-8c92-4c66-96ad-6bffb9dfc01b): окей
[14:09:47] Stxywxthme (6ce0cde9-8c92-4c66-96ad-6bffb9dfc01b): улучшенный завод сплавов
[14:09:58] Stxywxthme (6ce0cde9-8c92-4c66-96ad-6bffb9dfc01b): производитель электросхем
[14:10:29] Stxywxthme (6ce0cde9-8c92-4c66-96ad-6bffb9dfc01b): ну еще и можно обычный завод сплавов из iu
[14:11:39] Apt_bolka (99791d25-cc6a-40d5-9fab-db8d91e26277): Я вернулся
[14:12:13] Apt_bolka (99791d25-cc6a-40d5-9fab-db8d91e26277): ты мехи так и не сделал?
[14:12:20] Stxywxthme (6ce0cde9-8c92-4c66-96ad-6bffb9dfc01b): я только зашел
[14:12:25] Apt_bolka (99791d25-cc6a-40d5-9fab-db8d91e26277): пон
[14:12:56] Stxywxthme (6ce0cde9-8c92-4c66-96ad-6bffb9dfc01b): нужны только ядовитые соты
[14:13:08] Apt_bolka (99791d25-cc6a-40d5-9fab-db8d91e26277): ты сделал авто переработку?
[14:13:12] Stxywxthme (6ce0cde9-8c92-4c66-96ad-6bffb9dfc01b): нет
[14:13:19] Stxywxthme (6ce0cde9-8c92-4c66-96ad-6bffb9dfc01b): я сломал
[14:13:29] Apt_bolka (99791d25-cc6a-40d5-9fab-db8d91e26277): а откуда 64к Слитков?
[14:13:35] Stxywxthme (6ce0cde9-8c92-4c66-96ad-6bffb9dfc01b): переработал
[14:13:38] Apt_bolka (99791d25-cc6a-40d5-9fab-db8d91e26277): а пон
[14:13:42] Stxywxthme (6ce0cde9-8c92-4c66-96ad-6bffb9dfc01b): раньше
[14:13:48] Stxywxthme (6ce0cde9-8c92-4c66-96ad-6bffb9dfc01b): а сейчас не могу
[14:14:03] Stxywxthme (6ce0cde9-8c92-4c66-96ad-6bffb9dfc01b): посмотри соты
[14:15:16] Stxywxthme (6ce0cde9-8c92-4c66-96ad-6bffb9dfc01b): что бы создать из жидкой материи
[14:23:48] Apt_bolka (99791d25-cc6a-40d5-9fab-db8d91e26277): .у
[14:42:15] Apt_bolka (99791d25-cc6a-40d5-9fab-db8d91e26277): ок
[15:06:35] Stxywxthme (6ce0cde9-8c92-4c66-96ad-6bffb9dfc01b): принцессы чистые есть?
[15:06:45] Nergaloff (88da800e-1614-4c65-ace8-c18f7e99e914): какие
[15:06:49] Stxywxthme (6ce0cde9-8c92-4c66-96ad-6bffb9dfc01b): ну любые
[15:06:53] Nergaloff (88da800e-1614-4c65-ace8-c18f7e99e914): ща гляну
[15:06:53] Stxywxthme (6ce0cde9-8c92-4c66-96ad-6bffb9dfc01b): главное чистые
[15:07:03] Nergaloff (88da800e-1614-4c65-ace8-c18f7e99e914): сколько нужно
[15:07:08] Stxywxthme (6ce0cde9-8c92-4c66-96ad-6bffb9dfc01b): 3
[15:08:48] Stxywxthme (6ce0cde9-8c92-4c66-96ad-6bffb9dfc01b): на
[15:11:30] Stxywxthme (6ce0cde9-8c92-4c66-96ad-6bffb9dfc01b): все
[15:11:38] Nergaloff (88da800e-1614-4c65-ace8-c18f7e99e914): спасибо
[15:16:01] Apt_bolka (99791d25-cc6a-40d5-9fab-db8d91e26277): ммм пластик
[15:16:06] Apt_bolka (99791d25-cc6a-40d5-9fab-db8d91e26277): из индастрела
[15:16:28] Stxywxthme (6ce0cde9-8c92-4c66-96ad-6bffb9dfc01b): кажется не сложно
[15:16:33] Apt_bolka (99791d25-cc6a-40d5-9fab-db8d91e26277): ну да
[15:16:43] Apt_bolka (99791d25-cc6a-40d5-9fab-db8d91e26277): но прост я чот подзаебался
[15:16:48] Apt_bolka (99791d25-cc6a-40d5-9fab-db8d91e26277): мне надо карточку сделать
[15:16:52] Stxywxthme (6ce0cde9-8c92-4c66-96ad-6bffb9dfc01b): ок
[15:17:00] Apt_bolka (99791d25-cc6a-40d5-9fab-db8d91e26277): Карта расширения шаблонов
[15:17:01] Stxywxthme (6ce0cde9-8c92-4c66-96ad-6bffb9dfc01b): попробую сделать
[15:17:07] Apt_bolka (99791d25-cc6a-40d5-9fab-db8d91e26277): Сделаешь 1 штучку?
[15:21:54] Apt_bolka (99791d25-cc6a-40d5-9fab-db8d91e26277): Сделай ток нефтеперерабатывающий завод
[15:21:59] Apt_bolka (99791d25-cc6a-40d5-9fab-db8d91e26277): Когда Сделаешь в дс отпиши
[15:49:13] Stxywxthme (6ce0cde9-8c92-4c66-96ad-6bffb9dfc01b): норм так 13к пинга
[15:49:36] Stxywxthme (6ce0cde9-8c92-4c66-96ad-6bffb9dfc01b): уже 15к
[15:54:48] Stxywxthme (6ce0cde9-8c92-4c66-96ad-6bffb9dfc01b): я блять лагаю
[15:54:51] Apt_bolka (99791d25-cc6a-40d5-9fab-db8d91e26277): Делаешь?
[15:54:56] Stxywxthme (6ce0cde9-8c92-4c66-96ad-6bffb9dfc01b): да
[15:55:38] Stxywxthme (6ce0cde9-8c92-4c66-96ad-6bffb9dfc01b): интерфейсы за 10 сек открываются
[15:56:01] Apt_bolka (99791d25-cc6a-40d5-9fab-db8d91e26277): нужно ток нефтеперерабатующий завод
[15:56:06] Apt_bolka (99791d25-cc6a-40d5-9fab-db8d91e26277): остальное я сделать
[15:56:22] Apt_bolka (99791d25-cc6a-40d5-9fab-db8d91e26277): в дс напишешь ок?
[15:56:25] Stxywxthme (6ce0cde9-8c92-4c66-96ad-6bffb9dfc01b): ок
[16:18:57] Apt_bolka (99791d25-cc6a-40d5-9fab-db8d91e26277): Где
[16:19:05] Stxywxthme (6ce0cde9-8c92-4c66-96ad-6bffb9dfc01b): у меня в инвентаре
[16:19:05] Apt_bolka (99791d25-cc6a-40d5-9fab-db8d91e26277): дяй)
[16:19:40] Apt_bolka (99791d25-cc6a-40d5-9fab-db8d91e26277): такс
[16:19:43] Stxywxthme (6ce0cde9-8c92-4c66-96ad-6bffb9dfc01b): кстати
[16:19:45] Apt_bolka (99791d25-cc6a-40d5-9fab-db8d91e26277): надо теперь многа нефти
[16:19:54] Stxywxthme (6ce0cde9-8c92-4c66-96ad-6bffb9dfc01b): вот нефть
[16:20:15] Apt_bolka (99791d25-cc6a-40d5-9fab-db8d91e26277): Помпы надо
[16:21:21] Apt_bolka (99791d25-cc6a-40d5-9fab-db8d91e26277): мм баги
[16:25:46] Stxywxthme (6ce0cde9-8c92-4c66-96ad-6bffb9dfc01b): ммм
[16:25:51] Stxywxthme (6ce0cde9-8c92-4c66-96ad-6bffb9dfc01b): нам нужен улучшенный
[16:26:01] Apt_bolka (99791d25-cc6a-40d5-9fab-db8d91e26277): мм
[16:26:03] Apt_bolka (99791d25-cc6a-40d5-9fab-db8d91e26277): ну делай)
[16:26:11] Apt_bolka (99791d25-cc6a-40d5-9fab-db8d91e26277): я пока одной жидкостью займусь
[16:32:20] AETERNAL (6015b02d-f272-4154-8209-5e3b23bbc09c): щас немного будет подлагивать
[16:32:58] Apt_bolka (99791d25-cc6a-40d5-9fab-db8d91e26277): почуствувал
[16:33:07] Apt_bolka (99791d25-cc6a-40d5-9fab-db8d91e26277): квесты поправил?
[16:34:40] AETERNAL (6015b02d-f272-4154-8209-5e3b23bbc09c): поправляю
[16:34:45] Apt_bolka (99791d25-cc6a-40d5-9fab-db8d91e26277): угу
[16:36:52] AETERNAL (6015b02d-f272-4154-8209-5e3b23bbc09c): пока что всё, сорян за лаги
[16:41:59] Apt_bolka (99791d25-cc6a-40d5-9fab-db8d91e26277): закинь
[16:42:03] Apt_bolka (99791d25-cc6a-40d5-9fab-db8d91e26277): чтоб дальше производила
[16:42:13] Apt_bolka (99791d25-cc6a-40d5-9fab-db8d91e26277): ммм
[16:42:17] Apt_bolka (99791d25-cc6a-40d5-9fab-db8d91e26277): он теперь вопше не поступает
[16:42:39] Apt_bolka (99791d25-cc6a-40d5-9fab-db8d91e26277): хм
[16:42:48] Apt_bolka (99791d25-cc6a-40d5-9fab-db8d91e26277): Поч не поступает
[16:43:02] Apt_bolka (99791d25-cc6a-40d5-9fab-db8d91e26277): Трубы из суслика значит сломаны
[16:43:08] Apt_bolka (99791d25-cc6a-40d5-9fab-db8d91e26277): ой
[16:43:10] AETERNAL (6015b02d-f272-4154-8209-5e3b23bbc09c): они дрянь какая то
[16:43:17] AETERNAL (6015b02d-f272-4154-8209-5e3b23bbc09c): а это хз откуда у тебя
[16:43:35] AETERNAL (6015b02d-f272-4154-8209-5e3b23bbc09c): из эндера юзай трубы
[16:43:40] AETERNAL (6015b02d-f272-4154-8209-5e3b23bbc09c): или термал на крайняк
[16:43:43] Apt_bolka (99791d25-cc6a-40d5-9fab-db8d91e26277): они трудно крафтятся?
[16:43:48] Apt_bolka (99791d25-cc6a-40d5-9fab-db8d91e26277): уф
[16:43:52] AETERNAL (6015b02d-f272-4154-8209-5e3b23bbc09c): не
[16:43:55] Apt_bolka (99791d25-cc6a-40d5-9fab-db8d91e26277): жестоко
[16:44:12] AETERNAL (6015b02d-f272-4154-8209-5e3b23bbc09c): кремния просто побольше
[16:44:24] Apt_bolka (99791d25-cc6a-40d5-9fab-db8d91e26277): ты пофиксил дюп этой штуки?
[16:44:37] AETERNAL (6015b02d-f272-4154-8209-5e3b23bbc09c): нет
[16:44:41] AETERNAL (6015b02d-f272-4154-8209-5e3b23bbc09c): я чё ебу как его фиксить
[16:44:45] Apt_bolka (99791d25-cc6a-40d5-9fab-db8d91e26277): она стоит у меня на базе место Эндер притягивателя
[16:44:50] Apt_bolka (99791d25-cc6a-40d5-9fab-db8d91e26277): удали ему крафт)
[16:44:59] AETERNAL (6015b02d-f272-4154-8209-5e3b23bbc09c): ну такой себе фикс
[16:45:06] Apt_bolka (99791d25-cc6a-40d5-9fab-db8d91e26277): Ну вырежи из мода
[16:45:13] Apt_bolka (99791d25-cc6a-40d5-9fab-db8d91e26277): я так делал
[16:45:45] Apt_bolka (99791d25-cc6a-40d5-9fab-db8d91e26277): Кст помнишь я тебе помощь предлогал что думаешь?
[16:45:48] AETERNAL (6015b02d-f272-4154-8209-5e3b23bbc09c): потом чё то придмаю
[16:45:50] Apt_bolka (99791d25-cc6a-40d5-9fab-db8d91e26277): или ты щяс занят
[16:47:16] Apt_bolka (99791d25-cc6a-40d5-9fab-db8d91e26277): Знаешь я могу попробовать их фиксануть но я буду своего друга коканачивать он у меня мамкин програмист
[16:47:29] Apt_bolka (99791d25-cc6a-40d5-9fab-db8d91e26277): в крайнем случаии могу их из мода вырезать
[16:53:20] Apt_bolka (99791d25-cc6a-40d5-9fab-db8d91e26277): хм
[16:53:43] Apt_bolka (99791d25-cc6a-40d5-9fab-db8d91e26277): какая та хуйня
[16:54:05] AETERNAL (6015b02d-f272-4154-8209-5e3b23bbc09c): из какого мода оно
[16:54:12] AETERNAL (6015b02d-f272-4154-8209-5e3b23bbc09c): а
[16:54:12] Apt_bolka (99791d25-cc6a-40d5-9fab-db8d91e26277): чекни
[16:54:15] AETERNAL (6015b02d-f272-4154-8209-5e3b23bbc09c): забей
[16:54:17] AETERNAL (6015b02d-f272-4154-8209-5e3b23bbc09c): его не будет
[16:54:22] Apt_bolka (99791d25-cc6a-40d5-9fab-db8d91e26277): Слушай
[16:54:25] Apt_bolka (99791d25-cc6a-40d5-9fab-db8d91e26277): что с трубами
[16:54:28] Apt_bolka (99791d25-cc6a-40d5-9fab-db8d91e26277): Чекни
[16:54:30] Apt_bolka (99791d25-cc6a-40d5-9fab-db8d91e26277): Повер
[16:54:32] Apt_bolka (99791d25-cc6a-40d5-9fab-db8d91e26277): поставиь
[16:54:40] AETERNAL (6015b02d-f272-4154-8209-5e3b23bbc09c): ну так
[16:54:40] Apt_bolka (99791d25-cc6a-40d5-9fab-db8d91e26277): чек
[16:54:43] AETERNAL (6015b02d-f272-4154-8209-5e3b23bbc09c): это дефолт
[16:54:54] Apt_bolka (99791d25-cc6a-40d5-9fab-db8d91e26277): эм
[16:55:00] Apt_bolka (99791d25-cc6a-40d5-9fab-db8d91e26277): ладно
[16:55:14] Apt_bolka (99791d25-cc6a-40d5-9fab-db8d91e26277): теперь другой вопрос
[16:55:17] Apt_bolka (99791d25-cc6a-40d5-9fab-db8d91e26277): почему не робит
[16:55:27] Apt_bolka (99791d25-cc6a-40d5-9fab-db8d91e26277): Крафт не крафтится
[16:55:33] Apt_bolka (99791d25-cc6a-40d5-9fab-db8d91e26277): есть капсулы
[16:55:44] AETERNAL (6015b02d-f272-4154-8209-5e3b23bbc09c): 2 одинаковых
[16:55:52] Apt_bolka (99791d25-cc6a-40d5-9fab-db8d91e26277): такс
[16:55:54] AETERNAL (6015b02d-f272-4154-8209-5e3b23bbc09c): а полипропилен где
[16:56:01] Apt_bolka (99791d25-cc6a-40d5-9fab-db8d91e26277): аа бл
[16:56:05] Apt_bolka (99791d25-cc6a-40d5-9fab-db8d91e26277): две разной жидкости
[16:56:12] Apt_bolka (99791d25-cc6a-40d5-9fab-db8d91e26277): мм
[16:56:15] Apt_bolka (99791d25-cc6a-40d5-9fab-db8d91e26277): ну это не очень
[16:56:38] Stxywxthme (6ce0cde9-8c92-4c66-96ad-6bffb9dfc01b): лучше так
[16:57:07] Apt_bolka (99791d25-cc6a-40d5-9fab-db8d91e26277): я туда капсулы закинул
[16:57:26] Apt_bolka (99791d25-cc6a-40d5-9fab-db8d91e26277): нефти нету
[16:57:44] Apt_bolka (99791d25-cc6a-40d5-9fab-db8d91e26277): во
[16:57:54] Apt_bolka (99791d25-cc6a-40d5-9fab-db8d91e26277): пойду накрафчу ещё Капсул
[16:59:12] Stxywxthme (6ce0cde9-8c92-4c66-96ad-6bffb9dfc01b): первый
[16:59:37] Apt_bolka (99791d25-cc6a-40d5-9fab-db8d91e26277): уры
[16:59:49] Apt_bolka (99791d25-cc6a-40d5-9fab-db8d91e26277): Осталось сделать Карточку
[17:00:01] Apt_bolka (99791d25-cc6a-40d5-9fab-db8d91e26277): я закодировал
[17:00:05] Apt_bolka (99791d25-cc6a-40d5-9fab-db8d91e26277): но там много не хватает
[17:01:36] Apt_bolka (99791d25-cc6a-40d5-9fab-db8d91e26277): дай пластинку
[17:14:10] Apt_bolka (99791d25-cc6a-40d5-9fab-db8d91e26277): туц туц
[17:14:11] Apt_bolka (99791d25-cc6a-40d5-9fab-db8d91e26277): чекай
[17:14:13] Apt_bolka (99791d25-cc6a-40d5-9fab-db8d91e26277): что Сделал
[17:14:19] Apt_bolka (99791d25-cc6a-40d5-9fab-db8d91e26277): Авто крафт их даже есть
[17:14:24] Stxywxthme (6ce0cde9-8c92-4c66-96ad-6bffb9dfc01b): нормально
[17:14:31] Apt_bolka (99791d25-cc6a-40d5-9fab-db8d91e26277): вот
[17:14:45] Apt_bolka (99791d25-cc6a-40d5-9fab-db8d91e26277): у нас авто крафт ядер из драконов есть
[17:14:50] Apt_bolka (99791d25-cc6a-40d5-9fab-db8d91e26277): и мэ приколы
[17:14:52] Stxywxthme (6ce0cde9-8c92-4c66-96ad-6bffb9dfc01b): а кристалы
[17:14:55] Apt_bolka (99791d25-cc6a-40d5-9fab-db8d91e26277): интерфейс
[17:14:59] Apt_bolka (99791d25-cc6a-40d5-9fab-db8d91e26277): кристалы не все
[17:16:47] Apt_bolka (99791d25-cc6a-40d5-9fab-db8d91e26277): зачем капающие
[17:16:57] Apt_bolka (99791d25-cc6a-40d5-9fab-db8d91e26277): они для крафта надо
[17:17:35] Apt_bolka (99791d25-cc6a-40d5-9fab-db8d91e26277): Кристалы заавтокрафть
[17:17:45] Stxywxthme (6ce0cde9-8c92-4c66-96ad-6bffb9dfc01b): ядовитые соты
[17:21:42] Stxywxthme (6ce0cde9-8c92-4c66-96ad-6bffb9dfc01b): вирулентная
[17:26:39] Stxywxthme (6ce0cde9-8c92-4c66-96ad-6bffb9dfc01b): как на счет развить курочек
[17:29:15] Apt_bolka (99791d25-cc6a-40d5-9fab-db8d91e26277): Ну го
[17:29:19] Apt_bolka (99791d25-cc6a-40d5-9fab-db8d91e26277): курочки весело
[17:29:25] Apt_bolka (99791d25-cc6a-40d5-9fab-db8d91e26277): как там начать
[17:29:31] Apt_bolka (99791d25-cc6a-40d5-9fab-db8d91e26277): я мод очень мало знаю
[17:29:54] Apt_bolka (99791d25-cc6a-40d5-9fab-db8d91e26277): я бы таум крафт потрогал
[17:29:57] Apt_bolka (99791d25-cc6a-40d5-9fab-db8d91e26277): не против?
[17:29:59] Stxywxthme (6ce0cde9-8c92-4c66-96ad-6bffb9dfc01b): да
[17:30:02] Stxywxthme (6ce0cde9-8c92-4c66-96ad-6bffb9dfc01b): трогай
[17:30:06] Stxywxthme (6ce0cde9-8c92-4c66-96ad-6bffb9dfc01b): здесь
[17:30:22] Stxywxthme (6ce0cde9-8c92-4c66-96ad-6bffb9dfc01b): здесь все что связано с таумом
[17:32:01] Stxywxthme (6ce0cde9-8c92-4c66-96ad-6bffb9dfc01b): здесь
[17:33:10] Apt_bolka (99791d25-cc6a-40d5-9fab-db8d91e26277): Можешь немног опомочь
[17:33:18] Stxywxthme (6ce0cde9-8c92-4c66-96ad-6bffb9dfc01b): чем
[17:33:19] Apt_bolka (99791d25-cc6a-40d5-9fab-db8d91e26277): Передать сюда энергию надо
[17:33:24] Apt_bolka (99791d25-cc6a-40d5-9fab-db8d91e26277): беспроводно
[17:33:30] Stxywxthme (6ce0cde9-8c92-4c66-96ad-6bffb9dfc01b): ок
[17:33:33] Apt_bolka (99791d25-cc6a-40d5-9fab-db8d91e26277): ты же в суслике шаришь
[17:33:38] Stxywxthme (6ce0cde9-8c92-4c66-96ad-6bffb9dfc01b): на что передать?
[17:33:43] Apt_bolka (99791d25-cc6a-40d5-9fab-db8d91e26277): к этим двух штукам нужна энергия
[17:33:49] Apt_bolka (99791d25-cc6a-40d5-9fab-db8d91e26277): Стабилизатор
[17:34:15] Stxywxthme (6ce0cde9-8c92-4c66-96ad-6bffb9dfc01b): yf
[17:34:26] Stxywxthme (6ce0cde9-8c92-4c66-96ad-6bffb9dfc01b): передал
[17:34:33] Apt_bolka (99791d25-cc6a-40d5-9fab-db8d91e26277): кайфы
[17:34:42] Apt_bolka (99791d25-cc6a-40d5-9fab-db8d91e26277): спасиб
[17:34:50] Stxywxthme (6ce0cde9-8c92-4c66-96ad-6bffb9dfc01b): вроде можно еще поставить
[17:35:09] Apt_bolka (99791d25-cc6a-40d5-9fab-db8d91e26277): звезда незера есть одна штучка
[17:35:11] Stxywxthme (6ce0cde9-8c92-4c66-96ad-6bffb9dfc01b): сделать некий хаб
[17:35:12] Stxywxthme (6ce0cde9-8c92-4c66-96ad-6bffb9dfc01b): да
[17:35:36] Apt_bolka (99791d25-cc6a-40d5-9fab-db8d91e26277): ладно через мольку сделаю
[17:36:50] Apt_bolka (99791d25-cc6a-40d5-9fab-db8d91e26277): я посрать отойду
[17:36:54] Stxywxthme (6ce0cde9-8c92-4c66-96ad-6bffb9dfc01b): ок
[17:39:48] Stxywxthme (6ce0cde9-8c92-4c66-96ad-6bffb9dfc01b): я пошел искать куриц
[17:54:25] Apt_bolka (99791d25-cc6a-40d5-9fab-db8d91e26277): я вернулся
[18:00:18] Apt_bolka (99791d25-cc6a-40d5-9fab-db8d91e26277): у тя она есть?
[18:00:33] Apt_bolka (99791d25-cc6a-40d5-9fab-db8d91e26277): д го
[18:01:34] Apt_bolka (99791d25-cc6a-40d5-9fab-db8d91e26277): пон
[18:02:35] Stxywxthme (6ce0cde9-8c92-4c66-96ad-6bffb9dfc01b): так
[18:02:45] Stxywxthme (6ce0cde9-8c92-4c66-96ad-6bffb9dfc01b): нашел всех обычных куриц
[18:06:59] Stxywxthme (6ce0cde9-8c92-4c66-96ad-6bffb9dfc01b): так
[18:07:05] Stxywxthme (6ce0cde9-8c92-4c66-96ad-6bffb9dfc01b): теперь нужно кучу семян
[18:11:57] Stxywxthme (6ce0cde9-8c92-4c66-96ad-6bffb9dfc01b): походу пришло время
[18:12:20] Stxywxthme (6ce0cde9-8c92-4c66-96ad-6bffb9dfc01b): создавать семена пщеницы из жидкой материи
[18:13:39] Apt_bolka (99791d25-cc6a-40d5-9fab-db8d91e26277): да блять
[18:13:42] Apt_bolka (99791d25-cc6a-40d5-9fab-db8d91e26277): вис ебаная
[18:46:34] galaxy3231 (d4f7a5f3-2cd4-40bf-b49f-e6b7300e0ce3): apt ти тут?
[18:46:39] Apt_bolka (99791d25-cc6a-40d5-9fab-db8d91e26277): +
[18:46:48] galaxy3231 (d4f7a5f3-2cd4-40bf-b49f-e6b7300e0ce3): В астрале шариш?
[18:46:57] Apt_bolka (99791d25-cc6a-40d5-9fab-db8d91e26277): - Повера спроси
[18:47:12] Apt_bolka (99791d25-cc6a-40d5-9fab-db8d91e26277): ой тоесть Stxywxthme
[18:47:26] Stxywxthme (6ce0cde9-8c92-4c66-96ad-6bffb9dfc01b): ?
[18:47:42] galaxy3231 (d4f7a5f3-2cd4-40bf-b49f-e6b7300e0ce3): Stxywxthme тп поможеш с алтарём настройки
[18:47:47] galaxy3231 (d4f7a5f3-2cd4-40bf-b49f-e6b7300e0ce3): Я не ебу как он делается
[18:48:12] Stxywxthme (6ce0cde9-8c92-4c66-96ad-6bffb9dfc01b): ага
[18:48:13] galaxy3231 (d4f7a5f3-2cd4-40bf-b49f-e6b7300e0ce3): там как надо
[18:48:17] galaxy3231 (d4f7a5f3-2cd4-40bf-b49f-e6b7300e0ce3): 19 на 19
[18:48:19] Stxywxthme (6ce0cde9-8c92-4c66-96ad-6bffb9dfc01b): а у тебя есть секстант?
[18:48:25] galaxy3231 (d4f7a5f3-2cd4-40bf-b49f-e6b7300e0ce3): да
[18:48:35] Stxywxthme (6ce0cde9-8c92-4c66-96ad-6bffb9dfc01b): кликни пкм
[18:48:41] galaxy3231 (d4f7a5f3-2cd4-40bf-b49f-e6b7300e0ce3): блять ебаный рот
[18:48:51] galaxy3231 (d4f7a5f3-2cd4-40bf-b49f-e6b7300e0ce3): ладно спс что помог
[18:48:54] Stxywxthme (6ce0cde9-8c92-4c66-96ad-6bffb9dfc01b): ок
[18:48:58] galaxy3231 (d4f7a5f3-2cd4-40bf-b49f-e6b7300e0ce3): а то ебался с ним думал как построить
[18:49:02] Stxywxthme (6ce0cde9-8c92-4c66-96ad-6bffb9dfc01b): )
[18:49:30] Stxywxthme (6ce0cde9-8c92-4c66-96ad-6bffb9dfc01b): а где мой шлкм
[18:49:43] Apt_bolka (99791d25-cc6a-40d5-9fab-db8d91e26277): Может случайно выкинулся
[18:49:46] Apt_bolka (99791d25-cc6a-40d5-9fab-db8d91e26277): бывают такие баги
[18:49:57] Stxywxthme (6ce0cde9-8c92-4c66-96ad-6bffb9dfc01b): мда
[18:50:01] Stxywxthme (6ce0cde9-8c92-4c66-96ad-6bffb9dfc01b): чуть не потярял
[18:52:51] Stxywxthme (6ce0cde9-8c92-4c66-96ad-6bffb9dfc01b): nfr
[18:52:53] Stxywxthme (6ce0cde9-8c92-4c66-96ad-6bffb9dfc01b): так
[18:52:57] Stxywxthme (6ce0cde9-8c92-4c66-96ad-6bffb9dfc01b): железная курица
[18:57:46] Stxywxthme (6ce0cde9-8c92-4c66-96ad-6bffb9dfc01b): фулл железная курица
[19:04:05] Apt_bolka (99791d25-cc6a-40d5-9fab-db8d91e26277): Зря я начал в дс чатике о куриц говорить
[19:04:11] Stxywxthme (6ce0cde9-8c92-4c66-96ad-6bffb9dfc01b): &
[19:04:13] Stxywxthme (6ce0cde9-8c92-4c66-96ad-6bffb9dfc01b): ?
[19:04:19] Apt_bolka (99791d25-cc6a-40d5-9fab-db8d91e26277): ну чекни чат
[19:08:11] Stxywxthme (6ce0cde9-8c92-4c66-96ad-6bffb9dfc01b): ну чекнул
[19:16:52] Stxywxthme (6ce0cde9-8c92-4c66-96ad-6bffb9dfc01b): ща вернусь
[19:16:57] Apt_bolka (99791d25-cc6a-40d5-9fab-db8d91e26277): ок
[19:19:20] Stxywxthme (6ce0cde9-8c92-4c66-96ad-6bffb9dfc01b): чет захотелось сделать последнию пчелу
[19:19:27] Apt_bolka (99791d25-cc6a-40d5-9fab-db8d91e26277): пхпхп
[19:19:41] Stxywxthme (6ce0cde9-8c92-4c66-96ad-6bffb9dfc01b): я больше не куровод
[19:19:44] Apt_bolka (99791d25-cc6a-40d5-9fab-db8d91e26277): Курицы надоели пошли делать последнию пчелу
[19:19:53] Stxywxthme (6ce0cde9-8c92-4c66-96ad-6bffb9dfc01b): +
[19:24:14] Stxywxthme (6ce0cde9-8c92-4c66-96ad-6bffb9dfc01b): так
[19:24:18] Stxywxthme (6ce0cde9-8c92-4c66-96ad-6bffb9dfc01b): 50%
[19:25:07] Stxywxthme (6ce0cde9-8c92-4c66-96ad-6bffb9dfc01b): так
[19:25:41] Stxywxthme (6ce0cde9-8c92-4c66-96ad-6bffb9dfc01b): 2 вирулентой матки
[19:25:45] Apt_bolka (99791d25-cc6a-40d5-9fab-db8d91e26277): круто
[19:27:08] Apt_bolka (99791d25-cc6a-40d5-9fab-db8d91e26277): Я спать пожалуй
[19:27:21] Stxywxthme (6ce0cde9-8c92-4c66-96ad-6bffb9dfc01b): ок
[19:27:22] Apt_bolka (99791d25-cc6a-40d5-9fab-db8d91e26277): Пока
[19:27:24] Stxywxthme (6ce0cde9-8c92-4c66-96ad-6bffb9dfc01b): пока
[20:12:39] Stxywxthme (6ce0cde9-8c92-4c66-96ad-6bffb9dfc01b): я спать
[20:12:44] galaxy3231 (d4f7a5f3-2cd4-40bf-b49f-e6b7300e0ce3): bb
[20:22:56] galaxy3231 (d4f7a5f3-2cd4-40bf-b49f-e6b7300e0ce3): q
[20:23:07] AETERNAL (6015b02d-f272-4154-8209-5e3b23bbc09c): q
[21:21:15] AETERNAL (6015b02d-f272-4154-8209-5e3b23bbc09c): q
[21:21:24] galaxy3231 (d4f7a5f3-2cd4-40bf-b49f-e6b7300e0ce3): q
[21:21:26] AETERNAL (6015b02d-f272-4154-8209-5e3b23bbc09c): как дела
[21:21:30] galaxy3231 (d4f7a5f3-2cd4-40bf-b49f-e6b7300e0ce3): normik
[21:21:39] galaxy3231 (d4f7a5f3-2cd4-40bf-b49f-e6b7300e0ce3): твайлайт понемног прохожу
[21:21:52] AETERNAL (6015b02d-f272-4154-8209-5e3b23bbc09c): понял
[21:25:13] galaxy3231 (d4f7a5f3-2cd4-40bf-b49f-e6b7300e0ce3): ваншотнуло
[21:25:16] galaxy3231 (d4f7a5f3-2cd4-40bf-b49f-e6b7300e0ce3): ваншотнуло
[21:25:22] galaxy3231 (d4f7a5f3-2cd4-40bf-b49f-e6b7300e0ce3): чиназез
[21:25:34] AETERNAL (6015b02d-f272-4154-8209-5e3b23bbc09c): что ваншотнуло
[21:25:38] galaxy3231 (d4f7a5f3-2cd4-40bf-b49f-e6b7300e0ce3): гидра
[21:25:44] AETERNAL (6015b02d-f272-4154-8209-5e3b23bbc09c): :D
