[21:13:11] AETERNAL (6015b02d-f272-4154-8209-5e3b23bbc09c): 6200 руды жезела в мэ...
[21:13:19] Swat99Swat (9ce303e4-8a19-4d67-82f9-74ca7bafa055): Баланс )
[21:13:39] AETERNAL (6015b02d-f272-4154-8209-5e3b23bbc09c): чёт кажись надо карик резать xD
[21:13:46] Swat99Swat (9ce303e4-8a19-4d67-82f9-74ca7bafa055): Вот оно 200 слитков и 0 руды в ме
[21:14:05] Swat99Swat (9ce303e4-8a19-4d67-82f9-74ca7bafa055): Да тут ещё много чего резать и менять
[21:14:11] Swat99Swat (9ce303e4-8a19-4d67-82f9-74ca7bafa055): Если хочешь всё изменить
[21:14:37] AETERNAL (6015b02d-f272-4154-8209-5e3b23bbc09c): если идеи есть, пишешь создаёшь тикет в группе
[21:14:45] Swat99Swat (9ce303e4-8a19-4d67-82f9-74ca7bafa055): да гемор
[21:14:52] AETERNAL (6015b02d-f272-4154-8209-5e3b23bbc09c): ну ёмаё
[21:14:59] Swat99Swat (9ce303e4-8a19-4d67-82f9-74ca7bafa055): Геморно, мне проще так ждать чуда
[21:15:15] Swat99Swat (9ce303e4-8a19-4d67-82f9-74ca7bafa055): Я глянул твой нёрф семян myst
[21:15:20] Swat99Swat (9ce303e4-8a19-4d67-82f9-74ca7bafa055): Охерел чутка )))
[21:15:35] AETERNAL (6015b02d-f272-4154-8209-5e3b23bbc09c): Круто правда?
[21:16:07] Swat99Swat (9ce303e4-8a19-4d67-82f9-74ca7bafa055): Мне вот интересно если какая то ускорялка роста урожая для myst
[21:16:14] AETERNAL (6015b02d-f272-4154-8209-5e3b23bbc09c): есть
[21:16:16] Swat99Swat (9ce303e4-8a19-4d67-82f9-74ca7bafa055): Или через Thermal агригатор лучше
[21:16:21] AETERNAL (6015b02d-f272-4154-8209-5e3b23bbc09c): гидратор
[21:16:25] AETERNAL (6015b02d-f272-4154-8209-5e3b23bbc09c): через мольку клепатд
[21:16:45] Swat99Swat (9ce303e4-8a19-4d67-82f9-74ca7bafa055): Просто я посадил 1 штучку семячко 1 уровня и за 2 часа 2 пыльки ))))
[21:16:45] AETERNAL (6015b02d-f272-4154-8209-5e3b23bbc09c): гидратор + ферма с Єндера с беск конденсатором = лучший выхлоп
[21:17:23] Swat99Swat (9ce303e4-8a19-4d67-82f9-74ca7bafa055): По поводу идеи, мод тут лишний
[21:17:29] Swat99Swat (9ce303e4-8a19-4d67-82f9-74ca7bafa055): На мусорки
[21:17:36] Swat99Swat (9ce303e4-8a19-4d67-82f9-74ca7bafa055): Trash Can или как он там
[21:18:05] Swat99Swat (9ce303e4-8a19-4d67-82f9-74ca7bafa055): И я вчера дюп как то поймал
[21:18:08] AETERNAL (6015b02d-f272-4154-8209-5e3b23bbc09c): так то да
[21:18:15] Swat99Swat (9ce303e4-8a19-4d67-82f9-74ca7bafa055): Только он дюпнул амулет...
[21:18:26] AETERNAL (6015b02d-f272-4154-8209-5e3b23bbc09c): мусорки дюпают?)))
[21:18:27] Swat99Swat (9ce303e4-8a19-4d67-82f9-74ca7bafa055): при смерти ну я его и выкинул
[21:18:37] Swat99Swat (9ce303e4-8a19-4d67-82f9-74ca7bafa055): Да я толком не понял как
[21:18:44] Swat99Swat (9ce303e4-8a19-4d67-82f9-74ca7bafa055): Смотрю 3 амулета )))
[21:19:04] Swat99Swat (9ce303e4-8a19-4d67-82f9-74ca7bafa055): Ну а мусорки у меня крашнули игру
[21:19:09] Swat99Swat (9ce303e4-8a19-4d67-82f9-74ca7bafa055): Без краш репорта
[21:19:24] AETERNAL (6015b02d-f272-4154-8209-5e3b23bbc09c): вообще какой-либо фикс дюпа требует довольно больших познаний в джаве
[21:19:29] Swat99Swat (9ce303e4-8a19-4d67-82f9-74ca7bafa055): +
[21:19:37] AETERNAL (6015b02d-f272-4154-8209-5e3b23bbc09c): тут ctrl c ctrl v не пройдёт
[21:19:40] Swat99Swat (9ce303e4-8a19-4d67-82f9-74ca7bafa055): согласен, обычно фиксят запретом предмета
[21:19:54] AETERNAL (6015b02d-f272-4154-8209-5e3b23bbc09c): ну, тут тогда пол сборки надо будет запретить
[21:19:59] Swat99Swat (9ce303e4-8a19-4d67-82f9-74ca7bafa055): :D
[21:20:27] AETERNAL (6015b02d-f272-4154-8209-5e3b23bbc09c): у меня щас нет ни времени, ни особого желания если честно в джаву по голову лезть
[21:20:34] Swat99Swat (9ce303e4-8a19-4d67-82f9-74ca7bafa055): Когда дюпается мне всёравно а вот когда вещь пропадает мне обидно
[21:20:35] AETERNAL (6015b02d-f272-4154-8209-5e3b23bbc09c): я то основы знаю, но не так уж прям
[21:20:47] Swat99Swat (9ce303e4-8a19-4d67-82f9-74ca7bafa055): Да и не стоит
[21:20:47] AETERNAL (6015b02d-f272-4154-8209-5e3b23bbc09c): чтобы дюпы фиксить
[21:21:00] AETERNAL (6015b02d-f272-4154-8209-5e3b23bbc09c): та и мне не платит никто за это)
[21:21:05] AETERNAL (6015b02d-f272-4154-8209-5e3b23bbc09c): а это тонна времени
[21:21:05] Swat99Swat (9ce303e4-8a19-4d67-82f9-74ca7bafa055): Я так понял проект для знакомых + в открытом доступе
[21:21:33] Swat99Swat (9ce303e4-8a19-4d67-82f9-74ca7bafa055): Я к тому что врятли тут в ближайшее время будут толпы игроков
[21:21:37] AETERNAL (6015b02d-f272-4154-8209-5e3b23bbc09c): мб ещё тех админа найдут, вот пускай он и фиксит)
[21:21:59] AETERNAL (6015b02d-f272-4154-8209-5e3b23bbc09c): ну я за рекламную часть не отвечаю
[21:22:22] AETERNAL (6015b02d-f272-4154-8209-5e3b23bbc09c): владельцы чё то хуи пинают xD
[21:23:13] AETERNAL (6015b02d-f272-4154-8209-5e3b23bbc09c): тут и так ещё куча работы нужно проделать, чтобы сборку на курс тот же залить
[21:23:22] Swat99Swat (9ce303e4-8a19-4d67-82f9-74ca7bafa055): Я в детстве всегда хотел открыть свой сервер. Играл тогда и было модов 40 60 потолок
[21:23:26] AETERNAL (6015b02d-f272-4154-8209-5e3b23bbc09c): как минимум нужен аддон под иу
[21:24:04] Swat99Swat (9ce303e4-8a19-4d67-82f9-74ca7bafa055): Ну для курса тут ещё роботы валом. Только а смысл от того что сборка там будет ?
[21:24:04] AETERNAL (6015b02d-f272-4154-8209-5e3b23bbc09c): вообще это огромный труд и куча времени, разработка и поддержка...
[21:24:24] AETERNAL (6015b02d-f272-4154-8209-5e3b23bbc09c): со стороны мне всегда казалось что изи
[21:24:35] AETERNAL (6015b02d-f272-4154-8209-5e3b23bbc09c): но столько подводных камней
[21:24:59] Swat99Swat (9ce303e4-8a19-4d67-82f9-74ca7bafa055): Я максимум рецепты писал в крафттвикере ну и плагины (пытался настраивать)
[21:25:13] AETERNAL (6015b02d-f272-4154-8209-5e3b23bbc09c): фиксишь чё то одно, вылазит 3
[21:25:17] AETERNAL (6015b02d-f272-4154-8209-5e3b23bbc09c): как гидра ёбанныя
[21:25:18] Swat99Swat (9ce303e4-8a19-4d67-82f9-74ca7bafa055): )))
[21:25:31] AETERNAL (6015b02d-f272-4154-8209-5e3b23bbc09c): без конца и края
[21:29:54] AETERNAL (6015b02d-f272-4154-8209-5e3b23bbc09c): ну знаешь, курс и модринг для меня как финальная галочка
[21:30:05] AETERNAL (6015b02d-f272-4154-8209-5e3b23bbc09c): смотрите, i did a thing)
[21:30:39] AETERNAL (6015b02d-f272-4154-8209-5e3b23bbc09c): да и тогда какая никакая ценность у сборки и проделанного труда будет
[21:52:18] AETERNAL (6015b02d-f272-4154-8209-5e3b23bbc09c): хорошенько так плавильня из тинкера тпс садит
[21:52:31] AETERNAL (6015b02d-f272-4154-8209-5e3b23bbc09c): /4 тупо
[21:52:51] Swat99Swat (9ce303e4-8a19-4d67-82f9-74ca7bafa055): )
[22:06:19] AETERNAL (6015b02d-f272-4154-8209-5e3b23bbc09c): хотя, учитывая сколько ресов уходит, карик трогать не буду
