[06:58:15] Stxywxthme (6ce0cde9-8c92-4c66-96ad-6bffb9dfc01b): ку
[06:58:23] ProCto_DS (d3139add-473e-468f-9582-8b46bb0e237c): qq
[06:58:26] ProCto_DS (d3139add-473e-468f-9582-8b46bb0e237c): Тп
[06:58:28] ProCto_DS (d3139add-473e-468f-9582-8b46bb0e237c): Кош мне
[07:00:06] Stxywxthme (6ce0cde9-8c92-4c66-96ad-6bffb9dfc01b): ?
[07:00:08] ProCto_DS (d3139add-473e-468f-9582-8b46bb0e237c): Nf
[07:00:10] ProCto_DS (d3139add-473e-468f-9582-8b46bb0e237c): Таа
[07:00:13] ProCto_DS (d3139add-473e-468f-9582-8b46bb0e237c): Пытаюсь сделать авто
[07:00:15] ProCto_DS (d3139add-473e-468f-9582-8b46bb0e237c): Молнии
[07:00:18] Stxywxthme (6ce0cde9-8c92-4c66-96ad-6bffb9dfc01b): а
[07:00:22] ProCto_DS (d3139add-473e-468f-9582-8b46bb0e237c): Внизи еще красивее)
[07:00:29] ProCto_DS (d3139add-473e-468f-9582-8b46bb0e237c): Сюда
[07:00:45] Stxywxthme (6ce0cde9-8c92-4c66-96ad-6bffb9dfc01b): понятно
[07:00:56] ProCto_DS (d3139add-473e-468f-9582-8b46bb0e237c): Почему0то молнии не тут спавнятся
[07:01:02] Stxywxthme (6ce0cde9-8c92-4c66-96ad-6bffb9dfc01b): конечно
[07:01:07] Stxywxthme (6ce0cde9-8c92-4c66-96ad-6bffb9dfc01b): это же подвал
[07:01:20] ProCto_DS (d3139add-473e-468f-9582-8b46bb0e237c): бля
[07:01:35] ProCto_DS (d3139add-473e-468f-9582-8b46bb0e237c): Порох курицы есть?)
[07:01:41] Stxywxthme (6ce0cde9-8c92-4c66-96ad-6bffb9dfc01b): есть
[07:01:46] ProCto_DS (d3139add-473e-468f-9582-8b46bb0e237c): бляя
[07:01:49] ProCto_DS (d3139add-473e-468f-9582-8b46bb0e237c): Это все переносить
[07:01:50] ProCto_DS (d3139add-473e-468f-9582-8b46bb0e237c): бляяяяя
[07:02:01] ProCto_DS (d3139add-473e-468f-9582-8b46bb0e237c): А что если
[07:02:07] Stxywxthme (6ce0cde9-8c92-4c66-96ad-6bffb9dfc01b): порох и песок курица есть
[07:03:09] ProCto_DS (d3139add-473e-468f-9582-8b46bb0e237c): ,k
[07:03:11] ProCto_DS (d3139add-473e-468f-9582-8b46bb0e237c): сука
[07:03:14] ProCto_DS (d3139add-473e-468f-9582-8b46bb0e237c): Переносить то в падлу
[07:03:17] ProCto_DS (d3139add-473e-468f-9582-8b46bb0e237c): Ну ладно
[07:03:23] Stxywxthme (6ce0cde9-8c92-4c66-96ad-6bffb9dfc01b): эмм
[07:03:26] Stxywxthme (6ce0cde9-8c92-4c66-96ad-6bffb9dfc01b): ты не так сделал
[07:03:43] ProCto_DS (d3139add-473e-468f-9582-8b46bb0e237c): ?
[07:03:46] Stxywxthme (6ce0cde9-8c92-4c66-96ad-6bffb9dfc01b): пусть на цветок пкм кликают
[07:04:02] Stxywxthme (6ce0cde9-8c92-4c66-96ad-6bffb9dfc01b): или на дерн
[07:04:08] [CAPS] ProCto_DS (d3139add-473e-468f-9582-8b46bb0e237c): ооооооооооооооооооооооооооооооооооооооооооооооо
[07:04:10] [CAPS] ProCto_DS (d3139add-473e-468f-9582-8b46bb0e237c): работает
[07:04:39] Stxywxthme (6ce0cde9-8c92-4c66-96ad-6bffb9dfc01b): для кого придуман серповидный молот?
[07:05:11] ProCto_DS (d3139add-473e-468f-9582-8b46bb0e237c): Система починки этих предметов готова полностью)
[07:05:49] ProCto_DS (d3139add-473e-468f-9582-8b46bb0e237c): Ну чет
[07:05:50] ProCto_DS (d3139add-473e-468f-9582-8b46bb0e237c): мана
[07:06:00] Stxywxthme (6ce0cde9-8c92-4c66-96ad-6bffb9dfc01b): эти бассейны не работают
[07:06:08] Stxywxthme (6ce0cde9-8c92-4c66-96ad-6bffb9dfc01b): нужны обычные
[07:06:18] ProCto_DS (d3139add-473e-468f-9582-8b46bb0e237c): скок песка в часики класть, мне кажется сразу стак
[07:07:57] Stxywxthme (6ce0cde9-8c92-4c66-96ad-6bffb9dfc01b): коробкой закрой
[07:08:01] ProCto_DS (d3139add-473e-468f-9582-8b46bb0e237c): Оки
[07:08:07] ProCto_DS (d3139add-473e-468f-9582-8b46bb0e237c): Былоб хорошо в пол
[07:08:07] Stxywxthme (6ce0cde9-8c92-4c66-96ad-6bffb9dfc01b): кроме распростанителя
[07:08:17] ProCto_DS (d3139add-473e-468f-9582-8b46bb0e237c): Впиндюрить буфер
[07:08:19] ProCto_DS (d3139add-473e-468f-9582-8b46bb0e237c): А сверху бассик
[07:08:33] Stxywxthme (6ce0cde9-8c92-4c66-96ad-6bffb9dfc01b): но
[07:08:46] ProCto_DS (d3139add-473e-468f-9582-8b46bb0e237c): хмм
[07:08:50] ProCto_DS (d3139add-473e-468f-9582-8b46bb0e237c): Даж 60 песка не хватает
[07:09:27] Stxywxthme (6ce0cde9-8c92-4c66-96ad-6bffb9dfc01b): знаешь как проверить ману в буфере?
[07:09:32] ProCto_DS (d3139add-473e-468f-9582-8b46bb0e237c): Неа
[07:09:37] Stxywxthme (6ce0cde9-8c92-4c66-96ad-6bffb9dfc01b): на
[07:09:51] ProCto_DS (d3139add-473e-468f-9582-8b46bb0e237c): Кароч
[07:09:52] ProCto_DS (d3139add-473e-468f-9582-8b46bb0e237c): Все норм
[07:09:56] ProCto_DS (d3139add-473e-468f-9582-8b46bb0e237c): Оно на постоянке робит
[07:09:58] ProCto_DS (d3139add-473e-468f-9582-8b46bb0e237c): Как я понял
[07:10:00] Stxywxthme (6ce0cde9-8c92-4c66-96ad-6bffb9dfc01b): сколько здесь маны?
[07:10:01] ProCto_DS (d3139add-473e-468f-9582-8b46bb0e237c): А когда
[07:10:09] ProCto_DS (d3139add-473e-468f-9582-8b46bb0e237c): Уже 2кк
[07:10:27] Stxywxthme (6ce0cde9-8c92-4c66-96ad-6bffb9dfc01b): 2 бассейна
[07:10:40] ProCto_DS (d3139add-473e-468f-9582-8b46bb0e237c): Таймер на 30 сек поставил
[07:10:45] ProCto_DS (d3139add-473e-468f-9582-8b46bb0e237c): Когда серенады
[07:10:50] ProCto_DS (d3139add-473e-468f-9582-8b46bb0e237c): Ост с 1 прочностью
[07:11:13] ProCto_DS (d3139add-473e-468f-9582-8b46bb0e237c): Они с помощью труб попадут в наковальню, потом когда починятся до 100 проц, они попадут обратно в юзеры
[07:11:19] ProCto_DS (d3139add-473e-468f-9582-8b46bb0e237c): Получается беск система
[07:11:26] ProCto_DS (d3139add-473e-468f-9582-8b46bb0e237c): Которая чисто требует немножка энергии
[07:11:40] Stxywxthme (6ce0cde9-8c92-4c66-96ad-6bffb9dfc01b): можно без проводов подвести
[07:12:00] ProCto_DS (d3139add-473e-468f-9582-8b46bb0e237c): На
[07:12:22] Stxywxthme (6ce0cde9-8c92-4c66-96ad-6bffb9dfc01b): сломали бедрок
[07:12:47] ProCto_DS (d3139add-473e-468f-9582-8b46bb0e237c): Пойду искру сделаю
[07:12:51] ProCto_DS (d3139add-473e-468f-9582-8b46bb0e237c): Спасибо что помог
[07:13:03] ProCto_DS (d3139add-473e-468f-9582-8b46bb0e237c): Это шо
[07:13:07] Stxywxthme (6ce0cde9-8c92-4c66-96ad-6bffb9dfc01b): ну я ж хелпер
[07:13:22] Stxywxthme (6ce0cde9-8c92-4c66-96ad-6bffb9dfc01b): не мой
[07:13:28] ProCto_DS (d3139add-473e-468f-9582-8b46bb0e237c): хмм
[07:13:30] ProCto_DS (d3139add-473e-468f-9582-8b46bb0e237c): Болка?
[07:13:34] Stxywxthme (6ce0cde9-8c92-4c66-96ad-6bffb9dfc01b): хз
[07:13:52] Stxywxthme (6ce0cde9-8c92-4c66-96ad-6bffb9dfc01b): кстати
[07:13:57] Stxywxthme (6ce0cde9-8c92-4c66-96ad-6bffb9dfc01b): надо бы взять кит
[07:14:07] ProCto_DS (d3139add-473e-468f-9582-8b46bb0e237c): там не так все лучше(
[07:14:11] ProCto_DS (d3139add-473e-468f-9582-8b46bb0e237c): Мало имбы
[07:15:16] Stxywxthme (6ce0cde9-8c92-4c66-96ad-6bffb9dfc01b): 15к сот
[07:15:57] Stxywxthme (6ce0cde9-8c92-4c66-96ad-6bffb9dfc01b): а че
[07:16:02] Stxywxthme (6ce0cde9-8c92-4c66-96ad-6bffb9dfc01b): у рустов 2 крафта
[07:16:10] ProCto_DS (d3139add-473e-468f-9582-8b46bb0e237c): Яж это скидывал)
[07:16:13] Stxywxthme (6ce0cde9-8c92-4c66-96ad-6bffb9dfc01b): старый и новый
[07:16:44] Stxywxthme (6ce0cde9-8c92-4c66-96ad-6bffb9dfc01b): хмм
[07:16:58] Stxywxthme (6ce0cde9-8c92-4c66-96ad-6bffb9dfc01b): может сделать ферму маны на энтропиниумах
[07:17:08] ProCto_DS (d3139add-473e-468f-9582-8b46bb0e237c): хех, тпс может просесть
[07:17:14] ProCto_DS (d3139add-473e-468f-9582-8b46bb0e237c): чем те лилии не устраивают)
[07:17:44] ProCto_DS (d3139add-473e-468f-9582-8b46bb0e237c): Та и зачем
[07:17:46] ProCto_DS (d3139add-473e-468f-9582-8b46bb0e237c): Лилии лучше
[07:22:44] ProCto_DS (d3139add-473e-468f-9582-8b46bb0e237c): Может болка зайдёт?
[07:27:18] ProCto_DS (d3139add-473e-468f-9582-8b46bb0e237c): ты чаго встал?)
[07:27:27] Stxywxthme (6ce0cde9-8c92-4c66-96ad-6bffb9dfc01b): террасталь
[07:27:36] ProCto_DS (d3139add-473e-468f-9582-8b46bb0e237c): Есть лишние лилии рейкар?
[07:27:40] Stxywxthme (6ce0cde9-8c92-4c66-96ad-6bffb9dfc01b): нет
[07:27:47] Stxywxthme (6ce0cde9-8c92-4c66-96ad-6bffb9dfc01b): но есть дух гайи
[07:28:00] ProCto_DS (d3139add-473e-468f-9582-8b46bb0e237c): У меня какогото
[07:28:01] ProCto_DS (d3139add-473e-468f-9582-8b46bb0e237c): Хуя
[07:28:19] ProCto_DS (d3139add-473e-468f-9582-8b46bb0e237c): Когда крафт на руническом алтаре выкладываю
[07:28:26] ProCto_DS (d3139add-473e-468f-9582-8b46bb0e237c): Мана не идет в алтарь
[07:28:30] ProCto_DS (d3139add-473e-468f-9582-8b46bb0e237c): или через него проходи
[07:28:38] ProCto_DS (d3139add-473e-468f-9582-8b46bb0e237c): А самое главное в алтарь она не приходит
[07:28:41] ProCto_DS (d3139add-473e-468f-9582-8b46bb0e237c): Просто пропадает
[07:28:57] Stxywxthme (6ce0cde9-8c92-4c66-96ad-6bffb9dfc01b): ща
[07:29:10] ProCto_DS (d3139add-473e-468f-9582-8b46bb0e237c): Может эльфийский алтарь намутить
[07:29:27] ProCto_DS (d3139add-473e-468f-9582-8b46bb0e237c): Может он не будет баганный
[07:31:26] ProCto_DS (d3139add-473e-468f-9582-8b46bb0e237c): Думаю еще 9 штук поставить лилий
[07:37:26] ProCto_DS (d3139add-473e-468f-9582-8b46bb0e237c): Можешь тп?
[07:44:15] ProCto_DS (d3139add-473e-468f-9582-8b46bb0e237c): Та
[07:44:19] ProCto_DS (d3139add-473e-468f-9582-8b46bb0e237c): я уже аптечке сказал
[07:44:21] ProCto_DS (d3139add-473e-468f-9582-8b46bb0e237c): Ждёмс его
[07:59:25] ProCto_DS (d3139add-473e-468f-9582-8b46bb0e237c): мне пизда...
[07:59:35] Stxywxthme (6ce0cde9-8c92-4c66-96ad-6bffb9dfc01b): ?
[07:59:37] ProCto_DS (d3139add-473e-468f-9582-8b46bb0e237c): Ну за мной
[07:59:44] Stxywxthme (6ce0cde9-8c92-4c66-96ad-6bffb9dfc01b): а
[07:59:59] ProCto_DS (d3139add-473e-468f-9582-8b46bb0e237c): Вниз
[08:00:09] ProCto_DS (d3139add-473e-468f-9582-8b46bb0e237c): Ща крафт выберу
[08:00:40] ProCto_DS (d3139add-473e-468f-9582-8b46bb0e237c): Видишь?
[08:00:51] AETERNAL (6015b02d-f272-4154-8209-5e3b23bbc09c): ну и что
[08:00:56] ProCto_DS (d3139add-473e-468f-9582-8b46bb0e237c): ну и что?
[08:01:03] ProCto_DS (d3139add-473e-468f-9582-8b46bb0e237c): А то что некатаря часть маны пропадает
[08:01:07] ProCto_DS (d3139add-473e-468f-9582-8b46bb0e237c): Некатаря
[08:01:10] ProCto_DS (d3139add-473e-468f-9582-8b46bb0e237c): А прилично так
[08:02:17] ProCto_DS (d3139add-473e-468f-9582-8b46bb0e237c): блять
[08:02:19] ProCto_DS (d3139add-473e-468f-9582-8b46bb0e237c): при тебе работает
[08:02:23] ProCto_DS (d3139add-473e-468f-9582-8b46bb0e237c): Твоюж девизию
[08:02:30] AETERNAL (6015b02d-f272-4154-8209-5e3b23bbc09c): не гони хуйню мне
[08:02:38] ProCto_DS (d3139add-473e-468f-9582-8b46bb0e237c): руну верни
[08:03:09] ProCto_DS (d3139add-473e-468f-9582-8b46bb0e237c): 0_0
[08:03:44] ProCto_DS (d3139add-473e-468f-9582-8b46bb0e237c): Ну терь работает, спасибо
[08:04:04] ProCto_DS (d3139add-473e-468f-9582-8b46bb0e237c): хх
[08:04:54] ProCto_DS (d3139add-473e-468f-9582-8b46bb0e237c): блять
[08:04:56] ProCto_DS (d3139add-473e-468f-9582-8b46bb0e237c): Еще цветок сгорел
[08:04:58] ProCto_DS (d3139add-473e-468f-9582-8b46bb0e237c): Заебало
[08:06:06] ProCto_DS (d3139add-473e-468f-9582-8b46bb0e237c): Вырублено
[08:06:12] ProCto_DS (d3139add-473e-468f-9582-8b46bb0e237c): В часы
[08:06:14] ProCto_DS (d3139add-473e-468f-9582-8b46bb0e237c): песо
[08:06:16] ProCto_DS (d3139add-473e-468f-9582-8b46bb0e237c): песок
[08:06:19] ProCto_DS (d3139add-473e-468f-9582-8b46bb0e237c): и заработает
[08:07:02] Stxywxthme (6ce0cde9-8c92-4c66-96ad-6bffb9dfc01b): я пошел бб
[08:07:06] ProCto_DS (d3139add-473e-468f-9582-8b46bb0e237c): бб
[08:08:01] ProCto_DS (d3139add-473e-468f-9582-8b46bb0e237c): Ну ща при тебе запущу
[08:08:26] ProCto_DS (d3139add-473e-468f-9582-8b46bb0e237c): тэк
[08:08:59] [CAPS] ProCto_DS (d3139add-473e-468f-9582-8b46bb0e237c): видишь
[08:09:01] ProCto_DS (d3139add-473e-468f-9582-8b46bb0e237c): БЛЯ
[08:09:02] [CAPS] ProCto_DS (d3139add-473e-468f-9582-8b46bb0e237c): видишь
[08:09:08] ProCto_DS (d3139add-473e-468f-9582-8b46bb0e237c): Воо
[08:09:17] ProCto_DS (d3139add-473e-468f-9582-8b46bb0e237c): Что за хуйня...
[08:10:42] ProCto_DS (d3139add-473e-468f-9582-8b46bb0e237c): Ну подскажешь
[08:10:48] ProCto_DS (d3139add-473e-468f-9582-8b46bb0e237c): Почему он не пуляет ману
[08:11:15] AETERNAL (6015b02d-f272-4154-8209-5e3b23bbc09c): внутренний буфер не перешёл черту
[08:11:19] AETERNAL (6015b02d-f272-4154-8209-5e3b23bbc09c): минимальную
[08:11:25] ProCto_DS (d3139add-473e-468f-9582-8b46bb0e237c): Ну цветы терь нихуя не робят
[08:12:11] ProCto_DS (d3139add-473e-468f-9582-8b46bb0e237c): Пошло, блять лилии эти чёт баганные
[08:13:05] ProCto_DS (d3139add-473e-468f-9582-8b46bb0e237c): Похуй
[08:13:08] ProCto_DS (d3139add-473e-468f-9582-8b46bb0e237c): 4 сек поставлю
[08:14:15] Dior (511ac683-c533-439a-8fdd-780c4842b05c): А почему я умирал когда прописал новый кит
[08:14:21] ProCto_DS (d3139add-473e-468f-9582-8b46bb0e237c): Кстатит да
[08:14:25] AETERNAL (6015b02d-f272-4154-8209-5e3b23bbc09c): что
[08:14:27] ProCto_DS (d3139add-473e-468f-9582-8b46bb0e237c): Почему урон получается?
[08:14:31] ProCto_DS (d3139add-473e-468f-9582-8b46bb0e237c): Когда ты берешь кит
[08:14:36] ProCto_DS (d3139add-473e-468f-9582-8b46bb0e237c): Те начинает дамажить
[08:14:39] ProCto_DS (d3139add-473e-468f-9582-8b46bb0e237c): Причет прилично так
[08:14:50] Dior (511ac683-c533-439a-8fdd-780c4842b05c): ну я прописал новый кит начал умирать по
[08:14:58] Dior (511ac683-c533-439a-8fdd-780c4842b05c): хп отнимались
[08:15:13] Dior (511ac683-c533-439a-8fdd-780c4842b05c): вот опять
[08:15:53] Dior (511ac683-c533-439a-8fdd-780c4842b05c): это из-за пива
[08:15:57] Dior (511ac683-c533-439a-8fdd-780c4842b05c): что есть в ките
[08:16:08] AETERNAL (6015b02d-f272-4154-8209-5e3b23bbc09c): ой бля
[08:16:13] AETERNAL (6015b02d-f272-4154-8209-5e3b23bbc09c): оно на меня привязано
[08:16:31] ProCto_DS (d3139add-473e-468f-9582-8b46bb0e237c): егож там нету даж...
[08:16:33] Dior (511ac683-c533-439a-8fdd-780c4842b05c): ёмаё -62 лвл (
[08:18:08] ProCto_DS (d3139add-473e-468f-9582-8b46bb0e237c): Аптечка, какой вердитк насчет распространителей и алтаря?
[08:19:39] Dior (511ac683-c533-439a-8fdd-780c4842b05c): а что это
[08:22:14] AETERNAL (6015b02d-f272-4154-8209-5e3b23bbc09c): исправил прикол с вином
[08:22:27] ProCto_DS (d3139add-473e-468f-9582-8b46bb0e237c): Терь подвал освещать
[08:22:34] ProCto_DS (d3139add-473e-468f-9582-8b46bb0e237c): А насчет распрст и алтаря что?
[08:23:08] AETERNAL (6015b02d-f272-4154-8209-5e3b23bbc09c): багов нет
[08:23:12] ProCto_DS (d3139add-473e-468f-9582-8b46bb0e237c): Вся ботания, каеф
[08:23:29] ProCto_DS (d3139add-473e-468f-9582-8b46bb0e237c): Хочется твой меч на броне протестить)
[08:23:31] ProCto_DS (d3139add-473e-468f-9582-8b46bb0e237c): Можна?)
[08:23:42] AETERNAL (6015b02d-f272-4154-8209-5e3b23bbc09c): чего
[08:24:00] ProCto_DS (d3139add-473e-468f-9582-8b46bb0e237c): Тыкни мечом беск меня
[08:24:07] ProCto_DS (d3139add-473e-468f-9582-8b46bb0e237c): Стопэ
[08:24:13] ProCto_DS (d3139add-473e-468f-9582-8b46bb0e237c): Если броня сломается вернёшь?
[08:24:40] Dior (511ac683-c533-439a-8fdd-780c4842b05c): А видел что нету наград в квест-буке если делать новые басейны маны и искры это так и должно быть ?
[08:24:55] ProCto_DS (d3139add-473e-468f-9582-8b46bb0e237c): чё
[08:25:00] ProCto_DS (d3139add-473e-468f-9582-8b46bb0e237c): Лук не сработал?
[08:25:12] ProCto_DS (d3139add-473e-468f-9582-8b46bb0e237c): Луком попади
[08:25:22] AETERNAL (6015b02d-f272-4154-8209-5e3b23bbc09c): у тебя приват гений
[08:25:28] ProCto_DS (d3139add-473e-468f-9582-8b46bb0e237c): тут приват есть...
[08:25:31] ProCto_DS (d3139add-473e-468f-9582-8b46bb0e237c): ой
[08:25:32] ProCto_DS (d3139add-473e-468f-9582-8b46bb0e237c): пвп есть
[08:25:36] ProCto_DS (d3139add-473e-468f-9582-8b46bb0e237c): Давай вне привата
[08:25:48] ProCto_DS (d3139add-473e-468f-9582-8b46bb0e237c): Тыкай
[08:26:17] ProCto_DS (d3139add-473e-468f-9582-8b46bb0e237c): а если луком
[08:26:22] AETERNAL (6015b02d-f272-4154-8209-5e3b23bbc09c): лук говно
[08:26:34] AETERNAL (6015b02d-f272-4154-8209-5e3b23bbc09c): хм, не такое уж и говно
[08:26:51] ProCto_DS (d3139add-473e-468f-9582-8b46bb0e237c): стой
[08:26:54] ProCto_DS (d3139add-473e-468f-9582-8b46bb0e237c): Эээ где броня
[08:27:14] ProCto_DS (d3139add-473e-468f-9582-8b46bb0e237c): где боты и штаны?
[08:27:22] ProCto_DS (d3139add-473e-468f-9582-8b46bb0e237c): Ну тот факт
[08:27:24] AETERNAL (6015b02d-f272-4154-8209-5e3b23bbc09c): перки астрала moment
[08:27:28] ProCto_DS (d3139add-473e-468f-9582-8b46bb0e237c): что я не помираю с первой тычки
[08:27:37] ProCto_DS (d3139add-473e-468f-9582-8b46bb0e237c): Это уже радует)
[08:27:47] AETERNAL (6015b02d-f272-4154-8209-5e3b23bbc09c): ихор дрянь
[08:27:51] ProCto_DS (d3139add-473e-468f-9582-8b46bb0e237c): Броня получается
[08:27:52] Dior (511ac683-c533-439a-8fdd-780c4842b05c): Конфета трай не естца
[08:27:58] ProCto_DS (d3139add-473e-468f-9582-8b46bb0e237c): Приравнивается к беск броне?)
[08:28:00] AETERNAL (6015b02d-f272-4154-8209-5e3b23bbc09c): сильнее ешь
[08:28:18] ProCto_DS (d3139add-473e-468f-9582-8b46bb0e237c): Подарок мона?)
[08:28:22] ProCto_DS (d3139add-473e-468f-9582-8b46bb0e237c): От беззубика
[08:28:22] Dior (511ac683-c533-439a-8fdd-780c4842b05c): не как XD
[08:29:06] ProCto_DS (d3139add-473e-468f-9582-8b46bb0e237c): Отъебись
[08:29:07] ProCto_DS (d3139add-473e-468f-9582-8b46bb0e237c): я в печке
[08:29:27] ProCto_DS (d3139add-473e-468f-9582-8b46bb0e237c): Админ самого себя убил,пп
[08:29:35] ProCto_DS (d3139add-473e-468f-9582-8b46bb0e237c): Беззубик можешь тп?
[08:30:49] ProCto_DS (d3139add-473e-468f-9582-8b46bb0e237c): Сука
[08:30:52] ProCto_DS (d3139add-473e-468f-9582-8b46bb0e237c): Ты в инвизке
[08:31:43] ProCto_DS (d3139add-473e-468f-9582-8b46bb0e237c): Админ в инвизке что может быть хуже)
[08:34:08] ProCto_DS (d3139add-473e-468f-9582-8b46bb0e237c): Cer
[08:34:09] ProCto_DS (d3139add-473e-468f-9582-8b46bb0e237c): сук
[08:34:14] ProCto_DS (d3139add-473e-468f-9582-8b46bb0e237c): Дай резониру
[08:34:17] ProCto_DS (d3139add-473e-468f-9582-8b46bb0e237c): Набор преобразования
[08:34:29] ProCto_DS (d3139add-473e-468f-9582-8b46bb0e237c): Резонирующий набор преобразования
[08:34:30] ProCto_DS (d3139add-473e-468f-9582-8b46bb0e237c): позязя
[08:35:01] ProCto_DS (d3139add-473e-468f-9582-8b46bb0e237c): Помрёшь, яб твою могилу заскринил?)
[08:37:07] ProCto_DS (d3139add-473e-468f-9582-8b46bb0e237c): Аптечка плахой
[08:37:28] Dior (511ac683-c533-439a-8fdd-780c4842b05c): XD
[08:37:51] ProCto_DS (d3139add-473e-468f-9582-8b46bb0e237c): ушел?)
[08:38:04] Dior (511ac683-c533-439a-8fdd-780c4842b05c): Ну как бы если спалится значит не умеет XD
[08:39:10] ProCto_DS (d3139add-473e-468f-9582-8b46bb0e237c): Съел?)
[08:40:09] ProCto_DS (d3139add-473e-468f-9582-8b46bb0e237c): Так, это будем дюпать
[08:42:38] ProCto_DS (d3139add-473e-468f-9582-8b46bb0e237c): эммм
[08:49:10] ProCto_DS (d3139add-473e-468f-9582-8b46bb0e237c): нихуя
[10:02:04] ProCto_DS (d3139add-473e-468f-9582-8b46bb0e237c): Есть яблоки?
[10:02:22] Dior (511ac683-c533-439a-8fdd-780c4842b05c): -
[10:44:31] Dior (511ac683-c533-439a-8fdd-780c4842b05c): Не желаешь в дс ?
[10:44:41] ProCto_DS (d3139add-473e-468f-9582-8b46bb0e237c): я скора выхожу, так что неа
[11:25:03] galaxy3231 (d4f7a5f3-2cd4-40bf-b49f-e6b7300e0ce3): q
[11:30:41] Dior (511ac683-c533-439a-8fdd-780c4842b05c): q
[11:31:24] Dior (511ac683-c533-439a-8fdd-780c4842b05c): Как дела ?
[11:31:27] galaxy3231 (d4f7a5f3-2cd4-40bf-b49f-e6b7300e0ce3): norm
[11:31:43] galaxy3231 (d4f7a5f3-2cd4-40bf-b49f-e6b7300e0ce3): афк стою
[11:31:45] galaxy3231 (d4f7a5f3-2cd4-40bf-b49f-e6b7300e0ce3): ресы жду
[11:31:51] Dior (511ac683-c533-439a-8fdd-780c4842b05c): ахах всм
[11:31:57] galaxy3231 (d4f7a5f3-2cd4-40bf-b49f-e6b7300e0ce3): С куриц
[11:32:16] galaxy3231 (d4f7a5f3-2cd4-40bf-b49f-e6b7300e0ce3): ну лан я афк
[11:32:23] Dior (511ac683-c533-439a-8fdd-780c4842b05c): (
[14:29:58] Dior (511ac683-c533-439a-8fdd-780c4842b05c): В дс не желаете
[14:31:18] galaxy3231 (d4f7a5f3-2cd4-40bf-b49f-e6b7300e0ce3): через часика 3-4
[14:33:46] Dior (511ac683-c533-439a-8fdd-780c4842b05c): ого
[14:33:55] Dior (511ac683-c533-439a-8fdd-780c4842b05c): Это что
[14:34:05] Nergaloff (88da800e-1614-4c65-ace8-c18f7e99e914): end reborn
[17:04:34] galaxy3231 (d4f7a5f3-2cd4-40bf-b49f-e6b7300e0ce3): ?
[17:05:46] galaxy3231 (d4f7a5f3-2cd4-40bf-b49f-e6b7300e0ce3): щас не можу сам афк стою и в лс с челом разговарию
[17:40:17] galaxy3231 (d4f7a5f3-2cd4-40bf-b49f-e6b7300e0ce3): откуда
[17:40:32] Dior (511ac683-c533-439a-8fdd-780c4842b05c): Копил
[17:41:05] Dior (511ac683-c533-439a-8fdd-780c4842b05c): нихуя это откуда такое достижение
[17:41:22] Nergaloff (88da800e-1614-4c65-ace8-c18f7e99e914): индастриал
[17:46:30] Nergaloff (88da800e-1614-4c65-ace8-c18f7e99e914): хз, это ачивка за модуль рф
[18:39:37] Stxywxthme (6ce0cde9-8c92-4c66-96ad-6bffb9dfc01b): чет пинг подвырос
[18:41:57] Nergaloff (88da800e-1614-4c65-ace8-c18f7e99e914): как же дорого портал апалачи делать
[18:41:58] Nergaloff (88da800e-1614-4c65-ace8-c18f7e99e914): жесть
[20:02:20] Dior (511ac683-c533-439a-8fdd-780c4842b05c): ого с лича дропнул 2 посаха сразу
[20:33:52] galaxy3231 (d4f7a5f3-2cd4-40bf-b49f-e6b7300e0ce3): AETERNAL а видел что с китами newyear
[20:34:01] AETERNAL (6015b02d-f272-4154-8209-5e3b23bbc09c): ?
[20:34:04] galaxy3231 (d4f7a5f3-2cd4-40bf-b49f-e6b7300e0ce3): их можно беск юзать
[20:34:07] Stxywxthme (6ce0cde9-8c92-4c66-96ad-6bffb9dfc01b): киты убивают
[20:34:11] Stxywxthme (6ce0cde9-8c92-4c66-96ad-6bffb9dfc01b): ?
[20:34:20] galaxy3231 (d4f7a5f3-2cd4-40bf-b49f-e6b7300e0ce3): я охуел когда увидел
[20:34:21] AETERNAL (6015b02d-f272-4154-8209-5e3b23bbc09c): так исправили же
[20:34:28] galaxy3231 (d4f7a5f3-2cd4-40bf-b49f-e6b7300e0ce3): да
[20:34:28] Stxywxthme (6ce0cde9-8c92-4c66-96ad-6bffb9dfc01b): так
[20:34:31] Stxywxthme (6ce0cde9-8c92-4c66-96ad-6bffb9dfc01b): пробуем
[20:34:31] galaxy3231 (d4f7a5f3-2cd4-40bf-b49f-e6b7300e0ce3): щас проверю
[20:34:51] galaxy3231 (d4f7a5f3-2cd4-40bf-b49f-e6b7300e0ce3): a
[20:34:56] galaxy3231 (d4f7a5f3-2cd4-40bf-b49f-e6b7300e0ce3): уде всё
[20:34:59] Stxywxthme (6ce0cde9-8c92-4c66-96ad-6bffb9dfc01b): да
[20:35:07] Stxywxthme (6ce0cde9-8c92-4c66-96ad-6bffb9dfc01b): макс колво
[20:35:39] galaxy3231 (d4f7a5f3-2cd4-40bf-b49f-e6b7300e0ce3): просто где-то в 13:00 зашёл прочекал что чето сделали с этим китом ну и решил взять он взялся и потом случайно еще раз прописал и опять выдался
[20:35:45] galaxy3231 (d4f7a5f3-2cd4-40bf-b49f-e6b7300e0ce3): я тогда охуел
[20:36:22] AETERNAL (6015b02d-f272-4154-8209-5e3b23bbc09c): хм, интересная генерация кристаллов таума в копательном
[20:36:52] galaxy3231 (d4f7a5f3-2cd4-40bf-b49f-e6b7300e0ce3): лютий
[20:37:25] galaxy3231 (d4f7a5f3-2cd4-40bf-b49f-e6b7300e0ce3): уже 4 часа занимаюсь чтобы сделать ебаный мэ контролер
[20:37:27] galaxy3231 (d4f7a5f3-2cd4-40bf-b49f-e6b7300e0ce3): заебался
[20:37:51] galaxy3231 (d4f7a5f3-2cd4-40bf-b49f-e6b7300e0ce3): мне бы так
[20:39:11] galaxy3231 (d4f7a5f3-2cd4-40bf-b49f-e6b7300e0ce3): м
[20:39:12] galaxy3231 (d4f7a5f3-2cd4-40bf-b49f-e6b7300e0ce3): кайф
[20:39:17] galaxy3231 (d4f7a5f3-2cd4-40bf-b49f-e6b7300e0ce3): шо ты там делаеш
[20:39:26] galaxy3231 (d4f7a5f3-2cd4-40bf-b49f-e6b7300e0ce3): что аж превыш огр на сущ
[20:39:47] galaxy3231 (d4f7a5f3-2cd4-40bf-b49f-e6b7300e0ce3): Да очистка произошла 1182 entities удалилось
[20:40:01] galaxy3231 (d4f7a5f3-2cd4-40bf-b49f-e6b7300e0ce3): еще 107
[20:40:02] galaxy3231 (d4f7a5f3-2cd4-40bf-b49f-e6b7300e0ce3): еще 1074
[20:40:23] galaxy3231 (d4f7a5f3-2cd4-40bf-b49f-e6b7300e0ce3): из io или ae2
[20:43:26] galaxy3231 (d4f7a5f3-2cd4-40bf-b49f-e6b7300e0ce3): чиво блять
[20:44:19] AETERNAL (6015b02d-f272-4154-8209-5e3b23bbc09c): конечно нет
[20:45:07] AETERNAL (6015b02d-f272-4154-8209-5e3b23bbc09c): наоборот
[20:45:22] galaxy3231 (d4f7a5f3-2cd4-40bf-b49f-e6b7300e0ce3): ладно
[20:46:01] AETERNAL (6015b02d-f272-4154-8209-5e3b23bbc09c): будут новые механики, станет намного интереснее
[20:46:53] AETERNAL (6015b02d-f272-4154-8209-5e3b23bbc09c): оно и так есть
[20:50:38] Stxywxthme (6ce0cde9-8c92-4c66-96ad-6bffb9dfc01b): втф
[20:52:51] Stxywxthme (6ce0cde9-8c92-4c66-96ad-6bffb9dfc01b): где город края
[20:52:58] AETERNAL (6015b02d-f272-4154-8209-5e3b23bbc09c): в крае
[20:53:05] Stxywxthme (6ce0cde9-8c92-4c66-96ad-6bffb9dfc01b): логично
[20:53:13] AETERNAL (6015b02d-f272-4154-8209-5e3b23bbc09c): не благодари
[20:53:28] Stxywxthme (6ce0cde9-8c92-4c66-96ad-6bffb9dfc01b): мне бы желательно координаты
[20:54:04] Stxywxthme (6ce0cde9-8c92-4c66-96ad-6bffb9dfc01b): а все
[20:54:07] Stxywxthme (6ce0cde9-8c92-4c66-96ad-6bffb9dfc01b): уже нашел
[20:56:27] galaxy3231 (d4f7a5f3-2cd4-40bf-b49f-e6b7300e0ce3): блять
[20:56:41] AETERNAL (6015b02d-f272-4154-8209-5e3b23bbc09c): хм
[20:56:43] galaxy3231 (d4f7a5f3-2cd4-40bf-b49f-e6b7300e0ce3): ?
[20:56:51] AETERNAL (6015b02d-f272-4154-8209-5e3b23bbc09c): очень как то резко много панелей стало
[20:57:03] galaxy3231 (d4f7a5f3-2cd4-40bf-b49f-e6b7300e0ce3): я их заебался делать
[20:57:38] galaxy3231 (d4f7a5f3-2cd4-40bf-b49f-e6b7300e0ce3): + можно скипнуть дох тиров
[20:57:45] galaxy3231 (d4f7a5f3-2cd4-40bf-b49f-e6b7300e0ce3): просто ебнуть сразу 8 слойки
[20:57:52] galaxy3231 (d4f7a5f3-2cd4-40bf-b49f-e6b7300e0ce3): или end
[20:58:23] galaxy3231 (d4f7a5f3-2cd4-40bf-b49f-e6b7300e0ce3): почему мэ контролер через пизду делается
[20:58:30] galaxy3231 (d4f7a5f3-2cd4-40bf-b49f-e6b7300e0ce3): ?
[20:58:42] AETERNAL (6015b02d-f272-4154-8209-5e3b23bbc09c): там нечего делать
[20:58:59] galaxy3231 (d4f7a5f3-2cd4-40bf-b49f-e6b7300e0ce3): понятно что нечего делат
[20:59:12] galaxy3231 (d4f7a5f3-2cd4-40bf-b49f-e6b7300e0ce3): но времени займет много\
[21:05:01] galaxy3231 (d4f7a5f3-2cd4-40bf-b49f-e6b7300e0ce3): Stxywxthme продаш экстремальный верст? но я хз за что
