[00:02:08] AETERNAL (6015b02d-f272-4154-8209-5e3b23bbc09c): смотрю что у вас тут нелегального
[00:02:23] Dior (511ac683-c533-439a-8fdd-780c4842b05c): аххахаха
[00:02:58] Dior (511ac683-c533-439a-8fdd-780c4842b05c): а всм он превратился в жатый верстак
[00:03:06] AETERNAL (6015b02d-f272-4154-8209-5e3b23bbc09c): магия
[00:03:10] AETERNAL (6015b02d-f272-4154-8209-5e3b23bbc09c): ничё не знаб
[00:03:30] Dior (511ac683-c533-439a-8fdd-780c4842b05c): это грабеж раритета по среди ночи
[00:03:35] Dior (511ac683-c533-439a-8fdd-780c4842b05c): XD
[00:06:13] AETERNAL (6015b02d-f272-4154-8209-5e3b23bbc09c): место под базу надо?
[00:06:24] Dior (511ac683-c533-439a-8fdd-780c4842b05c): хз
[00:06:54] AETERNAL (6015b02d-f272-4154-8209-5e3b23bbc09c): немного подлатать только
[00:07:09] Dior (511ac683-c533-439a-8fdd-780c4842b05c): ничё си
[00:07:12] AETERNAL (6015b02d-f272-4154-8209-5e3b23bbc09c): либо просто перенесёшь платформу потом в копательный
[00:07:26] AETERNAL (6015b02d-f272-4154-8209-5e3b23bbc09c): как хочешь короче
[00:07:39] Dior (511ac683-c533-439a-8fdd-780c4842b05c): не
[00:07:41] Dior (511ac683-c533-439a-8fdd-780c4842b05c): пас
[00:21:09] Dior (511ac683-c533-439a-8fdd-780c4842b05c): А чего через /rtp не тпхает
[00:21:21] Dior (511ac683-c533-439a-8fdd-780c4842b05c): А во тпхнуло
[00:23:57] Dior (511ac683-c533-439a-8fdd-780c4842b05c): А кстати почему /rtp тп в тоже место где я раньше был в новые какие-то места не тпхает
[00:24:09] AETERNAL (6015b02d-f272-4154-8209-5e3b23bbc09c): радиус ограничен
[00:24:14] Dior (511ac683-c533-439a-8fdd-780c4842b05c): аааа
[00:24:47] AETERNAL (6015b02d-f272-4154-8209-5e3b23bbc09c): везде же так вроде
[00:28:41] AETERNAL (6015b02d-f272-4154-8209-5e3b23bbc09c): конфеты или бан
[00:28:49] Dior (511ac683-c533-439a-8fdd-780c4842b05c): а как сделать слиток сплава красного камня
[00:29:00] Dior (511ac683-c533-439a-8fdd-780c4842b05c): конфеты
[00:29:03] Dior (511ac683-c533-439a-8fdd-780c4842b05c): и бан
[00:29:07] Dior (511ac683-c533-439a-8fdd-780c4842b05c): аахахха
[00:29:14] AETERNAL (6015b02d-f272-4154-8209-5e3b23bbc09c): этот
[00:29:15] AETERNAL (6015b02d-f272-4154-8209-5e3b23bbc09c): ?
[00:29:25] Dior (511ac683-c533-439a-8fdd-780c4842b05c): да
[00:29:33] AETERNAL (6015b02d-f272-4154-8209-5e3b23bbc09c): так U Нажми по нему
[00:29:40] AETERNAL (6015b02d-f272-4154-8209-5e3b23bbc09c): там мильён способов
[00:30:11] Dior (511ac683-c533-439a-8fdd-780c4842b05c): неа
[00:30:20] Dior (511ac683-c533-439a-8fdd-780c4842b05c): только эссенции
[00:30:21] AETERNAL (6015b02d-f272-4154-8209-5e3b23bbc09c): ??
[00:30:30] Dior (511ac683-c533-439a-8fdd-780c4842b05c): а как его скрафтить именно
[00:30:32] Dior (511ac683-c533-439a-8fdd-780c4842b05c): нету
[00:30:43] Dior (511ac683-c533-439a-8fdd-780c4842b05c): только в данжах находить
[00:30:44] AETERNAL (6015b02d-f272-4154-8209-5e3b23bbc09c): R нажми по нему и скинь в дс скрин
[00:31:37] AETERNAL (6015b02d-f272-4154-8209-5e3b23bbc09c): а дальше вкладки
[00:32:03] Dior (511ac683-c533-439a-8fdd-780c4842b05c): а ебать завод сплавов из UI нужен пон принял
[00:32:14] AETERNAL (6015b02d-f272-4154-8209-5e3b23bbc09c): та плавильня же
[00:32:18] AETERNAL (6015b02d-f272-4154-8209-5e3b23bbc09c): завод из ИО
[00:32:28] Dior (511ac683-c533-439a-8fdd-780c4842b05c): неа
[00:32:44] Dior (511ac683-c533-439a-8fdd-780c4842b05c): чтобы сделать плавильню из IO нужен как раз таки этот слиток
[00:32:49] AETERNAL (6015b02d-f272-4154-8209-5e3b23bbc09c): ага
[00:32:52] AETERNAL (6015b02d-f272-4154-8209-5e3b23bbc09c): а он вплавильне
[00:32:56] AETERNAL (6015b02d-f272-4154-8209-5e3b23bbc09c): из тинкера
[00:33:28] Dior (511ac683-c533-439a-8fdd-780c4842b05c): ничего не понимаю
[00:34:17] AETERNAL (6015b02d-f272-4154-8209-5e3b23bbc09c): смешивние кварца и редстоуна в плавильне
[00:34:32] Dior (511ac683-c533-439a-8fdd-780c4842b05c): я в шоке от рецептов
[00:35:00] Dior (511ac683-c533-439a-8fdd-780c4842b05c): я пока 1 механизм скрафчу неделя продёт
[00:35:10] AETERNAL (6015b02d-f272-4154-8209-5e3b23bbc09c): та там изи
[00:35:12] AETERNAL (6015b02d-f272-4154-8209-5e3b23bbc09c): ты чё
[00:35:47] AETERNAL (6015b02d-f272-4154-8209-5e3b23bbc09c): а ну ударь меня
[00:35:48] Dior (511ac683-c533-439a-8fdd-780c4842b05c): слишком сложные крафты
[00:35:57] AETERNAL (6015b02d-f272-4154-8209-5e3b23bbc09c): тебе вернуло?
[00:36:01] Dior (511ac683-c533-439a-8fdd-780c4842b05c): не
[00:36:07] AETERNAL (6015b02d-f272-4154-8209-5e3b23bbc09c): как так
[00:36:15] AETERNAL (6015b02d-f272-4154-8209-5e3b23bbc09c): ммм
[00:36:19] AETERNAL (6015b02d-f272-4154-8209-5e3b23bbc09c): астрал ёбу дал
[00:36:28] Dior (511ac683-c533-439a-8fdd-780c4842b05c): ахах
[00:36:37] AETERNAL (6015b02d-f272-4154-8209-5e3b23bbc09c): вот смотри
[00:37:02] Dior (511ac683-c533-439a-8fdd-780c4842b05c): а ну ручкй ударю
[00:37:15] AETERNAL (6015b02d-f272-4154-8209-5e3b23bbc09c): паук сам себя убил
[00:37:15] Dior (511ac683-c533-439a-8fdd-780c4842b05c): не
[00:37:18] AETERNAL (6015b02d-f272-4154-8209-5e3b23bbc09c): лох
[00:37:25] AETERNAL (6015b02d-f272-4154-8209-5e3b23bbc09c): видимо только на мобов
[00:37:43] AETERNAL (6015b02d-f272-4154-8209-5e3b23bbc09c): ох бля
[00:38:07] AETERNAL (6015b02d-f272-4154-8209-5e3b23bbc09c): из металла
[00:38:12] AETERNAL (6015b02d-f272-4154-8209-5e3b23bbc09c): огненного>?
[00:38:15] Dior (511ac683-c533-439a-8fdd-780c4842b05c): угу
[00:39:02] Dior (511ac683-c533-439a-8fdd-780c4842b05c): хз как по мне слишком сложные крафты
[00:40:51] AETERNAL (6015b02d-f272-4154-8209-5e3b23bbc09c): как тебе таие зкльки
[00:41:07] Dior (511ac683-c533-439a-8fdd-780c4842b05c): Прикольные
[00:41:38] AETERNAL (6015b02d-f272-4154-8209-5e3b23bbc09c): из сайклика имба
[00:42:23] AETERNAL (6015b02d-f272-4154-8209-5e3b23bbc09c): waterwalking, bouncy, frostwalker
[00:43:22] AETERNAL (6015b02d-f272-4154-8209-5e3b23bbc09c): ладно
[00:43:28] AETERNAL (6015b02d-f272-4154-8209-5e3b23bbc09c): день у меня проёбан
[00:43:31] AETERNAL (6015b02d-f272-4154-8209-5e3b23bbc09c): я пошёл
[00:43:36] Dior (511ac683-c533-439a-8fdd-780c4842b05c): XD
[00:43:48] AETERNAL (6015b02d-f272-4154-8209-5e3b23bbc09c): постарайтесь сервер к утру не убить
[00:43:57] Dior (511ac683-c533-439a-8fdd-780c4842b05c): окей босс
[05:31:06] Dior (511ac683-c533-439a-8fdd-780c4842b05c): Ку
[05:31:10] Stxywxthme (6ce0cde9-8c92-4c66-96ad-6bffb9dfc01b): ку
[05:31:19] Dior (511ac683-c533-439a-8fdd-780c4842b05c): Как там меч ?
[05:31:29] Dior (511ac683-c533-439a-8fdd-780c4842b05c): )
[05:31:59] Stxywxthme (6ce0cde9-8c92-4c66-96ad-6bffb9dfc01b): лежит
[05:32:12] Dior (511ac683-c533-439a-8fdd-780c4842b05c): Что не пользуешся ?
[05:32:16] Stxywxthme (6ce0cde9-8c92-4c66-96ad-6bffb9dfc01b): нет
[05:32:19] Stxywxthme (6ce0cde9-8c92-4c66-96ad-6bffb9dfc01b): тп
[05:32:36] Dior (511ac683-c533-439a-8fdd-780c4842b05c): Что по лучше сделал ?
[05:32:40] Stxywxthme (6ce0cde9-8c92-4c66-96ad-6bffb9dfc01b): да
[05:33:00] Stxywxthme (6ce0cde9-8c92-4c66-96ad-6bffb9dfc01b): тп если хочешь посмотреть
[05:33:58] Stxywxthme (6ce0cde9-8c92-4c66-96ad-6bffb9dfc01b): вот
[05:34:26] Dior (511ac683-c533-439a-8fdd-780c4842b05c): норм
[05:34:46] Dior (511ac683-c533-439a-8fdd-780c4842b05c): а вот мой правда сломался надо починить
[05:34:51] Stxywxthme (6ce0cde9-8c92-4c66-96ad-6bffb9dfc01b): смотри
[05:35:44] Stxywxthme (6ce0cde9-8c92-4c66-96ad-6bffb9dfc01b): норм
[05:35:45] Dior (511ac683-c533-439a-8fdd-780c4842b05c): а можно я ддезинчантором попользуюсь
[05:35:49] Stxywxthme (6ce0cde9-8c92-4c66-96ad-6bffb9dfc01b): ок
[05:35:58] Stxywxthme (6ce0cde9-8c92-4c66-96ad-6bffb9dfc01b): но тебе нужно много опыта
[05:36:14] Dior (511ac683-c533-439a-8fdd-780c4842b05c): ля
[05:36:15] Stxywxthme (6ce0cde9-8c92-4c66-96ad-6bffb9dfc01b): 10-20 лвл за 1 зачар
[05:36:29] Stxywxthme (6ce0cde9-8c92-4c66-96ad-6bffb9dfc01b): на какой меч
[05:36:46] Dior (511ac683-c533-439a-8fdd-780c4842b05c): хз в будущем посмотрю
[05:36:50] Stxywxthme (6ce0cde9-8c92-4c66-96ad-6bffb9dfc01b): окей
[05:37:06] Dior (511ac683-c533-439a-8fdd-780c4842b05c): а книги
[05:39:24] Dior (511ac683-c533-439a-8fdd-780c4842b05c): ля откуда такие вещи
[05:48:37] Stxywxthme (6ce0cde9-8c92-4c66-96ad-6bffb9dfc01b): ты здесь?
[05:48:54] Stxywxthme (6ce0cde9-8c92-4c66-96ad-6bffb9dfc01b): смотри
[05:49:17] Dior (511ac683-c533-439a-8fdd-780c4842b05c): ничё соби
[05:49:22] Stxywxthme (6ce0cde9-8c92-4c66-96ad-6bffb9dfc01b): да
[05:50:00] Stxywxthme (6ce0cde9-8c92-4c66-96ad-6bffb9dfc01b): можно накинуть алмаз
[05:50:15] Dior (511ac683-c533-439a-8fdd-780c4842b05c): лучше изумруд
[05:50:33] Stxywxthme (6ce0cde9-8c92-4c66-96ad-6bffb9dfc01b): уже 16 урона
[05:51:15] Dior (511ac683-c533-439a-8fdd-780c4842b05c): лазурита и кварца закинь и всё
[05:52:28] Dior (511ac683-c533-439a-8fdd-780c4842b05c): а откуда ты взял легендарные лут боксы ?
[05:52:42] Stxywxthme (6ce0cde9-8c92-4c66-96ad-6bffb9dfc01b): этернал дал
[05:52:52] Stxywxthme (6ce0cde9-8c92-4c66-96ad-6bffb9dfc01b): типа компесация
[05:52:54] Dior (511ac683-c533-439a-8fdd-780c4842b05c): ля жук
[05:53:04] Dior (511ac683-c533-439a-8fdd-780c4842b05c): за что
[05:53:11] Stxywxthme (6ce0cde9-8c92-4c66-96ad-6bffb9dfc01b): он же сумки удалил
[05:53:21] Dior (511ac683-c533-439a-8fdd-780c4842b05c): какие ?
[05:53:29] Stxywxthme (6ce0cde9-8c92-4c66-96ad-6bffb9dfc01b): из cyclic
[05:53:51] Stxywxthme (6ce0cde9-8c92-4c66-96ad-6bffb9dfc01b): он вернул?
[05:53:54] Dior (511ac683-c533-439a-8fdd-780c4842b05c): а зачем их удалять ?
[05:54:02] Dior (511ac683-c533-439a-8fdd-780c4842b05c): он не удалял их
[05:54:02] Stxywxthme (6ce0cde9-8c92-4c66-96ad-6bffb9dfc01b): хз
[05:54:09] Dior (511ac683-c533-439a-8fdd-780c4842b05c): у меня в них все ресы
[05:54:12] Dior (511ac683-c533-439a-8fdd-780c4842b05c): ты шо
[05:54:24] Stxywxthme (6ce0cde9-8c92-4c66-96ad-6bffb9dfc01b): он вчера удалил
[05:54:24] Dior (511ac683-c533-439a-8fdd-780c4842b05c): та и когда иду копаться вообще топ тема
[05:54:35] Stxywxthme (6ce0cde9-8c92-4c66-96ad-6bffb9dfc01b): и сегодня утром вернул
[05:54:39] Stxywxthme (6ce0cde9-8c92-4c66-96ad-6bffb9dfc01b): ты зашел
[05:55:42] Dior (511ac683-c533-439a-8fdd-780c4842b05c): а что за компенсация за что
[05:55:51] Stxywxthme (6ce0cde9-8c92-4c66-96ad-6bffb9dfc01b): мои сумки пропали
[05:55:56] Dior (511ac683-c533-439a-8fdd-780c4842b05c): ааааааааааааааааааааааааа
[05:56:09] Dior (511ac683-c533-439a-8fdd-780c4842b05c): а у меня ничего не пропало (
[05:56:11] Dior (511ac683-c533-439a-8fdd-780c4842b05c): ахахахха
[05:56:12] Stxywxthme (6ce0cde9-8c92-4c66-96ad-6bffb9dfc01b): да
[05:56:23] Stxywxthme (6ce0cde9-8c92-4c66-96ad-6bffb9dfc01b): ты же вчера не заходил
[05:56:32] Stxywxthme (6ce0cde9-8c92-4c66-96ad-6bffb9dfc01b): если бы зашел у тебя пропало бы
[05:56:48] Dior (511ac683-c533-439a-8fdd-780c4842b05c): повезло повезло
[05:56:52] Stxywxthme (6ce0cde9-8c92-4c66-96ad-6bffb9dfc01b): да да
[05:57:07] Stxywxthme (6ce0cde9-8c92-4c66-96ad-6bffb9dfc01b): афк
[06:00:38] Dior (511ac683-c533-439a-8fdd-780c4842b05c): тут ?
[06:13:56] Dior (511ac683-c533-439a-8fdd-780c4842b05c): тут ?
[06:27:22] Stxywxthme (6ce0cde9-8c92-4c66-96ad-6bffb9dfc01b): да
[06:50:04] Stxywxthme (6ce0cde9-8c92-4c66-96ad-6bffb9dfc01b): где получить горный кристалл?
[09:49:17] _reflexed (a4982e19-bdcc-40a7-a685-78ee1c50ad23): Но это только когда ночь
[09:50:27] _reflexed (a4982e19-bdcc-40a7-a685-78ee1c50ad23): Ясно
[11:03:08] _reflexed (a4982e19-bdcc-40a7-a685-78ee1c50ad23): Ку
[11:03:12] Stxywxthme (6ce0cde9-8c92-4c66-96ad-6bffb9dfc01b): КУ
[11:03:24] _reflexed (a4982e19-bdcc-40a7-a685-78ee1c50ad23): Тебе щас нужно что то сделать?
[11:03:35] _reflexed (a4982e19-bdcc-40a7-a685-78ee1c50ad23): Потому что я индукционку и элетропечь сделал
[11:03:37] Stxywxthme (6ce0cde9-8c92-4c66-96ad-6bffb9dfc01b): ищу горные кристалы
[11:04:03] Stxywxthme (6ce0cde9-8c92-4c66-96ad-6bffb9dfc01b): норм
[11:16:17] _reflexed (a4982e19-bdcc-40a7-a685-78ee1c50ad23): Я нашел горные кристаллы
[11:17:14] Stxywxthme (6ce0cde9-8c92-4c66-96ad-6bffb9dfc01b): окей
[11:17:18] Stxywxthme (6ce0cde9-8c92-4c66-96ad-6bffb9dfc01b): спасибо
[11:24:18] Stxywxthme (6ce0cde9-8c92-4c66-96ad-6bffb9dfc01b): подроби пж
[11:24:33] Stxywxthme (6ce0cde9-8c92-4c66-96ad-6bffb9dfc01b): спс
[11:25:00] _reflexed (a4982e19-bdcc-40a7-a685-78ee1c50ad23): Уххххх
[12:21:03] Stxywxthme (6ce0cde9-8c92-4c66-96ad-6bffb9dfc01b): интересно почему у светокамня нет имени
[13:45:47] Stxywxthme (6ce0cde9-8c92-4c66-96ad-6bffb9dfc01b): ку
[13:45:49] Stxywxthme (6ce0cde9-8c92-4c66-96ad-6bffb9dfc01b): да
[13:45:54] Dior (511ac683-c533-439a-8fdd-780c4842b05c): КУ
[13:46:26] Dior (511ac683-c533-439a-8fdd-780c4842b05c): ел такой ?
[13:46:40] Stxywxthme (6ce0cde9-8c92-4c66-96ad-6bffb9dfc01b): нет
[13:46:43] Dior (511ac683-c533-439a-8fdd-780c4842b05c): еш
[13:46:55] Stxywxthme (6ce0cde9-8c92-4c66-96ad-6bffb9dfc01b): понятно
[13:46:56] Stxywxthme (6ce0cde9-8c92-4c66-96ad-6bffb9dfc01b): ку
[13:47:01] Dior (511ac683-c533-439a-8fdd-780c4842b05c): Привет
[13:47:30] Dior (511ac683-c533-439a-8fdd-780c4842b05c): ток если найдешь не еш а то исчезнит инвентарь
[13:47:41] Stxywxthme (6ce0cde9-8c92-4c66-96ad-6bffb9dfc01b): окей
[13:52:18] Dior (511ac683-c533-439a-8fdd-780c4842b05c): ток не упади
[13:52:22] Stxywxthme (6ce0cde9-8c92-4c66-96ad-6bffb9dfc01b): это твоя база?
[13:52:26] Dior (511ac683-c533-439a-8fdd-780c4842b05c): ага
[13:52:41] Stxywxthme (6ce0cde9-8c92-4c66-96ad-6bffb9dfc01b): о
[13:52:47] Stxywxthme (6ce0cde9-8c92-4c66-96ad-6bffb9dfc01b): портал в эдем
[13:53:24] Stxywxthme (6ce0cde9-8c92-4c66-96ad-6bffb9dfc01b): XD
[13:53:35] Stxywxthme (6ce0cde9-8c92-4c66-96ad-6bffb9dfc01b): меня кто-то вытолкнул
[13:54:01] Dior (511ac683-c533-439a-8fdd-780c4842b05c): нотут ничего нету
[13:54:07] Dior (511ac683-c533-439a-8fdd-780c4842b05c): нотут ничего нету
[14:09:12] Stxywxthme (6ce0cde9-8c92-4c66-96ad-6bffb9dfc01b): куда пропали мои ботинки
[14:09:26] Dior (511ac683-c533-439a-8fdd-780c4842b05c): мб сломались
[14:09:48] Stxywxthme (6ce0cde9-8c92-4c66-96ad-6bffb9dfc01b): у них была починка
[14:09:58] Dior (511ac683-c533-439a-8fdd-780c4842b05c): умер ?
[14:10:02] Stxywxthme (6ce0cde9-8c92-4c66-96ad-6bffb9dfc01b): нет
[14:10:08] Dior (511ac683-c533-439a-8fdd-780c4842b05c): ахахха
[14:10:22] Dior (511ac683-c533-439a-8fdd-780c4842b05c): посмотри в том инвентаре
[14:10:23] Stxywxthme (6ce0cde9-8c92-4c66-96ad-6bffb9dfc01b): у тебя?
[14:10:33] Dior (511ac683-c533-439a-8fdd-780c4842b05c): на кой чер они мне
[14:10:36] Stxywxthme (6ce0cde9-8c92-4c66-96ad-6bffb9dfc01b): нету
[14:10:55] Dior (511ac683-c533-439a-8fdd-780c4842b05c): я делаю сортировку вообще в сундуках чтобы было место
[14:11:09] Dior (511ac683-c533-439a-8fdd-780c4842b05c): в том инвентаре смотрел ?
[14:11:13] Stxywxthme (6ce0cde9-8c92-4c66-96ad-6bffb9dfc01b): у тебя магнит
[14:11:27] Dior (511ac683-c533-439a-8fdd-780c4842b05c): нету
[14:11:35] Stxywxthme (6ce0cde9-8c92-4c66-96ad-6bffb9dfc01b): да смотрел
[14:11:41] Dior (511ac683-c533-439a-8fdd-780c4842b05c): а где ты потерял их
[14:11:47] Stxywxthme (6ce0cde9-8c92-4c66-96ad-6bffb9dfc01b): в эдеме
[14:12:11] Dior (511ac683-c533-439a-8fdd-780c4842b05c): зайди где именно
[14:12:19] Dior (511ac683-c533-439a-8fdd-780c4842b05c): а нет не заходи
[14:12:27] Dior (511ac683-c533-439a-8fdd-780c4842b05c): выйди
[14:12:36] Dior (511ac683-c533-439a-8fdd-780c4842b05c): не грузи ччанки
[14:12:52] Dior (511ac683-c533-439a-8fdd-780c4842b05c): щяс решим посмотрим
[14:15:51] Stxywxthme (6ce0cde9-8c92-4c66-96ad-6bffb9dfc01b): есть полет?
[14:16:03] Dior (511ac683-c533-439a-8fdd-780c4842b05c): да
[14:16:16] Stxywxthme (6ce0cde9-8c92-4c66-96ad-6bffb9dfc01b): тогда
[14:16:29] Stxywxthme (6ce0cde9-8c92-4c66-96ad-6bffb9dfc01b): [x:-1851, y:63, z:-2945, dim:420]
[14:16:40] Stxywxthme (6ce0cde9-8c92-4c66-96ad-6bffb9dfc01b): нажми на него
[14:16:53] Stxywxthme (6ce0cde9-8c92-4c66-96ad-6bffb9dfc01b): тп
[14:17:24] Stxywxthme (6ce0cde9-8c92-4c66-96ad-6bffb9dfc01b): лети
[14:17:40] Dior (511ac683-c533-439a-8fdd-780c4842b05c): долговато будет
[14:17:54] Dior (511ac683-c533-439a-8fdd-780c4842b05c): тп
[14:17:57] Dior (511ac683-c533-439a-8fdd-780c4842b05c): тп
[14:18:02] Stxywxthme (6ce0cde9-8c92-4c66-96ad-6bffb9dfc01b): сейчас
[14:19:17] Dior (511ac683-c533-439a-8fdd-780c4842b05c): тп
[14:20:00] Stxywxthme (6ce0cde9-8c92-4c66-96ad-6bffb9dfc01b): о
[14:20:03] Stxywxthme (6ce0cde9-8c92-4c66-96ad-6bffb9dfc01b): нашел?
[14:20:14] Dior (511ac683-c533-439a-8fdd-780c4842b05c): угу там лежали на краю
[14:20:19] Stxywxthme (6ce0cde9-8c92-4c66-96ad-6bffb9dfc01b): уххх
[14:20:33] Stxywxthme (6ce0cde9-8c92-4c66-96ad-6bffb9dfc01b): я придумал как очень быстро передвигаться
[14:20:55] Stxywxthme (6ce0cde9-8c92-4c66-96ad-6bffb9dfc01b): амулет воздуха + сколькие ботинки
[14:21:12] Dior (511ac683-c533-439a-8fdd-780c4842b05c): надо будет попробовать
[14:21:22] Stxywxthme (6ce0cde9-8c92-4c66-96ad-6bffb9dfc01b): могу прям щас попробовать
[14:24:43] Stxywxthme (6ce0cde9-8c92-4c66-96ad-6bffb9dfc01b): какой размер мира?
[14:24:49] Dior (511ac683-c533-439a-8fdd-780c4842b05c): 15к
[14:25:00] Dior (511ac683-c533-439a-8fdd-780c4842b05c): + -
[14:28:03] Stxywxthme (6ce0cde9-8c92-4c66-96ad-6bffb9dfc01b): реально?
[14:28:57] Stxywxthme (6ce0cde9-8c92-4c66-96ad-6bffb9dfc01b): я на x=-7537 y=76 z=-23333
[14:34:45] Stxywxthme (6ce0cde9-8c92-4c66-96ad-6bffb9dfc01b): у кого есть зачар ночное зрение
[15:06:53] Dior (511ac683-c533-439a-8fdd-780c4842b05c): всм
