[06:56:27] ProCto_DS (d3139add-473e-468f-9582-8b46bb0e237c): Жаба
[06:58:44] ProCto_DS (d3139add-473e-468f-9582-8b46bb0e237c): Всм
[06:59:00] ProCto_DS (d3139add-473e-468f-9582-8b46bb0e237c): Подскажешь одну вещь?
[06:59:38] ProCto_DS (d3139add-473e-468f-9582-8b46bb0e237c): Я вот изучил созвездие вицио, когда беру в левую руку ничаго не рос
[07:11:41] ProCto_DS (d3139add-473e-468f-9582-8b46bb0e237c): Вицио можна привязать к игроку?
[07:12:18] ProCto_DS (d3139add-473e-468f-9582-8b46bb0e237c): Так чё когда я его в левую руку беру ничё не появляется?
[07:13:47] ProCto_DS (d3139add-473e-468f-9582-8b46bb0e237c): я его изучил, а вот насчёт на небе хз)
[07:18:40] ProCto_DS (d3139add-473e-468f-9582-8b46bb0e237c): оно на небе, но толку нету)
[07:24:52] ProCto_DS (d3139add-473e-468f-9582-8b46bb0e237c): Именно?
[07:25:40] ProCto_DS (d3139add-473e-468f-9582-8b46bb0e237c): я когда пустые свитки беру ничаго не происходит
[07:25:47] ProCto_DS (d3139add-473e-468f-9582-8b46bb0e237c): Даж созвездия не открываются)
[07:25:58] ProCto_DS (d3139add-473e-468f-9582-8b46bb0e237c): может баг?
[07:26:17] ProCto_DS (d3139add-473e-468f-9582-8b46bb0e237c): может баг?
[07:26:22] ProCto_DS (d3139add-473e-468f-9582-8b46bb0e237c): что не появлется
[07:26:27] ProCto_DS (d3139add-473e-468f-9582-8b46bb0e237c): синии частички?
[07:27:11] ProCto_DS (d3139add-473e-468f-9582-8b46bb0e237c): Пинганёшь аптечку :)))
[07:27:47] ProCto_DS (d3139add-473e-468f-9582-8b46bb0e237c): Всм
[07:27:52] ProCto_DS (d3139add-473e-468f-9582-8b46bb0e237c): Какое прошлое реле?
[07:28:08] ProCto_DS (d3139add-473e-468f-9582-8b46bb0e237c): Это как
[07:28:25] ProCto_DS (d3139add-473e-468f-9582-8b46bb0e237c): чтоб звездный свет был?
[07:28:28] ProCto_DS (d3139add-473e-468f-9582-8b46bb0e237c): Вот эту реле?
[07:28:44] ProCto_DS (d3139add-473e-468f-9582-8b46bb0e237c): да
[07:28:47] ProCto_DS (d3139add-473e-468f-9582-8b46bb0e237c): Раньше всё было норм
[07:28:49] ProCto_DS (d3139add-473e-468f-9582-8b46bb0e237c): а тут
[07:28:58] ProCto_DS (d3139add-473e-468f-9582-8b46bb0e237c): Да
[07:29:17] ProCto_DS (d3139add-473e-468f-9582-8b46bb0e237c): я рядом с этим алтарём даж реле не ставил
[07:29:53] ProCto_DS (d3139add-473e-468f-9582-8b46bb0e237c): ээээ
[07:30:16] ProCto_DS (d3139add-473e-468f-9582-8b46bb0e237c): когда ты берешь свиток
[07:30:23] ProCto_DS (d3139add-473e-468f-9582-8b46bb0e237c): Должны же появится синие точки
[07:30:29] ProCto_DS (d3139add-473e-468f-9582-8b46bb0e237c): Они у меня не появляются
[07:30:47] ProCto_DS (d3139add-473e-468f-9582-8b46bb0e237c): Да
[07:31:30] ProCto_DS (d3139add-473e-468f-9582-8b46bb0e237c): Настройки?
[07:33:18] ProCto_DS (d3139add-473e-468f-9582-8b46bb0e237c): ?
[07:33:26] ProCto_DS (d3139add-473e-468f-9582-8b46bb0e237c): ебать нах
[07:33:29] ProCto_DS (d3139add-473e-468f-9582-8b46bb0e237c): Эт почему?/
[07:34:38] ProCto_DS (d3139add-473e-468f-9582-8b46bb0e237c): Бля я ихуя не понимаю
[07:34:44] ProCto_DS (d3139add-473e-468f-9582-8b46bb0e237c): Нет возможни зайти?
[07:34:47] ProCto_DS (d3139add-473e-468f-9582-8b46bb0e237c): я им тыкаю
[07:34:49] ProCto_DS (d3139add-473e-468f-9582-8b46bb0e237c): всё норм
[07:35:34] ProCto_DS (d3139add-473e-468f-9582-8b46bb0e237c): да\
[07:37:16] ProCto_DS (d3139add-473e-468f-9582-8b46bb0e237c): Нихуя не понял
[07:38:03] ProCto_DS (d3139add-473e-468f-9582-8b46bb0e237c): Та я по нему строил
[07:39:16] ProCto_DS (d3139add-473e-468f-9582-8b46bb0e237c): я на 1.16.5
[07:39:18] ProCto_DS (d3139add-473e-468f-9582-8b46bb0e237c): делал
[07:40:49] ProCto_DS (d3139add-473e-468f-9582-8b46bb0e237c): Никто не сожет зайти?
[08:07:08] ProCto_DS (d3139add-473e-468f-9582-8b46bb0e237c): вот
[08:08:38] Nergaloff (88da800e-1614-4c65-ace8-c18f7e99e914): попробуй забор убрать где структура стоит
[08:09:58] ProCto_DS (d3139add-473e-468f-9582-8b46bb0e237c): ночь ждать
[08:10:07] Nergaloff (88da800e-1614-4c65-ace8-c18f7e99e914): тут убери ещё
[08:10:33] ProCto_DS (d3139add-473e-468f-9582-8b46bb0e237c): есть прилично так чернильных мешков?
[08:10:39] Nergaloff (88da800e-1614-4c65-ace8-c18f7e99e914): нет
[08:16:20] Nergaloff (88da800e-1614-4c65-ace8-c18f7e99e914): дай доступ к привату на пару минут
[08:16:22] Nergaloff (88da800e-1614-4c65-ace8-c18f7e99e914): и секстант
[08:16:42] ProCto_DS (d3139add-473e-468f-9582-8b46bb0e237c): дал
[08:17:15] Nergaloff (88da800e-1614-4c65-ace8-c18f7e99e914): и секстант
[08:22:01] Nergaloff (88da800e-1614-4c65-ace8-c18f7e99e914): блять вообще не понимаю, вроде все правильно
[08:22:47] Nergaloff (88da800e-1614-4c65-ace8-c18f7e99e914): попробуй построить его в другом чанке под открытым небом
[08:22:52] Nergaloff (88da800e-1614-4c65-ace8-c18f7e99e914): тут например
[08:24:01] ProCto_DS (d3139add-473e-468f-9582-8b46bb0e237c): Дай вот эту херню
[08:24:03] ProCto_DS (d3139add-473e-468f-9582-8b46bb0e237c): Для стройки
[08:24:22] ProCto_DS (d3139add-473e-468f-9582-8b46bb0e237c): аууу
[08:27:11] ProCto_DS (d3139add-473e-468f-9582-8b46bb0e237c): без разницы же если некоторые блоки в разных чанках?
[10:40:12] Nergaloff (88da800e-1614-4c65-ace8-c18f7e99e914): а тебе зачем кто-то ещё чтоб играть
[10:48:27] [CAPS] ProCto_DS (d3139add-473e-468f-9582-8b46bb0e237c): работает
[10:48:31] [CAPS] ProCto_DS (d3139add-473e-468f-9582-8b46bb0e237c): ура нхуй
[10:50:16] ProCto_DS (d3139add-473e-468f-9582-8b46bb0e237c): Как мне помнится, белые частички означают что алтарь готов?)
[10:50:23] Nergaloff (88da800e-1614-4c65-ace8-c18f7e99e914): да
[10:50:26] ProCto_DS (d3139add-473e-468f-9582-8b46bb0e237c): Каеф
[10:50:47] ProCto_DS (d3139add-473e-468f-9582-8b46bb0e237c): походу реально дело в деревьях было
[10:52:37] ProCto_DS (d3139add-473e-468f-9582-8b46bb0e237c): может у те есть чернильные мешки
[10:52:44] Nergaloff (88da800e-1614-4c65-ace8-c18f7e99e914): нет
[10:57:10] ProCto_DS (d3139add-473e-468f-9582-8b46bb0e237c): позвать на процесс наложения созвездия?)
[10:57:17] Nergaloff (88da800e-1614-4c65-ace8-c18f7e99e914): нет
[10:58:52] ProCto_DS (d3139add-473e-468f-9582-8b46bb0e237c): Чёт не понял
[10:59:53] ProCto_DS (d3139add-473e-468f-9582-8b46bb0e237c): вот же падла
[11:00:33] ProCto_DS (d3139add-473e-468f-9582-8b46bb0e237c): Подстава года...
[11:14:46] ProCto_DS (d3139add-473e-468f-9582-8b46bb0e237c): Discidia Норм созвездие?)
[11:14:50] ProCto_DS (d3139add-473e-468f-9582-8b46bb0e237c): стоит привязки?
[11:15:49] ProCto_DS (d3139add-473e-468f-9582-8b46bb0e237c): хмм
[11:15:53] ProCto_DS (d3139add-473e-468f-9582-8b46bb0e237c): стоит или не стоит
[11:16:08] ProCto_DS (d3139add-473e-468f-9582-8b46bb0e237c): Ну кароч
[11:16:10] ProCto_DS (d3139add-473e-468f-9582-8b46bb0e237c): С богом
[11:16:13] Nergaloff (88da800e-1614-4c65-ace8-c18f7e99e914): бля ну интернет у тебя вроде есть, почитай что тебе нужно и всё
[11:16:23] ProCto_DS (d3139add-473e-468f-9582-8b46bb0e237c): ууу
[11:16:26] ProCto_DS (d3139add-473e-468f-9582-8b46bb0e237c): Началось
[11:19:01] ProCto_DS (d3139add-473e-468f-9582-8b46bb0e237c): Другое созвездие я просто так привязать терь не смогу?
[11:19:19] Nergaloff (88da800e-1614-4c65-ace8-c18f7e99e914): нужно отвязаться изменчивой звездой
[11:19:21] Nergaloff (88da800e-1614-4c65-ace8-c18f7e99e914): потом можешь
[11:19:43] ProCto_DS (d3139add-473e-468f-9582-8b46bb0e237c): Нету способа фармить урон)(((
[11:41:36] ProCto_DS (d3139add-473e-468f-9582-8b46bb0e237c): йй
[11:43:59] ProCto_DS (d3139add-473e-468f-9582-8b46bb0e237c): здарова
[11:44:32] Stxywxthme (6ce0cde9-8c92-4c66-96ad-6bffb9dfc01b): ку
[11:44:40] ProCto_DS (d3139add-473e-468f-9582-8b46bb0e237c): хех,даров
[11:44:44] ProCto_DS (d3139add-473e-468f-9582-8b46bb0e237c): Зырь как передвигаюсь)
[11:45:00] ProCto_DS (d3139add-473e-468f-9582-8b46bb0e237c): Вопрос
[11:45:13] ProCto_DS (d3139add-473e-468f-9582-8b46bb0e237c): Найдётся у те чернильных мешков и перьев?
[11:45:20] Stxywxthme (6ce0cde9-8c92-4c66-96ad-6bffb9dfc01b): да
[11:45:28] ProCto_DS (d3139add-473e-468f-9582-8b46bb0e237c): чтоб те предложить)
[11:45:39] ProCto_DS (d3139add-473e-468f-9582-8b46bb0e237c): 32 драк блока?
[11:45:43] Stxywxthme (6ce0cde9-8c92-4c66-96ad-6bffb9dfc01b): не
[11:46:03] ProCto_DS (d3139add-473e-468f-9582-8b46bb0e237c): сапоги?
[11:46:13] ProCto_DS (d3139add-473e-468f-9582-8b46bb0e237c): Путешествинника
[11:46:25] Stxywxthme (6ce0cde9-8c92-4c66-96ad-6bffb9dfc01b): за 2 перегонные кубы с трубами
[11:46:39] Stxywxthme (6ce0cde9-8c92-4c66-96ad-6bffb9dfc01b): я дам стак чернил и перьев
[11:46:48] ProCto_DS (d3139add-473e-468f-9582-8b46bb0e237c): хмм
[11:47:15] Stxywxthme (6ce0cde9-8c92-4c66-96ad-6bffb9dfc01b): тоже надо бы стабилизировать
[11:47:24] ProCto_DS (d3139add-473e-468f-9582-8b46bb0e237c): Могу свечки продать)
[11:47:31] ProCto_DS (d3139add-473e-468f-9582-8b46bb0e237c): Их у меня разнообразие
[11:47:35] ProCto_DS (d3139add-473e-468f-9582-8b46bb0e237c): Разных цветов
[11:47:55] Stxywxthme (6ce0cde9-8c92-4c66-96ad-6bffb9dfc01b): я думаю 3 этажей стабилизации хватит на все
[11:47:55] ProCto_DS (d3139add-473e-468f-9582-8b46bb0e237c): А зач те трубы ваще?
[11:48:06] Stxywxthme (6ce0cde9-8c92-4c66-96ad-6bffb9dfc01b): ну для всего
[11:48:14] ProCto_DS (d3139add-473e-468f-9582-8b46bb0e237c): 16 труб сойдёт?
[11:48:17] Stxywxthme (6ce0cde9-8c92-4c66-96ad-6bffb9dfc01b): +
[11:48:37] ProCto_DS (d3139add-473e-468f-9582-8b46bb0e237c): Можешь вместо одного стака черн мешков
[11:48:44] ProCto_DS (d3139add-473e-468f-9582-8b46bb0e237c): 2 стака чернильных мешкой, 1 стак перьер
[11:48:48] Stxywxthme (6ce0cde9-8c92-4c66-96ad-6bffb9dfc01b): ок
[11:48:50] ProCto_DS (d3139add-473e-468f-9582-8b46bb0e237c): С меня дополнительно свечи
[11:48:54] Stxywxthme (6ce0cde9-8c92-4c66-96ad-6bffb9dfc01b): ок
[11:48:56] ProCto_DS (d3139add-473e-468f-9582-8b46bb0e237c): иди готовь
[11:48:58] ProCto_DS (d3139add-473e-468f-9582-8b46bb0e237c): я сделаю
[11:50:26] ProCto_DS (d3139add-473e-468f-9582-8b46bb0e237c): советую больше голов мобов ставить
[11:50:30] ProCto_DS (d3139add-473e-468f-9582-8b46bb0e237c): Так больше стабилизации
[11:51:59] ProCto_DS (d3139add-473e-468f-9582-8b46bb0e237c): трубы ща
[11:52:58] Stxywxthme (6ce0cde9-8c92-4c66-96ad-6bffb9dfc01b): есть еще заряжатель?
[11:53:09] ProCto_DS (d3139add-473e-468f-9582-8b46bb0e237c): неа, но могу легко намутить
[11:53:29] ProCto_DS (d3139add-473e-468f-9582-8b46bb0e237c): на
[11:53:36] ProCto_DS (d3139add-473e-468f-9582-8b46bb0e237c): сюда еще иди
[11:54:04] ProCto_DS (d3139add-473e-468f-9582-8b46bb0e237c): Всё
[11:54:17] ProCto_DS (d3139add-473e-468f-9582-8b46bb0e237c): %)))
[11:54:21] ProCto_DS (d3139add-473e-468f-9582-8b46bb0e237c): С тобой приятно иметь дело)
[11:54:29] Stxywxthme (6ce0cde9-8c92-4c66-96ad-6bffb9dfc01b): есть еще заряжатель?
[11:54:36] ProCto_DS (d3139add-473e-468f-9582-8b46bb0e237c): неа
[11:54:51] Stxywxthme (6ce0cde9-8c92-4c66-96ad-6bffb9dfc01b): о
[11:55:04] ProCto_DS (d3139add-473e-468f-9582-8b46bb0e237c): Если хочешь то давай
[11:55:23] ProCto_DS (d3139add-473e-468f-9582-8b46bb0e237c): Не советую такую звезду
[11:55:25] ProCto_DS (d3139add-473e-468f-9582-8b46bb0e237c): Хуйня она
[11:55:42] ProCto_DS (d3139add-473e-468f-9582-8b46bb0e237c): Дайка
[11:55:53] ProCto_DS (d3139add-473e-468f-9582-8b46bb0e237c): звезда хуйня
[11:55:54] ProCto_DS (d3139add-473e-468f-9582-8b46bb0e237c): Не советую
[11:56:07] ProCto_DS (d3139add-473e-468f-9582-8b46bb0e237c): Потом пожалеешь
[11:56:10] Stxywxthme (6ce0cde9-8c92-4c66-96ad-6bffb9dfc01b): это же disidia?
[11:56:19] ProCto_DS (d3139add-473e-468f-9582-8b46bb0e237c): +
[11:56:35] ProCto_DS (d3139add-473e-468f-9582-8b46bb0e237c): Бл
[11:56:37] ProCto_DS (d3139add-473e-468f-9582-8b46bb0e237c): я даун
[11:56:43] ProCto_DS (d3139add-473e-468f-9582-8b46bb0e237c): Пойду полезную штуку сделаю
[11:56:48] ProCto_DS (d3139add-473e-468f-9582-8b46bb0e237c): С хули изучал)
[12:16:07] ProCto_DS (d3139add-473e-468f-9582-8b46bb0e237c): ебать этот пояс топ
[12:16:16] Stxywxthme (6ce0cde9-8c92-4c66-96ad-6bffb9dfc01b): ?
[12:16:45] ProCto_DS (d3139add-473e-468f-9582-8b46bb0e237c): я пояс доделал, пп как не зря
[12:16:54] ProCto_DS (d3139add-473e-468f-9582-8b46bb0e237c): все усилия стоили того)
[12:17:16] Stxywxthme (6ce0cde9-8c92-4c66-96ad-6bffb9dfc01b): что за пояс
[12:17:37] ProCto_DS (d3139add-473e-468f-9582-8b46bb0e237c): из таума, название уже секрет)
[12:17:56] ProCto_DS (d3139add-473e-468f-9582-8b46bb0e237c): тп
[12:18:34] Stxywxthme (6ce0cde9-8c92-4c66-96ad-6bffb9dfc01b): сложно сказать?
[12:18:47] ProCto_DS (d3139add-473e-468f-9582-8b46bb0e237c): пояс из таума с
[12:18:53] ProCto_DS (d3139add-473e-468f-9582-8b46bb0e237c): странника)
[12:22:59] ProCto_DS (d3139add-473e-468f-9582-8b46bb0e237c): прими
[13:57:01] ProCto_DS (d3139add-473e-468f-9582-8b46bb0e237c): есть чарка?
[13:57:05] Nergaloff (88da800e-1614-4c65-ace8-c18f7e99e914): нет
[14:30:37] ProCto_DS (d3139add-473e-468f-9582-8b46bb0e237c): Xfuj
[14:30:40] ProCto_DS (d3139add-473e-468f-9582-8b46bb0e237c): чаго
[14:31:01] Stxywxthme (d459fc31-975c-11ee-ae9d-0242ae5c0002): ммм
[14:31:05] ProCto_DS (d3139add-473e-468f-9582-8b46bb0e237c): Всё слетело?
[14:31:12] Stxywxthme (d459fc31-975c-11ee-ae9d-0242ae5c0002): да
[14:31:36] ProCto_DS (d3139add-473e-468f-9582-8b46bb0e237c): иди в форум
[14:31:40] ProCto_DS (d3139add-473e-468f-9582-8b46bb0e237c): и пингуй крокса)
[14:31:45] Stxywxthme (d459fc31-975c-11ee-ae9d-0242ae5c0002): )
[14:32:16] Stxywxthme (d459fc31-975c-11ee-ae9d-0242ae5c0002): на
[14:32:21] Stxywxthme (d459fc31-975c-11ee-ae9d-0242ae5c0002): подержи на время
[14:32:50] ProCto_DS (d3139add-473e-468f-9582-8b46bb0e237c): Зырь шо могу
[14:33:00] Stxywxthme (d459fc31-975c-11ee-ae9d-0242ae5c0002): ок
[14:33:19] Stxywxthme (d459fc31-975c-11ee-ae9d-0242ae5c0002): на
[14:33:40] [CAPS] ProCto_DS (d3139add-473e-468f-9582-8b46bb0e237c): это мне?)
[14:33:52] ProCto_DS (d3139add-473e-468f-9582-8b46bb0e237c): Ахахах
[14:33:53] ProCto_DS (d3139add-473e-468f-9582-8b46bb0e237c): чаго
[14:34:08] Stxywxthme (d459fc31-975c-11ee-ae9d-0242ae5c0002): да
[14:34:12] ProCto_DS (d3139add-473e-468f-9582-8b46bb0e237c): ВСЁ?
[14:34:20] Stxywxthme (d459fc31-975c-11ee-ae9d-0242ae5c0002): да все
[14:34:24] ProCto_DS (d3139add-473e-468f-9582-8b46bb0e237c): Зырь
[14:34:32] ProCto_DS (d3139add-473e-468f-9582-8b46bb0e237c): Хах
[14:34:34] Stxywxthme (d459fc31-975c-11ee-ae9d-0242ae5c0002): мм
[14:34:36] Stxywxthme (d459fc31-975c-11ee-ae9d-0242ae5c0002): не открывай
[14:34:47] ProCto_DS (d3139add-473e-468f-9582-8b46bb0e237c): ?
[14:34:52] Stxywxthme (d459fc31-975c-11ee-ae9d-0242ae5c0002): кейсы
[14:34:58] ProCto_DS (d3139add-473e-468f-9582-8b46bb0e237c): Это не мои?
[14:35:01] Stxywxthme (d459fc31-975c-11ee-ae9d-0242ae5c0002): не
[14:35:16] ProCto_DS (d3139add-473e-468f-9582-8b46bb0e237c): ост 20 штук
[14:35:20] ProCto_DS (d3139add-473e-468f-9582-8b46bb0e237c): Вот этих
[14:35:24] Stxywxthme (d459fc31-975c-11ee-ae9d-0242ae5c0002): ок
[14:35:24] ProCto_DS (d3139add-473e-468f-9582-8b46bb0e237c): Мона 5 штук?)
[14:35:28] ProCto_DS (d3139add-473e-468f-9582-8b46bb0e237c): Открыть?
[14:35:29] Stxywxthme (d459fc31-975c-11ee-ae9d-0242ae5c0002): потом заберешь
[14:35:33] Stxywxthme (d459fc31-975c-11ee-ae9d-0242ae5c0002): а сейчас нет
[14:35:41] ProCto_DS (d3139add-473e-468f-9582-8b46bb0e237c): Потом хз ли я буду)
[14:36:08] ProCto_DS (d3139add-473e-468f-9582-8b46bb0e237c): Откуда сток кейсов
[14:36:17] Stxywxthme (d459fc31-975c-11ee-ae9d-0242ae5c0002): квесты
[14:36:20] ProCto_DS (d3139add-473e-468f-9582-8b46bb0e237c): Как
[14:36:46] ProCto_DS (d3139add-473e-468f-9582-8b46bb0e237c): ахахах
[14:36:54] ProCto_DS (d3139add-473e-468f-9582-8b46bb0e237c): Мне везет ёпта
[14:36:59] Stxywxthme (d459fc31-975c-11ee-ae9d-0242ae5c0002): да блять
[14:37:02] Stxywxthme (d459fc31-975c-11ee-ae9d-0242ae5c0002): не открывай
[14:37:08] ProCto_DS (d3139add-473e-468f-9582-8b46bb0e237c): Окей
[14:37:10] ProCto_DS (d3139add-473e-468f-9582-8b46bb0e237c): Все кейсы тут
[14:37:18] ProCto_DS (d3139add-473e-468f-9582-8b46bb0e237c): я могу любой момент выйти
[14:37:23] Stxywxthme (d459fc31-975c-11ee-ae9d-0242ae5c0002): выходи
[14:37:31] Stxywxthme (d459fc31-975c-11ee-ae9d-0242ae5c0002): ты лучше так сделаешь
[14:37:51] ProCto_DS (d3139add-473e-468f-9582-8b46bb0e237c): Не понимаю ничаго
[14:38:14] Stxywxthme (d459fc31-975c-11ee-ae9d-0242ae5c0002): сделаешь сумку края?
[14:38:25] ProCto_DS (d3139add-473e-468f-9582-8b46bb0e237c): да
[14:38:33] Stxywxthme (d459fc31-975c-11ee-ae9d-0242ae5c0002): и сундук
[14:38:52] ProCto_DS (d3139add-473e-468f-9582-8b46bb0e237c): сундук не смогу
[14:38:53] ProCto_DS (d3139add-473e-468f-9582-8b46bb0e237c): Ток сумку
[14:38:57] Stxywxthme (d459fc31-975c-11ee-ae9d-0242ae5c0002): ок
[14:40:50] ProCto_DS (d3139add-473e-468f-9582-8b46bb0e237c): на
[14:41:19] ProCto_DS (d3139add-473e-468f-9582-8b46bb0e237c): Подобрал?
[14:41:23] Stxywxthme (d459fc31-975c-11ee-ae9d-0242ae5c0002): не
[14:41:30] ProCto_DS (d3139add-473e-468f-9582-8b46bb0e237c): я ее уничтожил бляя
[14:42:03] ProCto_DS (d3139add-473e-468f-9582-8b46bb0e237c): Подобрал?
[14:42:18] ProCto_DS (d3139add-473e-468f-9582-8b46bb0e237c): нук
[14:42:25] Stxywxthme (d459fc31-975c-11ee-ae9d-0242ae5c0002): поставь
[14:42:31] Stxywxthme (d459fc31-975c-11ee-ae9d-0242ae5c0002): тюе
[14:42:34] Stxywxthme (d459fc31-975c-11ee-ae9d-0242ae5c0002): дай 1 алмаз
[14:42:49] Stxywxthme (d459fc31-975c-11ee-ae9d-0242ae5c0002): убей их
[14:43:31] ProCto_DS (d3139add-473e-468f-9582-8b46bb0e237c): тп
[14:43:53] Stxywxthme (d459fc31-975c-11ee-ae9d-0242ae5c0002): дай кейсы
[14:44:19] Stxywxthme (d459fc31-975c-11ee-ae9d-0242ae5c0002): все
[14:44:24] Stxywxthme (d459fc31-975c-11ee-ae9d-0242ae5c0002): хотя
[14:44:34] ProCto_DS (d3139add-473e-468f-9582-8b46bb0e237c): эм
[14:44:40] ProCto_DS (d3139add-473e-468f-9582-8b46bb0e237c): Это вроде твой сундук не?
[14:44:54] Stxywxthme (d459fc31-975c-11ee-ae9d-0242ae5c0002): +
[14:45:06] ProCto_DS (d3139add-473e-468f-9582-8b46bb0e237c): я вижу всё там)
[14:45:11] ProCto_DS (d3139add-473e-468f-9582-8b46bb0e237c): а во
[14:45:36] ProCto_DS (d3139add-473e-468f-9582-8b46bb0e237c): На
[14:45:40] ProCto_DS (d3139add-473e-468f-9582-8b46bb0e237c): Держи
[14:45:59] ProCto_DS (d3139add-473e-468f-9582-8b46bb0e237c): Ухх
[14:46:00] Stxywxthme (d459fc31-975c-11ee-ae9d-0242ae5c0002): все
[14:46:33] ProCto_DS (d3139add-473e-468f-9582-8b46bb0e237c): Эх мнею сток кейсов
[14:46:42] ProCto_DS (d3139add-473e-468f-9582-8b46bb0e237c): ?
[14:46:46] Stxywxthme (d459fc31-975c-11ee-ae9d-0242ae5c0002): ?
[14:46:53] Stxywxthme (d459fc31-975c-11ee-ae9d-0242ae5c0002): получишь
[14:46:56] ProCto_DS (d3139add-473e-468f-9582-8b46bb0e237c): как
[14:47:01] Stxywxthme (d459fc31-975c-11ee-ae9d-0242ae5c0002): квесты
[14:47:58] ProCto_DS (d3139add-473e-468f-9582-8b46bb0e237c): шо делать будешЬ?
[14:48:08] Stxywxthme (d459fc31-975c-11ee-ae9d-0242ae5c0002): ждать
[14:48:36] Stxywxthme (d459fc31-975c-11ee-ae9d-0242ae5c0002): доступа к рг нет
[14:48:40] ProCto_DS (d3139add-473e-468f-9582-8b46bb0e237c): знаю
[14:48:48] Stxywxthme (d459fc31-975c-11ee-ae9d-0242ae5c0002): к своему
[14:52:01] Stxywxthme (d459fc31-975c-11ee-ae9d-0242ae5c0002): ку
[14:52:17] Stxywxthme (d459fc31-975c-11ee-ae9d-0242ae5c0002): +
[15:20:28] iTakNorm (47fee11b-9d81-4352-a21e-a8f6c2296a30): норм так
[16:57:46] Stxywxthme (d459fc31-975c-11ee-ae9d-0242ae5c0002): ку
[16:57:49] Nergaloff (88da800e-1614-4c65-ace8-c18f7e99e914): q
[16:58:04] Stxywxthme (d459fc31-975c-11ee-ae9d-0242ae5c0002): )
[16:58:13] Stxywxthme (d459fc31-975c-11ee-ae9d-0242ae5c0002): эмм
[16:58:17] Nergaloff (88da800e-1614-4c65-ace8-c18f7e99e914): )
[16:58:18] Stxywxthme (d459fc31-975c-11ee-ae9d-0242ae5c0002): верстак
[16:58:24] Nergaloff (88da800e-1614-4c65-ace8-c18f7e99e914): ага
[16:58:32] Stxywxthme (d459fc31-975c-11ee-ae9d-0242ae5c0002): еше есть?
[16:58:35] Nergaloff (88da800e-1614-4c65-ace8-c18f7e99e914): нет
[16:58:40] Nergaloff (88da800e-1614-4c65-ace8-c18f7e99e914): нашел в сундуке в твайлайте
[16:58:45] Nergaloff (88da800e-1614-4c65-ace8-c18f7e99e914): в этих
[16:58:46] Nergaloff (88da800e-1614-4c65-ace8-c18f7e99e914): холмах
[16:58:49] Stxywxthme (d459fc31-975c-11ee-ae9d-0242ae5c0002): понятно
[17:15:30] [CAPS] Nergaloff (88da800e-1614-4c65-ace8-c18f7e99e914): aeternal тп
[17:16:01] Nergaloff (88da800e-1614-4c65-ace8-c18f7e99e914): а ты тут
[17:16:01] AETERNAL (6015b02d-f272-4154-8209-5e3b23bbc09c): что
[17:16:05] Nergaloff (88da800e-1614-4c65-ace8-c18f7e99e914): а что тут ебнуло
[17:16:11] AETERNAL (6015b02d-f272-4154-8209-5e3b23bbc09c): мой пердак
[17:16:15] Nergaloff (88da800e-1614-4c65-ace8-c18f7e99e914): приемлемо
[17:16:25] Nergaloff (88da800e-1614-4c65-ace8-c18f7e99e914): ладно не буду отвлекать
[17:24:07] Shick (1e509a89-d5e1-4571-bec0-bbd919826fe9): Ес
[17:24:20] Shick (1e509a89-d5e1-4571-bec0-bbd919826fe9): смог зайти
[17:24:29] Shick (1e509a89-d5e1-4571-bec0-bbd919826fe9): я ебал этот лаунчер раз 8 переустановил
[17:24:57] Shick (1e509a89-d5e1-4571-bec0-bbd919826fe9): Я кроксу написал говорю не могу зайти
[17:25:12] Shick (1e509a89-d5e1-4571-bec0-bbd919826fe9): он говорит у тебя какие то проблемы, типо с лаунчером все ок
[17:25:18] Shick (1e509a89-d5e1-4571-bec0-bbd919826fe9): Типо ебись с этим сам
[17:25:22] Shick (1e509a89-d5e1-4571-bec0-bbd919826fe9): мне не до тебя
[17:25:39] AETERNAL (6015b02d-f272-4154-8209-5e3b23bbc09c): о, как тебе распространы
[17:25:45] Nergaloff (88da800e-1614-4c65-ace8-c18f7e99e914): имба
[17:25:50] Nergaloff (88da800e-1614-4c65-ace8-c18f7e99e914): и искры
[17:25:54] Nergaloff (88da800e-1614-4c65-ace8-c18f7e99e914): по кайфу
[17:26:13] Shick (1e509a89-d5e1-4571-bec0-bbd919826fe9): Но в итоге смог зайти)
[17:29:32] Nergaloff (88da800e-1614-4c65-ace8-c18f7e99e914): можешь тут убрать кое-что
[17:29:49] AETERNAL (6015b02d-f272-4154-8209-5e3b23bbc09c): откуда ты его вообще раздобыл
[17:29:55] Nergaloff (88da800e-1614-4c65-ace8-c18f7e99e914): да этот влепил
[17:29:59] Nergaloff (88da800e-1614-4c65-ace8-c18f7e99e914): pryshio
[17:30:02] AETERNAL (6015b02d-f272-4154-8209-5e3b23bbc09c): xD
[17:30:09] Nergaloff (88da800e-1614-4c65-ace8-c18f7e99e914): оставлю на память
[17:30:24] AETERNAL (6015b02d-f272-4154-8209-5e3b23bbc09c): что скажешь насчёт текстур
[17:30:35] Nergaloff (88da800e-1614-4c65-ace8-c18f7e99e914): хорошие
[17:30:41] AETERNAL (6015b02d-f272-4154-8209-5e3b23bbc09c): пойдёт?
[17:30:45] Nergaloff (88da800e-1614-4c65-ace8-c18f7e99e914): хотя в какой-то момент очень матовые
[17:30:48] Nergaloff (88da800e-1614-4c65-ace8-c18f7e99e914): когда яркость макс
[17:30:51] Nergaloff (88da800e-1614-4c65-ace8-c18f7e99e914): но в целом прикольно
[17:30:57] Nergaloff (88da800e-1614-4c65-ace8-c18f7e99e914): вот щаэ
[17:31:13] Nergaloff (88da800e-1614-4c65-ace8-c18f7e99e914): а зачем они
[17:31:22] AETERNAL (6015b02d-f272-4154-8209-5e3b23bbc09c): это потом порталы будут
[17:31:26] Nergaloff (88da800e-1614-4c65-ace8-c18f7e99e914): уу
[17:31:28] Nergaloff (88da800e-1614-4c65-ace8-c18f7e99e914): серьезно
[17:31:34] AETERNAL (6015b02d-f272-4154-8209-5e3b23bbc09c): планирую
[17:31:55] Shick (1e509a89-d5e1-4571-bec0-bbd919826fe9): вот вот(
[17:33:06] AETERNAL (6015b02d-f272-4154-8209-5e3b23bbc09c): у тебя кажись пока что самая топовая база
[17:33:14] AETERNAL (6015b02d-f272-4154-8209-5e3b23bbc09c): кроме моей конечно :D
[17:33:20] Nergaloff (88da800e-1614-4c65-ace8-c18f7e99e914): ахах
[17:33:22] Nergaloff (88da800e-1614-4c65-ace8-c18f7e99e914): ну наверно
[17:33:27] Nergaloff (88da800e-1614-4c65-ace8-c18f7e99e914): донат бустанул сильно
[17:33:36] Nergaloff (88da800e-1614-4c65-ace8-c18f7e99e914): та и загрузчик
[18:34:40] LucKefir (4e9a468e-dcee-4495-981b-16afc62515ef): У вас сервер в китае что-ли стоит?
[18:35:12] LucKefir (4e9a468e-dcee-4495-981b-16afc62515ef): Да
[18:35:31] LucKefir (4e9a468e-dcee-4495-981b-16afc62515ef): Москва
[18:36:43] Shick (1e509a89-d5e1-4571-bec0-bbd919826fe9): я от москвы живу в 600 км у меня 10 пинг
[18:37:45] Shick (1e509a89-d5e1-4571-bec0-bbd919826fe9): я и он
[18:38:03] Shick (1e509a89-d5e1-4571-bec0-bbd919826fe9): нет
[18:38:06] Shick (1e509a89-d5e1-4571-bec0-bbd919826fe9): 10 стабильно
[18:38:57] LucKefir (4e9a468e-dcee-4495-981b-16afc62515ef): Везде всё хорошо у вас жопа какая-то
[18:41:06] LucKefir (4e9a468e-dcee-4495-981b-16afc62515ef): Я бы понял, если он стабильно держался, но он прыгает как горячие пирожки сейчас 100, через минуту 1000
[18:42:12] Shick (1e509a89-d5e1-4571-bec0-bbd919826fe9): у меня в табе 1 и командой 11
[18:42:24] Shick (1e509a89-d5e1-4571-bec0-bbd919826fe9): 11*
[18:43:00] Shick (1e509a89-d5e1-4571-bec0-bbd919826fe9): Yes
[18:43:11] Shick (1e509a89-d5e1-4571-bec0-bbd919826fe9): От питера 250 км
[18:43:35] Shick (1e509a89-d5e1-4571-bec0-bbd919826fe9): 100мб в секунду у меня
[18:46:07] LucKefir (4e9a468e-dcee-4495-981b-16afc62515ef): Аптечка. Окружность большого круга 40 075,017 км (по экватору) 40 007,863 км (по меридиану).
[18:46:15] [CAPS] Shick (1e509a89-d5e1-4571-bec0-bbd919826fe9): xdddddd
[18:47:00] Shick (1e509a89-d5e1-4571-bec0-bbd919826fe9): Вот он такой вот XDD
[18:47:11] Shick (1e509a89-d5e1-4571-bec0-bbd919826fe9): Любит доебаться
[18:47:25] Shick (1e509a89-d5e1-4571-bec0-bbd919826fe9): что то как то душно
[18:47:29] Shick (1e509a89-d5e1-4571-bec0-bbd919826fe9): пойду окно открою
[18:47:55] Shick (1e509a89-d5e1-4571-bec0-bbd919826fe9): А где хост находиться?
[18:48:46] Shick (1e509a89-d5e1-4571-bec0-bbd919826fe9): если хост в нидерладнах мне до туда 2236км
[18:48:53] Shick (1e509a89-d5e1-4571-bec0-bbd919826fe9): а у люцкефира 700км
[18:51:29] Shick (1e509a89-d5e1-4571-bec0-bbd919826fe9): люц?
[18:51:36] Shick (1e509a89-d5e1-4571-bec0-bbd919826fe9): +
[18:51:41] Shick (1e509a89-d5e1-4571-bec0-bbd919826fe9): Сегодня позвал его
[18:51:55] Shick (1e509a89-d5e1-4571-bec0-bbd919826fe9): ал модс например?
[18:52:03] Shick (1e509a89-d5e1-4571-bec0-bbd919826fe9): Нет
[18:52:36] LucKefir (4e9a468e-dcee-4495-981b-16afc62515ef): Мне до нидерланд 37 987 км
[18:53:29] Shick (1e509a89-d5e1-4571-bec0-bbd919826fe9): xD
[18:53:56] Shick (1e509a89-d5e1-4571-bec0-bbd919826fe9): Аптечка купи хост в рашке
[18:53:57] LucKefir (4e9a468e-dcee-4495-981b-16afc62515ef): На высоте 35 786 км над экватором Земли расположена орбита
[18:55:04] LucKefir (4e9a468e-dcee-4495-981b-16afc62515ef): имеющая для нас незаменимую практическую ценность, – геостационарная.
[18:55:23] Shick (1e509a89-d5e1-4571-bec0-bbd919826fe9): xDD
[18:58:57] LucKefir (4e9a468e-dcee-4495-981b-16afc62515ef): ....
[19:06:41] LucKefir (4e9a468e-dcee-4495-981b-16afc62515ef): xx
[19:09:16] LucKefir (4e9a468e-dcee-4495-981b-16afc62515ef): ......
[19:39:35] Nindly (eb4d01d7-785b-433a-88b6-26b920632b5b): В рг доступа нету
[19:39:39] Nindly (eb4d01d7-785b-433a-88b6-26b920632b5b): И дома слетели
[19:42:40] AETERNAL (6015b02d-f272-4154-8209-5e3b23bbc09c): хай
[19:42:46] AETERNAL (6015b02d-f272-4154-8209-5e3b23bbc09c): помнишь название привата?
[19:43:07] Nindly (eb4d01d7-785b-433a-88b6-26b920632b5b): хм
[19:43:21] Nindly (eb4d01d7-785b-433a-88b6-26b920632b5b): dod1, dod2 и т.д
[19:43:25] Nindly (eb4d01d7-785b-433a-88b6-26b920632b5b): их там около 12
[19:43:47] Nindly (eb4d01d7-785b-433a-88b6-26b920632b5b): да
[19:44:02] AETERNAL (6015b02d-f272-4154-8209-5e3b23bbc09c): я могу снести их
[19:44:08] AETERNAL (6015b02d-f272-4154-8209-5e3b23bbc09c): и ты переприватишь
[19:44:13] Nindly (eb4d01d7-785b-433a-88b6-26b920632b5b): добро
[19:44:40] AETERNAL (6015b02d-f272-4154-8209-5e3b23bbc09c): всё
[19:44:42] AETERNAL (6015b02d-f272-4154-8209-5e3b23bbc09c): ставь новые
[19:44:50] Nindly (eb4d01d7-785b-433a-88b6-26b920632b5b): спасибо юольшое
[19:44:53] Nindly (eb4d01d7-785b-433a-88b6-26b920632b5b): большое*
[19:45:02] AETERNAL (6015b02d-f272-4154-8209-5e3b23bbc09c): та незачто
[19:45:18] AETERNAL (6015b02d-f272-4154-8209-5e3b23bbc09c): извиняюсь за неудобства
[19:45:33] Nindly (eb4d01d7-785b-433a-88b6-26b920632b5b): всё в порядке
[19:47:38] AETERNAL (6015b02d-f272-4154-8209-5e3b23bbc09c): у тебя 2 хома было
[19:47:40] AETERNAL (6015b02d-f272-4154-8209-5e3b23bbc09c): так ведь
[19:47:47] Nindly (eb4d01d7-785b-433a-88b6-26b920632b5b): да
[19:47:52] AETERNAL (6015b02d-f272-4154-8209-5e3b23bbc09c): они тут стояли?
[19:48:10] Nindly (eb4d01d7-785b-433a-88b6-26b920632b5b): один да, но мне второй не нужен, так что в этом проблем нету
[19:48:23] AETERNAL (6015b02d-f272-4154-8209-5e3b23bbc09c): окей
[19:48:26] AETERNAL (6015b02d-f272-4154-8209-5e3b23bbc09c): хорошо
[22:17:26] Shick (1e509a89-d5e1-4571-bec0-bbd919826fe9): Где добыть prometheum?
[22:24:11] Shick (1e509a89-d5e1-4571-bec0-bbd919826fe9): Чем добыть
[22:24:15] Shick (1e509a89-d5e1-4571-bec0-bbd919826fe9): Я нашел
[22:24:22] Shick (1e509a89-d5e1-4571-bec0-bbd919826fe9): кобальт кирка
[22:24:26] Shick (1e509a89-d5e1-4571-bec0-bbd919826fe9): Не может добыть
[22:24:47] Shick (1e509a89-d5e1-4571-bec0-bbd919826fe9): Какую кирку надо?
[23:34:22] Nindly (eb4d01d7-785b-433a-88b6-26b920632b5b): Испорченый хорус не работает, или это у меня приколы ?
[23:34:47] AETERNAL (6015b02d-f272-4154-8209-5e3b23bbc09c): скорее у тебя
[23:35:02] AETERNAL (6015b02d-f272-4154-8209-5e3b23bbc09c): я через ввесь мир упал
[23:35:05] Nindly (eb4d01d7-785b-433a-88b6-26b920632b5b): +
[23:43:12] Nindly (eb4d01d7-785b-433a-88b6-26b920632b5b): Кто может дать подержать трофей рыцаря
[23:43:16] Nindly (eb4d01d7-785b-433a-88b6-26b920632b5b): Из твайлайта
[23:43:29] Nindly (eb4d01d7-785b-433a-88b6-26b920632b5b): Я уже пол часа не могу его найти
[23:43:31] Shick (1e509a89-d5e1-4571-bec0-bbd919826fe9): Cам не проходил его
[23:46:08] Nindly (eb4d01d7-785b-433a-88b6-26b920632b5b): Да как его найти, это какой-то..
