[07:24:55] galaxy3231 (d4f7a5f3-2cd4-40bf-b49f-e6b7300e0ce3): q
[07:25:21] Stxywxthme (6ce0cde9-8c92-4c66-96ad-6bffb9dfc01b): ку
[10:28:00] galaxy3231 (d4f7a5f3-2cd4-40bf-b49f-e6b7300e0ce3): q
[10:28:26] Nergaloff (88da800e-1614-4c65-ace8-c18f7e99e914): q
[10:37:46] Nergaloff (88da800e-1614-4c65-ace8-c18f7e99e914): ты не против если я ночь сделаю?
[10:37:58] galaxy3231 (d4f7a5f3-2cd4-40bf-b49f-e6b7300e0ce3): да похуй как то
[10:38:22] galaxy3231 (d4f7a5f3-2cd4-40bf-b49f-e6b7300e0ce3): всё равно делаю мэ накопитель
[10:41:26] galaxy3231 (d4f7a5f3-2cd4-40bf-b49f-e6b7300e0ce3): ебаный улучшенный завод сплавов
[10:41:31] galaxy3231 (d4f7a5f3-2cd4-40bf-b49f-e6b7300e0ce3): хули так дорого делается
[10:41:51] Nergaloff (88da800e-1614-4c65-ace8-c18f7e99e914): зачем вообще улучшенные нужны
[10:41:54] Nergaloff (88da800e-1614-4c65-ace8-c18f7e99e914): никогда ими не пользовался
[10:42:01] galaxy3231 (d4f7a5f3-2cd4-40bf-b49f-e6b7300e0ce3): я хуй знаю
[10:42:12] galaxy3231 (d4f7a5f3-2cd4-40bf-b49f-e6b7300e0ce3): зато эти слитки нужные заебали
[10:42:26] galaxy3231 (d4f7a5f3-2cd4-40bf-b49f-e6b7300e0ce3): нахуя блять в мэ накопитель пластик кидать
[10:43:04] Nergaloff (88da800e-1614-4c65-ace8-c18f7e99e914): хех
[10:43:15] galaxy3231 (d4f7a5f3-2cd4-40bf-b49f-e6b7300e0ce3): еще и нефть переробатывать надо
[10:43:21] galaxy3231 (d4f7a5f3-2cd4-40bf-b49f-e6b7300e0ce3): а это еще дохуя ресов(
[10:43:25] galaxy3231 (d4f7a5f3-2cd4-40bf-b49f-e6b7300e0ce3): почему так дорого
[10:43:34] Nergaloff (88da800e-1614-4c65-ace8-c18f7e99e914): ну я это ещё в начале делать начал, поэтому не парюсь щас
[10:43:36] galaxy3231 (d4f7a5f3-2cd4-40bf-b49f-e6b7300e0ce3): альке слитки
[10:43:43] galaxy3231 (d4f7a5f3-2cd4-40bf-b49f-e6b7300e0ce3): чего блять
[10:43:46] galaxy3231 (d4f7a5f3-2cd4-40bf-b49f-e6b7300e0ce3): нахуя и захуя
[10:44:02] Nergaloff (88da800e-1614-4c65-ace8-c18f7e99e914): тут после мидгейма все дорого
[10:44:08] galaxy3231 (d4f7a5f3-2cd4-40bf-b49f-e6b7300e0ce3): да(
[10:44:31] Nergaloff (88da800e-1614-4c65-ace8-c18f7e99e914): и нужно всё автокрафтить, чтоб проще было
[10:44:35] galaxy3231 (d4f7a5f3-2cd4-40bf-b49f-e6b7300e0ce3): и не хочу
[10:45:29] galaxy3231 (d4f7a5f3-2cd4-40bf-b49f-e6b7300e0ce3): ну хотяб терминал легко делается
[10:46:57] Nergaloff (88da800e-1614-4c65-ace8-c18f7e99e914): блять ну созвездия я ещё не роллил
[10:47:04] Nergaloff (88da800e-1614-4c65-ace8-c18f7e99e914): Люблю крафты в астрале
[15:42:45] gluck97 (6e22b281-f6f7-4195-adf6-e456b6680156): z reif.
[15:42:48] gluck97 (6e22b281-f6f7-4195-adf6-e456b6680156): я кушаю
[15:43:13] FetykArt (acd6896e-f945-4c63-802a-ca96eaeeb2f0): не пей его очень часто
[15:43:19] FetykArt (acd6896e-f945-4c63-802a-ca96eaeeb2f0): он вроде на 6 раз в день
[17:02:39] galaxy3231 (d4f7a5f3-2cd4-40bf-b49f-e6b7300e0ce3): Nergaloff подариш мэ накопитель или же пластика 4 шт из инды?
[17:03:02] Nergaloff (88da800e-1614-4c65-ace8-c18f7e99e914): пластик есть, тп
[17:03:19] galaxy3231 (d4f7a5f3-2cd4-40bf-b49f-e6b7300e0ce3): ебать спс нахуй
[17:03:24] galaxy3231 (d4f7a5f3-2cd4-40bf-b49f-e6b7300e0ce3): я заебался бы его делать
[17:03:26] Nergaloff (88da800e-1614-4c65-ace8-c18f7e99e914): нз
[17:03:27] Nergaloff (88da800e-1614-4c65-ace8-c18f7e99e914): )
[17:03:38] galaxy3231 (d4f7a5f3-2cd4-40bf-b49f-e6b7300e0ce3): sps еще раз
[17:03:44] galaxy3231 (d4f7a5f3-2cd4-40bf-b49f-e6b7300e0ce3): а то уже начил делать по немногу
[17:03:47] galaxy3231 (d4f7a5f3-2cd4-40bf-b49f-e6b7300e0ce3): и охуел
[17:04:07] galaxy3231 (d4f7a5f3-2cd4-40bf-b49f-e6b7300e0ce3): кста а как загрузчик чанков
[17:04:10] galaxy3231 (d4f7a5f3-2cd4-40bf-b49f-e6b7300e0ce3): сделать
[17:04:12] galaxy3231 (d4f7a5f3-2cd4-40bf-b49f-e6b7300e0ce3): или кит/
[17:04:13] galaxy3231 (d4f7a5f3-2cd4-40bf-b49f-e6b7300e0ce3): ?
[17:04:16] Nergaloff (88da800e-1614-4c65-ace8-c18f7e99e914): купить
[17:04:25] Nergaloff (88da800e-1614-4c65-ace8-c18f7e99e914): вроде маленький можно
[17:04:28] Nergaloff (88da800e-1614-4c65-ace8-c18f7e99e914): но тяжело
[17:04:40] galaxy3231 (d4f7a5f3-2cd4-40bf-b49f-e6b7300e0ce3): ебать
[17:04:43] galaxy3231 (d4f7a5f3-2cd4-40bf-b49f-e6b7300e0ce3): он делается маленький
[17:05:25] galaxy3231 (d4f7a5f3-2cd4-40bf-b49f-e6b7300e0ce3): а можно 1 природ эссенцию)
[17:05:49] galaxy3231 (d4f7a5f3-2cd4-40bf-b49f-e6b7300e0ce3): ебать
[17:05:50] galaxy3231 (d4f7a5f3-2cd4-40bf-b49f-e6b7300e0ce3): спс
[17:05:52] Nergaloff (88da800e-1614-4c65-ace8-c18f7e99e914): нез
[17:06:00] galaxy3231 (d4f7a5f3-2cd4-40bf-b49f-e6b7300e0ce3): ну я пошёл дальше делать мэ тогда
[17:06:02] Nergaloff (88da800e-1614-4c65-ace8-c18f7e99e914): удачи
[17:06:10] galaxy3231 (d4f7a5f3-2cd4-40bf-b49f-e6b7300e0ce3): удачи там тебе с куриц)
[17:06:14] Nergaloff (88da800e-1614-4c65-ace8-c18f7e99e914): )
[18:41:13] XBOST (ed244ead-df9a-464f-a48f-28478c7d8db3): че за взрывы
[18:41:15] galaxy3231 (d4f7a5f3-2cd4-40bf-b49f-e6b7300e0ce3): q
[18:41:19] XBOST (ed244ead-df9a-464f-a48f-28478c7d8db3): q
[18:41:20] galaxy3231 (d4f7a5f3-2cd4-40bf-b49f-e6b7300e0ce3): какие?
[18:41:26] XBOST (ed244ead-df9a-464f-a48f-28478c7d8db3): на спавне
[18:41:32] galaxy3231 (d4f7a5f3-2cd4-40bf-b49f-e6b7300e0ce3): хз давно там не был
[18:41:36] XBOST (ed244ead-df9a-464f-a48f-28478c7d8db3): гром какой то
[18:41:49] galaxy3231 (d4f7a5f3-2cd4-40bf-b49f-e6b7300e0ce3): молни для маны стоят
[18:41:53] XBOST (ed244ead-df9a-464f-a48f-28478c7d8db3): пон
[18:42:21] galaxy3231 (d4f7a5f3-2cd4-40bf-b49f-e6b7300e0ce3): da но хз чья
[18:44:37] XBOST (ed244ead-df9a-464f-a48f-28478c7d8db3): как квесты открыть?
[18:44:41] galaxy3231 (d4f7a5f3-2cd4-40bf-b49f-e6b7300e0ce3): ё
[18:44:52] galaxy3231 (d4f7a5f3-2cd4-40bf-b49f-e6b7300e0ce3): если нет то в управлении поставь
[18:46:27] galaxy3231 (d4f7a5f3-2cd4-40bf-b49f-e6b7300e0ce3): да
[18:46:48] galaxy3231 (d4f7a5f3-2cd4-40bf-b49f-e6b7300e0ce3): +
[18:46:53] galaxy3231 (d4f7a5f3-2cd4-40bf-b49f-e6b7300e0ce3): хуита ебаная
[18:48:53] galaxy3231 (d4f7a5f3-2cd4-40bf-b49f-e6b7300e0ce3): да)
[18:48:56] galaxy3231 (d4f7a5f3-2cd4-40bf-b49f-e6b7300e0ce3): спустя 3d
[18:49:12] galaxy3231 (d4f7a5f3-2cd4-40bf-b49f-e6b7300e0ce3): было бы 4-5d
[18:49:28] XBOST (ed244ead-df9a-464f-a48f-28478c7d8db3): я ртп
[18:49:32] galaxy3231 (d4f7a5f3-2cd4-40bf-b49f-e6b7300e0ce3): если бы Nergaloff не дал 4 пластика из инды
[18:49:58] galaxy3231 (d4f7a5f3-2cd4-40bf-b49f-e6b7300e0ce3): какой кит?
[18:50:30] galaxy3231 (d4f7a5f3-2cd4-40bf-b49f-e6b7300e0ce3): ладно
[18:51:24] galaxy3231 (d4f7a5f3-2cd4-40bf-b49f-e6b7300e0ce3): наконец блять
[18:51:26] galaxy3231 (d4f7a5f3-2cd4-40bf-b49f-e6b7300e0ce3): ебаная мэ
[18:51:32] XBOST (ed244ead-df9a-464f-a48f-28478c7d8db3): меня заебали эти иследованния
[18:51:34] galaxy3231 (d4f7a5f3-2cd4-40bf-b49f-e6b7300e0ce3): заебался её делать
[18:51:39] galaxy3231 (d4f7a5f3-2cd4-40bf-b49f-e6b7300e0ce3): теперь крафтить кайф)
[18:51:41] LaNipge (347d9fd5-d990-49a9-9903-2d39a3b73974): как квесты открыть
[18:51:47] LaNipge (347d9fd5-d990-49a9-9903-2d39a3b73974): как квесты открыть
[18:51:53] XBOST (ed244ead-df9a-464f-a48f-28478c7d8db3): на Ё
[18:52:00] LaNipge (347d9fd5-d990-49a9-9903-2d39a3b73974): нет
[18:52:04] XBOST (ed244ead-df9a-464f-a48f-28478c7d8db3): забинди
[18:52:49] XBOST (ed244ead-df9a-464f-a48f-28478c7d8db3): oreexcavate есть
[18:52:53] XBOST (ed244ead-df9a-464f-a48f-28478c7d8db3): имба
[18:53:35] XBOST (ed244ead-df9a-464f-a48f-28478c7d8db3): мы в команде?
[18:53:50] LaNipge (347d9fd5-d990-49a9-9903-2d39a3b73974): вроде
[18:54:10] LaNipge (347d9fd5-d990-49a9-9903-2d39a3b73974): привать
[18:54:17] XBOST (ed244ead-df9a-464f-a48f-28478c7d8db3): 3 на 3?
[18:54:22] LaNipge (347d9fd5-d990-49a9-9903-2d39a3b73974): да
[18:55:04] XBOST (ed244ead-df9a-464f-a48f-28478c7d8db3): напомни команжы
[18:55:08] XBOST (ed244ead-df9a-464f-a48f-28478c7d8db3): экспанд
[18:55:12] LaNipge (347d9fd5-d990-49a9-9903-2d39a3b73974): wand expand
[18:55:16] LaNipge (347d9fd5-d990-49a9-9903-2d39a3b73974): rg claim
[18:55:19] LaNipge (347d9fd5-d990-49a9-9903-2d39a3b73974): чё еще
[18:56:17] XBOST (ed244ead-df9a-464f-a48f-28478c7d8db3): я не понимаю
[18:56:21] XBOST (ed244ead-df9a-464f-a48f-28478c7d8db3): запривать ты
[18:56:30] LaNipge (347d9fd5-d990-49a9-9903-2d39a3b73974): в пустыне прям?
[18:59:00] XBOST (ed244ead-df9a-464f-a48f-28478c7d8db3): да привать уже
[18:59:25] XBOST (ed244ead-df9a-464f-a48f-28478c7d8db3): хи хи
[18:59:28] LaNipge (347d9fd5-d990-49a9-9903-2d39a3b73974): 1 чанк
[18:59:31] LaNipge (347d9fd5-d990-49a9-9903-2d39a3b73974): держу в курсе
[18:59:36] XBOST (ed244ead-df9a-464f-a48f-28478c7d8db3): пох один давай
[18:59:59] XBOST (ed244ead-df9a-464f-a48f-28478c7d8db3): там увелечение есть
[19:00:42] XBOST (ed244ead-df9a-464f-a48f-28478c7d8db3): делаю печь из тинкера для молотов
[19:00:43] LaNipge (347d9fd5-d990-49a9-9903-2d39a3b73974): гравий бы
[19:01:01] XBOST (ed244ead-df9a-464f-a48f-28478c7d8db3): смотри
[19:01:52] LaNipge (347d9fd5-d990-49a9-9903-2d39a3b73974): сетхоме
[19:01:57] XBOST (ed244ead-df9a-464f-a48f-28478c7d8db3): уже
[19:03:07] XBOST (ed244ead-df9a-464f-a48f-28478c7d8db3): ебать
[19:03:13] XBOST (ed244ead-df9a-464f-a48f-28478c7d8db3): на меня нападают
[19:03:38] LaNipge (347d9fd5-d990-49a9-9903-2d39a3b73974): [ykg
[19:05:07] XBOST (ed244ead-df9a-464f-a48f-28478c7d8db3): он быкует чет
[19:05:45] LaNipge (347d9fd5-d990-49a9-9903-2d39a3b73974): 42 kdk
[19:05:47] LaNipge (347d9fd5-d990-49a9-9903-2d39a3b73974): 42 лвл
[19:05:51] XBOST (ed244ead-df9a-464f-a48f-28478c7d8db3): у меня тож
[19:06:41] LaNipge (347d9fd5-d990-49a9-9903-2d39a3b73974): печь мб
[19:06:43] XBOST (ed244ead-df9a-464f-a48f-28478c7d8db3): уголь нужен
[19:08:42] XBOST (ed244ead-df9a-464f-a48f-28478c7d8db3): у него шипы какиет
[19:09:00] XBOST (ed244ead-df9a-464f-a48f-28478c7d8db3): че там
[19:09:12] LaNipge (347d9fd5-d990-49a9-9903-2d39a3b73974): pizda
[19:09:15] XBOST (ed244ead-df9a-464f-a48f-28478c7d8db3): пол хп
[19:09:32] XBOST (ed244ead-df9a-464f-a48f-28478c7d8db3): у тебя 600 пинг держу в курсе
[19:09:44] LaNipge (347d9fd5-d990-49a9-9903-2d39a3b73974): я в ахуе
[19:09:52] LaNipge (347d9fd5-d990-49a9-9903-2d39a3b73974): ща приду
[19:19:41] LaNipge (347d9fd5-d990-49a9-9903-2d39a3b73974): гравий есть?
[19:20:22] XBOST (ed244ead-df9a-464f-a48f-28478c7d8db3): это моя кирка?
[19:20:28] LaNipge (347d9fd5-d990-49a9-9903-2d39a3b73974): +
[19:22:39] LaNipge (347d9fd5-d990-49a9-9903-2d39a3b73974): 2500 ping
[19:22:44] XBOST (ed244ead-df9a-464f-a48f-28478c7d8db3): лагает?
[19:22:52] LaNipge (347d9fd5-d990-49a9-9903-2d39a3b73974): pizda kak
[19:22:56] XBOST (ed244ead-df9a-464f-a48f-28478c7d8db3): дай булыгу
[19:23:16] LaNipge (347d9fd5-d990-49a9-9903-2d39a3b73974): надо железа добыть для лавы
[19:23:28] LaNipge (347d9fd5-d990-49a9-9903-2d39a3b73974): у тебя моолния бьет?
[19:23:33] XBOST (ed244ead-df9a-464f-a48f-28478c7d8db3): да
[19:23:35] XBOST (ed244ead-df9a-464f-a48f-28478c7d8db3): это ферма
[19:23:40] XBOST (ed244ead-df9a-464f-a48f-28478c7d8db3): погоду выключи
[19:23:59] XBOST (ed244ead-df9a-464f-a48f-28478c7d8db3): у меня есть железо
[19:24:12] XBOST (ed244ead-df9a-464f-a48f-28478c7d8db3): ебать
[19:24:27] LaNipge (347d9fd5-d990-49a9-9903-2d39a3b73974): как
[19:24:36] galaxy3231 (d4f7a5f3-2cd4-40bf-b49f-e6b7300e0ce3): кит прописал?
[19:24:41] XBOST (ed244ead-df9a-464f-a48f-28478c7d8db3): да
[19:24:46] galaxy3231 (d4f7a5f3-2cd4-40bf-b49f-e6b7300e0ce3): он лютий
[19:24:46] XBOST (ed244ead-df9a-464f-a48f-28478c7d8db3): убить хочешь?)
[19:24:51] galaxy3231 (d4f7a5f3-2cd4-40bf-b49f-e6b7300e0ce3): да он мне нах
[19:24:55] galaxy3231 (d4f7a5f3-2cd4-40bf-b49f-e6b7300e0ce3): 3 таких кита есть
[19:25:22] XBOST (ed244ead-df9a-464f-a48f-28478c7d8db3): 17 ehjy
[19:25:33] XBOST (ed244ead-df9a-464f-a48f-28478c7d8db3): урон
[19:25:38] LaNipge (347d9fd5-d990-49a9-9903-2d39a3b73974): men9 to4no prokl9li
[19:25:44] LaNipge (347d9fd5-d990-49a9-9903-2d39a3b73974): я хуй знает
[19:25:45] XBOST (ed244ead-df9a-464f-a48f-28478c7d8db3): я даже и не знаю выкинуть или нет
[19:25:52] LaNipge (347d9fd5-d990-49a9-9903-2d39a3b73974): а че там
[19:26:09] XBOST (ed244ead-df9a-464f-a48f-28478c7d8db3): вк чек
[19:26:52] LaNipge (347d9fd5-d990-49a9-9903-2d39a3b73974): а че ты сделал
[19:26:58] XBOST (ed244ead-df9a-464f-a48f-28478c7d8db3): кит newyear
[19:27:20] LaNipge (347d9fd5-d990-49a9-9903-2d39a3b73974): только меч
[19:27:40] XBOST (ed244ead-df9a-464f-a48f-28478c7d8db3): у тебя какая то хуйня на голове
[19:27:59] XBOST (ed244ead-df9a-464f-a48f-28478c7d8db3): че с китом делаем
[19:28:13] XBOST (ed244ead-df9a-464f-a48f-28478c7d8db3): как будто бы абуз жесткий
[19:28:16] XBOST (ed244ead-df9a-464f-a48f-28478c7d8db3): вроде бы хочется
[19:28:17] LaNipge (347d9fd5-d990-49a9-9903-2d39a3b73974): оставь до лучших времен
[19:28:27] XBOST (ed244ead-df9a-464f-a48f-28478c7d8db3): а вроде бы и не интересно будет
[19:28:41] LaNipge (347d9fd5-d990-49a9-9903-2d39a3b73974): ты рецепты видел
[19:28:45] LaNipge (347d9fd5-d990-49a9-9903-2d39a3b73974): ?
[19:28:49] LaNipge (347d9fd5-d990-49a9-9903-2d39a3b73974): это так лайтово
[19:28:57] LaNipge (347d9fd5-d990-49a9-9903-2d39a3b73974): так что похуй
[19:29:05] LaNipge (347d9fd5-d990-49a9-9903-2d39a3b73974): будет как будто вернули с того сервера
[19:29:17] XBOST (ed244ead-df9a-464f-a48f-28478c7d8db3): ок
[19:30:09] LaNipge (347d9fd5-d990-49a9-9903-2d39a3b73974): а де
[19:30:31] XBOST (ed244ead-df9a-464f-a48f-28478c7d8db3): ну ты тупой
[19:30:42] XBOST (ed244ead-df9a-464f-a48f-28478c7d8db3): не юзай его тупое создание
[19:31:17] LaNipge (347d9fd5-d990-49a9-9903-2d39a3b73974): кирку да
[19:31:18] LaNipge (347d9fd5-d990-49a9-9903-2d39a3b73974): й
[19:39:11] galaxy3231 (d4f7a5f3-2cd4-40bf-b49f-e6b7300e0ce3): Nergaloff
[19:39:16] Nergaloff (88da800e-1614-4c65-ace8-c18f7e99e914): а
[19:39:22] galaxy3231 (d4f7a5f3-2cd4-40bf-b49f-e6b7300e0ce3): сделай ночь плис
[19:39:28] galaxy3231 (d4f7a5f3-2cd4-40bf-b49f-e6b7300e0ce3): созвездия надо изучить
[19:39:31] galaxy3231 (d4f7a5f3-2cd4-40bf-b49f-e6b7300e0ce3): для карьера
[19:39:49] galaxy3231 (d4f7a5f3-2cd4-40bf-b49f-e6b7300e0ce3): sps
[19:40:28] LaNipge (347d9fd5-d990-49a9-9903-2d39a3b73974): там огромная шахта
[19:40:34] LaNipge (347d9fd5-d990-49a9-9903-2d39a3b73974): кирки нужны
[19:41:58] XBOST (ed244ead-df9a-464f-a48f-28478c7d8db3): лаву находил?
[19:42:05] LaNipge (347d9fd5-d990-49a9-9903-2d39a3b73974): я чуть не сдох там
[19:42:08] LaNipge (347d9fd5-d990-49a9-9903-2d39a3b73974): щас науйду
[19:42:13] XBOST (ed244ead-df9a-464f-a48f-28478c7d8db3): на
[19:44:32] XBOST (ed244ead-df9a-464f-a48f-28478c7d8db3): тут есть динамическое освещение?
[19:44:51] Nergaloff (88da800e-1614-4c65-ace8-c18f7e99e914): настройки графики - свет предметов
[19:44:59] XBOST (ed244ead-df9a-464f-a48f-28478c7d8db3): sps
[19:47:17] LaNipge (347d9fd5-d990-49a9-9903-2d39a3b73974): иди сюда
[19:47:25] LaNipge (347d9fd5-d990-49a9-9903-2d39a3b73974): данж
[19:48:59] galaxy3231 (d4f7a5f3-2cd4-40bf-b49f-e6b7300e0ce3): лютий
[19:50:50] galaxy3231 (d4f7a5f3-2cd4-40bf-b49f-e6b7300e0ce3): ап
[19:57:29] galaxy3231 (d4f7a5f3-2cd4-40bf-b49f-e6b7300e0ce3): пиздец всё
[19:57:44] galaxy3231 (d4f7a5f3-2cd4-40bf-b49f-e6b7300e0ce3): проебал 1 железо
[19:57:46] galaxy3231 (d4f7a5f3-2cd4-40bf-b49f-e6b7300e0ce3): ебаный рот
[19:59:54] galaxy3231 (d4f7a5f3-2cd4-40bf-b49f-e6b7300e0ce3): омагад
[19:59:55] galaxy3231 (d4f7a5f3-2cd4-40bf-b49f-e6b7300e0ce3): везея
[20:01:54] Nergaloff (88da800e-1614-4c65-ace8-c18f7e99e914): бля везея инвентарь съела что ли
[20:02:00] galaxy3231 (d4f7a5f3-2cd4-40bf-b49f-e6b7300e0ce3): Это да
[20:02:05] Nergaloff (88da800e-1614-4c65-ace8-c18f7e99e914): о блин
[20:02:21] galaxy3231 (d4f7a5f3-2cd4-40bf-b49f-e6b7300e0ce3): из за этого надо в инвентарь суслика кидать ресы
[20:02:32] galaxy3231 (d4f7a5f3-2cd4-40bf-b49f-e6b7300e0ce3): торт который расширяет инв
[20:02:35] Nergaloff (88da800e-1614-4c65-ace8-c18f7e99e914): ааа
[20:02:37] Nergaloff (88da800e-1614-4c65-ace8-c18f7e99e914): хехехе
[20:02:39] galaxy3231 (d4f7a5f3-2cd4-40bf-b49f-e6b7300e0ce3): вроде он может пронести ресы
[20:02:44] galaxy3231 (d4f7a5f3-2cd4-40bf-b49f-e6b7300e0ce3): как я помню
[20:03:19] galaxy3231 (d4f7a5f3-2cd4-40bf-b49f-e6b7300e0ce3): Nergaloff астрал знаешь?
[20:03:27] galaxy3231 (d4f7a5f3-2cd4-40bf-b49f-e6b7300e0ce3): как добавить еще 1 слот для верст
[20:03:49] Nergaloff (88da800e-1614-4c65-ace8-c18f7e99e914): для какого верстака
[20:03:58] galaxy3231 (d4f7a5f3-2cd4-40bf-b49f-e6b7300e0ce3): послед перелив
[20:04:02] galaxy3231 (d4f7a5f3-2cd4-40bf-b49f-e6b7300e0ce3): чатого
[20:04:25] Nergaloff (88da800e-1614-4c65-ace8-c18f7e99e914): нужно реле настройки вокруг него ставить
[20:04:30] galaxy3231 (d4f7a5f3-2cd4-40bf-b49f-e6b7300e0ce3): аа
[20:04:32] Nergaloff (88da800e-1614-4c65-ace8-c18f7e99e914): он с них предметы ест
[20:04:38] Nergaloff (88da800e-1614-4c65-ace8-c18f7e99e914): так стоп а как вещи вернуть
[20:04:56] galaxy3231 (d4f7a5f3-2cd4-40bf-b49f-e6b7300e0ce3): выйти в портал
[20:05:05] galaxy3231 (d4f7a5f3-2cd4-40bf-b49f-e6b7300e0ce3): он вроде спавнится после того как зашёл
[20:05:11] galaxy3231 (d4f7a5f3-2cd4-40bf-b49f-e6b7300e0ce3): если нету то везею фулл проходить
[20:05:17] galaxy3231 (d4f7a5f3-2cd4-40bf-b49f-e6b7300e0ce3): вроде как
[20:05:33] Nergaloff (88da800e-1614-4c65-ace8-c18f7e99e914): ебать, я домой тепнулся и походу похерил из-за этого механику возврата
[20:05:38] Nergaloff (88da800e-1614-4c65-ace8-c18f7e99e914): и вещи не вернулись
[20:05:44] galaxy3231 (d4f7a5f3-2cd4-40bf-b49f-e6b7300e0ce3): ну это пиздец
[20:06:23] Nergaloff (88da800e-1614-4c65-ace8-c18f7e99e914): ну это пиздец
[20:06:45] galaxy3231 (d4f7a5f3-2cd4-40bf-b49f-e6b7300e0ce3): шо в итоге проебал
[20:07:06] Nergaloff (88da800e-1614-4c65-ace8-c18f7e99e914): да в основном целый рюкзак инструментов
[20:07:11] Nergaloff (88da800e-1614-4c65-ace8-c18f7e99e914): и меч хороший
[20:07:15] Nergaloff (88da800e-1614-4c65-ace8-c18f7e99e914): печаль
[20:07:18] galaxy3231 (d4f7a5f3-2cd4-40bf-b49f-e6b7300e0ce3): ну заебись)
[20:08:41] galaxy3231 (d4f7a5f3-2cd4-40bf-b49f-e6b7300e0ce3): он в везею
[20:08:58] Nergaloff (88da800e-1614-4c65-ace8-c18f7e99e914): да я этого дивана вообще не знаю
[20:09:03] Nergaloff (88da800e-1614-4c65-ace8-c18f7e99e914): рот его ебал
[20:11:31] Nergaloff (88da800e-1614-4c65-ace8-c18f7e99e914): а что там
[20:11:56] Nergaloff (88da800e-1614-4c65-ace8-c18f7e99e914): та я понял уже, правда поздно
[20:12:33] Nergaloff (88da800e-1614-4c65-ace8-c18f7e99e914): буду теперь идолом
[20:13:26] galaxy3231 (d4f7a5f3-2cd4-40bf-b49f-e6b7300e0ce3): Nergaloff можеш ночь перемотать на немного назад
[20:13:42] galaxy3231 (d4f7a5f3-2cd4-40bf-b49f-e6b7300e0ce3): во пойдёт
[20:32:49] galaxy3231 (d4f7a5f3-2cd4-40bf-b49f-e6b7300e0ce3): а как настроить верстак на созведие блять
[20:32:58] galaxy3231 (d4f7a5f3-2cd4-40bf-b49f-e6b7300e0ce3): чет читаю и нихуя не понимаю
[20:33:11] Nergaloff (88da800e-1614-4c65-ace8-c18f7e99e914): нужно засунуть настроенный на определенное созвездие кристалл в слот
[20:33:24] galaxy3231 (d4f7a5f3-2cd4-40bf-b49f-e6b7300e0ce3): аа блять
[20:36:25] galaxy3231 (d4f7a5f3-2cd4-40bf-b49f-e6b7300e0ce3): можеш на половину сделать ночь
[20:36:37] galaxy3231 (d4f7a5f3-2cd4-40bf-b49f-e6b7300e0ce3): проверю хватит ночного света или нет
[20:36:42] galaxy3231 (d4f7a5f3-2cd4-40bf-b49f-e6b7300e0ce3): а то смотрю чет дохуя надо
[20:37:27] galaxy3231 (d4f7a5f3-2cd4-40bf-b49f-e6b7300e0ce3): не нихуя
[20:37:33] galaxy3231 (d4f7a5f3-2cd4-40bf-b49f-e6b7300e0ce3): а хотя
[20:37:46] galaxy3231 (d4f7a5f3-2cd4-40bf-b49f-e6b7300e0ce3): Блять у меня кристал отвязался
[20:37:53] galaxy3231 (d4f7a5f3-2cd4-40bf-b49f-e6b7300e0ce3): я то думаю хули так мало
[20:38:01] Nergaloff (88da800e-1614-4c65-ace8-c18f7e99e914): хех
[20:41:52] galaxy3231 (d4f7a5f3-2cd4-40bf-b49f-e6b7300e0ce3): night plis
[20:42:05] galaxy3231 (d4f7a5f3-2cd4-40bf-b49f-e6b7300e0ce3): ебал этот астрал
[20:43:39] galaxy3231 (d4f7a5f3-2cd4-40bf-b49f-e6b7300e0ce3): такс паралезующие ядро сделано
[20:43:47] galaxy3231 (d4f7a5f3-2cd4-40bf-b49f-e6b7300e0ce3): остаётся ебать сколько всего
[20:46:01] galaxy3231 (d4f7a5f3-2cd4-40bf-b49f-e6b7300e0ce3): лютий
[23:17:20] galaxy3231 (d4f7a5f3-2cd4-40bf-b49f-e6b7300e0ce3): а
[23:17:26] galaxy3231 (d4f7a5f3-2cd4-40bf-b49f-e6b7300e0ce3): вот тутц
[23:17:37] AETERNAL (6015b02d-f272-4154-8209-5e3b23bbc09c): а флаги пропали
[23:17:39] AETERNAL (6015b02d-f272-4154-8209-5e3b23bbc09c): XD
[23:17:40] galaxy3231 (d4f7a5f3-2cd4-40bf-b49f-e6b7300e0ce3): хз работают тут флаги
[23:17:41] galaxy3231 (d4f7a5f3-2cd4-40bf-b49f-e6b7300e0ce3): а
[23:17:43] galaxy3231 (d4f7a5f3-2cd4-40bf-b49f-e6b7300e0ce3): даже так
[23:18:09] galaxy3231 (d4f7a5f3-2cd4-40bf-b49f-e6b7300e0ce3): кидал 50 руды в итоге 36 осталось(
[23:18:25] AETERNAL (6015b02d-f272-4154-8209-5e3b23bbc09c): комиссия
[23:18:28] AETERNAL (6015b02d-f272-4154-8209-5e3b23bbc09c): налог*
[23:18:31] galaxy3231 (d4f7a5f3-2cd4-40bf-b49f-e6b7300e0ce3): )
[23:18:46] galaxy3231 (d4f7a5f3-2cd4-40bf-b49f-e6b7300e0ce3): моба
[23:18:55] galaxy3231 (d4f7a5f3-2cd4-40bf-b49f-e6b7300e0ce3): исчез
[23:18:56] galaxy3231 (d4f7a5f3-2cd4-40bf-b49f-e6b7300e0ce3): ебать
[23:19:03] AETERNAL (6015b02d-f272-4154-8209-5e3b23bbc09c): прописал
[23:19:09] AETERNAL (6015b02d-f272-4154-8209-5e3b23bbc09c): должно быть норм
[23:19:11] galaxy3231 (d4f7a5f3-2cd4-40bf-b49f-e6b7300e0ce3): исчезают
[23:19:19] AETERNAL (6015b02d-f272-4154-8209-5e3b23bbc09c): кто
[23:19:21] galaxy3231 (d4f7a5f3-2cd4-40bf-b49f-e6b7300e0ce3): проверил на циклоп и хуйне трав
[23:19:26] galaxy3231 (d4f7a5f3-2cd4-40bf-b49f-e6b7300e0ce3): мобы
[23:19:36] galaxy3231 (d4f7a5f3-2cd4-40bf-b49f-e6b7300e0ce3): попытаются ударить
[23:19:38] galaxy3231 (d4f7a5f3-2cd4-40bf-b49f-e6b7300e0ce3): исчезают
[23:19:44] galaxy3231 (d4f7a5f3-2cd4-40bf-b49f-e6b7300e0ce3): вот как раз ночь
[23:21:00] galaxy3231 (d4f7a5f3-2cd4-40bf-b49f-e6b7300e0ce3): ну пытается
[23:21:02] galaxy3231 (d4f7a5f3-2cd4-40bf-b49f-e6b7300e0ce3): но не может
[23:21:26] galaxy3231 (d4f7a5f3-2cd4-40bf-b49f-e6b7300e0ce3): ну чтож
[23:21:30] AETERNAL (6015b02d-f272-4154-8209-5e3b23bbc09c): пошёл я
[23:21:32] galaxy3231 (d4f7a5f3-2cd4-40bf-b49f-e6b7300e0ce3): пойду щас принесу еще 1 стак
[23:21:34] galaxy3231 (d4f7a5f3-2cd4-40bf-b49f-e6b7300e0ce3): b
[23:21:35] galaxy3231 (d4f7a5f3-2cd4-40bf-b49f-e6b7300e0ce3): b
[23:21:46] galaxy3231 (d4f7a5f3-2cd4-40bf-b49f-e6b7300e0ce3): и афк опять стану
[23:22:28] galaxy3231 (d4f7a5f3-2cd4-40bf-b49f-e6b7300e0ce3): кста а шахтер на скок быстро руду делает
[23:22:39] AETERNAL (6015b02d-f272-4154-8209-5e3b23bbc09c): какой
[23:55:01] galaxy3231 (d4f7a5f3-2cd4-40bf-b49f-e6b7300e0ce3): заебала эта ебатория
[23:55:08] XBOST (ed244ead-df9a-464f-a48f-28478c7d8db3): че такое
[23:55:24] galaxy3231 (d4f7a5f3-2cd4-40bf-b49f-e6b7300e0ce3): да занимаюсь карьером из астрала
[23:55:30] galaxy3231 (d4f7a5f3-2cd4-40bf-b49f-e6b7300e0ce3): хуита ебаная
[23:55:34] galaxy3231 (d4f7a5f3-2cd4-40bf-b49f-e6b7300e0ce3): и еще дорого делается
[23:55:43] galaxy3231 (d4f7a5f3-2cd4-40bf-b49f-e6b7300e0ce3): сижу и дрочусь с ним
[23:55:48] galaxy3231 (d4f7a5f3-2cd4-40bf-b49f-e6b7300e0ce3): уже дохуя времени
[23:56:37] LaNipge (347d9fd5-d990-49a9-9903-2d39a3b73974): пизда
[23:56:38] LaNipge (347d9fd5-d990-49a9-9903-2d39a3b73974): 500
[23:56:39] XBOST (ed244ead-df9a-464f-a48f-28478c7d8db3): че
[23:56:47] galaxy3231 (d4f7a5f3-2cd4-40bf-b49f-e6b7300e0ce3): всё блять наконец
[23:56:47] XBOST (ed244ead-df9a-464f-a48f-28478c7d8db3): мб внп какой то включен
[23:56:52] galaxy3231 (d4f7a5f3-2cd4-40bf-b49f-e6b7300e0ce3): остаётся ночь дождатся
[23:56:58] galaxy3231 (d4f7a5f3-2cd4-40bf-b49f-e6b7300e0ce3): и создать эту хуйню
[23:57:43] XBOST (ed244ead-df9a-464f-a48f-28478c7d8db3): тут 100 видов электросхем
[23:57:50] XBOST (ed244ead-df9a-464f-a48f-28478c7d8db3): а че рестартать пробовал?
[23:57:59] LaNipge (347d9fd5-d990-49a9-9903-2d39a3b73974): я уже все попробовал
[23:58:26] LaNipge (347d9fd5-d990-49a9-9903-2d39a3b73974): причем стрим не лагает ни капли
[23:58:56] XBOST (ed244ead-df9a-464f-a48f-28478c7d8db3): играбельно вообще?
[23:59:11] LaNipge (347d9fd5-d990-49a9-9903-2d39a3b73974): на спавн тепаюсь и пизда
[23:59:29] LaNipge (347d9fd5-d990-49a9-9903-2d39a3b73974): мб джава старая?
[23:59:43] LaNipge (347d9fd5-d990-49a9-9903-2d39a3b73974): дай ссылку плз
