[00:00:34] AETERNAL (6015b02d-f272-4154-8209-5e3b23bbc09c): багов нет
[00:01:51] VladDoor (f83aa885-2487-4295-b366-193cd21d8701): есть
[00:02:01] VladDoor (f83aa885-2487-4295-b366-193cd21d8701): баг нашел
[00:02:05] VladDoor (f83aa885-2487-4295-b366-193cd21d8701): жеский
[00:02:22] AETERNAL (6015b02d-f272-4154-8209-5e3b23bbc09c): показалось
[00:02:30] AETERNAL (6015b02d-f272-4154-8209-5e3b23bbc09c): показалось
[00:02:42] VladDoor (f83aa885-2487-4295-b366-193cd21d8701): у меня карты сьелись
[00:02:46] VladDoor (f83aa885-2487-4295-b366-193cd21d8701): у меня карты сьелись
[00:03:01] VladDoor (f83aa885-2487-4295-b366-193cd21d8701): пускал на крафт 7
[00:03:03] VladDoor (f83aa885-2487-4295-b366-193cd21d8701): вышла 1
[00:03:06] VladDoor (f83aa885-2487-4295-b366-193cd21d8701): ресы сожрала
[00:03:09] VladDoor (f83aa885-2487-4295-b366-193cd21d8701): стопка ебливая
[00:03:17] AETERNAL (6015b02d-f272-4154-8209-5e3b23bbc09c): такого быть не может
[00:03:35] VladDoor (f83aa885-2487-4295-b366-193cd21d8701): это пиздец
[00:03:56] VladDoor (f83aa885-2487-4295-b366-193cd21d8701): я заказал крафт 7 на 4к
[00:03:59] VladDoor (f83aa885-2487-4295-b366-193cd21d8701): оно стопкой
[00:04:13] VladDoor (f83aa885-2487-4295-b366-193cd21d8701): и один вышел
[00:05:17] VladDoor (f83aa885-2487-4295-b366-193cd21d8701): когда фикс
[00:05:28] AETERNAL (6015b02d-f272-4154-8209-5e3b23bbc09c): я хз что тебе там фиксить
[00:05:31] AETERNAL (6015b02d-f272-4154-8209-5e3b23bbc09c): бага нет
[00:05:34] VladDoor (f83aa885-2487-4295-b366-193cd21d8701): есть
[00:05:44] VladDoor (f83aa885-2487-4295-b366-193cd21d8701): 4к карта делается стопкой одна
[00:05:51] VladDoor (f83aa885-2487-4295-b366-193cd21d8701): если ресов на 2 и больше
[00:05:56] VladDoor (f83aa885-2487-4295-b366-193cd21d8701): я думаю не ток 4к
[00:06:06] AETERNAL (6015b02d-f272-4154-8209-5e3b23bbc09c): всё, я подорвал твайлайт
[00:07:01] VladDoor (f83aa885-2487-4295-b366-193cd21d8701): поставь нагреватели
[00:07:06] VladDoor (f83aa885-2487-4295-b366-193cd21d8701): оно долго будет
[00:07:48] AETERNAL (6015b02d-f272-4154-8209-5e3b23bbc09c): и так
[00:07:54] AETERNAL (6015b02d-f272-4154-8209-5e3b23bbc09c): должно выёти 21
[00:07:57] AETERNAL (6015b02d-f272-4154-8209-5e3b23bbc09c): смотрим
[00:08:01] VladDoor (f83aa885-2487-4295-b366-193cd21d8701): ждемс
[00:08:19] VladDoor (f83aa885-2487-4295-b366-193cd21d8701): 10
[00:08:20] VladDoor (f83aa885-2487-4295-b366-193cd21d8701): 9
[00:08:21] VladDoor (f83aa885-2487-4295-b366-193cd21d8701): 8
[00:08:22] VladDoor (f83aa885-2487-4295-b366-193cd21d8701): 7
[00:08:23] VladDoor (f83aa885-2487-4295-b366-193cd21d8701): 6
[00:08:24] VladDoor (f83aa885-2487-4295-b366-193cd21d8701): 5
[00:08:26] VladDoor (f83aa885-2487-4295-b366-193cd21d8701): 4
[00:08:27] VladDoor (f83aa885-2487-4295-b366-193cd21d8701): 3
[00:08:28] VladDoor (f83aa885-2487-4295-b366-193cd21d8701): 2
[00:08:29] VladDoor (f83aa885-2487-4295-b366-193cd21d8701): 1
[00:08:35] VladDoor (f83aa885-2487-4295-b366-193cd21d8701): стопка
[00:08:38] VladDoor (f83aa885-2487-4295-b366-193cd21d8701): нету стопки
[00:08:46] AETERNAL (6015b02d-f272-4154-8209-5e3b23bbc09c): какая стопка
[00:08:52] VladDoor (f83aa885-2487-4295-b366-193cd21d8701): модуль
[00:08:53] VladDoor (f83aa885-2487-4295-b366-193cd21d8701): стопка
[00:09:18] AETERNAL (6015b02d-f272-4154-8209-5e3b23bbc09c): не вижу проблем
[00:09:19] VladDoor (f83aa885-2487-4295-b366-193cd21d8701): ну не это же
[00:09:23] VladDoor (f83aa885-2487-4295-b366-193cd21d8701): именно карта
[00:09:26] AETERNAL (6015b02d-f272-4154-8209-5e3b23bbc09c): блять
[00:09:31] AETERNAL (6015b02d-f272-4154-8209-5e3b23bbc09c): я стопку всунул
[00:09:35] VladDoor (f83aa885-2487-4295-b366-193cd21d8701): ну
[00:09:38] VladDoor (f83aa885-2487-4295-b366-193cd21d8701): всунул
[00:09:52] VladDoor (f83aa885-2487-4295-b366-193cd21d8701): я про карту говорил с самого начала
[00:09:55] AETERNAL (6015b02d-f272-4154-8209-5e3b23bbc09c): ytn
[00:09:57] AETERNAL (6015b02d-f272-4154-8209-5e3b23bbc09c): не говорил
[00:09:58] VladDoor (f83aa885-2487-4295-b366-193cd21d8701): да
[00:10:24] VladDoor (f83aa885-2487-4295-b366-193cd21d8701): вооо
[00:10:29] VladDoor (f83aa885-2487-4295-b366-193cd21d8701): видишь?
[00:10:33] VladDoor (f83aa885-2487-4295-b366-193cd21d8701): баги все таки есть
[00:11:27] VladDoor (f83aa885-2487-4295-b366-193cd21d8701): с кайфом
[00:12:27] AETERNAL (6015b02d-f272-4154-8209-5e3b23bbc09c): отойди
[00:14:19] VladDoor (f83aa885-2487-4295-b366-193cd21d8701): вот такой вот баг
[00:16:18] VladDoor (f83aa885-2487-4295-b366-193cd21d8701): адаш 6 карточек? :)
[00:20:57] VladDoor (f83aa885-2487-4295-b366-193cd21d8701): адаш 6 карточек?
[00:23:14] AETERNAL (6015b02d-f272-4154-8209-5e3b23bbc09c): на будущее
[00:23:26] VladDoor (f83aa885-2487-4295-b366-193cd21d8701): чо
[00:23:36] AETERNAL (6015b02d-f272-4154-8209-5e3b23bbc09c): стопку на крафтах где число ингридиентов на слот больше 1 не юзать
[00:23:55] VladDoor (f83aa885-2487-4295-b366-193cd21d8701): где финальный результат единичка
[00:26:15] VladDoor (f83aa885-2487-4295-b366-193cd21d8701): а еще две не найдется?
[00:28:47] VladDoor (f83aa885-2487-4295-b366-193cd21d8701): ну если не найдется значит до завтра я спатки
[07:23:56] ProCto_DS (d3139add-473e-468f-9582-8b46bb0e237c): Хы
[08:52:16] ProCto_DS (d3139add-473e-468f-9582-8b46bb0e237c): шо?
[08:52:32] ProCto_DS (d3139add-473e-468f-9582-8b46bb0e237c): Я молот создал)
[08:52:39] ProCto_DS (d3139add-473e-468f-9582-8b46bb0e237c): Сам плавит с удачей)
[08:52:41] ProCto_DS (d3139add-473e-468f-9582-8b46bb0e237c): Имба))))
[08:53:06] ProCto_DS (d3139add-473e-468f-9582-8b46bb0e237c): Что будет если я до 3 удачи доделаю
[08:53:08] ProCto_DS (d3139add-473e-468f-9582-8b46bb0e237c): Ресы)
[08:54:43] ProCto_DS (d3139add-473e-468f-9582-8b46bb0e237c): зайдёшь?
[08:59:41] ProCto_DS (d3139add-473e-468f-9582-8b46bb0e237c): Повер
[09:01:58] ProCto_DS (d3139add-473e-468f-9582-8b46bb0e237c): Заходить будешь
[09:01:59] ProCto_DS (d3139add-473e-468f-9582-8b46bb0e237c): ?
[09:02:06] ProCto_DS (d3139add-473e-468f-9582-8b46bb0e237c): поч
[09:02:12] ProCto_DS (d3139add-473e-468f-9582-8b46bb0e237c): Пон
[09:03:01] ProCto_DS (d3139add-473e-468f-9582-8b46bb0e237c): )
[09:19:03] ProCto_DS (d3139add-473e-468f-9582-8b46bb0e237c): &
[09:19:21] ProCto_DS (d3139add-473e-468f-9582-8b46bb0e237c): )
[09:20:16] ProCto_DS (d3139add-473e-468f-9582-8b46bb0e237c): Ема скок дракония
[09:45:15] ProCto_DS (d3139add-473e-468f-9582-8b46bb0e237c): Драсьте
[09:45:19] Nergaloff (88da800e-1614-4c65-ace8-c18f7e99e914): q
[09:45:32] ProCto_DS (d3139add-473e-468f-9582-8b46bb0e237c): Пока-что на 5м отойду, помогать нада)
[10:05:59] ProCto_DS (d3139add-473e-468f-9582-8b46bb0e237c): афк?
[10:06:03] Nergaloff (88da800e-1614-4c65-ace8-c18f7e99e914): занят
[10:06:08] ProCto_DS (d3139add-473e-468f-9582-8b46bb0e237c): лан
[10:14:18] ProCto_DS (d3139add-473e-468f-9582-8b46bb0e237c): Те случаем драконий нужен?)
[10:14:57] ProCto_DS (d3139add-473e-468f-9582-8b46bb0e237c): Графит еще)
[10:15:05] Nergaloff (88da800e-1614-4c65-ace8-c18f7e99e914): не нужен
[10:22:37] ProCto_DS (d3139add-473e-468f-9582-8b46bb0e237c): У те энерго наковальня из суслика есть?
[10:22:47] Nergaloff (88da800e-1614-4c65-ace8-c18f7e99e914): не
[10:22:54] ProCto_DS (d3139add-473e-468f-9582-8b46bb0e237c): (
[10:23:31] ProCto_DS (d3139add-473e-468f-9582-8b46bb0e237c): Ну ты не тут)
[10:24:15] ProCto_DS (d3139add-473e-468f-9582-8b46bb0e237c): Ахиреть
[10:24:32] ProCto_DS (d3139add-473e-468f-9582-8b46bb0e237c): Тибериум добывал, забыл что у него взрыв
[10:24:35] ProCto_DS (d3139add-473e-468f-9582-8b46bb0e237c): чуть не сдох
[10:24:37] ProCto_DS (d3139add-473e-468f-9582-8b46bb0e237c): Емать
[10:27:13] ProCto_DS (d3139add-473e-468f-9582-8b46bb0e237c): Прометеум в аду?
[10:27:33] ProCto_DS (d3139add-473e-468f-9582-8b46bb0e237c): Он же без фокусо?
[10:29:31] ProCto_DS (d3139add-473e-468f-9582-8b46bb0e237c): ааааа
[10:29:32] ProCto_DS (d3139add-473e-468f-9582-8b46bb0e237c): Ема
[10:29:39] ProCto_DS (d3139add-473e-468f-9582-8b46bb0e237c): какой уровень добычи у него?
[10:30:28] ProCto_DS (d3139add-473e-468f-9582-8b46bb0e237c): ?
[10:31:05] ProCto_DS (d3139add-473e-468f-9582-8b46bb0e237c): чем его добывать
[10:31:32] ProCto_DS (d3139add-473e-468f-9582-8b46bb0e237c): Вот это подставаы
[10:31:45] ProCto_DS (d3139add-473e-468f-9582-8b46bb0e237c): чаго?
[10:32:16] ProCto_DS (d3139add-473e-468f-9582-8b46bb0e237c): одолжишь?
[10:32:59] ProCto_DS (d3139add-473e-468f-9582-8b46bb0e237c): Пойду фармить ресы)
[10:34:08] ProCto_DS (d3139add-473e-468f-9582-8b46bb0e237c): Зайдёшь повер?
[10:35:44] ProCto_DS (d3139add-473e-468f-9582-8b46bb0e237c): Нергалоф, найдутся изумруды?
[10:36:06] Nergaloff (88da800e-1614-4c65-ace8-c18f7e99e914): сколько нужно
[10:36:14] ProCto_DS (d3139add-473e-468f-9582-8b46bb0e237c): Стак
[10:36:20] Nergaloff (88da800e-1614-4c65-ace8-c18f7e99e914): тп
[10:36:50] ProCto_DS (d3139add-473e-468f-9582-8b46bb0e237c): на
[10:36:54] Nergaloff (88da800e-1614-4c65-ace8-c18f7e99e914): cc
[10:36:55] Nergaloff (88da800e-1614-4c65-ace8-c18f7e99e914): cgc
[15:07:50] VladDoor (f83aa885-2487-4295-b366-193cd21d8701): оч сильно
[15:08:43] VladDoor (f83aa885-2487-4295-b366-193cd21d8701): от чего работает гурмарилис
[15:10:51] VladDoor (f83aa885-2487-4295-b366-193cd21d8701): типа как и пламя края?
[15:15:27] VladDoor (f83aa885-2487-4295-b366-193cd21d8701): он за еду
[15:16:05] VladDoor (f83aa885-2487-4295-b366-193cd21d8701): типа если жареная то пизже?
[15:16:21] VladDoor (f83aa885-2487-4295-b366-193cd21d8701): а морковка золотая
[15:16:28] VladDoor (f83aa885-2487-4295-b366-193cd21d8701): это самое лучшее?
[15:17:22] VladDoor (f83aa885-2487-4295-b366-193cd21d8701): самая сытная это которая больше всего восполняет?
[15:23:10] VladDoor (f83aa885-2487-4295-b366-193cd21d8701): морковь
[15:23:46] VladDoor (f83aa885-2487-4295-b366-193cd21d8701): как узнать что привязано к
[15:23:52] VladDoor (f83aa885-2487-4295-b366-193cd21d8701): распространителю
[15:24:11] VladDoor (f83aa885-2487-4295-b366-193cd21d8701): я прост хз все цветочки привязаны или нет
[15:25:08] VladDoor (f83aa885-2487-4295-b366-193cd21d8701): или если в цветках маны нету то значит привязано все?
[15:29:43] VladDoor (f83aa885-2487-4295-b366-193cd21d8701): какой
[15:29:57] VladDoor (f83aa885-2487-4295-b366-193cd21d8701): посох леса?
[15:30:23] VladDoor (f83aa885-2487-4295-b366-193cd21d8701): а как с опмощью его чекать
[15:31:21] VladDoor (f83aa885-2487-4295-b366-193cd21d8701): та я понимаю
[15:31:28] VladDoor (f83aa885-2487-4295-b366-193cd21d8701): а как узнать что запитано или нет\
[15:32:27] VladDoor (f83aa885-2487-4295-b366-193cd21d8701): а если не накапливает
[15:32:53] VladDoor (f83aa885-2487-4295-b366-193cd21d8701): а ну тогда заебись все
[15:32:58] VladDoor (f83aa885-2487-4295-b366-193cd21d8701): наверно
[15:42:29] VladDoor (f83aa885-2487-4295-b366-193cd21d8701): пиздец
[15:42:34] VladDoor (f83aa885-2487-4295-b366-193cd21d8701): у меня очистилось
[15:42:37] VladDoor (f83aa885-2487-4295-b366-193cd21d8701): очисткой
[15:42:39] VladDoor (f83aa885-2487-4295-b366-193cd21d8701): хуйня
[16:55:11] Nergaloff (88da800e-1614-4c65-ace8-c18f7e99e914): какой любопытный
[16:58:22] Nergaloff (88da800e-1614-4c65-ace8-c18f7e99e914): из таума наверно
[16:58:44] Nergaloff (88da800e-1614-4c65-ace8-c18f7e99e914): его в горах дохуя
[17:00:48] Nergaloff (88da800e-1614-4c65-ace8-c18f7e99e914): они взаимозаменяемы, все норм
[17:00:54] Nergaloff (88da800e-1614-4c65-ace8-c18f7e99e914): ниче менять не надо
[17:02:15] Nergaloff (88da800e-1614-4c65-ace8-c18f7e99e914): ну и заебись
[17:29:25] VladDoor (f83aa885-2487-4295-b366-193cd21d8701): тепнись
[17:29:30] VladDoor (f83aa885-2487-4295-b366-193cd21d8701): ко мне
[17:29:35] VladDoor (f83aa885-2487-4295-b366-193cd21d8701): Nergaloff
[17:29:53] Nergaloff (88da800e-1614-4c65-ace8-c18f7e99e914): ебучий случай
[17:29:57] VladDoor (f83aa885-2487-4295-b366-193cd21d8701): с кайфом
[17:29:59] VladDoor (f83aa885-2487-4295-b366-193cd21d8701): ?
[17:30:12] Nergaloff (88da800e-1614-4c65-ace8-c18f7e99e914): не ну я бы не удержался
[17:30:14] Nergaloff (88da800e-1614-4c65-ace8-c18f7e99e914): с кайфом
[17:30:22] VladDoor (f83aa885-2487-4295-b366-193cd21d8701): о
[17:30:24] VladDoor (f83aa885-2487-4295-b366-193cd21d8701): не весь ад
[17:30:29] Nergaloff (88da800e-1614-4c65-ace8-c18f7e99e914): ахахах порт сломался
[17:30:33] VladDoor (f83aa885-2487-4295-b366-193cd21d8701): я думал весь
[17:30:51] VladDoor (f83aa885-2487-4295-b366-193cd21d8701): f[f[f[f[
[17:31:04] VladDoor (f83aa885-2487-4295-b366-193cd21d8701): у меня портал сломался
[17:31:09] VladDoor (f83aa885-2487-4295-b366-193cd21d8701): как вернуться дамой
[17:31:11] VladDoor (f83aa885-2487-4295-b366-193cd21d8701): Ну типа
[17:31:17] VladDoor (f83aa885-2487-4295-b366-193cd21d8701): 1 блок остался
[17:31:26] Nergaloff (88da800e-1614-4c65-ace8-c18f7e99e914): тут ваще пиздец
[17:31:41] VladDoor (f83aa885-2487-4295-b366-193cd21d8701): о тепнулся
[17:31:47] VladDoor (f83aa885-2487-4295-b366-193cd21d8701): но портал где то в ебенях
[17:33:00] VladDoor (f83aa885-2487-4295-b366-193cd21d8701): ЕБать
[17:33:05] VladDoor (f83aa885-2487-4295-b366-193cd21d8701): ахахаха
[17:33:07] VladDoor (f83aa885-2487-4295-b366-193cd21d8701): тепнись
[17:33:14] VladDoor (f83aa885-2487-4295-b366-193cd21d8701): тепнись ко мне
[17:33:19] Nergaloff (88da800e-1614-4c65-ace8-c18f7e99e914): ты на крыше?
[17:33:28] VladDoor (f83aa885-2487-4295-b366-193cd21d8701): тепнись
[17:33:37] Nergaloff (88da800e-1614-4c65-ace8-c18f7e99e914): бывает
[17:33:57] VladDoor (f83aa885-2487-4295-b366-193cd21d8701): что делать если я над бедроком?
[17:34:04] Nergaloff (88da800e-1614-4c65-ace8-c18f7e99e914): идти домой
[17:34:16] VladDoor (f83aa885-2487-4295-b366-193cd21d8701): а если у меня сетхома вдруг нету
[17:34:43] VladDoor (f83aa885-2487-4295-b366-193cd21d8701): я тут перевернутый молоток построил
[17:34:44] VladDoor (f83aa885-2487-4295-b366-193cd21d8701): даже
[17:35:00] VladDoor (f83aa885-2487-4295-b366-193cd21d8701): стоп а тут панели работают?
[17:35:10] VladDoor (f83aa885-2487-4295-b366-193cd21d8701): можешь принести панель любую
[17:35:14] VladDoor (f83aa885-2487-4295-b366-193cd21d8701): и чекнуть
[17:36:00] Nergaloff (88da800e-1614-4c65-ace8-c18f7e99e914): не работает
[17:36:30] VladDoor (f83aa885-2487-4295-b366-193cd21d8701): буду туда тепать челов без привилегии
[17:36:35] VladDoor (f83aa885-2487-4295-b366-193cd21d8701): и они там будут умирать с голоду
[17:36:39] VladDoor (f83aa885-2487-4295-b366-193cd21d8701): а я буду забирать лут
[17:36:43] VladDoor (f83aa885-2487-4295-b366-193cd21d8701): блят
[17:36:47] VladDoor (f83aa885-2487-4295-b366-193cd21d8701): у них же есть сетхомы
[17:37:03] VladDoor (f83aa885-2487-4295-b366-193cd21d8701): а искру над
[17:37:07] VladDoor (f83aa885-2487-4295-b366-193cd21d8701): на басик и на
[17:37:18] VladDoor (f83aa885-2487-4295-b366-193cd21d8701): то куда она идет?
[17:37:25] Nergaloff (88da800e-1614-4c65-ace8-c18f7e99e914): ну дац
[17:37:27] VladDoor (f83aa885-2487-4295-b366-193cd21d8701): допустим на агломерационную плиту
[17:37:34] VladDoor (f83aa885-2487-4295-b366-193cd21d8701): скорость ебейшая?
[17:37:42] Nergaloff (88da800e-1614-4c65-ace8-c18f7e99e914): достаточная
[17:37:53] Nergaloff (88da800e-1614-4c65-ace8-c18f7e99e914): чем больше искр и басиков тем быстрее
[17:37:56] VladDoor (f83aa885-2487-4295-b366-193cd21d8701): за скок делается +- террасталь
[17:38:06] Nergaloff (88da800e-1614-4c65-ace8-c18f7e99e914): меньше 10 сек точно
[17:38:14] VladDoor (f83aa885-2487-4295-b366-193cd21d8701): ебат
[17:38:16] Nergaloff (88da800e-1614-4c65-ace8-c18f7e99e914): не считал
[17:38:34] VladDoor (f83aa885-2487-4295-b366-193cd21d8701): а скок маны нада на 1 террасталь
[17:39:03] Nergaloff (88da800e-1614-4c65-ace8-c18f7e99e914): где-то половина бассейна
[17:39:08] Nergaloff (88da800e-1614-4c65-ace8-c18f7e99e914): наверно
[17:39:09] VladDoor (f83aa885-2487-4295-b366-193cd21d8701): 500касиков
[17:39:16] VladDoor (f83aa885-2487-4295-b366-193cd21d8701): ща буду клепать террасталь
[17:39:38] VladDoor (f83aa885-2487-4295-b366-193cd21d8701): ифриты над и всо
[17:41:21] Nergaloff (88da800e-1614-4c65-ace8-c18f7e99e914): не фул, но большой участок
[17:54:18] VladDoor (f83aa885-2487-4295-b366-193cd21d8701): Приветствую
[17:54:24] VladDoor (f83aa885-2487-4295-b366-193cd21d8701): Как ваше ничего?
[17:54:28] AETERNAL (6015b02d-f272-4154-8209-5e3b23bbc09c): что с адом не так
[17:54:36] VladDoor (f83aa885-2487-4295-b366-193cd21d8701): та норм все почти
[17:54:45] VladDoor (f83aa885-2487-4295-b366-193cd21d8701): тп ко мне
[17:55:28] AETERNAL (6015b02d-f272-4154-8209-5e3b23bbc09c): бан захотел?
[17:55:36] VladDoor (f83aa885-2487-4295-b366-193cd21d8701): не тот хом
[17:55:36] AETERNAL (6015b02d-f272-4154-8209-5e3b23bbc09c): я шутки шутить не буду
[17:55:38] VladDoor (f83aa885-2487-4295-b366-193cd21d8701): а вот этот
[17:55:42] VladDoor (f83aa885-2487-4295-b366-193cd21d8701): да
[17:55:42] AETERNAL (6015b02d-f272-4154-8209-5e3b23bbc09c): особенно когда я занят
[17:55:45] VladDoor (f83aa885-2487-4295-b366-193cd21d8701): тп сичас
[17:56:12] VladDoor (f83aa885-2487-4295-b366-193cd21d8701): и вот
[17:57:26] VladDoor (f83aa885-2487-4295-b366-193cd21d8701): вот я типа это через
[17:57:26] VladDoor (f83aa885-2487-4295-b366-193cd21d8701): ё поломал
[18:00:02] VladDoor (f83aa885-2487-4295-b366-193cd21d8701): ебать
[18:00:02] VladDoor (f83aa885-2487-4295-b366-193cd21d8701): у меня тут игра лагает
[18:00:36] AETERNAL (6015b02d-f272-4154-8209-5e3b23bbc09c): ладно
[18:00:44] AETERNAL (6015b02d-f272-4154-8209-5e3b23bbc09c): сделаю по весёлому
[18:00:49] VladDoor (f83aa885-2487-4295-b366-193cd21d8701): как?
[18:01:17] AETERNAL (6015b02d-f272-4154-8209-5e3b23bbc09c): уходи отсюда
[18:01:26] AETERNAL (6015b02d-f272-4154-8209-5e3b23bbc09c): тебя крашнет с твоим компом
[18:01:36] VladDoor (f83aa885-2487-4295-b366-193cd21d8701): ушел
[18:02:36] AETERNAL (6015b02d-f272-4154-8209-5e3b23bbc09c): вайп проблемной области завершён
[18:02:48] VladDoor (f83aa885-2487-4295-b366-193cd21d8701): а именно фулл ад?
[18:02:55] Nergaloff (88da800e-1614-4c65-ace8-c18f7e99e914): а зачем
[18:03:16] AETERNAL (6015b02d-f272-4154-8209-5e3b23bbc09c): всмысле фулл ад
[18:03:22] VladDoor (f83aa885-2487-4295-b366-193cd21d8701): а
[18:03:29] VladDoor (f83aa885-2487-4295-b366-193cd21d8701): ты что сделал тогда?
[18:03:41] VladDoor (f83aa885-2487-4295-b366-193cd21d8701): по веселому
[18:04:05] VladDoor (f83aa885-2487-4295-b366-193cd21d8701): дефолт
[18:04:35] VladDoor (f83aa885-2487-4295-b366-193cd21d8701): именно
[18:04:37] VladDoor (f83aa885-2487-4295-b366-193cd21d8701): так все и было
[18:05:24] VladDoor (f83aa885-2487-4295-b366-193cd21d8701): как?
[18:05:28] VladDoor (f83aa885-2487-4295-b366-193cd21d8701): у меня в ад не тепает
[18:05:31] VladDoor (f83aa885-2487-4295-b366-193cd21d8701): это из за пинга
[18:05:35] VladDoor (f83aa885-2487-4295-b366-193cd21d8701): или не?
[18:07:04] Nergaloff (88da800e-1614-4c65-ace8-c18f7e99e914): короче серверу надо дать отдохнуть
[18:07:13] AETERNAL (6015b02d-f272-4154-8209-5e3b23bbc09c): та щас он подумает
[18:07:34] VladDoor (f83aa885-2487-4295-b366-193cd21d8701): а что ты сделал бедному
[18:07:36] VladDoor (f83aa885-2487-4295-b366-193cd21d8701): аду
[18:08:36] VladDoor (f83aa885-2487-4295-b366-193cd21d8701): пусть работает стахановец
[18:08:44] VladDoor (f83aa885-2487-4295-b366-193cd21d8701): у меня дробитель не дробит
[18:10:07] VladDoor (f83aa885-2487-4295-b366-193cd21d8701): та все норм че вы
[18:11:32] VladDoor (f83aa885-2487-4295-b366-193cd21d8701): Сюда
[18:13:10] AETERNAL (6015b02d-f272-4154-8209-5e3b23bbc09c): можешь тепатся в ад xD
[18:13:25] VladDoor (f83aa885-2487-4295-b366-193cd21d8701): xD мне не нравится
[18:13:30] VladDoor (f83aa885-2487-4295-b366-193cd21d8701): подлянка там
[18:13:47] [CAPS] VladDoor (f83aa885-2487-4295-b366-193cd21d8701): хахахаха
[18:13:56] [CAPS] VladDoor (f83aa885-2487-4295-b366-193cd21d8701): хахахахахахахахахаха
[18:14:14] VladDoor (f83aa885-2487-4295-b366-193cd21d8701): он крышу нахуй удалил xD
[18:14:19] VladDoor (f83aa885-2487-4295-b366-193cd21d8701): ну то есть
[18:14:28] VladDoor (f83aa885-2487-4295-b366-193cd21d8701): все выше 40 корд
[18:15:01] VladDoor (f83aa885-2487-4295-b366-193cd21d8701): даже бедрок
[18:15:39] VladDoor (f83aa885-2487-4295-b366-193cd21d8701): тепнись
[18:15:41] VladDoor (f83aa885-2487-4295-b366-193cd21d8701): xD
[18:15:44] [CAPS] VladDoor (f83aa885-2487-4295-b366-193cd21d8701): aeternal
[18:16:25] VladDoor (f83aa885-2487-4295-b366-193cd21d8701): заебись
[18:16:30] VladDoor (f83aa885-2487-4295-b366-193cd21d8701): все норм
[18:16:38] VladDoor (f83aa885-2487-4295-b366-193cd21d8701): иду искать следущее место где ибериум есть
[19:13:33] VladDoor (f83aa885-2487-4295-b366-193cd21d8701): бля
[19:13:39] VladDoor (f83aa885-2487-4295-b366-193cd21d8701): я случайно ебаным буром сломал
[19:13:42] VladDoor (f83aa885-2487-4295-b366-193cd21d8701): алтарь небесный
