[06:49:01] ProCto_DS (d3139add-473e-468f-9582-8b46bb0e237c): Re
[06:49:03] ProCto_DS (d3139add-473e-468f-9582-8b46bb0e237c): ку
[06:49:38] ProCto_DS (d3139add-473e-468f-9582-8b46bb0e237c): терру чищу,платформу сделать)
[06:49:44] ProCto_DS (d3139add-473e-468f-9582-8b46bb0e237c): Блоки подобрал
[06:49:50] ProCto_DS (d3139add-473e-468f-9582-8b46bb0e237c): Ост убрать землю и поставить)
[06:50:51] ProCto_DS (d3139add-473e-468f-9582-8b46bb0e237c): Зайдёшь?
[06:51:06] ProCto_DS (d3139add-473e-468f-9582-8b46bb0e237c): хмм
[06:51:19] ProCto_DS (d3139add-473e-468f-9582-8b46bb0e237c): Ну во первых сделать призрачные катушки, потом по макс астрал
[06:52:48] ProCto_DS (d3139add-473e-468f-9582-8b46bb0e237c): омайгат
[06:56:55] ProCto_DS (d3139add-473e-468f-9582-8b46bb0e237c): Как играется?
[06:57:15] Nindly (3196f6ce-0e2b-41e1-8fe5-97e8a4e07927): Нормально ;d
[06:57:52] Nindly (3196f6ce-0e2b-41e1-8fe5-97e8a4e07927): Вот только уже пятые шейдеры устанавливаю, и в каждых в аду чернь полная
[06:58:01] ProCto_DS (d3139add-473e-468f-9582-8b46bb0e237c): Яркость прибавить?
[06:59:37] Nindly (3196f6ce-0e2b-41e1-8fe5-97e8a4e07927): Не в ней дело, текстуры просто все чёрные
[07:04:50] Nindly (3196f6ce-0e2b-41e1-8fe5-97e8a4e07927): Давно играешь ?
[07:05:01] ProCto_DS (d3139add-473e-468f-9582-8b46bb0e237c): ну уже 22 часа наиграл)
[07:05:11] Nindly (3196f6ce-0e2b-41e1-8fe5-97e8a4e07927): Понял
[07:12:31] ProCto_DS (d3139add-473e-468f-9582-8b46bb0e237c): Всё еще шейдеры?
[07:12:36] Nindly (3196f6ce-0e2b-41e1-8fe5-97e8a4e07927): В точку
[07:14:54] Nindly (3196f6ce-0e2b-41e1-8fe5-97e8a4e07927): Победа
[07:15:18] ProCto_DS (d3139add-473e-468f-9582-8b46bb0e237c): ?
[07:15:26] ProCto_DS (d3139add-473e-468f-9582-8b46bb0e237c): нашёл?
[07:15:28] Nindly (3196f6ce-0e2b-41e1-8fe5-97e8a4e07927): Нашёл адекватно работающие
[07:15:30] Nindly (3196f6ce-0e2b-41e1-8fe5-97e8a4e07927): Угу
[07:15:53] Nindly (3196f6ce-0e2b-41e1-8fe5-97e8a4e07927): Не знаешь случайно нормальный ресурспак ? С поддержксой модов
[07:16:02] Nindly (3196f6ce-0e2b-41e1-8fe5-97e8a4e07927): Кроме вот этого фейтфула
[07:16:04] ProCto_DS (d3139add-473e-468f-9582-8b46bb0e237c): В самой сборке есть ресурспак
[07:16:16] Nindly (3196f6ce-0e2b-41e1-8fe5-97e8a4e07927): Та фейтфул, он мне глаза мазолит
[07:16:44] ProCto_DS (d3139add-473e-468f-9582-8b46bb0e237c): Тогда хз
[07:16:52] ProCto_DS (d3139add-473e-468f-9582-8b46bb0e237c): Мне он норм, текстурки все новые)
[07:20:50] ProCto_DS (d3139add-473e-468f-9582-8b46bb0e237c): Емать
[07:20:52] ProCto_DS (d3139add-473e-468f-9582-8b46bb0e237c): я ебал
[07:20:58] ProCto_DS (d3139add-473e-468f-9582-8b46bb0e237c): Как приятно что ты зашёл
[07:23:09] ProCto_DS (d3139add-473e-468f-9582-8b46bb0e237c): здарова работяга)
[07:23:15] Stxywxthme (6ce0cde9-8c92-4c66-96ad-6bffb9dfc01b): ку
[07:23:37] ProCto_DS (d3139add-473e-468f-9582-8b46bb0e237c): БАН
[07:23:39] ProCto_DS (d3139add-473e-468f-9582-8b46bb0e237c): )()))
[07:23:42] Stxywxthme (6ce0cde9-8c92-4c66-96ad-6bffb9dfc01b): хд
[07:23:50] ProCto_DS (d3139add-473e-468f-9582-8b46bb0e237c): чем заниматся будешь?)
[07:24:01] ProCto_DS (d3139add-473e-468f-9582-8b46bb0e237c): Не понял
[07:24:04] ProCto_DS (d3139add-473e-468f-9582-8b46bb0e237c): Откуда он тут
[07:24:05] Nindly (3196f6ce-0e2b-41e1-8fe5-97e8a4e07927): нормально я на ртп попал
[07:24:09] ProCto_DS (d3139add-473e-468f-9582-8b46bb0e237c): Хахах
[07:24:11] ProCto_DS (d3139add-473e-468f-9582-8b46bb0e237c): Емать
[07:24:18] [CAPS] ProCto_DS (d3139add-473e-468f-9582-8b46bb0e237c): здарова
[07:24:40] ProCto_DS (d3139add-473e-468f-9582-8b46bb0e237c): Не мешай повер
[07:25:04] ProCto_DS (d3139add-473e-468f-9582-8b46bb0e237c): Лети
[07:25:25] Nindly (3196f6ce-0e2b-41e1-8fe5-97e8a4e07927): я в ловушке
[07:25:30] ProCto_DS (d3139add-473e-468f-9582-8b46bb0e237c): Хахаха
[07:25:48] Nindly (3196f6ce-0e2b-41e1-8fe5-97e8a4e07927): сенкью
[07:25:50] ProCto_DS (d3139add-473e-468f-9582-8b46bb0e237c): пора бы убрать банки
[07:26:00] ProCto_DS (d3139add-473e-468f-9582-8b46bb0e237c): Nindly, уже база есть?
[07:26:08] Nindly (3196f6ce-0e2b-41e1-8fe5-97e8a4e07927): ну как сказать..
[07:26:13] Nindly (3196f6ce-0e2b-41e1-8fe5-97e8a4e07927): окупировал деревню
[07:26:21] ProCto_DS (d3139add-473e-468f-9582-8b46bb0e237c): Нада)
[07:26:36] Nindly (3196f6ce-0e2b-41e1-8fe5-97e8a4e07927): что нада
[07:26:41] ProCto_DS (d3139add-473e-468f-9582-8b46bb0e237c): Всм
[07:26:45] ProCto_DS (d3139add-473e-468f-9582-8b46bb0e237c): Та просто написал)ъ
[07:26:47] Nindly (3196f6ce-0e2b-41e1-8fe5-97e8a4e07927): а
[07:27:04] Stxywxthme (6ce0cde9-8c92-4c66-96ad-6bffb9dfc01b): кстати тут близко мой старый дом
[07:27:05] Nindly (3196f6ce-0e2b-41e1-8fe5-97e8a4e07927): как думаете, сервер не закрветься через неделю ?
[07:27:14] ProCto_DS (d3139add-473e-468f-9582-8b46bb0e237c): Нет, почему ты так думаешь?
[07:27:18] Nindly (3196f6ce-0e2b-41e1-8fe5-97e8a4e07927): блэ, я опять в ловушке
[07:27:24] Nindly (3196f6ce-0e2b-41e1-8fe5-97e8a4e07927): пасиба
[07:27:25] Stxywxthme (6ce0cde9-8c92-4c66-96ad-6bffb9dfc01b): здесь мой дом
[07:27:29] Nindly (3196f6ce-0e2b-41e1-8fe5-97e8a4e07927): я так не думаю
[07:27:46] Nindly (3196f6ce-0e2b-41e1-8fe5-97e8a4e07927): но обычно такие сервера не долго живут, вот и думаю
[07:28:24] Nindly (3196f6ce-0e2b-41e1-8fe5-97e8a4e07927): утроил підпал
[07:28:31] ProCto_DS (d3139add-473e-468f-9582-8b46bb0e237c): Повер
[07:28:39] ProCto_DS (d3139add-473e-468f-9582-8b46bb0e237c): На форуме хочешь находится?)
[07:28:46] Stxywxthme (6ce0cde9-8c92-4c66-96ad-6bffb9dfc01b): ?
[07:28:51] ProCto_DS (d3139add-473e-468f-9582-8b46bb0e237c): Та ничё
[07:29:06] ProCto_DS (d3139add-473e-468f-9582-8b46bb0e237c): Ща музыку подрублю, и не буду слышать твои молнии
[07:29:28] Nindly (3196f6ce-0e2b-41e1-8fe5-97e8a4e07927): ладно, удачи вам
[07:29:30] Nindly (3196f6ce-0e2b-41e1-8fe5-97e8a4e07927): я спать
[07:29:33] Stxywxthme (6ce0cde9-8c92-4c66-96ad-6bffb9dfc01b): ок
[07:29:34] ProCto_DS (d3139add-473e-468f-9582-8b46bb0e237c): Лан
[07:29:36] ProCto_DS (d3139add-473e-468f-9582-8b46bb0e237c): Пока
[07:29:37] Nindly (3196f6ce-0e2b-41e1-8fe5-97e8a4e07927): после ночной заводской смены
[07:30:23] ProCto_DS (d3139add-473e-468f-9582-8b46bb0e237c): Наковальня найдётся?
[07:30:25] ProCto_DS (d3139add-473e-468f-9582-8b46bb0e237c): Энерго?
[07:30:29] Stxywxthme (6ce0cde9-8c92-4c66-96ad-6bffb9dfc01b): да
[07:31:05] ProCto_DS (d3139add-473e-468f-9582-8b46bb0e237c): на базу свою тп
[07:31:07] Stxywxthme (6ce0cde9-8c92-4c66-96ad-6bffb9dfc01b): не
[07:31:15] Stxywxthme (6ce0cde9-8c92-4c66-96ad-6bffb9dfc01b): база скрытная
[07:31:21] ProCto_DS (d3139add-473e-468f-9582-8b46bb0e237c): Ударить мона?
[07:31:29] ProCto_DS (d3139add-473e-468f-9582-8b46bb0e237c): ээ
[07:31:33] ProCto_DS (d3139add-473e-468f-9582-8b46bb0e237c): а ну квант...
[07:31:46] ProCto_DS (d3139add-473e-468f-9582-8b46bb0e237c): пожалуйста уйдите с базы
[07:31:49] ProCto_DS (d3139add-473e-468f-9582-8b46bb0e237c): Мне еще достраивать)
[07:32:12] ProCto_DS (d3139add-473e-468f-9582-8b46bb0e237c): хы
[07:32:14] Stxywxthme (6ce0cde9-8c92-4c66-96ad-6bffb9dfc01b): 7.5 часов в банке
[07:32:17] ProCto_DS (d3139add-473e-468f-9582-8b46bb0e237c): ЕБАТЬ
[07:32:43] ProCto_DS (d3139add-473e-468f-9582-8b46bb0e237c): Ебать
[07:32:52] Stxywxthme (6ce0cde9-8c92-4c66-96ad-6bffb9dfc01b): наденб
[07:33:01] Stxywxthme (6ce0cde9-8c92-4c66-96ad-6bffb9dfc01b): ахахахахха
[07:33:13] ProCto_DS (d3139add-473e-468f-9582-8b46bb0e237c): Хахах
[07:33:15] ProCto_DS (d3139add-473e-468f-9582-8b46bb0e237c): Заскринь)
[07:33:34] Stxywxthme (6ce0cde9-8c92-4c66-96ad-6bffb9dfc01b): заскринил
[07:33:39] ProCto_DS (d3139add-473e-468f-9582-8b46bb0e237c): В дс чата отправь)
[07:33:42] ProCto_DS (d3139add-473e-468f-9582-8b46bb0e237c): Пусть позырят на нас)
[07:33:56] ProCto_DS (d3139add-473e-468f-9582-8b46bb0e237c): ну и тут мона)
[07:34:01] ProCto_DS (d3139add-473e-468f-9582-8b46bb0e237c): Вставай сюда
[07:38:31] ProCto_DS (d3139add-473e-468f-9582-8b46bb0e237c): хмм
[07:38:33] ProCto_DS (d3139add-473e-468f-9582-8b46bb0e237c): Сюда встань)
[07:38:45] ProCto_DS (d3139add-473e-468f-9582-8b46bb0e237c): А терь скрин?))
[07:38:51] ProCto_DS (d3139add-473e-468f-9582-8b46bb0e237c): Заза
[07:40:21] Stxywxthme (6ce0cde9-8c92-4c66-96ad-6bffb9dfc01b): зделаешь дробитель?
[07:40:32] ProCto_DS (d3139add-473e-468f-9582-8b46bb0e237c): я тут занят(
[07:40:35] ProCto_DS (d3139add-473e-468f-9582-8b46bb0e237c): Какой дробитель)
[07:40:35] Stxywxthme (6ce0cde9-8c92-4c66-96ad-6bffb9dfc01b): чем
[07:40:47] ProCto_DS (d3139add-473e-468f-9582-8b46bb0e237c): базу достраиваю)
[07:40:59] Stxywxthme (6ce0cde9-8c92-4c66-96ad-6bffb9dfc01b): он чинит за что
[07:41:08] ProCto_DS (d3139add-473e-468f-9582-8b46bb0e237c): Мне не над наковальню)
[07:41:28] Stxywxthme (6ce0cde9-8c92-4c66-96ad-6bffb9dfc01b): я могу дать 2 панели и конвертер
[07:41:48] ProCto_DS (d3139add-473e-468f-9582-8b46bb0e237c): Хмм
[07:42:11] Stxywxthme (6ce0cde9-8c92-4c66-96ad-6bffb9dfc01b): дробитель
[07:42:19] Stxywxthme (6ce0cde9-8c92-4c66-96ad-6bffb9dfc01b): распределитель
[07:42:21] ProCto_DS (d3139add-473e-468f-9582-8b46bb0e237c): У мня не стоук ресов)
[07:42:26] Stxywxthme (6ce0cde9-8c92-4c66-96ad-6bffb9dfc01b): магмовый тигель
[07:42:45] Stxywxthme (6ce0cde9-8c92-4c66-96ad-6bffb9dfc01b): ок
[07:42:50] ProCto_DS (d3139add-473e-468f-9582-8b46bb0e237c): А так бы с радостью сделал, но ресов нема)
[07:49:37] Stxywxthme (6ce0cde9-8c92-4c66-96ad-6bffb9dfc01b): я понял
[07:50:45] ProCto_DS (d3139add-473e-468f-9582-8b46bb0e237c): ?
[07:50:49] ProCto_DS (d3139add-473e-468f-9582-8b46bb0e237c): Ты куда
[07:51:41] Stxywxthme (6ce0cde9-8c92-4c66-96ad-6bffb9dfc01b): реально краш игры
[07:51:52] ProCto_DS (d3139add-473e-468f-9582-8b46bb0e237c): ?
[07:52:02] Stxywxthme (6ce0cde9-8c92-4c66-96ad-6bffb9dfc01b): да лилия рейкары
[07:52:10] ProCto_DS (d3139add-473e-468f-9582-8b46bb0e237c): Я базу достроил оценишь?)
[07:53:24] ProCto_DS (d3139add-473e-468f-9582-8b46bb0e237c): Всё
[07:53:25] ProCto_DS (d3139add-473e-468f-9582-8b46bb0e237c): На
[07:53:30] ProCto_DS (d3139add-473e-468f-9582-8b46bb0e237c): Подарок
[07:53:33] Stxywxthme (6ce0cde9-8c92-4c66-96ad-6bffb9dfc01b): ок
[07:53:39] ProCto_DS (d3139add-473e-468f-9582-8b46bb0e237c): Те катушки
[07:53:51] ProCto_DS (d3139add-473e-468f-9582-8b46bb0e237c): хах
[07:53:53] ProCto_DS (d3139add-473e-468f-9582-8b46bb0e237c): Хочешь прикол покажу?
[07:54:11] Stxywxthme (6ce0cde9-8c92-4c66-96ad-6bffb9dfc01b): давай
[07:54:28] ProCto_DS (d3139add-473e-468f-9582-8b46bb0e237c): Тэк
[07:54:59] ProCto_DS (d3139add-473e-468f-9582-8b46bb0e237c): Прикол не получился
[07:55:08] Stxywxthme (6ce0cde9-8c92-4c66-96ad-6bffb9dfc01b): ?
[07:55:10] ProCto_DS (d3139add-473e-468f-9582-8b46bb0e237c): Это спавнер
[07:55:13] Stxywxthme (6ce0cde9-8c92-4c66-96ad-6bffb9dfc01b): да
[07:55:20] ProCto_DS (d3139add-473e-468f-9582-8b46bb0e237c): Спед апгрейды засуну
[07:55:26] ProCto_DS (d3139add-473e-468f-9582-8b46bb0e237c): И беск ифриов буду фармить
[07:55:29] Stxywxthme (6ce0cde9-8c92-4c66-96ad-6bffb9dfc01b): нужен грид
[07:56:08] ProCto_DS (d3139add-473e-468f-9582-8b46bb0e237c): Ща намучу
[07:56:10] ProCto_DS (d3139add-473e-468f-9582-8b46bb0e237c): Отойди
[07:56:53] ProCto_DS (d3139add-473e-468f-9582-8b46bb0e237c): ЕБАТЬ
[07:57:01] Stxywxthme (6ce0cde9-8c92-4c66-96ad-6bffb9dfc01b): ?
[07:57:04] [CAPS] ProCto_DS (d3139add-473e-468f-9582-8b46bb0e237c): получилось
[07:57:10] [CAPS] ProCto_DS (d3139add-473e-468f-9582-8b46bb0e237c): оно без грида заспавнли
[07:57:13] Stxywxthme (6ce0cde9-8c92-4c66-96ad-6bffb9dfc01b): негр
[07:57:23] ProCto_DS (d3139add-473e-468f-9582-8b46bb0e237c): Емать
[07:57:31] ProCto_DS (d3139add-473e-468f-9582-8b46bb0e237c): я с помощью тауму такую ферму могу намутить)
[07:57:38] Stxywxthme (6ce0cde9-8c92-4c66-96ad-6bffb9dfc01b): я могу попробовать выбить душу
[07:57:45] ProCto_DS (d3139add-473e-468f-9582-8b46bb0e237c): Если те нада то окей
[07:58:00] ProCto_DS (d3139add-473e-468f-9582-8b46bb0e237c): Стержни ток мне)
[07:58:42] ProCto_DS (d3139add-473e-468f-9582-8b46bb0e237c): Смари плавка
[07:59:01] ProCto_DS (d3139add-473e-468f-9582-8b46bb0e237c): Всё
[07:59:04] ProCto_DS (d3139add-473e-468f-9582-8b46bb0e237c): дальше он твой
[07:59:55] Stxywxthme (6ce0cde9-8c92-4c66-96ad-6bffb9dfc01b): тебе зачар вещи нужны?
[08:00:01] ProCto_DS (d3139add-473e-468f-9582-8b46bb0e237c): неа
[08:00:24] Stxywxthme (6ce0cde9-8c92-4c66-96ad-6bffb9dfc01b): тут их много падает
[08:00:41] ProCto_DS (d3139add-473e-468f-9582-8b46bb0e237c): Дайка
[08:00:46] ProCto_DS (d3139add-473e-468f-9582-8b46bb0e237c): одну
[08:00:51] ProCto_DS (d3139add-473e-468f-9582-8b46bb0e237c): хмм
[08:00:55] ProCto_DS (d3139add-473e-468f-9582-8b46bb0e237c): На аспекты можна
[08:01:54] ProCto_DS (d3139add-473e-468f-9582-8b46bb0e237c): Те их душа нужна?
[08:01:58] Stxywxthme (6ce0cde9-8c92-4c66-96ad-6bffb9dfc01b): да
[08:02:17] ProCto_DS (d3139add-473e-468f-9582-8b46bb0e237c): улучшение апгрейд спида мона туда засунуть
[08:02:20] ProCto_DS (d3139add-473e-468f-9582-8b46bb0e237c): побыстрее будет)
[08:02:22] Stxywxthme (6ce0cde9-8c92-4c66-96ad-6bffb9dfc01b): давай
[08:02:28] ProCto_DS (d3139add-473e-468f-9582-8b46bb0e237c): Нету(
[08:02:32] ProCto_DS (d3139add-473e-468f-9582-8b46bb0e237c): Там крафт пп
[08:02:55] Stxywxthme (6ce0cde9-8c92-4c66-96ad-6bffb9dfc01b): манулин?
[08:03:00] ProCto_DS (d3139add-473e-468f-9582-8b46bb0e237c): Дэ
[08:03:05] Stxywxthme (6ce0cde9-8c92-4c66-96ad-6bffb9dfc01b): так
[08:03:09] Stxywxthme (6ce0cde9-8c92-4c66-96ad-6bffb9dfc01b): это же изи
[08:03:12] ProCto_DS (d3139add-473e-468f-9582-8b46bb0e237c): стойка
[08:03:18] ProCto_DS (d3139add-473e-468f-9582-8b46bb0e237c): я ща сделаю маньюлин)
[08:03:22] Stxywxthme (6ce0cde9-8c92-4c66-96ad-6bffb9dfc01b): ардит в аду копается
[08:03:25] Stxywxthme (6ce0cde9-8c92-4c66-96ad-6bffb9dfc01b): кобальт здесь
[08:04:25] Stxywxthme (6ce0cde9-8c92-4c66-96ad-6bffb9dfc01b): хммм
[08:04:25] ProCto_DS (d3139add-473e-468f-9582-8b46bb0e237c): арбуз есть?
[08:04:29] Stxywxthme (6ce0cde9-8c92-4c66-96ad-6bffb9dfc01b): нет
[08:04:38] ProCto_DS (d3139add-473e-468f-9582-8b46bb0e237c): Стопэ
[08:04:39] Stxywxthme (6ce0cde9-8c92-4c66-96ad-6bffb9dfc01b): щас подожди
[08:05:46] ProCto_DS (d3139add-473e-468f-9582-8b46bb0e237c): у те мой молот?
[08:05:54] Stxywxthme (6ce0cde9-8c92-4c66-96ad-6bffb9dfc01b): ytn
[08:06:03] ProCto_DS (d3139add-473e-468f-9582-8b46bb0e237c): Ааа воо
[08:06:04] ProCto_DS (d3139add-473e-468f-9582-8b46bb0e237c): Нашёл
[08:06:25] Stxywxthme (6ce0cde9-8c92-4c66-96ad-6bffb9dfc01b): закрой здесь
[08:06:42] Stxywxthme (6ce0cde9-8c92-4c66-96ad-6bffb9dfc01b): и верх
[08:07:36] Stxywxthme (6ce0cde9-8c92-4c66-96ad-6bffb9dfc01b): стак + палок
[08:07:47] Stxywxthme (6ce0cde9-8c92-4c66-96ad-6bffb9dfc01b): и теперь
[08:07:49] Stxywxthme (6ce0cde9-8c92-4c66-96ad-6bffb9dfc01b): на
[08:07:58] Stxywxthme (6ce0cde9-8c92-4c66-96ad-6bffb9dfc01b): ау
[08:08:00] Stxywxthme (6ce0cde9-8c92-4c66-96ad-6bffb9dfc01b): сюда
[08:08:07] ProCto_DS (d3139add-473e-468f-9582-8b46bb0e237c): ?
[08:08:08] Stxywxthme (6ce0cde9-8c92-4c66-96ad-6bffb9dfc01b): ускорь
[08:08:18] ProCto_DS (d3139add-473e-468f-9582-8b46bb0e237c): Ебать
[08:08:28] ProCto_DS (d3139add-473e-468f-9582-8b46bb0e237c): ДУША
[08:08:53] ProCto_DS (d3139add-473e-468f-9582-8b46bb0e237c): бл
[08:08:56] ProCto_DS (d3139add-473e-468f-9582-8b46bb0e237c): Моменталку бы мне
[08:08:57] ProCto_DS (d3139add-473e-468f-9582-8b46bb0e237c): Есть?
[08:09:03] Stxywxthme (6ce0cde9-8c92-4c66-96ad-6bffb9dfc01b): ?
[08:09:07] Stxywxthme (6ce0cde9-8c92-4c66-96ad-6bffb9dfc01b): нае
[08:09:52] Stxywxthme (6ce0cde9-8c92-4c66-96ad-6bffb9dfc01b): забеди
[08:10:42] Stxywxthme (6ce0cde9-8c92-4c66-96ad-6bffb9dfc01b): на
[08:11:18] ProCto_DS (d3139add-473e-468f-9582-8b46bb0e237c): Ааа
[08:11:21] [CAPS] ProCto_DS (d3139add-473e-468f-9582-8b46bb0e237c): арбуз надаа
[08:12:13] ProCto_DS (d3139add-473e-468f-9582-8b46bb0e237c): Ускорить?
[08:12:16] Stxywxthme (6ce0cde9-8c92-4c66-96ad-6bffb9dfc01b): не
[08:12:25] Stxywxthme (6ce0cde9-8c92-4c66-96ad-6bffb9dfc01b): ты че бля
[08:12:42] Stxywxthme (6ce0cde9-8c92-4c66-96ad-6bffb9dfc01b): дай бутыль
[08:12:49] ProCto_DS (d3139add-473e-468f-9582-8b46bb0e237c): я свою юзал
[08:13:22] ProCto_DS (d3139add-473e-468f-9582-8b46bb0e237c): Ща будем их фармить
[08:13:28] Stxywxthme (6ce0cde9-8c92-4c66-96ad-6bffb9dfc01b): 3-4 стака
[08:15:48] ProCto_DS (d3139add-473e-468f-9582-8b46bb0e237c): я забыл что мобы из этого спавнера 2 раза сильнее
[08:22:45] ProCto_DS (d3139add-473e-468f-9582-8b46bb0e237c): а ты чисто с мобов фармил эктоплазму?
[08:22:51] Stxywxthme (6ce0cde9-8c92-4c66-96ad-6bffb9dfc01b): нет
[08:22:55] ProCto_DS (d3139add-473e-468f-9582-8b46bb0e237c): с дерева?
[08:23:06] Stxywxthme (6ce0cde9-8c92-4c66-96ad-6bffb9dfc01b): нет
[08:23:13] Stxywxthme (6ce0cde9-8c92-4c66-96ad-6bffb9dfc01b): не фармил
[08:25:54] Stxywxthme (6ce0cde9-8c92-4c66-96ad-6bffb9dfc01b): dct
[08:25:57] Stxywxthme (6ce0cde9-8c92-4c66-96ad-6bffb9dfc01b): все
[08:25:58] ProCto_DS (d3139add-473e-468f-9582-8b46bb0e237c): ?
[09:22:46] ProCto_DS (d3139add-473e-468f-9582-8b46bb0e237c): ааа
[09:22:48] ProCto_DS (d3139add-473e-468f-9582-8b46bb0e237c): Ночь нада
[10:09:34] ProCto_DS (d3139add-473e-468f-9582-8b46bb0e237c): ура
[10:09:37] ProCto_DS (d3139add-473e-468f-9582-8b46bb0e237c): первый мех нахуй)
[10:17:58] ProCto_DS (d3139add-473e-468f-9582-8b46bb0e237c): Повер, ты тут?
[10:22:08] ProCto_DS (d3139add-473e-468f-9582-8b46bb0e237c): Зач те магмовый тигель и распр жидкости?
[10:24:40] ProCto_DS (d3139add-473e-468f-9582-8b46bb0e237c): бля
[10:24:45] ProCto_DS (d3139add-473e-468f-9582-8b46bb0e237c): нада твайлайт идти
[10:24:51] ProCto_DS (d3139add-473e-468f-9582-8b46bb0e237c): Броню нада норм)
[10:24:53] ProCto_DS (d3139add-473e-468f-9582-8b46bb0e237c): какую же)
[10:25:22] ProCto_DS (d3139add-473e-468f-9582-8b46bb0e237c): душна
[19:11:36] Stxywxthme (6ce0cde9-8c92-4c66-96ad-6bffb9dfc01b): хахахаха 5к пингэ\
[19:11:46] Nergaloff (88da800e-1614-4c65-ace8-c18f7e99e914): красиво
[19:12:02] Stxywxthme (6ce0cde9-8c92-4c66-96ad-6bffb9dfc01b): на самом деле 70
[19:12:18] Nergaloff (88da800e-1614-4c65-ace8-c18f7e99e914): у меня такая же хрень минут 20 назад была
[19:20:03] Stxywxthme (6ce0cde9-8c92-4c66-96ad-6bffb9dfc01b): понятно
[19:36:59] Stxywxthme (6ce0cde9-8c92-4c66-96ad-6bffb9dfc01b): завтра у меня учеба
[19:37:20] Stxywxthme (6ce0cde9-8c92-4c66-96ad-6bffb9dfc01b): не могу
[19:37:23] Stxywxthme (6ce0cde9-8c92-4c66-96ad-6bffb9dfc01b): проверка
[19:49:53] Stxywxthme (6ce0cde9-8c92-4c66-96ad-6bffb9dfc01b): террасталь ура
[22:36:20] VladDoor (f83aa885-2487-4295-b366-193cd21d8701): поехал к бабушке а тут 150 пинг
[22:36:22] VladDoor (f83aa885-2487-4295-b366-193cd21d8701): ебать
[22:36:24] VladDoor (f83aa885-2487-4295-b366-193cd21d8701): терь поиграю
[23:00:23] VladDoor (f83aa885-2487-4295-b366-193cd21d8701): q
[23:11:29] VladDoor (f83aa885-2487-4295-b366-193cd21d8701): как сделать небесный кристал
[23:31:14] VladDoor (f83aa885-2487-4295-b366-193cd21d8701): че делать если для создания кристала
[23:31:26] VladDoor (f83aa885-2487-4295-b366-193cd21d8701): нужно миллион звездного света
[23:31:36] VladDoor (f83aa885-2487-4295-b366-193cd21d8701): даже если на 157 высоте
[23:31:44] VladDoor (f83aa885-2487-4295-b366-193cd21d8701): ну не миллион
[23:31:48] VladDoor (f83aa885-2487-4295-b366-193cd21d8701): а на немного больше
[23:31:58] VladDoor (f83aa885-2487-4295-b366-193cd21d8701): чем есть
[23:32:02] VladDoor (f83aa885-2487-4295-b366-193cd21d8701): на пике
[23:32:24] VladDoor (f83aa885-2487-4295-b366-193cd21d8701): нет не было такого
[23:32:42] VladDoor (f83aa885-2487-4295-b366-193cd21d8701): я хочу сделать сборные кристалы
[23:32:47] VladDoor (f83aa885-2487-4295-b366-193cd21d8701): а их анрил сделать
[23:33:15] VladDoor (f83aa885-2487-4295-b366-193cd21d8701): да
[23:33:26] VladDoor (f83aa885-2487-4295-b366-193cd21d8701): я не про настроеный
[23:33:32] VladDoor (f83aa885-2487-4295-b366-193cd21d8701): я именно в алтаре небесном
[23:33:45] VladDoor (f83aa885-2487-4295-b366-193cd21d8701): сборный
[23:33:49] VladDoor (f83aa885-2487-4295-b366-193cd21d8701): который весит
[23:34:07] Nindly (3196f6ce-0e2b-41e1-8fe5-97e8a4e07927): Куда обращаться о проблемах с донатом ?
[23:34:29] Nindly (3196f6ce-0e2b-41e1-8fe5-97e8a4e07927): В лс вк ?
[23:34:36] VladDoor (f83aa885-2487-4295-b366-193cd21d8701): а типа натыкать возле него реле нада?
[23:34:37] Nindly (3196f6ce-0e2b-41e1-8fe5-97e8a4e07927): а
[23:35:03] Nindly (3196f6ce-0e2b-41e1-8fe5-97e8a4e07927): Можешь мне в лс написать, что бы я мог ответить
[23:35:34] Nindly (3196f6ce-0e2b-41e1-8fe5-97e8a4e07927): А, дс
[23:35:41] Nindly (3196f6ce-0e2b-41e1-8fe5-97e8a4e07927): Момент
[23:36:54] VladDoor (f83aa885-2487-4295-b366-193cd21d8701): а их ставить любо где в радиусе постройки?
[23:37:24] VladDoor (f83aa885-2487-4295-b366-193cd21d8701): два блока
[23:37:44] VladDoor (f83aa885-2487-4295-b366-193cd21d8701): они типа больше света накапливают?
[23:48:20] VladDoor (f83aa885-2487-4295-b366-193cd21d8701): скок
[23:48:28] VladDoor (f83aa885-2487-4295-b366-193cd21d8701): временем потыкаю
[23:52:46] Nindly (3196f6ce-0e2b-41e1-8fe5-97e8a4e07927): Моды нужно развивать в порядке квестов ?
[23:55:21] VladDoor (f83aa885-2487-4295-b366-193cd21d8701): нет
[23:55:32] VladDoor (f83aa885-2487-4295-b366-193cd21d8701): ну вообще да
