[01:49:43] AETERNAL (6015b02d-f272-4154-8209-5e3b23bbc09c): хай
[01:49:49] AETERNAL (6015b02d-f272-4154-8209-5e3b23bbc09c): ну что, как дела?)
[01:52:07] AETERNAL (6015b02d-f272-4154-8209-5e3b23bbc09c): хай
[01:52:36] AETERNAL (6015b02d-f272-4154-8209-5e3b23bbc09c): ну что, как дела у тебя?)
[01:52:54] AETERNAL (6015b02d-f272-4154-8209-5e3b23bbc09c): я щас плагин поднастроил, видно же сообщения мои?
[04:19:39] AETERNAL (6015b02d-f272-4154-8209-5e3b23bbc09c): .
[17:09:22] AETERNAL (6015b02d-f272-4154-8209-5e3b23bbc09c): привет
[17:09:26] AETERNAL (6015b02d-f272-4154-8209-5e3b23bbc09c): как дела?)
[17:10:20] Swat99Swat (9ce303e4-8a19-4d67-82f9-74ca7bafa055): Да только начал
[17:10:26] Swat99Swat (9ce303e4-8a19-4d67-82f9-74ca7bafa055): Только начал
[17:10:49] AETERNAL (6015b02d-f272-4154-8209-5e3b23bbc09c): а, на твайлайте значит сейчас?
[17:10:58] Swat99Swat (9ce303e4-8a19-4d67-82f9-74ca7bafa055): не овер
[17:11:39] AETERNAL (6015b02d-f272-4154-8209-5e3b23bbc09c): давай тиммейтов зови, чтобы не скучно было)
[17:11:47] Swat99Swat (9ce303e4-8a19-4d67-82f9-74ca7bafa055): Я как бы соло игрок
[17:11:52] Swat99Swat (9ce303e4-8a19-4d67-82f9-74ca7bafa055): Друга позвал зайдёт ли хз
[17:11:58] AETERNAL (6015b02d-f272-4154-8209-5e3b23bbc09c): а, как и я впринципе
[17:12:12] Swat99Swat (9ce303e4-8a19-4d67-82f9-74ca7bafa055): Они просто играют день 2 и бросают
[17:12:20] Swat99Swat (9ce303e4-8a19-4d67-82f9-74ca7bafa055): Я то такой же если не понравилось ноо...
[17:12:38] AETERNAL (6015b02d-f272-4154-8209-5e3b23bbc09c): значит тут они за час ливнут xD
[17:12:51] AETERNAL (6015b02d-f272-4154-8209-5e3b23bbc09c): многие не крафты смотрят я так понял, и такие
[17:12:56] Swat99Swat (9ce303e4-8a19-4d67-82f9-74ca7bafa055): Ну ему данжи и мобы нравятся
[17:13:10] Swat99Swat (9ce303e4-8a19-4d67-82f9-74ca7bafa055): А я больше по технологиям
[17:13:18] AETERNAL (6015b02d-f272-4154-8209-5e3b23bbc09c): моя школа)
[17:13:29] Swat99Swat (9ce303e4-8a19-4d67-82f9-74ca7bafa055): После Петра решил отдохнуть )
[17:13:39] Swat99Swat (9ce303e4-8a19-4d67-82f9-74ca7bafa055): Там я сгорел душевно )
[17:14:27] AETERNAL (6015b02d-f272-4154-8209-5e3b23bbc09c): а чё так?
[17:14:31] Swat99Swat (9ce303e4-8a19-4d67-82f9-74ca7bafa055): А проект на топах серверов висит ? или он так по месту
[17:14:44] Swat99Swat (9ce303e4-8a19-4d67-82f9-74ca7bafa055): Да задротил в него постоянно дошел до ZPM и сдался
[17:14:56] AETERNAL (6015b02d-f272-4154-8209-5e3b23bbc09c): я не отвечаю за это, не могу сказать
[17:14:59] Swat99Swat (9ce303e4-8a19-4d67-82f9-74ca7bafa055): Играл на офах вот может вернусь когда то
[17:15:24] AETERNAL (6015b02d-f272-4154-8209-5e3b23bbc09c): я суто по этому серверу и сборке
[17:15:31] Swat99Swat (9ce303e4-8a19-4d67-82f9-74ca7bafa055): А то этот сервер я нашел просто в группе дискорда по IU спросил дайте мне сервер с модов 3+ и вот в лс дали
[17:15:42] AETERNAL (6015b02d-f272-4154-8209-5e3b23bbc09c): так это и я был)))
[17:15:45] Swat99Swat (9ce303e4-8a19-4d67-82f9-74ca7bafa055): :D
[17:15:54] Swat99Swat (9ce303e4-8a19-4d67-82f9-74ca7bafa055): Ну спасибо тебе
[17:16:04] Swat99Swat (9ce303e4-8a19-4d67-82f9-74ca7bafa055): А то я сам нашел только Виктори крафт
[17:16:09] Swat99Swat (9ce303e4-8a19-4d67-82f9-74ca7bafa055): Но там 1.7.10 + ic2
[17:16:12] AETERNAL (6015b02d-f272-4154-8209-5e3b23bbc09c): какие впечатления в начале вообще?
[17:16:17] Swat99Swat (9ce303e4-8a19-4d67-82f9-74ca7bafa055): Больно
[17:16:19] AETERNAL (6015b02d-f272-4154-8209-5e3b23bbc09c): по сложности и тд
[17:16:30] Swat99Swat (9ce303e4-8a19-4d67-82f9-74ca7bafa055): Лично мне пока нехватает dank nullt
[17:16:35] Swat99Swat (9ce303e4-8a19-4d67-82f9-74ca7bafa055): хотя тут куча аналогов
[17:17:04] Swat99Swat (9ce303e4-8a19-4d67-82f9-74ca7bafa055): По квестам не сильно понятно(если ты новичёк ) что делать
[17:17:22] Swat99Swat (9ce303e4-8a19-4d67-82f9-74ca7bafa055): Я по привычке скрафтил дерев кирку
[17:17:29] Swat99Swat (9ce303e4-8a19-4d67-82f9-74ca7bafa055): Сломал 2 блока и понял -_-
[17:17:39] Swat99Swat (9ce303e4-8a19-4d67-82f9-74ca7bafa055): Что тут тинкерс и буры )
[17:17:42] AETERNAL (6015b02d-f272-4154-8209-5e3b23bbc09c): сборка сама по себе в стиле Expert
[17:17:47] Swat99Swat (9ce303e4-8a19-4d67-82f9-74ca7bafa055): Enigmatica ?
[17:17:50] Swat99Swat (9ce303e4-8a19-4d67-82f9-74ca7bafa055): Или просто
[17:17:55] AETERNAL (6015b02d-f272-4154-8209-5e3b23bbc09c): лайт версии к сожалению не будет, на 1.12 так точно
[17:18:07] AETERNAL (6015b02d-f272-4154-8209-5e3b23bbc09c): я не играл в Enigmatic'y
[17:18:16] Swat99Swat (9ce303e4-8a19-4d67-82f9-74ca7bafa055): Ну мне бешенно нравится Ore Excavator
[17:18:16] AETERNAL (6015b02d-f272-4154-8209-5e3b23bbc09c): не могу сравнить
[17:18:22] Swat99Swat (9ce303e4-8a19-4d67-82f9-74ca7bafa055): Это второй сервер где он есть
[17:18:29] AETERNAL (6015b02d-f272-4154-8209-5e3b23bbc09c): та без него пиздец был бы если честно
[17:18:46] AETERNAL (6015b02d-f272-4154-8209-5e3b23bbc09c): он вписывается в баланс тут
[17:18:50] AETERNAL (6015b02d-f272-4154-8209-5e3b23bbc09c): ибо много блоков надо
[17:19:03] AETERNAL (6015b02d-f272-4154-8209-5e3b23bbc09c): а копать это всё по 1 блоку ну такое себе
[17:19:31] AETERNAL (6015b02d-f272-4154-8209-5e3b23bbc09c): ну, что могу сказать, в начале да, сложно
[17:19:45] AETERNAL (6015b02d-f272-4154-8209-5e3b23bbc09c): ибо мало того что ресурсов нужно много, так ещё и операций в плане крафта
[17:20:09] AETERNAL (6015b02d-f272-4154-8209-5e3b23bbc09c): после мэ там уже конечно намного легче
[17:20:13] Swat99Swat (9ce303e4-8a19-4d67-82f9-74ca7bafa055): На некоторых серверах досипор копают в один блок
[17:20:27] Swat99Swat (9ce303e4-8a19-4d67-82f9-74ca7bafa055): Рецепт ме я ещё не смотрел(Боюсь)
[17:20:33] AETERNAL (6015b02d-f272-4154-8209-5e3b23bbc09c): главное до производителя микросхем дойти
[17:20:41] AETERNAL (6015b02d-f272-4154-8209-5e3b23bbc09c): мы как раз вот с тимом дошли
[17:21:02] AETERNAL (6015b02d-f272-4154-8209-5e3b23bbc09c): в сумме около 5 игровых дней
[17:21:06] AETERNAL (6015b02d-f272-4154-8209-5e3b23bbc09c): вышло
[17:21:10] AETERNAL (6015b02d-f272-4154-8209-5e3b23bbc09c): да и то мы на чилле
[17:21:48] Swat99Swat (9ce303e4-8a19-4d67-82f9-74ca7bafa055): А количество хомов растёт ?
[17:22:00] Swat99Swat (9ce303e4-8a19-4d67-82f9-74ca7bafa055): ./sethome
[17:22:27] AETERNAL (6015b02d-f272-4154-8209-5e3b23bbc09c): если не ошибаюсь
[17:22:37] AETERNAL (6015b02d-f272-4154-8209-5e3b23bbc09c): у игрока то ли 2, то ли 4 хома
[17:22:49] Swat99Swat (9ce303e4-8a19-4d67-82f9-74ca7bafa055): У меня просто 1
[17:22:49] AETERNAL (6015b02d-f272-4154-8209-5e3b23bbc09c): подзабыл немногог
[17:23:00] AETERNAL (6015b02d-f272-4154-8209-5e3b23bbc09c): таак....
[17:23:06] Swat99Swat (9ce303e4-8a19-4d67-82f9-74ca7bafa055): На сайте написано что каждые 3 часа растёт вроде что то
[17:26:43] Swat99Swat (9ce303e4-8a19-4d67-82f9-74ca7bafa055): Я так и хотел 1 дома 2 в путишествии )
[17:27:08] Swat99Swat (9ce303e4-8a19-4d67-82f9-74ca7bafa055): А рукоять для сундука из чего ?
[17:27:14] Swat99Swat (9ce303e4-8a19-4d67-82f9-74ca7bafa055): Явно не кобла )
[17:27:35] Swat99Swat (9ce303e4-8a19-4d67-82f9-74ca7bafa055): Кобла не катит
[17:28:51] Swat99Swat (9ce303e4-8a19-4d67-82f9-74ca7bafa055): Неа )
[17:28:57] Swat99Swat (9ce303e4-8a19-4d67-82f9-74ca7bafa055): И дерево и кабла не катит
[17:29:06] Swat99Swat (9ce303e4-8a19-4d67-82f9-74ca7bafa055): С деревом я проверил ещё и обычную рукоять
[17:29:40] AETERNAL (6015b02d-f272-4154-8209-5e3b23bbc09c): ща будем тестить
[17:29:58] AETERNAL (6015b02d-f272-4154-8209-5e3b23bbc09c): .
[17:30:02] AETERNAL (6015b02d-f272-4154-8209-5e3b23bbc09c): home
[17:30:15] AETERNAL (6015b02d-f272-4154-8209-5e3b23bbc09c): действительно
[17:31:22] Swat99Swat (9ce303e4-8a19-4d67-82f9-74ca7bafa055): Ну а рецепт сундука последний который с дерева крафтится не робит )
[17:31:37] Swat99Swat (9ce303e4-8a19-4d67-82f9-74ca7bafa055): Хотя это было ожидаемо
[17:33:33] AETERNAL (6015b02d-f272-4154-8209-5e3b23bbc09c): проверяй хомі
[17:33:44] Swat99Swat (9ce303e4-8a19-4d67-82f9-74ca7bafa055): +
[17:33:56] AETERNAL (6015b02d-f272-4154-8209-5e3b23bbc09c): там крафт из дерево это просто визуал, к сожалению не смог его убрать
[17:34:27] Swat99Swat (9ce303e4-8a19-4d67-82f9-74ca7bafa055): Рили )
[17:34:37] Swat99Swat (9ce303e4-8a19-4d67-82f9-74ca7bafa055): А я час стоял и думал где взять сундук :D
[17:35:25] Swat99Swat (9ce303e4-8a19-4d67-82f9-74ca7bafa055): Приват же FTB ?
[17:35:31] Swat99Swat (9ce303e4-8a19-4d67-82f9-74ca7bafa055): Или смысла нет в привате
[17:35:59] AETERNAL (6015b02d-f272-4154-8209-5e3b23bbc09c): приват через WG
[17:36:10] AETERNAL (6015b02d-f272-4154-8209-5e3b23bbc09c): но можешь поверх него ещё бахнуть от FRB
[17:36:24] Swat99Swat (9ce303e4-8a19-4d67-82f9-74ca7bafa055): :D двойная защита )
[17:36:24] AETERNAL (6015b02d-f272-4154-8209-5e3b23bbc09c): у фтб защита от грифа лучше
[17:39:34] Swat99Swat (9ce303e4-8a19-4d67-82f9-74ca7bafa055): ля
[17:40:00] AETERNAL (6015b02d-f272-4154-8209-5e3b23bbc09c): если будут ещё какие то проблемы обращайся либо в лс либо в дс групу)
[17:40:08] Swat99Swat (9ce303e4-8a19-4d67-82f9-74ca7bafa055): Окей спасибо
[17:40:14] AETERNAL (6015b02d-f272-4154-8209-5e3b23bbc09c): я пошёл, удачи
[19:34:51] AETERNAL (6015b02d-f272-4154-8209-5e3b23bbc09c): к слову, ты же в курсе о /kit start?
[19:35:01] Swat99Swat (9ce303e4-8a19-4d67-82f9-74ca7bafa055): ne я привык без него
[19:35:01] AETERNAL (6015b02d-f272-4154-8209-5e3b23bbc09c): просто некоторые игроки не замечали
[19:35:04] Swat99Swat (9ce303e4-8a19-4d67-82f9-74ca7bafa055): даже не пытался
[19:35:09] Swat99Swat (9ce303e4-8a19-4d67-82f9-74ca7bafa055): Его вписывать
[19:35:12] Swat99Swat (9ce303e4-8a19-4d67-82f9-74ca7bafa055): xD
[19:35:26] AETERNAL (6015b02d-f272-4154-8209-5e3b23bbc09c): ооо, так ты ещё больший любитель хардкора чем я)
[22:50:00] Swat99Swat (9ce303e4-8a19-4d67-82f9-74ca7bafa055): :(
