[11:09:22] Swat99Swat (9ce303e4-8a19-4d67-82f9-74ca7bafa055): Ура новичёк
[11:09:27] Swat99Swat (9ce303e4-8a19-4d67-82f9-74ca7bafa055): Я ждал этого 1000 лет
[11:09:34] freqos (1a9d7385-fee9-4769-ac9d-6afff3d994a4): ееее
[11:09:37] freqos (1a9d7385-fee9-4769-ac9d-6afff3d994a4): ееее
[12:28:25] Swat99Swat (9ce303e4-8a19-4d67-82f9-74ca7bafa055): Писец
[12:41:45] PrySHio (53d10e20-e320-4876-a33a-c9b8e5781449): Убей еще 100 драконов)
[12:41:54] Swat99Swat (9ce303e4-8a19-4d67-82f9-74ca7bafa055): Мне 1 хватило )
[12:42:06] PrySHio (53d10e20-e320-4876-a33a-c9b8e5781449): Ну жаль
[12:48:34] Swat99Swat (9ce303e4-8a19-4d67-82f9-74ca7bafa055): И да для призыва дракона же нужны энд кристалы
[12:48:46] PrySHio (53d10e20-e320-4876-a33a-c9b8e5781449): Ты забыл кто я?
[12:48:51] Swat99Swat (9ce303e4-8a19-4d67-82f9-74ca7bafa055): :D
[20:11:20] AETERNAL (6015b02d-f272-4154-8209-5e3b23bbc09c): хай
[20:11:29] Swat99Swat (9ce303e4-8a19-4d67-82f9-74ca7bafa055): Прив
[20:12:42] AETERNAL (6015b02d-f272-4154-8209-5e3b23bbc09c): я обосрался от звука
[20:12:51] Swat99Swat (9ce303e4-8a19-4d67-82f9-74ca7bafa055): ?
[20:13:21] AETERNAL (6015b02d-f272-4154-8209-5e3b23bbc09c): ну там когда дохнешь, звук всем идёт
[20:13:27] Swat99Swat (9ce303e4-8a19-4d67-82f9-74ca7bafa055): Кек
[20:13:44] AETERNAL (6015b02d-f272-4154-8209-5e3b23bbc09c): вот так
[20:13:45] Swat99Swat (9ce303e4-8a19-4d67-82f9-74ca7bafa055): оо
[20:44:34] Swat99Swat (9ce303e4-8a19-4d67-82f9-74ca7bafa055): Мда крафт конечно Me Driver писец
[20:55:20] Swat99Swat (9ce303e4-8a19-4d67-82f9-74ca7bafa055): Ура хоть какая то ме
[20:57:13] Swat99Swat (9ce303e4-8a19-4d67-82f9-74ca7bafa055): (
[22:32:31] Swat99Swat (9ce303e4-8a19-4d67-82f9-74ca7bafa055): ТАк в WG привате визер вообще блоки не ломает ?
[22:32:36] AETERNAL (6015b02d-f272-4154-8209-5e3b23bbc09c): -
[22:32:53] Swat99Swat (9ce303e4-8a19-4d67-82f9-74ca7bafa055): Я просто с каблы сделал и заприватил коробку
[22:32:58] Swat99Swat (9ce303e4-8a19-4d67-82f9-74ca7bafa055): В надежде на лучшее )))
[22:33:09] AETERNAL (6015b02d-f272-4154-8209-5e3b23bbc09c): он ничего не сможет сломать
[22:33:17] AETERNAL (6015b02d-f272-4154-8209-5e3b23bbc09c): силёнок не хватит
[22:33:29] Swat99Swat (9ce303e4-8a19-4d67-82f9-74ca7bafa055): ломает
[22:33:49] Swat99Swat (9ce303e4-8a19-4d67-82f9-74ca7bafa055): Каблу сломал в двойном привате
[22:34:13] Swat99Swat (9ce303e4-8a19-4d67-82f9-74ca7bafa055): у меня коробка только в привате была
[22:34:19] Swat99Swat (9ce303e4-8a19-4d67-82f9-74ca7bafa055): + пару блоков в стороны
[22:35:12] Swat99Swat (9ce303e4-8a19-4d67-82f9-74ca7bafa055): я флаги не ставил
[22:35:18] Swat99Swat (9ce303e4-8a19-4d67-82f9-74ca7bafa055): они же автоматом поидеи
[22:35:25] AETERNAL (6015b02d-f272-4154-8209-5e3b23bbc09c): щас
[22:35:28] AETERNAL (6015b02d-f272-4154-8209-5e3b23bbc09c): ничерта не виже
[22:35:43] AETERNAL (6015b02d-f272-4154-8209-5e3b23bbc09c): где приват
[22:35:57] Swat99Swat (9ce303e4-8a19-4d67-82f9-74ca7bafa055): ./rg select
[22:35:59] Swat99Swat (9ce303e4-8a19-4d67-82f9-74ca7bafa055): вроде можно
[22:36:06] Swat99Swat (9ce303e4-8a19-4d67-82f9-74ca7bafa055): но я его решил увеличить
[22:36:28] Swat99Swat (9ce303e4-8a19-4d67-82f9-74ca7bafa055): переприватил
[22:38:10] Swat99Swat (9ce303e4-8a19-4d67-82f9-74ca7bafa055): АААА
[22:38:12] Swat99Swat (9ce303e4-8a19-4d67-82f9-74ca7bafa055): флагов 000
[22:38:14] Swat99Swat (9ce303e4-8a19-4d67-82f9-74ca7bafa055): вообще их нет
[22:38:24] Swat99Swat (9ce303e4-8a19-4d67-82f9-74ca7bafa055): ./rg info
[22:38:28] Swat99Swat (9ce303e4-8a19-4d67-82f9-74ca7bafa055): тупо 0
[22:39:09] AETERNAL (6015b02d-f272-4154-8209-5e3b23bbc09c): запривать ка этот чанк
[22:39:32] Swat99Swat (9ce303e4-8a19-4d67-82f9-74ca7bafa055): всё
[22:40:01] AETERNAL (6015b02d-f272-4154-8209-5e3b23bbc09c): щас
[22:40:56] AETERNAL (6015b02d-f272-4154-8209-5e3b23bbc09c): я вас понял
[22:42:30] Swat99Swat (9ce303e4-8a19-4d67-82f9-74ca7bafa055): прав терь нет :D
[22:42:34] AETERNAL (6015b02d-f272-4154-8209-5e3b23bbc09c): всм
[22:42:36] Swat99Swat (9ce303e4-8a19-4d67-82f9-74ca7bafa055): в этом рг
[22:42:38] Swat99Swat (9ce303e4-8a19-4d67-82f9-74ca7bafa055): строить не могу
[22:42:38] AETERNAL (6015b02d-f272-4154-8209-5e3b23bbc09c): ч'
[22:43:11] Swat99Swat (9ce303e4-8a19-4d67-82f9-74ca7bafa055): во
[22:43:15] AETERNAL (6015b02d-f272-4154-8209-5e3b23bbc09c): wither-damage
[22:43:18] Swat99Swat (9ce303e4-8a19-4d67-82f9-74ca7bafa055): +
[22:43:20] Swat99Swat (9ce303e4-8a19-4d67-82f9-74ca7bafa055): я увидел
[22:43:25] AETERNAL (6015b02d-f272-4154-8209-5e3b23bbc09c): ну я попробую в стандартные прописать.....
[22:43:31] AETERNAL (6015b02d-f272-4154-8209-5e3b23bbc09c): но ничего не обещаю
[22:43:34] AETERNAL (6015b02d-f272-4154-8209-5e3b23bbc09c): там гемор
[22:44:04] AETERNAL (6015b02d-f272-4154-8209-5e3b23bbc09c): попробуй ты флаг такой прописать
[22:44:14] AETERNAL (6015b02d-f272-4154-8209-5e3b23bbc09c): права есть?
[22:44:37] Swat99Swat (9ce303e4-8a19-4d67-82f9-74ca7bafa055): у меня такого флага нет
[22:44:54] AETERNAL (6015b02d-f272-4154-8209-5e3b23bbc09c): wither-damage
[22:45:13] Swat99Swat (9ce303e4-8a19-4d67-82f9-74ca7bafa055): прав нет
[22:45:21] AETERNAL (6015b02d-f272-4154-8209-5e3b23bbc09c): щас
[22:45:23] AETERNAL (6015b02d-f272-4154-8209-5e3b23bbc09c): пробуй
[22:45:27] Swat99Swat (9ce303e4-8a19-4d67-82f9-74ca7bafa055): я скрин скинул что у меня есть
[22:45:30] Swat99Swat (9ce303e4-8a19-4d67-82f9-74ca7bafa055): во
[22:45:37] AETERNAL (6015b02d-f272-4154-8209-5e3b23bbc09c): wither-damage
[22:45:45] Swat99Swat (9ce303e4-8a19-4d67-82f9-74ca7bafa055): +
[22:45:52] AETERNAL (6015b02d-f272-4154-8209-5e3b23bbc09c): можешь?
[22:45:54] Swat99Swat (9ce303e4-8a19-4d67-82f9-74ca7bafa055): +
[22:46:00] AETERNAL (6015b02d-f272-4154-8209-5e3b23bbc09c): окей
[22:46:01] Swat99Swat (9ce303e4-8a19-4d67-82f9-74ca7bafa055): allow это разрешить ?
[22:46:06] Swat99Swat (9ce303e4-8a19-4d67-82f9-74ca7bafa055): ломать
[22:46:13] AETERNAL (6015b02d-f272-4154-8209-5e3b23bbc09c): как нибудь разберусь ещё со стандартными флагами
[22:46:15] AETERNAL (6015b02d-f272-4154-8209-5e3b23bbc09c): да
[22:46:19] AETERNAL (6015b02d-f272-4154-8209-5e3b23bbc09c): deny запрет
[22:46:20] Swat99Swat (9ce303e4-8a19-4d67-82f9-74ca7bafa055): ок спасиб
[22:46:31] Swat99Swat (9ce303e4-8a19-4d67-82f9-74ca7bafa055): а то в ме чуток вышел а верстака нет
[22:46:34] Swat99Swat (9ce303e4-8a19-4d67-82f9-74ca7bafa055): с аваритии
[22:47:08] AETERNAL (6015b02d-f272-4154-8209-5e3b23bbc09c): верстак вернул
[22:47:14] Swat99Swat (9ce303e4-8a19-4d67-82f9-74ca7bafa055): всм
[22:47:21] Swat99Swat (9ce303e4-8a19-4d67-82f9-74ca7bafa055): у меня его и небыло :D
[22:47:56] AETERNAL (6015b02d-f272-4154-8209-5e3b23bbc09c): ты говорил что прилетело в верстак
[22:47:57] AETERNAL (6015b02d-f272-4154-8209-5e3b23bbc09c): нет
[22:48:03] Swat99Swat (9ce303e4-8a19-4d67-82f9-74ca7bafa055): нее
[22:48:08] Swat99Swat (9ce303e4-8a19-4d67-82f9-74ca7bafa055): просто что ломает блоки
[22:48:18] AETERNAL (6015b02d-f272-4154-8209-5e3b23bbc09c): окей
[22:48:36] Swat99Swat (9ce303e4-8a19-4d67-82f9-74ca7bafa055): Спасибо за помощь
[22:48:47] AETERNAL (6015b02d-f272-4154-8209-5e3b23bbc09c): та незачто
[22:55:17] Swat99Swat (9ce303e4-8a19-4d67-82f9-74ca7bafa055): А сообщения о смерти мобов тебе тоже в чат пишет ?
[22:55:36] AETERNAL (6015b02d-f272-4154-8209-5e3b23bbc09c): ага, из-за того что они по сути с нейм-тегом
[22:55:40] AETERNAL (6015b02d-f272-4154-8209-5e3b23bbc09c): єто миньёны
[22:55:45] AETERNAL (6015b02d-f272-4154-8209-5e3b23bbc09c): эти
[22:55:59] Swat99Swat (9ce303e4-8a19-4d67-82f9-74ca7bafa055): жостко
[22:56:10] AETERNAL (6015b02d-f272-4154-8209-5e3b23bbc09c): мод надо переписать, у меня некогда
[23:05:58] AETERNAL (6015b02d-f272-4154-8209-5e3b23bbc09c): хочешь на карик глянуть?
[23:06:11] Swat99Swat (9ce303e4-8a19-4d67-82f9-74ca7bafa055): go
[23:06:15] Swat99Swat (9ce303e4-8a19-4d67-82f9-74ca7bafa055): Как раз перед сном
[23:06:15] AETERNAL (6015b02d-f272-4154-8209-5e3b23bbc09c): tps
[23:06:18] AETERNAL (6015b02d-f272-4154-8209-5e3b23bbc09c): tpa
[23:06:28] AETERNAL (6015b02d-f272-4154-8209-5e3b23bbc09c): из астралки
[23:06:44] AETERNAL (6015b02d-f272-4154-8209-5e3b23bbc09c): созвездие светит, он руды генерит
[23:06:54] AETERNAL (6015b02d-f272-4154-8209-5e3b23bbc09c): передаю нодой
[23:06:58] AETERNAL (6015b02d-f272-4154-8209-5e3b23bbc09c): выхлоп
[23:07:09] Swat99Swat (9ce303e4-8a19-4d67-82f9-74ca7bafa055): имба какая то
[23:07:16] AETERNAL (6015b02d-f272-4154-8209-5e3b23bbc09c): та не
[23:07:18] AETERNAL (6015b02d-f272-4154-8209-5e3b23bbc09c): нормально
[23:07:43] AETERNAL (6015b02d-f272-4154-8209-5e3b23bbc09c): до утра будет фулл сундук)
[23:08:03] AETERNAL (6015b02d-f272-4154-8209-5e3b23bbc09c): ну его ещё сделать надо
[23:08:14] AETERNAL (6015b02d-f272-4154-8209-5e3b23bbc09c): + там шанс на руды доволльно отбалансированный
[23:08:43] AETERNAL (6015b02d-f272-4154-8209-5e3b23bbc09c): труб только нету нормальный
[23:08:50] Swat99Swat (9ce303e4-8a19-4d67-82f9-74ca7bafa055): ))
[23:08:50] AETERNAL (6015b02d-f272-4154-8209-5e3b23bbc09c): та и мне лень уже делать
[23:09:08] AETERNAL (6015b02d-f272-4154-8209-5e3b23bbc09c): как то так
[23:09:17] AETERNAL (6015b02d-f272-4154-8209-5e3b23bbc09c): первая автоматическая фармилка руд
[23:10:19] AETERNAL (6015b02d-f272-4154-8209-5e3b23bbc09c): лан, я пойду, надо дальше к экзамену готовится
[23:10:28] Swat99Swat (9ce303e4-8a19-4d67-82f9-74ca7bafa055): А я на завод
[23:10:31] Swat99Swat (9ce303e4-8a19-4d67-82f9-74ca7bafa055): Споки )
[23:10:34] AETERNAL (6015b02d-f272-4154-8209-5e3b23bbc09c): где работаешь?
