[07:34:24] ProCto_DS (d3139add-473e-468f-9582-8b46bb0e237c): ВЫПАЛ
[07:34:30] [CAPS] ProCto_DS (d3139add-473e-468f-9582-8b46bb0e237c): он выпал
[07:34:34] [CAPS] ProCto_DS (d3139add-473e-468f-9582-8b46bb0e237c): ааааааааааааааааааааааааааааааааааааааааааааааааааааааааа
[08:07:51] ProCto_DS (d3139add-473e-468f-9582-8b46bb0e237c): ДА
[08:08:08] ProCto_DS (d3139add-473e-468f-9582-8b46bb0e237c): Ща осмат сделаю, потом незер шард
[08:08:10] ProCto_DS (d3139add-473e-468f-9582-8b46bb0e237c): +
[08:09:16] ProCto_DS (d3139add-473e-468f-9582-8b46bb0e237c): Зайдёшь
[08:09:17] ProCto_DS (d3139add-473e-468f-9582-8b46bb0e237c): ?
[08:12:08] ProCto_DS (d3139add-473e-468f-9582-8b46bb0e237c): Каеф
[08:12:11] ProCto_DS (d3139add-473e-468f-9582-8b46bb0e237c): Осмат готов
[08:24:01] [CAPS] ProCto_DS (d3139add-473e-468f-9582-8b46bb0e237c): ооооооооооооооооо
[08:30:41] ProCto_DS (d3139add-473e-468f-9582-8b46bb0e237c): тьфу
[08:30:43] ProCto_DS (d3139add-473e-468f-9582-8b46bb0e237c): Тьфу
[08:30:44] ProCto_DS (d3139add-473e-468f-9582-8b46bb0e237c): Тьфу
[08:35:37] ProCto_DS (d3139add-473e-468f-9582-8b46bb0e237c): ?
[08:36:07] ProCto_DS (d3139add-473e-468f-9582-8b46bb0e237c): я сделал ихор
[08:36:15] [CAPS] ProCto_DS (d3139add-473e-468f-9582-8b46bb0e237c): я блять его сделал
[08:36:24] ProCto_DS (d3139add-473e-468f-9582-8b46bb0e237c): Ща из него одну херню мутить буду
[08:37:06] ProCto_DS (d3139add-473e-468f-9582-8b46bb0e237c): незер шадр выпал чёт быстро
[10:22:07] ProCto_DS (d3139add-473e-468f-9582-8b46bb0e237c): ку)
[10:22:09] Nergaloff (88da800e-1614-4c65-ace8-c18f7e99e914): q
[10:22:33] ProCto_DS (d3139add-473e-468f-9582-8b46bb0e237c): Всё ради этой курткы
[10:22:38] Nergaloff (88da800e-1614-4c65-ace8-c18f7e99e914): пон
[10:22:58] ProCto_DS (d3139add-473e-468f-9582-8b46bb0e237c): И полёта
[10:23:09] ProCto_DS (d3139add-473e-468f-9582-8b46bb0e237c): Аа
[10:23:13] ProCto_DS (d3139add-473e-468f-9582-8b46bb0e237c): Тыж говорил что у те есть
[10:23:16] ProCto_DS (d3139add-473e-468f-9582-8b46bb0e237c): Шарды
[10:23:21] Nergaloff (88da800e-1614-4c65-ace8-c18f7e99e914): ща
[10:23:58] ProCto_DS (d3139add-473e-468f-9582-8b46bb0e237c): Эндер шардом нема?
[10:24:00] Nergaloff (88da800e-1614-4c65-ace8-c18f7e99e914): ytn
[10:24:01] Nergaloff (88da800e-1614-4c65-ace8-c18f7e99e914): нет
[10:24:14] ProCto_DS (d3139add-473e-468f-9582-8b46bb0e237c): Продашь чар столик
[10:24:22] ProCto_DS (d3139add-473e-468f-9582-8b46bb0e237c): Чёт осмат из таума тупит
[10:24:39] Nergaloff (88da800e-1614-4c65-ace8-c18f7e99e914): у меня нет
[10:24:41] Nergaloff (88da800e-1614-4c65-ace8-c18f7e99e914): а делать в падлу
[10:25:19] ProCto_DS (d3139add-473e-468f-9582-8b46bb0e237c): лад
[10:25:23] ProCto_DS (d3139add-473e-468f-9582-8b46bb0e237c): Спасибо хоть за это
[10:25:26] Nergaloff (88da800e-1614-4c65-ace8-c18f7e99e914): нез
[10:27:20] ProCto_DS (d3139add-473e-468f-9582-8b46bb0e237c): Та бля
[10:27:22] ProCto_DS (d3139add-473e-468f-9582-8b46bb0e237c): Что за хуйня
[10:27:36] Nergaloff (88da800e-1614-4c65-ace8-c18f7e99e914): ?
[10:27:44] ProCto_DS (d3139add-473e-468f-9582-8b46bb0e237c): Осмат дохлый шоли
[10:39:06] Nergaloff (88da800e-1614-4c65-ace8-c18f7e99e914): тепнулся домой и вылетел лол
[10:39:13] ProCto_DS (d3139add-473e-468f-9582-8b46bb0e237c): Цветок хоруса есть?
[10:39:37] Nergaloff (88da800e-1614-4c65-ace8-c18f7e99e914): стак есть
[10:39:44] ProCto_DS (d3139add-473e-468f-9582-8b46bb0e237c): За 42 цинка норм?
[10:39:53] Nergaloff (88da800e-1614-4c65-ace8-c18f7e99e914): ну давай
[10:40:08] ProCto_DS (d3139add-473e-468f-9582-8b46bb0e237c): тп
[10:40:53] ProCto_DS (d3139add-473e-468f-9582-8b46bb0e237c): на
[10:40:56] ProCto_DS (d3139add-473e-468f-9582-8b46bb0e237c): Даже больше)
[10:41:00] Nergaloff (88da800e-1614-4c65-ace8-c18f7e99e914): спасибо
[17:45:19] gluck97 (6e22b281-f6f7-4195-adf6-e456b6680156): ку
