[11:19:30] Swat99Swat (9ce303e4-8a19-4d67-82f9-74ca7bafa055): PrySHio у вас рядом есть данж с кристалом из astral sorcery ?
[11:19:59] Swat99Swat (9ce303e4-8a19-4d67-82f9-74ca7bafa055): Я за 3 часа нашел только 1 и то без него -_-
[11:20:39] PrySHio (53d10e20-e320-4876-a33a-c9b8e5781449): Рядом без понятия
[11:21:09] Swat99Swat (9ce303e4-8a19-4d67-82f9-74ca7bafa055): Ну а координаты дальнего ?
[11:22:16] PrySHio (53d10e20-e320-4876-a33a-c9b8e5781449): Я на карте только с фонтаном вижу
[11:22:30] Swat99Swat (9ce303e4-8a19-4d67-82f9-74ca7bafa055): Таких полно :(
[11:31:59] Swat99Swat (9ce303e4-8a19-4d67-82f9-74ca7bafa055): А скрафтить этот верстак сможешь ? ресурсы на него дам.
[11:33:15] PrySHio (53d10e20-e320-4876-a33a-c9b8e5781449): Где его крафтить?
[11:33:20] PrySHio (53d10e20-e320-4876-a33a-c9b8e5781449): Я не шарю за астрал
[11:33:25] Swat99Swat (9ce303e4-8a19-4d67-82f9-74ca7bafa055): на уже готов верстаке
[11:33:38] Swat99Swat (9ce303e4-8a19-4d67-82f9-74ca7bafa055): Он у вас должен быть если есть ботания
[11:34:28] PrySHio (53d10e20-e320-4876-a33a-c9b8e5781449): Ну допустим давай
[11:34:42] Swat99Swat (9ce303e4-8a19-4d67-82f9-74ca7bafa055): Только ночь нужна )
[11:35:09] PrySHio (53d10e20-e320-4876-a33a-c9b8e5781449): Тут?
[11:35:13] Swat99Swat (9ce303e4-8a19-4d67-82f9-74ca7bafa055): da
[11:35:19] Swat99Swat (9ce303e4-8a19-4d67-82f9-74ca7bafa055): только это большой уровень
[11:35:24] Swat99Swat (9ce303e4-8a19-4d67-82f9-74ca7bafa055): рецепт видно показывает ?
[11:35:30] PrySHio (53d10e20-e320-4876-a33a-c9b8e5781449): Нет
[11:35:38] Swat99Swat (9ce303e4-8a19-4d67-82f9-74ca7bafa055): тогда жопчик
[11:35:59] Swat99Swat (9ce303e4-8a19-4d67-82f9-74ca7bafa055): нужно ждать твоего сожителя я в этом моде тоже новичёк
[11:36:13] PrySHio (53d10e20-e320-4876-a33a-c9b8e5781449): Я без понятия когда он придет
[11:36:20] Swat99Swat (9ce303e4-8a19-4d67-82f9-74ca7bafa055): ну я не спешу )
[11:36:50] PrySHio (53d10e20-e320-4876-a33a-c9b8e5781449): "Я в ближайшее время не зайду Считай что я пропал"
[11:36:52] PrySHio (53d10e20-e320-4876-a33a-c9b8e5781449): Его слова
[11:36:59] Swat99Swat (9ce303e4-8a19-4d67-82f9-74ca7bafa055): xD
[11:37:08] Swat99Swat (9ce303e4-8a19-4d67-82f9-74ca7bafa055): ну тогда я дальше буду искать данж ;D
[11:37:17] Swat99Swat (9ce303e4-8a19-4d67-82f9-74ca7bafa055): ладно спасибо
[11:37:23] PrySHio (53d10e20-e320-4876-a33a-c9b8e5781449): Нез
[12:29:06] Swat99Swat (9ce303e4-8a19-4d67-82f9-74ca7bafa055): Оказывается есть верстак с кристалом на спавне
[12:29:12] Swat99Swat (9ce303e4-8a19-4d67-82f9-74ca7bafa055): Но я не могу его открыть ;)
[12:29:13] PrySHio (53d10e20-e320-4876-a33a-c9b8e5781449): xD
[12:29:34] PrySHio (53d10e20-e320-4876-a33a-c9b8e5781449): Это он мог его поставить
[12:29:46] PrySHio (53d10e20-e320-4876-a33a-c9b8e5781449): Для себя
[12:29:51] Swat99Swat (9ce303e4-8a19-4d67-82f9-74ca7bafa055): да не
[12:29:59] Swat99Swat (9ce303e4-8a19-4d67-82f9-74ca7bafa055): мне кажется он просто забыл
[12:30:05] Swat99Swat (9ce303e4-8a19-4d67-82f9-74ca7bafa055): дать доступ
[12:30:08] Swat99Swat (9ce303e4-8a19-4d67-82f9-74ca7bafa055): зарядка то есть
[12:31:19] Swat99Swat (9ce303e4-8a19-4d67-82f9-74ca7bafa055): Спсибо за верстак )
[12:33:24] PrySHio (53d10e20-e320-4876-a33a-c9b8e5781449): Спасибо в карман не положешь)
[12:33:37] Swat99Swat (9ce303e4-8a19-4d67-82f9-74ca7bafa055): :D
[12:33:50] Swat99Swat (9ce303e4-8a19-4d67-82f9-74ca7bafa055): Построю статую в твою честь :D
[12:43:42] PrySHio (53d10e20-e320-4876-a33a-c9b8e5781449): Обернись
[12:43:51] PrySHio (53d10e20-e320-4876-a33a-c9b8e5781449): Да ты дурак
[12:43:53] PrySHio (53d10e20-e320-4876-a33a-c9b8e5781449): В жизни
[12:44:04] PrySHio (53d10e20-e320-4876-a33a-c9b8e5781449): Зачем ты в майне обернулся
[12:44:14] Swat99Swat (9ce303e4-8a19-4d67-82f9-74ca7bafa055): ?
[12:44:18] Swat99Swat (9ce303e4-8a19-4d67-82f9-74ca7bafa055): ?
[12:44:25] PrySHio (53d10e20-e320-4876-a33a-c9b8e5781449): ?
[12:44:38] Swat99Swat (9ce303e4-8a19-4d67-82f9-74ca7bafa055): Ты в ванише
[12:44:42] Swat99Swat (9ce303e4-8a19-4d67-82f9-74ca7bafa055): Чё там делаешь
[12:45:16] PrySHio (53d10e20-e320-4876-a33a-c9b8e5781449): Че делаю
[12:47:14] Swat99Swat (9ce303e4-8a19-4d67-82f9-74ca7bafa055): Этим верстаком я так и не могу пользоватся )
[12:47:28] PrySHio (53d10e20-e320-4876-a33a-c9b8e5781449): xD
[12:47:30] Swat99Swat (9ce303e4-8a19-4d67-82f9-74ca7bafa055): скорее всего из за того что не сам скрафтил
[12:47:31] Swat99Swat (9ce303e4-8a19-4d67-82f9-74ca7bafa055): :(
[12:47:41] Swat99Swat (9ce303e4-8a19-4d67-82f9-74ca7bafa055): у меня просто рецепт не отображает
[12:47:48] PrySHio (53d10e20-e320-4876-a33a-c9b8e5781449): Да чет сомниваюсь
[12:47:57] Swat99Swat (9ce303e4-8a19-4d67-82f9-74ca7bafa055): ну я гайд глянул
[12:48:00] Swat99Swat (9ce303e4-8a19-4d67-82f9-74ca7bafa055): :D
[12:48:02] PrySHio (53d10e20-e320-4876-a33a-c9b8e5781449): У меня тоже
[16:54:36] AETERNAL (6015b02d-f272-4154-8209-5e3b23bbc09c): шляпа
[16:55:57] PrySHio (53d10e20-e320-4876-a33a-c9b8e5781449): Нихуя ты спавн вырезал)
[16:56:05] AETERNAL (6015b02d-f272-4154-8209-5e3b23bbc09c): всмысле
[16:56:14] PrySHio (53d10e20-e320-4876-a33a-c9b8e5781449): Или ты тепнул меня7
[16:56:17] AETERNAL (6015b02d-f272-4154-8209-5e3b23bbc09c): тепнул
[16:56:19] PrySHio (53d10e20-e320-4876-a33a-c9b8e5781449): а бля
[16:56:24] PrySHio (53d10e20-e320-4876-a33a-c9b8e5781449): Ну ладно
[16:56:39] Swat99Swat (9ce303e4-8a19-4d67-82f9-74ca7bafa055): а я просрал самую ценную вещь в игре(так я думаю)
[16:56:46] Swat99Swat (9ce303e4-8a19-4d67-82f9-74ca7bafa055): причём не шибу куда
[16:56:46] AETERNAL (6015b02d-f272-4154-8209-5e3b23bbc09c): какую
[16:56:48] Swat99Swat (9ce303e4-8a19-4d67-82f9-74ca7bafa055): и как
[16:56:50] Swat99Swat (9ce303e4-8a19-4d67-82f9-74ca7bafa055): время
[16:56:54] Swat99Swat (9ce303e4-8a19-4d67-82f9-74ca7bafa055): бутылку времени
[16:56:58] AETERNAL (6015b02d-f272-4154-8209-5e3b23bbc09c): xD
[16:57:01] Swat99Swat (9ce303e4-8a19-4d67-82f9-74ca7bafa055): 12 часов
[16:57:09] Swat99Swat (9ce303e4-8a19-4d67-82f9-74ca7bafa055): реальных было вот скрафтил новую
[16:57:09] PrySHio (53d10e20-e320-4876-a33a-c9b8e5781449): Я 30ч всерал
[16:57:10] AETERNAL (6015b02d-f272-4154-8209-5e3b23bbc09c): понимаю
[16:57:18] AETERNAL (6015b02d-f272-4154-8209-5e3b23bbc09c): у меня щас 42)
[16:57:27] PrySHio (53d10e20-e320-4876-a33a-c9b8e5781449): У меня 48
[16:58:54] PrySHio (53d10e20-e320-4876-a33a-c9b8e5781449): Эт че
[16:58:57] AETERNAL (6015b02d-f272-4154-8209-5e3b23bbc09c): варп
[16:59:02] PrySHio (53d10e20-e320-4876-a33a-c9b8e5781449): Нихуя
[16:59:05] PrySHio (53d10e20-e320-4876-a33a-c9b8e5781449): Для чего
[16:59:07] AETERNAL (6015b02d-f272-4154-8209-5e3b23bbc09c): кристаоорв в мире нет
[17:01:23] PrySHio (53d10e20-e320-4876-a33a-c9b8e5781449): Бро
[17:01:32] PrySHio (53d10e20-e320-4876-a33a-c9b8e5781449): А есть аддон на таум для 1.12.2
[17:01:36] PrySHio (53d10e20-e320-4876-a33a-c9b8e5781449): Щас название скажу
[17:02:16] PrySHio (53d10e20-e320-4876-a33a-c9b8e5781449): ForgottenRelic
[17:02:22] AETERNAL (6015b02d-f272-4154-8209-5e3b23bbc09c): -
[17:02:28] PrySHio (53d10e20-e320-4876-a33a-c9b8e5781449): Пизда
[17:03:10] PrySHio (53d10e20-e320-4876-a33a-c9b8e5781449): Как сигили из блуда работают на 1.12.2?
[17:03:18] AETERNAL (6015b02d-f272-4154-8209-5e3b23bbc09c): сигилят
[17:03:31] AETERNAL (6015b02d-f272-4154-8209-5e3b23bbc09c): я хз как они работают на 1.7
[17:04:07] PrySHio (53d10e20-e320-4876-a33a-c9b8e5781449): Ну типо активировал и они тебя пиздят если в твоей сети ее нет
[17:04:16] PrySHio (53d10e20-e320-4876-a33a-c9b8e5781449): Крови
[17:04:21] AETERNAL (6015b02d-f272-4154-8209-5e3b23bbc09c): ну да
[17:06:14] PrySHio (53d10e20-e320-4876-a33a-c9b8e5781449): Бля че это такое
[17:06:22] PrySHio (53d10e20-e320-4876-a33a-c9b8e5781449): Какая то матрица из праха деда
[17:06:27] PrySHio (53d10e20-e320-4876-a33a-c9b8e5781449): Пеплы какие то
[17:06:36] AETERNAL (6015b02d-f272-4154-8209-5e3b23bbc09c): а ты чё хотел
[17:06:44] PrySHio (53d10e20-e320-4876-a33a-c9b8e5781449): Как на 1.7.10)
[17:07:03] Swat99Swat (9ce303e4-8a19-4d67-82f9-74ca7bafa055): Да текстурки там были красивее
[17:07:31] PrySHio (53d10e20-e320-4876-a33a-c9b8e5781449): Не зря же я наиграл +- 8к ч на 1.7.10
[17:07:56] Swat99Swat (9ce303e4-8a19-4d67-82f9-74ca7bafa055): А в другие версии ?
[17:08:12] PrySHio (53d10e20-e320-4876-a33a-c9b8e5781449): Не больше 250ч в сумме)
[17:08:16] Swat99Swat (9ce303e4-8a19-4d67-82f9-74ca7bafa055): :D
[17:08:20] PrySHio (53d10e20-e320-4876-a33a-c9b8e5781449): Не считая ваннилу
[17:08:54] Swat99Swat (9ce303e4-8a19-4d67-82f9-74ca7bafa055): Я хз сколько у меня сумарно но думаю дохуа
[17:09:05] Swat99Swat (9ce303e4-8a19-4d67-82f9-74ca7bafa055): Только в доте у меня 10к часов
[17:09:11] Swat99Swat (9ce303e4-8a19-4d67-82f9-74ca7bafa055): -_-
[17:09:27] Swat99Swat (9ce303e4-8a19-4d67-82f9-74ca7bafa055): Ну а майн мне нравится куда больше
[17:10:09] PrySHio (53d10e20-e320-4876-a33a-c9b8e5781449): Swat99Swat
[17:10:13] Swat99Swat (9ce303e4-8a19-4d67-82f9-74ca7bafa055): da
[17:10:16] PrySHio (53d10e20-e320-4876-a33a-c9b8e5781449): Запили мне сигил быстрого копания
[17:10:22] Swat99Swat (9ce303e4-8a19-4d67-82f9-74ca7bafa055): :D
[17:10:26] PrySHio (53d10e20-e320-4876-a33a-c9b8e5781449): Я тебе насру за это чем нибудь
[17:10:43] Swat99Swat (9ce303e4-8a19-4d67-82f9-74ca7bafa055): Сделай вакцинатор из Thermala и зелье копки 4
[17:10:56] Swat99Swat (9ce303e4-8a19-4d67-82f9-74ca7bafa055): Лучше сигила будет
[17:10:56] PrySHio (53d10e20-e320-4876-a33a-c9b8e5781449): Не хочу
[17:11:18] PrySHio (53d10e20-e320-4876-a33a-c9b8e5781449): Можно сделать подвеску с ускорением 2
[17:11:21] PrySHio (53d10e20-e320-4876-a33a-c9b8e5781449): + сигил
[17:11:29] PrySHio (53d10e20-e320-4876-a33a-c9b8e5781449): Тоже не хило будет
[17:11:44] Swat99Swat (9ce303e4-8a19-4d67-82f9-74ca7bafa055): А лучше квантовый карьер сделать
[17:11:49] PrySHio (53d10e20-e320-4876-a33a-c9b8e5781449): По факту
[17:11:51] AETERNAL (6015b02d-f272-4154-8209-5e3b23bbc09c): :D
[17:11:55] PrySHio (53d10e20-e320-4876-a33a-c9b8e5781449): Прям щас могу кста
[17:12:01] PrySHio (53d10e20-e320-4876-a33a-c9b8e5781449): Но кое кто не одобрит
[17:12:16] Swat99Swat (9ce303e4-8a19-4d67-82f9-74ca7bafa055): По шапке ему
[17:12:23] Swat99Swat (9ce303e4-8a19-4d67-82f9-74ca7bafa055): )
[17:12:28] PrySHio (53d10e20-e320-4876-a33a-c9b8e5781449): Кому?
[17:12:34] PrySHio (53d10e20-e320-4876-a33a-c9b8e5781449): Мне или AETERNAL?)
[17:12:36] Swat99Swat (9ce303e4-8a19-4d67-82f9-74ca7bafa055): А кто не одобрит ?
[17:12:40] PrySHio (53d10e20-e320-4876-a33a-c9b8e5781449): AETERNAL
[17:12:44] AETERNAL (6015b02d-f272-4154-8209-5e3b23bbc09c): прикольно ты придумал)))
[17:12:46] Swat99Swat (9ce303e4-8a19-4d67-82f9-74ca7bafa055): Ну ты теперь знаешь кому
[17:13:23] AETERNAL (6015b02d-f272-4154-8209-5e3b23bbc09c): Swat99Swat я тебя хочу
[17:13:25] AETERNAL (6015b02d-f272-4154-8209-5e3b23bbc09c): сюда
[17:13:28] Swat99Swat (9ce303e4-8a19-4d67-82f9-74ca7bafa055): ?
[17:13:45] PrySHio (53d10e20-e320-4876-a33a-c9b8e5781449): Если ты не понял он тебя хочет
[17:13:46] PrySHio (53d10e20-e320-4876-a33a-c9b8e5781449): ))))))
[17:13:55] Swat99Swat (9ce303e4-8a19-4d67-82f9-74ca7bafa055): Ненада
[17:14:21] AETERNAL (6015b02d-f272-4154-8209-5e3b23bbc09c): как варп создать то ёпты
[17:14:26] AETERNAL (6015b02d-f272-4154-8209-5e3b23bbc09c): забыл что-ли команду
[17:15:27] PrySHio (53d10e20-e320-4876-a33a-c9b8e5781449): БРо
[17:15:35] PrySHio (53d10e20-e320-4876-a33a-c9b8e5781449): Настрой команду ворлд
[17:15:43] AETERNAL (6015b02d-f272-4154-8209-5e3b23bbc09c): кого
[17:15:55] PrySHio (53d10e20-e320-4876-a33a-c9b8e5781449): world
[17:16:04] AETERNAL (6015b02d-f272-4154-8209-5e3b23bbc09c): чё это
[17:16:17] PrySHio (53d10e20-e320-4876-a33a-c9b8e5781449): Она тепает 2 раза в обычное измерение и в какие то нн миры с модов
[17:16:25] PrySHio (53d10e20-e320-4876-a33a-c9b8e5781449): Ну пропиши и узнаешь
[17:16:30] AETERNAL (6015b02d-f272-4154-8209-5e3b23bbc09c): прописао
[17:16:32] AETERNAL (6015b02d-f272-4154-8209-5e3b23bbc09c): ничего
[17:16:42] PrySHio (53d10e20-e320-4876-a33a-c9b8e5781449): Цифру после команды
[17:16:44] PrySHio (53d10e20-e320-4876-a33a-c9b8e5781449): 0-5
[17:16:46] AETERNAL (6015b02d-f272-4154-8209-5e3b23bbc09c): а бля
[17:16:52] AETERNAL (6015b02d-f272-4154-8209-5e3b23bbc09c): ну так ты оп
[17:16:57] AETERNAL (6015b02d-f272-4154-8209-5e3b23bbc09c): чё ты жалуешся
[17:17:17] PrySHio (53d10e20-e320-4876-a33a-c9b8e5781449): Я жалаюсь что оно не правильно работает)))
[17:17:24] AETERNAL (6015b02d-f272-4154-8209-5e3b23bbc09c): а как должно
[17:17:41] PrySHio (53d10e20-e320-4876-a33a-c9b8e5781449): Как минимум в ад и в край тепать
[17:17:51] PrySHio (53d10e20-e320-4876-a33a-c9b8e5781449): А не в нн измерения из каких то модов
[17:18:25] AETERNAL (6015b02d-f272-4154-8209-5e3b23bbc09c): Swat99Swat /warp Astral
[17:18:37] Swat99Swat (9ce303e4-8a19-4d67-82f9-74ca7bafa055): Дай доступ
[17:18:39] Swat99Swat (9ce303e4-8a19-4d67-82f9-74ca7bafa055): К варпу
[17:18:48] Swat99Swat (9ce303e4-8a19-4d67-82f9-74ca7bafa055): ./warp
[17:19:05] Swat99Swat (9ce303e4-8a19-4d67-82f9-74ca7bafa055): ооо
[17:19:12] PrySHio (53d10e20-e320-4876-a33a-c9b8e5781449): Капец обычные игроки бедные
[17:19:17] PrySHio (53d10e20-e320-4876-a33a-c9b8e5781449): Как мне повезло)
[17:19:20] AETERNAL (6015b02d-f272-4154-8209-5e3b23bbc09c): попробуй
[17:19:25] AETERNAL (6015b02d-f272-4154-8209-5e3b23bbc09c): заюзать
[17:19:32] Swat99Swat (9ce303e4-8a19-4d67-82f9-74ca7bafa055): не
[17:19:35] AETERNAL (6015b02d-f272-4154-8209-5e3b23bbc09c): рг?
[17:19:39] Swat99Swat (9ce303e4-8a19-4d67-82f9-74ca7bafa055): да
[17:19:48] PrySHio (53d10e20-e320-4876-a33a-c9b8e5781449): Флаг поставь
[17:19:56] Swat99Swat (9ce303e4-8a19-4d67-82f9-74ca7bafa055): воо
[17:19:59] AETERNAL (6015b02d-f272-4154-8209-5e3b23bbc09c): та оно чё то на моды не воркает
[17:20:19] Swat99Swat (9ce303e4-8a19-4d67-82f9-74ca7bafa055): всё теперь могу начинать
[17:20:22] Swat99Swat (9ce303e4-8a19-4d67-82f9-74ca7bafa055): спасибо
[17:20:24] AETERNAL (6015b02d-f272-4154-8209-5e3b23bbc09c): только вот
[17:20:29] AETERNAL (6015b02d-f272-4154-8209-5e3b23bbc09c): как ты руду сделаешь
[17:20:30] AETERNAL (6015b02d-f272-4154-8209-5e3b23bbc09c): xD
[17:20:38] Swat99Swat (9ce303e4-8a19-4d67-82f9-74ca7bafa055): ммм
[17:20:39] AETERNAL (6015b02d-f272-4154-8209-5e3b23bbc09c): щас
[17:20:41] Swat99Swat (9ce303e4-8a19-4d67-82f9-74ca7bafa055): и руды нет :)
[17:20:42] PrySHio (53d10e20-e320-4876-a33a-c9b8e5781449): Какую?
[17:20:47] AETERNAL (6015b02d-f272-4154-8209-5e3b23bbc09c): зв метал
[17:21:20] PrySHio (53d10e20-e320-4876-a33a-c9b8e5781449): Нахуя с просил если не ебу как ее делать и нахуя она нужна
[17:21:21] PrySHio (53d10e20-e320-4876-a33a-c9b8e5781449): )
[17:24:35] Swat99Swat (9ce303e4-8a19-4d67-82f9-74ca7bafa055): Лава чарм неработает :(
[17:33:20] AETERNAL (6015b02d-f272-4154-8209-5e3b23bbc09c): домен чё то
[17:33:28] PrySHio (53d10e20-e320-4876-a33a-c9b8e5781449): На перекур отошел)
[17:34:49] AETERNAL (6015b02d-f272-4154-8209-5e3b23bbc09c): тп
[17:35:04] AETERNAL (6015b02d-f272-4154-8209-5e3b23bbc09c): .
[17:35:08] AETERNAL (6015b02d-f272-4154-8209-5e3b23bbc09c): Swat99Swat
[17:35:16] Swat99Swat (9ce303e4-8a19-4d67-82f9-74ca7bafa055): sek
[17:36:33] AETERNAL (6015b02d-f272-4154-8209-5e3b23bbc09c): врпом
[17:36:55] Swat99Swat (9ce303e4-8a19-4d67-82f9-74ca7bafa055): Nea
[17:37:25] AETERNAL (6015b02d-f272-4154-8209-5e3b23bbc09c): а теперь
[17:37:34] Swat99Swat (9ce303e4-8a19-4d67-82f9-74ca7bafa055): Nea
[17:38:16] Swat99Swat (9ce303e4-8a19-4d67-82f9-74ca7bafa055): /warp warps /warpinfo /warp name неработают
[17:39:26] AETERNAL (6015b02d-f272-4154-8209-5e3b23bbc09c): а щас
[17:39:45] AETERNAL (6015b02d-f272-4154-8209-5e3b23bbc09c): сотри кака я фишка
[17:39:49] Swat99Swat (9ce303e4-8a19-4d67-82f9-74ca7bafa055): но список глянуть не могу
[17:40:04] AETERNAL (6015b02d-f272-4154-8209-5e3b23bbc09c): кидай руду
[17:40:08] AETERNAL (6015b02d-f272-4154-8209-5e3b23bbc09c): видишь вакуумки стоят
[17:40:09] PrySHio (53d10e20-e320-4876-a33a-c9b8e5781449): Просто warp напиши
[17:40:18] PrySHio (53d10e20-e320-4876-a33a-c9b8e5781449): Там все должы показать
[17:40:26] Swat99Swat (9ce303e4-8a19-4d67-82f9-74ca7bafa055): нет доступа
[17:40:39] Swat99Swat (9ce303e4-8a19-4d67-82f9-74ca7bafa055): изначально варп и писал
[17:40:44] Swat99Swat (9ce303e4-8a19-4d67-82f9-74ca7bafa055): а потом уже имя
[17:40:47] PrySHio (53d10e20-e320-4876-a33a-c9b8e5781449): Тяжело
[17:40:53] PrySHio (53d10e20-e320-4876-a33a-c9b8e5781449): Быть игроком)
[17:41:01] Swat99Swat (9ce303e4-8a19-4d67-82f9-74ca7bafa055): ну вакуумки я открыть не смогу же
[17:41:03] PrySHio (53d10e20-e320-4876-a33a-c9b8e5781449): Нихуя
[17:41:08] PrySHio (53d10e20-e320-4876-a33a-c9b8e5781449): На пианино заиграл
[17:41:31] PrySHio (53d10e20-e320-4876-a33a-c9b8e5781449): Кирку положи
[17:41:44] PrySHio (53d10e20-e320-4876-a33a-c9b8e5781449): Или ему не надо
[17:41:47] Swat99Swat (9ce303e4-8a19-4d67-82f9-74ca7bafa055): не над
[17:42:18] AETERNAL (6015b02d-f272-4154-8209-5e3b23bbc09c): убери свою
[17:42:18] Swat99Swat (9ce303e4-8a19-4d67-82f9-74ca7bafa055): а не проще обмен какой то сделать ?
[17:42:35] AETERNAL (6015b02d-f272-4154-8209-5e3b23bbc09c): уже поздно
[17:42:38] Swat99Swat (9ce303e4-8a19-4d67-82f9-74ca7bafa055): там через жителя или плагин на торговлю или мод на автомат
[17:42:38] PrySHio (53d10e20-e320-4876-a33a-c9b8e5781449): Так моя беск прочность
[17:42:49] Swat99Swat (9ce303e4-8a19-4d67-82f9-74ca7bafa055): оо
[17:44:04] AETERNAL (6015b02d-f272-4154-8209-5e3b23bbc09c): ну фсё
[17:44:07] AETERNAL (6015b02d-f272-4154-8209-5e3b23bbc09c): готово
[17:44:36] PrySHio (53d10e20-e320-4876-a33a-c9b8e5781449): И себался типок
[17:44:44] PrySHio (53d10e20-e320-4876-a33a-c9b8e5781449): Это он руду кидал?
[17:44:47] AETERNAL (6015b02d-f272-4154-8209-5e3b23bbc09c): я
[17:44:49] PrySHio (53d10e20-e320-4876-a33a-c9b8e5781449): а
[17:45:04] PrySHio (53d10e20-e320-4876-a33a-c9b8e5781449): А реально
[17:45:14] PrySHio (53d10e20-e320-4876-a33a-c9b8e5781449): Не проще было бы сделать просто обменник
[17:45:33] PrySHio (53d10e20-e320-4876-a33a-c9b8e5781449): Там 8 или 16 руды на 1 руду
[17:45:48] AETERNAL (6015b02d-f272-4154-8209-5e3b23bbc09c): воздно
[17:45:53] AETERNAL (6015b02d-f272-4154-8209-5e3b23bbc09c): п
[17:46:03] PrySHio (53d10e20-e320-4876-a33a-c9b8e5781449): Тебе лень?)
[17:46:08] PrySHio (53d10e20-e320-4876-a33a-c9b8e5781449): Спавн мобов тут офни
[17:46:09] AETERNAL (6015b02d-f272-4154-8209-5e3b23bbc09c): уже сделал
[17:46:11] AETERNAL (6015b02d-f272-4154-8209-5e3b23bbc09c): так что да
[17:47:12] AETERNAL (6015b02d-f272-4154-8209-5e3b23bbc09c): бу
[17:47:52] AETERNAL (6015b02d-f272-4154-8209-5e3b23bbc09c): расстраиваешся уже по немногу
[17:48:05] PrySHio (53d10e20-e320-4876-a33a-c9b8e5781449): Всм растраиваюсь
[17:48:13] Swat99Swat (9ce303e4-8a19-4d67-82f9-74ca7bafa055): ад жоский
[17:48:21] PrySHio (53d10e20-e320-4876-a33a-c9b8e5781449): А ты ему)
[17:48:24] AETERNAL (6015b02d-f272-4154-8209-5e3b23bbc09c): есть такое
[17:48:26] Swat99Swat (9ce303e4-8a19-4d67-82f9-74ca7bafa055): приходится плавать на лодке в нём
[17:48:31] AETERNAL (6015b02d-f272-4154-8209-5e3b23bbc09c): xD
[17:48:41] AETERNAL (6015b02d-f272-4154-8209-5e3b23bbc09c): а что ты там говорил
[17:48:45] AETERNAL (6015b02d-f272-4154-8209-5e3b23bbc09c): что чарм не работает
[17:48:48] Swat99Swat (9ce303e4-8a19-4d67-82f9-74ca7bafa055): вот
[17:48:56] PrySHio (53d10e20-e320-4876-a33a-c9b8e5781449): Слых
[17:49:00] Swat99Swat (9ce303e4-8a19-4d67-82f9-74ca7bafa055): разлей лаву под собой
[17:49:01] PrySHio (53d10e20-e320-4876-a33a-c9b8e5781449): Добавь мод на лифт
[17:49:10] Swat99Swat (9ce303e4-8a19-4d67-82f9-74ca7bafa055): и увидишь он должен баф давать на время
[17:49:16] Swat99Swat (9ce303e4-8a19-4d67-82f9-74ca7bafa055): а ты горишь
[17:50:31] Swat99Swat (9ce303e4-8a19-4d67-82f9-74ca7bafa055): слава богу мне этот выпал
[17:50:35] AETERNAL (6015b02d-f272-4154-8209-5e3b23bbc09c): вот секрет
[17:50:38] AETERNAL (6015b02d-f272-4154-8209-5e3b23bbc09c): он работает
[17:50:49] AETERNAL (6015b02d-f272-4154-8209-5e3b23bbc09c): читать надо ниже
[17:51:19] AETERNAL (6015b02d-f272-4154-8209-5e3b23bbc09c): обсидиановый череп нужен в инвентаре
[17:51:23] Swat99Swat (9ce303e4-8a19-4d67-82f9-74ca7bafa055): ясно -_-
[17:51:25] Swat99Swat (9ce303e4-8a19-4d67-82f9-74ca7bafa055): спс
[17:51:34] Swat99Swat (9ce303e4-8a19-4d67-82f9-74ca7bafa055): раньше он так работал
[17:51:37] Swat99Swat (9ce303e4-8a19-4d67-82f9-74ca7bafa055): я и не читал
[17:52:13] Swat99Swat (9ce303e4-8a19-4d67-82f9-74ca7bafa055): говна тут много
[17:52:23] PrySHio (53d10e20-e320-4876-a33a-c9b8e5781449): Делаем вывод
[17:52:29] Swat99Swat (9ce303e4-8a19-4d67-82f9-74ca7bafa055): :D
[17:52:31] PrySHio (53d10e20-e320-4876-a33a-c9b8e5781449): Раньше было лучше
[17:52:35] Swat99Swat (9ce303e4-8a19-4d67-82f9-74ca7bafa055): +
[17:52:47] Swat99Swat (9ce303e4-8a19-4d67-82f9-74ca7bafa055): А на 1.18 + играл PrySHio
[17:52:58] PrySHio (53d10e20-e320-4876-a33a-c9b8e5781449): Макс 1.16.5
[17:52:59] Swat99Swat (9ce303e4-8a19-4d67-82f9-74ca7bafa055): Я зашел глянул на пещеры и вышел
[17:53:00] PrySHio (53d10e20-e320-4876-a33a-c9b8e5781449): Атм 6
[17:53:14] PrySHio (53d10e20-e320-4876-a33a-c9b8e5781449): Ну а ваннилу играл на самой последней
[17:53:15] AETERNAL (6015b02d-f272-4154-8209-5e3b23bbc09c): чёт я вижу слишком легко тебе PrySHio
[17:53:23] PrySHio (53d10e20-e320-4876-a33a-c9b8e5781449): Ты о чем)
[17:53:36] AETERNAL (6015b02d-f272-4154-8209-5e3b23bbc09c): и обнову я забыл залить
[17:53:52] PrySHio (53d10e20-e320-4876-a33a-c9b8e5781449): Всм легко
[17:53:56] PrySHio (53d10e20-e320-4876-a33a-c9b8e5781449): Нихуя мне не легко
[17:54:04] Swat99Swat (9ce303e4-8a19-4d67-82f9-74ca7bafa055): Согласен
[17:54:15] Swat99Swat (9ce303e4-8a19-4d67-82f9-74ca7bafa055): Как я уже говорил начало тут похлеще gtnh
[17:54:28] Swat99Swat (9ce303e4-8a19-4d67-82f9-74ca7bafa055): Там по квестам ведут тебя за ручку
[17:54:36] Swat99Swat (9ce303e4-8a19-4d67-82f9-74ca7bafa055): А тут сам думай какой генератор первый
[17:54:49] PrySHio (53d10e20-e320-4876-a33a-c9b8e5781449): Я 2 суток чистого онлайна въебал чтобы мэ сделать
[17:54:54] PrySHio (53d10e20-e320-4876-a33a-c9b8e5781449): И то автокрафтов пока нет
[17:55:20] AETERNAL (6015b02d-f272-4154-8209-5e3b23bbc09c): ладно ладно
[17:56:59] AETERNAL (6015b02d-f272-4154-8209-5e3b23bbc09c): щас залью обнову и я ушёл
[17:57:16] PrySHio (53d10e20-e320-4876-a33a-c9b8e5781449): Пиздец
[17:57:25] Swat99Swat (9ce303e4-8a19-4d67-82f9-74ca7bafa055): ээ
[17:57:33] Swat99Swat (9ce303e4-8a19-4d67-82f9-74ca7bafa055): А как руду добыть рок кристал
[17:57:38] Swat99Swat (9ce303e4-8a19-4d67-82f9-74ca7bafa055): astral sorcery
[17:57:40] AETERNAL (6015b02d-f272-4154-8209-5e3b23bbc09c): у меня нету времени играть
[17:57:51] PrySHio (53d10e20-e320-4876-a33a-c9b8e5781449): Найди)
[17:57:52] AETERNAL (6015b02d-f272-4154-8209-5e3b23bbc09c): искать в мире с резонирующим жезлом в руке
[17:57:54] AETERNAL (6015b02d-f272-4154-8209-5e3b23bbc09c): ночью
[17:58:03] Swat99Swat (9ce303e4-8a19-4d67-82f9-74ca7bafa055): фух думал её тоже нет
[17:58:04] PrySHio (53d10e20-e320-4876-a33a-c9b8e5781449): Я ее на рандом нашел
[17:58:06] AETERNAL (6015b02d-f272-4154-8209-5e3b23bbc09c): они как правило на 1-5 высоте
[17:58:29] AETERNAL (6015b02d-f272-4154-8209-5e3b23bbc09c): xD
[17:58:31] PrySHio (53d10e20-e320-4876-a33a-c9b8e5781449): Блять
[17:58:37] PrySHio (53d10e20-e320-4876-a33a-c9b8e5781449): 2 миссклика
[17:58:53] AETERNAL (6015b02d-f272-4154-8209-5e3b23bbc09c): слава богу там нету кнопки остановить сервер
[17:58:59] PrySHio (53d10e20-e320-4876-a33a-c9b8e5781449): xD
[17:59:25] PrySHio (53d10e20-e320-4876-a33a-c9b8e5781449): Так че
[17:59:32] AETERNAL (6015b02d-f272-4154-8209-5e3b23bbc09c): чё
[17:59:37] PrySHio (53d10e20-e320-4876-a33a-c9b8e5781449): Давай я сделаю мод и перенесу предметы из контент твикера
[17:59:45] AETERNAL (6015b02d-f272-4154-8209-5e3b23bbc09c): нет
[17:59:49] PrySHio (53d10e20-e320-4876-a33a-c9b8e5781449): (
[18:00:03] AETERNAL (6015b02d-f272-4154-8209-5e3b23bbc09c): у меня свой мод
[18:00:18] PrySHio (53d10e20-e320-4876-a33a-c9b8e5781449): Так он тоже был бы твоим)
[18:00:25] AETERNAL (6015b02d-f272-4154-8209-5e3b23bbc09c): не в том плане
[18:00:29] AETERNAL (6015b02d-f272-4154-8209-5e3b23bbc09c): другие планы
[18:00:41] PrySHio (53d10e20-e320-4876-a33a-c9b8e5781449): Деловой какой
[18:00:44] PrySHio (53d10e20-e320-4876-a33a-c9b8e5781449): Планы у него другие
[18:00:53] AETERNAL (6015b02d-f272-4154-8209-5e3b23bbc09c): прозвучало по уёбски конечно
[18:00:59] PrySHio (53d10e20-e320-4876-a33a-c9b8e5781449): xD
[18:01:20] PrySHio (53d10e20-e320-4876-a33a-c9b8e5781449): Сука
[18:01:28] PrySHio (53d10e20-e320-4876-a33a-c9b8e5781449): Почему 1 корпус реактора а не 4
[18:02:29] Swat99Swat (9ce303e4-8a19-4d67-82f9-74ca7bafa055): Нифигасе 5 кристалов с 1 руды выпали
[18:07:03] AETERNAL (6015b02d-f272-4154-8209-5e3b23bbc09c): обнову залил
[18:07:09] PrySHio (53d10e20-e320-4876-a33a-c9b8e5781449): Дс чек
[18:07:15] AETERNAL (6015b02d-f272-4154-8209-5e3b23bbc09c): каждый раз аж 4 лаунчера обновлять...
[18:29:15] Swat99Swat (9ce303e4-8a19-4d67-82f9-74ca7bafa055): Напомните чем активировать рунический алтарь ботании при крафте рун
[18:30:02] PrySHio (53d10e20-e320-4876-a33a-c9b8e5781449): Посохом
[18:32:35] AETERNAL (6015b02d-f272-4154-8209-5e3b23bbc09c): давайте рестарт, я чекаю скрипты и играйте сколько хотите
[18:32:43] Swat99Swat (9ce303e4-8a19-4d67-82f9-74ca7bafa055): +
[18:32:46] AETERNAL (6015b02d-f272-4154-8209-5e3b23bbc09c): лаунчер если хотите можете не закрывать
[18:40:45] AETERNAL (6015b02d-f272-4154-8209-5e3b23bbc09c): любуйтесь новыми панельками из Solara и китами улучшений
[18:41:43] Swat99Swat (9ce303e4-8a19-4d67-82f9-74ca7bafa055): Мне всегда казалось что рецепты панелей iu сложные а теперь
[18:41:50] Swat99Swat (9ce303e4-8a19-4d67-82f9-74ca7bafa055): Даже незнаю как их назвать )
[18:42:18] PrySHio (53d10e20-e320-4876-a33a-c9b8e5781449): Ну знаешь
[18:42:27] PrySHio (53d10e20-e320-4876-a33a-c9b8e5781449): Эти легче чем те которые я делал)
[18:42:43] PrySHio (53d10e20-e320-4876-a33a-c9b8e5781449): А так я кварку крафтил на стандарт крафтах за 3 дня
[18:43:18] PrySHio (53d10e20-e320-4876-a33a-c9b8e5781449): Каждый второй вайп рекорд свой же бьем по времени крафта
[18:43:29] PrySHio (53d10e20-e320-4876-a33a-c9b8e5781449): Первый рек был неделя
[18:43:41] PrySHio (53d10e20-e320-4876-a33a-c9b8e5781449): И каждый следуйщий по 1 дню -
[18:44:34] PrySHio (53d10e20-e320-4876-a33a-c9b8e5781449): Следующий*
[18:44:41] Swat99Swat (9ce303e4-8a19-4d67-82f9-74ca7bafa055): 13 уровень панели за 3 полных дня
[18:44:46] Swat99Swat (9ce303e4-8a19-4d67-82f9-74ca7bafa055): Писец
[18:44:56] Swat99Swat (9ce303e4-8a19-4d67-82f9-74ca7bafa055): Там же трилион байт на рецепт
[18:45:08] Swat99Swat (9ce303e4-8a19-4d67-82f9-74ca7bafa055): Если дефолтный рецепт
[18:47:00] PrySHio (53d10e20-e320-4876-a33a-c9b8e5781449): Ну это на 1.7.10, там вроде пол лямя байтов надо на кварку
[18:47:08] PrySHio (53d10e20-e320-4876-a33a-c9b8e5781449): Лярда*
[18:47:22] Swat99Swat (9ce303e4-8a19-4d67-82f9-74ca7bafa055): хз я на 1.12.2 только с иу играл
[18:47:39] Swat99Swat (9ce303e4-8a19-4d67-82f9-74ca7bafa055): 1 раз когда он был аддоном наверное лвл 4 панели сделал и ливнул, надоело
[18:47:50] Swat99Swat (9ce303e4-8a19-4d67-82f9-74ca7bafa055): И вот сейчас начал играть когда узнал что он отделился
[18:47:58] Swat99Swat (9ce303e4-8a19-4d67-82f9-74ca7bafa055): И когда он был аддоном было куда проще )
[18:48:34] PrySHio (53d10e20-e320-4876-a33a-c9b8e5781449): Оххх наконец автокрафты поперли
[18:48:38] PrySHio (53d10e20-e320-4876-a33a-c9b8e5781449): А энергии нету сука
