[11:34:17] Stxywxthme (6ce0cde9-8c92-4c66-96ad-6bffb9dfc01b): сегодня какой-то день ангелов?
[12:34:20] Stxywxthme (6ce0cde9-8c92-4c66-96ad-6bffb9dfc01b): ку
[12:34:36] KsLsss (63ef60aa-d3e4-47f2-ba28-e855e4733798): Прив
[12:37:07] Stxywxthme (6ce0cde9-8c92-4c66-96ad-6bffb9dfc01b): заметь сегодня все зомби ангелы
[12:37:20] KsLsss (63ef60aa-d3e4-47f2-ba28-e855e4733798): Заметил
[12:37:28] Stxywxthme (6ce0cde9-8c92-4c66-96ad-6bffb9dfc01b): заметь сегодня все зомби ангелы
[12:37:39] Stxywxthme (6ce0cde9-8c92-4c66-96ad-6bffb9dfc01b): случайно
[12:58:35] Stxywxthme (6ce0cde9-8c92-4c66-96ad-6bffb9dfc01b): ммм
[12:58:47] Stxywxthme (6ce0cde9-8c92-4c66-96ad-6bffb9dfc01b): сохранение инвентаря в твайлате
[13:02:37] Stxywxthme (6ce0cde9-8c92-4c66-96ad-6bffb9dfc01b): как сделать магический стол
[13:02:45] Stxywxthme (6ce0cde9-8c92-4c66-96ad-6bffb9dfc01b): мистический верстак
[13:03:14] Stxywxthme (6ce0cde9-8c92-4c66-96ad-6bffb9dfc01b): да
[13:03:44] Stxywxthme (6ce0cde9-8c92-4c66-96ad-6bffb9dfc01b): я бы не сказал это, если бы это работало
[13:04:50] Stxywxthme (6ce0cde9-8c92-4c66-96ad-6bffb9dfc01b): да strange dreams
[13:05:10] Stxywxthme (6ce0cde9-8c92-4c66-96ad-6bffb9dfc01b): а
[13:05:23] Stxywxthme (6ce0cde9-8c92-4c66-96ad-6bffb9dfc01b): в книге написано использовать на книжных полках
[13:06:02] Stxywxthme (6ce0cde9-8c92-4c66-96ad-6bffb9dfc01b): в тауминикоме посмотрю
[14:05:28] _reflexed (a4982e19-bdcc-40a7-a685-78ee1c50ad23): Ок
[14:12:21] _reflexed (a4982e19-bdcc-40a7-a685-78ee1c50ad23): Почему зомби стали ангелами
[14:14:50] _reflexed (a4982e19-bdcc-40a7-a685-78ee1c50ad23): У тебя есть структура с кристаллом из астрала?
[14:15:36] Stxywxthme (6ce0cde9-8c92-4c66-96ad-6bffb9dfc01b): нет
[14:15:38] _reflexed (a4982e19-bdcc-40a7-a685-78ee1c50ad23): Да емае
[16:14:38] _reflexed (a4982e19-bdcc-40a7-a685-78ee1c50ad23): ага
[16:15:36] _reflexed (a4982e19-bdcc-40a7-a685-78ee1c50ad23): Я щас ищу структуру с кристаллом
[17:02:27] _reflexed (a4982e19-bdcc-40a7-a685-78ee1c50ad23): Ого
[18:20:48] _reflexed (a4982e19-bdcc-40a7-a685-78ee1c50ad23): ку
[18:21:02] Stxywxthme (6ce0cde9-8c92-4c66-96ad-6bffb9dfc01b): re
[18:21:05] Stxywxthme (6ce0cde9-8c92-4c66-96ad-6bffb9dfc01b): ку
[18:21:22] Stxywxthme (6ce0cde9-8c92-4c66-96ad-6bffb9dfc01b): спите
[18:31:46] AETERNAL (6015b02d-f272-4154-8209-5e3b23bbc09c): продайте урана по фасту
[18:31:53] _reflexed (a4982e19-bdcc-40a7-a685-78ee1c50ad23): Нету
[18:31:54] Stxywxthme (6ce0cde9-8c92-4c66-96ad-6bffb9dfc01b): эммм
[18:31:58] _reflexed (a4982e19-bdcc-40a7-a685-78ee1c50ad23): Кста, чекни мою базу
[18:32:23] _reflexed (a4982e19-bdcc-40a7-a685-78ee1c50ad23): Я еще строю её
[18:32:26] _reflexed (a4982e19-bdcc-40a7-a685-78ee1c50ad23): Ток сделал дорожку
[18:32:37] AETERNAL (6015b02d-f272-4154-8209-5e3b23bbc09c): тут такой момент
[18:32:51] _reflexed (a4982e19-bdcc-40a7-a685-78ee1c50ad23): ?
[18:33:14] AETERNAL (6015b02d-f272-4154-8209-5e3b23bbc09c): уж так сложилось что мехов тебе в будущем надо будет тоннами, как и места свободного)
[18:33:20] _reflexed (a4982e19-bdcc-40a7-a685-78ee1c50ad23): Ну я понял
[18:33:24] _reflexed (a4982e19-bdcc-40a7-a685-78ee1c50ad23): Я буду делать по этажам
[18:33:27] _reflexed (a4982e19-bdcc-40a7-a685-78ee1c50ad23): потом ток
[18:33:42] AETERNAL (6015b02d-f272-4154-8209-5e3b23bbc09c): 4на4 чанка вроде приват там у вас
[18:34:22] AETERNAL (6015b02d-f272-4154-8209-5e3b23bbc09c): эта вся терра будет забита скорее всего
[18:34:33] _reflexed (a4982e19-bdcc-40a7-a685-78ee1c50ad23): У меня тут с помощью фтб чанка
[18:34:35] _reflexed (a4982e19-bdcc-40a7-a685-78ee1c50ad23): 9 на 9
[18:34:51] AETERNAL (6015b02d-f272-4154-8209-5e3b23bbc09c): советую поверх wg бахнуть
[18:35:03] AETERNAL (6015b02d-f272-4154-8209-5e3b23bbc09c): хотя пока никто особо не гриферит
[18:35:17] _reflexed (a4982e19-bdcc-40a7-a685-78ee1c50ad23): 262144 онли блоков
[18:35:31] Stxywxthme (6ce0cde9-8c92-4c66-96ad-6bffb9dfc01b): бля, как выживать в энде
[18:35:31] AETERNAL (6015b02d-f272-4154-8209-5e3b23bbc09c): 4 привата по 2на2 чанка
[18:35:51] AETERNAL (6015b02d-f272-4154-8209-5e3b23bbc09c): ты же не в алмазке туда решил пойти?
[18:36:02] Stxywxthme (6ce0cde9-8c92-4c66-96ad-6bffb9dfc01b): железке
[18:36:11] AETERNAL (6015b02d-f272-4154-8209-5e3b23bbc09c): нанка либо stellar лучше всего
[18:36:21] _reflexed (a4982e19-bdcc-40a7-a685-78ee1c50ad23): привата на 1 чанк нету
[18:36:22] AETERNAL (6015b02d-f272-4154-8209-5e3b23bbc09c): или флакс сет
[18:36:24] _reflexed (a4982e19-bdcc-40a7-a685-78ee1c50ad23): Тебе так скажу
[18:36:32] AETERNAL (6015b02d-f272-4154-8209-5e3b23bbc09c): так
[18:36:34] AETERNAL (6015b02d-f272-4154-8209-5e3b23bbc09c): иди сюда
[18:36:36] Stxywxthme (6ce0cde9-8c92-4c66-96ad-6bffb9dfc01b): или хотя-бы с полетом
[18:37:14] _reflexed (a4982e19-bdcc-40a7-a685-78ee1c50ad23): ладно
[18:37:23] AETERNAL (6015b02d-f272-4154-8209-5e3b23bbc09c): 2 на 2 выделить можешь
[18:37:27] _reflexed (a4982e19-bdcc-40a7-a685-78ee1c50ad23): да
[18:37:46] AETERNAL (6015b02d-f272-4154-8209-5e3b23bbc09c): я точно проверял
[18:38:00] AETERNAL (6015b02d-f272-4154-8209-5e3b23bbc09c): ёпта
[18:38:03] AETERNAL (6015b02d-f272-4154-8209-5e3b23bbc09c): реально ангелы
[18:38:27] _reflexed (a4982e19-bdcc-40a7-a685-78ee1c50ad23): Всё
[18:38:34] _reflexed (a4982e19-bdcc-40a7-a685-78ee1c50ad23): Заприватил 4 рг
[18:38:39] _reflexed (a4982e19-bdcc-40a7-a685-78ee1c50ad23): 2 на 2 чанка
[18:39:23] AETERNAL (6015b02d-f272-4154-8209-5e3b23bbc09c): ага
[18:39:24] AETERNAL (6015b02d-f272-4154-8209-5e3b23bbc09c): да
[18:39:34] _reflexed (a4982e19-bdcc-40a7-a685-78ee1c50ad23): ?
[18:39:38] AETERNAL (6015b02d-f272-4154-8209-5e3b23bbc09c): и ещё на будущее подсказка
[18:39:41] _reflexed (a4982e19-bdcc-40a7-a685-78ee1c50ad23): Ye
[18:39:43] _reflexed (a4982e19-bdcc-40a7-a685-78ee1c50ad23): Ну
[18:40:09] AETERNAL (6015b02d-f272-4154-8209-5e3b23bbc09c): пока не поздно, переезжай в арому, там фпс x2 будет и нагрузка так же меньше тебе на комп
[18:40:24] _reflexed (a4982e19-bdcc-40a7-a685-78ee1c50ad23): Так нету у меня портала туда
[18:40:26] AETERNAL (6015b02d-f272-4154-8209-5e3b23bbc09c): но это так, на твоё усмотрение
[18:40:30] AETERNAL (6015b02d-f272-4154-8209-5e3b23bbc09c): как сделаешь)
[18:40:31] _reflexed (a4982e19-bdcc-40a7-a685-78ee1c50ad23): Тем более не могу посмотреть список варпов
[18:40:39] AETERNAL (6015b02d-f272-4154-8209-5e3b23bbc09c): щас
[18:42:03] Stxywxthme (6ce0cde9-8c92-4c66-96ad-6bffb9dfc01b): починишь варплист?
[18:42:54] AETERNAL (6015b02d-f272-4154-8209-5e3b23bbc09c): чекайте
[18:43:06] Stxywxthme (6ce0cde9-8c92-4c66-96ad-6bffb9dfc01b): работает
[18:43:14] AETERNAL (6015b02d-f272-4154-8209-5e3b23bbc09c): /warp даёт список
[18:43:45] _reflexed (a4982e19-bdcc-40a7-a685-78ee1c50ad23): Понимаю
[18:43:50] AETERNAL (6015b02d-f272-4154-8209-5e3b23bbc09c): а
[18:43:50] _reflexed (a4982e19-bdcc-40a7-a685-78ee1c50ad23): о
[18:43:55] _reflexed (a4982e19-bdcc-40a7-a685-78ee1c50ad23): У меня багаеться инвентарь
[18:43:59] _reflexed (a4982e19-bdcc-40a7-a685-78ee1c50ad23): Ща перезайду
[18:44:13] AETERNAL (6015b02d-f272-4154-8209-5e3b23bbc09c): бу
[18:44:21] Stxywxthme (6ce0cde9-8c92-4c66-96ad-6bffb9dfc01b): испугался
[18:44:36] AETERNAL (6015b02d-f272-4154-8209-5e3b23bbc09c): как дела
[18:44:36] Stxywxthme (6ce0cde9-8c92-4c66-96ad-6bffb9dfc01b): ну что
[18:44:45] Stxywxthme (6ce0cde9-8c92-4c66-96ad-6bffb9dfc01b): попробуем дюпы
[18:44:57] AETERNAL (6015b02d-f272-4154-8209-5e3b23bbc09c): щас я тебя дюпну
[18:45:01] Stxywxthme (6ce0cde9-8c92-4c66-96ad-6bffb9dfc01b): давай
[18:45:09] Stxywxthme (6ce0cde9-8c92-4c66-96ad-6bffb9dfc01b): мне нужны люди
[18:45:25] AETERNAL (6015b02d-f272-4154-8209-5e3b23bbc09c): вот только человек - вещь не подельная, при попытке может произойти что-то необратимое
[18:45:57] Stxywxthme (6ce0cde9-8c92-4c66-96ad-6bffb9dfc01b): вот бы был /fly
[18:46:06] AETERNAL (6015b02d-f272-4154-8209-5e3b23bbc09c): у випа есть)
[18:46:13] Stxywxthme (6ce0cde9-8c92-4c66-96ad-6bffb9dfc01b): на изи все бы делал
[18:46:34] AETERNAL (6015b02d-f272-4154-8209-5e3b23bbc09c): и кит там неплохой)
[18:46:46] Stxywxthme (6ce0cde9-8c92-4c66-96ad-6bffb9dfc01b): самый дорогой luxury?
[18:46:52] AETERNAL (6015b02d-f272-4154-8209-5e3b23bbc09c): ага
[18:46:57] Stxywxthme (6ce0cde9-8c92-4c66-96ad-6bffb9dfc01b): сколько?
[18:47:13] AETERNAL (6015b02d-f272-4154-8209-5e3b23bbc09c): 700 вроде или что то в этом диапазоне
[18:47:20] Stxywxthme (6ce0cde9-8c92-4c66-96ad-6bffb9dfc01b): дорого
[18:47:31] Stxywxthme (6ce0cde9-8c92-4c66-96ad-6bffb9dfc01b): для нн проекта
[18:47:41] AETERNAL (6015b02d-f272-4154-8209-5e3b23bbc09c): я не отвечаю за цены)
[18:48:00] Stxywxthme (6ce0cde9-8c92-4c66-96ad-6bffb9dfc01b): а кто
[18:48:03] AETERNAL (6015b02d-f272-4154-8209-5e3b23bbc09c): моя задача это чтобы этот сервер не сдох )
[18:48:12] Stxywxthme (6ce0cde9-8c92-4c66-96ad-6bffb9dfc01b): норм
[18:48:22] Stxywxthme (6ce0cde9-8c92-4c66-96ad-6bffb9dfc01b): ты и создатель сборки да?
[18:48:29] AETERNAL (6015b02d-f272-4154-8209-5e3b23bbc09c): он самый)
[18:48:37] Stxywxthme (6ce0cde9-8c92-4c66-96ad-6bffb9dfc01b): но не владелец
[18:48:43] AETERNAL (6015b02d-f272-4154-8209-5e3b23bbc09c): я владелец сборки
[18:48:47] AETERNAL (6015b02d-f272-4154-8209-5e3b23bbc09c): не проекта
[18:48:59] Stxywxthme (6ce0cde9-8c92-4c66-96ad-6bffb9dfc01b): по-сути сервер не твой
[18:49:08] AETERNAL (6015b02d-f272-4154-8209-5e3b23bbc09c): нет конечно
[18:49:13] Stxywxthme (6ce0cde9-8c92-4c66-96ad-6bffb9dfc01b): ладно
[18:49:16] Stxywxthme (6ce0cde9-8c92-4c66-96ad-6bffb9dfc01b): я на астрал
[18:49:59] AETERNAL (6015b02d-f272-4154-8209-5e3b23bbc09c): 24 часа без рестарта немного перебор конечно
[18:50:50] Stxywxthme (6ce0cde9-8c92-4c66-96ad-6bffb9dfc01b): так
[18:52:44] _reflexed (a4982e19-bdcc-40a7-a685-78ee1c50ad23): Етернал, дать суп из минотавра?
[18:52:59] AETERNAL (6015b02d-f272-4154-8209-5e3b23bbc09c): не, у мненя есть они
[18:54:02] _reflexed (a4982e19-bdcc-40a7-a685-78ee1c50ad23): Я пойду отдыхать
[18:54:06] _reflexed (a4982e19-bdcc-40a7-a685-78ee1c50ad23): Завтра буду жестко играц
[18:54:26] AETERNAL (6015b02d-f272-4154-8209-5e3b23bbc09c): ладно
[19:00:52] Stxywxthme (6ce0cde9-8c92-4c66-96ad-6bffb9dfc01b): тп покажу как его использовать
[19:01:09] Stxywxthme (6ce0cde9-8c92-4c66-96ad-6bffb9dfc01b): дай его
[19:01:21] Stxywxthme (6ce0cde9-8c92-4c66-96ad-6bffb9dfc01b): смотри
[19:01:27] Stxywxthme (6ce0cde9-8c92-4c66-96ad-6bffb9dfc01b): запитай
[19:02:07] AETERNAL (6015b02d-f272-4154-8209-5e3b23bbc09c): смотри хату не снеси, а то я видел он там может удалять
[19:02:10] Stxywxthme (6ce0cde9-8c92-4c66-96ad-6bffb9dfc01b): карточка формы карьер
[19:03:44] Stxywxthme (6ce0cde9-8c92-4c66-96ad-6bffb9dfc01b): модуль фильтра хранилища
[19:04:00] Stxywxthme (6ce0cde9-8c92-4c66-96ad-6bffb9dfc01b): 1 алмазная руда
[19:04:05] Stxywxthme (6ce0cde9-8c92-4c66-96ad-6bffb9dfc01b): и сжатый сундук
[19:04:55] Stxywxthme (6ce0cde9-8c92-4c66-96ad-6bffb9dfc01b): ?
[19:05:03] AETERNAL (6015b02d-f272-4154-8209-5e3b23bbc09c): это,
[19:05:04] AETERNAL (6015b02d-f272-4154-8209-5e3b23bbc09c): ?
[19:05:08] Stxywxthme (6ce0cde9-8c92-4c66-96ad-6bffb9dfc01b): алмазная руда
[19:05:20] Stxywxthme (6ce0cde9-8c92-4c66-96ad-6bffb9dfc01b): сундук
[19:05:35] Stxywxthme (6ce0cde9-8c92-4c66-96ad-6bffb9dfc01b): всеэ
[19:06:00] Stxywxthme (6ce0cde9-8c92-4c66-96ad-6bffb9dfc01b): ой
[19:06:27] Stxywxthme (6ce0cde9-8c92-4c66-96ad-6bffb9dfc01b): теперь все
[19:06:31] AETERNAL (6015b02d-f272-4154-8209-5e3b23bbc09c): 512x512 чё
[19:06:53] Stxywxthme (6ce0cde9-8c92-4c66-96ad-6bffb9dfc01b): типа область
[19:06:59] AETERNAL (6015b02d-f272-4154-8209-5e3b23bbc09c): та я понял
[19:07:02] AETERNAL (6015b02d-f272-4154-8209-5e3b23bbc09c): я прифигел
[19:07:02] Stxywxthme (6ce0cde9-8c92-4c66-96ad-6bffb9dfc01b): ща дойдет
[19:07:12] Stxywxthme (6ce0cde9-8c92-4c66-96ad-6bffb9dfc01b): где-то 1к чанков
[19:08:45] Stxywxthme (6ce0cde9-8c92-4c66-96ad-6bffb9dfc01b): медленно работает
[19:09:16] AETERNAL (6015b02d-f272-4154-8209-5e3b23bbc09c): меня больше смущает возможность копирования/удаления структур
[19:09:24] AETERNAL (6015b02d-f272-4154-8209-5e3b23bbc09c): бля
[19:09:25] AETERNAL (6015b02d-f272-4154-8209-5e3b23bbc09c): чё это
[19:09:48] Stxywxthme (6ce0cde9-8c92-4c66-96ad-6bffb9dfc01b): аххаха
[19:09:59] AETERNAL (6015b02d-f272-4154-8209-5e3b23bbc09c): слушай
[19:10:02] AETERNAL (6015b02d-f272-4154-8209-5e3b23bbc09c): тут не усложнить
[19:10:05] AETERNAL (6015b02d-f272-4154-8209-5e3b23bbc09c): тут удалить
[19:12:20] Stxywxthme (6ce0cde9-8c92-4c66-96ad-6bffb9dfc01b): вот
[19:12:22] Stxywxthme (6ce0cde9-8c92-4c66-96ad-6bffb9dfc01b): олово
[19:12:41] Stxywxthme (6ce0cde9-8c92-4c66-96ad-6bffb9dfc01b): так можно сделать с любым блоком
[19:12:54] AETERNAL (6015b02d-f272-4154-8209-5e3b23bbc09c): ну это бан)
[19:13:02] Stxywxthme (6ce0cde9-8c92-4c66-96ad-6bffb9dfc01b): даже с сундуками
[19:13:28] Stxywxthme (6ce0cde9-8c92-4c66-96ad-6bffb9dfc01b): может копать 1к чанков
[19:13:34] Stxywxthme (6ce0cde9-8c92-4c66-96ad-6bffb9dfc01b): на 1 цикле
[19:13:42] AETERNAL (6015b02d-f272-4154-8209-5e3b23bbc09c): он же снесёт всё что укажешь?
[19:13:46] Stxywxthme (6ce0cde9-8c92-4c66-96ad-6bffb9dfc01b): да
[19:13:58] Stxywxthme (6ce0cde9-8c92-4c66-96ad-6bffb9dfc01b): считай цифровой шахтер
[19:14:15] Stxywxthme (6ce0cde9-8c92-4c66-96ad-6bffb9dfc01b): он может даже с шеклом копать
[19:14:41] Stxywxthme (6ce0cde9-8c92-4c66-96ad-6bffb9dfc01b): правда звезда ада нужна
[19:15:16] Stxywxthme (6ce0cde9-8c92-4c66-96ad-6bffb9dfc01b): бл
[19:15:21] Stxywxthme (6ce0cde9-8c92-4c66-96ad-6bffb9dfc01b): отключи когда не нужно
[19:15:40] Stxywxthme (6ce0cde9-8c92-4c66-96ad-6bffb9dfc01b): не так
[19:16:30] AETERNAL (6015b02d-f272-4154-8209-5e3b23bbc09c): ну теперь точно бан
[19:16:35] AETERNAL (6015b02d-f272-4154-8209-5e3b23bbc09c): тут приват же?
[19:16:39] Stxywxthme (6ce0cde9-8c92-4c66-96ad-6bffb9dfc01b): да
[19:16:59] Stxywxthme (6ce0cde9-8c92-4c66-96ad-6bffb9dfc01b): можно унитожить сундуки
[19:17:18] Stxywxthme (6ce0cde9-8c92-4c66-96ad-6bffb9dfc01b): приват через фтб
[19:17:25] AETERNAL (6015b02d-f272-4154-8209-5e3b23bbc09c): он и вг игнорит
[19:18:03] Stxywxthme (6ce0cde9-8c92-4c66-96ad-6bffb9dfc01b): оставим
[19:18:03] AETERNAL (6015b02d-f272-4154-8209-5e3b23bbc09c): короче да
[19:18:06] AETERNAL (6015b02d-f272-4154-8209-5e3b23bbc09c): бан)
[19:19:00] Stxywxthme (6ce0cde9-8c92-4c66-96ad-6bffb9dfc01b): ок
[19:19:01] AETERNAL (6015b02d-f272-4154-8209-5e3b23bbc09c): билдер я то тебе не оствлю)
[19:19:07] Stxywxthme (6ce0cde9-8c92-4c66-96ad-6bffb9dfc01b): ахах
[19:19:14] Stxywxthme (6ce0cde9-8c92-4c66-96ad-6bffb9dfc01b): я еще знаю штучки
[19:19:34] AETERNAL (6015b02d-f272-4154-8209-5e3b23bbc09c): но пару плюшен
[19:19:38] Stxywxthme (6ce0cde9-8c92-4c66-96ad-6bffb9dfc01b): го тебе еще кое-что покажу
[19:19:39] AETERNAL (6015b02d-f272-4154-8209-5e3b23bbc09c): почему бы и нет
[19:19:56] Stxywxthme (6ce0cde9-8c92-4c66-96ad-6bffb9dfc01b): сканер хранилища
[19:20:14] Stxywxthme (6ce0cde9-8c92-4c66-96ad-6bffb9dfc01b): дай его
[19:20:17] AETERNAL (6015b02d-f272-4154-8209-5e3b23bbc09c): мм
[19:20:18] AETERNAL (6015b02d-f272-4154-8209-5e3b23bbc09c): уже понял
[19:20:42] AETERNAL (6015b02d-f272-4154-8209-5e3b23bbc09c): плохой была идея добавить мод, в котором не разбираешся
[19:21:04] Stxywxthme (6ce0cde9-8c92-4c66-96ad-6bffb9dfc01b): го на чью-то базу
[19:21:09] Stxywxthme (6ce0cde9-8c92-4c66-96ad-6bffb9dfc01b): проверим
[19:21:12] AETERNAL (6015b02d-f272-4154-8209-5e3b23bbc09c): -
[19:22:55] AETERNAL (6015b02d-f272-4154-8209-5e3b23bbc09c): короче да
[19:23:03] Stxywxthme (6ce0cde9-8c92-4c66-96ad-6bffb9dfc01b): имба
[19:23:46] Stxywxthme (6ce0cde9-8c92-4c66-96ad-6bffb9dfc01b): но строитель оставь
[19:24:11] Stxywxthme (6ce0cde9-8c92-4c66-96ad-6bffb9dfc01b): я хотел с помощью его добывать ресы
[19:24:25] AETERNAL (6015b02d-f272-4154-8209-5e3b23bbc09c): карики
[19:24:30] Stxywxthme (6ce0cde9-8c92-4c66-96ad-6bffb9dfc01b): бл
[19:24:30] AETERNAL (6015b02d-f272-4154-8209-5e3b23bbc09c): астрал, иу
[19:24:36] AETERNAL (6015b02d-f272-4154-8209-5e3b23bbc09c): полно возможностей
[19:24:40] Stxywxthme (6ce0cde9-8c92-4c66-96ad-6bffb9dfc01b): сложно
[19:24:48] AETERNAL (6015b02d-f272-4154-8209-5e3b23bbc09c): а эта шляпа это пиздец
[19:25:03] Stxywxthme (6ce0cde9-8c92-4c66-96ad-6bffb9dfc01b): ну
[19:25:09] Stxywxthme (6ce0cde9-8c92-4c66-96ad-6bffb9dfc01b): никто не знает
[19:25:18] Stxywxthme (6ce0cde9-8c92-4c66-96ad-6bffb9dfc01b): кроме меня
[19:25:20] Stxywxthme (6ce0cde9-8c92-4c66-96ad-6bffb9dfc01b): и теья
[19:25:23] Stxywxthme (6ce0cde9-8c92-4c66-96ad-6bffb9dfc01b): тебя
[19:26:09] Stxywxthme (6ce0cde9-8c92-4c66-96ad-6bffb9dfc01b): и
[19:29:09] Stxywxthme (6ce0cde9-8c92-4c66-96ad-6bffb9dfc01b): жду твоего решения
[19:29:12] AETERNAL (6015b02d-f272-4154-8209-5e3b23bbc09c): f
[19:29:15] AETERNAL (6015b02d-f272-4154-8209-5e3b23bbc09c): какого
[19:29:20] Stxywxthme (6ce0cde9-8c92-4c66-96ad-6bffb9dfc01b): ну
[19:29:29] Stxywxthme (6ce0cde9-8c92-4c66-96ad-6bffb9dfc01b): оставить строитель
[19:29:38] AETERNAL (6015b02d-f272-4154-8209-5e3b23bbc09c): нет, ни шанка
[19:29:42] AETERNAL (6015b02d-f272-4154-8209-5e3b23bbc09c): шанса*
[19:29:45] Stxywxthme (6ce0cde9-8c92-4c66-96ad-6bffb9dfc01b): почему
[19:29:56] AETERNAL (6015b02d-f272-4154-8209-5e3b23bbc09c): гриф лютый + имба
[19:30:02] Stxywxthme (6ce0cde9-8c92-4c66-96ad-6bffb9dfc01b): ну
[19:30:16] Stxywxthme (6ce0cde9-8c92-4c66-96ad-6bffb9dfc01b): этот мод знаю только я
[19:30:31] AETERNAL (6015b02d-f272-4154-8209-5e3b23bbc09c): практика показывает что это так не работает)
[19:30:51] Stxywxthme (6ce0cde9-8c92-4c66-96ad-6bffb9dfc01b): с этим модом можно спавнить любой моб
[19:31:12] Stxywxthme (6ce0cde9-8c92-4c66-96ad-6bffb9dfc01b): и получить норм эффекты за малую цену
[19:31:23] Stxywxthme (6ce0cde9-8c92-4c66-96ad-6bffb9dfc01b): крафтить очень быстро
[19:31:53] Stxywxthme (6ce0cde9-8c92-4c66-96ad-6bffb9dfc01b): и делать варпы
[19:31:55] AETERNAL (6015b02d-f272-4154-8209-5e3b23bbc09c): против крафтером ничего не имею
[19:32:00] AETERNAL (6015b02d-f272-4154-8209-5e3b23bbc09c): даже наоборот
[19:33:33] Stxywxthme (6ce0cde9-8c92-4c66-96ad-6bffb9dfc01b): интересно
[19:33:42] Stxywxthme (6ce0cde9-8c92-4c66-96ad-6bffb9dfc01b): можно ли спавнить боссов?
[19:34:05] AETERNAL (6015b02d-f272-4154-8209-5e3b23bbc09c): это другая проблема решение для которой не найдено
[19:34:15] AETERNAL (6015b02d-f272-4154-8209-5e3b23bbc09c): ибо если душу хаоса всунуть в спавнер...
[19:34:57] Stxywxthme (6ce0cde9-8c92-4c66-96ad-6bffb9dfc01b): для креатива есть зонд телепорт для переключения между измерениями
[19:36:09] Stxywxthme (6ce0cde9-8c92-4c66-96ad-6bffb9dfc01b): кикнуло?
[19:36:18] AETERNAL (6015b02d-f272-4154-8209-5e3b23bbc09c): та это мои приколы
[19:36:22] Stxywxthme (6ce0cde9-8c92-4c66-96ad-6bffb9dfc01b): ок
[19:37:40] AETERNAL (6015b02d-f272-4154-8209-5e3b23bbc09c): интересно
[19:37:44] Stxywxthme (6ce0cde9-8c92-4c66-96ad-6bffb9dfc01b): да
[19:37:48] AETERNAL (6015b02d-f272-4154-8209-5e3b23bbc09c): чё это за измерение...
[19:37:59] Stxywxthme (6ce0cde9-8c92-4c66-96ad-6bffb9dfc01b): дай флай и год
[19:38:05] Stxywxthme (6ce0cde9-8c92-4c66-96ad-6bffb9dfc01b): чтобы было не страшно
[19:38:06] AETERNAL (6015b02d-f272-4154-8209-5e3b23bbc09c): ага, конечно
[19:39:30] Stxywxthme (6ce0cde9-8c92-4c66-96ad-6bffb9dfc01b): на измерениях дивана работает сохранение инвентаря?
[19:41:41] Stxywxthme (6ce0cde9-8c92-4c66-96ad-6bffb9dfc01b): я сейчас кое-что попробую
[19:41:54] AETERNAL (6015b02d-f272-4154-8209-5e3b23bbc09c): оно нигде не работет
[19:41:58] Stxywxthme (6ce0cde9-8c92-4c66-96ad-6bffb9dfc01b): будет имба если сработает
[19:57:22] Stxywxthme (6ce0cde9-8c92-4c66-96ad-6bffb9dfc01b): ну как
[19:57:37] Stxywxthme (6ce0cde9-8c92-4c66-96ad-6bffb9dfc01b): тп
[19:58:06] AETERNAL (6015b02d-f272-4154-8209-5e3b23bbc09c): ?
[19:58:29] AETERNAL (6015b02d-f272-4154-8209-5e3b23bbc09c): что
[19:58:30] Stxywxthme (6ce0cde9-8c92-4c66-96ad-6bffb9dfc01b): норм?
[19:58:32] Stxywxthme (6ce0cde9-8c92-4c66-96ad-6bffb9dfc01b): мод
[19:58:41] AETERNAL (6015b02d-f272-4154-8209-5e3b23bbc09c): ты о чём?
[19:58:48] Stxywxthme (6ce0cde9-8c92-4c66-96ad-6bffb9dfc01b): ну
[19:58:58] Stxywxthme (6ce0cde9-8c92-4c66-96ad-6bffb9dfc01b): мод оставишь?
[19:59:10] AETERNAL (6015b02d-f272-4154-8209-5e3b23bbc09c): мод я убрать не могу даже если бы хотел
[19:59:23] Stxywxthme (6ce0cde9-8c92-4c66-96ad-6bffb9dfc01b): а предмет
[19:59:31] AETERNAL (6015b02d-f272-4154-8209-5e3b23bbc09c): убраны
[19:59:36] Stxywxthme (6ce0cde9-8c92-4c66-96ad-6bffb9dfc01b): уже?
[19:59:57] Stxywxthme (6ce0cde9-8c92-4c66-96ad-6bffb9dfc01b): вроде еще есть
[20:01:59] Stxywxthme (6ce0cde9-8c92-4c66-96ad-6bffb9dfc01b): на корпус нужен прометеум
[20:02:15] Stxywxthme (6ce0cde9-8c92-4c66-96ad-6bffb9dfc01b): и тибериум
[20:03:07] Stxywxthme (6ce0cde9-8c92-4c66-96ad-6bffb9dfc01b): строитель нужная вещь
[20:10:38] [CAPS] Stxywxthme (6ce0cde9-8c92-4c66-96ad-6bffb9dfc01b): aeternal
[20:10:49] AETERNAL (6015b02d-f272-4154-8209-5e3b23bbc09c): ?
[20:11:05] Stxywxthme (6ce0cde9-8c92-4c66-96ad-6bffb9dfc01b): просто нажал тап
[20:25:02] AETERNAL (6015b02d-f272-4154-8209-5e3b23bbc09c): апокалипсис продотвращён
[20:25:07] AETERNAL (6015b02d-f272-4154-8209-5e3b23bbc09c): моя миссис выполнена
[20:26:10] Stxywxthme (6ce0cde9-8c92-4c66-96ad-6bffb9dfc01b): я ведь еще знаю дюпы
[20:35:11] Stxywxthme (6ce0cde9-8c92-4c66-96ad-6bffb9dfc01b): интересный сплав
[20:35:20] Stxywxthme (6ce0cde9-8c92-4c66-96ad-6bffb9dfc01b): crude steel
[20:36:01] Stxywxthme (6ce0cde9-8c92-4c66-96ad-6bffb9dfc01b): 1 слиток делается из 15000 мб камня и 5000 мб глины
[20:37:10] Stxywxthme (6ce0cde9-8c92-4c66-96ad-6bffb9dfc01b): камня не жалко
[20:37:21] Stxywxthme (6ce0cde9-8c92-4c66-96ad-6bffb9dfc01b): глина проблема
[20:37:37] Stxywxthme (6ce0cde9-8c92-4c66-96ad-6bffb9dfc01b): как вообще генерировать первую энергию
[20:38:02] Stxywxthme (6ce0cde9-8c92-4c66-96ad-6bffb9dfc01b): все рецепты генераторов требуют копрус rftools
[20:38:43] Stxywxthme (6ce0cde9-8c92-4c66-96ad-6bffb9dfc01b): -_-
[20:39:00] Stxywxthme (6ce0cde9-8c92-4c66-96ad-6bffb9dfc01b): все рецепты генераторов требуют копрус rftools
[20:40:35] Stxywxthme (6ce0cde9-8c92-4c66-96ad-6bffb9dfc01b): тибериум кристалы в крафтах :skull:
[20:41:25] Stxywxthme (6ce0cde9-8c92-4c66-96ad-6bffb9dfc01b): хоть 1 взорвется хана залеже
[20:43:22] Stxywxthme (6ce0cde9-8c92-4c66-96ad-6bffb9dfc01b): -вещи в аду
[20:44:02] Stxywxthme (6ce0cde9-8c92-4c66-96ad-6bffb9dfc01b): дай год на время
[20:56:24] Stxywxthme (6ce0cde9-8c92-4c66-96ad-6bffb9dfc01b): наконец универсальный предсказатель
[21:17:49] _reflexed (a4982e19-bdcc-40a7-a685-78ee1c50ad23): ку
[21:17:57] Cloudy (d299f8cb-89bb-4f4a-923f-2170e0094489): qq
[22:27:48] Stxywxthme (6ce0cde9-8c92-4c66-96ad-6bffb9dfc01b): втф
[22:27:55] Stxywxthme (6ce0cde9-8c92-4c66-96ad-6bffb9dfc01b): затмение
