[00:09:41] AETERNAL (6015b02d-f272-4154-8209-5e3b23bbc09c): .
[05:40:57] AETERNAL (6015b02d-f272-4154-8209-5e3b23bbc09c): .
[19:44:04] PrySHio (53d10e20-e320-4876-a33a-c9b8e5781449): Бро
[19:44:09] PrySHio (53d10e20-e320-4876-a33a-c9b8e5781449): Бро
[19:44:39] AETERNAL (6015b02d-f272-4154-8209-5e3b23bbc09c): какие люди
[19:44:41] PrySHio (53d10e20-e320-4876-a33a-c9b8e5781449): Есть возможность сделать так чтобы если 50% спят можно было скипнуть ночь
[19:44:48] AETERNAL (6015b02d-f272-4154-8209-5e3b23bbc09c): хмм
[19:45:19] AETERNAL (6015b02d-f272-4154-8209-5e3b23bbc09c): ага....
[19:45:32] PrySHio (53d10e20-e320-4876-a33a-c9b8e5781449): Дай гм
[19:45:46] AETERNAL (6015b02d-f272-4154-8209-5e3b23bbc09c): естественно оно само работать не будет
[19:45:54] PrySHio (53d10e20-e320-4876-a33a-c9b8e5781449): Кнш
[19:45:57] PrySHio (53d10e20-e320-4876-a33a-c9b8e5781449): Как иначе
[19:46:15] AETERNAL (6015b02d-f272-4154-8209-5e3b23bbc09c): гм тебе зачем, слабый?
[19:46:22] PrySHio (53d10e20-e320-4876-a33a-c9b8e5781449): Да
[19:46:25] PrySHio (53d10e20-e320-4876-a33a-c9b8e5781449): Да нет
[19:46:39] PrySHio (53d10e20-e320-4876-a33a-c9b8e5781449): Я не всегда им, а чеб был на всякий
[19:46:45] PrySHio (53d10e20-e320-4876-a33a-c9b8e5781449): Вдруг увижу чето
[19:46:53] AETERNAL (6015b02d-f272-4154-8209-5e3b23bbc09c): например
[19:47:15] PrySHio (53d10e20-e320-4876-a33a-c9b8e5781449): Баги и тд
[19:47:21] PrySHio (53d10e20-e320-4876-a33a-c9b8e5781449): Яж как никак тестить зашел
[19:47:36] AETERNAL (6015b02d-f272-4154-8209-5e3b23bbc09c): щас
[19:48:04] PrySHio (53d10e20-e320-4876-a33a-c9b8e5781449): Ура дождя нет
[19:48:19] PrySHio (53d10e20-e320-4876-a33a-c9b8e5781449): Ахуеть
[19:48:22] PrySHio (53d10e20-e320-4876-a33a-c9b8e5781449): Я не бомж
[19:48:33] PrySHio (53d10e20-e320-4876-a33a-c9b8e5781449): Мама бы гордилась мной
[19:49:34] PrySHio (53d10e20-e320-4876-a33a-c9b8e5781449): Летает тут
[19:52:48] AETERNAL (6015b02d-f272-4154-8209-5e3b23bbc09c): сон решу потом
[19:53:10] PrySHio (53d10e20-e320-4876-a33a-c9b8e5781449): xD
[19:53:17] PrySHio (53d10e20-e320-4876-a33a-c9b8e5781449): xD
[20:00:18] AETERNAL (6015b02d-f272-4154-8209-5e3b23bbc09c): /start пропиши
[20:00:53] PrySHio (53d10e20-e320-4876-a33a-c9b8e5781449): Пиздец
[20:01:00] AETERNAL (6015b02d-f272-4154-8209-5e3b23bbc09c): чё
[20:01:13] PrySHio (53d10e20-e320-4876-a33a-c9b8e5781449): Нахуя я ебался с каменной киркой
[20:01:17] AETERNAL (6015b02d-f272-4154-8209-5e3b23bbc09c): xD
[20:01:32] AETERNAL (6015b02d-f272-4154-8209-5e3b23bbc09c): там же 1 прочность у неё
[20:01:37] AETERNAL (6015b02d-f272-4154-8209-5e3b23bbc09c): 1 кирка - 1 блок
[20:01:38] PrySHio (53d10e20-e320-4876-a33a-c9b8e5781449): Из тинкера
[20:01:41] AETERNAL (6015b02d-f272-4154-8209-5e3b23bbc09c): аа
[20:02:36] AETERNAL (6015b02d-f272-4154-8209-5e3b23bbc09c): давай ко мне переносись
[20:03:36] PrySHio (53d10e20-e320-4876-a33a-c9b8e5781449): Пиздато быть админом
[20:03:39] PrySHio (53d10e20-e320-4876-a33a-c9b8e5781449): Надо день ебанул
[20:03:42] AETERNAL (6015b02d-f272-4154-8209-5e3b23bbc09c): м не говори
[20:04:21] AETERNAL (6015b02d-f272-4154-8209-5e3b23bbc09c): сделай себе такое
[20:04:26] PrySHio (53d10e20-e320-4876-a33a-c9b8e5781449): Че
[20:05:13] AETERNAL (6015b02d-f272-4154-8209-5e3b23bbc09c): пойду говна копать
[20:05:17] PrySHio (53d10e20-e320-4876-a33a-c9b8e5781449): )
[20:06:27] AETERNAL (6015b02d-f272-4154-8209-5e3b23bbc09c): короче да, не делай это пока что xD
[20:06:37] AETERNAL (6015b02d-f272-4154-8209-5e3b23bbc09c): за сортировку кикает
[20:06:41] PrySHio (53d10e20-e320-4876-a33a-c9b8e5781449): Пиздец
[20:06:46] AETERNAL (6015b02d-f272-4154-8209-5e3b23bbc09c): смотри как можно
[20:07:05] AETERNAL (6015b02d-f272-4154-8209-5e3b23bbc09c): чё за
[20:07:33] AETERNAL (6015b02d-f272-4154-8209-5e3b23bbc09c): нормас ускоряет?
[20:07:34] PrySHio (53d10e20-e320-4876-a33a-c9b8e5781449): Да я знаю про бутылку
[20:10:05] PrySHio (53d10e20-e320-4876-a33a-c9b8e5781449): Дай факел 1
[20:10:15] AETERNAL (6015b02d-f272-4154-8209-5e3b23bbc09c): .invsee
[20:10:35] PrySHio (53d10e20-e320-4876-a33a-c9b8e5781449): Не похоже на 1
[20:11:10] AETERNAL (6015b02d-f272-4154-8209-5e3b23bbc09c): какой у тебя язык по дефолту кстати>
[20:11:20] PrySHio (53d10e20-e320-4876-a33a-c9b8e5781449): Хз
[20:11:26] AETERNAL (6015b02d-f272-4154-8209-5e3b23bbc09c): ну в игре
[20:11:32] PrySHio (53d10e20-e320-4876-a33a-c9b8e5781449): Я не помню
[20:11:37] PrySHio (53d10e20-e320-4876-a33a-c9b8e5781449): Менял я или нет
[20:11:44] AETERNAL (6015b02d-f272-4154-8209-5e3b23bbc09c): а щас какой
[20:11:47] PrySHio (53d10e20-e320-4876-a33a-c9b8e5781449): Русс
[20:11:52] AETERNAL (6015b02d-f272-4154-8209-5e3b23bbc09c): окей
[20:13:02] PrySHio (53d10e20-e320-4876-a33a-c9b8e5781449): xD
[20:13:04] PrySHio (53d10e20-e320-4876-a33a-c9b8e5781449): Граница мира
[20:13:09] AETERNAL (6015b02d-f272-4154-8209-5e3b23bbc09c): там да
[20:13:15] AETERNAL (6015b02d-f272-4154-8209-5e3b23bbc09c): тут на границе хата
[20:14:13] PrySHio (53d10e20-e320-4876-a33a-c9b8e5781449): Ты куда все железо сунул
[20:14:20] AETERNAL (6015b02d-f272-4154-8209-5e3b23bbc09c): миникарта даже норм игроков отображает
[20:14:30] AETERNAL (6015b02d-f272-4154-8209-5e3b23bbc09c): странно, даже ебатся не пришлось
[20:14:39] PrySHio (53d10e20-e320-4876-a33a-c9b8e5781449): У тебя ник на 15 чанков длинной)
[20:14:47] AETERNAL (6015b02d-f272-4154-8209-5e3b23bbc09c): xD
[20:15:19] PrySHio (53d10e20-e320-4876-a33a-c9b8e5781449): Да где железо
[20:17:32] PrySHio (53d10e20-e320-4876-a33a-c9b8e5781449): xD
[20:17:37] PrySHio (53d10e20-e320-4876-a33a-c9b8e5781449): У тебя тут кузня стояла?
[20:17:45] AETERNAL (6015b02d-f272-4154-8209-5e3b23bbc09c): на базе стоит
[20:17:52] PrySHio (53d10e20-e320-4876-a33a-c9b8e5781449): Ну тут снизу
[20:17:54] PrySHio (53d10e20-e320-4876-a33a-c9b8e5781449): В шахте
[20:17:57] AETERNAL (6015b02d-f272-4154-8209-5e3b23bbc09c): не
[20:18:01] PrySHio (53d10e20-e320-4876-a33a-c9b8e5781449): Че за хуня
[20:18:09] PrySHio (53d10e20-e320-4876-a33a-c9b8e5781449): Я иду по твоим туннелям и тут кузня стоит
[20:18:13] AETERNAL (6015b02d-f272-4154-8209-5e3b23bbc09c): xD
[20:18:13] PrySHio (53d10e20-e320-4876-a33a-c9b8e5781449): В которой железо
[20:18:17] AETERNAL (6015b02d-f272-4154-8209-5e3b23bbc09c): ну значит стоит)
[20:18:24] PrySHio (53d10e20-e320-4876-a33a-c9b8e5781449): Ставлю факел и она пропала
[20:18:33] PrySHio (53d10e20-e320-4876-a33a-c9b8e5781449): Нет больше кузьни
[20:18:34] AETERNAL (6015b02d-f272-4154-8209-5e3b23bbc09c): xD
[20:18:57] AETERNAL (6015b02d-f272-4154-8209-5e3b23bbc09c): она учуяла что её спиздить хотят
[20:19:02] AETERNAL (6015b02d-f272-4154-8209-5e3b23bbc09c): вот и испарилась
[20:19:22] PrySHio (53d10e20-e320-4876-a33a-c9b8e5781449): Я тебя обокрасть не могу
[20:19:27] PrySHio (53d10e20-e320-4876-a33a-c9b8e5781449): Слишком лох с опкой
[20:19:58] PrySHio (53d10e20-e320-4876-a33a-c9b8e5781449): Дай железо
[20:20:02] PrySHio (53d10e20-e320-4876-a33a-c9b8e5781449): Я кирку починить не могу
[20:20:38] PrySHio (53d10e20-e320-4876-a33a-c9b8e5781449): Жулик
[20:20:50] AETERNAL (6015b02d-f272-4154-8209-5e3b23bbc09c): я свой случайно удалил как тебе дать хотел
[20:20:56] PrySHio (53d10e20-e320-4876-a33a-c9b8e5781449): xD
[20:23:14] PrySHio (53d10e20-e320-4876-a33a-c9b8e5781449): Дай золото
[20:23:25] AETERNAL (6015b02d-f272-4154-8209-5e3b23bbc09c): бля
[20:23:28] AETERNAL (6015b02d-f272-4154-8209-5e3b23bbc09c): опять удалил
[20:25:44] AETERNAL (6015b02d-f272-4154-8209-5e3b23bbc09c): ./ec есть ещё
[20:26:59] AETERNAL (6015b02d-f272-4154-8209-5e3b23bbc09c): напомни мне
[20:27:07] PrySHio (53d10e20-e320-4876-a33a-c9b8e5781449): Шо
[20:27:08] AETERNAL (6015b02d-f272-4154-8209-5e3b23bbc09c): как "осёлки" делать
[20:27:14] AETERNAL (6015b02d-f272-4154-8209-5e3b23bbc09c): или как они у тебя
[20:27:23] PrySHio (53d10e20-e320-4876-a33a-c9b8e5781449): Через плавильню
[20:27:32] AETERNAL (6015b02d-f272-4154-8209-5e3b23bbc09c): ага...
[20:27:59] AETERNAL (6015b02d-f272-4154-8209-5e3b23bbc09c): а как именно
[20:29:03] PrySHio (53d10e20-e320-4876-a33a-c9b8e5781449): Вот
[20:29:04] PrySHio (53d10e20-e320-4876-a33a-c9b8e5781449): Форма
[20:29:12] AETERNAL (6015b02d-f272-4154-8209-5e3b23bbc09c): а
[20:29:12] PrySHio (53d10e20-e320-4876-a33a-c9b8e5781449): Просто заливай ее и все
[20:29:16] AETERNAL (6015b02d-f272-4154-8209-5e3b23bbc09c): понял
[20:33:05] PrySHio (53d10e20-e320-4876-a33a-c9b8e5781449): Имба
[20:33:12] PrySHio (53d10e20-e320-4876-a33a-c9b8e5781449): Золото очисткой удалилось
[20:33:29] AETERNAL (6015b02d-f272-4154-8209-5e3b23bbc09c): жаль нет эмоджи из дс
[20:33:35] PrySHio (53d10e20-e320-4876-a33a-c9b8e5781449): Даааа
[20:33:57] PrySHio (53d10e20-e320-4876-a33a-c9b8e5781449): Кстати добывай кобальт
[20:34:36] AETERNAL (6015b02d-f272-4154-8209-5e3b23bbc09c): надо ещё потом каким то чудом гидру прихлопнуть
[20:35:34] AETERNAL (6015b02d-f272-4154-8209-5e3b23bbc09c): её для алтаря надо
[20:35:54] PrySHio (53d10e20-e320-4876-a33a-c9b8e5781449): Я знаю как энергию ебашить будем
[20:36:09] PrySHio (53d10e20-e320-4876-a33a-c9b8e5781449): Седня придумал
[20:36:13] PrySHio (53d10e20-e320-4876-a33a-c9b8e5781449): Мега метот
[20:36:24] PrySHio (53d10e20-e320-4876-a33a-c9b8e5781449): Метод*
[20:36:26] PrySHio (53d10e20-e320-4876-a33a-c9b8e5781449): короче
[20:36:29] AETERNAL (6015b02d-f272-4154-8209-5e3b23bbc09c): а ну ка
[20:36:30] PrySHio (53d10e20-e320-4876-a33a-c9b8e5781449): Делаем геотермалки
[20:36:34] PrySHio (53d10e20-e320-4876-a33a-c9b8e5781449): И генератор лавы
[20:36:52] AETERNAL (6015b02d-f272-4154-8209-5e3b23bbc09c): так
[20:36:52] PrySHio (53d10e20-e320-4876-a33a-c9b8e5781449): Имба же
[20:36:59] AETERNAL (6015b02d-f272-4154-8209-5e3b23bbc09c): а чё, инструменты не качаются?
[20:37:05] PrySHio (53d10e20-e320-4876-a33a-c9b8e5781449): Походу
[20:38:21] AETERNAL (6015b02d-f272-4154-8209-5e3b23bbc09c): исправим щас
[20:39:52] AETERNAL (6015b02d-f272-4154-8209-5e3b23bbc09c): после рестрата будет
[20:40:10] PrySHio (53d10e20-e320-4876-a33a-c9b8e5781449): Норм
[20:42:06] AETERNAL (6015b02d-f272-4154-8209-5e3b23bbc09c): булыгу сжимай
[20:42:09] AETERNAL (6015b02d-f272-4154-8209-5e3b23bbc09c): надо будет её
[20:52:39] PrySHio (53d10e20-e320-4876-a33a-c9b8e5781449): xD
[20:52:57] AETERNAL (6015b02d-f272-4154-8209-5e3b23bbc09c): нельзя рестарты сейчас
[20:53:00] PrySHio (53d10e20-e320-4876-a33a-c9b8e5781449): Ну зачем ты так
[20:53:01] PrySHio (53d10e20-e320-4876-a33a-c9b8e5781449): Капец
[20:53:06] AETERNAL (6015b02d-f272-4154-8209-5e3b23bbc09c): он не запускается сам
[20:55:20] AETERNAL (6015b02d-f272-4154-8209-5e3b23bbc09c): чёт очистка не слишком часто?
[20:55:27] PrySHio (53d10e20-e320-4876-a33a-c9b8e5781449): Часто
[20:55:31] PrySHio (53d10e20-e320-4876-a33a-c9b8e5781449): Раз в 20 мин сделай
[20:55:52] PrySHio (53d10e20-e320-4876-a33a-c9b8e5781449): Или в 15
[20:56:45] PrySHio (53d10e20-e320-4876-a33a-c9b8e5781449): Я данж нашел
[20:59:08] AETERNAL (6015b02d-f272-4154-8209-5e3b23bbc09c): чё там хорошего есть?
[20:59:19] PrySHio (53d10e20-e320-4876-a33a-c9b8e5781449): Броня
[20:59:29] PrySHio (53d10e20-e320-4876-a33a-c9b8e5781449): Ресы
[20:59:52] PrySHio (53d10e20-e320-4876-a33a-c9b8e5781449): 2 шмотки выбил
[20:59:55] PrySHio (53d10e20-e320-4876-a33a-c9b8e5781449): На зч 4
[21:00:07] PrySHio (53d10e20-e320-4876-a33a-c9b8e5781449): Защиту*
[21:00:16] AETERNAL (6015b02d-f272-4154-8209-5e3b23bbc09c): нормас
[21:00:33] AETERNAL (6015b02d-f272-4154-8209-5e3b23bbc09c): метеорит из тайги нашёл(
[21:00:35] AETERNAL (6015b02d-f272-4154-8209-5e3b23bbc09c): )
[21:00:42] PrySHio (53d10e20-e320-4876-a33a-c9b8e5781449): Пизда меня там пинают
[21:00:51] PrySHio (53d10e20-e320-4876-a33a-c9b8e5781449): Как футбольный мячик
[21:02:11] PrySHio (53d10e20-e320-4876-a33a-c9b8e5781449): Могилы нет
[21:02:31] PrySHio (53d10e20-e320-4876-a33a-c9b8e5781449): 68 Y
[21:02:32] PrySHio (53d10e20-e320-4876-a33a-c9b8e5781449): xD
[21:02:34] PrySHio (53d10e20-e320-4876-a33a-c9b8e5781449): Как так
[21:02:39] AETERNAL (6015b02d-f272-4154-8209-5e3b23bbc09c): xD
[21:02:48] AETERNAL (6015b02d-f272-4154-8209-5e3b23bbc09c): тепнись на неё
[21:05:21] AETERNAL (6015b02d-f272-4154-8209-5e3b23bbc09c): xD
[21:05:36] PrySHio (53d10e20-e320-4876-a33a-c9b8e5781449): Не лезь туда
[21:05:41] PrySHio (53d10e20-e320-4876-a33a-c9b8e5781449): Оно тебя сожрет
[21:05:59] AETERNAL (6015b02d-f272-4154-8209-5e3b23bbc09c): тут лут зато имбовій в начале
[21:06:07] PrySHio (53d10e20-e320-4876-a33a-c9b8e5781449): Это да
[21:06:11] PrySHio (53d10e20-e320-4876-a33a-c9b8e5781449): Там спавн дикий
[21:08:41] AETERNAL (6015b02d-f272-4154-8209-5e3b23bbc09c): мба
[21:08:49] AETERNAL (6015b02d-f272-4154-8209-5e3b23bbc09c): меч сломал за 1 удар об моба
[21:08:54] AETERNAL (6015b02d-f272-4154-8209-5e3b23bbc09c): перк какой то
[21:09:12] AETERNAL (6015b02d-f272-4154-8209-5e3b23bbc09c): меня поимели и обосрали
[21:09:21] AETERNAL (6015b02d-f272-4154-8209-5e3b23bbc09c): драсте
[21:09:32] PrySHio (53d10e20-e320-4876-a33a-c9b8e5781449): Нас наебали, обдурили и обосрали
[21:09:38] CPAMOTA (d267ee8f-b769-41ce-81ce-3898bd57776b): QQ
[23:22:58] AETERNAL (2a076cce-e954-3b8a-9aca-88a547c55f73): .
[23:34:41] PrySHio (a7a4285c-8f82-31c0-8940-9442d025f8bf): Как дела
[23:34:54] AETERNAL (2a076cce-e954-3b8a-9aca-88a547c55f73): мдэ
[23:35:19] AETERNAL (2a076cce-e954-3b8a-9aca-88a547c55f73): там проблема с привязкой
[23:35:27] AETERNAL (2a076cce-e954-3b8a-9aca-88a547c55f73): уже завтра скорее всего
[23:35:45] PrySHio (a7a4285c-8f82-31c0-8940-9442d025f8bf): Жестко
[23:36:16] AETERNAL (2a076cce-e954-3b8a-9aca-88a547c55f73): а где блять регионы
[23:36:37] PrySHio (a7a4285c-8f82-31c0-8940-9442d025f8bf): Они походу тоже слетели
[23:38:31] PrySHio (a7a4285c-8f82-31c0-8940-9442d025f8bf): Весело
[23:40:27] AETERNAL (2a076cce-e954-3b8a-9aca-88a547c55f73): давай пвп заебал
[23:41:06] AETERNAL (2a076cce-e954-3b8a-9aca-88a547c55f73): а чё как
[23:41:21] AETERNAL (2a076cce-e954-3b8a-9aca-88a547c55f73): лол
[23:41:32] PrySHio (a7a4285c-8f82-31c0-8940-9442d025f8bf): Меч гавно просто
[23:41:42] PrySHio (a7a4285c-8f82-31c0-8940-9442d025f8bf): Меч гавно просто
[23:41:48] PrySHio (a7a4285c-8f82-31c0-8940-9442d025f8bf): Слабый слишком
[23:42:08] AETERNAL (2a076cce-e954-3b8a-9aca-88a547c55f73): у меня всё выключено
[23:42:14] AETERNAL (2a076cce-e954-3b8a-9aca-88a547c55f73): я бессмертный
[23:42:16] PrySHio (a7a4285c-8f82-31c0-8940-9442d025f8bf): Так рг
[23:42:23] AETERNAL (2a076cce-e954-3b8a-9aca-88a547c55f73): ой бля
[23:44:20] PrySHio (a7a4285c-8f82-31c0-8940-9442d025f8bf): Поч оно сбоку спавнит а не в центре спавна
[23:44:30] AETERNAL (2a076cce-e954-3b8a-9aca-88a547c55f73): мб спавн слетел
[23:45:02] PrySHio (a7a4285c-8f82-31c0-8940-9442d025f8bf): Система пвп 1.12.2 просто имба
[23:46:08] PrySHio (a7a4285c-8f82-31c0-8940-9442d025f8bf): Пинг 5к
[23:46:12] PrySHio (a7a4285c-8f82-31c0-8940-9442d025f8bf): Тебе норм
[23:46:40] AETERNAL (2a076cce-e954-3b8a-9aca-88a547c55f73): инет
[23:46:44] PrySHio (a7a4285c-8f82-31c0-8940-9442d025f8bf): Я заметил
[23:47:16] PrySHio (a7a4285c-8f82-31c0-8940-9442d025f8bf): Слых
[23:47:24] PrySHio (a7a4285c-8f82-31c0-8940-9442d025f8bf): Я как понял дюп жесткий
[23:47:37] PrySHio (a7a4285c-8f82-31c0-8940-9442d025f8bf): С привилегией
[23:47:54] PrySHio (a7a4285c-8f82-31c0-8940-9442d025f8bf): С могилки дроп + вещи сохроняются
[23:48:01] AETERNAL (2a076cce-e954-3b8a-9aca-88a547c55f73): не а
[23:48:01] PrySHio (a7a4285c-8f82-31c0-8940-9442d025f8bf): А нихуя
[23:48:28] AETERNAL (2a076cce-e954-3b8a-9aca-88a547c55f73): бля я дибил
[23:48:41] AETERNAL (2a076cce-e954-3b8a-9aca-88a547c55f73): рецепты инфинити вещей то я убрал
[23:48:51] AETERNAL (2a076cce-e954-3b8a-9aca-88a547c55f73): но с ими же и улучшения с помощью кристалла
[23:49:37] AETERNAL (2a076cce-e954-3b8a-9aca-88a547c55f73): мдє
[23:50:11] PrySHio (a7a4285c-8f82-31c0-8940-9442d025f8bf): Я думаю тебе чинить надобно
[23:50:18] PrySHio (a7a4285c-8f82-31c0-8940-9442d025f8bf): Фулл вайп проебан
[23:50:29] AETERNAL (2a076cce-e954-3b8a-9aca-88a547c55f73): не ссы
[23:50:33] AETERNAL (2a076cce-e954-3b8a-9aca-88a547c55f73): всё будет
[23:51:27] PrySHio (a7a4285c-8f82-31c0-8940-9442d025f8bf): Слабый чел
[23:51:57] AETERNAL (2a076cce-e954-3b8a-9aca-88a547c55f73): ладно
[23:52:04] AETERNAL (2a076cce-e954-3b8a-9aca-88a547c55f73): я пойду чё то делать
[23:52:07] AETERNAL (2a076cce-e954-3b8a-9aca-88a547c55f73): хз чё
[23:52:23] AETERNAL (2a076cce-e954-3b8a-9aca-88a547c55f73): удали вещи свои потом, так как это аккаунт ни за кем не закреплён
[23:52:49] PrySHio (a7a4285c-8f82-31c0-8940-9442d025f8bf): Все
[23:30:00] AETERNAL (2a076cce-e954-3b8a-9aca-88a547c55f73): .
[23:30:31] AETERNAL (2a076cce-e954-3b8a-9aca-88a547c55f73): .
