[09:28:12] ProCto_DS (d3139add-473e-468f-9582-8b46bb0e237c): ?
[09:33:25] ProCto_DS (d3139add-473e-468f-9582-8b46bb0e237c): ?
[09:33:43] ProCto_DS (d3139add-473e-468f-9582-8b46bb0e237c): норм
[09:33:49] ProCto_DS (d3139add-473e-468f-9582-8b46bb0e237c): Ща экстремальный верстак мутить буду)
[09:33:58] ProCto_DS (d3139add-473e-468f-9582-8b46bb0e237c): визеров гасить буду)
[09:41:30] ProCto_DS (d3139add-473e-468f-9582-8b46bb0e237c): сюдааа
[12:50:20] Nindly (eb4d01d7-785b-433a-88b6-26b920632b5b): q
[12:50:42] Nindly (eb4d01d7-785b-433a-88b6-26b920632b5b): Да
[12:53:38] Nindly (eb4d01d7-785b-433a-88b6-26b920632b5b): У меня скрины сломаны, не могу сделать
[12:54:28] FetykArt (acd6896e-f945-4c63-802a-ca96eaeeb2f0): сочувствую
[12:57:12] FetykArt (acd6896e-f945-4c63-802a-ca96eaeeb2f0): привет =3
[12:58:10] FetykArt (acd6896e-f945-4c63-802a-ca96eaeeb2f0): "материалы и вы"?
[13:04:51] FetykArt (acd6896e-f945-4c63-802a-ca96eaeeb2f0): хых
[13:51:45] FetykArt (acd6896e-f945-4c63-802a-ca96eaeeb2f0): ./tp
[13:54:39] FetykArt (acd6896e-f945-4c63-802a-ca96eaeeb2f0): тут реактор из дк взрывается?
[13:55:44] Nindly (eb4d01d7-785b-433a-88b6-26b920632b5b): idk
[13:56:00] FetykArt (acd6896e-f945-4c63-802a-ca96eaeeb2f0): ну значит да. тут чанков 12 нету.
[13:56:10] Nindly (eb4d01d7-785b-433a-88b6-26b920632b5b): У тебя есть прессы из АЕ ?
[13:56:22] FetykArt (acd6896e-f945-4c63-802a-ca96eaeeb2f0): не все. 3 вроде
[13:56:36] FetykArt (acd6896e-f945-4c63-802a-ca96eaeeb2f0): GamerYT_GG
[13:56:43] Nindly (eb4d01d7-785b-433a-88b6-26b920632b5b): Час ищу метеориты, все залутаные
[13:57:07] FetykArt (acd6896e-f945-4c63-802a-ca96eaeeb2f0): жиза)
[13:59:39] FetykArt (acd6896e-f945-4c63-802a-ca96eaeeb2f0): ты находил из астрала структуры? с кристаллом летающим которые
[13:59:54] Nindly (eb4d01d7-785b-433a-88b6-26b920632b5b): Я их 2 дня искал, а оказалось всё проще
[13:59:59] Nindly (eb4d01d7-785b-433a-88b6-26b920632b5b): На варп астрал
[14:00:01] Nindly (eb4d01d7-785b-433a-88b6-26b920632b5b): Верстаки
[14:00:03] Nindly (eb4d01d7-785b-433a-88b6-26b920632b5b): Там делай
[14:00:07] FetykArt (acd6896e-f945-4c63-802a-ca96eaeeb2f0): пхах
[14:00:09] Nindly (eb4d01d7-785b-433a-88b6-26b920632b5b): ;d
[14:00:11] FetykArt (acd6896e-f945-4c63-802a-ca96eaeeb2f0): спасибо
[14:00:47] Nindly (eb4d01d7-785b-433a-88b6-26b920632b5b): Еб...
[14:01:05] FetykArt (acd6896e-f945-4c63-802a-ca96eaeeb2f0): ?
[14:01:10] Nindly (eb4d01d7-785b-433a-88b6-26b920632b5b): Тп ;d
[14:01:24] Nindly (eb4d01d7-785b-433a-88b6-26b920632b5b): Без подставы, не переживай
[14:01:36] FetykArt (acd6896e-f945-4c63-802a-ca96eaeeb2f0): я тут и был)
[14:01:42] Nindly (eb4d01d7-785b-433a-88b6-26b920632b5b): а
[14:01:49] Nindly (eb4d01d7-785b-433a-88b6-26b920632b5b): я 300 блоков пролетел
[14:01:53] FetykArt (acd6896e-f945-4c63-802a-ca96eaeeb2f0): меня тут чуть не грохнул кто то
[14:02:00] FetykArt (acd6896e-f945-4c63-802a-ca96eaeeb2f0): и я тепнулся отсюда
[14:02:03] Nindly (eb4d01d7-785b-433a-88b6-26b920632b5b): интересно что тут произошло
[14:02:14] FetykArt (acd6896e-f945-4c63-802a-ca96eaeeb2f0): реактор 100%
[14:02:26] FetykArt (acd6896e-f945-4c63-802a-ca96eaeeb2f0): там горы половины нет)
[14:02:27] Nindly (eb4d01d7-785b-433a-88b6-26b920632b5b): это он такой движ делает ?
[14:02:29] FetykArt (acd6896e-f945-4c63-802a-ca96eaeeb2f0): красиво
[14:02:37] Nindly (eb4d01d7-785b-433a-88b6-26b920632b5b): нормально так
[14:02:50] FetykArt (acd6896e-f945-4c63-802a-ca96eaeeb2f0): да. если ты чё то не так сделаешь - вот что останется от базы
[14:02:56] FetykArt (acd6896e-f945-4c63-802a-ca96eaeeb2f0): красиво главное)))
[14:02:57] Nindly (eb4d01d7-785b-433a-88b6-26b920632b5b): я изначально подумал от метиорита с АЕ2 :D
[14:03:11] FetykArt (acd6896e-f945-4c63-802a-ca96eaeeb2f0): представляю какой большой был бы...
[14:03:21] Nindly (eb4d01d7-785b-433a-88b6-26b920632b5b): это да
[14:03:57] FetykArt (acd6896e-f945-4c63-802a-ca96eaeeb2f0): бесяяят. одни боги грома, а не мобы.
[14:04:36] Nindly (eb4d01d7-785b-433a-88b6-26b920632b5b): Да, особенно которые выбивают предмет с руки, а его потом зомбак берёт
[14:05:15] FetykArt (acd6896e-f945-4c63-802a-ca96eaeeb2f0): такого не было тут. но обидно будет если пропадёт ещё он, вместе с предметом)
[14:05:26] Nindly (eb4d01d7-785b-433a-88b6-26b920632b5b): Не, выпадает потом
[14:07:14] Nindly (eb4d01d7-785b-433a-88b6-26b920632b5b): У тебя были баги с мешком из ботании
[14:07:18] Nindly (eb4d01d7-785b-433a-88b6-26b920632b5b): Для цветков
[14:07:47] FetykArt (acd6896e-f945-4c63-802a-ca96eaeeb2f0): я не занимался ботанией ещё. а на других серверах нет вроде.
[14:08:04] Nindly (eb4d01d7-785b-433a-88b6-26b920632b5b): У меня уже 3 раз он пустой становиться
[14:10:05] Nindly (eb4d01d7-785b-433a-88b6-26b920632b5b): У тебя есть шампиньён ? ;d
[14:10:21] FetykArt (acd6896e-f945-4c63-802a-ca96eaeeb2f0): нет?
[14:20:36] FetykArt (acd6896e-f945-4c63-802a-ca96eaeeb2f0): ее, все прессы собрал,_,
[14:20:43] Nindly (eb4d01d7-785b-433a-88b6-26b920632b5b): -_-
[14:21:06] FetykArt (acd6896e-f945-4c63-802a-ca96eaeeb2f0): =D
[14:24:09] FetykArt (acd6896e-f945-4c63-802a-ca96eaeeb2f0): я словил скример.
[14:24:11] FetykArt (acd6896e-f945-4c63-802a-ca96eaeeb2f0): ТпТ
[14:24:18] Nindly (eb4d01d7-785b-433a-88b6-26b920632b5b): можешь дать скопировать прессы ? в долгу не останусь
[14:24:30] FetykArt (acd6896e-f945-4c63-802a-ca96eaeeb2f0): тп
[14:24:51] Nindly (eb4d01d7-785b-433a-88b6-26b920632b5b): через 5 минут верну
[14:24:56] FetykArt (acd6896e-f945-4c63-802a-ca96eaeeb2f0): ага.
[14:25:10] FetykArt (acd6896e-f945-4c63-802a-ca96eaeeb2f0): посмотри горный кристал =3 из астрала
[14:25:19] FetykArt (acd6896e-f945-4c63-802a-ca96eaeeb2f0): 1 штука хотяб
[14:25:22] Nindly (eb4d01d7-785b-433a-88b6-26b920632b5b): принесу
[14:26:41] FetykArt (acd6896e-f945-4c63-802a-ca96eaeeb2f0): .кез
[14:27:56] Nindly (eb4d01d7-785b-433a-88b6-26b920632b5b): ща
[14:27:58] Nindly (eb4d01d7-785b-433a-88b6-26b920632b5b): забыл
[14:28:34] Nindly (eb4d01d7-785b-433a-88b6-26b920632b5b): спасибо
[14:28:36] FetykArt (acd6896e-f945-4c63-802a-ca96eaeeb2f0): спасибо =DD
[15:43:44] gluck97 (6e22b281-f6f7-4195-adf6-e456b6680156): здрасте
[16:03:52] gluck97 (6e22b281-f6f7-4195-adf6-e456b6680156): здрасте
[16:04:22] FetykArt (acd6896e-f945-4c63-802a-ca96eaeeb2f0): я тебе не рыбка в аквариуме.
[16:04:25] FetykArt (acd6896e-f945-4c63-802a-ca96eaeeb2f0): привет
[16:05:43] gluck97 (6e22b281-f6f7-4195-adf6-e456b6680156): как ним полз?
[16:05:58] FetykArt (acd6896e-f945-4c63-802a-ca96eaeeb2f0): ?
[16:06:11] gluck97 (6e22b281-f6f7-4195-adf6-e456b6680156): мист верст
[16:06:31] FetykArt (acd6896e-f945-4c63-802a-ca96eaeeb2f0): кристаллы суёшь, вис пока соберётся ждёшь и используешь
[16:06:50] FetykArt (acd6896e-f945-4c63-802a-ca96eaeeb2f0): но большенство крафтов в нём, кроме ванилы и таума - не работают.
[16:07:39] FetykArt (acd6896e-f945-4c63-802a-ca96eaeeb2f0): я ща побырому дз спишу и вернусь
[16:07:41] FetykArt (acd6896e-f945-4c63-802a-ca96eaeeb2f0): =3
[16:07:53] FetykArt (acd6896e-f945-4c63-802a-ca96eaeeb2f0): те норм?
[16:07:56] gluck97 (6e22b281-f6f7-4195-adf6-e456b6680156): ок
[16:08:28] FetykArt (acd6896e-f945-4c63-802a-ca96eaeeb2f0): что ты делаешь?
[16:08:37] gluck97 (6e22b281-f6f7-4195-adf6-e456b6680156): афк аквариум
[16:08:44] FetykArt (acd6896e-f945-4c63-802a-ca96eaeeb2f0): аа...
[16:29:03] FetykArt (acd6896e-f945-4c63-802a-ca96eaeeb2f0): зачем?
[16:29:07] gluck97 (6e22b281-f6f7-4195-adf6-e456b6680156): &
[16:29:09] gluck97 (6e22b281-f6f7-4195-adf6-e456b6680156): ?
[16:29:26] FetykArt (acd6896e-f945-4c63-802a-ca96eaeeb2f0): зачем эта книга и броня? и когда ты успел?
[16:29:40] gluck97 (6e22b281-f6f7-4195-adf6-e456b6680156): 20 сек назад
[16:29:46] gluck97 (6e22b281-f6f7-4195-adf6-e456b6680156): просто ртп
[16:29:55] gluck97 (6e22b281-f6f7-4195-adf6-e456b6680156): и возле портала появился
[16:30:18] FetykArt (acd6896e-f945-4c63-802a-ca96eaeeb2f0): я от этого портала 3 раза с 0.5 хп оставался.
[16:30:35] gluck97 (6e22b281-f6f7-4195-adf6-e456b6680156): ни разу не коцнули 5 рыц
[16:32:13] FetykArt (acd6896e-f945-4c63-802a-ca96eaeeb2f0): пф
[16:32:19] FetykArt (acd6896e-f945-4c63-802a-ca96eaeeb2f0): хахахха
[16:47:08] gluck97 (6e22b281-f6f7-4195-adf6-e456b6680156): ку
[16:48:28] gluck97 (6e22b281-f6f7-4195-adf6-e456b6680156): -
[17:35:08] Stxywxthme (6ce0cde9-8c92-4c66-96ad-6bffb9dfc01b): привет
[17:35:22] gluck97 (6e22b281-f6f7-4195-adf6-e456b6680156): ку
[17:39:18] FetykArt (acd6896e-f945-4c63-802a-ca96eaeeb2f0): все алмазы истратил (
[17:39:40] gluck97 (6e22b281-f6f7-4195-adf6-e456b6680156): нужно скрафтить простой мистический механизм
[17:39:46] gluck97 (6e22b281-f6f7-4195-adf6-e456b6680156): вот тут
[17:40:01] FetykArt (acd6896e-f945-4c63-802a-ca96eaeeb2f0): чё не так?
[17:40:05] gluck97 (6e22b281-f6f7-4195-adf6-e456b6680156): не понимаю
[17:40:12] FetykArt (acd6896e-f945-4c63-802a-ca96eaeeb2f0): с шифтом не работает
[17:40:16] gluck97 (6e22b281-f6f7-4195-adf6-e456b6680156): у меня пусто
[17:40:20] FetykArt (acd6896e-f945-4c63-802a-ca96eaeeb2f0): а
[17:40:20] gluck97 (6e22b281-f6f7-4195-adf6-e456b6680156): крафта нету
[17:40:32] FetykArt (acd6896e-f945-4c63-802a-ca96eaeeb2f0): ты в квестах получил знания?
[17:40:39] FetykArt (acd6896e-f945-4c63-802a-ca96eaeeb2f0): их тут не получишь по другому
[17:40:43] gluck97 (6e22b281-f6f7-4195-adf6-e456b6680156): мммм
[17:40:50] FetykArt (acd6896e-f945-4c63-802a-ca96eaeeb2f0): сааамая первая вкладка
[17:40:51] gluck97 (6e22b281-f6f7-4195-adf6-e456b6680156): вовремя сказал :))
[17:41:37] gluck97 (6e22b281-f6f7-4195-adf6-e456b6680156): как квесты открыть?
[17:41:42] FetykArt (acd6896e-f945-4c63-802a-ca96eaeeb2f0): ё
[17:41:48] FetykArt (acd6896e-f945-4c63-802a-ca96eaeeb2f0): а
[17:41:57] FetykArt (acd6896e-f945-4c63-802a-ca96eaeeb2f0): не, в настройках там вроде нет бинда
[17:42:08] FetykArt (acd6896e-f945-4c63-802a-ca96eaeeb2f0): инвентарь -> книжка
[17:42:35] FetykArt (acd6896e-f945-4c63-802a-ca96eaeeb2f0): там как нибуть сам разберёшся =3
[17:43:24] gluck97 (6e22b281-f6f7-4195-adf6-e456b6680156): L не то?
[17:44:52] FetykArt (acd6896e-f945-4c63-802a-ca96eaeeb2f0): а как? =3
[17:45:39] gluck97 (6e22b281-f6f7-4195-adf6-e456b6680156): ?
[17:52:44] Stxywxthme (6ce0cde9-8c92-4c66-96ad-6bffb9dfc01b): я выпил ману в бутылке
[17:53:17] Stxywxthme (6ce0cde9-8c92-4c66-96ad-6bffb9dfc01b): интересные эффекты
[17:53:28] Stxywxthme (6ce0cde9-8c92-4c66-96ad-6bffb9dfc01b): вода разливается
[17:53:36] Stxywxthme (6ce0cde9-8c92-4c66-96ad-6bffb9dfc01b): высоко подбрасывает
[17:53:42] Stxywxthme (6ce0cde9-8c92-4c66-96ad-6bffb9dfc01b): ночное зрение
[17:53:58] Stxywxthme (6ce0cde9-8c92-4c66-96ad-6bffb9dfc01b): попробуем еще выпить
[17:54:20] Stxywxthme (6ce0cde9-8c92-4c66-96ad-6bffb9dfc01b): эмм
[17:54:36] Stxywxthme (6ce0cde9-8c92-4c66-96ad-6bffb9dfc01b): все из инвентаря выкинулось
[17:54:51] Stxywxthme (6ce0cde9-8c92-4c66-96ad-6bffb9dfc01b): причем сама бутылка дюпнулась
[18:07:27] Stxywxthme (6ce0cde9-8c92-4c66-96ad-6bffb9dfc01b): Бросаем пить
[18:07:44] Stxywxthme (6ce0cde9-8c92-4c66-96ad-6bffb9dfc01b): а то сервер начал крашиться
[18:16:49] gluck97 (6e22b281-f6f7-4195-adf6-e456b6680156): чанк для магии
[18:16:53] gluck97 (6e22b281-f6f7-4195-adf6-e456b6680156): хватит?
[18:17:09] gluck97 (6e22b281-f6f7-4195-adf6-e456b6680156): декорируй ка хочешь
[18:17:24] FetykArt (acd6896e-f945-4c63-802a-ca96eaeeb2f0): ага.
[18:21:55] Nergaloff (88da800e-1614-4c65-ace8-c18f7e99e914): кто-то находил пустынный улей?
[18:21:58] gluck97 (6e22b281-f6f7-4195-adf6-e456b6680156): еба
[18:22:03] Stxywxthme (6ce0cde9-8c92-4c66-96ad-6bffb9dfc01b): не
[18:22:10] gluck97 (6e22b281-f6f7-4195-adf6-e456b6680156): 25 часов до измельчителя)
[18:22:31] Stxywxthme (6ce0cde9-8c92-4c66-96ad-6bffb9dfc01b): зато я нашел пару пчеловодов
[18:22:45] Nergaloff (88da800e-1614-4c65-ace8-c18f7e99e914): ?
[18:22:53] Stxywxthme (6ce0cde9-8c92-4c66-96ad-6bffb9dfc01b): расторгую их мб что-то продадут
[18:23:02] Nergaloff (88da800e-1614-4c65-ace8-c18f7e99e914): а, жителей
[18:23:04] Nergaloff (88da800e-1614-4c65-ace8-c18f7e99e914): понял
[18:23:16] Nergaloff (88da800e-1614-4c65-ace8-c18f7e99e914): ну если скромная пчела попадется свистни пж
[18:23:22] Stxywxthme (6ce0cde9-8c92-4c66-96ad-6bffb9dfc01b): ок
[18:23:45] Nergaloff (88da800e-1614-4c65-ace8-c18f7e99e914): в овере все пустыни с биомом равнин, вообще по кайфу
[18:23:49] Nergaloff (88da800e-1614-4c65-ace8-c18f7e99e914): из-за этого ульев нет
[18:24:18] Nergaloff (88da800e-1614-4c65-ace8-c18f7e99e914): ооо в твайлайте они есть
[18:24:21] Nergaloff (88da800e-1614-4c65-ace8-c18f7e99e914): в саванне
[18:25:51] Stxywxthme (6ce0cde9-8c92-4c66-96ad-6bffb9dfc01b): скромная
[18:25:54] Stxywxthme (6ce0cde9-8c92-4c66-96ad-6bffb9dfc01b): с первой
[18:26:04] Nergaloff (88da800e-1614-4c65-ace8-c18f7e99e914): я нашел уже
[18:26:18] Stxywxthme (6ce0cde9-8c92-4c66-96ad-6bffb9dfc01b): зимний трутень
[18:26:26] Stxywxthme (6ce0cde9-8c92-4c66-96ad-6bffb9dfc01b): болотный трутень
[18:26:30] Nergaloff (88da800e-1614-4c65-ace8-c18f7e99e914): в твайлайте походу все ульи есть
[18:26:36] Nergaloff (88da800e-1614-4c65-ace8-c18f7e99e914): только тропического не видел
[18:26:39] Nergaloff (88da800e-1614-4c65-ace8-c18f7e99e914): но и не искал
[18:26:40] Stxywxthme (6ce0cde9-8c92-4c66-96ad-6bffb9dfc01b): тропический трутень
[18:27:10] gluck97 (6e22b281-f6f7-4195-adf6-e456b6680156): помоги накопать золота
[18:27:44] gluck97 (6e22b281-f6f7-4195-adf6-e456b6680156): стак руды)
[18:28:28] gluck97 (6e22b281-f6f7-4195-adf6-e456b6680156): пизда тут сплавов в печке
[18:28:36] gluck97 (6e22b281-f6f7-4195-adf6-e456b6680156): поможешь накопать?
[18:29:29] FetykArt (acd6896e-f945-4c63-802a-ca96eaeeb2f0): 10 высота - 500 фпс, хех
[18:30:57] FetykArt (acd6896e-f945-4c63-802a-ca96eaeeb2f0): есть кузня?
[18:31:44] FetykArt (acd6896e-f945-4c63-802a-ca96eaeeb2f0): а ресы?))
[18:31:53] FetykArt (acd6896e-f945-4c63-802a-ca96eaeeb2f0): кобальт-бумага
[18:31:57] FetykArt (acd6896e-f945-4c63-802a-ca96eaeeb2f0): это чё?
[18:32:17] FetykArt (acd6896e-f945-4c63-802a-ca96eaeeb2f0): аааа, ты мне светлячка убииииил
[18:32:28] FetykArt (acd6896e-f945-4c63-802a-ca96eaeeb2f0): ТпТ
[18:36:45] gluck97 (6e22b281-f6f7-4195-adf6-e456b6680156): как ты натягиваешь на голову?
[18:36:57] FetykArt (acd6896e-f945-4c63-802a-ca96eaeeb2f0): ну светлячка просто вместо шлема
[18:37:07] FetykArt (acd6896e-f945-4c63-802a-ca96eaeeb2f0): но ты 1 убил, и была светопыль
[18:37:22] gluck97 (6e22b281-f6f7-4195-adf6-e456b6680156): я не могу её одеть
[18:38:19] FetykArt (acd6896e-f945-4c63-802a-ca96eaeeb2f0): 1 золотая руда!!!!
[18:38:25] gluck97 (6e22b281-f6f7-4195-adf6-e456b6680156): 22
[18:38:38] FetykArt (acd6896e-f945-4c63-802a-ca96eaeeb2f0): =3
[18:38:56] gluck97 (6e22b281-f6f7-4195-adf6-e456b6680156): копай выше
[18:39:51] gluck97 (6e22b281-f6f7-4195-adf6-e456b6680156): слепой?
[18:40:12] FetykArt (acd6896e-f945-4c63-802a-ca96eaeeb2f0): я просто сразу к кристаллам,_,
[18:40:44] gluck97 (6e22b281-f6f7-4195-adf6-e456b6680156): во
[18:40:47] gluck97 (6e22b281-f6f7-4195-adf6-e456b6680156): ай
[18:40:55] gluck97 (6e22b281-f6f7-4195-adf6-e456b6680156): хп нету\
[18:42:15] gluck97 (6e22b281-f6f7-4195-adf6-e456b6680156): тут можно жить)
[18:42:22] FetykArt (acd6896e-f945-4c63-802a-ca96eaeeb2f0): дай факела
[18:43:00] gluck97 (6e22b281-f6f7-4195-adf6-e456b6680156): книга жнец 3
[18:46:40] FetykArt (acd6896e-f945-4c63-802a-ca96eaeeb2f0): пф
[18:47:22] gluck97 (6e22b281-f6f7-4195-adf6-e456b6680156): хуясе
[18:50:18] gluck97 (6e22b281-f6f7-4195-adf6-e456b6680156): ууууу
[18:50:20] gluck97 (6e22b281-f6f7-4195-adf6-e456b6680156): сюка
[18:50:31] FetykArt (acd6896e-f945-4c63-802a-ca96eaeeb2f0): не бей их
[18:50:41] gluck97 (6e22b281-f6f7-4195-adf6-e456b6680156): фары потухли
[18:51:16] Stxywxthme (6ce0cde9-8c92-4c66-96ad-6bffb9dfc01b): и так
[18:51:23] Stxywxthme (6ce0cde9-8c92-4c66-96ad-6bffb9dfc01b): все есть
[18:51:48] FetykArt (acd6896e-f945-4c63-802a-ca96eaeeb2f0): хы
[18:51:54] Stxywxthme (6ce0cde9-8c92-4c66-96ad-6bffb9dfc01b): 18 мошаньих трутней
[18:52:47] gluck97 (6e22b281-f6f7-4195-adf6-e456b6680156): кристалы
[18:53:18] gluck97 (6e22b281-f6f7-4195-adf6-e456b6680156): а чё не подбираешь?
[18:53:29] FetykArt (acd6896e-f945-4c63-802a-ca96eaeeb2f0): стой
[18:53:32] FetykArt (acd6896e-f945-4c63-802a-ca96eaeeb2f0): я домой сбегаю
[18:54:12] Nergaloff (88da800e-1614-4c65-ace8-c18f7e99e914): давайте скип
[18:55:45] FetykArt (acd6896e-f945-4c63-802a-ca96eaeeb2f0): я ща
[18:55:49] gluck97 (6e22b281-f6f7-4195-adf6-e456b6680156): cnjq
[18:55:53] FetykArt (acd6896e-f945-4c63-802a-ca96eaeeb2f0): ?
[18:56:10] FetykArt (acd6896e-f945-4c63-802a-ca96eaeeb2f0): яафк 5 минут
[18:56:15] gluck97 (6e22b281-f6f7-4195-adf6-e456b6680156): тю
[18:56:17] FetykArt (acd6896e-f945-4c63-802a-ca96eaeeb2f0): 2*
[18:56:20] gluck97 (6e22b281-f6f7-4195-adf6-e456b6680156): я думал на хом
[18:56:47] FetykArt (acd6896e-f945-4c63-802a-ca96eaeeb2f0): я тут
[18:57:44] FetykArt (acd6896e-f945-4c63-802a-ca96eaeeb2f0): нафига открыл,_,
[18:58:20] gluck97 (6e22b281-f6f7-4195-adf6-e456b6680156): в лаве будет гореть?
[18:58:28] FetykArt (acd6896e-f945-4c63-802a-ca96eaeeb2f0): хз
[18:58:31] FetykArt (acd6896e-f945-4c63-802a-ca96eaeeb2f0): ща схожу
[18:58:36] gluck97 (6e22b281-f6f7-4195-adf6-e456b6680156): сой
[18:58:36] FetykArt (acd6896e-f945-4c63-802a-ca96eaeeb2f0): за ведром
[18:58:43] FetykArt (acd6896e-f945-4c63-802a-ca96eaeeb2f0): ye jr
[18:58:53] gluck97 (6e22b281-f6f7-4195-adf6-e456b6680156): гори сука
[18:59:04] FetykArt (acd6896e-f945-4c63-802a-ca96eaeeb2f0): "гори в аду"
[18:59:38] FetykArt (acd6896e-f945-4c63-802a-ca96eaeeb2f0): пофиг?
[18:59:43] gluck97 (6e22b281-f6f7-4195-adf6-e456b6680156): живучий падла
[18:59:50] gluck97 (6e22b281-f6f7-4195-adf6-e456b6680156): ура
[19:01:21] Nergaloff (88da800e-1614-4c65-ace8-c18f7e99e914): какая же дикая дизмораль из-за этих пчёл
[19:01:28] Nergaloff (88da800e-1614-4c65-ace8-c18f7e99e914): ненавижу не умею не люблю
[19:01:49] Stxywxthme (6ce0cde9-8c92-4c66-96ad-6bffb9dfc01b): но их все равно придется сделать
[19:02:14] gluck97 (6e22b281-f6f7-4195-adf6-e456b6680156): тупо пусто*
[19:02:15] FetykArt (acd6896e-f945-4c63-802a-ca96eaeeb2f0): всё1
[19:02:16] gluck97 (6e22b281-f6f7-4195-adf6-e456b6680156): ?
[19:02:18] FetykArt (acd6896e-f945-4c63-802a-ca96eaeeb2f0): я забрал)
[19:02:34] FetykArt (acd6896e-f945-4c63-802a-ca96eaeeb2f0): 1 раз и второй потом пробежал
[19:03:10] FetykArt (acd6896e-f945-4c63-802a-ca96eaeeb2f0): я домой
[19:03:15] FetykArt (acd6896e-f945-4c63-802a-ca96eaeeb2f0): у меня фул
[19:06:18] gluck97 (6e22b281-f6f7-4195-adf6-e456b6680156): 1 глазый хуй
[19:07:07] Nergaloff (88da800e-1614-4c65-ace8-c18f7e99e914): не, эта хуйня выше моих сил
[19:07:18] Stxywxthme (6ce0cde9-8c92-4c66-96ad-6bffb9dfc01b): эти пчелы спектр пробивают
[19:07:18] Nergaloff (88da800e-1614-4c65-ace8-c18f7e99e914): слишком дохуя на пчелах завязано
[19:07:22] Nergaloff (88da800e-1614-4c65-ace8-c18f7e99e914): удачи
[19:07:29] Nergaloff (88da800e-1614-4c65-ace8-c18f7e99e914): они год режим пробивают
[19:08:12] gluck97 (6e22b281-f6f7-4195-adf6-e456b6680156): не мешай)
[19:11:16] FetykArt (acd6896e-f945-4c63-802a-ca96eaeeb2f0): я ухожу
[19:11:20] Stxywxthme (6ce0cde9-8c92-4c66-96ad-6bffb9dfc01b): да пока вывожу
[19:11:23] gluck97 (6e22b281-f6f7-4195-adf6-e456b6680156): ye lj pfdnhf
[19:11:29] Stxywxthme (6ce0cde9-8c92-4c66-96ad-6bffb9dfc01b): пчеловоды помогают)
[19:11:30] gluck97 (6e22b281-f6f7-4195-adf6-e456b6680156): ну до завтра
[19:11:35] FetykArt (acd6896e-f945-4c63-802a-ca96eaeeb2f0): пока
[19:31:51] Stxywxthme (6ce0cde9-8c92-4c66-96ad-6bffb9dfc01b): эмм
[19:45:34] Stxywxthme (6ce0cde9-8c92-4c66-96ad-6bffb9dfc01b): + статические соты
[19:50:09] Stxywxthme (6ce0cde9-8c92-4c66-96ad-6bffb9dfc01b): теперь мне открылся packaged
[20:00:09] Stxywxthme (6ce0cde9-8c92-4c66-96ad-6bffb9dfc01b): +величавая
[20:02:17] Stxywxthme (6ce0cde9-8c92-4c66-96ad-6bffb9dfc01b): нет
[20:02:31] Stxywxthme (6ce0cde9-8c92-4c66-96ad-6bffb9dfc01b): пчелы нужны почти для всего
[20:02:52] Stxywxthme (6ce0cde9-8c92-4c66-96ad-6bffb9dfc01b): правда хз как отреагирует мэ на пчелы
[20:11:04] Stxywxthme (6ce0cde9-8c92-4c66-96ad-6bffb9dfc01b): нихуя
[20:11:19] Stxywxthme (6ce0cde9-8c92-4c66-96ad-6bffb9dfc01b): на пчелу нужно яйцо дракона
[20:16:04] Stxywxthme (6ce0cde9-8c92-4c66-96ad-6bffb9dfc01b): ?
[21:00:27] Stxywxthme (6ce0cde9-8c92-4c66-96ad-6bffb9dfc01b): ?
[21:00:34] AETERNAL (6015b02d-f272-4154-8209-5e3b23bbc09c): ?
[21:00:44] Stxywxthme (6ce0cde9-8c92-4c66-96ad-6bffb9dfc01b): откуда ламы появились
[21:00:54] AETERNAL (6015b02d-f272-4154-8209-5e3b23bbc09c): откуда знаю
[21:01:13] Stxywxthme (6ce0cde9-8c92-4c66-96ad-6bffb9dfc01b): странно
[21:01:23] AETERNAL (6015b02d-f272-4154-8209-5e3b23bbc09c): мммм
[21:01:29] AETERNAL (6015b02d-f272-4154-8209-5e3b23bbc09c): кровать бахает в копательно
[21:01:37] Stxywxthme (6ce0cde9-8c92-4c66-96ad-6bffb9dfc01b): как в незере
[21:02:04] Stxywxthme (6ce0cde9-8c92-4c66-96ad-6bffb9dfc01b): почти доделал квантовую пчелу
[21:03:11] Stxywxthme (6ce0cde9-8c92-4c66-96ad-6bffb9dfc01b): вижу ты сделал мини-обновление
[21:03:30] AETERNAL (6015b02d-f272-4154-8209-5e3b23bbc09c): там криво встало немного
[21:03:38] AETERNAL (6015b02d-f272-4154-8209-5e3b23bbc09c): после перезапуска будет норм
[21:03:45] Stxywxthme (6ce0cde9-8c92-4c66-96ad-6bffb9dfc01b): ок
[21:03:56] Stxywxthme (6ce0cde9-8c92-4c66-96ad-6bffb9dfc01b): когда следующий перезапуск?
[21:04:09] AETERNAL (6015b02d-f272-4154-8209-5e3b23bbc09c): когда-то
[21:04:52] Stxywxthme (6ce0cde9-8c92-4c66-96ad-6bffb9dfc01b): кроме краша никак не отправить на перезагрузку
[21:05:08] Stxywxthme (6ce0cde9-8c92-4c66-96ad-6bffb9dfc01b): для обычных игроков
[21:05:27] AETERNAL (6015b02d-f272-4154-8209-5e3b23bbc09c): крашните когда меня не будет, будете в сингле сидеть
[21:05:38] Stxywxthme (6ce0cde9-8c92-4c66-96ad-6bffb9dfc01b): тебе нужен зам
[21:06:22] Stxywxthme (6ce0cde9-8c92-4c66-96ad-6bffb9dfc01b): квант пчела
[21:06:38] AETERNAL (6015b02d-f272-4154-8209-5e3b23bbc09c): ну вот
[21:06:44] AETERNAL (6015b02d-f272-4154-8209-5e3b23bbc09c): изи же, правда
[21:06:58] Stxywxthme (6ce0cde9-8c92-4c66-96ad-6bffb9dfc01b): ну так
[21:07:10] AETERNAL (6015b02d-f272-4154-8209-5e3b23bbc09c): так у тебя есть к хосту
[21:07:11] AETERNAL (6015b02d-f272-4154-8209-5e3b23bbc09c): нет>
[21:07:14] AETERNAL (6015b02d-f272-4154-8209-5e3b23bbc09c): ?
[21:07:45] AETERNAL (6015b02d-f272-4154-8209-5e3b23bbc09c): кстати да, нету
[21:07:53] AETERNAL (6015b02d-f272-4154-8209-5e3b23bbc09c): кинь в лс инвайт код
[21:08:04] Stxywxthme (6ce0cde9-8c92-4c66-96ad-6bffb9dfc01b): и так
[21:08:16] Stxywxthme (6ce0cde9-8c92-4c66-96ad-6bffb9dfc01b): квант матка
[21:09:56] Stxywxthme (6ce0cde9-8c92-4c66-96ad-6bffb9dfc01b): мерцающие соты
[21:11:17] Stxywxthme (6ce0cde9-8c92-4c66-96ad-6bffb9dfc01b): )
[21:13:04] Stxywxthme (6ce0cde9-8c92-4c66-96ad-6bffb9dfc01b): аптечка
[21:13:23] Stxywxthme (6ce0cde9-8c92-4c66-96ad-6bffb9dfc01b): здесь?
[21:15:39] AETERNAL (6015b02d-f272-4154-8209-5e3b23bbc09c): ?
[21:15:52] Stxywxthme (6ce0cde9-8c92-4c66-96ad-6bffb9dfc01b): да так
[21:16:01] Stxywxthme (6ce0cde9-8c92-4c66-96ad-6bffb9dfc01b): посмотри на это
[21:16:17] AETERNAL (6015b02d-f272-4154-8209-5e3b23bbc09c): а
[21:16:22] AETERNAL (6015b02d-f272-4154-8209-5e3b23bbc09c): та я знаю
[21:16:47] Stxywxthme (6ce0cde9-8c92-4c66-96ad-6bffb9dfc01b): хммм
[21:16:55] Stxywxthme (6ce0cde9-8c92-4c66-96ad-6bffb9dfc01b): оно молниями било
[21:17:53] AETERNAL (6015b02d-f272-4154-8209-5e3b23bbc09c): бутылку из тиабс теперь можно сделать
[21:18:24] Stxywxthme (6ce0cde9-8c92-4c66-96ad-6bffb9dfc01b): жесть много пчел
[21:18:53] Stxywxthme (6ce0cde9-8c92-4c66-96ad-6bffb9dfc01b): как мухи
[21:20:52] Stxywxthme (6ce0cde9-8c92-4c66-96ad-6bffb9dfc01b): бб я спать
[21:20:57] AETERNAL (6015b02d-f272-4154-8209-5e3b23bbc09c): окей
