[00:02:33] SpunkY (76aedc73-2b6e-4e3e-a0ff-4bd75a31ea75): лук імба тупо
[00:02:51] SpunkY (76aedc73-2b6e-4e3e-a0ff-4bd75a31ea75): фул чар тупо
[00:03:31] SpunkY (76aedc73-2b6e-4e3e-a0ff-4bd75a31ea75): тут імба чари фдуть
[00:03:44] SpunkY (76aedc73-2b6e-4e3e-a0ff-4bd75a31ea75): ану
[00:03:48] SpunkY (76aedc73-2b6e-4e3e-a0ff-4bd75a31ea75): я раз тебе луком жахну
[00:03:51] IZI (600493b8-728e-473b-b0c0-c1d82609a7a4): ну нормально наче в Дум поіграв
[00:03:56] SpunkY (76aedc73-2b6e-4e3e-a0ff-4bd75a31ea75): вхзавзахвзахвзав
[00:04:06] SpunkY (76aedc73-2b6e-4e3e-a0ff-4bd75a31ea75): вхазхвзахвзахвзава
[00:04:09] SpunkY (76aedc73-2b6e-4e3e-a0ff-4bd75a31ea75): оце жахнув
[00:04:22] SpunkY (76aedc73-2b6e-4e3e-a0ff-4bd75a31ea75): сила 5
[00:04:25] SpunkY (76aedc73-2b6e-4e3e-a0ff-4bd75a31ea75): безконечность
[00:04:26] SpunkY (76aedc73-2b6e-4e3e-a0ff-4bd75a31ea75): огонь
[00:04:30] SpunkY (76aedc73-2b6e-4e3e-a0ff-4bd75a31ea75): почінка
[00:04:47] IZI (600493b8-728e-473b-b0c0-c1d82609a7a4): чісто з авп
[00:04:58] SpunkY (76aedc73-2b6e-4e3e-a0ff-4bd75a31ea75): я сам афігєл
[00:05:14] IZI (600493b8-728e-473b-b0c0-c1d82609a7a4): книга вампірізм
[00:05:18] SpunkY (76aedc73-2b6e-4e3e-a0ff-4bd75a31ea75): бери все
[00:05:29] IZI (600493b8-728e-473b-b0c0-c1d82609a7a4): так я нічо не беру я з забитим інвентарем
[00:05:33] SpunkY (76aedc73-2b6e-4e3e-a0ff-4bd75a31ea75): йомайо
[00:06:03] SpunkY (76aedc73-2b6e-4e3e-a0ff-4bd75a31ea75): давай ти залетиш а я прикрию
[00:06:18] SpunkY (76aedc73-2b6e-4e3e-a0ff-4bd75a31ea75): хавзхазвхазвха
[00:06:19] IZI (600493b8-728e-473b-b0c0-c1d82609a7a4): ахахаха
[00:06:50] SpunkY (76aedc73-2b6e-4e3e-a0ff-4bd75a31ea75): тікай
[00:06:55] SpunkY (76aedc73-2b6e-4e3e-a0ff-4bd75a31ea75): там нема нічого
[00:07:02] IZI (600493b8-728e-473b-b0c0-c1d82609a7a4): там моглика тво
[00:07:03] IZI (600493b8-728e-473b-b0c0-c1d82609a7a4): я
[00:07:09] SpunkY (76aedc73-2b6e-4e3e-a0ff-4bd75a31ea75): хз
[00:07:12] SpunkY (76aedc73-2b6e-4e3e-a0ff-4bd75a31ea75): я забрав своє
[00:07:15] IZI (600493b8-728e-473b-b0c0-c1d82609a7a4): ну ок
[00:07:17] IZI (600493b8-728e-473b-b0c0-c1d82609a7a4): просто я бачив
[00:07:32] IZI (600493b8-728e-473b-b0c0-c1d82609a7a4): всьо
[00:07:34] IZI (600493b8-728e-473b-b0c0-c1d82609a7a4): наче
[00:07:41] SpunkY (76aedc73-2b6e-4e3e-a0ff-4bd75a31ea75): мб
[00:07:56] IZI (600493b8-728e-473b-b0c0-c1d82609a7a4): na home
[00:08:44] SpunkY (76aedc73-2b6e-4e3e-a0ff-4bd75a31ea75): шо на остроту є?
[00:08:57] IZI (600493b8-728e-473b-b0c0-c1d82609a7a4): походу нічо
[00:09:11] SpunkY (76aedc73-2b6e-4e3e-a0ff-4bd75a31ea75): є
[00:09:13] SpunkY (76aedc73-2b6e-4e3e-a0ff-4bd75a31ea75): острота 4
[00:09:21] SpunkY (76aedc73-2b6e-4e3e-a0ff-4bd75a31ea75): редстоун є?
[00:09:25] IZI (600493b8-728e-473b-b0c0-c1d82609a7a4): 50
[00:09:26] IZI (600493b8-728e-473b-b0c0-c1d82609a7a4): 40
[00:09:27] SpunkY (76aedc73-2b6e-4e3e-a0ff-4bd75a31ea75): давай
[00:09:28] IZI (600493b8-728e-473b-b0c0-c1d82609a7a4): *
[00:09:44] SpunkY (76aedc73-2b6e-4e3e-a0ff-4bd75a31ea75): наковальня треба
[00:10:18] SpunkY (76aedc73-2b6e-4e3e-a0ff-4bd75a31ea75): зробиш?
[00:10:26] IZI (600493b8-728e-473b-b0c0-c1d82609a7a4): -, іншим займаюсь
[00:10:32] SpunkY (76aedc73-2b6e-4e3e-a0ff-4bd75a31ea75): желізо де
[00:10:36] IZI (600493b8-728e-473b-b0c0-c1d82609a7a4): хз
[00:10:38] IZI (600493b8-728e-473b-b0c0-c1d82609a7a4): копат
[00:10:46] IZI (600493b8-728e-473b-b0c0-c1d82609a7a4): в аду кста тожже норм копа\єст
[00:11:06] IZI (600493b8-728e-473b-b0c0-c1d82609a7a4): адске желізо там самородкі падають
[00:11:10] IZI (600493b8-728e-473b-b0c0-c1d82609a7a4): но з удачою дофіга виходиьт
[00:11:59] SpunkY (76aedc73-2b6e-4e3e-a0ff-4bd75a31ea75): та тут хоть руди багато
[00:13:39] SpunkY (76aedc73-2b6e-4e3e-a0ff-4bd75a31ea75): оце попав
[00:28:42] SpunkY (76aedc73-2b6e-4e3e-a0ff-4bd75a31ea75): я короче так гарно в тебе пальнув з лука
[00:28:51] SpunkY (76aedc73-2b6e-4e3e-a0ff-4bd75a31ea75): а потом думав шо то баг шо в тебе хп не показує
[00:28:57] SpunkY (76aedc73-2b6e-4e3e-a0ff-4bd75a31ea75): і по плечу постукав кулаком
[00:28:59] SpunkY (76aedc73-2b6e-4e3e-a0ff-4bd75a31ea75): диви
[00:29:45] SpunkY (76aedc73-2b6e-4e3e-a0ff-4bd75a31ea75): я в топочці
[00:51:47] SpunkY (76aedc73-2b6e-4e3e-a0ff-4bd75a31ea75): забирает кристал и не чарит
[00:52:23] SpunkY (76aedc73-2b6e-4e3e-a0ff-4bd75a31ea75): Нет
[00:52:52] SpunkY (76aedc73-2b6e-4e3e-a0ff-4bd75a31ea75): стоит вроде норм
[00:52:59] SpunkY (76aedc73-2b6e-4e3e-a0ff-4bd75a31ea75): я пересоздавал
[01:00:11] SpunkY (76aedc73-2b6e-4e3e-a0ff-4bd75a31ea75): А как понять что структура кривая?
[02:31:01] SpunkY (76aedc73-2b6e-4e3e-a0ff-4bd75a31ea75): df[fpd[fe
[02:31:03] IZI (600493b8-728e-473b-b0c0-c1d82609a7a4): для чого
[02:31:04] SpunkY (76aedc73-2b6e-4e3e-a0ff-4bd75a31ea75): йомайо
[02:31:11] SpunkY (76aedc73-2b6e-4e3e-a0ff-4bd75a31ea75): а чо ти вмер
[02:31:19] SpunkY (76aedc73-2b6e-4e3e-a0ff-4bd75a31ea75): я раз фігонув колись ти не вмирав
[02:31:22] IZI (600493b8-728e-473b-b0c0-c1d82609a7a4): хз, ну думаю ти стрельнув
[02:31:24] IZI (600493b8-728e-473b-b0c0-c1d82609a7a4): з лука
[02:31:35] SpunkY (76aedc73-2b6e-4e3e-a0ff-4bd75a31ea75): так ти должен був видить
[02:31:48] IZI (600493b8-728e-473b-b0c0-c1d82609a7a4): ну я майже без броні
[02:43:01] SpunkY (76aedc73-2b6e-4e3e-a0ff-4bd75a31ea75): чуть не вбило
[02:43:03] SpunkY (76aedc73-2b6e-4e3e-a0ff-4bd75a31ea75): дурачок
[02:43:06] SpunkY (76aedc73-2b6e-4e3e-a0ff-4bd75a31ea75): тебе
[02:43:45] SpunkY (76aedc73-2b6e-4e3e-a0ff-4bd75a31ea75): ойойойо
[02:44:25] SpunkY (76aedc73-2b6e-4e3e-a0ff-4bd75a31ea75): пішов я
[12:54:06] XBOST (ed244ead-df9a-464f-a48f-28478c7d8db3): стримснайпил меня?
[12:54:22] LaNipge (347d9fd5-d990-49a9-9903-2d39a3b73974): когда я запускал лаунчер тут онлайн 0 был
[12:55:58] LaNipge (347d9fd5-d990-49a9-9903-2d39a3b73974): alo
[12:56:02] XBOST (ed244ead-df9a-464f-a48f-28478c7d8db3): che
[12:56:11] LaNipge (347d9fd5-d990-49a9-9903-2d39a3b73974): сепаратор где
[12:56:16] XBOST (ed244ead-df9a-464f-a48f-28478c7d8db3): сделай
[13:07:08] LaNipge (347d9fd5-d990-49a9-9903-2d39a3b73974): потыкай
[13:07:27] LaNipge (347d9fd5-d990-49a9-9903-2d39a3b73974): на будующее
[13:07:37] LaNipge (347d9fd5-d990-49a9-9903-2d39a3b73974): на шины
[13:08:37] LaNipge (347d9fd5-d990-49a9-9903-2d39a3b73974): пс
[13:24:10] SpunkY (76aedc73-2b6e-4e3e-a0ff-4bd75a31ea75): чув
[13:24:28] SpunkY (76aedc73-2b6e-4e3e-a0ff-4bd75a31ea75): там шось вчора модер писав
[13:24:30] SpunkY (76aedc73-2b6e-4e3e-a0ff-4bd75a31ea75): казав тіпа
[13:24:33] IZI (600493b8-728e-473b-b0c0-c1d82609a7a4): а
[13:24:37] SpunkY (76aedc73-2b6e-4e3e-a0ff-4bd75a31ea75): як це не работає осмат
[13:24:41] SpunkY (76aedc73-2b6e-4e3e-a0ff-4bd75a31ea75): кажу а отак
[13:24:45] IZI (600493b8-728e-473b-b0c0-c1d82609a7a4): да я бачив
[13:24:53] SpunkY (76aedc73-2b6e-4e3e-a0ff-4bd75a31ea75): у пєчці
[13:24:56] SpunkY (76aedc73-2b6e-4e3e-a0ff-4bd75a31ea75): тінкера
[13:25:02] SpunkY (76aedc73-2b6e-4e3e-a0ff-4bd75a31ea75): можна плавить інструменти
[13:25:08] SpunkY (76aedc73-2b6e-4e3e-a0ff-4bd75a31ea75): які на фармілці вибиваєм
[13:25:12] SpunkY (76aedc73-2b6e-4e3e-a0ff-4bd75a31ea75): броню не можна
[13:25:16] SpunkY (76aedc73-2b6e-4e3e-a0ff-4bd75a31ea75): а мечі і тд можна
[13:25:18] SpunkY (76aedc73-2b6e-4e3e-a0ff-4bd75a31ea75): ляж спать
[13:25:19] IZI (600493b8-728e-473b-b0c0-c1d82609a7a4): ОК
[13:25:33] SpunkY (76aedc73-2b6e-4e3e-a0ff-4bd75a31ea75): йомайо
[13:25:38] SpunkY (76aedc73-2b6e-4e3e-a0ff-4bd75a31ea75): забув яку бджолу робив
[13:25:39] IZI (600493b8-728e-473b-b0c0-c1d82609a7a4): а
[13:25:41] IZI (600493b8-728e-473b-b0c0-c1d82609a7a4): а
[13:25:42] SpunkY (76aedc73-2b6e-4e3e-a0ff-4bd75a31ea75): а спомнив
[13:25:47] IZI (600493b8-728e-473b-b0c0-c1d82609a7a4): аа
[13:26:05] SpunkY (76aedc73-2b6e-4e3e-a0ff-4bd75a31ea75): зроби мені сюда енерію
[13:26:10] SpunkY (76aedc73-2b6e-4e3e-a0ff-4bd75a31ea75): в центріфугу
[13:26:17] SpunkY (76aedc73-2b6e-4e3e-a0ff-4bd75a31ea75): а щє іди сюда
[13:26:28] IZI (600493b8-728e-473b-b0c0-c1d82609a7a4): мені б самому енергію собюі
[13:26:52] SpunkY (76aedc73-2b6e-4e3e-a0ff-4bd75a31ea75): оці 3 на ізумруди
[13:26:59] SpunkY (76aedc73-2b6e-4e3e-a0ff-4bd75a31ea75): щя дурачка покажу
[13:27:06] SpunkY (76aedc73-2b6e-4e3e-a0ff-4bd75a31ea75): бачиш ціну на оті штукі
[13:27:11] SpunkY (76aedc73-2b6e-4e3e-a0ff-4bd75a31ea75): на рамкку
[13:27:14] SpunkY (76aedc73-2b6e-4e3e-a0ff-4bd75a31ea75): ізумруд за ррамку
[13:27:15] IZI (600493b8-728e-473b-b0c0-c1d82609a7a4): ага
[13:27:24] SpunkY (76aedc73-2b6e-4e3e-a0ff-4bd75a31ea75): диви яке дурне
[13:27:25] IZI (600493b8-728e-473b-b0c0-c1d82609a7a4): норм
[13:27:27] SpunkY (76aedc73-2b6e-4e3e-a0ff-4bd75a31ea75): 4 рамки продає
[13:27:30] IZI (600493b8-728e-473b-b0c0-c1d82609a7a4): бізнесмен
[13:27:32] SpunkY (76aedc73-2b6e-4e3e-a0ff-4bd75a31ea75): застакані
[13:27:35] SpunkY (76aedc73-2b6e-4e3e-a0ff-4bd75a31ea75): вони не стакаються
[13:27:39] SpunkY (76aedc73-2b6e-4e3e-a0ff-4bd75a31ea75): тупо баг приніс
[13:27:44] SpunkY (76aedc73-2b6e-4e3e-a0ff-4bd75a31ea75): ще оцей є
[13:27:46] IZI (600493b8-728e-473b-b0c0-c1d82609a7a4): а та нє
[13:27:47] SpunkY (76aedc73-2b6e-4e3e-a0ff-4bd75a31ea75): я забув шо він може
[13:27:50] IZI (600493b8-728e-473b-b0c0-c1d82609a7a4): це не баг
[13:27:52] SpunkY (76aedc73-2b6e-4e3e-a0ff-4bd75a31ea75): а
[13:27:52] IZI (600493b8-728e-473b-b0c0-c1d82609a7a4): це норм
[13:27:56] SpunkY (76aedc73-2b6e-4e3e-a0ff-4bd75a31ea75): це я розторгувать хотів
[13:28:00] SpunkY (76aedc73-2b6e-4e3e-a0ff-4bd75a31ea75): і ще оцей є
[13:28:13] IZI (600493b8-728e-473b-b0c0-c1d82609a7a4): якісь він страшний
[13:28:14] SpunkY (76aedc73-2b6e-4e3e-a0ff-4bd75a31ea75): люка на нього не було
[13:28:16] SpunkY (76aedc73-2b6e-4e3e-a0ff-4bd75a31ea75): а чого люки
[13:28:19] SpunkY (76aedc73-2b6e-4e3e-a0ff-4bd75a31ea75): короче захожу
[13:28:22] IZI (600493b8-728e-473b-b0c0-c1d82609a7a4): зомбі
[13:28:22] SpunkY (76aedc73-2b6e-4e3e-a0ff-4bd75a31ea75): були просто дирки
[13:28:23] IZI (600493b8-728e-473b-b0c0-c1d82609a7a4): двері
[13:28:29] IZI (600493b8-728e-473b-b0c0-c1d82609a7a4): може можуть
[13:28:31] SpunkY (76aedc73-2b6e-4e3e-a0ff-4bd75a31ea75): а в диррці мале зомбеня стоїть
[13:28:34] IZI (600493b8-728e-473b-b0c0-c1d82609a7a4): а
[13:28:35] IZI (600493b8-728e-473b-b0c0-c1d82609a7a4): ага
[13:28:41] SpunkY (76aedc73-2b6e-4e3e-a0ff-4bd75a31ea75): воно то не било житєля
[13:28:44] SpunkY (76aedc73-2b6e-4e3e-a0ff-4bd75a31ea75): но я афігєл
[13:29:47] SpunkY (76aedc73-2b6e-4e3e-a0ff-4bd75a31ea75): я короче на бджолах хочу дойти до отих шо для великого улика
[13:29:55] SpunkY (76aedc73-2b6e-4e3e-a0ff-4bd75a31ea75): а то сеодно це довго все фармить
[13:29:57] SpunkY (76aedc73-2b6e-4e3e-a0ff-4bd75a31ea75): то лучше щяс
[13:30:01] SpunkY (76aedc73-2b6e-4e3e-a0ff-4bd75a31ea75): чим колись
[13:31:24] SpunkY (76aedc73-2b6e-4e3e-a0ff-4bd75a31ea75): я б хотів житєля на почінку зробить
[13:31:35] SpunkY (76aedc73-2b6e-4e3e-a0ff-4bd75a31ea75): це вроді отой розовий може ним буть
[13:33:25] SpunkY (76aedc73-2b6e-4e3e-a0ff-4bd75a31ea75): о
[13:33:27] IZI (600493b8-728e-473b-b0c0-c1d82609a7a4): а
[13:33:33] SpunkY (76aedc73-2b6e-4e3e-a0ff-4bd75a31ea75): дурачок продає ізумруд за принцеси
[13:33:39] SpunkY (76aedc73-2b6e-4e3e-a0ff-4bd75a31ea75): це йому можна бомжар зливать
[13:34:57] XBOST (ed244ead-df9a-464f-a48f-28478c7d8db3): ебать лесопилку круто ты поставил конечно
[13:35:06] XBOST (ed244ead-df9a-464f-a48f-28478c7d8db3): поэтому и не крафтится твйо мэ интерфейс
[13:35:48] SpunkY (76aedc73-2b6e-4e3e-a0ff-4bd75a31ea75): ще 1 нашов
[13:35:52] SpunkY (76aedc73-2b6e-4e3e-a0ff-4bd75a31ea75): ток хуже трохи
[13:36:02] IZI (600493b8-728e-473b-b0c0-c1d82609a7a4): ваншот овечку
[13:36:11] SpunkY (76aedc73-2b6e-4e3e-a0ff-4bd75a31ea75): ну то як мій токо без огня
[13:36:15] IZI (600493b8-728e-473b-b0c0-c1d82609a7a4): ага
[13:36:17] IZI (600493b8-728e-473b-b0c0-c1d82609a7a4): імба
[13:37:48] SpunkY (76aedc73-2b6e-4e3e-a0ff-4bd75a31ea75): stap
[13:38:04] SpunkY (76aedc73-2b6e-4e3e-a0ff-4bd75a31ea75): spzt
[13:38:06] SpunkY (76aedc73-2b6e-4e3e-a0ff-4bd75a31ea75): laj
[13:51:50] SpunkY (76aedc73-2b6e-4e3e-a0ff-4bd75a31ea75): го дівіне рипиги розвивать
[14:00:37] SpunkY (76aedc73-2b6e-4e3e-a0ff-4bd75a31ea75): чув
[14:00:47] IZI (600493b8-728e-473b-b0c0-c1d82609a7a4): a
[14:00:56] IZI (600493b8-728e-473b-b0c0-c1d82609a7a4): а дівайн рпг
[14:00:57] IZI (600493b8-728e-473b-b0c0-c1d82609a7a4): хз
[14:00:58] SpunkY (76aedc73-2b6e-4e3e-a0ff-4bd75a31ea75): давай я піду комнату викопаю шоб кристали фармить
[14:01:00] IZI (600493b8-728e-473b-b0c0-c1d82609a7a4): там фіолєтових
[14:01:02] IZI (600493b8-728e-473b-b0c0-c1d82609a7a4): убивать
[14:01:02] IZI (600493b8-728e-473b-b0c0-c1d82609a7a4): треба
[14:01:05] SpunkY (76aedc73-2b6e-4e3e-a0ff-4bd75a31ea75): ну так
[14:01:07] SpunkY (76aedc73-2b6e-4e3e-a0ff-4bd75a31ea75): я піду копать
[14:01:09] SpunkY (76aedc73-2b6e-4e3e-a0ff-4bd75a31ea75): чі чо
[14:01:13] IZI (600493b8-728e-473b-b0c0-c1d82609a7a4): ок
[14:32:51] XBOST (ed244ead-df9a-464f-a48f-28478c7d8db3): у тебя перегрелся карьер
[14:33:19] XBOST (ed244ead-df9a-464f-a48f-28478c7d8db3): а еще ты очень классно трубы прокладываешь,аж блевать хочется
[14:46:34] SpunkY (76aedc73-2b6e-4e3e-a0ff-4bd75a31ea75): тп
[14:46:54] SpunkY (76aedc73-2b6e-4e3e-a0ff-4bd75a31ea75): більшу треба?
[14:47:04] SpunkY (76aedc73-2b6e-4e3e-a0ff-4bd75a31ea75): бо шось ніхто не спауниться
[14:47:12] IZI (600493b8-728e-473b-b0c0-c1d82609a7a4): думаю більшу да
[14:52:17] SpunkY (76aedc73-2b6e-4e3e-a0ff-4bd75a31ea75): оо
[14:52:18] SpunkY (76aedc73-2b6e-4e3e-a0ff-4bd75a31ea75): почали
[14:59:17] SpunkY (76aedc73-2b6e-4e3e-a0ff-4bd75a31ea75): шо?
[14:59:40] IZI (600493b8-728e-473b-b0c0-c1d82609a7a4): norm
[14:59:45] SpunkY (76aedc73-2b6e-4e3e-a0ff-4bd75a31ea75): шо
[14:59:49] IZI (600493b8-728e-473b-b0c0-c1d82609a7a4): підстава
[14:59:50] IZI (600493b8-728e-473b-b0c0-c1d82609a7a4): лава
[14:59:56] IZI (600493b8-728e-473b-b0c0-c1d82609a7a4): і хом вспіва написать
[14:59:58] IZI (600493b8-728e-473b-b0c0-c1d82609a7a4): не тепнуло
[14:59:59] SpunkY (76aedc73-2b6e-4e3e-a0ff-4bd75a31ea75): шось досі нема потвор ніяких
[15:00:12] XBOST (ed244ead-df9a-464f-a48f-28478c7d8db3): что это
[15:00:17] LaNipge (347d9fd5-d990-49a9-9903-2d39a3b73974): кабели
[15:00:24] XBOST (ed244ead-df9a-464f-a48f-28478c7d8db3): не красиво
[15:01:50] XBOST (ed244ead-df9a-464f-a48f-28478c7d8db3): ща сделаю холодильник другой
[15:02:01] LaNipge (347d9fd5-d990-49a9-9903-2d39a3b73974): я вроде трубы делаю
[15:02:06] XBOST (ed244ead-df9a-464f-a48f-28478c7d8db3): далеко тянуть
[15:03:57] XBOST (ed244ead-df9a-464f-a48f-28478c7d8db3): zzz
[15:04:38] XBOST (ed244ead-df9a-464f-a48f-28478c7d8db3): карты ускорения как будто нужны
[15:05:04] XBOST (ed244ead-df9a-464f-a48f-28478c7d8db3): уже спиздил
[15:15:51] XBOST (ed244ead-df9a-464f-a48f-28478c7d8db3): где переработка
[15:15:56] LaNipge (347d9fd5-d990-49a9-9903-2d39a3b73974): какая
[15:15:57] XBOST (ed244ead-df9a-464f-a48f-28478c7d8db3): руда
[15:20:13] XBOST (ed244ead-df9a-464f-a48f-28478c7d8db3): экспорт настроишь заново?
[15:20:19] LaNipge (347d9fd5-d990-49a9-9903-2d39a3b73974): ломай
[15:21:08] LaNipge (347d9fd5-d990-49a9-9903-2d39a3b73974): красивск?
[15:21:13] XBOST (ed244ead-df9a-464f-a48f-28478c7d8db3): che
[15:23:18] SpunkY (76aedc73-2b6e-4e3e-a0ff-4bd75a31ea75): знаєш шо мені цікаво
[15:23:26] SpunkY (76aedc73-2b6e-4e3e-a0ff-4bd75a31ea75): от у мене є англ мова
[15:23:32] SpunkY (76aedc73-2b6e-4e3e-a0ff-4bd75a31ea75): у мене там 25 балів
[15:23:37] SpunkY (76aedc73-2b6e-4e3e-a0ff-4bd75a31ea75): у старости чогось 38
[15:23:43] SpunkY (76aedc73-2b6e-4e3e-a0ff-4bd75a31ea75): коли всього було 15 дз
[15:23:47] SpunkY (76aedc73-2b6e-4e3e-a0ff-4bd75a31ea75): по 2.5 балів
[15:23:51] SpunkY (76aedc73-2b6e-4e3e-a0ff-4bd75a31ea75): тоість максімум 30
[15:23:54] SpunkY (76aedc73-2b6e-4e3e-a0ff-4bd75a31ea75): якшо все фул ідеально
[15:23:59] IZI (600493b8-728e-473b-b0c0-c1d82609a7a4): накрутка
[15:24:01] SpunkY (76aedc73-2b6e-4e3e-a0ff-4bd75a31ea75): цікавий момент
[15:24:08] SpunkY (76aedc73-2b6e-4e3e-a0ff-4bd75a31ea75): бо у жоскої людини тож 25
[15:24:10] SpunkY (76aedc73-2b6e-4e3e-a0ff-4bd75a31ea75): взахвзав
[15:24:18] IZI (600493b8-728e-473b-b0c0-c1d82609a7a4): та може в якомусь конкурсі брав участ
[15:24:22] IZI (600493b8-728e-473b-b0c0-c1d82609a7a4): чи ще щось таке
[15:24:37] SpunkY (76aedc73-2b6e-4e3e-a0ff-4bd75a31ea75): та наче нє
[15:24:38] IZI (600493b8-728e-473b-b0c0-c1d82609a7a4): курс якийсь проходив
[15:24:40] IZI (600493b8-728e-473b-b0c0-c1d82609a7a4): ну кок
[15:24:42] IZI (600493b8-728e-473b-b0c0-c1d82609a7a4): ок
[15:24:47] SpunkY (76aedc73-2b6e-4e3e-a0ff-4bd75a31ea75): та тій викладачці треба курс пройти
[15:26:02] XBOST (ed244ead-df9a-464f-a48f-28478c7d8db3): лан я в доту
[15:29:43] SpunkY (76aedc73-2b6e-4e3e-a0ff-4bd75a31ea75): я вернусь скоро
[16:09:34] _reflexed (a4982e19-bdcc-40a7-a685-78ee1c50ad23): ку всем
[16:09:43] LaNipge (347d9fd5-d990-49a9-9903-2d39a3b73974): ку
[16:22:05] SpunkY (76aedc73-2b6e-4e3e-a0ff-4bd75a31ea75): я тута
[16:22:10] IZI (600493b8-728e-473b-b0c0-c1d82609a7a4): ятоже
[16:22:18] IZI (600493b8-728e-473b-b0c0-c1d82609a7a4): вилітало
[16:22:36] IZI (600493b8-728e-473b-b0c0-c1d82609a7a4): зараз желізо копаю
[16:32:50] SpunkY (76aedc73-2b6e-4e3e-a0ff-4bd75a31ea75): шось фармілка не робить
[16:36:19] SpunkY (76aedc73-2b6e-4e3e-a0ff-4bd75a31ea75): сервер фігні
[16:36:22] SpunkY (76aedc73-2b6e-4e3e-a0ff-4bd75a31ea75): мінус меч
[16:36:25] IZI (600493b8-728e-473b-b0c0-c1d82609a7a4): чого
[16:36:28] SpunkY (76aedc73-2b6e-4e3e-a0ff-4bd75a31ea75): іду
[16:36:29] SpunkY (76aedc73-2b6e-4e3e-a0ff-4bd75a31ea75): бачу
[16:36:32] SpunkY (76aedc73-2b6e-4e3e-a0ff-4bd75a31ea75): свинозомбі
[16:36:35] IZI (600493b8-728e-473b-b0c0-c1d82609a7a4): хвхввх
[16:36:36] SpunkY (76aedc73-2b6e-4e3e-a0ff-4bd75a31ea75): бю
[16:36:36] IZI (600493b8-728e-473b-b0c0-c1d82609a7a4): босс
[16:36:38] IZI (600493b8-728e-473b-b0c0-c1d82609a7a4): ?
[16:36:38] SpunkY (76aedc73-2b6e-4e3e-a0ff-4bd75a31ea75): да
[16:36:40] SpunkY (76aedc73-2b6e-4e3e-a0ff-4bd75a31ea75): випада
[16:36:42] SpunkY (76aedc73-2b6e-4e3e-a0ff-4bd75a31ea75): і не в лаву
[16:36:43] SpunkY (76aedc73-2b6e-4e3e-a0ff-4bd75a31ea75): нє
[16:36:45] SpunkY (76aedc73-2b6e-4e3e-a0ff-4bd75a31ea75): а на землю
[16:36:53] SpunkY (76aedc73-2b6e-4e3e-a0ff-4bd75a31ea75): а бос молніїї спауниь
[16:36:58] IZI (600493b8-728e-473b-b0c0-c1d82609a7a4): норм
[16:36:58] SpunkY (76aedc73-2b6e-4e3e-a0ff-4bd75a31ea75): які підпалюють землю
[16:37:01] SpunkY (76aedc73-2b6e-4e3e-a0ff-4bd75a31ea75): ))))))))))))))))))))))
[16:37:14] SpunkY (76aedc73-2b6e-4e3e-a0ff-4bd75a31ea75): якій брєд
[16:43:41] SpunkY (76aedc73-2b6e-4e3e-a0ff-4bd75a31ea75): щя вернусь
[16:57:19] XBOST (ed244ead-df9a-464f-a48f-28478c7d8db3): железо кобалт надо?
[16:57:30] XBOST (ed244ead-df9a-464f-a48f-28478c7d8db3): м?
[16:57:34] LaNipge (347d9fd5-d990-49a9-9903-2d39a3b73974): надо
[17:00:31] XBOST (ed244ead-df9a-464f-a48f-28478c7d8db3): че в планах вообще сделать?
[17:00:39] LaNipge (347d9fd5-d990-49a9-9903-2d39a3b73974): пластика побольше
[17:01:58] XBOST (ed244ead-df9a-464f-a48f-28478c7d8db3): zzz
[17:06:51] SpunkY (76aedc73-2b6e-4e3e-a0ff-4bd75a31ea75): чув
[17:06:54] IZI (600493b8-728e-473b-b0c0-c1d82609a7a4): a
[17:06:58] SpunkY (76aedc73-2b6e-4e3e-a0ff-4bd75a31ea75): я оце хз
[17:07:12] SpunkY (76aedc73-2b6e-4e3e-a0ff-4bd75a31ea75): теневой стол зачарования
[17:07:29] SpunkY (76aedc73-2b6e-4e3e-a0ff-4bd75a31ea75): оцей мод це як тінкер токо якійсь більш важкий
[17:07:34] SpunkY (76aedc73-2b6e-4e3e-a0ff-4bd75a31ea75): а предметі майже ті самі
[17:07:35] IZI (600493b8-728e-473b-b0c0-c1d82609a7a4): хз раніче такого небуло
[17:07:41] SpunkY (76aedc73-2b6e-4e3e-a0ff-4bd75a31ea75): ну я в креатіві дивився
[17:07:48] SpunkY (76aedc73-2b6e-4e3e-a0ff-4bd75a31ea75): він без структури працює
[17:08:18] SpunkY (76aedc73-2b6e-4e3e-a0ff-4bd75a31ea75): но робить це мега довго
[17:08:25] SpunkY (76aedc73-2b6e-4e3e-a0ff-4bd75a31ea75): то хз
[17:20:20] SpunkY (76aedc73-2b6e-4e3e-a0ff-4bd75a31ea75): я хз
[17:20:27] SpunkY (76aedc73-2b6e-4e3e-a0ff-4bd75a31ea75): шо за придурки гайд робили
[17:20:28] SpunkY (76aedc73-2b6e-4e3e-a0ff-4bd75a31ea75): віде
[17:20:29] SpunkY (76aedc73-2b6e-4e3e-a0ff-4bd75a31ea75): о
[17:20:31] SpunkY (76aedc73-2b6e-4e3e-a0ff-4bd75a31ea75): чєли такій
[17:20:36] SpunkY (76aedc73-2b6e-4e3e-a0ff-4bd75a31ea75): і як це актівірувать?
[17:20:38] SpunkY (76aedc73-2b6e-4e3e-a0ff-4bd75a31ea75): склєйка
[17:20:42] SpunkY (76aedc73-2b6e-4e3e-a0ff-4bd75a31ea75): уже актівіруване
[17:20:43] SpunkY (76aedc73-2b6e-4e3e-a0ff-4bd75a31ea75): дякую
[17:24:01] SpunkY (76aedc73-2b6e-4e3e-a0ff-4bd75a31ea75): короче я поняв
[17:24:17] SpunkY (76aedc73-2b6e-4e3e-a0ff-4bd75a31ea75): щя міліон рєсів в котьол за приватом закину
[17:24:21] SpunkY (76aedc73-2b6e-4e3e-a0ff-4bd75a31ea75): якшо не буде розлома
[17:24:24] SpunkY (76aedc73-2b6e-4e3e-a0ff-4bd75a31ea75): таум нема сенсу вчить
[17:27:40] SpunkY (76aedc73-2b6e-4e3e-a0ff-4bd75a31ea75): чісто самогон варю
[17:27:50] SpunkY (76aedc73-2b6e-4e3e-a0ff-4bd75a31ea75): є мусор якійсь
[17:27:53] SpunkY (76aedc73-2b6e-4e3e-a0ff-4bd75a31ea75): шоб вкинуть туда
[17:27:54] IZI (600493b8-728e-473b-b0c0-c1d82609a7a4): -
[17:27:55] SpunkY (76aedc73-2b6e-4e3e-a0ff-4bd75a31ea75): ?
[17:30:32] XBOST (ed244ead-df9a-464f-a48f-28478c7d8db3): сделай 8 питательного вещества
[17:30:37] XBOST (ed244ead-df9a-464f-a48f-28478c7d8db3): с помощью чана
[17:33:42] LaNipge (347d9fd5-d990-49a9-9903-2d39a3b73974): в банки наливать?
[17:33:44] XBOST (ed244ead-df9a-464f-a48f-28478c7d8db3): да
[17:43:09] XBOST (ed244ead-df9a-464f-a48f-28478c7d8db3): ой
[17:43:29] XBOST (ed244ead-df9a-464f-a48f-28478c7d8db3): че он дохнет по кд
[17:43:35] LaNipge (347d9fd5-d990-49a9-9903-2d39a3b73974): хз
[17:43:35] XBOST (ed244ead-df9a-464f-a48f-28478c7d8db3): лох чтоли
[17:43:44] LaNipge (347d9fd5-d990-49a9-9903-2d39a3b73974): ты вспомни зомби
[17:43:50] XBOST (ed244ead-df9a-464f-a48f-28478c7d8db3): он один на миллион
[17:44:28] XBOST (ed244ead-df9a-464f-a48f-28478c7d8db3): это вишня
[17:44:32] XBOST (ed244ead-df9a-464f-a48f-28478c7d8db3): стримерша
[17:44:45] XBOST (ed244ead-df9a-464f-a48f-28478c7d8db3): за что ты так с ней
[17:44:58] LaNipge (347d9fd5-d990-49a9-9903-2d39a3b73974): косточку хотел
[17:47:57] XBOST (ed244ead-df9a-464f-a48f-28478c7d8db3): ты че умираешь по кд?
[18:13:42] SpunkY (76aedc73-2b6e-4e3e-a0ff-4bd75a31ea75): я залутав данжа
[18:13:47] SpunkY (76aedc73-2b6e-4e3e-a0ff-4bd75a31ea75): і чари дикі є
[18:14:04] SpunkY (76aedc73-2b6e-4e3e-a0ff-4bd75a31ea75): vse?
[18:14:24] IZI (600493b8-728e-473b-b0c0-c1d82609a7a4): da
[18:16:30] SpunkY (76aedc73-2b6e-4e3e-a0ff-4bd75a31ea75): диви
[18:16:32] SpunkY (76aedc73-2b6e-4e3e-a0ff-4bd75a31ea75): яка топочка
[18:16:35] SpunkY (76aedc73-2b6e-4e3e-a0ff-4bd75a31ea75): на 30 урона
[18:18:22] SpunkY (76aedc73-2b6e-4e3e-a0ff-4bd75a31ea75): vtf
[18:18:27] SpunkY (76aedc73-2b6e-4e3e-a0ff-4bd75a31ea75): я скрін в тг кіну
[18:18:57] SpunkY (76aedc73-2b6e-4e3e-a0ff-4bd75a31ea75): я секунду біля пілона постояв
[18:19:21] SpunkY (76aedc73-2b6e-4e3e-a0ff-4bd75a31ea75): це не баг
[18:19:24] SpunkY (76aedc73-2b6e-4e3e-a0ff-4bd75a31ea75): опит тратиться
[18:19:25] SpunkY (76aedc73-2b6e-4e3e-a0ff-4bd75a31ea75): ну ладно
[18:19:27] SpunkY (76aedc73-2b6e-4e3e-a0ff-4bd75a31ea75): хай буде
[18:19:29] SpunkY (76aedc73-2b6e-4e3e-a0ff-4bd75a31ea75): ооо
[18:19:35] SpunkY (76aedc73-2b6e-4e3e-a0ff-4bd75a31ea75): зроби оту квітку з ботанії
[18:19:37] SpunkY (76aedc73-2b6e-4e3e-a0ff-4bd75a31ea75): шо опит їсть
[18:20:31] SpunkY (76aedc73-2b6e-4e3e-a0ff-4bd75a31ea75): вахавзхва
[18:20:39] SpunkY (76aedc73-2b6e-4e3e-a0ff-4bd75a31ea75): ставлю в наковальню кірку і книжку
[18:20:40] SpunkY (76aedc73-2b6e-4e3e-a0ff-4bd75a31ea75): пише
[18:20:44] SpunkY (76aedc73-2b6e-4e3e-a0ff-4bd75a31ea75): слішком дорого
[18:20:48] SpunkY (76aedc73-2b6e-4e3e-a0ff-4bd75a31ea75): но я забрав
[18:20:52] SpunkY (76aedc73-2b6e-4e3e-a0ff-4bd75a31ea75): і я хз скікі зняло даже
[18:20:58] SpunkY (76aedc73-2b6e-4e3e-a0ff-4bd75a31ea75): для мене це копійки
[18:21:00] IZI (600493b8-728e-473b-b0c0-c1d82609a7a4): прикол
[18:21:33] SpunkY (76aedc73-2b6e-4e3e-a0ff-4bd75a31ea75): я піду данжи лутать оті шо ми вчора
[18:21:36] IZI (600493b8-728e-473b-b0c0-c1d82609a7a4): ок
[18:21:37] SpunkY (76aedc73-2b6e-4e3e-a0ff-4bd75a31ea75): мені там нічо не роблять
[18:21:41] SpunkY (76aedc73-2b6e-4e3e-a0ff-4bd75a31ea75): а чари норм падають
[18:22:46] SpunkY (76aedc73-2b6e-4e3e-a0ff-4bd75a31ea75): ти собі топочку не хочеш?
[18:22:55] IZI (600493b8-728e-473b-b0c0-c1d82609a7a4): нє
[18:22:58] IZI (600493b8-728e-473b-b0c0-c1d82609a7a4): ну пофіг в цілму
[18:22:58] SpunkY (76aedc73-2b6e-4e3e-a0ff-4bd75a31ea75): це по суті
[18:23:01] SpunkY (76aedc73-2b6e-4e3e-a0ff-4bd75a31ea75): якшо зробить чарку
[18:23:07] SpunkY (76aedc73-2b6e-4e3e-a0ff-4bd75a31ea75): я ж мо час можу книжки чарить
[18:23:18] IZI (600493b8-728e-473b-b0c0-c1d82609a7a4): та який час
[18:23:25] IZI (600493b8-728e-473b-b0c0-c1d82609a7a4): думаю день
[18:23:38] SpunkY (76aedc73-2b6e-4e3e-a0ff-4bd75a31ea75): а го по приколу
[18:23:40] SpunkY (76aedc73-2b6e-4e3e-a0ff-4bd75a31ea75): щя зроблю
[18:23:49] SpunkY (76aedc73-2b6e-4e3e-a0ff-4bd75a31ea75): гля на меча
[18:24:13] SpunkY (76aedc73-2b6e-4e3e-a0ff-4bd75a31ea75): я тоді чарку крафчу
[18:24:17] SpunkY (76aedc73-2b6e-4e3e-a0ff-4bd75a31ea75): третю вже
[18:27:01] SpunkY (76aedc73-2b6e-4e3e-a0ff-4bd75a31ea75): главне не умерти
[18:28:06] SpunkY (76aedc73-2b6e-4e3e-a0ff-4bd75a31ea75): золото треба
[18:28:16] SpunkY (76aedc73-2b6e-4e3e-a0ff-4bd75a31ea75): є
[18:28:18] SpunkY (76aedc73-2b6e-4e3e-a0ff-4bd75a31ea75): ?
[18:28:22] IZI (600493b8-728e-473b-b0c0-c1d82609a7a4): мало
[18:30:10] IZI (600493b8-728e-473b-b0c0-c1d82609a7a4): мені треба челу роботи зробить
[18:30:14] IZI (600493b8-728e-473b-b0c0-c1d82609a7a4): відійду
[18:30:17] SpunkY (76aedc73-2b6e-4e3e-a0ff-4bd75a31ea75): ок
[23:20:58] IZI (600493b8-728e-473b-b0c0-c1d82609a7a4): а
[23:21:19] SpunkY (76aedc73-2b6e-4e3e-a0ff-4bd75a31ea75): го
[23:21:20] SpunkY (76aedc73-2b6e-4e3e-a0ff-4bd75a31ea75): боса
[23:21:27] SpunkY (76aedc73-2b6e-4e3e-a0ff-4bd75a31ea75): бери лук
[23:21:28] SpunkY (76aedc73-2b6e-4e3e-a0ff-4bd75a31ea75): отой
[23:21:30] SpunkY (76aedc73-2b6e-4e3e-a0ff-4bd75a31ea75): а нє
[23:21:31] SpunkY (76aedc73-2b6e-4e3e-a0ff-4bd75a31ea75): щя
[23:21:41] IZI (600493b8-728e-473b-b0c0-c1d82609a7a4): а ну думаю
[23:21:47] IZI (600493b8-728e-473b-b0c0-c1d82609a7a4): ми можемо даже його не ховать
[23:21:51] IZI (600493b8-728e-473b-b0c0-c1d82609a7a4): якщо тии з елітрами
[23:22:10] IZI (600493b8-728e-473b-b0c0-c1d82609a7a4): просто на вулиці призвеш Разстрєляєм і всьо
[23:22:12] SpunkY (76aedc73-2b6e-4e3e-a0ff-4bd75a31ea75): я вже комнату зробим
[23:22:27] IZI (600493b8-728e-473b-b0c0-c1d82609a7a4): а цей лук що ти дав другий
[23:22:31] IZI (600493b8-728e-473b-b0c0-c1d82609a7a4): тут менше Сила
[23:22:38] SpunkY (76aedc73-2b6e-4e3e-a0ff-4bd75a31ea75): а
[23:22:46] SpunkY (76aedc73-2b6e-4e3e-a0ff-4bd75a31ea75): йомаой
[23:22:48] SpunkY (76aedc73-2b6e-4e3e-a0ff-4bd75a31ea75): де моя алмазка
[23:22:51] IZI (600493b8-728e-473b-b0c0-c1d82609a7a4): є уровень? обєжинитиь
[23:22:53] IZI (600493b8-728e-473b-b0c0-c1d82609a7a4): можна
[23:22:54] IZI (600493b8-728e-473b-b0c0-c1d82609a7a4): 2 лук
[23:22:58] SpunkY (76aedc73-2b6e-4e3e-a0ff-4bd75a31ea75): давай
[23:23:01] IZI (600493b8-728e-473b-b0c0-c1d82609a7a4): ось
[23:23:34] SpunkY (76aedc73-2b6e-4e3e-a0ff-4bd75a31ea75): поможи алмазку найти
[23:23:42] SpunkY (76aedc73-2b6e-4e3e-a0ff-4bd75a31ea75): я заугбив десь
[23:23:51] IZI (600493b8-728e-473b-b0c0-c1d82609a7a4): осьб
[23:23:57] SpunkY (76aedc73-2b6e-4e3e-a0ff-4bd75a31ea75): не
[23:23:59] SpunkY (76aedc73-2b6e-4e3e-a0ff-4bd75a31ea75): ну ладно
[23:24:05] SpunkY (76aedc73-2b6e-4e3e-a0ff-4bd75a31ea75): пофіг
[23:24:06] SpunkY (76aedc73-2b6e-4e3e-a0ff-4bd75a31ea75): го
[23:25:00] IZI (600493b8-728e-473b-b0c0-c1d82609a7a4): хіба влізе
[23:25:00] IZI (600493b8-728e-473b-b0c0-c1d82609a7a4): сюда
[23:25:09] IZI (600493b8-728e-473b-b0c0-c1d82609a7a4): а да
[23:25:25] SpunkY (76aedc73-2b6e-4e3e-a0ff-4bd75a31ea75): я добйк
[23:25:32] IZI (600493b8-728e-473b-b0c0-c1d82609a7a4): +
[23:25:48] SpunkY (76aedc73-2b6e-4e3e-a0ff-4bd75a31ea75): я думав він ваншота
[23:25:54] IZI (600493b8-728e-473b-b0c0-c1d82609a7a4): всьо
[23:25:59] [CAPS] IZI (600493b8-728e-473b-b0c0-c1d82609a7a4): фаталіті
[23:26:07] IZI (600493b8-728e-473b-b0c0-c1d82609a7a4): а
[23:26:10] IZI (600493b8-728e-473b-b0c0-c1d82609a7a4): хввхв
[23:26:16] IZI (600493b8-728e-473b-b0c0-c1d82609a7a4): ну для кого ще це фаталіті
[23:26:17] SpunkY (76aedc73-2b6e-4e3e-a0ff-4bd75a31ea75): щя
[23:26:26] IZI (600493b8-728e-473b-b0c0-c1d82609a7a4): його знизу бить треба
[23:26:49] IZI (600493b8-728e-473b-b0c0-c1d82609a7a4): можеш F3+B нажать
[23:26:53] IZI (600493b8-728e-473b-b0c0-c1d82609a7a4): щоб хітбокс бачить
[23:26:54] IZI (600493b8-728e-473b-b0c0-c1d82609a7a4): куди бить
[23:27:02] IZI (600493b8-728e-473b-b0c0-c1d82609a7a4): догорит
[23:27:11] IZI (600493b8-728e-473b-b0c0-c1d82609a7a4): о
[23:27:22] IZI (600493b8-728e-473b-b0c0-c1d82609a7a4): в комбо заводив тварюка
[23:27:37] SpunkY (76aedc73-2b6e-4e3e-a0ff-4bd75a31ea75): зачарить можна
[23:27:39] SpunkY (76aedc73-2b6e-4e3e-a0ff-4bd75a31ea75): буде топочка
[23:27:43] IZI (600493b8-728e-473b-b0c0-c1d82609a7a4): нє
[23:27:46] IZI (600493b8-728e-473b-b0c0-c1d82609a7a4): цей мече
[23:27:49] IZI (600493b8-728e-473b-b0c0-c1d82609a7a4): ламається швидко
[23:27:50] IZI (600493b8-728e-473b-b0c0-c1d82609a7a4): дуж
[23:27:53] SpunkY (76aedc73-2b6e-4e3e-a0ff-4bd75a31ea75): так почінка є
[23:27:54] IZI (600493b8-728e-473b-b0c0-c1d82609a7a4): швидше золотого
[23:28:00] IZI (600493b8-728e-473b-b0c0-c1d82609a7a4): наче
[23:28:05] SpunkY (76aedc73-2b6e-4e3e-a0ff-4bd75a31ea75): 100 прочность
[23:28:18] IZI (600493b8-728e-473b-b0c0-c1d82609a7a4): угу
[23:28:26] IZI (600493b8-728e-473b-b0c0-c1d82609a7a4): у мене на мечі без чарів 2000
[23:28:43] IZI (600493b8-728e-473b-b0c0-c1d82609a7a4): забувщо сехтом в аду
[23:29:47] IZI (600493b8-728e-473b-b0c0-c1d82609a7a4): ти що зараз плануєш робитб
[23:29:52] SpunkY (76aedc73-2b6e-4e3e-a0ff-4bd75a31ea75): хз
[23:29:58] SpunkY (76aedc73-2b6e-4e3e-a0ff-4bd75a31ea75): фармить на другого боса треба
[23:30:04] IZI (600493b8-728e-473b-b0c0-c1d82609a7a4): ладно
[23:30:07] SpunkY (76aedc73-2b6e-4e3e-a0ff-4bd75a31ea75): а шо ти хоч
[23:30:29] IZI (600493b8-728e-473b-b0c0-c1d82609a7a4): мені шерсть треба і меч на добичу взять хотів. Ну пофіг і так думаю нафармлю
[23:30:48] SpunkY (76aedc73-2b6e-4e3e-a0ff-4bd75a31ea75): так давай тобі зробим меча
[23:31:03] IZI (600493b8-728e-473b-b0c0-c1d82609a7a4): якого
[23:31:13] SpunkY (76aedc73-2b6e-4e3e-a0ff-4bd75a31ea75): хз
[23:31:26] SpunkY (76aedc73-2b6e-4e3e-a0ff-4bd75a31ea75): а нє постригти просто?
[23:31:40] IZI (600493b8-728e-473b-b0c0-c1d82609a7a4): а так шерсті більше?
[23:31:42] IZI (600493b8-728e-473b-b0c0-c1d82609a7a4): я просто ъхз
[23:31:43] SpunkY (76aedc73-2b6e-4e3e-a0ff-4bd75a31ea75): ну да
[23:31:51] IZI (600493b8-728e-473b-b0c0-c1d82609a7a4): ну... Просто так і мясо ще буде +
[23:31:56] SpunkY (76aedc73-2b6e-4e3e-a0ff-4bd75a31ea75): ну це да
[23:50:24] IZI (600493b8-728e-473b-b0c0-c1d82609a7a4): наче сумеречные часы
