[00:03:55] XBOST (ed244ead-df9a-464f-a48f-28478c7d8db3): золото гг
[00:04:23] LaNipge (347d9fd5-d990-49a9-9903-2d39a3b73974): блять
[00:04:28] LaNipge (347d9fd5-d990-49a9-9903-2d39a3b73974): делаю штуку
[00:04:32] LaNipge (347d9fd5-d990-49a9-9903-2d39a3b73974): чтоб щолото было
[00:04:40] XBOST (ed244ead-df9a-464f-a48f-28478c7d8db3): как она делает
[00:04:45] LaNipge (347d9fd5-d990-49a9-9903-2d39a3b73974): и золота не хватает
[00:05:03] LaNipge (347d9fd5-d990-49a9-9903-2d39a3b73974): ну та которая из руды руду, которая под нами по 30к
[00:05:14] LaNipge (347d9fd5-d990-49a9-9903-2d39a3b73974): у нас есть немного ее
[00:05:24] LaNipge (347d9fd5-d990-49a9-9903-2d39a3b73974): я копать
[00:25:44] XBOST (ed244ead-df9a-464f-a48f-28478c7d8db3): ?
[00:26:04] XBOST (ed244ead-df9a-464f-a48f-28478c7d8db3): ночь не скипай пока
[00:26:26] LaNipge (347d9fd5-d990-49a9-9903-2d39a3b73974): сделал супер сумку
[00:26:35] LaNipge (347d9fd5-d990-49a9-9903-2d39a3b73974): удаляет мусор из инвенторя
[00:26:39] LaNipge (347d9fd5-d990-49a9-9903-2d39a3b73974): я гений?
[00:26:59] XBOST (ed244ead-df9a-464f-a48f-28478c7d8db3): че за сумка
[00:27:04] XBOST (ed244ead-df9a-464f-a48f-28478c7d8db3): че за сумка
[00:27:50] XBOST (ed244ead-df9a-464f-a48f-28478c7d8db3): че за сумка
[00:39:50] XBOST (ed244ead-df9a-464f-a48f-28478c7d8db3): stol
[01:12:06] XBOST (ed244ead-df9a-464f-a48f-28478c7d8db3): че как успехи
[01:28:02] XBOST (ed244ead-df9a-464f-a48f-28478c7d8db3): смотри че есть
[01:28:24] XBOST (ed244ead-df9a-464f-a48f-28478c7d8db3): правда всего стак
[01:28:26] XBOST (ed244ead-df9a-464f-a48f-28478c7d8db3): но пох
[01:31:20] LaNipge (347d9fd5-d990-49a9-9903-2d39a3b73974): не лезет
[01:31:25] LaNipge (347d9fd5-d990-49a9-9903-2d39a3b73974): сундук бы поболее
[01:31:28] XBOST (ed244ead-df9a-464f-a48f-28478c7d8db3): ща
[01:35:06] LaNipge (347d9fd5-d990-49a9-9903-2d39a3b73974): мужики
[01:35:25] LaNipge (347d9fd5-d990-49a9-9903-2d39a3b73974): 0 золота
[01:35:57] XBOST (ed244ead-df9a-464f-a48f-28478c7d8db3): это что я могу докрафтить свои вещи
[01:36:15] XBOST (ed244ead-df9a-464f-a48f-28478c7d8db3): я так и знал что у нас из пустыни такое получится
[01:37:17] XBOST (ed244ead-df9a-464f-a48f-28478c7d8db3): че выпало
[01:37:25] LaNipge (347d9fd5-d990-49a9-9903-2d39a3b73974): хз
[01:37:28] LaNipge (347d9fd5-d990-49a9-9903-2d39a3b73974): 3 золота
[01:39:39] XBOST (ed244ead-df9a-464f-a48f-28478c7d8db3): о 12к уже
[01:41:56] LaNipge (347d9fd5-d990-49a9-9903-2d39a3b73974): можно по идее в автоверстаках сделать крафт электросхем
[01:42:01] LaNipge (347d9fd5-d990-49a9-9903-2d39a3b73974): никогда такого не делал
[01:42:12] XBOST (ed244ead-df9a-464f-a48f-28478c7d8db3): та скоро ме уже
[01:42:16] XBOST (ed244ead-df9a-464f-a48f-28478c7d8db3): нахуй этот бред
[01:42:46] LaNipge (347d9fd5-d990-49a9-9903-2d39a3b73974): как скоро будет молекулярный?
[01:42:49] LaNipge (347d9fd5-d990-49a9-9903-2d39a3b73974): хотя бы 1
[01:42:56] XBOST (ed244ead-df9a-464f-a48f-28478c7d8db3): он уже есть
[01:42:59] XBOST (ed244ead-df9a-464f-a48f-28478c7d8db3): только толку
[01:43:15] XBOST (ed244ead-df9a-464f-a48f-28478c7d8db3): блок обработки крафта глянь
[01:43:44] XBOST (ed244ead-df9a-464f-a48f-28478c7d8db3): хотя нахуй я его делаю
[01:43:53] XBOST (ed244ead-df9a-464f-a48f-28478c7d8db3): сделай на 4к блок обработки
[01:43:58] XBOST (ed244ead-df9a-464f-a48f-28478c7d8db3): и можно будет делать уже
[01:44:02] XBOST (ed244ead-df9a-464f-a48f-28478c7d8db3): если не занят конечно
[01:44:18] XBOST (ed244ead-df9a-464f-a48f-28478c7d8db3): если занят,чуть позже сам сделаю
[01:44:34] LaNipge (347d9fd5-d990-49a9-9903-2d39a3b73974): крафт там конечно мое почтение
[01:44:40] LaNipge (347d9fd5-d990-49a9-9903-2d39a3b73974): начну с ускорителей
[01:45:05] XBOST (ed244ead-df9a-464f-a48f-28478c7d8db3): с каких ускорителей
[01:45:29] LaNipge (347d9fd5-d990-49a9-9903-2d39a3b73974): там в крафте
[01:45:51] LaNipge (347d9fd5-d990-49a9-9903-2d39a3b73974): а понял
[01:45:53] LaNipge (347d9fd5-d990-49a9-9903-2d39a3b73974): уже делаешь
[01:46:08] XBOST (ed244ead-df9a-464f-a48f-28478c7d8db3): нам нужен блок крафта
[01:46:09] XBOST (ed244ead-df9a-464f-a48f-28478c7d8db3): и все
[01:46:22] LaNipge (347d9fd5-d990-49a9-9903-2d39a3b73974): сколько
[01:46:23] XBOST (ed244ead-df9a-464f-a48f-28478c7d8db3): нахуй нам щас блок обработки
[01:46:26] XBOST (ed244ead-df9a-464f-a48f-28478c7d8db3): на 4к
[01:46:49] LaNipge (347d9fd5-d990-49a9-9903-2d39a3b73974): айди скажи
[01:46:51] LaNipge (347d9fd5-d990-49a9-9903-2d39a3b73974): я не понимаю
[01:46:54] LaNipge (347d9fd5-d990-49a9-9903-2d39a3b73974): че надо
[01:47:08] XBOST (ed244ead-df9a-464f-a48f-28478c7d8db3): 4к хранилище крафта
[01:49:53] LaNipge (347d9fd5-d990-49a9-9903-2d39a3b73974): спать можно?
[01:49:56] XBOST (ed244ead-df9a-464f-a48f-28478c7d8db3): da
[01:51:10] LaNipge (347d9fd5-d990-49a9-9903-2d39a3b73974): а просто воронка не суёт аквамарин?
[01:51:22] XBOST (ed244ead-df9a-464f-a48f-28478c7d8db3): хз,не пробовал
[01:51:36] LaNipge (347d9fd5-d990-49a9-9903-2d39a3b73974): помоему трубами из сундука можно вообще
[01:51:44] LaNipge (347d9fd5-d990-49a9-9903-2d39a3b73974): и тогда можно много бочонков сделать
[01:51:49] XBOST (ed244ead-df9a-464f-a48f-28478c7d8db3): та пох и так норм
[01:51:56] XBOST (ed244ead-df9a-464f-a48f-28478c7d8db3): мне много не надо
[01:53:19] XBOST (ed244ead-df9a-464f-a48f-28478c7d8db3): мб пчелками занятся хз
[01:53:26] XBOST (ed244ead-df9a-464f-a48f-28478c7d8db3): они в лейте нужны будут
[01:55:58] LaNipge (347d9fd5-d990-49a9-9903-2d39a3b73974): кварц кончился
[01:56:02] LaNipge (347d9fd5-d990-49a9-9903-2d39a3b73974): я хуею
[01:56:04] XBOST (ed244ead-df9a-464f-a48f-28478c7d8db3): какой
[01:56:11] LaNipge (347d9fd5-d990-49a9-9903-2d39a3b73974): из апплаеда
[01:56:14] XBOST (ed244ead-df9a-464f-a48f-28478c7d8db3): ща покопаю
[01:56:36] XBOST (ed244ead-df9a-464f-a48f-28478c7d8db3): дай сумку ту
[02:08:16] XBOST (ed244ead-df9a-464f-a48f-28478c7d8db3): я уверен что получится
[02:08:44] XBOST (ed244ead-df9a-464f-a48f-28478c7d8db3): как автоплавку сделать
[02:08:49] XBOST (ed244ead-df9a-464f-a48f-28478c7d8db3): как штука эта называется
[02:09:04] XBOST (ed244ead-df9a-464f-a48f-28478c7d8db3): а называется как
[02:10:49] XBOST (ed244ead-df9a-464f-a48f-28478c7d8db3): ага там слищь ебанная нужна
[02:11:49] LaNipge (347d9fd5-d990-49a9-9903-2d39a3b73974): иди ставь
[02:11:53] XBOST (ed244ead-df9a-464f-a48f-28478c7d8db3): че ставить
[02:11:59] LaNipge (347d9fd5-d990-49a9-9903-2d39a3b73974): блоки
[02:12:07] XBOST (ed244ead-df9a-464f-a48f-28478c7d8db3): внизу по красоте сам сделай все
[02:12:10] XBOST (ed244ead-df9a-464f-a48f-28478c7d8db3): и завод сплавов
[02:18:03] LaNipge (347d9fd5-d990-49a9-9903-2d39a3b73974): иди ставь
[02:27:35] XBOST (ed244ead-df9a-464f-a48f-28478c7d8db3): 56 шт
[02:27:42] XBOST (ed244ead-df9a-464f-a48f-28478c7d8db3): в ме кинул
[02:27:57] XBOST (ed244ead-df9a-464f-a48f-28478c7d8db3): и 34 заряженных
[02:29:17] XBOST (ed244ead-df9a-464f-a48f-28478c7d8db3): мне кажется будет пизже с помощью завод из ic
[02:29:36] LaNipge (347d9fd5-d990-49a9-9903-2d39a3b73974): я не знаю
[02:29:40] LaNipge (347d9fd5-d990-49a9-9903-2d39a3b73974): я не знал
[02:30:03] LaNipge (347d9fd5-d990-49a9-9903-2d39a3b73974): я не понимаю как с нагревателем
[02:30:05] LaNipge (347d9fd5-d990-49a9-9903-2d39a3b73974): сам сделай
[02:30:48] LaNipge (347d9fd5-d990-49a9-9903-2d39a3b73974): тогда еще один интерфейс надо
[02:30:52] LaNipge (347d9fd5-d990-49a9-9903-2d39a3b73974): и обычно завод
[02:31:01] XBOST (ed244ead-df9a-464f-a48f-28478c7d8db3): а зач еще
[02:31:01] LaNipge (347d9fd5-d990-49a9-9903-2d39a3b73974): не все делаются в 3 слота
[02:31:14] XBOST (ed244ead-df9a-464f-a48f-28478c7d8db3): ну над сделать получается тогда
[02:32:43] XBOST (ed244ead-df9a-464f-a48f-28478c7d8db3): потом электрический можно будет сделать
[02:33:08] XBOST (ed244ead-df9a-464f-a48f-28478c7d8db3): и вообще надо уже трубы сделать чтобы тепло передавать по всем мехам
[02:34:56] LaNipge (347d9fd5-d990-49a9-9903-2d39a3b73974): хоруса пока в ручную жарим
[02:35:10] XBOST (ed244ead-df9a-464f-a48f-28478c7d8db3): та можно много что вручную делать
[02:35:13] LaNipge (347d9fd5-d990-49a9-9903-2d39a3b73974): чет я в клавиши последнее время не попадаю
[02:35:24] XBOST (ed244ead-df9a-464f-a48f-28478c7d8db3): главное побыстрее делать мэ интерфейсы уже
[02:35:58] XBOST (ed244ead-df9a-464f-a48f-28478c7d8db3): ахуеть уже можем заказать
[02:36:15] LaNipge (347d9fd5-d990-49a9-9903-2d39a3b73974): посади голову
[02:36:26] XBOST (ed244ead-df9a-464f-a48f-28478c7d8db3): а че они расти дальше будут?
[02:36:34] LaNipge (347d9fd5-d990-49a9-9903-2d39a3b73974): хз
[02:37:21] XBOST (ed244ead-df9a-464f-a48f-28478c7d8db3): ща будет
[02:37:30] LaNipge (347d9fd5-d990-49a9-9903-2d39a3b73974): не будет
[02:37:37] LaNipge (347d9fd5-d990-49a9-9903-2d39a3b73974): интерфейс нужен
[02:37:39] XBOST (ed244ead-df9a-464f-a48f-28478c7d8db3): готово
[02:37:45] LaNipge (347d9fd5-d990-49a9-9903-2d39a3b73974): сломай пока
[02:37:48] LaNipge (347d9fd5-d990-49a9-9903-2d39a3b73974): временно
[02:38:00] XBOST (ed244ead-df9a-464f-a48f-28478c7d8db3): нахуя интерфейс
[02:38:08] LaNipge (347d9fd5-d990-49a9-9903-2d39a3b73974): не все сплавы там делаются
[02:38:11] LaNipge (347d9fd5-d990-49a9-9903-2d39a3b73974): говорил же
[02:38:25] LaNipge (347d9fd5-d990-49a9-9903-2d39a3b73974): щас закажу
[02:39:03] XBOST (ed244ead-df9a-464f-a48f-28478c7d8db3): норм вроде робит
[02:39:16] XBOST (ed244ead-df9a-464f-a48f-28478c7d8db3): а с заводом побыстрее будет
[02:39:31] LaNipge (347d9fd5-d990-49a9-9903-2d39a3b73974): надо еще интерфейс
[02:39:34] LaNipge (347d9fd5-d990-49a9-9903-2d39a3b73974): что б с заводлом
[02:39:54] LaNipge (347d9fd5-d990-49a9-9903-2d39a3b73974): сделалось)
[02:39:56] LaNipge (347d9fd5-d990-49a9-9903-2d39a3b73974): ахуеть
[02:40:05] XBOST (ed244ead-df9a-464f-a48f-28478c7d8db3): а какие слитки в заводе из ic не делаются?
[02:40:17] LaNipge (347d9fd5-d990-49a9-9903-2d39a3b73974): в 2 слотам которые?
[02:40:28] XBOST (ed244ead-df9a-464f-a48f-28478c7d8db3): da
[02:40:31] LaNipge (347d9fd5-d990-49a9-9903-2d39a3b73974): че да
[02:40:34] LaNipge (347d9fd5-d990-49a9-9903-2d39a3b73974): это ответ
[02:40:38] LaNipge (347d9fd5-d990-49a9-9903-2d39a3b73974): нужно 2 завода из ик2
[02:40:48] XBOST (ed244ead-df9a-464f-a48f-28478c7d8db3): ну вон второй есть
[02:40:53] LaNipge (347d9fd5-d990-49a9-9903-2d39a3b73974): интерфейса нет
[02:40:54] XBOST (ed244ead-df9a-464f-a48f-28478c7d8db3): осталось интерфейс
[02:41:45] XBOST (ed244ead-df9a-464f-a48f-28478c7d8db3): делаешь?
[02:41:52] LaNipge (347d9fd5-d990-49a9-9903-2d39a3b73974): ебать крафт
[02:41:53] XBOST (ed244ead-df9a-464f-a48f-28478c7d8db3): я пока другую полезную штуку сделаю
[02:41:56] XBOST (ed244ead-df9a-464f-a48f-28478c7d8db3): да да
[02:41:59] LaNipge (347d9fd5-d990-49a9-9903-2d39a3b73974): ты щас спать завалишься
[02:42:09] XBOST (ed244ead-df9a-464f-a48f-28478c7d8db3): пока нет еще
[02:42:44] LaNipge (347d9fd5-d990-49a9-9903-2d39a3b73974): поставь туда завод
[02:42:48] LaNipge (347d9fd5-d990-49a9-9903-2d39a3b73974): пж
[02:42:59] LaNipge (347d9fd5-d990-49a9-9903-2d39a3b73974): вниз оба
[02:43:46] LaNipge (347d9fd5-d990-49a9-9903-2d39a3b73974): ускоры где
[02:49:52] LaNipge (347d9fd5-d990-49a9-9903-2d39a3b73974): сломай завод
[02:50:00] XBOST (ed244ead-df9a-464f-a48f-28478c7d8db3): какой
[02:50:11] XBOST (ed244ead-df9a-464f-a48f-28478c7d8db3): нижний?
[02:50:14] LaNipge (347d9fd5-d990-49a9-9903-2d39a3b73974): да
[02:51:10] LaNipge (347d9fd5-d990-49a9-9903-2d39a3b73974): ускоры где
[02:51:16] XBOST (ed244ead-df9a-464f-a48f-28478c7d8db3): на будущее мехи с ускорами не ломай
[02:51:24] LaNipge (347d9fd5-d990-49a9-9903-2d39a3b73974): а да
[02:51:26] XBOST (ed244ead-df9a-464f-a48f-28478c7d8db3): 2 красный ускора вьебали когда ломали сверху
[02:51:43] LaNipge (347d9fd5-d990-49a9-9903-2d39a3b73974): и видомо 10 синих?
[02:51:47] LaNipge (347d9fd5-d990-49a9-9903-2d39a3b73974): видимо
[02:51:51] XBOST (ed244ead-df9a-464f-a48f-28478c7d8db3): 20 шт синих
[02:55:28] LaNipge (347d9fd5-d990-49a9-9903-2d39a3b73974): сломалось нахуй
[02:56:07] XBOST (ed244ead-df9a-464f-a48f-28478c7d8db3): перезакажи
[02:56:14] LaNipge (347d9fd5-d990-49a9-9903-2d39a3b73974): уже 3 раза
[02:58:02] LaNipge (347d9fd5-d990-49a9-9903-2d39a3b73974): поставь хуйня для процов вниз
[02:58:09] LaNipge (347d9fd5-d990-49a9-9903-2d39a3b73974): интерфейс в нее пихает
[02:58:18] XBOST (ed244ead-df9a-464f-a48f-28478c7d8db3): я ща уберу уже
[03:02:27] LaNipge (347d9fd5-d990-49a9-9903-2d39a3b73974): а с обычным заводом работает
[03:02:29] LaNipge (347d9fd5-d990-49a9-9903-2d39a3b73974): как так
[03:02:44] XBOST (ed244ead-df9a-464f-a48f-28478c7d8db3): хз даже
[03:02:47] XBOST (ed244ead-df9a-464f-a48f-28478c7d8db3): оставь его пох
[03:05:31] LaNipge (347d9fd5-d990-49a9-9903-2d39a3b73974): заработало
[03:05:37] LaNipge (347d9fd5-d990-49a9-9903-2d39a3b73974): баганая хуйня
[03:06:05] LaNipge (347d9fd5-d990-49a9-9903-2d39a3b73974): еще 1
[03:09:55] XBOST (ed244ead-df9a-464f-a48f-28478c7d8db3): э
[03:10:00] XBOST (ed244ead-df9a-464f-a48f-28478c7d8db3): я пол стака тож плавил
[03:10:04] LaNipge (347d9fd5-d990-49a9-9903-2d39a3b73974): в мэ
[03:11:07] LaNipge (347d9fd5-d990-49a9-9903-2d39a3b73974): пошел контент
[03:11:10] LaNipge (347d9fd5-d990-49a9-9903-2d39a3b73974): с кайфом
[03:12:05] LaNipge (347d9fd5-d990-49a9-9903-2d39a3b73974): надо ферму зерен делать
[03:12:10] LaNipge (347d9fd5-d990-49a9-9903-2d39a3b73974): помнишь да?
[03:12:13] LaNipge (347d9fd5-d990-49a9-9903-2d39a3b73974): на воде
[03:12:19] XBOST (ed244ead-df9a-464f-a48f-28478c7d8db3): каких зерен
[03:12:33] LaNipge (347d9fd5-d990-49a9-9903-2d39a3b73974): из зажигалок которые
[03:12:39] XBOST (ed244ead-df9a-464f-a48f-28478c7d8db3): не шарю
[03:12:46] XBOST (ed244ead-df9a-464f-a48f-28478c7d8db3): не помню точнее
[03:12:58] LaNipge (347d9fd5-d990-49a9-9903-2d39a3b73974): на симпле помоему делали
[03:13:01] LaNipge (347d9fd5-d990-49a9-9903-2d39a3b73974): или где то
[03:13:09] LaNipge (347d9fd5-d990-49a9-9903-2d39a3b73974): а
[03:13:17] LaNipge (347d9fd5-d990-49a9-9903-2d39a3b73974): там где нам приходили сносить мехи
[03:13:28] LaNipge (347d9fd5-d990-49a9-9903-2d39a3b73974): забей крч
[03:13:29] XBOST (ed244ead-df9a-464f-a48f-28478c7d8db3): ну проект помню
[03:13:33] XBOST (ed244ead-df9a-464f-a48f-28478c7d8db3): а систему нет
[03:13:50] LaNipge (347d9fd5-d990-49a9-9903-2d39a3b73974): 5 13
[03:13:53] LaNipge (347d9fd5-d990-49a9-9903-2d39a3b73974): держу в курсе
[03:14:03] XBOST (ed244ead-df9a-464f-a48f-28478c7d8db3): завтра буду карьер делать из астрала
[03:14:09] XBOST (ed244ead-df9a-464f-a48f-28478c7d8db3): как говорит админ этого серва
[03:14:19] XBOST (ed244ead-df9a-464f-a48f-28478c7d8db3): его надо делать в первые часы игры
[03:14:24] XBOST (ed244ead-df9a-464f-a48f-28478c7d8db3): )
[03:14:37] XBOST (ed244ead-df9a-464f-a48f-28478c7d8db3): у меня ес че уже 53 часа тут
[03:14:54] LaNipge (347d9fd5-d990-49a9-9903-2d39a3b73974): 1 день и 11 часов
[03:15:02] XBOST (ed244ead-df9a-464f-a48f-28478c7d8db3): 2д 5.50
[03:15:32] XBOST (ed244ead-df9a-464f-a48f-28478c7d8db3): рассказываю гайд кста как ложится поздно но не проебывать день
[03:15:43] XBOST (ed244ead-df9a-464f-a48f-28478c7d8db3): ложишься допустим в 5
[03:15:56] XBOST (ed244ead-df9a-464f-a48f-28478c7d8db3): и ставишь будильник на 11
[03:16:04] XBOST (ed244ead-df9a-464f-a48f-28478c7d8db3): за 6 часов высыпаешься пиздец
[03:16:11] XBOST (ed244ead-df9a-464f-a48f-28478c7d8db3): да когда встаешь хуево
[03:16:14] XBOST (ed244ead-df9a-464f-a48f-28478c7d8db3): но потом норм
[03:16:31] LaNipge (347d9fd5-d990-49a9-9903-2d39a3b73974): я через 5 часов глаза с трудом открываю
[03:16:57] LaNipge (347d9fd5-d990-49a9-9903-2d39a3b73974): много спать тоже оч неприятно
[03:17:44] XBOST (ed244ead-df9a-464f-a48f-28478c7d8db3): лан я спать
[03:17:50] LaNipge (347d9fd5-d990-49a9-9903-2d39a3b73974): 66
[03:17:59] XBOST (ed244ead-df9a-464f-a48f-28478c7d8db3): все поспал
[03:18:31] XBOST (ed244ead-df9a-464f-a48f-28478c7d8db3): все бб
[03:18:36] LaNipge (347d9fd5-d990-49a9-9903-2d39a3b73974): 66
[10:23:35] XBOST (ed244ead-df9a-464f-a48f-28478c7d8db3): ку
[10:23:37] Stxywxthme (6ce0cde9-8c92-4c66-96ad-6bffb9dfc01b): ку
[10:24:55] XBOST (ed244ead-df9a-464f-a48f-28478c7d8db3): ночь не скипай
[10:39:36] XBOST (ed244ead-df9a-464f-a48f-28478c7d8db3): я кушать
[11:04:29] LaNipge (347d9fd5-d990-49a9-9903-2d39a3b73974): сломался опять крафт мелодоки
[11:04:32] LaNipge (347d9fd5-d990-49a9-9903-2d39a3b73974): я в ахуе
[11:07:58] XBOST (ed244ead-df9a-464f-a48f-28478c7d8db3): а ты где кстати брал горные кристаллы
[11:08:07] LaNipge (347d9fd5-d990-49a9-9903-2d39a3b73974): в шахте
[11:10:47] LaNipge (347d9fd5-d990-49a9-9903-2d39a3b73974): когда шахтер будет
[11:11:00] XBOST (ed244ead-df9a-464f-a48f-28478c7d8db3): в процессе
[11:21:00] XBOST (ed244ead-df9a-464f-a48f-28478c7d8db3): я очистил панельку
[11:21:37] LaNipge (347d9fd5-d990-49a9-9903-2d39a3b73974): а тут за приват выступает
[11:21:40] LaNipge (347d9fd5-d990-49a9-9903-2d39a3b73974): нет?
[11:21:41] XBOST (ed244ead-df9a-464f-a48f-28478c7d8db3): пох
[11:21:48] XBOST (ed244ead-df9a-464f-a48f-28478c7d8db3): мрамор мусорный
[11:21:51] XBOST (ed244ead-df9a-464f-a48f-28478c7d8db3): кому он нужен
[11:22:01] LaNipge (347d9fd5-d990-49a9-9903-2d39a3b73974): людям лишь бы настрать
[11:22:06] LaNipge (347d9fd5-d990-49a9-9903-2d39a3b73974): сравь вечно
[11:22:12] LaNipge (347d9fd5-d990-49a9-9903-2d39a3b73974): дя блять
[11:22:16] LaNipge (347d9fd5-d990-49a9-9903-2d39a3b73974): буквы
[11:22:18] XBOST (ed244ead-df9a-464f-a48f-28478c7d8db3): я щас все время потрачу на бутыльке
[11:22:45] XBOST (ed244ead-df9a-464f-a48f-28478c7d8db3): уже 3 часа вьебал
[11:23:00] LaNipge (347d9fd5-d990-49a9-9903-2d39a3b73974): 9 часов вьебал в мусорку
[11:24:00] XBOST (ed244ead-df9a-464f-a48f-28478c7d8db3): сука
[11:24:07] XBOST (ed244ead-df9a-464f-a48f-28478c7d8db3): не вырос еще
[11:24:56] XBOST (ed244ead-df9a-464f-a48f-28478c7d8db3): -5 часов
[11:27:31] LaNipge (347d9fd5-d990-49a9-9903-2d39a3b73974): ахуеть
[11:27:33] LaNipge (347d9fd5-d990-49a9-9903-2d39a3b73974): иди сюда
[11:27:50] LaNipge (347d9fd5-d990-49a9-9903-2d39a3b73974): на кабель посмотри
[11:27:52] XBOST (ed244ead-df9a-464f-a48f-28478c7d8db3): кайф сервер же
[11:28:02] LaNipge (347d9fd5-d990-49a9-9903-2d39a3b73974): 256 каналов
[11:28:08] XBOST (ed244ead-df9a-464f-a48f-28478c7d8db3): не надо миллион проводов проводить
[11:29:11] XBOST (ed244ead-df9a-464f-a48f-28478c7d8db3): ой
[11:29:14] XBOST (ed244ead-df9a-464f-a48f-28478c7d8db3): как выйти
[11:29:28] LaNipge (347d9fd5-d990-49a9-9903-2d39a3b73974): зачем чаришься
[11:43:24] LaNipge (347d9fd5-d990-49a9-9903-2d39a3b73974): автокрафт схем присутствует
[11:44:13] XBOST (ed244ead-df9a-464f-a48f-28478c7d8db3): хочу ночь
[11:44:32] LaNipge (347d9fd5-d990-49a9-9903-2d39a3b73974): почисти
[11:45:07] XBOST (ed244ead-df9a-464f-a48f-28478c7d8db3): астрал крутой мод
[11:45:13] XBOST (ed244ead-df9a-464f-a48f-28478c7d8db3): над было тебе развивать его
[11:45:24] XBOST (ed244ead-df9a-464f-a48f-28478c7d8db3): я когда первый раз развивал вообще кайф был
[11:46:06] LaNipge (347d9fd5-d990-49a9-9903-2d39a3b73974): включи ферму
[11:46:46] XBOST (ed244ead-df9a-464f-a48f-28478c7d8db3): щас опять неубиваемый заспавнится и пизда
[11:47:37] XBOST (ed244ead-df9a-464f-a48f-28478c7d8db3): ебать в отсечку ебашит
[11:47:47] XBOST (ed244ead-df9a-464f-a48f-28478c7d8db3): можно новый верстак делать
[11:48:14] LaNipge (347d9fd5-d990-49a9-9903-2d39a3b73974): вот через это можно ферму маны сделать
[11:48:26] XBOST (ed244ead-df9a-464f-a48f-28478c7d8db3): как
[11:48:36] LaNipge (347d9fd5-d990-49a9-9903-2d39a3b73974): пару линз и 2 таких кристалла
[11:48:39] LaNipge (347d9fd5-d990-49a9-9903-2d39a3b73974): и все
[11:49:21] LaNipge (347d9fd5-d990-49a9-9903-2d39a3b73974): будет интересно загуглишь ферма маны через астрал
[11:49:26] LaNipge (347d9fd5-d990-49a9-9903-2d39a3b73974): там первый видос
[11:49:31] XBOST (ed244ead-df9a-464f-a48f-28478c7d8db3): потом
[11:49:36] XBOST (ed244ead-df9a-464f-a48f-28478c7d8db3): карьер в первую очередь
[11:50:42] XBOST (ed244ead-df9a-464f-a48f-28478c7d8db3): ez
[11:51:20] XBOST (ed244ead-df9a-464f-a48f-28478c7d8db3): пошел мрамор копать
[11:52:19] XBOST (ed244ead-df9a-464f-a48f-28478c7d8db3): надеюсь некст верстак в чанк влезет
[11:54:31] XBOST (ed244ead-df9a-464f-a48f-28478c7d8db3): 11 на 11 норм
[11:54:49] LaNipge (347d9fd5-d990-49a9-9903-2d39a3b73974): можешь над базой построить
[11:55:00] XBOST (ed244ead-df9a-464f-a48f-28478c7d8db3): та нахуй надо
[11:55:08] XBOST (ed244ead-df9a-464f-a48f-28478c7d8db3): мне кристалл тогда переносить надо
[12:17:23] XBOST (ed244ead-df9a-464f-a48f-28478c7d8db3): автокрафт на квантовый схемы прошу добавить
[12:17:31] LaNipge (347d9fd5-d990-49a9-9903-2d39a3b73974): некуда пока
[12:17:36] LaNipge (347d9fd5-d990-49a9-9903-2d39a3b73974): щас расширение делаю
[12:17:39] XBOST (ed244ead-df9a-464f-a48f-28478c7d8db3): а надо будет через мин 20
[12:18:16] XBOST (ed244ead-df9a-464f-a48f-28478c7d8db3): я прям на финишной прямой
[12:18:25] XBOST (ed244ead-df9a-464f-a48f-28478c7d8db3): главное чтобы на небе были те созвездия которые мне нужны
[12:22:42] XBOST (ed244ead-df9a-464f-a48f-28478c7d8db3): нууу где ночь
[12:22:48] XBOST (ed244ead-df9a-464f-a48f-28478c7d8db3): день как будто бесконечный
[12:30:37] LaNipge (347d9fd5-d990-49a9-9903-2d39a3b73974): сделал
[12:30:56] XBOST (ed244ead-df9a-464f-a48f-28478c7d8db3): а мне созвездия не выпало которые нужны
[12:30:58] LaNipge (347d9fd5-d990-49a9-9903-2d39a3b73974): жесткая нехватка светопыли и глаз эндерменов
[12:31:41] XBOST (ed244ead-df9a-464f-a48f-28478c7d8db3): слеза гаста нужна будет мне
[12:32:30] LaNipge (347d9fd5-d990-49a9-9903-2d39a3b73974): отойду
[12:47:53] XBOST (ed244ead-df9a-464f-a48f-28478c7d8db3): опять не выпало
[12:48:38] XBOST (ed244ead-df9a-464f-a48f-28478c7d8db3): слезу гаста надо
[12:50:27] LaNipge (347d9fd5-d990-49a9-9903-2d39a3b73974): хз где ее взять
[12:50:32] XBOST (ed244ead-df9a-464f-a48f-28478c7d8db3): в аду
[12:50:41] LaNipge (347d9fd5-d990-49a9-9903-2d39a3b73974): я его один раз там только слышал
[12:51:06] XBOST (ed244ead-df9a-464f-a48f-28478c7d8db3): без нее не будет карьера
[12:53:32] XBOST (ed244ead-df9a-464f-a48f-28478c7d8db3): сука
[12:53:48] XBOST (ed244ead-df9a-464f-a48f-28478c7d8db3): в пизде мира сдох
[12:54:00] XBOST (ed244ead-df9a-464f-a48f-28478c7d8db3): поспи
[13:03:44] LaNipge (347d9fd5-d990-49a9-9903-2d39a3b73974): надо какие то крылья
[13:03:47] XBOST (ed244ead-df9a-464f-a48f-28478c7d8db3): +
[13:08:52] XBOST (ed244ead-df9a-464f-a48f-28478c7d8db3): 50 на 50 повезло
[13:09:03] LaNipge (347d9fd5-d990-49a9-9903-2d39a3b73974): кристалы из ае закончились
[13:09:20] XBOST (ed244ead-df9a-464f-a48f-28478c7d8db3): 5 штучек выложил)
[13:11:40] XBOST (ed244ead-df9a-464f-a48f-28478c7d8db3): где слеза
[13:12:47] LaNipge (347d9fd5-d990-49a9-9903-2d39a3b73974): там холодильник не рабоотает
[13:13:03] LaNipge (347d9fd5-d990-49a9-9903-2d39a3b73974): а
[13:13:06] XBOST (ed244ead-df9a-464f-a48f-28478c7d8db3): наверное потому что трубы надо проложить
[13:18:00] LaNipge (347d9fd5-d990-49a9-9903-2d39a3b73974): меч проебал
[13:19:21] XBOST (ed244ead-df9a-464f-a48f-28478c7d8db3): ночь вариант сделать?
[13:19:43] Stxywxthme (6ce0cde9-8c92-4c66-96ad-6bffb9dfc01b): не могу
[13:19:48] XBOST (ed244ead-df9a-464f-a48f-28478c7d8db3): пон
[13:19:54] Stxywxthme (6ce0cde9-8c92-4c66-96ad-6bffb9dfc01b): хотя
[13:23:31] Stxywxthme (6ce0cde9-8c92-4c66-96ad-6bffb9dfc01b): норм?
[13:23:53] XBOST (ed244ead-df9a-464f-a48f-28478c7d8db3): да,то совздездие выпало
[13:24:13] XBOST (ed244ead-df9a-464f-a48f-28478c7d8db3): срочно крафт квантовых схем
[13:24:15] XBOST (ed244ead-df9a-464f-a48f-28478c7d8db3): 2 штуки
[13:24:17] XBOST (ed244ead-df9a-464f-a48f-28478c7d8db3): закажи
[13:26:19] XBOST (ed244ead-df9a-464f-a48f-28478c7d8db3): помоги
[13:26:22] XBOST (ed244ead-df9a-464f-a48f-28478c7d8db3): срочно
[13:26:33] XBOST (ed244ead-df9a-464f-a48f-28478c7d8db3): звездная схема
[13:26:34] XBOST (ed244ead-df9a-464f-a48f-28478c7d8db3): 2 шт
[13:26:43] XBOST (ed244ead-df9a-464f-a48f-28478c7d8db3): срочно
[13:27:07] LaNipge (347d9fd5-d990-49a9-9903-2d39a3b73974): кристалов нет
[13:27:12] XBOST (ed244ead-df9a-464f-a48f-28478c7d8db3): каких
[13:27:51] XBOST (ed244ead-df9a-464f-a48f-28478c7d8db3): лан,похуй не успели
[13:28:13] XBOST (ed244ead-df9a-464f-a48f-28478c7d8db3): че не хватает то
[13:28:19] LaNipge (347d9fd5-d990-49a9-9903-2d39a3b73974): кристалов из ае
[13:28:31] Stxywxthme (6ce0cde9-8c92-4c66-96ad-6bffb9dfc01b): имба
[13:28:33] XBOST (ed244ead-df9a-464f-a48f-28478c7d8db3): а они нахуя
[13:28:46] LaNipge (347d9fd5-d990-49a9-9903-2d39a3b73974): для автокрафтов
[13:28:59] XBOST (ed244ead-df9a-464f-a48f-28478c7d8db3): та не обязательно было в автокрафт добавлять
[13:29:07] LaNipge (347d9fd5-d990-49a9-9903-2d39a3b73974): я руками делал
[13:29:10] Stxywxthme (6ce0cde9-8c92-4c66-96ad-6bffb9dfc01b): выпало 2 посоха
[13:29:17] LaNipge (347d9fd5-d990-49a9-9903-2d39a3b73974): а че дам 2 минуты
[13:29:21] LaNipge (347d9fd5-d990-49a9-9903-2d39a3b73974): че я сделаю
[13:29:27] XBOST (ed244ead-df9a-464f-a48f-28478c7d8db3): та пох уже
[13:32:03] LaNipge (347d9fd5-d990-49a9-9903-2d39a3b73974): ну типо
[13:43:09] XBOST (ed244ead-df9a-464f-a48f-28478c7d8db3): стой
[13:44:03] XBOST (ed244ead-df9a-464f-a48f-28478c7d8db3): слышишь
[13:44:06] LaNipge (347d9fd5-d990-49a9-9903-2d39a3b73974): xt
[13:45:56] XBOST (ed244ead-df9a-464f-a48f-28478c7d8db3): Строителей 12 в 6 часов
[13:45:58] XBOST (ed244ead-df9a-464f-a48f-28478c7d8db3): понял
[13:46:06] LaNipge (347d9fd5-d990-49a9-9903-2d39a3b73974): ебать
[13:46:23] XBOST (ed244ead-df9a-464f-a48f-28478c7d8db3): че
[13:46:42] LaNipge (347d9fd5-d990-49a9-9903-2d39a3b73974): туда еще доехать как то надо
[13:47:03] XBOST (ed244ead-df9a-464f-a48f-28478c7d8db3): ахуеть вот это проблема конечно
[13:47:14] XBOST (ed244ead-df9a-464f-a48f-28478c7d8db3): тебе 21 год
[13:47:18] XBOST (ed244ead-df9a-464f-a48f-28478c7d8db3): не маленький
[13:47:32] LaNipge (347d9fd5-d990-49a9-9903-2d39a3b73974): там же вроде ваня живет да?
[13:47:34] XBOST (ed244ead-df9a-464f-a48f-28478c7d8db3): да
[13:48:04] LaNipge (347d9fd5-d990-49a9-9903-2d39a3b73974): а ты на такси поедешь? мож меня захватишь?
[13:48:22] XBOST (ed244ead-df9a-464f-a48f-28478c7d8db3): нам не по пути помоему
[13:48:45] LaNipge (347d9fd5-d990-49a9-9903-2d39a3b73974): че не по пути то
[13:56:54] XBOST (ed244ead-df9a-464f-a48f-28478c7d8db3): hz
[13:58:38] XBOST (ed244ead-df9a-464f-a48f-28478c7d8db3): чел именно пошел прихорашиватся
[14:04:24] LaNipge (347d9fd5-d990-49a9-9903-2d39a3b73974): ну да и че
[15:03:50] Stxywxthme (6ce0cde9-8c92-4c66-96ad-6bffb9dfc01b): ухххх
[15:04:59] XBOST (ed244ead-df9a-464f-a48f-28478c7d8db3): ты там ачивки фармишь чтоли?)
[15:05:04] Stxywxthme (6ce0cde9-8c92-4c66-96ad-6bffb9dfc01b): нет
[15:05:12] Stxywxthme (6ce0cde9-8c92-4c66-96ad-6bffb9dfc01b): просто убил гайю 3 уровня
[18:17:54] Apt_bolka (99791d25-cc6a-40d5-9fab-db8d91e26277): я тут
[18:18:06] Apt_bolka (99791d25-cc6a-40d5-9fab-db8d91e26277): ес чо сдесь панелька
[18:18:29] Stxywxthme (6ce0cde9-8c92-4c66-96ad-6bffb9dfc01b): хммм
[18:21:07] Apt_bolka (99791d25-cc6a-40d5-9fab-db8d91e26277): вот чем сейчас заниматся такой интресный вопрос
[18:21:12] Apt_bolka (99791d25-cc6a-40d5-9fab-db8d91e26277): раз хаос у нас много
[18:21:19] Apt_bolka (99791d25-cc6a-40d5-9fab-db8d91e26277): каталисты делать)
[18:24:48] Apt_bolka (99791d25-cc6a-40d5-9fab-db8d91e26277): щяс кодирую Все нужны авто крафты в версте 9x9
[18:24:57] Stxywxthme (6ce0cde9-8c92-4c66-96ad-6bffb9dfc01b): ок
[18:25:17] Stxywxthme (6ce0cde9-8c92-4c66-96ad-6bffb9dfc01b): а
[18:25:23] Stxywxthme (6ce0cde9-8c92-4c66-96ad-6bffb9dfc01b): панель генерит фе
[18:26:14] Stxywxthme (6ce0cde9-8c92-4c66-96ad-6bffb9dfc01b): с макс улучшением генерит 8 лямов ef
[18:26:38] Stxywxthme (6ce0cde9-8c92-4c66-96ad-6bffb9dfc01b): а панель небесного терна 10
[18:28:23] Stxywxthme (6ce0cde9-8c92-4c66-96ad-6bffb9dfc01b): максимум питать базу
[18:31:28] Apt_bolka (99791d25-cc6a-40d5-9fab-db8d91e26277): такс
[18:31:40] Apt_bolka (99791d25-cc6a-40d5-9fab-db8d91e26277): вот самое интересное как авто крафтить сингулярки?
[18:31:50] Stxywxthme (6ce0cde9-8c92-4c66-96ad-6bffb9dfc01b): изи
[18:34:33] Apt_bolka (99791d25-cc6a-40d5-9fab-db8d91e26277): надо тогда помненогому авто крафтить все сингулярности
[18:34:43] Stxywxthme (6ce0cde9-8c92-4c66-96ad-6bffb9dfc01b): ага
[18:38:01] Apt_bolka (99791d25-cc6a-40d5-9fab-db8d91e26277): вот
[18:46:12] Stxywxthme (6ce0cde9-8c92-4c66-96ad-6bffb9dfc01b): ммм
[18:46:19] Apt_bolka (99791d25-cc6a-40d5-9fab-db8d91e26277): мммм
[18:46:23] Apt_bolka (99791d25-cc6a-40d5-9fab-db8d91e26277): оно пиздет
[18:46:33] Apt_bolka (99791d25-cc6a-40d5-9fab-db8d91e26277): надо сундуки
[18:46:36] Apt_bolka (99791d25-cc6a-40d5-9fab-db8d91e26277): а потом трубы
[18:46:38] Stxywxthme (6ce0cde9-8c92-4c66-96ad-6bffb9dfc01b): тебе нужно?
[18:46:52] Apt_bolka (99791d25-cc6a-40d5-9fab-db8d91e26277): я хочу чтоб ресы в них производились
[18:46:55] Apt_bolka (99791d25-cc6a-40d5-9fab-db8d91e26277): и отправлялись в мэ
[18:47:06] Apt_bolka (99791d25-cc6a-40d5-9fab-db8d91e26277): ток надо сначало сундук
[18:47:12] Apt_bolka (99791d25-cc6a-40d5-9fab-db8d91e26277): потом труба
[18:47:15] Stxywxthme (6ce0cde9-8c92-4c66-96ad-6bffb9dfc01b): надо все это убрать
[18:47:17] Stxywxthme (6ce0cde9-8c92-4c66-96ad-6bffb9dfc01b): тогда
[18:49:36] Stxywxthme (6ce0cde9-8c92-4c66-96ad-6bffb9dfc01b): на
[18:50:02] Stxywxthme (6ce0cde9-8c92-4c66-96ad-6bffb9dfc01b): щелесная синга
[18:52:31] Apt_bolka (99791d25-cc6a-40d5-9fab-db8d91e26277): в буфер надо пихать по 1 слоту
[18:52:38] Apt_bolka (99791d25-cc6a-40d5-9fab-db8d91e26277): потому что Он видет 1 слот для дюпа
[18:52:55] Stxywxthme (6ce0cde9-8c92-4c66-96ad-6bffb9dfc01b): надо сделать творческую ячейку
[18:53:33] Apt_bolka (99791d25-cc6a-40d5-9fab-db8d91e26277): это да
[18:54:07] Stxywxthme (6ce0cde9-8c92-4c66-96ad-6bffb9dfc01b): хммм
[18:54:09] Stxywxthme (6ce0cde9-8c92-4c66-96ad-6bffb9dfc01b): а если
[18:54:25] Stxywxthme (6ce0cde9-8c92-4c66-96ad-6bffb9dfc01b): чекай кейсы
[18:54:46] Apt_bolka (99791d25-cc6a-40d5-9fab-db8d91e26277): какик
[18:55:08] Apt_bolka (99791d25-cc6a-40d5-9fab-db8d91e26277): ЕБА
[18:55:20] Apt_bolka (99791d25-cc6a-40d5-9fab-db8d91e26277): чек
[18:55:58] Apt_bolka (99791d25-cc6a-40d5-9fab-db8d91e26277): мы щяс сборку пройдём
[18:56:10] Stxywxthme (6ce0cde9-8c92-4c66-96ad-6bffb9dfc01b): смотри
[18:56:21] [CAPS] Apt_bolka (99791d25-cc6a-40d5-9fab-db8d91e26277): пхпхпх
[18:56:24] Apt_bolka (99791d25-cc6a-40d5-9fab-db8d91e26277): пхаххаха
[18:56:26] Apt_bolka (99791d25-cc6a-40d5-9fab-db8d91e26277): ебать
[18:57:49] [CAPS] Apt_bolka (99791d25-cc6a-40d5-9fab-db8d91e26277): хпхпхп
[18:58:03] Apt_bolka (99791d25-cc6a-40d5-9fab-db8d91e26277): Слиток бесконечности
[18:58:43] Apt_bolka (99791d25-cc6a-40d5-9fab-db8d91e26277): Чтоб сделать беск броню надо Броня хаоса(
[18:58:52] Apt_bolka (99791d25-cc6a-40d5-9fab-db8d91e26277): она крафтится бл очень сложно и невозможно
[18:59:22] Apt_bolka (99791d25-cc6a-40d5-9fab-db8d91e26277): надо релик как то получить кейс
[19:02:14] Apt_bolka (99791d25-cc6a-40d5-9fab-db8d91e26277): пхпхпхп
[19:02:20] Apt_bolka (99791d25-cc6a-40d5-9fab-db8d91e26277): чисто богатые
[19:02:38] Apt_bolka (99791d25-cc6a-40d5-9fab-db8d91e26277): Аптечка офигеет
[19:02:49] Stxywxthme (6ce0cde9-8c92-4c66-96ad-6bffb9dfc01b): аптечка забанит
[19:03:04] Apt_bolka (99791d25-cc6a-40d5-9fab-db8d91e26277): ну мы обьясним он разбанет)
[19:03:11] Stxywxthme (6ce0cde9-8c92-4c66-96ad-6bffb9dfc01b): даже хз
[19:03:19] Apt_bolka (99791d25-cc6a-40d5-9fab-db8d91e26277): д и он забанет когда мы уже сборку пройдёт)
[19:03:48] Apt_bolka (99791d25-cc6a-40d5-9fab-db8d91e26277): пхпхпх
[19:04:00] Apt_bolka (99791d25-cc6a-40d5-9fab-db8d91e26277): одни мистики
[19:04:03] Apt_bolka (99791d25-cc6a-40d5-9fab-db8d91e26277): как получить релик
[19:04:20] Apt_bolka (99791d25-cc6a-40d5-9fab-db8d91e26277): по 25к пластин
[19:04:22] Stxywxthme (6ce0cde9-8c92-4c66-96ad-6bffb9dfc01b): 69к пробуд броков
[19:05:20] Apt_bolka (99791d25-cc6a-40d5-9fab-db8d91e26277): ну давай блоки сдавать)
[19:06:05] Apt_bolka (99791d25-cc6a-40d5-9fab-db8d91e26277): ммм
[19:06:09] Apt_bolka (99791d25-cc6a-40d5-9fab-db8d91e26277): баг с квсетом
[19:06:12] Apt_bolka (99791d25-cc6a-40d5-9fab-db8d91e26277): там нельзя сдать
[19:06:20] Apt_bolka (99791d25-cc6a-40d5-9fab-db8d91e26277): ааа
[19:06:29] Apt_bolka (99791d25-cc6a-40d5-9fab-db8d91e26277): поставь тогда мэ интерфейс к сундуку
[19:14:39] Apt_bolka (99791d25-cc6a-40d5-9fab-db8d91e26277): интересно куда идти после нев давна
[19:14:44] Stxywxthme (6ce0cde9-8c92-4c66-96ad-6bffb9dfc01b): хз
[19:14:53] Apt_bolka (99791d25-cc6a-40d5-9fab-db8d91e26277): ну я наверн на Фтб скайсес
[19:15:03] Apt_bolka (99791d25-cc6a-40d5-9fab-db8d91e26277): я там немного развился
[19:15:09] Apt_bolka (99791d25-cc6a-40d5-9fab-db8d91e26277): и забыл наненадолго
[19:15:21] Apt_bolka (99791d25-cc6a-40d5-9fab-db8d91e26277): если хочеш можеш заходить потом со мной)
[19:19:34] Stxywxthme (6ce0cde9-8c92-4c66-96ad-6bffb9dfc01b): хммм
[19:19:39] Stxywxthme (6ce0cde9-8c92-4c66-96ad-6bffb9dfc01b): аркановая мощь
[19:19:48] Apt_bolka (99791d25-cc6a-40d5-9fab-db8d91e26277): пхпхп
[19:22:21] Stxywxthme (6ce0cde9-8c92-4c66-96ad-6bffb9dfc01b): ну хз
[19:22:29] Stxywxthme (6ce0cde9-8c92-4c66-96ad-6bffb9dfc01b): никак не получить
[19:27:11] Apt_bolka (99791d25-cc6a-40d5-9fab-db8d91e26277): Бл смотрю крафт хаос вещей реально бред с тойже эсенцией
[19:27:25] Apt_bolka (99791d25-cc6a-40d5-9fab-db8d91e26277): Ночь чтоб получить надо либо соединять либо не как
[19:27:45] Apt_bolka (99791d25-cc6a-40d5-9fab-db8d91e26277): а соеденять это очень долго и 10к Этой штуки хранять в банках ну бред
[19:28:56] Stxywxthme (6ce0cde9-8c92-4c66-96ad-6bffb9dfc01b): ой
[19:30:31] Stxywxthme (6ce0cde9-8c92-4c66-96ad-6bffb9dfc01b): ладно
[19:30:46] Stxywxthme (6ce0cde9-8c92-4c66-96ad-6bffb9dfc01b): а что если я возьму тв ячейку из гм
[19:31:04] Apt_bolka (99791d25-cc6a-40d5-9fab-db8d91e26277): если ты про ту которая Дюпает то хз
[19:31:43] Stxywxthme (6ce0cde9-8c92-4c66-96ad-6bffb9dfc01b): я могу всем включить гм1
