[13:02:03] SpunkY (76aedc73-2b6e-4e3e-a0ff-4bd75a31ea75): імба да
[13:02:14] IZI (600493b8-728e-473b-b0c0-c1d82609a7a4): хз не провіряв
[13:03:32] SpunkY (76aedc73-2b6e-4e3e-a0ff-4bd75a31ea75): оце там швидкість
[13:03:36] SpunkY (76aedc73-2b6e-4e3e-a0ff-4bd75a31ea75): дробить шо ти шо
[13:03:44] SpunkY (76aedc73-2b6e-4e3e-a0ff-4bd75a31ea75): а не думав
[13:03:47] SpunkY (76aedc73-2b6e-4e3e-a0ff-4bd75a31ea75): оцім
[13:03:51] SpunkY (76aedc73-2b6e-4e3e-a0ff-4bd75a31ea75): руду
[13:04:08] IZI (600493b8-728e-473b-b0c0-c1d82609a7a4): кварцову
[13:04:13] SpunkY (76aedc73-2b6e-4e3e-a0ff-4bd75a31ea75): ну да
[13:04:36] IZI (600493b8-728e-473b-b0c0-c1d82609a7a4): хз як користуваться
[13:04:38] IZI (600493b8-728e-473b-b0c0-c1d82609a7a4): той штуко
[13:05:09] IZI (600493b8-728e-473b-b0c0-c1d82609a7a4): та і руди кварцової походу немає
[13:05:27] SpunkY (76aedc73-2b6e-4e3e-a0ff-4bd75a31ea75): го іхор крафтить
[13:05:57] SpunkY (76aedc73-2b6e-4e3e-a0ff-4bd75a31ea75): там шото ізі крафт
[13:06:01] SpunkY (76aedc73-2b6e-4e3e-a0ff-4bd75a31ea75): його наче не поміняли
[13:06:20] SpunkY (76aedc73-2b6e-4e3e-a0ff-4bd75a31ea75): го
[13:06:22] SpunkY (76aedc73-2b6e-4e3e-a0ff-4bd75a31ea75): чі чо
[13:06:32] SpunkY (76aedc73-2b6e-4e3e-a0ff-4bd75a31ea75): оооо
[13:06:36] SpunkY (76aedc73-2b6e-4e3e-a0ff-4bd75a31ea75): зроби мені фіготу оту
[13:06:39] IZI (600493b8-728e-473b-b0c0-c1d82609a7a4): яку
[13:06:40] SpunkY (76aedc73-2b6e-4e3e-a0ff-4bd75a31ea75): шоб мобів забирать
[13:06:48] SpunkY (76aedc73-2b6e-4e3e-a0ff-4bd75a31ea75): я щяс піду житєлів ловить
[13:07:14] SpunkY (76aedc73-2b6e-4e3e-a0ff-4bd75a31ea75): нє реально
[13:07:19] SpunkY (76aedc73-2b6e-4e3e-a0ff-4bd75a31ea75): шото вони таум не трогали
[13:07:33] SpunkY (76aedc73-2b6e-4e3e-a0ff-4bd75a31ea75): прям вобщє
[13:08:57] SpunkY (76aedc73-2b6e-4e3e-a0ff-4bd75a31ea75): го
[13:09:02] SpunkY (76aedc73-2b6e-4e3e-a0ff-4bd75a31ea75): іхор робить
[13:09:25] SpunkY (76aedc73-2b6e-4e3e-a0ff-4bd75a31ea75): ти знаєш чим лучше вибивать кристали з таума?
[13:09:37] IZI (600493b8-728e-473b-b0c0-c1d82609a7a4): вообще хз даже де брать
[13:09:42] IZI (600493b8-728e-473b-b0c0-c1d82609a7a4): а ті шо в шахті
[13:09:43] IZI (600493b8-728e-473b-b0c0-c1d82609a7a4): ну
[13:09:44] SpunkY (76aedc73-2b6e-4e3e-a0ff-4bd75a31ea75): думаю як в 1 7 10
[13:09:46] SpunkY (76aedc73-2b6e-4e3e-a0ff-4bd75a31ea75): нє
[13:09:47] SpunkY (76aedc73-2b6e-4e3e-a0ff-4bd75a31ea75): оті
[13:09:49] IZI (600493b8-728e-473b-b0c0-c1d82609a7a4): аа
[13:09:50] IZI (600493b8-728e-473b-b0c0-c1d82609a7a4): хз
[13:09:51] SpunkY (76aedc73-2b6e-4e3e-a0ff-4bd75a31ea75): шо із зомборгів
[13:10:28] SpunkY (76aedc73-2b6e-4e3e-a0ff-4bd75a31ea75): ну тіпа
[13:10:30] SpunkY (76aedc73-2b6e-4e3e-a0ff-4bd75a31ea75): глянь сам
[13:10:31] SpunkY (76aedc73-2b6e-4e3e-a0ff-4bd75a31ea75): крафт
[13:10:45] SpunkY (76aedc73-2b6e-4e3e-a0ff-4bd75a31ea75): robes of the
[13:10:52] SpunkY (76aedc73-2b6e-4e3e-a0ff-4bd75a31ea75): robes of the
[13:10:58] SpunkY (76aedc73-2b6e-4e3e-a0ff-4bd75a31ea75): шось там
[13:11:00] SpunkY (76aedc73-2b6e-4e3e-a0ff-4bd75a31ea75): там ізі крафт
[13:11:32] SpunkY (76aedc73-2b6e-4e3e-a0ff-4bd75a31ea75): я щяс піду алтарь улучшать
[13:11:35] SpunkY (76aedc73-2b6e-4e3e-a0ff-4bd75a31ea75): стоп
[13:11:42] SpunkY (76aedc73-2b6e-4e3e-a0ff-4bd75a31ea75): тут по ідєї чарка має бути ото та
[13:11:45] SpunkY (76aedc73-2b6e-4e3e-a0ff-4bd75a31ea75): із тауміка
[13:12:37] SpunkY (76aedc73-2b6e-4e3e-a0ff-4bd75a31ea75): еа
[13:12:39] SpunkY (76aedc73-2b6e-4e3e-a0ff-4bd75a31ea75): урод
[13:12:46] SpunkY (76aedc73-2b6e-4e3e-a0ff-4bd75a31ea75): го я осмат скрафчю
[13:12:50] IZI (600493b8-728e-473b-b0c0-c1d82609a7a4): go
[13:12:58] IZI (600493b8-728e-473b-b0c0-c1d82609a7a4): а як працювать буде
[13:12:59] IZI (600493b8-728e-473b-b0c0-c1d82609a7a4): на чомум
[13:13:07] SpunkY (76aedc73-2b6e-4e3e-a0ff-4bd75a31ea75): там уже якась структура для нього треба
[13:13:31] SpunkY (76aedc73-2b6e-4e3e-a0ff-4bd75a31ea75): мб на есенціях отих
[13:14:07] SpunkY (76aedc73-2b6e-4e3e-a0ff-4bd75a31ea75): піду гуглить як топ матрицю зробить
[13:17:42] SpunkY (76aedc73-2b6e-4e3e-a0ff-4bd75a31ea75): ти вкрав 2 жира
[13:17:55] SpunkY (76aedc73-2b6e-4e3e-a0ff-4bd75a31ea75): ще раз побачу таке
[13:18:00] SpunkY (76aedc73-2b6e-4e3e-a0ff-4bd75a31ea75): я тобі руки одрубаю
[13:19:44] SpunkY (76aedc73-2b6e-4e3e-a0ff-4bd75a31ea75): авзхвзахвзахвзхав
[13:19:48] SpunkY (76aedc73-2b6e-4e3e-a0ff-4bd75a31ea75): ніфіга бахнуло
[13:19:54] SpunkY (76aedc73-2b6e-4e3e-a0ff-4bd75a31ea75): я случайно скрафтив шось
[13:20:00] SpunkY (76aedc73-2b6e-4e3e-a0ff-4bd75a31ea75): і рішив жахнуть тебе
[13:55:01] SpunkY (76aedc73-2b6e-4e3e-a0ff-4bd75a31ea75): дай меч
[14:03:37] SpunkY (76aedc73-2b6e-4e3e-a0ff-4bd75a31ea75): як я задовбався
[14:03:44] IZI (600493b8-728e-473b-b0c0-c1d82609a7a4): a
[14:03:56] SpunkY (76aedc73-2b6e-4e3e-a0ff-4bd75a31ea75): та свічкі треба
[14:45:58] SpunkY (76aedc73-2b6e-4e3e-a0ff-4bd75a31ea75): я хз які тут забудови проісходять
[14:59:05] _reflexed (a4982e19-bdcc-40a7-a685-78ee1c50ad23): Дарова
[14:59:22] SpunkY (76aedc73-2b6e-4e3e-a0ff-4bd75a31ea75): hi
[15:00:13] SpunkY (76aedc73-2b6e-4e3e-a0ff-4bd75a31ea75): го покажу прикол
[15:00:22] IZI (600493b8-728e-473b-b0c0-c1d82609a7a4): go
[15:01:01] IZI (600493b8-728e-473b-b0c0-c1d82609a7a4): спаунери ще якщо що переносить можна, то може сюда більше впихнемо
[15:02:08] SpunkY (76aedc73-2b6e-4e3e-a0ff-4bd75a31ea75): якшо тобі цікаво
[15:02:14] SpunkY (76aedc73-2b6e-4e3e-a0ff-4bd75a31ea75): я задовбався зомбі бить
[15:02:18] SpunkY (76aedc73-2b6e-4e3e-a0ff-4bd75a31ea75): бо треба плоть
[15:02:22] SpunkY (76aedc73-2b6e-4e3e-a0ff-4bd75a31ea75): і я рішив зробить фармілку
[15:23:10] SpunkY (76aedc73-2b6e-4e3e-a0ff-4bd75a31ea75): у нас майже ідеальна матриця
[15:23:20] SpunkY (76aedc73-2b6e-4e3e-a0ff-4bd75a31ea75): ну як
[15:23:21] SpunkY (76aedc73-2b6e-4e3e-a0ff-4bd75a31ea75): буде
[15:23:47] SpunkY (76aedc73-2b6e-4e3e-a0ff-4bd75a31ea75): скоро
[15:23:49] SpunkY (76aedc73-2b6e-4e3e-a0ff-4bd75a31ea75): по ідєї
[15:25:52] SpunkY (76aedc73-2b6e-4e3e-a0ff-4bd75a31ea75): ну мб будем з вещями з таума бігать
[15:25:57] SpunkY (76aedc73-2b6e-4e3e-a0ff-4bd75a31ea75): або оці з ендер іо
[15:26:10] SpunkY (76aedc73-2b6e-4e3e-a0ff-4bd75a31ea75): бо майже все ламається
[15:26:13] IZI (600493b8-728e-473b-b0c0-c1d82609a7a4): ну мечі ендер іо імба наче
[15:26:19] IZI (600493b8-728e-473b-b0c0-c1d82609a7a4): броня хз
[15:26:30] SpunkY (76aedc73-2b6e-4e3e-a0ff-4bd75a31ea75): ну ботінкі скорохода оті думаю можна скрафтить
[15:26:38] SpunkY (76aedc73-2b6e-4e3e-a0ff-4bd75a31ea75): і на осматі зачарить
[15:28:37] IZI (600493b8-728e-473b-b0c0-c1d82609a7a4): я через 30 хв надовго отойду
[15:28:40] SpunkY (76aedc73-2b6e-4e3e-a0ff-4bd75a31ea75): ок
[15:28:47] SpunkY (76aedc73-2b6e-4e3e-a0ff-4bd75a31ea75): а чо
[15:28:55] IZI (600493b8-728e-473b-b0c0-c1d82609a7a4): челу роботи робить
[15:29:05] SpunkY (76aedc73-2b6e-4e3e-a0ff-4bd75a31ea75): норм
[15:29:37] SpunkY (76aedc73-2b6e-4e3e-a0ff-4bd75a31ea75): норм
[18:04:40] IZI (600493b8-728e-473b-b0c0-c1d82609a7a4): ай для чого
[18:04:45] SpunkY (76aedc73-2b6e-4e3e-a0ff-4bd75a31ea75): ти хотів мені закінуть смерть?
[18:04:51] IZI (600493b8-728e-473b-b0c0-c1d82609a7a4): нє
[18:04:53] SpunkY (76aedc73-2b6e-4e3e-a0ff-4bd75a31ea75): а
[18:04:59] SpunkY (76aedc73-2b6e-4e3e-a0ff-4bd75a31ea75): мені показалось шо в руках ота фігня
[18:05:12] IZI (600493b8-728e-473b-b0c0-c1d82609a7a4): якби в руках була та фігня я б сам здох
[18:05:21] IZI (600493b8-728e-473b-b0c0-c1d82609a7a4): тоді я зміг закинуть бо воно в рюкзаку було
[18:05:31] IZI (600493b8-728e-473b-b0c0-c1d82609a7a4): і я з рюкзака q нажав
[18:05:43] IZI (600493b8-728e-473b-b0c0-c1d82609a7a4): я даже не памятаю що то було, но то гг
[18:05:47] IZI (600493b8-728e-473b-b0c0-c1d82609a7a4): копаю копаю шахту
[18:05:53] IZI (600493b8-728e-473b-b0c0-c1d82609a7a4): якусь руду викопую
[18:05:54] IZI (600493b8-728e-473b-b0c0-c1d82609a7a4): бам
[18:05:58] IZI (600493b8-728e-473b-b0c0-c1d82609a7a4): відпочиваю
[18:06:34] IZI (600493b8-728e-473b-b0c0-c1d82609a7a4): а йомайо думаю що так больно
[18:06:39] IZI (600493b8-728e-473b-b0c0-c1d82609a7a4): думав може меч якийсь крутий
[18:06:45] IZI (600493b8-728e-473b-b0c0-c1d82609a7a4): а броня то всьо гг
[18:06:52] SpunkY (76aedc73-2b6e-4e3e-a0ff-4bd75a31ea75): а я думав то ти зняв
[18:07:11] SpunkY (76aedc73-2b6e-4e3e-a0ff-4bd75a31ea75): у мене бос вчора був
[18:07:15] SpunkY (76aedc73-2b6e-4e3e-a0ff-4bd75a31ea75): я йому половину хп хбив
[18:07:17] SpunkY (76aedc73-2b6e-4e3e-a0ff-4bd75a31ea75): він такій
[18:07:20] [CAPS] SpunkY (76aedc73-2b6e-4e3e-a0ff-4bd75a31ea75): аурарівауахіауа
[18:07:26] SpunkY (76aedc73-2b6e-4e3e-a0ff-4bd75a31ea75): здирає одежу з себе
[18:07:31] SpunkY (76aedc73-2b6e-4e3e-a0ff-4bd75a31ea75): меч викідаєі
[18:07:35] SpunkY (76aedc73-2b6e-4e3e-a0ff-4bd75a31ea75): і тупо наче реслінг
[18:07:38] SpunkY (76aedc73-2b6e-4e3e-a0ff-4bd75a31ea75): мене підкідає
[18:07:39] SpunkY (76aedc73-2b6e-4e3e-a0ff-4bd75a31ea75): баааа
[18:07:42] SpunkY (76aedc73-2b6e-4e3e-a0ff-4bd75a31ea75): я здох
[18:07:47] IZI (600493b8-728e-473b-b0c0-c1d82609a7a4): я подумав що в майнкрафті
[18:07:47] SpunkY (76aedc73-2b6e-4e3e-a0ff-4bd75a31ea75): отако тікі
[18:10:01] SpunkY (76aedc73-2b6e-4e3e-a0ff-4bd75a31ea75): а як ото фігня називалась
[18:10:03] SpunkY (76aedc73-2b6e-4e3e-a0ff-4bd75a31ea75): наче топор такій
[18:10:09] IZI (600493b8-728e-473b-b0c0-c1d82609a7a4): потока?
[18:10:10] SpunkY (76aedc73-2b6e-4e3e-a0ff-4bd75a31ea75): шо кристали з таума випадали з більшим шансом
[18:10:11] SpunkY (76aedc73-2b6e-4e3e-a0ff-4bd75a31ea75): нє
[18:10:17] SpunkY (76aedc73-2b6e-4e3e-a0ff-4bd75a31ea75): із таумік тінкера
[18:10:26] IZI (600493b8-728e-473b-b0c0-c1d82609a7a4): хм
[18:10:30] SpunkY (76aedc73-2b6e-4e3e-a0ff-4bd75a31ea75): хочу іхор
[18:10:32] IZI (600493b8-728e-473b-b0c0-c1d82609a7a4): думаю про що ти но вообще хз
[18:10:40] IZI (600493b8-728e-473b-b0c0-c1d82609a7a4): аа кристали Ада Енда
[18:10:44] SpunkY (76aedc73-2b6e-4e3e-a0ff-4bd75a31ea75): да
[18:10:50] SpunkY (76aedc73-2b6e-4e3e-a0ff-4bd75a31ea75): була фігня наче шо вибиває лучше
[18:10:51] SpunkY (76aedc73-2b6e-4e3e-a0ff-4bd75a31ea75): чі нє?
[18:10:59] IZI (600493b8-728e-473b-b0c0-c1d82609a7a4): хз, не знаю таке
[18:11:23] IZI (600493b8-728e-473b-b0c0-c1d82609a7a4): знаю тількии був топор з Форбіден Магік що черепа наче вибивав з шансом великим
[18:11:28] SpunkY (76aedc73-2b6e-4e3e-a0ff-4bd75a31ea75): а
[18:11:31] IZI (600493b8-728e-473b-b0c0-c1d82609a7a4): Тож хз як називається
[18:11:33] SpunkY (76aedc73-2b6e-4e3e-a0ff-4bd75a31ea75): знач то я з ним перепутав
[18:11:34] IZI (600493b8-728e-473b-b0c0-c1d82609a7a4): червоний такий
[18:12:03] SpunkY (76aedc73-2b6e-4e3e-a0ff-4bd75a31ea75): от шо нам треба
[18:12:09] IZI (600493b8-728e-473b-b0c0-c1d82609a7a4): но даже якби він то був, то воно ж на черепа. Нє, наче просто треба свинозомбі в аду і ендерменів в енді убивать
[18:12:15] SpunkY (76aedc73-2b6e-4e3e-a0ff-4bd75a31ea75): можу скрафтить оту кірку де 3 режима
[18:12:19] IZI (600493b8-728e-473b-b0c0-c1d82609a7a4): конкретно в тих світах
[18:12:21] SpunkY (76aedc73-2b6e-4e3e-a0ff-4bd75a31ea75): зелена така
[18:12:37] SpunkY (76aedc73-2b6e-4e3e-a0ff-4bd75a31ea75): а нафіга
[18:12:55] IZI (600493b8-728e-473b-b0c0-c1d82609a7a4): тож хз про яку ти кірку де 3 режима
[18:13:06] SpunkY (76aedc73-2b6e-4e3e-a0ff-4bd75a31ea75): Chemelic
[18:13:09] IZI (600493b8-728e-473b-b0c0-c1d82609a7a4): aa
[18:13:11] SpunkY (76aedc73-2b6e-4e3e-a0ff-4bd75a31ea75): chamelic
[18:13:11] IZI (600493b8-728e-473b-b0c0-c1d82609a7a4): вона угу
[18:13:22] IZI (600493b8-728e-473b-b0c0-c1d82609a7a4): назва мода просто змінилась
[18:13:28] IZI (600493b8-728e-473b-b0c0-c1d82609a7a4): оце Thaumisc
[18:13:33] IZI (600493b8-728e-473b-b0c0-c1d82609a7a4): це і був Форбіден магік
[18:14:15] IZI (600493b8-728e-473b-b0c0-c1d82609a7a4): а хотя і пробуждьонний іхор тут цей мод добавляє, а не таумік тінкерер
[18:14:16] IZI (600493b8-728e-473b-b0c0-c1d82609a7a4): ладно
[18:14:18] IZI (600493b8-728e-473b-b0c0-c1d82609a7a4): пофіг
[18:14:29] SpunkY (76aedc73-2b6e-4e3e-a0ff-4bd75a31ea75): ну треба меча якогось
[18:14:35] SpunkY (76aedc73-2b6e-4e3e-a0ff-4bd75a31ea75): і піти вибивать фігню для іхора
[18:15:09] IZI (600493b8-728e-473b-b0c0-c1d82609a7a4): ну там наче любий меч піде
[18:15:19] SpunkY (76aedc73-2b6e-4e3e-a0ff-4bd75a31ea75): воно то да
[18:15:20] IZI (600493b8-728e-473b-b0c0-c1d82609a7a4): не памятаю тільки чи добича на ці кристали працює
[18:15:21] IZI (600493b8-728e-473b-b0c0-c1d82609a7a4): наче да
[18:15:29] SpunkY (76aedc73-2b6e-4e3e-a0ff-4bd75a31ea75): але любий це важко
[18:15:34] SpunkY (76aedc73-2b6e-4e3e-a0ff-4bd75a31ea75): бо більшість на 1 удар
[18:15:43] SpunkY (76aedc73-2b6e-4e3e-a0ff-4bd75a31ea75): ладно зрблю осмат чі шо
[18:15:45] IZI (600493b8-728e-473b-b0c0-c1d82609a7a4): ну
[18:15:48] IZI (600493b8-728e-473b-b0c0-c1d82609a7a4): меч края
[18:15:50] IZI (600493b8-728e-473b-b0c0-c1d82609a7a4): у мене
[18:16:16] SpunkY (76aedc73-2b6e-4e3e-a0ff-4bd75a31ea75): роби шось
[18:16:17] IZI (600493b8-728e-473b-b0c0-c1d82609a7a4): або з тінкер констракта зробить, обфігачить його лазурітом
[18:16:19] SpunkY (76aedc73-2b6e-4e3e-a0ff-4bd75a31ea75): я осмат жахну
[18:16:21] IZI (600493b8-728e-473b-b0c0-c1d82609a7a4): так я роблю
[18:16:26] IZI (600493b8-728e-473b-b0c0-c1d82609a7a4): жду просто
[18:16:32] IZI (600493b8-728e-473b-b0c0-c1d82609a7a4): поки доплавить
[18:21:44] SpunkY (76aedc73-2b6e-4e3e-a0ff-4bd75a31ea75): зроби латунь мені
[18:23:54] SpunkY (76aedc73-2b6e-4e3e-a0ff-4bd75a31ea75): зроби латунь мені
[18:23:59] IZI (600493b8-728e-473b-b0c0-c1d82609a7a4): robly
[18:25:10] IZI (600493b8-728e-473b-b0c0-c1d82609a7a4): це що панель
[18:25:15] IZI (600493b8-728e-473b-b0c0-c1d82609a7a4): о імба
[18:25:47] SpunkY (76aedc73-2b6e-4e3e-a0ff-4bd75a31ea75): павєзло павєзло
[18:27:48] IZI (600493b8-728e-473b-b0c0-c1d82609a7a4): ну і брєд з цією латунню
[18:27:52] IZI (600493b8-728e-473b-b0c0-c1d82609a7a4): фіг зна короче
[18:27:56] SpunkY (76aedc73-2b6e-4e3e-a0ff-4bd75a31ea75): pjkjnj
[18:28:01] IZI (600493b8-728e-473b-b0c0-c1d82609a7a4): для неї треба була жидка алюміній
[18:28:05] IZI (600493b8-728e-473b-b0c0-c1d82609a7a4): з одного моду
[18:28:09] IZI (600493b8-728e-473b-b0c0-c1d82609a7a4): я розплавив руду
[18:28:16] IZI (600493b8-728e-473b-b0c0-c1d82609a7a4): вийшов албюміній з другого моду
[18:28:17] IZI (600493b8-728e-473b-b0c0-c1d82609a7a4): це гг
[18:28:23] IZI (600493b8-728e-473b-b0c0-c1d82609a7a4): сам чени
[18:28:25] IZI (600493b8-728e-473b-b0c0-c1d82609a7a4): в печці
[18:28:32] IZI (600493b8-728e-473b-b0c0-c1d82609a7a4): мєдь
[18:28:38] IZI (600493b8-728e-473b-b0c0-c1d82609a7a4): і алюмінія розплав
[18:28:41] IZI (600493b8-728e-473b-b0c0-c1d82609a7a4): не соєдіняються
[18:28:44] SpunkY (76aedc73-2b6e-4e3e-a0ff-4bd75a31ea75): так там цинк і мєдь нада
[18:29:07] SpunkY (76aedc73-2b6e-4e3e-a0ff-4bd75a31ea75): а де золото
[18:29:16] IZI (600493b8-728e-473b-b0c0-c1d82609a7a4): у мене 2 руди є
[18:29:27] IZI (600493b8-728e-473b-b0c0-c1d82609a7a4): а де цинк ти бачиш хз
[18:29:28] SpunkY (76aedc73-2b6e-4e3e-a0ff-4bd75a31ea75): дай
[18:29:31] IZI (600493b8-728e-473b-b0c0-c1d82609a7a4): може ми про разні латуні
[18:29:32] IZI (600493b8-728e-473b-b0c0-c1d82609a7a4): думаємо
[18:29:33] IZI (600493b8-728e-473b-b0c0-c1d82609a7a4): хз
[18:29:44] SpunkY (76aedc73-2b6e-4e3e-a0ff-4bd75a31ea75): я про алхімічну латунь
[18:29:56] IZI (600493b8-728e-473b-b0c0-c1d82609a7a4): а
[18:30:03] IZI (600493b8-728e-473b-b0c0-c1d82609a7a4): я просто алюмінєву латунь робив
[18:30:07] IZI (600493b8-728e-473b-b0c0-c1d82609a7a4): короче сам роби йди нафіг
[18:32:32] SpunkY (76aedc73-2b6e-4e3e-a0ff-4bd75a31ea75): йомайо
[18:32:36] SpunkY (76aedc73-2b6e-4e3e-a0ff-4bd75a31ea75): опять загубив ти
[18:35:12] SpunkY (76aedc73-2b6e-4e3e-a0ff-4bd75a31ea75): потвора
[18:35:15] SpunkY (76aedc73-2b6e-4e3e-a0ff-4bd75a31ea75): мені желізо треба
[18:35:30] SpunkY (76aedc73-2b6e-4e3e-a0ff-4bd75a31ea75): пластіни
[18:35:33] SpunkY (76aedc73-2b6e-4e3e-a0ff-4bd75a31ea75): елізн
[18:35:41] IZI (600493b8-728e-473b-b0c0-c1d82609a7a4): скільки
[18:35:51] SpunkY (76aedc73-2b6e-4e3e-a0ff-4bd75a31ea75): мінімум 2
[18:36:35] SpunkY (76aedc73-2b6e-4e3e-a0ff-4bd75a31ea75): скло
[18:36:36] SpunkY (76aedc73-2b6e-4e3e-a0ff-4bd75a31ea75): 1
[18:36:37] SpunkY (76aedc73-2b6e-4e3e-a0ff-4bd75a31ea75): дай
[18:39:09] SpunkY (76aedc73-2b6e-4e3e-a0ff-4bd75a31ea75): ти в шахту не хочеш?
[18:40:25] IZI (600493b8-728e-473b-b0c0-c1d82609a7a4): по чо
[18:40:31] SpunkY (76aedc73-2b6e-4e3e-a0ff-4bd75a31ea75): золота нема
[18:40:38] IZI (600493b8-728e-473b-b0c0-c1d82609a7a4): у мене 40
[18:40:41] SpunkY (76aedc73-2b6e-4e3e-a0ff-4bd75a31ea75): дай
[18:40:44] IZI (600493b8-728e-473b-b0c0-c1d82609a7a4): скільки
[18:40:46] SpunkY (76aedc73-2b6e-4e3e-a0ff-4bd75a31ea75): 20
[18:40:50] SpunkY (76aedc73-2b6e-4e3e-a0ff-4bd75a31ea75): а там побачим
[18:41:34] SpunkY (76aedc73-2b6e-4e3e-a0ff-4bd75a31ea75): потвора
[18:41:39] SpunkY (76aedc73-2b6e-4e3e-a0ff-4bd75a31ea75): ти шо всю латунь вилив
[18:42:03] IZI (600493b8-728e-473b-b0c0-c1d82609a7a4): ой
[18:42:03] IZI (600493b8-728e-473b-b0c0-c1d82609a7a4): ахахаах
[18:42:14] IZI (600493b8-728e-473b-b0c0-c1d82609a7a4): я думав переживеш
[19:06:12] IZI (600493b8-728e-473b-b0c0-c1d82609a7a4): блін
[19:06:20] IZI (600493b8-728e-473b-b0c0-c1d82609a7a4): пофіг
[19:09:13] IZI (600493b8-728e-473b-b0c0-c1d82609a7a4): щяс би факел поставить
[19:09:16] IZI (600493b8-728e-473b-b0c0-c1d82609a7a4): під блок
[19:09:37] SpunkY (76aedc73-2b6e-4e3e-a0ff-4bd75a31ea75): тп щя покажу прикол
[19:10:13] IZI (600493b8-728e-473b-b0c0-c1d82609a7a4): ладно
[19:10:18] IZI (600493b8-728e-473b-b0c0-c1d82609a7a4): я думав буде щось жоще
[19:10:27] SpunkY (76aedc73-2b6e-4e3e-a0ff-4bd75a31ea75): в планаху було шо ти не побачиш це і тепнешся з ртп
[19:10:34] IZI (600493b8-728e-473b-b0c0-c1d82609a7a4): ну ладно
[19:22:29] SpunkY (76aedc73-2b6e-4e3e-a0ff-4bd75a31ea75): аааа
[19:22:31] SpunkY (76aedc73-2b6e-4e3e-a0ff-4bd75a31ea75): потвори
[20:19:31] SpunkY (76aedc73-2b6e-4e3e-a0ff-4bd75a31ea75): йомайо
[20:19:32] SpunkY (76aedc73-2b6e-4e3e-a0ff-4bd75a31ea75): треба
[20:19:38] SpunkY (76aedc73-2b6e-4e3e-a0ff-4bd75a31ea75): наковальня із тьомной сталі
[21:01:04] SpunkY (76aedc73-2b6e-4e3e-a0ff-4bd75a31ea75): нада булижник
[21:01:20] SpunkY (76aedc73-2b6e-4e3e-a0ff-4bd75a31ea75): 3 раза зжатий
[21:01:27] SpunkY (76aedc73-2b6e-4e3e-a0ff-4bd75a31ea75): 1 штука
[21:01:31] SpunkY (76aedc73-2b6e-4e3e-a0ff-4bd75a31ea75): зроби
[21:01:57] IZI (600493b8-728e-473b-b0c0-c1d82609a7a4): німагу занйтятий короче
[21:02:08] SpunkY (76aedc73-2b6e-4e3e-a0ff-4bd75a31ea75): ну то дай
[21:02:10] SpunkY (76aedc73-2b6e-4e3e-a0ff-4bd75a31ea75): булижник
[21:02:13] IZI (600493b8-728e-473b-b0c0-c1d82609a7a4): в сундуку
[21:02:31] SpunkY (76aedc73-2b6e-4e3e-a0ff-4bd75a31ea75): а зжатий де
[21:31:52] SpunkY (76aedc73-2b6e-4e3e-a0ff-4bd75a31ea75): мало
[21:32:25] SpunkY (76aedc73-2b6e-4e3e-a0ff-4bd75a31ea75): кварц
[21:32:27] SpunkY (76aedc73-2b6e-4e3e-a0ff-4bd75a31ea75): нада
[21:35:18] IZI (600493b8-728e-473b-b0c0-c1d82609a7a4): не ламай броню
[21:35:24] SpunkY (76aedc73-2b6e-4e3e-a0ff-4bd75a31ea75): желіхо
[21:35:26] SpunkY (76aedc73-2b6e-4e3e-a0ff-4bd75a31ea75): є
[21:35:28] SpunkY (76aedc73-2b6e-4e3e-a0ff-4bd75a31ea75): чи нє
[21:35:30] SpunkY (76aedc73-2b6e-4e3e-a0ff-4bd75a31ea75): у тебе
[22:14:18] [CAPS] IZI (600493b8-728e-473b-b0c0-c1d82609a7a4): ууууууууууууууууууууууууууууууууууууу
[22:19:09] SpunkY (76aedc73-2b6e-4e3e-a0ff-4bd75a31ea75): квар
[22:19:10] SpunkY (76aedc73-2b6e-4e3e-a0ff-4bd75a31ea75): ц
[22:19:11] SpunkY (76aedc73-2b6e-4e3e-a0ff-4bd75a31ea75): є
[22:19:13] SpunkY (76aedc73-2b6e-4e3e-a0ff-4bd75a31ea75): ?
[22:19:21] IZI (600493b8-728e-473b-b0c0-c1d82609a7a4): у мене нема
[22:26:03] SpunkY (76aedc73-2b6e-4e3e-a0ff-4bd75a31ea75): шо за фігота
[22:27:42] SpunkY (76aedc73-2b6e-4e3e-a0ff-4bd75a31ea75): я хз
[22:27:45] SpunkY (76aedc73-2b6e-4e3e-a0ff-4bd75a31ea75): осмат не робить
[22:27:49] SpunkY (76aedc73-2b6e-4e3e-a0ff-4bd75a31ea75): якась фігота тупо
[22:29:59] SpunkY (76aedc73-2b6e-4e3e-a0ff-4bd75a31ea75): тупо брєд
[22:31:32] SpunkY (76aedc73-2b6e-4e3e-a0ff-4bd75a31ea75): іди сюда
[22:32:38] SpunkY (76aedc73-2b6e-4e3e-a0ff-4bd75a31ea75): вибери почінку і нажми
[22:33:18] SpunkY (76aedc73-2b6e-4e3e-a0ff-4bd75a31ea75): фігота не працює
[22:33:35] IZI (600493b8-728e-473b-b0c0-c1d82609a7a4): кристали їсть
[22:33:37] SpunkY (76aedc73-2b6e-4e3e-a0ff-4bd75a31ea75): да
[22:33:38] IZI (600493b8-728e-473b-b0c0-c1d82609a7a4): і всьо
[22:33:44] SpunkY (76aedc73-2b6e-4e3e-a0ff-4bd75a31ea75): у мене зїло 3 стака на топ чар
[22:34:00] SpunkY (76aedc73-2b6e-4e3e-a0ff-4bd75a31ea75): я хз
[22:34:01] IZI (600493b8-728e-473b-b0c0-c1d82609a7a4): для красоти тоді треба
[22:34:08] SpunkY (76aedc73-2b6e-4e3e-a0ff-4bd75a31ea75): напиши в діскорд їм
[22:34:11] SpunkY (76aedc73-2b6e-4e3e-a0ff-4bd75a31ea75): у мене нема діскорда
[22:34:22] SpunkY (76aedc73-2b6e-4e3e-a0ff-4bd75a31ea75): бо це брєд
[22:34:29] IZI (600493b8-728e-473b-b0c0-c1d82609a7a4): почему осмотический стол не работает?
[22:35:09] SpunkY (76aedc73-2b6e-4e3e-a0ff-4bd75a31ea75): фул фігота якась
[22:35:31] SpunkY (76aedc73-2b6e-4e3e-a0ff-4bd75a31ea75): сидиш весь день крафтиш шоб воно зїло все і не скрафтило
[22:42:00] SpunkY (76aedc73-2b6e-4e3e-a0ff-4bd75a31ea75): ляж
[22:49:05] SpunkY (76aedc73-2b6e-4e3e-a0ff-4bd75a31ea75): пішло воно нафіг
[22:49:10] IZI (600493b8-728e-473b-b0c0-c1d82609a7a4): а
[22:49:18] SpunkY (76aedc73-2b6e-4e3e-a0ff-4bd75a31ea75): осмат не робить
[22:49:20] SpunkY (76aedc73-2b6e-4e3e-a0ff-4bd75a31ea75): в енді вбили
[22:49:31] SpunkY (76aedc73-2b6e-4e3e-a0ff-4bd75a31ea75): шо за сміття
[22:55:41] XBOST (ed244ead-df9a-464f-a48f-28478c7d8db3): zz
[22:56:54] SpunkY (76aedc73-2b6e-4e3e-a0ff-4bd75a31ea75): що
[22:56:58] SpunkY (76aedc73-2b6e-4e3e-a0ff-4bd75a31ea75): написав в дс
[22:57:00] SpunkY (76aedc73-2b6e-4e3e-a0ff-4bd75a31ea75): потвора
[22:57:01] IZI (600493b8-728e-473b-b0c0-c1d82609a7a4): -броня
[22:57:17] IZI (600493b8-728e-473b-b0c0-c1d82609a7a4): нє не писав
[22:57:19] IZI (600493b8-728e-473b-b0c0-c1d82609a7a4): ладно зарза
[22:57:20] SpunkY (76aedc73-2b6e-4e3e-a0ff-4bd75a31ea75): напиши бо то гг
[22:57:23] SpunkY (76aedc73-2b6e-4e3e-a0ff-4bd75a31ea75): я в тільті
[22:58:27] IZI (600493b8-728e-473b-b0c0-c1d82609a7a4): як проект називається
[22:58:38] SpunkY (76aedc73-2b6e-4e3e-a0ff-4bd75a31ea75): after life
[23:01:43] SpunkY (76aedc73-2b6e-4e3e-a0ff-4bd75a31ea75): походу вони фул проект не доробили
[23:01:45] SpunkY (76aedc73-2b6e-4e3e-a0ff-4bd75a31ea75): чи я хз
[23:01:57] SpunkY (76aedc73-2b6e-4e3e-a0ff-4bd75a31ea75): а то зачарователь який хуже осмата на много
[23:02:06] SpunkY (76aedc73-2b6e-4e3e-a0ff-4bd75a31ea75): крафт там неадекватний
[23:02:13] SpunkY (76aedc73-2b6e-4e3e-a0ff-4bd75a31ea75): а осмат дефолтний
[23:02:18] SpunkY (76aedc73-2b6e-4e3e-a0ff-4bd75a31ea75): про таум тупо забули
[23:03:34] SpunkY (76aedc73-2b6e-4e3e-a0ff-4bd75a31ea75): я придумав імбу
[23:04:20] SpunkY (76aedc73-2b6e-4e3e-a0ff-4bd75a31ea75): я придумав імбу
[23:04:36] SpunkY (76aedc73-2b6e-4e3e-a0ff-4bd75a31ea75): пілон удалєнія зачарованія
[23:04:43] SpunkY (76aedc73-2b6e-4e3e-a0ff-4bd75a31ea75): розчарювать фігню
[23:04:48] SpunkY (76aedc73-2b6e-4e3e-a0ff-4bd75a31ea75): на книжки
[23:04:52] SpunkY (76aedc73-2b6e-4e3e-a0ff-4bd75a31ea75): і чарить так
[23:04:52] IZI (600493b8-728e-473b-b0c0-c1d82609a7a4): норм
[23:05:02] SpunkY (76aedc73-2b6e-4e3e-a0ff-4bd75a31ea75): якшо і та потвора не робить
[23:05:04] SpunkY (76aedc73-2b6e-4e3e-a0ff-4bd75a31ea75): я ліваю
[23:05:16] SpunkY (76aedc73-2b6e-4e3e-a0ff-4bd75a31ea75): о
[23:05:21] SpunkY (76aedc73-2b6e-4e3e-a0ff-4bd75a31ea75): зроби мені меча на добичу
[23:15:43] SpunkY (76aedc73-2b6e-4e3e-a0ff-4bd75a31ea75): енергія треба
[23:16:18] SpunkY (76aedc73-2b6e-4e3e-a0ff-4bd75a31ea75): капець імба
[23:16:21] SpunkY (76aedc73-2b6e-4e3e-a0ff-4bd75a31ea75): ізі працює
[23:16:29] SpunkY (76aedc73-2b6e-4e3e-a0ff-4bd75a31ea75): із жоского
[23:16:40] SpunkY (76aedc73-2b6e-4e3e-a0ff-4bd75a31ea75): там тікі цей
[23:16:43] SpunkY (76aedc73-2b6e-4e3e-a0ff-4bd75a31ea75): як його
[23:16:46] SpunkY (76aedc73-2b6e-4e3e-a0ff-4bd75a31ea75): баку опита
[23:16:55] SpunkY (76aedc73-2b6e-4e3e-a0ff-4bd75a31ea75): но я геній і коли робив осмат дибільний
[23:17:00] SpunkY (76aedc73-2b6e-4e3e-a0ff-4bd75a31ea75): зробив не 2 а 3 фігні
[23:17:07] SpunkY (76aedc73-2b6e-4e3e-a0ff-4bd75a31ea75): і можемо робить оті банкі
[23:17:49] SpunkY (76aedc73-2b6e-4e3e-a0ff-4bd75a31ea75): у нас є мечі які можна розчарить?
[23:18:03] SpunkY (76aedc73-2b6e-4e3e-a0ff-4bd75a31ea75): о
[23:18:05] SpunkY (76aedc73-2b6e-4e3e-a0ff-4bd75a31ea75): го в данж
[23:18:09] SpunkY (76aedc73-2b6e-4e3e-a0ff-4bd75a31ea75): на уровєнь ада ото
[23:19:34] SpunkY (76aedc73-2b6e-4e3e-a0ff-4bd75a31ea75): го
[23:21:31] SpunkY (76aedc73-2b6e-4e3e-a0ff-4bd75a31ea75): хавзахвава
[23:21:57] SpunkY (76aedc73-2b6e-4e3e-a0ff-4bd75a31ea75): tf
[23:21:59] SpunkY (76aedc73-2b6e-4e3e-a0ff-4bd75a31ea75): вфівфів
[23:22:06] SpunkY (76aedc73-2b6e-4e3e-a0ff-4bd75a31ea75): вфівіфвфівфіва
[23:23:18] SpunkY (76aedc73-2b6e-4e3e-a0ff-4bd75a31ea75): я дюп найшов
[23:23:27] SpunkY (76aedc73-2b6e-4e3e-a0ff-4bd75a31ea75): походу
[23:23:34] SpunkY (76aedc73-2b6e-4e3e-a0ff-4bd75a31ea75): тікі опита
[23:23:41] SpunkY (76aedc73-2b6e-4e3e-a0ff-4bd75a31ea75): я шось в пілоні клацав
[23:23:46] SpunkY (76aedc73-2b6e-4e3e-a0ff-4bd75a31ea75): коли убив ну зомбі 20
[23:23:49] SpunkY (76aedc73-2b6e-4e3e-a0ff-4bd75a31ea75): іди за мной
[23:24:23] SpunkY (76aedc73-2b6e-4e3e-a0ff-4bd75a31ea75): якій уровень?
[23:24:25] IZI (600493b8-728e-473b-b0c0-c1d82609a7a4): а в чом дюп
[23:24:27] IZI (600493b8-728e-473b-b0c0-c1d82609a7a4): 75
[23:24:33] SpunkY (76aedc73-2b6e-4e3e-a0ff-4bd75a31ea75): я вбив зомбі 20
[23:24:39] SpunkY (76aedc73-2b6e-4e3e-a0ff-4bd75a31ea75): а воно нам 200 уровнів дало
[23:25:04] IZI (600493b8-728e-473b-b0c0-c1d82609a7a4): пофіг будемо вважать що це якийсь супержоскій зомбі був. Тільки кудии тепер уровень діть
[23:25:36] IZI (600493b8-728e-473b-b0c0-c1d82609a7a4): просто рано чи... рано я то умр
[23:25:37] IZI (600493b8-728e-473b-b0c0-c1d82609a7a4): у
[23:25:41] SpunkY (76aedc73-2b6e-4e3e-a0ff-4bd75a31ea75): uj
[23:25:43] SpunkY (76aedc73-2b6e-4e3e-a0ff-4bd75a31ea75): го
[23:25:45] SpunkY (76aedc73-2b6e-4e3e-a0ff-4bd75a31ea75): умрем
[23:25:46] SpunkY (76aedc73-2b6e-4e3e-a0ff-4bd75a31ea75): в данжі
[23:25:52] SpunkY (76aedc73-2b6e-4e3e-a0ff-4bd75a31ea75): на алському уровні
[23:25:55] SpunkY (76aedc73-2b6e-4e3e-a0ff-4bd75a31ea75): я книжкі хочу вибить
[23:26:00] IZI (600493b8-728e-473b-b0c0-c1d82609a7a4): го
[23:26:08] SpunkY (76aedc73-2b6e-4e3e-a0ff-4bd75a31ea75): за мной
[23:27:39] SpunkY (76aedc73-2b6e-4e3e-a0ff-4bd75a31ea75): tp
[23:28:03] IZI (600493b8-728e-473b-b0c0-c1d82609a7a4): я й так здох так що норм
[23:30:42] SpunkY (76aedc73-2b6e-4e3e-a0ff-4bd75a31ea75): шось нам фігово
[23:31:01] IZI (600493b8-728e-473b-b0c0-c1d82609a7a4): а які книжки ти хочеш
[23:31:06] SpunkY (76aedc73-2b6e-4e3e-a0ff-4bd75a31ea75): добичу
[23:31:08] SpunkY (76aedc73-2b6e-4e3e-a0ff-4bd75a31ea75): вобщє пофіг
[23:31:12] SpunkY (76aedc73-2b6e-4e3e-a0ff-4bd75a31ea75): мені треба чар оружия
[23:31:14] SpunkY (76aedc73-2b6e-4e3e-a0ff-4bd75a31ea75): на норм чари
[23:31:18] SpunkY (76aedc73-2b6e-4e3e-a0ff-4bd75a31ea75): і я книжкі зроблю
[23:32:10] SpunkY (76aedc73-2b6e-4e3e-a0ff-4bd75a31ea75): ніфіга я лопнув
[23:32:20] SpunkY (76aedc73-2b6e-4e3e-a0ff-4bd75a31ea75): вахвхазвхзавхазвхзава
[23:32:26] SpunkY (76aedc73-2b6e-4e3e-a0ff-4bd75a31ea75): та за шо
[23:33:53] SpunkY (76aedc73-2b6e-4e3e-a0ff-4bd75a31ea75): ефективность бери
[23:34:45] SpunkY (76aedc73-2b6e-4e3e-a0ff-4bd75a31ea75): го ниже
[23:35:03] SpunkY (76aedc73-2b6e-4e3e-a0ff-4bd75a31ea75): ооо
[23:35:06] SpunkY (76aedc73-2b6e-4e3e-a0ff-4bd75a31ea75): отут воно буд
[23:36:55] SpunkY (76aedc73-2b6e-4e3e-a0ff-4bd75a31ea75): ой
[23:37:16] SpunkY (76aedc73-2b6e-4e3e-a0ff-4bd75a31ea75): як веселоц
[23:37:17] IZI (600493b8-728e-473b-b0c0-c1d82609a7a4): приймш там
[23:37:19] SpunkY (76aedc73-2b6e-4e3e-a0ff-4bd75a31ea75): я щяс помру
[23:38:26] SpunkY (76aedc73-2b6e-4e3e-a0ff-4bd75a31ea75): тп
[23:38:35] SpunkY (76aedc73-2b6e-4e3e-a0ff-4bd75a31ea75): тп
[23:38:36] IZI (600493b8-728e-473b-b0c0-c1d82609a7a4): уже
[23:40:41] SpunkY (76aedc73-2b6e-4e3e-a0ff-4bd75a31ea75): там гг
[23:41:04] SpunkY (76aedc73-2b6e-4e3e-a0ff-4bd75a31ea75): а лут то д
[23:41:28] IZI (600493b8-728e-473b-b0c0-c1d82609a7a4): там
[23:41:30] IZI (600493b8-728e-473b-b0c0-c1d82609a7a4): лута
[23:41:38] IZI (600493b8-728e-473b-b0c0-c1d82609a7a4): багатор
[23:41:41] IZI (600493b8-728e-473b-b0c0-c1d82609a7a4): го сетхом
[23:41:42] IZI (600493b8-728e-473b-b0c0-c1d82609a7a4): поставлю
[23:41:45] SpunkY (76aedc73-2b6e-4e3e-a0ff-4bd75a31ea75): давай
[23:41:46] IZI (600493b8-728e-473b-b0c0-c1d82609a7a4): давно пора було
[23:43:46] SpunkY (76aedc73-2b6e-4e3e-a0ff-4bd75a31ea75): ти там?
[23:43:54] IZI (600493b8-728e-473b-b0c0-c1d82609a7a4): +
[23:45:34] SpunkY (76aedc73-2b6e-4e3e-a0ff-4bd75a31ea75): шось важко
[23:46:42] SpunkY (76aedc73-2b6e-4e3e-a0ff-4bd75a31ea75): а де спаунери
[23:46:45] IZI (600493b8-728e-473b-b0c0-c1d82609a7a4): [p
[23:46:46] IZI (600493b8-728e-473b-b0c0-c1d82609a7a4): hjz
[23:47:58] SpunkY (76aedc73-2b6e-4e3e-a0ff-4bd75a31ea75): походу в обсідіані
[23:49:14] SpunkY (76aedc73-2b6e-4e3e-a0ff-4bd75a31ea75): норм
[23:49:18] SpunkY (76aedc73-2b6e-4e3e-a0ff-4bd75a31ea75): почінку найшов
[23:49:40] IZI (600493b8-728e-473b-b0c0-c1d82609a7a4): help
[23:49:51] SpunkY (76aedc73-2b6e-4e3e-a0ff-4bd75a31ea75): щя
[23:50:43] SpunkY (76aedc73-2b6e-4e3e-a0ff-4bd75a31ea75): острота
[23:51:05] SpunkY (76aedc73-2b6e-4e3e-a0ff-4bd75a31ea75): tam vse
[23:51:35] SpunkY (76aedc73-2b6e-4e3e-a0ff-4bd75a31ea75): ng
[23:51:37] SpunkY (76aedc73-2b6e-4e3e-a0ff-4bd75a31ea75): tp
[23:51:38] SpunkY (76aedc73-2b6e-4e3e-a0ff-4bd75a31ea75): tam vse
[23:51:56] SpunkY (76aedc73-2b6e-4e3e-a0ff-4bd75a31ea75): ta yo
[23:51:59] IZI (600493b8-728e-473b-b0c0-c1d82609a7a4): hvhvhv
[23:54:04] SpunkY (76aedc73-2b6e-4e3e-a0ff-4bd75a31ea75): tam vse
[23:56:34] SpunkY (76aedc73-2b6e-4e3e-a0ff-4bd75a31ea75): добичі шось нема
[23:58:20] SpunkY (76aedc73-2b6e-4e3e-a0ff-4bd75a31ea75): потвора
