[10:03:55] XBOST (ed244ead-df9a-464f-a48f-28478c7d8db3): почему лилия рейкар не всегда работает знает кто?
[10:04:15] XBOST (ed244ead-df9a-464f-a48f-28478c7d8db3): ударной серенадой бью,а толку ноль
[10:04:21] XBOST (ed244ead-df9a-464f-a48f-28478c7d8db3): как то через раз
[15:07:01] XBOST (ed244ead-df9a-464f-a48f-28478c7d8db3): а как аккумулятор из ботании зарядить?
[15:33:29] XBOST (ed244ead-df9a-464f-a48f-28478c7d8db3): и сколько для террасталевого надо примерно?
[16:34:55] XBOST (ed244ead-df9a-464f-a48f-28478c7d8db3): за одно с цветочком поможешь наверное
[16:42:59] XBOST (ed244ead-df9a-464f-a48f-28478c7d8db3): ты щас ливнешь потому что лагает
[16:43:24] LaNipge (347d9fd5-d990-49a9-9903-2d39a3b73974): найс пофиксили
[16:43:30] XBOST (ed244ead-df9a-464f-a48f-28478c7d8db3): че пофиксили
[16:43:48] XBOST (ed244ead-df9a-464f-a48f-28478c7d8db3): щас модер зайдет чекнет в чем проблема
[16:44:52] LaNipge (347d9fd5-d990-49a9-9903-2d39a3b73974): не регает
[16:46:06] LaNipge (347d9fd5-d990-49a9-9903-2d39a3b73974): я так понял нужно ботанию развивать
[16:46:11] LaNipge (347d9fd5-d990-49a9-9903-2d39a3b73974): для интерфенсов
[16:46:14] XBOST (ed244ead-df9a-464f-a48f-28478c7d8db3): ну я так развил чуть чуть
[16:46:31] XBOST (ed244ead-df9a-464f-a48f-28478c7d8db3): уже можно делать элементий типо
[16:47:12] XBOST (ed244ead-df9a-464f-a48f-28478c7d8db3): думал на гурмалисах сделать,но хз как еду фармить
[16:47:33] LaNipge (347d9fd5-d990-49a9-9903-2d39a3b73974): через астрал можно торты фармить
[16:47:40] XBOST (ed244ead-df9a-464f-a48f-28478c7d8db3): как
[16:47:46] LaNipge (347d9fd5-d990-49a9-9903-2d39a3b73974): торты или торты?
[16:47:54] XBOST (ed244ead-df9a-464f-a48f-28478c7d8db3): я не помню уже как там это работает
[16:47:56] LaNipge (347d9fd5-d990-49a9-9903-2d39a3b73974): там через линзу
[16:48:03] XBOST (ed244ead-df9a-464f-a48f-28478c7d8db3): че за линза
[16:48:14] LaNipge (347d9fd5-d990-49a9-9903-2d39a3b73974): я только видел
[16:48:16] LaNipge (347d9fd5-d990-49a9-9903-2d39a3b73974): не знаю
[16:50:32] XBOST (ed244ead-df9a-464f-a48f-28478c7d8db3): если бы ты астрал развил было бы круто
[16:50:45] LaNipge (347d9fd5-d990-49a9-9903-2d39a3b73974): начал уже
[16:50:51] LaNipge (347d9fd5-d990-49a9-9903-2d39a3b73974): хз как пойдёт
[16:51:24] XBOST (ed244ead-df9a-464f-a48f-28478c7d8db3): я пойду покушаю
[16:51:32] XBOST (ed244ead-df9a-464f-a48f-28478c7d8db3): мама зовет
[16:51:33] LaNipge (347d9fd5-d990-49a9-9903-2d39a3b73974): не спи только
[16:51:46] XBOST (ed244ead-df9a-464f-a48f-28478c7d8db3): ок ок
[16:55:42] Stxywxthme (6ce0cde9-8c92-4c66-96ad-6bffb9dfc01b): 2 тпс
[16:59:49] Stxywxthme (6ce0cde9-8c92-4c66-96ad-6bffb9dfc01b): понятно молнии лагают
[17:03:03] XBOST (ed244ead-df9a-464f-a48f-28478c7d8db3): у тебя молнии лагали?
[17:03:30] Stxywxthme (6ce0cde9-8c92-4c66-96ad-6bffb9dfc01b): хммм
[17:03:44] Stxywxthme (6ce0cde9-8c92-4c66-96ad-6bffb9dfc01b): смотри сечйас 3 тпс
[17:03:50] Stxywxthme (6ce0cde9-8c92-4c66-96ad-6bffb9dfc01b): /tps
[17:03:54] XBOST (ed244ead-df9a-464f-a48f-28478c7d8db3): я вижу
[17:04:26] Stxywxthme (6ce0cde9-8c92-4c66-96ad-6bffb9dfc01b): а сейчас 20
[17:05:23] Stxywxthme (6ce0cde9-8c92-4c66-96ad-6bffb9dfc01b): видишь?
[17:05:29] XBOST (ed244ead-df9a-464f-a48f-28478c7d8db3): da
[17:05:55] Stxywxthme (6ce0cde9-8c92-4c66-96ad-6bffb9dfc01b): а сейчас?
[17:05:59] XBOST (ed244ead-df9a-464f-a48f-28478c7d8db3): 5
[17:06:04] Stxywxthme (6ce0cde9-8c92-4c66-96ad-6bffb9dfc01b): ага
[17:06:14] Stxywxthme (6ce0cde9-8c92-4c66-96ad-6bffb9dfc01b): а теперь?
[17:06:17] XBOST (ed244ead-df9a-464f-a48f-28478c7d8db3): 5
[17:06:20] XBOST (ed244ead-df9a-464f-a48f-28478c7d8db3): 20
[17:06:26] Stxywxthme (6ce0cde9-8c92-4c66-96ad-6bffb9dfc01b): понятно
[17:06:32] Stxywxthme (6ce0cde9-8c92-4c66-96ad-6bffb9dfc01b): думаю ты понял
[17:07:48] LaNipge (347d9fd5-d990-49a9-9903-2d39a3b73974): нужны будут 3 кикиморуса
[17:08:07] Stxywxthme (6ce0cde9-8c92-4c66-96ad-6bffb9dfc01b): хз
[17:08:12] Stxywxthme (6ce0cde9-8c92-4c66-96ad-6bffb9dfc01b): лилии рейкар
[17:08:19] XBOST (ed244ead-df9a-464f-a48f-28478c7d8db3): через мин 10 сделаю
[17:08:20] Stxywxthme (6ce0cde9-8c92-4c66-96ad-6bffb9dfc01b): юзеры
[17:08:29] XBOST (ed244ead-df9a-464f-a48f-28478c7d8db3): щас хочу 2 мэ интерфейса забабахать
[17:15:30] LaNipge (347d9fd5-d990-49a9-9903-2d39a3b73974): не влазиет
[17:15:38] XBOST (ed244ead-df9a-464f-a48f-28478c7d8db3): всю нефть вьебал?
[17:15:56] XBOST (ed244ead-df9a-464f-a48f-28478c7d8db3): а не норм
[17:34:02] XBOST (ed244ead-df9a-464f-a48f-28478c7d8db3): ку
[17:34:08] Apt_bolka (99791d25-cc6a-40d5-9fab-db8d91e26277): хай
[17:50:07] Stxywxthme (6ce0cde9-8c92-4c66-96ad-6bffb9dfc01b): смотри
[17:50:23] Stxywxthme (6ce0cde9-8c92-4c66-96ad-6bffb9dfc01b): вот так
[17:50:25] Apt_bolka (99791d25-cc6a-40d5-9fab-db8d91e26277): как он работает
[17:50:36] Apt_bolka (99791d25-cc6a-40d5-9fab-db8d91e26277): прикол
[17:50:44] Stxywxthme (6ce0cde9-8c92-4c66-96ad-6bffb9dfc01b): медленно
[17:50:59] Apt_bolka (99791d25-cc6a-40d5-9fab-db8d91e26277): у тя донат?
[17:51:00] XBOST (ed244ead-df9a-464f-a48f-28478c7d8db3): сори,правда не хотел
[17:51:02] Stxywxthme (6ce0cde9-8c92-4c66-96ad-6bffb9dfc01b): нет
[17:51:17] Stxywxthme (6ce0cde9-8c92-4c66-96ad-6bffb9dfc01b): я дмин
[17:51:23] Apt_bolka (99791d25-cc6a-40d5-9fab-db8d91e26277): пон
[17:51:42] Apt_bolka (99791d25-cc6a-40d5-9fab-db8d91e26277): пон
[17:51:48] Stxywxthme (6ce0cde9-8c92-4c66-96ad-6bffb9dfc01b): да
[17:51:56] XBOST (ed244ead-df9a-464f-a48f-28478c7d8db3): еще вот здесь плиты забыл
[17:52:21] Stxywxthme (6ce0cde9-8c92-4c66-96ad-6bffb9dfc01b): что ты хочешь сделать???
[17:52:26] XBOST (ed244ead-df9a-464f-a48f-28478c7d8db3): еще вот здесь плиты забыл
[17:52:35] Apt_bolka (99791d25-cc6a-40d5-9fab-db8d91e26277): сейчас семенами чтоль заниматся
[17:52:45] Stxywxthme (6ce0cde9-8c92-4c66-96ad-6bffb9dfc01b): понятно
[17:53:00] XBOST (ed244ead-df9a-464f-a48f-28478c7d8db3): сори,правда не хотел
[17:53:01] Stxywxthme (6ce0cde9-8c92-4c66-96ad-6bffb9dfc01b): Спасибо за админку, Аптечка)
[17:53:08] AETERNAL (6015b02d-f272-4154-8209-5e3b23bbc09c): та пофиг
[17:53:26] Apt_bolka (99791d25-cc6a-40d5-9fab-db8d91e26277): а у тя консоль есть?
[17:53:31] Stxywxthme (6ce0cde9-8c92-4c66-96ad-6bffb9dfc01b): нет
[17:54:54] Apt_bolka (99791d25-cc6a-40d5-9fab-db8d91e26277): а зачем тогда тебе админка?
[17:54:59] Stxywxthme (6ce0cde9-8c92-4c66-96ad-6bffb9dfc01b): просто так
[17:55:00] Apt_bolka (99791d25-cc6a-40d5-9fab-db8d91e26277): типо модер?
[17:55:10] Apt_bolka (99791d25-cc6a-40d5-9fab-db8d91e26277): прикольно
[17:55:24] Stxywxthme (6ce0cde9-8c92-4c66-96ad-6bffb9dfc01b): если будут проблемы с сервером, я попытаюсь решить
[17:55:32] Stxywxthme (6ce0cde9-8c92-4c66-96ad-6bffb9dfc01b): помощник
[17:55:38] Apt_bolka (99791d25-cc6a-40d5-9fab-db8d91e26277): понятненько
[17:56:03] Stxywxthme (6ce0cde9-8c92-4c66-96ad-6bffb9dfc01b): кстати
[17:56:17] Stxywxthme (6ce0cde9-8c92-4c66-96ad-6bffb9dfc01b): я все перекрасил на белый светокамень
[17:56:29] Apt_bolka (99791d25-cc6a-40d5-9fab-db8d91e26277): вижу прикольно
[18:00:30] AETERNAL (6015b02d-f272-4154-8209-5e3b23bbc09c): vanish
[18:00:31] AETERNAL (6015b02d-f272-4154-8209-5e3b23bbc09c): vanish
[18:00:39] AETERNAL (6015b02d-f272-4154-8209-5e3b23bbc09c): это
[18:01:04] AETERNAL (6015b02d-f272-4154-8209-5e3b23bbc09c): вы типы богатые, так что трубы Cyclic предметные замените на что-то менее говяное
[18:01:08] AETERNAL (6015b02d-f272-4154-8209-5e3b23bbc09c): по оптимизации
[18:01:16] Stxywxthme (6ce0cde9-8c92-4c66-96ad-6bffb9dfc01b): ок
[18:01:40] Apt_bolka (99791d25-cc6a-40d5-9fab-db8d91e26277): Тнермал или эндер ио более мнеие
[18:01:58] Stxywxthme (6ce0cde9-8c92-4c66-96ad-6bffb9dfc01b): из эндера лучше
[18:02:01] Apt_bolka (99791d25-cc6a-40d5-9fab-db8d91e26277): +
[18:02:32] AETERNAL (6015b02d-f272-4154-8209-5e3b23bbc09c): шо у вас тут господа, как дела
[18:02:48] XBOST (ed244ead-df9a-464f-a48f-28478c7d8db3): а почему кстати один чанк всего можно заприватить?
[18:02:55] AETERNAL (6015b02d-f272-4154-8209-5e3b23bbc09c): как это
[18:02:58] XBOST (ed244ead-df9a-464f-a48f-28478c7d8db3): у нас потихоньку
[18:03:09] XBOST (ed244ead-df9a-464f-a48f-28478c7d8db3): ну нам приходится по одному чанку приватить
[18:03:22] AETERNAL (6015b02d-f272-4154-8209-5e3b23bbc09c): 2на2 4 привата
[18:03:29] AETERNAL (6015b02d-f272-4154-8209-5e3b23bbc09c): 2на2 чанка
[18:03:33] AETERNAL (6015b02d-f272-4154-8209-5e3b23bbc09c): и таких 4
[18:03:37] AETERNAL (6015b02d-f272-4154-8209-5e3b23bbc09c): 16 чанков
[18:03:44] XBOST (ed244ead-df9a-464f-a48f-28478c7d8db3): понял
[18:03:50] Apt_bolka (99791d25-cc6a-40d5-9fab-db8d91e26277): Блудом бы занятся
[18:04:03] Stxywxthme (6ce0cde9-8c92-4c66-96ad-6bffb9dfc01b): как
[18:04:07] Apt_bolka (99791d25-cc6a-40d5-9fab-db8d91e26277): пустоток нету
[18:04:12] Stxywxthme (6ce0cde9-8c92-4c66-96ad-6bffb9dfc01b): +
[18:04:15] Apt_bolka (99791d25-cc6a-40d5-9fab-db8d91e26277): пустотная электро схема
[18:04:27] Apt_bolka (99791d25-cc6a-40d5-9fab-db8d91e26277): Аптечка выдай пустотные электросхемы
[18:04:34] Apt_bolka (99791d25-cc6a-40d5-9fab-db8d91e26277): мы хотил блуд алтарь сделать
[18:05:07] Apt_bolka (99791d25-cc6a-40d5-9fab-db8d91e26277): ты же админ у тя гм нету?
[18:05:11] Stxywxthme (6ce0cde9-8c92-4c66-96ad-6bffb9dfc01b): есть
[18:05:17] Apt_bolka (99791d25-cc6a-40d5-9fab-db8d91e26277): возми 2 схемы
[18:05:29] Stxywxthme (6ce0cde9-8c92-4c66-96ad-6bffb9dfc01b): нету
[18:05:35] Stxywxthme (6ce0cde9-8c92-4c66-96ad-6bffb9dfc01b): а
[18:05:39] Stxywxthme (6ce0cde9-8c92-4c66-96ad-6bffb9dfc01b): ладно
[18:05:40] XBOST (ed244ead-df9a-464f-a48f-28478c7d8db3): пошел жемчуг фармить
[18:05:46] XBOST (ed244ead-df9a-464f-a48f-28478c7d8db3): капец а че крафта нету у них
[18:06:05] Apt_bolka (99791d25-cc6a-40d5-9fab-db8d91e26277): таум потому что убирать будут
[18:06:32] Apt_bolka (99791d25-cc6a-40d5-9fab-db8d91e26277): Сделаеш алтарь
[18:06:37] Apt_bolka (99791d25-cc6a-40d5-9fab-db8d91e26277): а то там астрал
[18:09:17] Stxywxthme (6ce0cde9-8c92-4c66-96ad-6bffb9dfc01b): 10к террастали
[18:09:25] Stxywxthme (6ce0cde9-8c92-4c66-96ad-6bffb9dfc01b): все таки курочки имба
[18:09:32] XBOST (ed244ead-df9a-464f-a48f-28478c7d8db3): выдай мне тоже тогда,а то вдруг захочу сделать,а тебя не будет
[18:10:06] Stxywxthme (6ce0cde9-8c92-4c66-96ad-6bffb9dfc01b): ¯\_(ツ)_/¯
[18:12:22] XBOST (ed244ead-df9a-464f-a48f-28478c7d8db3): спасибо
[18:13:57] LaNipge (347d9fd5-d990-49a9-9903-2d39a3b73974): насосал
[18:14:02] XBOST (ed244ead-df9a-464f-a48f-28478c7d8db3): не правда
[18:21:17] Stxywxthme (6ce0cde9-8c92-4c66-96ad-6bffb9dfc01b): имба
[18:21:53] Stxywxthme (6ce0cde9-8c92-4c66-96ad-6bffb9dfc01b): я нормально стою?
[18:21:57] XBOST (ed244ead-df9a-464f-a48f-28478c7d8db3): че делаешь
[18:22:04] Apt_bolka (99791d25-cc6a-40d5-9fab-db8d91e26277): +
[18:22:12] Stxywxthme (6ce0cde9-8c92-4c66-96ad-6bffb9dfc01b): просто сейчас мышка глючила
[18:22:13] LaNipge (347d9fd5-d990-49a9-9903-2d39a3b73974): иди кури
[18:22:16] Apt_bolka (99791d25-cc6a-40d5-9fab-db8d91e26277): хех
[18:22:18] XBOST (ed244ead-df9a-464f-a48f-28478c7d8db3): он не приехал еще
[18:22:44] XBOST (ed244ead-df9a-464f-a48f-28478c7d8db3): 3 мелодик хуйни ток сделал
[18:22:53] XBOST (ed244ead-df9a-464f-a48f-28478c7d8db3): плод хоруса где то найти надо
[18:23:03] LaNipge (347d9fd5-d990-49a9-9903-2d39a3b73974): тут рядом приват был
[18:23:06] LaNipge (347d9fd5-d990-49a9-9903-2d39a3b73974): я там брал
[18:24:08] Apt_bolka (99791d25-cc6a-40d5-9fab-db8d91e26277): можеш все энергитические ядра из Драконика заавтокрафтиь?
[18:24:16] Stxywxthme (6ce0cde9-8c92-4c66-96ad-6bffb9dfc01b): потом
[18:27:43] Stxywxthme (6ce0cde9-8c92-4c66-96ad-6bffb9dfc01b): и так
[18:27:47] Stxywxthme (6ce0cde9-8c92-4c66-96ad-6bffb9dfc01b): кровь алтарь есть
[18:28:52] Apt_bolka (99791d25-cc6a-40d5-9fab-db8d91e26277): круто
[18:29:04] Apt_bolka (99791d25-cc6a-40d5-9fab-db8d91e26277): чекни предложения нев давна
[18:29:08] Apt_bolka (99791d25-cc6a-40d5-9fab-db8d91e26277): может я туплю
[18:30:19] Apt_bolka (99791d25-cc6a-40d5-9fab-db8d91e26277): ну просто через тинкер бред
[18:30:30] Stxywxthme (6ce0cde9-8c92-4c66-96ad-6bffb9dfc01b): мда
[18:30:41] Apt_bolka (99791d25-cc6a-40d5-9fab-db8d91e26277): + скорость просто Бред
[18:30:53] Stxywxthme (6ce0cde9-8c92-4c66-96ad-6bffb9dfc01b): ¯\_(ツ)_/¯
[18:30:59] Stxywxthme (6ce0cde9-8c92-4c66-96ad-6bffb9dfc01b): придется пока-что так
[18:31:03] Apt_bolka (99791d25-cc6a-40d5-9fab-db8d91e26277): ну вопшем ждём ответа в предложении
[18:31:13] Apt_bolka (99791d25-cc6a-40d5-9fab-db8d91e26277): я хочу чтоб этот крафтик добавили
[18:31:22] Apt_bolka (99791d25-cc6a-40d5-9fab-db8d91e26277): как с вибраниумом
[18:31:29] Apt_bolka (99791d25-cc6a-40d5-9fab-db8d91e26277): его можно в магмовом тигеле плавить
[18:33:37] LaNipge (347d9fd5-d990-49a9-9903-2d39a3b73974): я там чет напиздил
[18:34:06] Stxywxthme (6ce0cde9-8c92-4c66-96ad-6bffb9dfc01b): хммм
[18:34:12] XBOST (ed244ead-df9a-464f-a48f-28478c7d8db3): ахахахахах
[18:34:18] Stxywxthme (6ce0cde9-8c92-4c66-96ad-6bffb9dfc01b): может пойти дракона хаоса убить
[18:34:24] Apt_bolka (99791d25-cc6a-40d5-9fab-db8d91e26277): так чтоб его убитть
[18:34:31] Apt_bolka (99791d25-cc6a-40d5-9fab-db8d91e26277): надо лук хотя бы дракона
[18:34:38] Apt_bolka (99791d25-cc6a-40d5-9fab-db8d91e26277): виверновым его не убьёш
[18:34:45] XBOST (ed244ead-df9a-464f-a48f-28478c7d8db3): кажется он видил локал
[18:34:51] XBOST (ed244ead-df9a-464f-a48f-28478c7d8db3): видит*
[18:35:16] Apt_bolka (99791d25-cc6a-40d5-9fab-db8d91e26277): Сделай авто крафт на этих штуках
[18:35:26] Apt_bolka (99791d25-cc6a-40d5-9fab-db8d91e26277): я тупой чтоб это сделать красиво)
[18:35:57] Stxywxthme (6ce0cde9-8c92-4c66-96ad-6bffb9dfc01b): я сделаю автокрафт
[18:36:02] Apt_bolka (99791d25-cc6a-40d5-9fab-db8d91e26277): на чём?
[18:36:08] Apt_bolka (99791d25-cc6a-40d5-9fab-db8d91e26277): а ну делай
[18:36:49] Apt_bolka (99791d25-cc6a-40d5-9fab-db8d91e26277): чисто щяс будем как деды у печки тинкер сидеть чтоб сделать жидкость которая для дк сетов нужна)
[18:36:58] Stxywxthme (6ce0cde9-8c92-4c66-96ad-6bffb9dfc01b): аахахха
[18:36:59] Stxywxthme (6ce0cde9-8c92-4c66-96ad-6bffb9dfc01b): да
[18:40:49] Apt_bolka (99791d25-cc6a-40d5-9fab-db8d91e26277): я чем то не тем в своей жизне занимаюсь
[18:50:03] Apt_bolka (99791d25-cc6a-40d5-9fab-db8d91e26277): чекай что сделал
[18:53:50] XBOST (ed244ead-df9a-464f-a48f-28478c7d8db3): завтра в бар идем
[18:54:00] XBOST (ed244ead-df9a-464f-a48f-28478c7d8db3): в закрытый риф
[18:54:07] XBOST (ed244ead-df9a-464f-a48f-28478c7d8db3): так что готовься
[18:54:43] XBOST (ed244ead-df9a-464f-a48f-28478c7d8db3): там был Ваня Витя Витя Юля и еще поц какой то
[18:55:52] LaNipge (347d9fd5-d990-49a9-9903-2d39a3b73974): запривать
[18:56:03] XBOST (ed244ead-df9a-464f-a48f-28478c7d8db3): я 10 зажигалок ломаю подожди
[19:00:02] LaNipge (347d9fd5-d990-49a9-9903-2d39a3b73974): запривать
[19:00:05] XBOST (ed244ead-df9a-464f-a48f-28478c7d8db3): где
[19:00:45] XBOST (ed244ead-df9a-464f-a48f-28478c7d8db3): все
[19:00:59] XBOST (ed244ead-df9a-464f-a48f-28478c7d8db3): ток че толку чанки грузится не будут
[19:02:18] XBOST (ed244ead-df9a-464f-a48f-28478c7d8db3): ща приду
[19:28:25] Stxywxthme (6ce0cde9-8c92-4c66-96ad-6bffb9dfc01b): и так
[19:28:58] Stxywxthme (6ce0cde9-8c92-4c66-96ad-6bffb9dfc01b): 2 ляма ведер меда
[19:29:04] Apt_bolka (99791d25-cc6a-40d5-9fab-db8d91e26277): норм
[19:29:18] Apt_bolka (99791d25-cc6a-40d5-9fab-db8d91e26277): ты можеш авто крафт Слияние доделать
[19:29:23] Stxywxthme (6ce0cde9-8c92-4c66-96ad-6bffb9dfc01b): да
[19:29:36] Apt_bolka (99791d25-cc6a-40d5-9fab-db8d91e26277): я пока что карточки сделаю со всем нужным
[19:30:46] Stxywxthme (6ce0cde9-8c92-4c66-96ad-6bffb9dfc01b): я хз как это работает
[19:30:54] Apt_bolka (99791d25-cc6a-40d5-9fab-db8d91e26277): я знаю
[19:31:14] Apt_bolka (99791d25-cc6a-40d5-9fab-db8d91e26277): щя дикси закодю
[19:31:36] Stxywxthme (6ce0cde9-8c92-4c66-96ad-6bffb9dfc01b): интересно он будет класть вещи в слоты
[19:31:41] Stxywxthme (6ce0cde9-8c92-4c66-96ad-6bffb9dfc01b): ?
[19:33:35] Apt_bolka (99791d25-cc6a-40d5-9fab-db8d91e26277): вро де всё
[19:33:54] Apt_bolka (99791d25-cc6a-40d5-9fab-db8d91e26277): всё нужное есть авто крафт
[19:34:02] Stxywxthme (6ce0cde9-8c92-4c66-96ad-6bffb9dfc01b): беспроводной соединитель
[19:34:07] Apt_bolka (99791d25-cc6a-40d5-9fab-db8d91e26277): а точно
[19:35:14] Stxywxthme (6ce0cde9-8c92-4c66-96ad-6bffb9dfc01b): пробуй заказать
[19:39:24] Stxywxthme (6ce0cde9-8c92-4c66-96ad-6bffb9dfc01b): имба
[19:39:27] Stxywxthme (6ce0cde9-8c92-4c66-96ad-6bffb9dfc01b): работает
[19:39:37] Apt_bolka (99791d25-cc6a-40d5-9fab-db8d91e26277): ток лук дракона не как не скрафтить
[19:40:00] Stxywxthme (6ce0cde9-8c92-4c66-96ad-6bffb9dfc01b): ?
[19:40:49] Stxywxthme (6ce0cde9-8c92-4c66-96ad-6bffb9dfc01b): сложно но можно сделать
[20:19:02] Apt_bolka (99791d25-cc6a-40d5-9fab-db8d91e26277): нужен хороший зарядник
[20:19:31] Stxywxthme (6ce0cde9-8c92-4c66-96ad-6bffb9dfc01b): ?
[20:19:56] Apt_bolka (99791d25-cc6a-40d5-9fab-db8d91e26277): у меня флакс кондёр оч долго заряжается
[20:20:01] Apt_bolka (99791d25-cc6a-40d5-9fab-db8d91e26277): и ток рядом с базой
[20:20:12] Apt_bolka (99791d25-cc6a-40d5-9fab-db8d91e26277): есть чот атернативно?
[20:20:29] Stxywxthme (6ce0cde9-8c92-4c66-96ad-6bffb9dfc01b): включил беспроводную зарядку
[20:20:49] Apt_bolka (99791d25-cc6a-40d5-9fab-db8d91e26277): зарядник из драконика норм?
[20:21:05] Stxywxthme (6ce0cde9-8c92-4c66-96ad-6bffb9dfc01b): дай кондер
[20:21:06] Apt_bolka (99791d25-cc6a-40d5-9fab-db8d91e26277): кст
[20:21:16] Apt_bolka (99791d25-cc6a-40d5-9fab-db8d91e26277): я дюпну
[20:21:17] Apt_bolka (99791d25-cc6a-40d5-9fab-db8d91e26277): и дам
[20:21:37] Apt_bolka (99791d25-cc6a-40d5-9fab-db8d91e26277): бери
[20:21:52] Apt_bolka (99791d25-cc6a-40d5-9fab-db8d91e26277): надо побольше кондёров надюпать
[20:22:12] Stxywxthme (6ce0cde9-8c92-4c66-96ad-6bffb9dfc01b): творческий буфер
[20:23:42] Apt_bolka (99791d25-cc6a-40d5-9fab-db8d91e26277): Крутой зарядник из chargers
[20:24:37] Apt_bolka (99791d25-cc6a-40d5-9fab-db8d91e26277): на
[20:24:50] Apt_bolka (99791d25-cc6a-40d5-9fab-db8d91e26277): через буфер их можно раздюпать
[20:24:55] Stxywxthme (6ce0cde9-8c92-4c66-96ad-6bffb9dfc01b): ок
[20:24:59] Stxywxthme (6ce0cde9-8c92-4c66-96ad-6bffb9dfc01b): зачем мне
[20:25:35] Apt_bolka (99791d25-cc6a-40d5-9fab-db8d91e26277): медленно
[20:25:40] Apt_bolka (99791d25-cc6a-40d5-9fab-db8d91e26277): надо улучшить
[20:25:44] Apt_bolka (99791d25-cc6a-40d5-9fab-db8d91e26277): выстрел стрелы
[20:25:47] Apt_bolka (99791d25-cc6a-40d5-9fab-db8d91e26277): ускорить
[20:27:09] Stxywxthme (6ce0cde9-8c92-4c66-96ad-6bffb9dfc01b): где моя эндерсумка?
[20:27:44] Apt_bolka (99791d25-cc6a-40d5-9fab-db8d91e26277): ну теперь убивать хаоса чтоль
[20:27:53] Apt_bolka (99791d25-cc6a-40d5-9fab-db8d91e26277): но чтоб его убить надо прокачать лук на скорсть стрелы
[20:28:00] Apt_bolka (99791d25-cc6a-40d5-9fab-db8d91e26277): кто из нас прокачает?
[20:28:03] Apt_bolka (99791d25-cc6a-40d5-9fab-db8d91e26277): и дюпнит
[20:30:48] Apt_bolka (99791d25-cc6a-40d5-9fab-db8d91e26277): g[[gg
[20:30:51] Apt_bolka (99791d25-cc6a-40d5-9fab-db8d91e26277): хпхпх чекай
[20:31:02] Stxywxthme (6ce0cde9-8c92-4c66-96ad-6bffb9dfc01b): смотри
[20:31:05] Apt_bolka (99791d25-cc6a-40d5-9fab-db8d91e26277): я видел
[20:31:26] Stxywxthme (6ce0cde9-8c92-4c66-96ad-6bffb9dfc01b): ты видел песню?
[20:31:32] Apt_bolka (99791d25-cc6a-40d5-9fab-db8d91e26277): какую
[20:31:53] Stxywxthme (6ce0cde9-8c92-4c66-96ad-6bffb9dfc01b): просто возьми его в инвентарь
[20:32:02] Apt_bolka (99791d25-cc6a-40d5-9fab-db8d91e26277): ок
[20:32:05] Apt_bolka (99791d25-cc6a-40d5-9fab-db8d91e26277): мне чот пишет
[20:32:08] Stxywxthme (6ce0cde9-8c92-4c66-96ad-6bffb9dfc01b): да
[20:32:19] Apt_bolka (99791d25-cc6a-40d5-9fab-db8d91e26277): ?
[20:32:29] Stxywxthme (6ce0cde9-8c92-4c66-96ad-6bffb9dfc01b): типа пасхалка
[20:32:34] Apt_bolka (99791d25-cc6a-40d5-9fab-db8d91e26277): прикольно
[20:33:05] Apt_bolka (99791d25-cc6a-40d5-9fab-db8d91e26277): такс Го не подалёку заприватим и построем платформу где будем варп потом строить?
[20:33:15] Apt_bolka (99791d25-cc6a-40d5-9fab-db8d91e26277): или у нас внизу же кратор есть
[20:33:46] Apt_bolka (99791d25-cc6a-40d5-9fab-db8d91e26277): щя приду
[20:37:02] Apt_bolka (99791d25-cc6a-40d5-9fab-db8d91e26277): я тут
[20:37:10] Stxywxthme (6ce0cde9-8c92-4c66-96ad-6bffb9dfc01b): ага
[20:39:46] Stxywxthme (6ce0cde9-8c92-4c66-96ad-6bffb9dfc01b): норм?
[20:40:15] Apt_bolka (99791d25-cc6a-40d5-9fab-db8d91e26277): дай как
[20:40:19] Apt_bolka (99791d25-cc6a-40d5-9fab-db8d91e26277): посмотри
[20:40:23] Apt_bolka (99791d25-cc6a-40d5-9fab-db8d91e26277): посмотрю*
[20:40:38] Apt_bolka (99791d25-cc6a-40d5-9fab-db8d91e26277): там вроде сила же без разницы
[20:41:26] Apt_bolka (99791d25-cc6a-40d5-9fab-db8d91e26277): вопшем пойду делать я улучшение скорость стрелы
[20:41:35] Apt_bolka (99791d25-cc6a-40d5-9fab-db8d91e26277): дай свой лук его прокачивать буду потом дюпн
[20:48:33] Apt_bolka (99791d25-cc6a-40d5-9fab-db8d91e26277): всё
[20:48:41] Apt_bolka (99791d25-cc6a-40d5-9fab-db8d91e26277): можем идти на хаоса
[20:49:01] Apt_bolka (99791d25-cc6a-40d5-9fab-db8d91e26277): ./warp end
[20:49:24] Apt_bolka (99791d25-cc6a-40d5-9fab-db8d91e26277): а ты тепнуть можеш сразу на 10к кордов?
[20:49:41] Stxywxthme (6ce0cde9-8c92-4c66-96ad-6bffb9dfc01b): не могу
[20:49:45] Apt_bolka (99791d25-cc6a-40d5-9fab-db8d91e26277): Жалко
[20:49:55] Apt_bolka (99791d25-cc6a-40d5-9fab-db8d91e26277): а ты де
[20:50:16] Stxywxthme (6ce0cde9-8c92-4c66-96ad-6bffb9dfc01b): я полетел
[20:50:24] Apt_bolka (99791d25-cc6a-40d5-9fab-db8d91e26277): ок напишеш
[20:50:31] Apt_bolka (99791d25-cc6a-40d5-9fab-db8d91e26277): когда прилетиш я тепнусь
[20:52:54] Stxywxthme (6ce0cde9-8c92-4c66-96ad-6bffb9dfc01b): тп
[20:54:33] XBOST (ed244ead-df9a-464f-a48f-28478c7d8db3): ф
[20:56:00] XBOST (ed244ead-df9a-464f-a48f-28478c7d8db3): f
[20:56:05] Apt_bolka (99791d25-cc6a-40d5-9fab-db8d91e26277): весело
[20:56:24] Apt_bolka (99791d25-cc6a-40d5-9fab-db8d91e26277): и как его убивать если виверн броня не справляется
[20:56:37] Apt_bolka (99791d25-cc6a-40d5-9fab-db8d91e26277): а чтоб сделать дк надо уровень хаос
[20:56:50] Apt_bolka (99791d25-cc6a-40d5-9fab-db8d91e26277): весело ещё тот факт что у меня год
[20:57:04] XBOST (ed244ead-df9a-464f-a48f-28478c7d8db3): год никогда не помогал убить хауса
[20:57:09] XBOST (ed244ead-df9a-464f-a48f-28478c7d8db3): ему пох на гуд
[20:57:16] Apt_bolka (99791d25-cc6a-40d5-9fab-db8d91e26277): д я думал не пох
[20:57:35] Apt_bolka (99791d25-cc6a-40d5-9fab-db8d91e26277): что думаеш?
[20:57:46] Stxywxthme (6ce0cde9-8c92-4c66-96ad-6bffb9dfc01b): хз
[20:57:59] Apt_bolka (99791d25-cc6a-40d5-9fab-db8d91e26277): бл виверн грудак исчез
[20:58:03] Apt_bolka (99791d25-cc6a-40d5-9fab-db8d91e26277): дай свой я дюпну
[20:58:05] Stxywxthme (6ce0cde9-8c92-4c66-96ad-6bffb9dfc01b): тут
[20:58:39] Stxywxthme (6ce0cde9-8c92-4c66-96ad-6bffb9dfc01b): варп ютуб
[20:58:51] Apt_bolka (99791d25-cc6a-40d5-9fab-db8d91e26277): Знаю
[20:58:53] Apt_bolka (99791d25-cc6a-40d5-9fab-db8d91e26277): удалить?
[20:58:57] Stxywxthme (6ce0cde9-8c92-4c66-96ad-6bffb9dfc01b): да
[20:59:09] Apt_bolka (99791d25-cc6a-40d5-9fab-db8d91e26277): у меня прав нету)
[20:59:17] Stxywxthme (6ce0cde9-8c92-4c66-96ad-6bffb9dfc01b): ааххх кака
[20:59:19] Stxywxthme (6ce0cde9-8c92-4c66-96ad-6bffb9dfc01b): как
[20:59:30] Apt_bolka (99791d25-cc6a-40d5-9fab-db8d91e26277): ну просто пишет нету прав для этой команды
[20:59:37] Apt_bolka (99791d25-cc6a-40d5-9fab-db8d91e26277): поставить могу
[20:59:42] Apt_bolka (99791d25-cc6a-40d5-9fab-db8d91e26277): а удалить хуя
[21:00:06] Apt_bolka (99791d25-cc6a-40d5-9fab-db8d91e26277): ну чтоб убить хаоса надо чисто иметь норм полёт
[21:00:10] Apt_bolka (99791d25-cc6a-40d5-9fab-db8d91e26277): быстрый
[21:00:29] Apt_bolka (99791d25-cc6a-40d5-9fab-db8d91e26277): бл нам просто нехватает тупо осколовков хаоса
[21:01:41] Stxywxthme (6ce0cde9-8c92-4c66-96ad-6bffb9dfc01b): да
[21:02:38] Apt_bolka (99791d25-cc6a-40d5-9fab-db8d91e26277): какой самый быстрый полёт есть в каком то моде?
[21:02:56] Stxywxthme (6ce0cde9-8c92-4c66-96ad-6bffb9dfc01b): ну типа есть команда
[21:03:16] Apt_bolka (99791d25-cc6a-40d5-9fab-db8d91e26277): у меня есть ток спид по блокам
[21:03:18] Apt_bolka (99791d25-cc6a-40d5-9fab-db8d91e26277): а не в полёте
[21:03:26] Apt_bolka (99791d25-cc6a-40d5-9fab-db8d91e26277): или есть и в полёте
[21:03:31] Apt_bolka (99791d25-cc6a-40d5-9fab-db8d91e26277): я просто команды хуй знаю
[21:04:39] Apt_bolka (99791d25-cc6a-40d5-9fab-db8d91e26277): ну что попытка номер 2?
[21:04:45] Stxywxthme (6ce0cde9-8c92-4c66-96ad-6bffb9dfc01b): давай
[21:04:56] Apt_bolka (99791d25-cc6a-40d5-9fab-db8d91e26277): напишеш когда тп
[21:05:30] XBOST (ed244ead-df9a-464f-a48f-28478c7d8db3): xd
[21:06:39] XBOST (ed244ead-df9a-464f-a48f-28478c7d8db3): хахахаха
[21:07:05] XBOST (ed244ead-df9a-464f-a48f-28478c7d8db3): хелп,убейте босса неубиваемого
[21:07:12] Apt_bolka (99791d25-cc6a-40d5-9fab-db8d91e26277): ок
[21:07:46] XBOST (ed244ead-df9a-464f-a48f-28478c7d8db3): ахахахха
[21:08:12] XBOST (ed244ead-df9a-464f-a48f-28478c7d8db3): это тебе не хаус
[21:08:40] Apt_bolka (99791d25-cc6a-40d5-9fab-db8d91e26277): пиздец блять
[21:09:12] XBOST (ed244ead-df9a-464f-a48f-28478c7d8db3): ахахахах
[21:09:15] XBOST (ed244ead-df9a-464f-a48f-28478c7d8db3): броня уже сломалась
[21:09:16] Apt_bolka (99791d25-cc6a-40d5-9fab-db8d91e26277): я меч куда
[21:09:27] Apt_bolka (99791d25-cc6a-40d5-9fab-db8d91e26277): повер ты меч подобрал)
[21:09:33] Stxywxthme (6ce0cde9-8c92-4c66-96ad-6bffb9dfc01b): yf
[21:09:45] Apt_bolka (99791d25-cc6a-40d5-9fab-db8d91e26277): мутузь
[21:09:48] Apt_bolka (99791d25-cc6a-40d5-9fab-db8d91e26277): я как статуя
[21:09:56] [CAPS] Apt_bolka (99791d25-cc6a-40d5-9fab-db8d91e26277): пххпхп
[21:09:59] Apt_bolka (99791d25-cc6a-40d5-9fab-db8d91e26277): ты админ бл
[21:09:59] XBOST (ed244ead-df9a-464f-a48f-28478c7d8db3): э
[21:10:08] Apt_bolka (99791d25-cc6a-40d5-9fab-db8d91e26277): у тя доступ к приватам етсь
[21:10:39] XBOST (ed244ead-df9a-464f-a48f-28478c7d8db3): пох не критично
[21:10:44] Apt_bolka (99791d25-cc6a-40d5-9fab-db8d91e26277): давайте я его просто закапаю)
[21:10:50] XBOST (ed244ead-df9a-464f-a48f-28478c7d8db3): он тпнется
[21:11:32] Apt_bolka (99791d25-cc6a-40d5-9fab-db8d91e26277): хуй с ним
[21:11:35] Apt_bolka (99791d25-cc6a-40d5-9fab-db8d91e26277): задеспавнится
[21:11:49] Apt_bolka (99791d25-cc6a-40d5-9fab-db8d91e26277): д его не убить
[21:11:55] XBOST (ed244ead-df9a-464f-a48f-28478c7d8db3): это вам не хаус
[21:12:01] Apt_bolka (99791d25-cc6a-40d5-9fab-db8d91e26277): а видимо пропал щит
[21:12:11] Stxywxthme (6ce0cde9-8c92-4c66-96ad-6bffb9dfc01b): убил
[21:12:16] Apt_bolka (99791d25-cc6a-40d5-9fab-db8d91e26277): харош
[21:12:16] XBOST (ed244ead-df9a-464f-a48f-28478c7d8db3): и че выпало с него
[21:12:52] Apt_bolka (99791d25-cc6a-40d5-9fab-db8d91e26277): лан повер ты лети на хаоса напишеш я тепнусь
[21:13:24] Apt_bolka (99791d25-cc6a-40d5-9fab-db8d91e26277): весело у вас тут
[21:16:49] Stxywxthme (6ce0cde9-8c92-4c66-96ad-6bffb9dfc01b): тп
[21:17:17] Stxywxthme (6ce0cde9-8c92-4c66-96ad-6bffb9dfc01b): хммм
[21:19:17] Apt_bolka (99791d25-cc6a-40d5-9fab-db8d91e26277): /v не робит от всё равно видет
[21:19:43] XBOST (ed244ead-df9a-464f-a48f-28478c7d8db3): а я думаю куда вы пропали
[21:19:54] Apt_bolka (99791d25-cc6a-40d5-9fab-db8d91e26277): весело
[21:20:05] Stxywxthme (6ce0cde9-8c92-4c66-96ad-6bffb9dfc01b): тп
[21:20:35] XBOST (ed244ead-df9a-464f-a48f-28478c7d8db3): а если я в котел буду кучу ресов кидать загрязнения же не будет
[21:20:40] XBOST (ed244ead-df9a-464f-a48f-28478c7d8db3): я чет читал что отключено
[21:22:22] Apt_bolka (99791d25-cc6a-40d5-9fab-db8d91e26277): повер /back
[21:22:23] XBOST (ed244ead-df9a-464f-a48f-28478c7d8db3): все нашел?
[21:22:37] LaNipge (347d9fd5-d990-49a9-9903-2d39a3b73974): пинга не нашел нормального
[21:23:30] Stxywxthme (6ce0cde9-8c92-4c66-96ad-6bffb9dfc01b): тп
[21:25:35] XBOST (ed244ead-df9a-464f-a48f-28478c7d8db3): че за хата
[21:26:01] LaNipge (347d9fd5-d990-49a9-9903-2d39a3b73974): гига стены
[21:26:15] XBOST (ed244ead-df9a-464f-a48f-28478c7d8db3): они все равно будут тпатся с фермы
[21:26:38] LaNipge (347d9fd5-d990-49a9-9903-2d39a3b73974): ща мусорку сделаю
[21:27:16] XBOST (ed244ead-df9a-464f-a48f-28478c7d8db3): пох я вырублю ее и все
[21:37:10] Apt_bolka (99791d25-cc6a-40d5-9fab-db8d91e26277): повер ты де
[21:37:31] Stxywxthme (6ce0cde9-8c92-4c66-96ad-6bffb9dfc01b): у дк хаоса
[21:37:43] Apt_bolka (99791d25-cc6a-40d5-9fab-db8d91e26277): ты до сих пор живёш?
[21:39:05] Stxywxthme (6ce0cde9-8c92-4c66-96ad-6bffb9dfc01b): нет
[21:39:14] Stxywxthme (6ce0cde9-8c92-4c66-96ad-6bffb9dfc01b): я отошел на немного
[21:39:17] Apt_bolka (99791d25-cc6a-40d5-9fab-db8d91e26277): пон
[21:42:07] Apt_bolka (99791d25-cc6a-40d5-9fab-db8d91e26277): Повер когда спать?
[21:43:07] LaNipge (347d9fd5-d990-49a9-9903-2d39a3b73974): блять
[21:43:37] LaNipge (347d9fd5-d990-49a9-9903-2d39a3b73974): блять
[21:43:48] Stxywxthme (6ce0cde9-8c92-4c66-96ad-6bffb9dfc01b): хз
[21:45:34] Apt_bolka (99791d25-cc6a-40d5-9fab-db8d91e26277): блять
[21:46:38] Apt_bolka (99791d25-cc6a-40d5-9fab-db8d91e26277): был бы атернативный крафт осколков
[21:46:48] Apt_bolka (99791d25-cc6a-40d5-9fab-db8d91e26277): даже чтоб душу сделать надо осколки
[21:47:11] XBOST (ed244ead-df9a-464f-a48f-28478c7d8db3): Stxywxthme братец,ты нам дробитель взорвал
[21:47:20] Apt_bolka (99791d25-cc6a-40d5-9fab-db8d91e26277): а ты можеш из гм взять нам дк сет?
[21:47:31] Apt_bolka (99791d25-cc6a-40d5-9fab-db8d91e26277): а то уже реально бред
[21:47:34] Apt_bolka (99791d25-cc6a-40d5-9fab-db8d91e26277): щя с верну
[21:47:41] XBOST (ed244ead-df9a-464f-a48f-28478c7d8db3): из эндер ио
[21:48:06] Apt_bolka (99791d25-cc6a-40d5-9fab-db8d91e26277): он?
[21:48:06] XBOST (ed244ead-df9a-464f-a48f-28478c7d8db3): не такой
[21:48:09] Apt_bolka (99791d25-cc6a-40d5-9fab-db8d91e26277): ок щя
[21:48:18] XBOST (ed244ead-df9a-464f-a48f-28478c7d8db3): который получше будет
[21:48:45] XBOST (ed244ead-df9a-464f-a48f-28478c7d8db3): это завод
[21:48:47] Apt_bolka (99791d25-cc6a-40d5-9fab-db8d91e26277): ой бл
[21:50:38] XBOST (ed244ead-df9a-464f-a48f-28478c7d8db3): все,спс
[21:51:48] Apt_bolka (99791d25-cc6a-40d5-9fab-db8d91e26277): ты как его убил
[21:52:11] Stxywxthme (6ce0cde9-8c92-4c66-96ad-6bffb9dfc01b): прочитай гайд
[21:52:23] XBOST (ed244ead-df9a-464f-a48f-28478c7d8db3): это он кинул?
[21:52:31] Apt_bolka (99791d25-cc6a-40d5-9fab-db8d91e26277): ну я знаю что там нужна быстрая скорость
[21:52:33] LaNipge (347d9fd5-d990-49a9-9903-2d39a3b73974): ад
[21:52:35] LaNipge (347d9fd5-d990-49a9-9903-2d39a3b73974): да
[21:52:37] Apt_bolka (99791d25-cc6a-40d5-9fab-db8d91e26277): чтоб он попасть не смог
[21:52:38] XBOST (ed244ead-df9a-464f-a48f-28478c7d8db3): компенсация типо понял
[21:52:39] Apt_bolka (99791d25-cc6a-40d5-9fab-db8d91e26277): ладно
[21:52:47] Apt_bolka (99791d25-cc6a-40d5-9fab-db8d91e26277): Давай осколки пихать в буфер
[21:52:48] LaNipge (347d9fd5-d990-49a9-9903-2d39a3b73974): компенсация за помощь?
[21:52:52] LaNipge (347d9fd5-d990-49a9-9903-2d39a3b73974): (
[21:53:30] Apt_bolka (99791d25-cc6a-40d5-9fab-db8d91e26277): в буфер осколки пихни
[21:53:37] Apt_bolka (99791d25-cc6a-40d5-9fab-db8d91e26277): чтоб у нас их было дахрена
[21:54:28] Apt_bolka (99791d25-cc6a-40d5-9fab-db8d91e26277): повер?
[21:57:20] XBOST (ed244ead-df9a-464f-a48f-28478c7d8db3): ардит если найдешь
[21:57:22] XBOST (ed244ead-df9a-464f-a48f-28478c7d8db3): вскопай
[22:02:47] Apt_bolka (99791d25-cc6a-40d5-9fab-db8d91e26277): удачи я тогда щяс сделаю Уровень хаоса и тоже спать
[22:03:17] XBOST (ed244ead-df9a-464f-a48f-28478c7d8db3): prometheum ore а как мне добыть руду у меня уровень добычи кобальт,а добыть незя
[22:03:31] XBOST (ed244ead-df9a-464f-a48f-28478c7d8db3): prometheum ore а как мне добыть руду у меня уровень добычи кобальт,а добыть незя
[22:04:02] Apt_bolka (99791d25-cc6a-40d5-9fab-db8d91e26277): Сделай добычу Маньюлит или Ардит
[22:15:13] LaNipge (347d9fd5-d990-49a9-9903-2d39a3b73974): а мне
[22:15:24] XBOST (ed244ead-df9a-464f-a48f-28478c7d8db3): сделай
[22:15:40] XBOST (ed244ead-df9a-464f-a48f-28478c7d8db3): 685 прочности
[22:15:57] XBOST (ed244ead-df9a-464f-a48f-28478c7d8db3): че делаешь кста
[22:16:06] LaNipge (347d9fd5-d990-49a9-9903-2d39a3b73974): реактор
[22:16:14] XBOST (ed244ead-df9a-464f-a48f-28478c7d8db3): какой
[22:20:10] XBOST (ed244ead-df9a-464f-a48f-28478c7d8db3): все равно добыть не могу(
[22:21:21] XBOST (ed244ead-df9a-464f-a48f-28478c7d8db3): ez
[22:21:29] XBOST (ed244ead-df9a-464f-a48f-28478c7d8db3): che
[22:21:46] Apt_bolka (99791d25-cc6a-40d5-9fab-db8d91e26277): .ус
[22:32:14] XBOST (ed244ead-df9a-464f-a48f-28478c7d8db3): че
[22:32:15] XBOST (ed244ead-df9a-464f-a48f-28478c7d8db3): откуда
[22:32:24] LaNipge (347d9fd5-d990-49a9-9903-2d39a3b73974): чё
[22:32:48] XBOST (ed244ead-df9a-464f-a48f-28478c7d8db3): ты из экстрима делаешь реактор?
[22:32:54] LaNipge (347d9fd5-d990-49a9-9903-2d39a3b73974): да
[22:35:35] XBOST (ed244ead-df9a-464f-a48f-28478c7d8db3): а генсуха с десаутом встречалась?
[22:35:46] LaNipge (347d9fd5-d990-49a9-9903-2d39a3b73974): секрет
[22:35:53] XBOST (ed244ead-df9a-464f-a48f-28478c7d8db3): ну скажи
[22:40:07] XBOST (ed244ead-df9a-464f-a48f-28478c7d8db3): ура блять
[22:41:21] XBOST (ed244ead-df9a-464f-a48f-28478c7d8db3): пойду кабель пиздить
[22:46:29] XBOST (ed244ead-df9a-464f-a48f-28478c7d8db3): че тебе ваня написал?
[22:46:55] LaNipge (347d9fd5-d990-49a9-9903-2d39a3b73974): нет
[22:47:03] XBOST (ed244ead-df9a-464f-a48f-28478c7d8db3): дай чизел
[22:47:59] LaNipge (347d9fd5-d990-49a9-9903-2d39a3b73974): а че во сколько завтра? или я мб нахуй не нужен?
[22:48:08] XBOST (ed244ead-df9a-464f-a48f-28478c7d8db3): а че не хочешь чтоли
[22:48:15] XBOST (ed244ead-df9a-464f-a48f-28478c7d8db3): я сказал ты 100 проц идешь
[22:48:25] LaNipge (347d9fd5-d990-49a9-9903-2d39a3b73974): я вопрос задал
[22:48:30] LaNipge (347d9fd5-d990-49a9-9903-2d39a3b73974): ответь
[22:48:33] XBOST (ed244ead-df9a-464f-a48f-28478c7d8db3): я хз во скок
[22:48:46] LaNipge (347d9fd5-d990-49a9-9903-2d39a3b73974): ну вечером?
[22:48:53] XBOST (ed244ead-df9a-464f-a48f-28478c7d8db3): да скорей всего
[22:48:55] XBOST (ed244ead-df9a-464f-a48f-28478c7d8db3): не с утра же
[22:49:55] XBOST (ed244ead-df9a-464f-a48f-28478c7d8db3): и че как строится
[22:50:01] XBOST (ed244ead-df9a-464f-a48f-28478c7d8db3): мне уже надо строится
[22:50:55] LaNipge (347d9fd5-d990-49a9-9903-2d39a3b73974): че строить будешь
[22:51:01] XBOST (ed244ead-df9a-464f-a48f-28478c7d8db3): автокрафты
[22:51:08] XBOST (ed244ead-df9a-464f-a48f-28478c7d8db3): вниз по дефолту?
[22:51:54] XBOST (ed244ead-df9a-464f-a48f-28478c7d8db3): пох я вниз строюсь
[22:52:24] LaNipge (347d9fd5-d990-49a9-9903-2d39a3b73974): вверх
[22:52:30] LaNipge (347d9fd5-d990-49a9-9903-2d39a3b73974): вниз приват 10 блоков
[22:52:34] XBOST (ed244ead-df9a-464f-a48f-28478c7d8db3): схуев
[22:53:00] LaNipge (347d9fd5-d990-49a9-9903-2d39a3b73974): я так приватил
[22:53:04] LaNipge (347d9fd5-d990-49a9-9903-2d39a3b73974): надо переприватить
[22:53:14] XBOST (ed244ead-df9a-464f-a48f-28478c7d8db3): го переприватим по 4 чанка
[22:53:26] XBOST (ed244ead-df9a-464f-a48f-28478c7d8db3): тут прогруз как говорят 5 на 5
[22:53:57] XBOST (ed244ead-df9a-464f-a48f-28478c7d8db3): го 8 на 8 заприватим и все
[22:54:04] XBOST (ed244ead-df9a-464f-a48f-28478c7d8db3): удаляй все приваты
[22:54:57] LaNipge (347d9fd5-d990-49a9-9903-2d39a3b73974): удалил
[22:55:11] LaNipge (347d9fd5-d990-49a9-9903-2d39a3b73974): бля чел
[22:55:16] LaNipge (347d9fd5-d990-49a9-9903-2d39a3b73974): 3х3 хватит за глаза
[22:55:31] LaNipge (347d9fd5-d990-49a9-9903-2d39a3b73974): и оставить на нетфть условно
[22:55:49] LaNipge (347d9fd5-d990-49a9-9903-2d39a3b73974): а ты рядом со мной моежшь приватить?
[22:55:58] XBOST (ed244ead-df9a-464f-a48f-28478c7d8db3): хз
[22:55:59] LaNipge (347d9fd5-d990-49a9-9903-2d39a3b73974): вплотную
[22:57:29] XBOST (ed244ead-df9a-464f-a48f-28478c7d8db3): все
[22:57:32] XBOST (ed244ead-df9a-464f-a48f-28478c7d8db3): 3 на 3 ебанул
[22:57:52] LaNipge (347d9fd5-d990-49a9-9903-2d39a3b73974): а
[22:57:59] LaNipge (347d9fd5-d990-49a9-9903-2d39a3b73974): мне ниче не надо?
[22:58:01] XBOST (ed244ead-df9a-464f-a48f-28478c7d8db3): нет
[22:58:04] XBOST (ed244ead-df9a-464f-a48f-28478c7d8db3): чизел дай
[22:58:07] LaNipge (347d9fd5-d990-49a9-9903-2d39a3b73974): а в низ сколько?*
[22:58:21] XBOST (ed244ead-df9a-464f-a48f-28478c7d8db3): до бедрока
[22:59:54] LaNipge (347d9fd5-d990-49a9-9903-2d39a3b73974): точно все в привате?
[23:00:04] XBOST (ed244ead-df9a-464f-a48f-28478c7d8db3): da
[23:01:35] LaNipge (347d9fd5-d990-49a9-9903-2d39a3b73974): сломал(
[23:02:29] XBOST (ed244ead-df9a-464f-a48f-28478c7d8db3): че сломал
[23:02:33] LaNipge (347d9fd5-d990-49a9-9903-2d39a3b73974): портал
[23:02:37] XBOST (ed244ead-df9a-464f-a48f-28478c7d8db3): пох
[23:02:49] LaNipge (347d9fd5-d990-49a9-9903-2d39a3b73974): поставь границы, я не понимаю сколько копать
[23:13:15] LaNipge (347d9fd5-d990-49a9-9903-2d39a3b73974): а де угле цветки
[23:13:21] XBOST (ed244ead-df9a-464f-a48f-28478c7d8db3): снес нахуй
[23:15:42] LaNipge (347d9fd5-d990-49a9-9903-2d39a3b73974): 60 фпс
[23:15:49] XBOST (ed244ead-df9a-464f-a48f-28478c7d8db3): 120
[23:29:14] XBOST (ed244ead-df9a-464f-a48f-28478c7d8db3): я уже квантовую сделал
[23:29:17] XBOST (ed244ead-df9a-464f-a48f-28478c7d8db3): а ты ток нано
[23:29:18] XBOST (ed244ead-df9a-464f-a48f-28478c7d8db3): лох
[23:29:25] LaNipge (347d9fd5-d990-49a9-9903-2d39a3b73974): жмакни на печку
[23:29:33] LaNipge (347d9fd5-d990-49a9-9903-2d39a3b73974): ало
[23:31:59] XBOST (ed244ead-df9a-464f-a48f-28478c7d8db3): кажется через 30 мин заканчиваем играть
[23:32:08] LaNipge (347d9fd5-d990-49a9-9903-2d39a3b73974): почему
[23:32:14] XBOST (ed244ead-df9a-464f-a48f-28478c7d8db3): рестарт
[23:32:19] LaNipge (347d9fd5-d990-49a9-9903-2d39a3b73974): и че
[23:32:21] XBOST (ed244ead-df9a-464f-a48f-28478c7d8db3): а как правило рестарты не работают тут
[23:32:28] XBOST (ed244ead-df9a-464f-a48f-28478c7d8db3): сервер не запускается сам потом
[23:33:02] LaNipge (347d9fd5-d990-49a9-9903-2d39a3b73974): а если на панельку тыкать, она больше вырабатывает?
[23:33:10] XBOST (ed244ead-df9a-464f-a48f-28478c7d8db3): хз
[23:33:27] XBOST (ed244ead-df9a-464f-a48f-28478c7d8db3): не
[23:33:32] XBOST (ed244ead-df9a-464f-a48f-28478c7d8db3): провода дерьмо
[23:33:39] LaNipge (347d9fd5-d990-49a9-9903-2d39a3b73974): факт
[23:34:18] XBOST (ed244ead-df9a-464f-a48f-28478c7d8db3): ооо
[23:34:19] XBOST (ed244ead-df9a-464f-a48f-28478c7d8db3): повезло
[23:35:12] XBOST (ed244ead-df9a-464f-a48f-28478c7d8db3): ща приду
[23:57:34] XBOST (ed244ead-df9a-464f-a48f-28478c7d8db3): чел до сих пор синал делает вручную
[23:57:42] XBOST (ed244ead-df9a-464f-a48f-28478c7d8db3): а
[23:57:42] LaNipge (347d9fd5-d990-49a9-9903-2d39a3b73974): эндериум
[23:57:44] XBOST (ed244ead-df9a-464f-a48f-28478c7d8db3): не синал
