[12:06:11] Stxywxthme (6ce0cde9-8c92-4c66-96ad-6bffb9dfc01b): ммм
[12:06:17] Stxywxthme (6ce0cde9-8c92-4c66-96ad-6bffb9dfc01b): на сервере 6 тпс
[12:08:22] Stxywxthme (6ce0cde9-8c92-4c66-96ad-6bffb9dfc01b): давай я тпнусь и посмотрю что там
[12:10:08] Stxywxthme (6ce0cde9-8c92-4c66-96ad-6bffb9dfc01b): где твоя ферма душ
[12:12:02] Stxywxthme (6ce0cde9-8c92-4c66-96ad-6bffb9dfc01b): где твоя ферма душ
[12:12:21] Stxywxthme (6ce0cde9-8c92-4c66-96ad-6bffb9dfc01b): хммм
[12:17:00] Stxywxthme (6ce0cde9-8c92-4c66-96ad-6bffb9dfc01b): 11 тпс
[12:17:20] Stxywxthme (6ce0cde9-8c92-4c66-96ad-6bffb9dfc01b): бля
[12:17:26] Stxywxthme (6ce0cde9-8c92-4c66-96ad-6bffb9dfc01b): тут очень много мобов
[12:18:39] Stxywxthme (6ce0cde9-8c92-4c66-96ad-6bffb9dfc01b): тут реально много мобов
[12:19:16] Nergaloff (88da800e-1614-4c65-ace8-c18f7e99e914): а схуяли
[12:19:21] Nergaloff (88da800e-1614-4c65-ace8-c18f7e99e914): такого не было никогда
[12:19:31] Nergaloff (88da800e-1614-4c65-ace8-c18f7e99e914): блин донат кончился
[12:19:36] Stxywxthme (6ce0cde9-8c92-4c66-96ad-6bffb9dfc01b): норм
[12:20:02] Stxywxthme (6ce0cde9-8c92-4c66-96ad-6bffb9dfc01b): бляяяяяя
[12:20:44] Stxywxthme (6ce0cde9-8c92-4c66-96ad-6bffb9dfc01b): мб у тебя водянная свеча есть?
[12:20:50] Nergaloff (88da800e-1614-4c65-ace8-c18f7e99e914): она стоит на базе
[12:20:55] Stxywxthme (6ce0cde9-8c92-4c66-96ad-6bffb9dfc01b): убери ее
[12:21:27] Stxywxthme (6ce0cde9-8c92-4c66-96ad-6bffb9dfc01b): она повышает спавнрейт
[12:21:35] Nergaloff (88da800e-1614-4c65-ace8-c18f7e99e914): а разве не убирает?
[12:21:43] Stxywxthme (6ce0cde9-8c92-4c66-96ad-6bffb9dfc01b): нет
[12:22:46] Nergaloff (88da800e-1614-4c65-ace8-c18f7e99e914): странности конечно
[12:23:01] Nergaloff (88da800e-1614-4c65-ace8-c18f7e99e914): реально столько не было
[12:23:25] Stxywxthme (6ce0cde9-8c92-4c66-96ad-6bffb9dfc01b): часы делаются легко
[12:23:48] Nergaloff (88da800e-1614-4c65-ace8-c18f7e99e914): какие часы
[12:23:54] Stxywxthme (6ce0cde9-8c92-4c66-96ad-6bffb9dfc01b): flowing time
[12:24:06] Stxywxthme (6ce0cde9-8c92-4c66-96ad-6bffb9dfc01b): тут 500 мобов
[12:24:19] Stxywxthme (6ce0cde9-8c92-4c66-96ad-6bffb9dfc01b): хммм
[12:24:26] Stxywxthme (6ce0cde9-8c92-4c66-96ad-6bffb9dfc01b): щас кое-что сделаю
[12:24:28] Nergaloff (88da800e-1614-4c65-ace8-c18f7e99e914): пойду спавнеры вырублю
[12:28:51] Nergaloff (88da800e-1614-4c65-ace8-c18f7e99e914): чет нихуя не поменялось
[12:29:06] Stxywxthme (6ce0cde9-8c92-4c66-96ad-6bffb9dfc01b): ща пойду и исправлю
[12:30:33] Stxywxthme (6ce0cde9-8c92-4c66-96ad-6bffb9dfc01b): смотри
[12:31:44] Nergaloff (88da800e-1614-4c65-ace8-c18f7e99e914): может аптечка перед отпуском решил спавнрейт похерить
[12:33:23] Nergaloff (88da800e-1614-4c65-ace8-c18f7e99e914): ой нахуй, вернусь когда он вернется
[12:33:29] Stxywxthme (6ce0cde9-8c92-4c66-96ad-6bffb9dfc01b): ок
