[08:20:57] Stxywxthme (6ce0cde9-8c92-4c66-96ad-6bffb9dfc01b): я так посмотрел
[08:21:17] Stxywxthme (6ce0cde9-8c92-4c66-96ad-6bffb9dfc01b): похоже что лагают цветы из ботании
[08:33:16] Stxywxthme (6ce0cde9-8c92-4c66-96ad-6bffb9dfc01b): крч
[08:33:26] Stxywxthme (6ce0cde9-8c92-4c66-96ad-6bffb9dfc01b): я буду тратить твою ману
[08:47:21] Stxywxthme (6ce0cde9-8c92-4c66-96ad-6bffb9dfc01b): хммм
[08:47:35] Stxywxthme (6ce0cde9-8c92-4c66-96ad-6bffb9dfc01b): тут нет молнии но меня что-то бьет
[11:35:41] XBOST (ed244ead-df9a-464f-a48f-28478c7d8db3): ку
[11:38:06] Stxywxthme (6ce0cde9-8c92-4c66-96ad-6bffb9dfc01b): ура норм тпс
[11:38:19] Stxywxthme (6ce0cde9-8c92-4c66-96ad-6bffb9dfc01b): ку
[15:34:51] XBOST (ed244ead-df9a-464f-a48f-28478c7d8db3): коричневый цветок анриал найти походуц
[15:35:38] XBOST (ed244ead-df9a-464f-a48f-28478c7d8db3): у меня уже все есть кроме коричнего
[15:35:51] XBOST (ed244ead-df9a-464f-a48f-28478c7d8db3): стоило поныть и нашел
[15:35:53] LaNipge (347d9fd5-d990-49a9-9903-2d39a3b73974): найдем
[15:35:57] LaNipge (347d9fd5-d990-49a9-9903-2d39a3b73974): а
[15:35:59] LaNipge (347d9fd5-d990-49a9-9903-2d39a3b73974): ок
[15:37:22] XBOST (ed244ead-df9a-464f-a48f-28478c7d8db3): осветительный порошок нужен
[15:40:41] LaNipge (347d9fd5-d990-49a9-9903-2d39a3b73974): число и up или down
[15:43:12] LaNipge (347d9fd5-d990-49a9-9903-2d39a3b73974): ищу
[15:43:23] LaNipge (347d9fd5-d990-49a9-9903-2d39a3b73974): уже в книжке прочитал что в горах искать надо
[15:44:47] LaNipge (347d9fd5-d990-49a9-9903-2d39a3b73974): )
[15:44:54] XBOST (ed244ead-df9a-464f-a48f-28478c7d8db3): спасибо
[15:46:01] XBOST (ed244ead-df9a-464f-a48f-28478c7d8db3): я тут чанк ес че еще один заприватид
[15:46:28] XBOST (ed244ead-df9a-464f-a48f-28478c7d8db3): палка есть?
[15:46:36] LaNipge (347d9fd5-d990-49a9-9903-2d39a3b73974): нет
[15:47:02] XBOST (ed244ead-df9a-464f-a48f-28478c7d8db3): а как сделать без палки
[15:47:11] XBOST (ed244ead-df9a-464f-a48f-28478c7d8db3): нах ты поспал дебил
[15:53:28] XBOST (ed244ead-df9a-464f-a48f-28478c7d8db3): скок выбил
[15:53:38] LaNipge (347d9fd5-d990-49a9-9903-2d39a3b73974): 2
[15:53:44] XBOST (ed244ead-df9a-464f-a48f-28478c7d8db3): а надо 4
[15:54:15] XBOST (ed244ead-df9a-464f-a48f-28478c7d8db3): че нибудь годное выпало?
[15:54:22] XBOST (ed244ead-df9a-464f-a48f-28478c7d8db3): мне вот это выпало
[15:54:45] LaNipge (347d9fd5-d990-49a9-9903-2d39a3b73974): 12 стали
[15:56:04] XBOST (ed244ead-df9a-464f-a48f-28478c7d8db3): ночь не скипай
[16:02:11] XBOST (ed244ead-df9a-464f-a48f-28478c7d8db3): нам нужен завод сплавов из ic чекни крафт)
[16:02:31] LaNipge (347d9fd5-d990-49a9-9903-2d39a3b73974): а эт че
[16:02:44] LaNipge (347d9fd5-d990-49a9-9903-2d39a3b73974): а
[16:02:50] XBOST (ed244ead-df9a-464f-a48f-28478c7d8db3): слитик алюминида титано надо
[16:02:54] XBOST (ed244ead-df9a-464f-a48f-28478c7d8db3): он ток в нем делается
[16:03:08] XBOST (ed244ead-df9a-464f-a48f-28478c7d8db3): поспим?
[16:04:27] XBOST (ed244ead-df9a-464f-a48f-28478c7d8db3): крч надо делать его
[16:04:29] XBOST (ed244ead-df9a-464f-a48f-28478c7d8db3): хули делать
[16:04:33] XBOST (ed244ead-df9a-464f-a48f-28478c7d8db3): без него никак
[16:04:41] LaNipge (347d9fd5-d990-49a9-9903-2d39a3b73974): ну давай
[16:04:46] XBOST (ed244ead-df9a-464f-a48f-28478c7d8db3): но перед этим я пойду покушаю
[16:04:59] LaNipge (347d9fd5-d990-49a9-9903-2d39a3b73974): а потом в доту
[16:05:04] LaNipge (347d9fd5-d990-49a9-9903-2d39a3b73974): не нарушай традиции
[16:05:05] XBOST (ed244ead-df9a-464f-a48f-28478c7d8db3): пока не зовут
[16:05:12] XBOST (ed244ead-df9a-464f-a48f-28478c7d8db3): чел я весь день в майн играю
[16:05:19] XBOST (ed244ead-df9a-464f-a48f-28478c7d8db3): я не виноват что ты так встал поздно
[16:20:53] XBOST (ed244ead-df9a-464f-a48f-28478c7d8db3): че нибудь сделал?
[16:22:09] XBOST (ed244ead-df9a-464f-a48f-28478c7d8db3): м?
[16:22:13] LaNipge (347d9fd5-d990-49a9-9903-2d39a3b73974): делаю
[16:22:31] XBOST (ed244ead-df9a-464f-a48f-28478c7d8db3): буду печь крч делать из ic
[16:22:33] XBOST (ed244ead-df9a-464f-a48f-28478c7d8db3): ок?
[16:22:38] LaNipge (347d9fd5-d990-49a9-9903-2d39a3b73974): делаю
[16:22:42] LaNipge (347d9fd5-d990-49a9-9903-2d39a3b73974): завод сплавов
[16:22:48] XBOST (ed244ead-df9a-464f-a48f-28478c7d8db3): ок
[16:22:52] LaNipge (347d9fd5-d990-49a9-9903-2d39a3b73974): сделай лучше печи для нее
[16:22:56] LaNipge (347d9fd5-d990-49a9-9903-2d39a3b73974): там 2
[16:23:13] XBOST (ed244ead-df9a-464f-a48f-28478c7d8db3): ты про заводы сплавов?
[16:23:18] LaNipge (347d9fd5-d990-49a9-9903-2d39a3b73974): ну да
[16:23:22] XBOST (ed244ead-df9a-464f-a48f-28478c7d8db3): ща сделаю
[16:26:36] LaNipge (347d9fd5-d990-49a9-9903-2d39a3b73974): сжиматель нужен
[16:26:40] LaNipge (347d9fd5-d990-49a9-9903-2d39a3b73974): из ик2
[16:26:57] XBOST (ed244ead-df9a-464f-a48f-28478c7d8db3): сделай
[16:26:57] LaNipge (347d9fd5-d990-49a9-9903-2d39a3b73974): сделаю
[16:30:24] XBOST (ed244ead-df9a-464f-a48f-28478c7d8db3): спим?
[16:34:24] XBOST (ed244ead-df9a-464f-a48f-28478c7d8db3): обса есть?
[16:45:45] XBOST (ed244ead-df9a-464f-a48f-28478c7d8db3): я видел ты темную сталь делал
[16:45:47] XBOST (ed244ead-df9a-464f-a48f-28478c7d8db3): где она?
[16:46:03] LaNipge (347d9fd5-d990-49a9-9903-2d39a3b73974): nety
[16:59:09] XBOST (ed244ead-df9a-464f-a48f-28478c7d8db3): забери свое
[17:17:45] LaNipge (347d9fd5-d990-49a9-9903-2d39a3b73974): пойду кофий налью
[17:23:33] LaNipge (347d9fd5-d990-49a9-9903-2d39a3b73974): а че в нагреватель наливать надо
[17:23:39] XBOST (ed244ead-df9a-464f-a48f-28478c7d8db3): лаву наверн
[17:31:10] LaNipge (347d9fd5-d990-49a9-9903-2d39a3b73974): а мы к чему щас стремимся то
[17:31:15] LaNipge (347d9fd5-d990-49a9-9903-2d39a3b73974): для чего завод
[17:31:32] XBOST (ed244ead-df9a-464f-a48f-28478c7d8db3): хз я мехи всякие крафу
[17:31:46] XBOST (ed244ead-df9a-464f-a48f-28478c7d8db3): если хочешь сварочный аппарат сделай
[17:32:14] XBOST (ed244ead-df9a-464f-a48f-28478c7d8db3): с помощью него трубы делаются и можно будет все мехи охлаждать
[17:33:52] LaNipge (347d9fd5-d990-49a9-9903-2d39a3b73974): впринципе для ме нужен только нпз
[17:34:01] LaNipge (347d9fd5-d990-49a9-9903-2d39a3b73974): и нефть соответственно
[17:38:50] XBOST (ed244ead-df9a-464f-a48f-28478c7d8db3): че делаешь
[18:15:14] LaNipge (347d9fd5-d990-49a9-9903-2d39a3b73974): zzz
[18:16:41] XBOST (ed244ead-df9a-464f-a48f-28478c7d8db3): чек крафт слиток алюминиевой бронзы)
[18:47:30] XBOST (ed244ead-df9a-464f-a48f-28478c7d8db3): та не просто чтобы сделать сварочный аппарат надо 2 завода сплава
[18:47:41] XBOST (ed244ead-df9a-464f-a48f-28478c7d8db3): один обычный,другой улучшенный
[19:03:04] LaNipge (347d9fd5-d990-49a9-9903-2d39a3b73974): я ублутал 15 метеоритов
[19:03:09] LaNipge (347d9fd5-d990-49a9-9903-2d39a3b73974): и не нашел последний пресс
[19:04:46] XBOST (ed244ead-df9a-464f-a48f-28478c7d8db3): пошли вместе поищем
[19:09:17] [CAPS] voild404 (53f293b6-eaf7-44a7-80cf-51b435b5ddf2): ааааа що за гроза посредини дня
[19:14:41] voild404 (53f293b6-eaf7-44a7-80cf-51b435b5ddf2): А як квести открить
[19:14:53] XBOST (ed244ead-df9a-464f-a48f-28478c7d8db3): забинди
[19:17:56] XBOST (ed244ead-df9a-464f-a48f-28478c7d8db3): и че толку от прессов
[19:18:09] LaNipge (347d9fd5-d990-49a9-9903-2d39a3b73974): щас буду делать
[19:18:42] XBOST (ed244ead-df9a-464f-a48f-28478c7d8db3): базару нет но где ты найдешь 18 звезд
[19:19:03] LaNipge (347d9fd5-d990-49a9-9903-2d39a3b73974): щас сделаю меч и пойду пиздить
[19:24:16] LaNipge (347d9fd5-d990-49a9-9903-2d39a3b73974): обсидиан остался
[19:24:22] XBOST (ed244ead-df9a-464f-a48f-28478c7d8db3): да
[19:24:22] LaNipge (347d9fd5-d990-49a9-9903-2d39a3b73974): ?
[19:24:43] XBOST (ed244ead-df9a-464f-a48f-28478c7d8db3): в большом сундуке
[19:25:37] XBOST (ed244ead-df9a-464f-a48f-28478c7d8db3): смотри как копает
[19:25:49] LaNipge (347d9fd5-d990-49a9-9903-2d39a3b73974): а че добавил
[19:25:58] XBOST (ed244ead-df9a-464f-a48f-28478c7d8db3): экспандер
[19:26:03] XBOST (ed244ead-df9a-464f-a48f-28478c7d8db3): на вертикаль
[19:26:07] XBOST (ed244ead-df9a-464f-a48f-28478c7d8db3): и на горизонталь
[19:26:15] XBOST (ed244ead-df9a-464f-a48f-28478c7d8db3): слизь есть ес че
[19:31:14] XBOST (ed244ead-df9a-464f-a48f-28478c7d8db3): где блять кобальт сука
[19:34:10] XBOST (ed244ead-df9a-464f-a48f-28478c7d8db3): ты понимаешь что без норм брони ты не выживешь в аду
[19:35:13] XBOST (ed244ead-df9a-464f-a48f-28478c7d8db3): афк 10 мин
[19:55:38] LaNipge (347d9fd5-d990-49a9-9903-2d39a3b73974): почему то по 2-3 падает
[19:55:45] XBOST (ed244ead-df9a-464f-a48f-28478c7d8db3): головы?
[19:55:49] LaNipge (347d9fd5-d990-49a9-9903-2d39a3b73974): да
[19:58:04] XBOST (ed244ead-df9a-464f-a48f-28478c7d8db3): а че не спавнятся
[19:58:10] LaNipge (347d9fd5-d990-49a9-9903-2d39a3b73974): хз
[19:58:17] LaNipge (347d9fd5-d990-49a9-9903-2d39a3b73974): я пришел тут не было никого
[19:58:58] XBOST (ed244ead-df9a-464f-a48f-28478c7d8db3): скок уже
[19:59:05] LaNipge (347d9fd5-d990-49a9-9903-2d39a3b73974): 14
[19:59:09] XBOST (ed244ead-df9a-464f-a48f-28478c7d8db3): а скок надо
[19:59:14] LaNipge (347d9fd5-d990-49a9-9903-2d39a3b73974): хз
[19:59:16] LaNipge (347d9fd5-d990-49a9-9903-2d39a3b73974): 40
[19:59:43] XBOST (ed244ead-df9a-464f-a48f-28478c7d8db3): 48
[20:01:06] XBOST (ed244ead-df9a-464f-a48f-28478c7d8db3): лан,пойду чет поделаю
[20:06:06] XBOST (ed244ead-df9a-464f-a48f-28478c7d8db3): tp
[20:07:33] XBOST (ed244ead-df9a-464f-a48f-28478c7d8db3): тут скелет
[20:07:35] XBOST (ed244ead-df9a-464f-a48f-28478c7d8db3): аккуратно
[20:10:01] XBOST (ed244ead-df9a-464f-a48f-28478c7d8db3): xd
[20:14:15] XBOST (ed244ead-df9a-464f-a48f-28478c7d8db3): ты где
[20:14:21] LaNipge (347d9fd5-d990-49a9-9903-2d39a3b73974): тп
[20:34:35] XBOST (ed244ead-df9a-464f-a48f-28478c7d8db3): че как успехи
[20:34:41] LaNipge (347d9fd5-d990-49a9-9903-2d39a3b73974): 29
[21:01:49] XBOST (ed244ead-df9a-464f-a48f-28478c7d8db3): ну че там
[21:02:07] LaNipge (347d9fd5-d990-49a9-9903-2d39a3b73974): еще 5
[21:02:08] LaNipge (347d9fd5-d990-49a9-9903-2d39a3b73974): 6
[21:52:14] XBOST (ed244ead-df9a-464f-a48f-28478c7d8db3): пошли
[21:52:27] LaNipge (347d9fd5-d990-49a9-9903-2d39a3b73974): а
[21:52:38] LaNipge (347d9fd5-d990-49a9-9903-2d39a3b73974): еще песок накопать
[21:52:38] LaNipge (347d9fd5-d990-49a9-9903-2d39a3b73974): еще песок накопать
[21:55:45] XBOST (ed244ead-df9a-464f-a48f-28478c7d8db3): ну че ты где
[21:56:26] LaNipge (347d9fd5-d990-49a9-9903-2d39a3b73974): куда идем
[21:56:29] XBOST (ed244ead-df9a-464f-a48f-28478c7d8db3): я хз
[21:57:37] LaNipge (347d9fd5-d990-49a9-9903-2d39a3b73974): голову дома забыл
[21:57:44] XBOST (ed244ead-df9a-464f-a48f-28478c7d8db3): свою?
[21:58:39] XBOST (ed244ead-df9a-464f-a48f-28478c7d8db3): ez
[21:59:18] XBOST (ed244ead-df9a-464f-a48f-28478c7d8db3): stoi
[21:59:22] XBOST (ed244ead-df9a-464f-a48f-28478c7d8db3): там удаление
[22:01:56] XBOST (ed244ead-df9a-464f-a48f-28478c7d8db3): падают головы?
[22:02:00] LaNipge (347d9fd5-d990-49a9-9903-2d39a3b73974): c них не падают
[22:03:04] XBOST (ed244ead-df9a-464f-a48f-28478c7d8db3): skok ewe
[22:03:10] LaNipge (347d9fd5-d990-49a9-9903-2d39a3b73974): 9
[22:04:50] LaNipge (347d9fd5-d990-49a9-9903-2d39a3b73974): нажми таб
[22:04:56] LaNipge (347d9fd5-d990-49a9-9903-2d39a3b73974): че по памяти у тебя?
[22:05:16] XBOST (ed244ead-df9a-464f-a48f-28478c7d8db3): это память сервака
[22:05:22] XBOST (ed244ead-df9a-464f-a48f-28478c7d8db3): в фулл долбится
[22:05:36] LaNipge (347d9fd5-d990-49a9-9903-2d39a3b73974): у тебя лагает
[22:05:39] LaNipge (347d9fd5-d990-49a9-9903-2d39a3b73974): ?
[22:05:39] XBOST (ed244ead-df9a-464f-a48f-28478c7d8db3): да
[22:07:16] LaNipge (347d9fd5-d990-49a9-9903-2d39a3b73974): а можно попросить рестарт NewDawn ?
[22:10:33] LaNipge (347d9fd5-d990-49a9-9903-2d39a3b73974): )
[22:12:57] LaNipge (347d9fd5-d990-49a9-9903-2d39a3b73974): еще 4
[22:12:57] XBOST (ed244ead-df9a-464f-a48f-28478c7d8db3): скок еще
[22:24:43] XBOST (ed244ead-df9a-464f-a48f-28478c7d8db3): тп
[22:25:11] XBOST (ed244ead-df9a-464f-a48f-28478c7d8db3): все?
[22:25:51] LaNipge (347d9fd5-d990-49a9-9903-2d39a3b73974): все
[22:28:39] XBOST (ed244ead-df9a-464f-a48f-28478c7d8db3): и че дальше
[22:29:06] LaNipge (347d9fd5-d990-49a9-9903-2d39a3b73974): буду накопитель делать
[22:35:46] XBOST (ed244ead-df9a-464f-a48f-28478c7d8db3): пох буду завод сплавов делать
[22:36:34] LaNipge (347d9fd5-d990-49a9-9903-2d39a3b73974): кварца нет
[22:36:36] LaNipge (347d9fd5-d990-49a9-9903-2d39a3b73974): ?
[22:36:40] XBOST (ed244ead-df9a-464f-a48f-28478c7d8db3): неа
[22:42:08] XBOST (ed244ead-df9a-464f-a48f-28478c7d8db3): отдай
[22:43:35] LaNipge (347d9fd5-d990-49a9-9903-2d39a3b73974): семена удалились))))))))))))))))))))))))))))))))))))))))))))))))))))))))))
[22:44:00] XBOST (ed244ead-df9a-464f-a48f-28478c7d8db3): они же не росли один хуй
[22:44:18] LaNipge (347d9fd5-d990-49a9-9903-2d39a3b73974): когда я 1 шт кинул росл
[22:49:00] LaNipge (347d9fd5-d990-49a9-9903-2d39a3b73974): кремень крафтиться если что
[22:49:23] XBOST (ed244ead-df9a-464f-a48f-28478c7d8db3): у меня удача 3
[22:49:32] XBOST (ed244ead-df9a-464f-a48f-28478c7d8db3): нах мне 3к1 крафтить
[23:01:52] LaNipge (347d9fd5-d990-49a9-9903-2d39a3b73974): растут
[23:01:57] LaNipge (347d9fd5-d990-49a9-9903-2d39a3b73974): 2% за 15 минут
[23:02:02] LaNipge (347d9fd5-d990-49a9-9903-2d39a3b73974): еще и пропадают
[23:04:33] LaNipge (347d9fd5-d990-49a9-9903-2d39a3b73974): железо же вручную крафтиться
[23:04:43] XBOST (ed244ead-df9a-464f-a48f-28478c7d8db3): похуй мне
[23:04:51] XBOST (ed244ead-df9a-464f-a48f-28478c7d8db3): я че богатый молоты крафтить
[23:04:57] LaNipge (347d9fd5-d990-49a9-9903-2d39a3b73974): тебе то да, а мне надо
[23:05:02] LaNipge (347d9fd5-d990-49a9-9903-2d39a3b73974): в ручную
[23:05:05] LaNipge (347d9fd5-d990-49a9-9903-2d39a3b73974): в верстаке
[23:05:08] LaNipge (347d9fd5-d990-49a9-9903-2d39a3b73974): без молтов
[23:05:23] XBOST (ed244ead-df9a-464f-a48f-28478c7d8db3): а тебе раньше надо было сказать об этом
[23:16:57] XBOST (ed244ead-df9a-464f-a48f-28478c7d8db3): ты синал пластины спизид?
[23:24:51] LaNipge (347d9fd5-d990-49a9-9903-2d39a3b73974): да блять
[23:24:55] XBOST (ed244ead-df9a-464f-a48f-28478c7d8db3): алмазы закончились?
[23:24:58] LaNipge (347d9fd5-d990-49a9-9903-2d39a3b73974): опять удалились
[23:25:00] LaNipge (347d9fd5-d990-49a9-9903-2d39a3b73974): заебало
[23:25:04] LaNipge (347d9fd5-d990-49a9-9903-2d39a3b73974): да
[23:25:13] XBOST (ed244ead-df9a-464f-a48f-28478c7d8db3): у тебя не получится вырастить пойми это
[23:35:46] XBOST (ed244ead-df9a-464f-a48f-28478c7d8db3): железу и золоту гг
[23:39:08] XBOST (ed244ead-df9a-464f-a48f-28478c7d8db3): копать?
[23:39:12] LaNipge (347d9fd5-d990-49a9-9903-2d39a3b73974): да
[23:42:53] XBOST (ed244ead-df9a-464f-a48f-28478c7d8db3): если лаву найдешь скажи
[23:48:57] LaNipge (347d9fd5-d990-49a9-9903-2d39a3b73974): лаву надо?
[23:49:22] XBOST (ed244ead-df9a-464f-a48f-28478c7d8db3): помоги
[23:55:49] XBOST (ed244ead-df9a-464f-a48f-28478c7d8db3): та пох хватит
[23:55:52] XBOST (ed244ead-df9a-464f-a48f-28478c7d8db3): 260 ведер
