[00:03:41] XBOST (ed244ead-df9a-464f-a48f-28478c7d8db3): я пойду покрафчу
[00:20:54] XBOST (ed244ead-df9a-464f-a48f-28478c7d8db3): че делаешь
[00:21:19] LaNipge (347d9fd5-d990-49a9-9903-2d39a3b73974): копаю\
[00:21:42] LaNipge (347d9fd5-d990-49a9-9903-2d39a3b73974): опять это говно лагать начало
[07:52:49] Stxywxthme (6ce0cde9-8c92-4c66-96ad-6bffb9dfc01b): пустота
[08:15:49] Stxywxthme (6ce0cde9-8c92-4c66-96ad-6bffb9dfc01b): ммм
[08:15:56] Stxywxthme (6ce0cde9-8c92-4c66-96ad-6bffb9dfc01b): 32к черепа визера
[09:22:18] XBOST (ed244ead-df9a-464f-a48f-28478c7d8db3): ку
[09:22:57] Stxywxthme (6ce0cde9-8c92-4c66-96ad-6bffb9dfc01b): ку
[09:40:57] Stxywxthme (6ce0cde9-8c92-4c66-96ad-6bffb9dfc01b): bb
[09:41:01] XBOST (ed244ead-df9a-464f-a48f-28478c7d8db3): bb
[11:34:49] Stxywxthme (6ce0cde9-8c92-4c66-96ad-6bffb9dfc01b): опа
[11:35:01] Stxywxthme (6ce0cde9-8c92-4c66-96ad-6bffb9dfc01b): творческий буфер
[11:35:17] XBOST (ed244ead-df9a-464f-a48f-28478c7d8db3): а я только мэ сделал)
[11:38:14] XBOST (ed244ead-df9a-464f-a48f-28478c7d8db3): Stxywxthme а тут Drop of Evil работает?
[11:39:54] Stxywxthme (6ce0cde9-8c92-4c66-96ad-6bffb9dfc01b): да
[11:42:52] XBOST (ed244ead-df9a-464f-a48f-28478c7d8db3): а прогрузка 3на3 чанка тут?
[11:43:09] Stxywxthme (6ce0cde9-8c92-4c66-96ad-6bffb9dfc01b): загрузчик чанков только донат
[11:43:29] XBOST (ed244ead-df9a-464f-a48f-28478c7d8db3): Не,тип я 3 на 3 гружу?
[11:43:38] Stxywxthme (6ce0cde9-8c92-4c66-96ad-6bffb9dfc01b): 5 на 5
[13:21:26] XBOST (ed244ead-df9a-464f-a48f-28478c7d8db3): ?
[13:21:31] Stxywxthme (6ce0cde9-8c92-4c66-96ad-6bffb9dfc01b): да так
[13:22:24] XBOST (ed244ead-df9a-464f-a48f-28478c7d8db3): чет ты лагаешь
[13:22:36] Stxywxthme (6ce0cde9-8c92-4c66-96ad-6bffb9dfc01b): да
[13:24:47] Stxywxthme (6ce0cde9-8c92-4c66-96ad-6bffb9dfc01b): продвинутый высекатель шутка?
[13:25:03] XBOST (ed244ead-df9a-464f-a48f-28478c7d8db3): та это на время было сделано
[13:25:18] Stxywxthme (6ce0cde9-8c92-4c66-96ad-6bffb9dfc01b): а что ты сейчас делаешь?
[13:25:33] XBOST (ed244ead-df9a-464f-a48f-28478c7d8db3): та я хуй знает,хочу ферму маны сделать крутую
[13:25:40] Stxywxthme (6ce0cde9-8c92-4c66-96ad-6bffb9dfc01b): окей
[13:25:43] XBOST (ed244ead-df9a-464f-a48f-28478c7d8db3): на гурмалисах,но не могу понять на чем еду фармить
[13:25:54] Stxywxthme (6ce0cde9-8c92-4c66-96ad-6bffb9dfc01b): есть автономная ферма
[13:26:01] Stxywxthme (6ce0cde9-8c92-4c66-96ad-6bffb9dfc01b): или фитогенка
[13:26:11] Stxywxthme (6ce0cde9-8c92-4c66-96ad-6bffb9dfc01b): но все это мид
[13:26:30] XBOST (ed244ead-df9a-464f-a48f-28478c7d8db3): для автономной фермы надо астрал развивать
[13:26:34] Stxywxthme (6ce0cde9-8c92-4c66-96ad-6bffb9dfc01b): да
[13:26:46] Stxywxthme (6ce0cde9-8c92-4c66-96ad-6bffb9dfc01b): а ты помоему даже не начинал
[13:26:50] Stxywxthme (6ce0cde9-8c92-4c66-96ad-6bffb9dfc01b): да?
[13:26:54] XBOST (ed244ead-df9a-464f-a48f-28478c7d8db3): ну так
[13:26:58] XBOST (ed244ead-df9a-464f-a48f-28478c7d8db3): начало ток
[13:27:31] XBOST (ed244ead-df9a-464f-a48f-28478c7d8db3): все взаимосвязано просто,начинаешь одно делать,заканчиваешь вообще другим
[13:27:36] Stxywxthme (6ce0cde9-8c92-4c66-96ad-6bffb9dfc01b): да
[13:27:40] Stxywxthme (6ce0cde9-8c92-4c66-96ad-6bffb9dfc01b): XD
[13:27:46] Stxywxthme (6ce0cde9-8c92-4c66-96ad-6bffb9dfc01b): много раз это замечал
[13:27:51] XBOST (ed244ead-df9a-464f-a48f-28478c7d8db3): ну мне это нравится
[13:28:03] XBOST (ed244ead-df9a-464f-a48f-28478c7d8db3): а то надоели дефолт сборки
[13:28:17] XBOST (ed244ead-df9a-464f-a48f-28478c7d8db3): с ic upgrade вообще первый раз играю
[13:28:21] Stxywxthme (6ce0cde9-8c92-4c66-96ad-6bffb9dfc01b): да
[13:28:29] Stxywxthme (6ce0cde9-8c92-4c66-96ad-6bffb9dfc01b): тут вообще сложно для новичка
[13:28:43] Stxywxthme (6ce0cde9-8c92-4c66-96ad-6bffb9dfc01b): не закаленного гт или ик2
[13:28:52] XBOST (ed244ead-df9a-464f-a48f-28478c7d8db3): ну я не особо новичек
[13:29:29] XBOST (ed244ead-df9a-464f-a48f-28478c7d8db3): только мне не нравятся что в лейте пчелы нужны
[13:29:43] Stxywxthme (6ce0cde9-8c92-4c66-96ad-6bffb9dfc01b): они делаются немного геморно
[13:29:44] XBOST (ed244ead-df9a-464f-a48f-28478c7d8db3): никогда не получалось этот мод развить
[13:29:51] Stxywxthme (6ce0cde9-8c92-4c66-96ad-6bffb9dfc01b): *немного*
[13:29:53] XBOST (ed244ead-df9a-464f-a48f-28478c7d8db3): даже с помощью гендастри
[13:29:59] Stxywxthme (6ce0cde9-8c92-4c66-96ad-6bffb9dfc01b): я могу продать
[13:30:07] XBOST (ed244ead-df9a-464f-a48f-28478c7d8db3): та,так не интересно
[13:30:13] XBOST (ed244ead-df9a-464f-a48f-28478c7d8db3): мб в этот раз получится
[13:30:29] XBOST (ed244ead-df9a-464f-a48f-28478c7d8db3): покажи свою базу,мб посмотрю что-то интересно для себя
[13:30:32] Stxywxthme (6ce0cde9-8c92-4c66-96ad-6bffb9dfc01b): я кстати тоже первый раз пчелками занялся
[13:31:17] Stxywxthme (6ce0cde9-8c92-4c66-96ad-6bffb9dfc01b): смотри не упади
[13:31:28] XBOST (ed244ead-df9a-464f-a48f-28478c7d8db3): в копательном мире?
[13:31:30] Stxywxthme (6ce0cde9-8c92-4c66-96ad-6bffb9dfc01b): да
[13:31:43] XBOST (ed244ead-df9a-464f-a48f-28478c7d8db3): на чем ману делаешь кстати
[13:31:48] Stxywxthme (6ce0cde9-8c92-4c66-96ad-6bffb9dfc01b): лилии рейкар
[13:31:57] Stxywxthme (6ce0cde9-8c92-4c66-96ad-6bffb9dfc01b): на молнии
[13:32:11] XBOST (ed244ead-df9a-464f-a48f-28478c7d8db3): а молнии как вызываешь
[13:32:18] Stxywxthme (6ce0cde9-8c92-4c66-96ad-6bffb9dfc01b): серенада
[13:34:06] XBOST (ed244ead-df9a-464f-a48f-28478c7d8db3): сколько кстати слотов в шаблонном интерфейсе?
[13:34:23] Stxywxthme (6ce0cde9-8c92-4c66-96ad-6bffb9dfc01b): 9*8
[13:34:30] XBOST (ed244ead-df9a-464f-a48f-28478c7d8db3): приятно
[13:34:36] Stxywxthme (6ce0cde9-8c92-4c66-96ad-6bffb9dfc01b): 72
[13:34:46] XBOST (ed244ead-df9a-464f-a48f-28478c7d8db3): судя по твоему таум он тут особо не нужен
[13:34:51] Stxywxthme (6ce0cde9-8c92-4c66-96ad-6bffb9dfc01b): да
[13:34:56] XBOST (ed244ead-df9a-464f-a48f-28478c7d8db3): это радует
[13:35:10] XBOST (ed244ead-df9a-464f-a48f-28478c7d8db3): не люблю 6 таум
[13:36:06] XBOST (ed244ead-df9a-464f-a48f-28478c7d8db3): лан,пойду я к себе
[13:36:09] Stxywxthme (6ce0cde9-8c92-4c66-96ad-6bffb9dfc01b): ок
[13:37:01] XBOST (ed244ead-df9a-464f-a48f-28478c7d8db3): у меня есть откуда то дух гаий,сделаю пожалую такие же цветочки
[13:37:07] XBOST (ed244ead-df9a-464f-a48f-28478c7d8db3): у меня есть откуда то дух гаий,сделаю пожалую такие же цветочки
[13:37:12] XBOST (ed244ead-df9a-464f-a48f-28478c7d8db3): много дают вообще?
[13:37:22] Stxywxthme (6ce0cde9-8c92-4c66-96ad-6bffb9dfc01b): да
[13:37:28] Stxywxthme (6ce0cde9-8c92-4c66-96ad-6bffb9dfc01b): очень много
[13:37:36] XBOST (ed244ead-df9a-464f-a48f-28478c7d8db3): парочку цветов хватит типо?
[13:37:42] Stxywxthme (6ce0cde9-8c92-4c66-96ad-6bffb9dfc01b): для начала да
[13:38:13] Stxywxthme (6ce0cde9-8c92-4c66-96ad-6bffb9dfc01b): будь осторожен
[13:38:27] Stxywxthme (6ce0cde9-8c92-4c66-96ad-6bffb9dfc01b): в него молнии бьют если идет дождь
[13:39:56] XBOST (ed244ead-df9a-464f-a48f-28478c7d8db3): понял понял
[13:40:13] XBOST (ed244ead-df9a-464f-a48f-28478c7d8db3): у меня тут дождя правда нету)
[13:49:08] XBOST (ed244ead-df9a-464f-a48f-28478c7d8db3): че выпало
[13:49:28] Stxywxthme (6ce0cde9-8c92-4c66-96ad-6bffb9dfc01b): происожние созидания
