[00:04:18] LaNipge (347d9fd5-d990-49a9-9903-2d39a3b73974): ты говорил слищь есть
[00:04:24] XBOST (ed244ead-df9a-464f-a48f-28478c7d8db3): да
[00:04:25] XBOST (ed244ead-df9a-464f-a48f-28478c7d8db3): поищи
[00:05:10] LaNipge (347d9fd5-d990-49a9-9903-2d39a3b73974): наебщик
[00:05:24] XBOST (ed244ead-df9a-464f-a48f-28478c7d8db3): саженцы есть
[00:05:42] LaNipge (347d9fd5-d990-49a9-9903-2d39a3b73974): только фиолетовая
[00:06:09] XBOST (ed244ead-df9a-464f-a48f-28478c7d8db3): а это что
[00:06:13] LaNipge (347d9fd5-d990-49a9-9903-2d39a3b73974): розовая нужна
[00:06:21] LaNipge (347d9fd5-d990-49a9-9903-2d39a3b73974): омена
[00:06:23] XBOST (ed244ead-df9a-464f-a48f-28478c7d8db3): ты тупой?
[00:06:24] LaNipge (347d9fd5-d990-49a9-9903-2d39a3b73974): отмена
[00:11:20] XBOST (ed244ead-df9a-464f-a48f-28478c7d8db3): спс
[00:38:47] XBOST (ed244ead-df9a-464f-a48f-28478c7d8db3): золото кончилось не могу крафтить больше
[00:38:51] XBOST (ed244ead-df9a-464f-a48f-28478c7d8db3): принеси
[00:39:46] XBOST (ed244ead-df9a-464f-a48f-28478c7d8db3): ?
[00:41:17] XBOST (ed244ead-df9a-464f-a48f-28478c7d8db3): в воронку кидай такую хуйню
[00:41:21] XBOST (ed244ead-df9a-464f-a48f-28478c7d8db3): я вон сверху поставил
[00:42:03] XBOST (ed244ead-df9a-464f-a48f-28478c7d8db3): скок прочности
[00:42:09] LaNipge (347d9fd5-d990-49a9-9903-2d39a3b73974): 2к
[00:56:42] LaNipge (347d9fd5-d990-49a9-9903-2d39a3b73974): а можно еще один экспандер засунуть?
[00:56:49] XBOST (ed244ead-df9a-464f-a48f-28478c7d8db3): я хз
[00:59:59] XBOST (ed244ead-df9a-464f-a48f-28478c7d8db3): накопай песка как сумки выложишь
[01:00:04] XBOST (ed244ead-df9a-464f-a48f-28478c7d8db3): пж
[01:02:52] LaNipge (347d9fd5-d990-49a9-9903-2d39a3b73974): ключик есть
[01:02:56] XBOST (ed244ead-df9a-464f-a48f-28478c7d8db3): был где то
[01:02:58] XBOST (ed244ead-df9a-464f-a48f-28478c7d8db3): поищи
[01:03:22] XBOST (ed244ead-df9a-464f-a48f-28478c7d8db3): фух
[01:03:41] XBOST (ed244ead-df9a-464f-a48f-28478c7d8db3): ореэксавейтом провода не ломай
[01:03:50] XBOST (ed244ead-df9a-464f-a48f-28478c7d8db3): а то можно без мехов остаться
[01:03:55] XBOST (ed244ead-df9a-464f-a48f-28478c7d8db3): на будущее
[01:13:20] XBOST (ed244ead-df9a-464f-a48f-28478c7d8db3): я щас стаков 10 угля на крафт потрачу
[01:13:23] XBOST (ed244ead-df9a-464f-a48f-28478c7d8db3): норм крафты тут
[01:13:48] XBOST (ed244ead-df9a-464f-a48f-28478c7d8db3): я почти скрафтил эту залупцу
[01:16:29] XBOST (ed244ead-df9a-464f-a48f-28478c7d8db3): ура
[01:17:05] XBOST (ed244ead-df9a-464f-a48f-28478c7d8db3): это было оч сложно
[01:17:17] XBOST (ed244ead-df9a-464f-a48f-28478c7d8db3): че там с ме?
[01:17:18] LaNipge (347d9fd5-d990-49a9-9903-2d39a3b73974): это не сложно
[01:17:22] LaNipge (347d9fd5-d990-49a9-9903-2d39a3b73974): это нудно
[01:17:37] LaNipge (347d9fd5-d990-49a9-9903-2d39a3b73974): вырастить криссталы нужно
[01:17:38] XBOST (ed244ead-df9a-464f-a48f-28478c7d8db3): Не знаю,мне интересно
[01:18:15] XBOST (ed244ead-df9a-464f-a48f-28478c7d8db3): 3 боссов надо убить в твайлайте
[01:18:24] XBOST (ed244ead-df9a-464f-a48f-28478c7d8db3): и будет мех который выращивает
[01:18:33] LaNipge (347d9fd5-d990-49a9-9903-2d39a3b73974): че с креотиумом делать
[01:18:43] XBOST (ed244ead-df9a-464f-a48f-28478c7d8db3): ща
[01:19:00] LaNipge (347d9fd5-d990-49a9-9903-2d39a3b73974): пошли пиздить
[01:19:07] LaNipge (347d9fd5-d990-49a9-9903-2d39a3b73974): или ты спать
[01:19:12] XBOST (ed244ead-df9a-464f-a48f-28478c7d8db3): иди нагу отпизди для начала
[01:19:15] XBOST (ed244ead-df9a-464f-a48f-28478c7d8db3): я уже убил его
[01:19:23] XBOST (ed244ead-df9a-464f-a48f-28478c7d8db3): потом лича надо
[01:19:38] XBOST (ed244ead-df9a-464f-a48f-28478c7d8db3): карту скрафть
[01:25:54] XBOST (ed244ead-df9a-464f-a48f-28478c7d8db3): убил нагу?
[01:26:04] LaNipge (347d9fd5-d990-49a9-9903-2d39a3b73974): net
[01:27:29] LaNipge (347d9fd5-d990-49a9-9903-2d39a3b73974): так может сделать камеру то
[01:27:38] LaNipge (347d9fd5-d990-49a9-9903-2d39a3b73974): она мб и от рф питается
[01:28:00] XBOST (ed244ead-df9a-464f-a48f-28478c7d8db3): ща в одиночке затестирую
[01:33:45] XBOST (ed244ead-df9a-464f-a48f-28478c7d8db3): не работает
[01:34:11] LaNipge (347d9fd5-d990-49a9-9903-2d39a3b73974): а через приемщик энергии?
[01:34:22] XBOST (ed244ead-df9a-464f-a48f-28478c7d8db3): через него будет
[01:34:30] XBOST (ed244ead-df9a-464f-a48f-28478c7d8db3): но попробуй его без алтаря сделать
[01:38:08] XBOST (ed244ead-df9a-464f-a48f-28478c7d8db3): победил пвп
[01:38:14] LaNipge (347d9fd5-d990-49a9-9903-2d39a3b73974): тебе скелет помог
[01:38:29] XBOST (ed244ead-df9a-464f-a48f-28478c7d8db3): че делать будем
[01:38:32] XBOST (ed244ead-df9a-464f-a48f-28478c7d8db3): на месте стоим
[01:38:43] LaNipge (347d9fd5-d990-49a9-9903-2d39a3b73974): надо гидру отпиздить
[01:38:52] XBOST (ed244ead-df9a-464f-a48f-28478c7d8db3): чтобы отпиздить гидру
[01:38:54] LaNipge (347d9fd5-d990-49a9-9903-2d39a3b73974): или нефть перерабатывать
[01:39:08] XBOST (ed244ead-df9a-464f-a48f-28478c7d8db3): НагаСумеречный личЛабиринт минотавра Гидра
[01:39:13] XBOST (ed244ead-df9a-464f-a48f-28478c7d8db3): вот в таком порядке
[01:40:06] LaNipge (347d9fd5-d990-49a9-9903-2d39a3b73974): пошли пиздить?
[01:40:13] LaNipge (347d9fd5-d990-49a9-9903-2d39a3b73974): карта есть
[01:40:20] XBOST (ed244ead-df9a-464f-a48f-28478c7d8db3): смотри
[01:40:29] XBOST (ed244ead-df9a-464f-a48f-28478c7d8db3): а прикинь регионы ломает
[01:40:31] XBOST (ed244ead-df9a-464f-a48f-28478c7d8db3): я на спавн
[01:40:57] LaNipge (347d9fd5-d990-49a9-9903-2d39a3b73974): смешно
[01:42:26] LaNipge (347d9fd5-d990-49a9-9903-2d39a3b73974): карта есть?\
[01:42:49] LaNipge (347d9fd5-d990-49a9-9903-2d39a3b73974): карта есть?\
[01:42:50] LaNipge (347d9fd5-d990-49a9-9903-2d39a3b73974): карта есть?\
[01:42:50] LaNipge (347d9fd5-d990-49a9-9903-2d39a3b73974): карта есть?\
[01:42:54] XBOST (ed244ead-df9a-464f-a48f-28478c7d8db3): нетуу
[01:43:36] LaNipge (347d9fd5-d990-49a9-9903-2d39a3b73974): напиши в дискорде
[01:43:48] XBOST (ed244ead-df9a-464f-a48f-28478c7d8db3): кому
[01:44:41] LaNipge (347d9fd5-d990-49a9-9903-2d39a3b73974): типо за кит дали, случайно на спавне нажал
[01:44:48] LaNipge (347d9fd5-d990-49a9-9903-2d39a3b73974): способ гриферства
[01:44:58] XBOST (ed244ead-df9a-464f-a48f-28478c7d8db3): я сам скрафтил
[01:45:14] LaNipge (347d9fd5-d990-49a9-9903-2d39a3b73974): ну они в ките тоже были
[01:45:26] LaNipge (347d9fd5-d990-49a9-9903-2d39a3b73974): помоему
[01:45:40] XBOST (ed244ead-df9a-464f-a48f-28478c7d8db3): еще такой крафт легкий
[01:46:05] LaNipge (347d9fd5-d990-49a9-9903-2d39a3b73974): а прикинь она ломает лабиринт минотавра
[01:46:27] LaNipge (347d9fd5-d990-49a9-9903-2d39a3b73974): написал бы лучше
[01:46:38] XBOST (ed244ead-df9a-464f-a48f-28478c7d8db3): уже
[01:46:46] XBOST (ed244ead-df9a-464f-a48f-28478c7d8db3): постараюсь договорится
[01:47:12] LaNipge (347d9fd5-d990-49a9-9903-2d39a3b73974): идем за гидрой
[01:47:14] LaNipge (347d9fd5-d990-49a9-9903-2d39a3b73974): или нет
[01:47:45] XBOST (ed244ead-df9a-464f-a48f-28478c7d8db3): да
[01:47:49] XBOST (ed244ead-df9a-464f-a48f-28478c7d8db3): щас карту делаю
[01:48:01] LaNipge (347d9fd5-d990-49a9-9903-2d39a3b73974): без пера не сделаешь
[01:48:07] LaNipge (347d9fd5-d990-49a9-9903-2d39a3b73974): там же своя карта
[01:48:13] XBOST (ed244ead-df9a-464f-a48f-28478c7d8db3): у меня есть
[01:50:11] XBOST (ed244ead-df9a-464f-a48f-28478c7d8db3): пошли
[01:50:22] XBOST (ed244ead-df9a-464f-a48f-28478c7d8db3): нагу сначала
[01:53:42] XBOST (ed244ead-df9a-464f-a48f-28478c7d8db3): в головув
[01:54:09] XBOST (ed244ead-df9a-464f-a48f-28478c7d8db3): лич теперь
[01:54:12] XBOST (ed244ead-df9a-464f-a48f-28478c7d8db3): самое сложное
[01:54:15] XBOST (ed244ead-df9a-464f-a48f-28478c7d8db3): я пробовал это пиздец
[01:54:28] LaNipge (347d9fd5-d990-49a9-9903-2d39a3b73974): мб по ближе к порталу?
[01:54:35] LaNipge (347d9fd5-d990-49a9-9903-2d39a3b73974): что быстрее возвращаться?
[01:54:38] XBOST (ed244ead-df9a-464f-a48f-28478c7d8db3): как хочешь
[01:54:41] XBOST (ed244ead-df9a-464f-a48f-28478c7d8db3): я тпнусь к тебе просто
[01:56:58] LaNipge (347d9fd5-d990-49a9-9903-2d39a3b73974): ебать
[01:57:34] XBOST (ed244ead-df9a-464f-a48f-28478c7d8db3): он на тебя заагрился
[01:58:41] XBOST (ed244ead-df9a-464f-a48f-28478c7d8db3): давай ты сможешь
[01:59:42] XBOST (ed244ead-df9a-464f-a48f-28478c7d8db3): интересно мне зарегает
[01:59:47] XBOST (ed244ead-df9a-464f-a48f-28478c7d8db3): посох выпал?
[01:59:52] LaNipge (347d9fd5-d990-49a9-9903-2d39a3b73974): в ачивах ссмотри
[02:00:25] XBOST (ed244ead-df9a-464f-a48f-28478c7d8db3): лабиринт минотаврва тпер
[02:00:26] LaNipge (347d9fd5-d990-49a9-9903-2d39a3b73974): пошли
[02:01:46] XBOST (ed244ead-df9a-464f-a48f-28478c7d8db3): на карте есть лабиринт?
[02:01:49] LaNipge (347d9fd5-d990-49a9-9903-2d39a3b73974): да
[02:02:48] XBOST (ed244ead-df9a-464f-a48f-28478c7d8db3): стой
[02:02:54] XBOST (ed244ead-df9a-464f-a48f-28478c7d8db3): отойди
[02:02:55] XBOST (ed244ead-df9a-464f-a48f-28478c7d8db3): тест
[02:03:03] LaNipge (347d9fd5-d990-49a9-9903-2d39a3b73974): )
[02:03:24] LaNipge (347d9fd5-d990-49a9-9903-2d39a3b73974): нет
[02:03:25] XBOST (ed244ead-df9a-464f-a48f-28478c7d8db3): а че не могу бить
[02:03:27] LaNipge (347d9fd5-d990-49a9-9903-2d39a3b73974): не пойдет
[02:03:30] XBOST (ed244ead-df9a-464f-a48f-28478c7d8db3): поч
[02:03:31] LaNipge (347d9fd5-d990-49a9-9903-2d39a3b73974): надо открыть люк
[02:07:31] LaNipge (347d9fd5-d990-49a9-9903-2d39a3b73974): дай
[02:07:44] LaNipge (347d9fd5-d990-49a9-9903-2d39a3b73974): внизх
[02:09:11] XBOST (ed244ead-df9a-464f-a48f-28478c7d8db3): где ты
[02:09:16] LaNipge (347d9fd5-d990-49a9-9903-2d39a3b73974): обратно иди
[02:10:32] LaNipge (347d9fd5-d990-49a9-9903-2d39a3b73974): а это точно лабиринт?
[02:11:13] XBOST (ed244ead-df9a-464f-a48f-28478c7d8db3): у меня гидра по метке есть
[02:11:54] XBOST (ed244ead-df9a-464f-a48f-28478c7d8db3): тпаюсь туда
[02:11:58] XBOST (ed244ead-df9a-464f-a48f-28478c7d8db3): ртп надо пописать
[02:12:11] LaNipge (347d9fd5-d990-49a9-9903-2d39a3b73974): этьо не лабиринт
[02:12:14] LaNipge (347d9fd5-d990-49a9-9903-2d39a3b73974): другой значок
[02:12:16] LaNipge (347d9fd5-d990-49a9-9903-2d39a3b73974): надо
[02:12:34] XBOST (ed244ead-df9a-464f-a48f-28478c7d8db3): уверен?
[02:13:30] LaNipge (347d9fd5-d990-49a9-9903-2d39a3b73974): надо домой
[02:13:31] XBOST (ed244ead-df9a-464f-a48f-28478c7d8db3): че есть он?
[02:13:33] LaNipge (347d9fd5-d990-49a9-9903-2d39a3b73974): и бежать
[02:14:14] XBOST (ed244ead-df9a-464f-a48f-28478c7d8db3): далеко бежать?
[02:14:25] LaNipge (347d9fd5-d990-49a9-9903-2d39a3b73974): хз, карта не прогружена
[02:14:45] XBOST (ed244ead-df9a-464f-a48f-28478c7d8db3): светлячка добудь себе
[02:14:56] LaNipge (347d9fd5-d990-49a9-9903-2d39a3b73974): нашел
[02:15:00] XBOST (ed244ead-df9a-464f-a48f-28478c7d8db3): светлячка добудь себе
[02:15:05] LaNipge (347d9fd5-d990-49a9-9903-2d39a3b73974): уже
[02:16:20] XBOST (ed244ead-df9a-464f-a48f-28478c7d8db3): и че это
[02:16:25] LaNipge (347d9fd5-d990-49a9-9903-2d39a3b73974): наебали
[02:17:56] LaNipge (347d9fd5-d990-49a9-9903-2d39a3b73974): нашел
[02:18:52] LaNipge (347d9fd5-d990-49a9-9903-2d39a3b73974): некрасиво получилось
[02:20:57] XBOST (ed244ead-df9a-464f-a48f-28478c7d8db3): нам надо наверхц
[02:21:04] XBOST (ed244ead-df9a-464f-a48f-28478c7d8db3): я залтуаю ты беги
[02:24:26] LaNipge (347d9fd5-d990-49a9-9903-2d39a3b73974): test'
[02:28:22] [ADVERTISEMENT] LaNipge (347d9fd5-d990-49a9-9903-2d39a3b73974): <advertisement>§f
[02:28:25] LaNipge (347d9fd5-d990-49a9-9903-2d39a3b73974): сюда
[02:31:27] LaNipge (347d9fd5-d990-49a9-9903-2d39a3b73974): я заблудился
[02:33:46] LaNipge (347d9fd5-d990-49a9-9903-2d39a3b73974): взрывай все
[02:34:11] XBOST (ed244ead-df9a-464f-a48f-28478c7d8db3): я за тнт
[02:37:03] LaNipge (347d9fd5-d990-49a9-9903-2d39a3b73974): net
[02:37:06] LaNipge (347d9fd5-d990-49a9-9903-2d39a3b73974): back
[02:39:54] LaNipge (347d9fd5-d990-49a9-9903-2d39a3b73974): можно карту сделать
[02:40:11] XBOST (ed244ead-df9a-464f-a48f-28478c7d8db3): это рофл какой то
[02:40:33] XBOST (ed244ead-df9a-464f-a48f-28478c7d8db3): нашел
[02:41:09] LaNipge (347d9fd5-d990-49a9-9903-2d39a3b73974): топор возьми
[02:41:41] LaNipge (347d9fd5-d990-49a9-9903-2d39a3b73974): все?
[02:41:48] XBOST (ed244ead-df9a-464f-a48f-28478c7d8db3): наверное
[02:41:53] XBOST (ed244ead-df9a-464f-a48f-28478c7d8db3): эта хуйня у тебя?
[02:41:55] XBOST (ed244ead-df9a-464f-a48f-28478c7d8db3): трофей
[02:42:01] LaNipge (347d9fd5-d990-49a9-9903-2d39a3b73974): да
[02:42:07] LaNipge (347d9fd5-d990-49a9-9903-2d39a3b73974): гидра рядом
[02:42:10] XBOST (ed244ead-df9a-464f-a48f-28478c7d8db3): го
[02:42:14] LaNipge (347d9fd5-d990-49a9-9903-2d39a3b73974): а как
[02:42:14] XBOST (ed244ead-df9a-464f-a48f-28478c7d8db3): ток как мы вылезем
[02:42:23] XBOST (ed244ead-df9a-464f-a48f-28478c7d8db3): ща
[02:48:05] LaNipge (347d9fd5-d990-49a9-9903-2d39a3b73974): ведро естит?
[02:48:53] XBOST (ed244ead-df9a-464f-a48f-28478c7d8db3): (
[02:49:07] XBOST (ed244ead-df9a-464f-a48f-28478c7d8db3): я пошел на свою
[02:52:25] LaNipge (347d9fd5-d990-49a9-9903-2d39a3b73974): sethome mb
[02:52:35] XBOST (ed244ead-df9a-464f-a48f-28478c7d8db3): я поставлюц
[02:53:02] LaNipge (347d9fd5-d990-49a9-9903-2d39a3b73974): а че не горишь
[02:53:16] XBOST (ed244ead-df9a-464f-a48f-28478c7d8db3): мне минотавров зарегало а тебе нет
[02:54:04] XBOST (ed244ead-df9a-464f-a48f-28478c7d8db3): ща
[02:55:02] XBOST (ed244ead-df9a-464f-a48f-28478c7d8db3): го нового искать хули
[03:06:11] XBOST (ed244ead-df9a-464f-a48f-28478c7d8db3): пусто
[10:41:14] XBOST (ed244ead-df9a-464f-a48f-28478c7d8db3): а гидру вообще реально найти? 4 гидры уже обошел
[13:19:20] LaNipge (347d9fd5-d990-49a9-9903-2d39a3b73974): ты только электролизер делаешь? я тогда хим завод
[13:20:14] XBOST (ed244ead-df9a-464f-a48f-28478c7d8db3): нефтеперерабатывающий завод над еще
[13:20:19] LaNipge (347d9fd5-d990-49a9-9903-2d39a3b73974): надо
[13:20:50] XBOST (ed244ead-df9a-464f-a48f-28478c7d8db3): мне сестра подогнала куртку
[13:20:58] XBOST (ed244ead-df9a-464f-a48f-28478c7d8db3): и свой прошлый айфон 8+
[13:21:05] XBOST (ed244ead-df9a-464f-a48f-28478c7d8db3): норм устроился
[13:23:33] XBOST (ed244ead-df9a-464f-a48f-28478c7d8db3): пизда там крафт
[13:23:53] XBOST (ed244ead-df9a-464f-a48f-28478c7d8db3): даж впадлу четц
[13:25:15] XBOST (ed244ead-df9a-464f-a48f-28478c7d8db3): дай сумку посмотреть
[13:25:18] XBOST (ed244ead-df9a-464f-a48f-28478c7d8db3): че прячешь там
[13:25:34] XBOST (ed244ead-df9a-464f-a48f-28478c7d8db3): алмазы значит прячешь
[13:25:51] XBOST (ed244ead-df9a-464f-a48f-28478c7d8db3): запривать 2 чанка
[13:26:02] XBOST (ed244ead-df9a-464f-a48f-28478c7d8db3): вот этот
[13:26:12] XBOST (ed244ead-df9a-464f-a48f-28478c7d8db3): расприватил
[13:26:24] XBOST (ed244ead-df9a-464f-a48f-28478c7d8db3): и вот тут
[13:27:08] XBOST (ed244ead-df9a-464f-a48f-28478c7d8db3): ща перезапуск попрошу а то опять лагает
[13:28:40] LaNipge (347d9fd5-d990-49a9-9903-2d39a3b73974): строим если че вверх
[13:47:20] XBOST (ed244ead-df9a-464f-a48f-28478c7d8db3): тебе нравмися дипинс?
[13:53:44] LaNipge (347d9fd5-d990-49a9-9903-2d39a3b73974): жижа кончается
[13:54:01] XBOST (ed244ead-df9a-464f-a48f-28478c7d8db3): у меня уже 2 банка с того момента кончается
[13:57:06] XBOST (ed244ead-df9a-464f-a48f-28478c7d8db3): zz
[14:05:33] XBOST (ed244ead-df9a-464f-a48f-28478c7d8db3): ты зерна бесконечности мои не лутал?
[14:08:36] XBOST (ed244ead-df9a-464f-a48f-28478c7d8db3): как ты сдох
[14:08:52] LaNipge (347d9fd5-d990-49a9-9903-2d39a3b73974): из-за говно лагающего сервера
[17:06:13] LaNipge (347d9fd5-d990-49a9-9903-2d39a3b73974): иди за штуками в море
[17:06:19] XBOST (ed244ead-df9a-464f-a48f-28478c7d8db3): какими
[17:06:21] LaNipge (347d9fd5-d990-49a9-9903-2d39a3b73974): за призмарином
[17:06:30] XBOST (ed244ead-df9a-464f-a48f-28478c7d8db3): где его искать
[17:06:40] LaNipge (347d9fd5-d990-49a9-9903-2d39a3b73974): в море
[17:06:48] XBOST (ed244ead-df9a-464f-a48f-28478c7d8db3): он как руда?
[17:06:54] LaNipge (347d9fd5-d990-49a9-9903-2d39a3b73974): хз
[17:07:42] XBOST (ed244ead-df9a-464f-a48f-28478c7d8db3): а много надо?
[17:07:48] LaNipge (347d9fd5-d990-49a9-9903-2d39a3b73974): много
[17:07:50] LaNipge (347d9fd5-d990-49a9-9903-2d39a3b73974): стак
[17:17:44] XBOST (ed244ead-df9a-464f-a48f-28478c7d8db3): на мне эфект не могу
[17:18:03] XBOST (ed244ead-df9a-464f-a48f-28478c7d8db3): ты домой тп?
[17:18:18] XBOST (ed244ead-df9a-464f-a48f-28478c7d8db3): я метку ес че поставил
[17:19:02] LaNipge (347d9fd5-d990-49a9-9903-2d39a3b73974): сундуков не хватает\
[17:36:43] XBOST (ed244ead-df9a-464f-a48f-28478c7d8db3): молот на 4750 сделал
[17:36:45] XBOST (ed244ead-df9a-464f-a48f-28478c7d8db3): из платины
[18:04:15] LaNipge (347d9fd5-d990-49a9-9903-2d39a3b73974): это мой друг был(
[18:05:08] LaNipge (347d9fd5-d990-49a9-9903-2d39a3b73974): вот так вот
[18:05:12] XBOST (ed244ead-df9a-464f-a48f-28478c7d8db3): че
[18:05:14] LaNipge (347d9fd5-d990-49a9-9903-2d39a3b73974): взял и отменил
[18:06:24] XBOST (ed244ead-df9a-464f-a48f-28478c7d8db3): челе
[18:06:28] XBOST (ed244ead-df9a-464f-a48f-28478c7d8db3): я сундуку уже делаю
[18:06:30] XBOST (ed244ead-df9a-464f-a48f-28478c7d8db3): не сри
[18:10:09] XBOST (ed244ead-df9a-464f-a48f-28478c7d8db3): щас завод тебе улучшу так и быть
[18:10:44] LaNipge (347d9fd5-d990-49a9-9903-2d39a3b73974): надо в ад пиздовать
[18:10:50] XBOST (ed244ead-df9a-464f-a48f-28478c7d8db3): зачем
[18:10:59] LaNipge (347d9fd5-d990-49a9-9903-2d39a3b73974): штука для батареек кончилась
[18:15:51] XBOST (ed244ead-df9a-464f-a48f-28478c7d8db3): ф
[18:17:49] XBOST (ed244ead-df9a-464f-a48f-28478c7d8db3): отойди плиз
[18:34:45] XBOST (ed244ead-df9a-464f-a48f-28478c7d8db3): не благодари
[18:36:53] XBOST (ed244ead-df9a-464f-a48f-28478c7d8db3): с чем помочь
[18:37:17] LaNipge (347d9fd5-d990-49a9-9903-2d39a3b73974): шаблон улучшеного датчика, черные штуки сверху
[18:37:45] XBOST (ed244ead-df9a-464f-a48f-28478c7d8db3): нано ящики?
[18:37:58] LaNipge (347d9fd5-d990-49a9-9903-2d39a3b73974): аад
[18:38:00] LaNipge (347d9fd5-d990-49a9-9903-2d39a3b73974): аад
[18:38:02] LaNipge (347d9fd5-d990-49a9-9903-2d39a3b73974): да
[18:38:03] XBOST (ed244ead-df9a-464f-a48f-28478c7d8db3): без пробелм
[18:40:38] LaNipge (347d9fd5-d990-49a9-9903-2d39a3b73974): да это пиздец
[18:40:43] LaNipge (347d9fd5-d990-49a9-9903-2d39a3b73974): 30 этажные крафты
[18:41:29] XBOST (ed244ead-df9a-464f-a48f-28478c7d8db3): че еще
[18:42:12] LaNipge (347d9fd5-d990-49a9-9903-2d39a3b73974): сделай плз еще и боковые штуки 2 которые
[18:42:28] XBOST (ed244ead-df9a-464f-a48f-28478c7d8db3): нано схемы?
[18:42:38] LaNipge (347d9fd5-d990-49a9-9903-2d39a3b73974): ну если не трудно
[18:42:48] XBOST (ed244ead-df9a-464f-a48f-28478c7d8db3): скок штук
[18:42:50] XBOST (ed244ead-df9a-464f-a48f-28478c7d8db3): 2?
[18:42:51] LaNipge (347d9fd5-d990-49a9-9903-2d39a3b73974): 2
[18:43:14] Dior (511ac683-c533-439a-8fdd-780c4842b05c): HI
[18:43:18] XBOST (ed244ead-df9a-464f-a48f-28478c7d8db3): ку
[18:43:24] XBOST (ed244ead-df9a-464f-a48f-28478c7d8db3): ща
[18:45:29] XBOST (ed244ead-df9a-464f-a48f-28478c7d8db3): резина есть?
[18:51:44] LaNipge (347d9fd5-d990-49a9-9903-2d39a3b73974): не понимаю только как нефть добывать
[18:51:50] LaNipge (347d9fd5-d990-49a9-9903-2d39a3b73974): ведро черпается не нефть
[18:52:07] LaNipge (347d9fd5-d990-49a9-9903-2d39a3b73974): мб не та нефть
[18:52:40] XBOST (ed244ead-df9a-464f-a48f-28478c7d8db3): а буровую установку сделал?
[18:52:45] LaNipge (347d9fd5-d990-49a9-9903-2d39a3b73974): нет
[18:52:47] XBOST (ed244ead-df9a-464f-a48f-28478c7d8db3): мб через нее нефть искать
[18:57:11] XBOST (ed244ead-df9a-464f-a48f-28478c7d8db3): сделал
[18:57:45] LaNipge (347d9fd5-d990-49a9-9903-2d39a3b73974): думаю нужна насос качалка
[18:57:58] XBOST (ed244ead-df9a-464f-a48f-28478c7d8db3): станок качалка?
[18:57:59] LaNipge (347d9fd5-d990-49a9-9903-2d39a3b73974): сделай плз 2 микросхемы синенькие, я все остальное
[18:58:19] XBOST (ed244ead-df9a-464f-a48f-28478c7d8db3): я ж тебе не просто так скинул скрин с этой срочкой
[18:58:34] XBOST (ed244ead-df9a-464f-a48f-28478c7d8db3): zzz
[18:58:37] LaNipge (347d9fd5-d990-49a9-9903-2d39a3b73974): я думал ведром можно
[19:00:36] XBOST (ed244ead-df9a-464f-a48f-28478c7d8db3): зерна есть?
[19:00:58] XBOST (ed244ead-df9a-464f-a48f-28478c7d8db3): нашел
[19:01:50] LaNipge (347d9fd5-d990-49a9-9903-2d39a3b73974): зерна
[19:04:43] XBOST (ed244ead-df9a-464f-a48f-28478c7d8db3): на
[19:08:06] LaNipge (347d9fd5-d990-49a9-9903-2d39a3b73974): резина есть?
[19:10:55] XBOST (ed244ead-df9a-464f-a48f-28478c7d8db3): я пойду покушаю
[19:22:44] XBOST (ed244ead-df9a-464f-a48f-28478c7d8db3): и че как
[19:22:48] LaNipge (347d9fd5-d990-49a9-9903-2d39a3b73974): пошли качать
[19:22:56] XBOST (ed244ead-df9a-464f-a48f-28478c7d8db3): куда идти
[19:23:00] LaNipge (347d9fd5-d990-49a9-9903-2d39a3b73974): надо заприватить там
[19:23:09] XBOST (ed244ead-df9a-464f-a48f-28478c7d8db3): где
[19:23:51] XBOST (ed244ead-df9a-464f-a48f-28478c7d8db3): запривать
[19:23:54] XBOST (ed244ead-df9a-464f-a48f-28478c7d8db3): я отлететь могу
[19:25:14] XBOST (ed244ead-df9a-464f-a48f-28478c7d8db3): я ж говорю буровая установка нужна)
[19:25:26] LaNipge (347d9fd5-d990-49a9-9903-2d39a3b73974): сделай а?
[19:26:07] XBOST (ed244ead-df9a-464f-a48f-28478c7d8db3): ага там надо алмазную руду и изумрудную
[19:26:40] XBOST (ed244ead-df9a-464f-a48f-28478c7d8db3): его мне кажется в любой чанк можно
[19:26:51] XBOST (ed244ead-df9a-464f-a48f-28478c7d8db3): ток буровая нужна
[19:26:53] LaNipge (347d9fd5-d990-49a9-9903-2d39a3b73974): ну алмазная это не сложно, а вот изумруд
[19:28:43] LaNipge (347d9fd5-d990-49a9-9903-2d39a3b73974): у тебя шелковое есть?
[19:28:48] XBOST (ed244ead-df9a-464f-a48f-28478c7d8db3): net
[19:29:00] XBOST (ed244ead-df9a-464f-a48f-28478c7d8db3): в тинкере можно шелк сделать
[19:29:16] LaNipge (347d9fd5-d990-49a9-9903-2d39a3b73974): там тоже изумруд нужен
[19:29:25] LaNipge (347d9fd5-d990-49a9-9903-2d39a3b73974): я пошел искать биом
[19:29:29] XBOST (ed244ead-df9a-464f-a48f-28478c7d8db3): торговец
[19:29:30] LaNipge (347d9fd5-d990-49a9-9903-2d39a3b73974): или в данж сходим?
[19:29:35] XBOST (ed244ead-df9a-464f-a48f-28478c7d8db3): в какой
[19:29:41] LaNipge (347d9fd5-d990-49a9-9903-2d39a3b73974): так руду все равно искать
[19:29:48] XBOST (ed244ead-df9a-464f-a48f-28478c7d8db3): можно в гору сумеречного леса
[19:29:51] XBOST (ed244ead-df9a-464f-a48f-28478c7d8db3): иди сходи
[19:29:56] XBOST (ed244ead-df9a-464f-a48f-28478c7d8db3): я пока все остальное сделаю
[19:30:18] XBOST (ed244ead-df9a-464f-a48f-28478c7d8db3): мясо гидры ток не додумайся схавать
[19:42:14] XBOST (ed244ead-df9a-464f-a48f-28478c7d8db3): твайлайт дерьмо оказывается
[19:44:26] XBOST (ed244ead-df9a-464f-a48f-28478c7d8db3): короче надо в обычном мире искать
[19:44:28] XBOST (ed244ead-df9a-464f-a48f-28478c7d8db3): либо в аду
[19:59:03] XBOST (ed244ead-df9a-464f-a48f-28478c7d8db3): а где взять нефть
[19:59:17] LaNipge (347d9fd5-d990-49a9-9903-2d39a3b73974): я думаю она рандомно в чанке при сканировании проявляется
[19:59:21] XBOST (ed244ead-df9a-464f-a48f-28478c7d8db3): мне 6 нефти надо
[19:59:28] LaNipge (347d9fd5-d990-49a9-9903-2d39a3b73974): она крафтиться
[19:59:34] LaNipge (347d9fd5-d990-49a9-9903-2d39a3b73974): из угля
[19:59:46] XBOST (ed244ead-df9a-464f-a48f-28478c7d8db3): понял
[21:09:24] XBOST (ed244ead-df9a-464f-a48f-28478c7d8db3): che
[21:09:30] LaNipge (347d9fd5-d990-49a9-9903-2d39a3b73974): отдай кобальт
[21:11:27] XBOST (ed244ead-df9a-464f-a48f-28478c7d8db3): тут биом на один блок или что
[21:13:51] XBOST (ed244ead-df9a-464f-a48f-28478c7d8db3): так они у бедрока же
[21:15:14] LaNipge (347d9fd5-d990-49a9-9903-2d39a3b73974): изумруды помоему везде должны спавниться
[21:15:20] XBOST (ed244ead-df9a-464f-a48f-28478c7d8db3): )
[21:15:26] XBOST (ed244ead-df9a-464f-a48f-28478c7d8db3): ну да ну да
[21:15:27] LaNipge (347d9fd5-d990-49a9-9903-2d39a3b73974): крафти\
[21:15:29] XBOST (ed244ead-df9a-464f-a48f-28478c7d8db3): везде
[21:15:31] XBOST (ed244ead-df9a-464f-a48f-28478c7d8db3): че крафтить
[21:15:36] LaNipge (347d9fd5-d990-49a9-9903-2d39a3b73974): шелк
[21:15:56] LaNipge (347d9fd5-d990-49a9-9903-2d39a3b73974): как ты заебал со своим магнитом
[21:16:10] LaNipge (347d9fd5-d990-49a9-9903-2d39a3b73974): тп и крафть шелк
[21:16:48] LaNipge (347d9fd5-d990-49a9-9903-2d39a3b73974): а че магнит выклбючить нельзя?
[21:16:52] XBOST (ed244ead-df9a-464f-a48f-28478c7d8db3): ща приду
[21:19:05] LaNipge (347d9fd5-d990-49a9-9903-2d39a3b73974): там и алмаз рядом есть
[21:19:20] LaNipge (347d9fd5-d990-49a9-9903-2d39a3b73974): мне жижи на ночь не хватит
[21:19:23] LaNipge (347d9fd5-d990-49a9-9903-2d39a3b73974): че делать
[21:19:26] XBOST (ed244ead-df9a-464f-a48f-28478c7d8db3): блять забыл
[21:19:34] XBOST (ed244ead-df9a-464f-a48f-28478c7d8db3): стол поставь
[21:19:35] LaNipge (347d9fd5-d990-49a9-9903-2d39a3b73974): )))))))))))))))))))))))))))))))))))))))))))))))))))))))))))))))))))
[21:20:13] LaNipge (347d9fd5-d990-49a9-9903-2d39a3b73974): и железо
[21:20:17] XBOST (ed244ead-df9a-464f-a48f-28478c7d8db3): уже есть
[21:20:20] XBOST (ed244ead-df9a-464f-a48f-28478c7d8db3): надо побольше покопать
[21:20:26] XBOST (ed244ead-df9a-464f-a48f-28478c7d8db3): изумруды пригодятся
[21:21:45] XBOST (ed244ead-df9a-464f-a48f-28478c7d8db3): ой впизду метку поставь и пошли
[21:23:38] XBOST (ed244ead-df9a-464f-a48f-28478c7d8db3): 30 процентов шанс на нефть
[21:24:06] XBOST (ed244ead-df9a-464f-a48f-28478c7d8db3): ключ есть
[21:24:07] LaNipge (347d9fd5-d990-49a9-9903-2d39a3b73974): )
[21:24:09] XBOST (ed244ead-df9a-464f-a48f-28478c7d8db3): а то боюсь ломать
[21:25:02] LaNipge (347d9fd5-d990-49a9-9903-2d39a3b73974): нахуя манамагнит
[21:25:08] LaNipge (347d9fd5-d990-49a9-9903-2d39a3b73974): когда есть из enderio
[21:25:17] XBOST (ed244ead-df9a-464f-a48f-28478c7d8db3): мне этот больше нравится
[21:25:25] LaNipge (347d9fd5-d990-49a9-9903-2d39a3b73974): его даже выключить нельзя
[21:25:28] XBOST (ed244ead-df9a-464f-a48f-28478c7d8db3): 30к пирита
[21:25:36] XBOST (ed244ead-df9a-464f-a48f-28478c7d8db3): можно
[21:25:39] LaNipge (347d9fd5-d990-49a9-9903-2d39a3b73974): возьми панельку
[21:25:41] LaNipge (347d9fd5-d990-49a9-9903-2d39a3b73974): из счундукап
[21:25:52] LaNipge (347d9fd5-d990-49a9-9903-2d39a3b73974): и провода
[21:26:58] XBOST (ed244ead-df9a-464f-a48f-28478c7d8db3): чек вк
[21:29:43] XBOST (ed244ead-df9a-464f-a48f-28478c7d8db3): пусто?
[21:29:45] LaNipge (347d9fd5-d990-49a9-9903-2d39a3b73974): да
[21:32:16] XBOST (ed244ead-df9a-464f-a48f-28478c7d8db3): норм тут возле нас руд
[21:32:38] XBOST (ed244ead-df9a-464f-a48f-28478c7d8db3): 15к титана можно сказать
[21:32:44] XBOST (ed244ead-df9a-464f-a48f-28478c7d8db3): нефты бы еще
[21:33:39] XBOST (ed244ead-df9a-464f-a48f-28478c7d8db3): вольфрам олово
[21:33:56] LaNipge (347d9fd5-d990-49a9-9903-2d39a3b73974): а мы главный чанк не чекали
[21:34:06] LaNipge (347d9fd5-d990-49a9-9903-2d39a3b73974): а
[21:34:08] LaNipge (347d9fd5-d990-49a9-9903-2d39a3b73974): ну да
[21:34:08] XBOST (ed244ead-df9a-464f-a48f-28478c7d8db3): самый первый чекали
[21:34:46] XBOST (ed244ead-df9a-464f-a48f-28478c7d8db3): ez
[21:34:49] XBOST (ed244ead-df9a-464f-a48f-28478c7d8db3): привать
[21:34:52] XBOST (ed244ead-df9a-464f-a48f-28478c7d8db3): чанк этот
[21:36:13] LaNipge (347d9fd5-d990-49a9-9903-2d39a3b73974): я не моогу
[21:36:15] LaNipge (347d9fd5-d990-49a9-9903-2d39a3b73974): лимит
[21:36:20] XBOST (ed244ead-df9a-464f-a48f-28478c7d8db3): а ты тот удалил?
[21:36:28] XBOST (ed244ead-df9a-464f-a48f-28478c7d8db3): с аля нефтью
[21:36:31] XBOST (ed244ead-df9a-464f-a48f-28478c7d8db3): rg list
[21:36:39] XBOST (ed244ead-df9a-464f-a48f-28478c7d8db3): куда ты бежишь нуб
[21:38:48] XBOST (ed244ead-df9a-464f-a48f-28478c7d8db3): можно и переработку теперь
[21:40:02] XBOST (ed244ead-df9a-464f-a48f-28478c7d8db3): трубы делаешь?
[21:43:12] XBOST (ed244ead-df9a-464f-a48f-28478c7d8db3): эт че мэ щас будет чтоли
[21:43:39] LaNipge (347d9fd5-d990-49a9-9903-2d39a3b73974): я не могу набрать другой
[21:43:43] LaNipge (347d9fd5-d990-49a9-9903-2d39a3b73974): только первый
[21:44:27] XBOST (ed244ead-df9a-464f-a48f-28478c7d8db3): у тебя капсулы потому что не полные как я понял
[21:44:36] LaNipge (347d9fd5-d990-49a9-9903-2d39a3b73974): ведро
[21:47:56] XBOST (ed244ead-df9a-464f-a48f-28478c7d8db3): изи
[21:48:52] XBOST (ed244ead-df9a-464f-a48f-28478c7d8db3): zzz
[21:51:16] LaNipge (347d9fd5-d990-49a9-9903-2d39a3b73974): какой же хуёвый мод
[21:51:24] LaNipge (347d9fd5-d990-49a9-9903-2d39a3b73974): набираешь одно, заливается другое
[21:53:39] LaNipge (347d9fd5-d990-49a9-9903-2d39a3b73974): делай ускорители тогда
[21:55:44] XBOST (ed244ead-df9a-464f-a48f-28478c7d8db3): какие
[21:55:50] LaNipge (347d9fd5-d990-49a9-9903-2d39a3b73974): для контроллера
[21:56:24] XBOST (ed244ead-df9a-464f-a48f-28478c7d8db3): какие именно
[21:56:35] XBOST (ed244ead-df9a-464f-a48f-28478c7d8db3): и ис?
[21:56:36] LaNipge (347d9fd5-d990-49a9-9903-2d39a3b73974): ик2
[22:02:54] XBOST (ed244ead-df9a-464f-a48f-28478c7d8db3): там пиздец крафт наполнителя
[22:03:08] XBOST (ed244ead-df9a-464f-a48f-28478c7d8db3): когда я уже по кнопке буду заказывать все
[22:03:22] LaNipge (347d9fd5-d990-49a9-9903-2d39a3b73974): когда ускорители будут
[22:03:51] XBOST (ed244ead-df9a-464f-a48f-28478c7d8db3): уверен?
[22:06:34] LaNipge (347d9fd5-d990-49a9-9903-2d39a3b73974): зерен нет да?
[22:07:40] XBOST (ed244ead-df9a-464f-a48f-28478c7d8db3): че дерешься
[22:08:29] XBOST (ed244ead-df9a-464f-a48f-28478c7d8db3): че так мало
[22:08:36] XBOST (ed244ead-df9a-464f-a48f-28478c7d8db3): я по 4 зажигалки ломаю за раз
[22:08:58] XBOST (ed244ead-df9a-464f-a48f-28478c7d8db3): они не сгорают в огни
[22:09:01] XBOST (ed244ead-df9a-464f-a48f-28478c7d8db3): держу в курсе
[22:09:07] XBOST (ed244ead-df9a-464f-a48f-28478c7d8db3): ты можешь подряд ебашить
[22:16:28] XBOST (ed244ead-df9a-464f-a48f-28478c7d8db3): красный сплав где
[22:18:47] LaNipge (347d9fd5-d990-49a9-9903-2d39a3b73974): у тебя есть кирка на удачу?
[22:18:51] LaNipge (347d9fd5-d990-49a9-9903-2d39a3b73974): за светопылью пойду
[22:18:55] XBOST (ed244ead-df9a-464f-a48f-28478c7d8db3): молот ток
[22:18:58] XBOST (ed244ead-df9a-464f-a48f-28478c7d8db3): им тоже норм
[22:19:00] LaNipge (347d9fd5-d990-49a9-9903-2d39a3b73974): дай
[22:36:32] XBOST (ed244ead-df9a-464f-a48f-28478c7d8db3): жидкостная труба осталась?
[22:54:22] XBOST (ed244ead-df9a-464f-a48f-28478c7d8db3): сразу 12 ускоров сделаю
[22:54:25] XBOST (ed244ead-df9a-464f-a48f-28478c7d8db3): буду экономным
[22:56:38] XBOST (ed244ead-df9a-464f-a48f-28478c7d8db3): ладно,даже 24 сделаю
[22:56:45] XBOST (ed244ead-df9a-464f-a48f-28478c7d8db3): я перепобрщил со стержнями
[23:02:57] XBOST (ed244ead-df9a-464f-a48f-28478c7d8db3): синал в заводе сплавов делается
[23:03:04] XBOST (ed244ead-df9a-464f-a48f-28478c7d8db3): и там норм крафт и быстро
[23:03:19] LaNipge (347d9fd5-d990-49a9-9903-2d39a3b73974): а че молчал
[23:03:28] XBOST (ed244ead-df9a-464f-a48f-28478c7d8db3): а я не знал что ты не знал
[23:03:50] XBOST (ed244ead-df9a-464f-a48f-28478c7d8db3): смотри че есть
[23:03:55] XBOST (ed244ead-df9a-464f-a48f-28478c7d8db3): 24
[23:03:56] XBOST (ed244ead-df9a-464f-a48f-28478c7d8db3): ez
[23:04:05] LaNipge (347d9fd5-d990-49a9-9903-2d39a3b73974): там в наборах еще какие то надо
[23:04:20] XBOST (ed244ead-df9a-464f-a48f-28478c7d8db3): ебать там крафт
[23:04:23] XBOST (ed244ead-df9a-464f-a48f-28478c7d8db3): сасный
[23:04:32] LaNipge (347d9fd5-d990-49a9-9903-2d39a3b73974): как ты любишь
[23:06:43] LaNipge (347d9fd5-d990-49a9-9903-2d39a3b73974): зоито кончилось
[23:08:26] XBOST (ed244ead-df9a-464f-a48f-28478c7d8db3): над копать идти
[23:09:43] LaNipge (347d9fd5-d990-49a9-9903-2d39a3b73974): отдай молот
[23:09:47] LaNipge (347d9fd5-d990-49a9-9903-2d39a3b73974): мой
[23:09:48] XBOST (ed244ead-df9a-464f-a48f-28478c7d8db3): какой
[23:10:01] LaNipge (347d9fd5-d990-49a9-9903-2d39a3b73974): я за золотом
[23:10:06] XBOST (ed244ead-df9a-464f-a48f-28478c7d8db3): я тож ща пойду
[23:10:10] XBOST (ed244ead-df9a-464f-a48f-28478c7d8db3): половину сумок оставь
[23:20:48] XBOST (ed244ead-df9a-464f-a48f-28478c7d8db3): кузню
[23:26:49] XBOST (ed244ead-df9a-464f-a48f-28478c7d8db3): ломай
[23:31:56] XBOST (ed244ead-df9a-464f-a48f-28478c7d8db3): стол залутал?
[23:31:57] LaNipge (347d9fd5-d990-49a9-9903-2d39a3b73974): отдай тумбочку
[23:32:13] XBOST (ed244ead-df9a-464f-a48f-28478c7d8db3): поднял?
[23:32:18] LaNipge (347d9fd5-d990-49a9-9903-2d39a3b73974): да
[23:55:16] XBOST (ed244ead-df9a-464f-a48f-28478c7d8db3): у тебя сумки полные
[23:55:23] LaNipge (347d9fd5-d990-49a9-9903-2d39a3b73974): ну да
[23:55:26] LaNipge (347d9fd5-d990-49a9-9903-2d39a3b73974): я золото копаю
[23:55:30] XBOST (ed244ead-df9a-464f-a48f-28478c7d8db3): ...
[23:55:38] XBOST (ed244ead-df9a-464f-a48f-28478c7d8db3): ты даже кварц скипаешь
[23:56:34] LaNipge (347d9fd5-d990-49a9-9903-2d39a3b73974): надо попозжи сумки какие то
[23:56:41] LaNipge (347d9fd5-d990-49a9-9903-2d39a3b73974): о
[23:56:43] XBOST (ed244ead-df9a-464f-a48f-28478c7d8db3): надо побольше их просто
[23:56:52] LaNipge (347d9fd5-d990-49a9-9903-2d39a3b73974): должен быть предмет, которые удаляет мусор
