[00:02:12] LaNipge (347d9fd5-d990-49a9-9903-2d39a3b73974): сделай линзу
[00:02:15] LaNipge (347d9fd5-d990-49a9-9903-2d39a3b73974): не делается
[00:13:16] XBOST (ed244ead-df9a-464f-a48f-28478c7d8db3): карты расширения нету?
[00:13:27] LaNipge (347d9fd5-d990-49a9-9903-2d39a3b73974): нет
[00:13:32] XBOST (ed244ead-df9a-464f-a48f-28478c7d8db3): плохо
[00:13:41] LaNipge (347d9fd5-d990-49a9-9903-2d39a3b73974): стой
[00:13:43] XBOST (ed244ead-df9a-464f-a48f-28478c7d8db3): че
[00:14:00] LaNipge (347d9fd5-d990-49a9-9903-2d39a3b73974): нельзя вот эти супер интерфейсы на мехи ставить?
[00:14:09] XBOST (ed244ead-df9a-464f-a48f-28478c7d8db3): можно наверн
[00:14:53] LaNipge (347d9fd5-d990-49a9-9903-2d39a3b73974): и че
[00:15:05] LaNipge (347d9fd5-d990-49a9-9903-2d39a3b73974): пон
[00:15:08] XBOST (ed244ead-df9a-464f-a48f-28478c7d8db3): робит?
[00:15:13] LaNipge (347d9fd5-d990-49a9-9903-2d39a3b73974): их легче крафтить чем карты
[00:15:17] LaNipge (347d9fd5-d990-49a9-9903-2d39a3b73974): да
[00:15:22] XBOST (ed244ead-df9a-464f-a48f-28478c7d8db3): пон
[00:16:11] LaNipge (347d9fd5-d990-49a9-9903-2d39a3b73974): куда светопыль дел
[00:16:17] LaNipge (347d9fd5-d990-49a9-9903-2d39a3b73974): я только накопал
[00:16:18] XBOST (ed244ead-df9a-464f-a48f-28478c7d8db3): никуда не дел
[00:16:24] XBOST (ed244ead-df9a-464f-a48f-28478c7d8db3): я уже освещение ломаю
[00:18:17] LaNipge (347d9fd5-d990-49a9-9903-2d39a3b73974): там дракона отпиздить надо
[00:18:25] XBOST (ed244ead-df9a-464f-a48f-28478c7d8db3): зачем
[00:18:35] LaNipge (347d9fd5-d990-49a9-9903-2d39a3b73974): яйцо залутать
[00:18:38] XBOST (ed244ead-df9a-464f-a48f-28478c7d8db3): зачем
[00:18:43] LaNipge (347d9fd5-d990-49a9-9903-2d39a3b73974): надо будет
[00:20:53] XBOST (ed244ead-df9a-464f-a48f-28478c7d8db3): отдай
[00:21:14] XBOST (ed244ead-df9a-464f-a48f-28478c7d8db3): это не так работает
[00:24:17] XBOST (ed244ead-df9a-464f-a48f-28478c7d8db3): и че
[00:24:20] XBOST (ed244ead-df9a-464f-a48f-28478c7d8db3): я был тут уже
[00:27:23] XBOST (ed244ead-df9a-464f-a48f-28478c7d8db3): магнит офф
[00:27:32] XBOST (ed244ead-df9a-464f-a48f-28478c7d8db3): магнит офф
[00:27:32] XBOST (ed244ead-df9a-464f-a48f-28478c7d8db3): магнит офф
[00:27:33] XBOST (ed244ead-df9a-464f-a48f-28478c7d8db3): магнит офф
[00:27:33] XBOST (ed244ead-df9a-464f-a48f-28478c7d8db3): магнит офф
[00:28:00] XBOST (ed244ead-df9a-464f-a48f-28478c7d8db3): бля
[00:28:03] XBOST (ed244ead-df9a-464f-a48f-28478c7d8db3): ну ты тупой
[00:28:24] XBOST (ed244ead-df9a-464f-a48f-28478c7d8db3): животное
[00:28:45] XBOST (ed244ead-df9a-464f-a48f-28478c7d8db3): мэ кабель есть?
[00:28:56] LaNipge (347d9fd5-d990-49a9-9903-2d39a3b73974): в ме
[00:31:56] XBOST (ed244ead-df9a-464f-a48f-28478c7d8db3): магнит офф
[00:31:57] XBOST (ed244ead-df9a-464f-a48f-28478c7d8db3): магнит офф
[00:31:57] XBOST (ed244ead-df9a-464f-a48f-28478c7d8db3): магнит офф
[00:31:58] XBOST (ed244ead-df9a-464f-a48f-28478c7d8db3): магнит офф
[00:31:58] XBOST (ed244ead-df9a-464f-a48f-28478c7d8db3): магнит офф
[00:31:59] XBOST (ed244ead-df9a-464f-a48f-28478c7d8db3): магнит офф
[00:31:59] XBOST (ed244ead-df9a-464f-a48f-28478c7d8db3): магнит офф
[00:32:00] XBOST (ed244ead-df9a-464f-a48f-28478c7d8db3): магнит офф
[00:32:00] XBOST (ed244ead-df9a-464f-a48f-28478c7d8db3): магнит офф
[00:32:00] XBOST (ed244ead-df9a-464f-a48f-28478c7d8db3): магнит офф
[00:34:30] XBOST (ed244ead-df9a-464f-a48f-28478c7d8db3): железо кончилось
[00:37:47] XBOST (ed244ead-df9a-464f-a48f-28478c7d8db3): че делаешь
[00:58:27] LaNipge (347d9fd5-d990-49a9-9903-2d39a3b73974): а че как там база
[00:58:29] LaNipge (347d9fd5-d990-49a9-9903-2d39a3b73974): у челов
[00:58:34] XBOST (ed244ead-df9a-464f-a48f-28478c7d8db3): всм
[00:58:38] LaNipge (347d9fd5-d990-49a9-9903-2d39a3b73974): большая
[00:58:42] XBOST (ed244ead-df9a-464f-a48f-28478c7d8db3): ну норм
[00:58:47] XBOST (ed244ead-df9a-464f-a48f-28478c7d8db3): энд гейм уже
[00:59:02] LaNipge (347d9fd5-d990-49a9-9903-2d39a3b73974): ты че машинок наставл
[00:59:07] LaNipge (347d9fd5-d990-49a9-9903-2d39a3b73974): каналов не хватает
[00:59:16] XBOST (ed244ead-df9a-464f-a48f-28478c7d8db3): почини
[01:00:50] LaNipge (347d9fd5-d990-49a9-9903-2d39a3b73974): афк постоишь?
[01:01:04] XBOST (ed244ead-df9a-464f-a48f-28478c7d8db3): если в доту не пойду постою
[01:01:09] XBOST (ed244ead-df9a-464f-a48f-28478c7d8db3): а так когда спать пойду оставлю
[01:01:18] XBOST (ed244ead-df9a-464f-a48f-28478c7d8db3): иди сюда
[01:01:24] XBOST (ed244ead-df9a-464f-a48f-28478c7d8db3): сделай чтоб фармилось
[01:01:36] XBOST (ed244ead-df9a-464f-a48f-28478c7d8db3): пох хоть воронку поставь
[01:04:58] LaNipge (347d9fd5-d990-49a9-9903-2d39a3b73974): еще раз ударишь
[01:05:10] LaNipge (347d9fd5-d990-49a9-9903-2d39a3b73974): один тут будешь заебало уже
[01:05:16] LaNipge (347d9fd5-d990-49a9-9903-2d39a3b73974): ,
[01:05:22] XBOST (ed244ead-df9a-464f-a48f-28478c7d8db3): расскажешье
[01:10:28] XBOST (ed244ead-df9a-464f-a48f-28478c7d8db3): а мне че не сделал
[01:10:31] LaNipge (347d9fd5-d990-49a9-9903-2d39a3b73974): буду светопыль фармить
[01:10:37] LaNipge (347d9fd5-d990-49a9-9903-2d39a3b73974): я затестить хотел
[01:10:42] LaNipge (347d9fd5-d990-49a9-9903-2d39a3b73974): стоит оно того
[01:11:50] LaNipge (347d9fd5-d990-49a9-9903-2d39a3b73974): пошли на дракона
[01:12:30] XBOST (ed244ead-df9a-464f-a48f-28478c7d8db3): кристаллы разьеби
[01:13:35] XBOST (ed244ead-df9a-464f-a48f-28478c7d8db3): пойду бутыльки сделаю
[01:14:04] XBOST (ed244ead-df9a-464f-a48f-28478c7d8db3): кристаллы разьеби
[01:15:34] XBOST (ed244ead-df9a-464f-a48f-28478c7d8db3): как набрать
[01:17:11] XBOST (ed244ead-df9a-464f-a48f-28478c7d8db3): 40 бутыльков
[01:17:13] XBOST (ed244ead-df9a-464f-a48f-28478c7d8db3): хватит?
[01:17:52] XBOST (ed244ead-df9a-464f-a48f-28478c7d8db3): stoi
[01:18:13] XBOST (ed244ead-df9a-464f-a48f-28478c7d8db3): еще наберу
[01:19:34] LaNipge (347d9fd5-d990-49a9-9903-2d39a3b73974): 2
[01:21:01] LaNipge (347d9fd5-d990-49a9-9903-2d39a3b73974): я спать
[01:21:07] XBOST (ed244ead-df9a-464f-a48f-28478c7d8db3): чет рано ты
[16:39:56] LaNipge (347d9fd5-d990-49a9-9903-2d39a3b73974): а че где серебро
[16:46:57] LaNipge (347d9fd5-d990-49a9-9903-2d39a3b73974): не клади пж головы игроков в ме
[16:47:04] LaNipge (347d9fd5-d990-49a9-9903-2d39a3b73974): у меня крашиться из за них
[16:48:21] XBOST (ed244ead-df9a-464f-a48f-28478c7d8db3): бро
[16:48:24] XBOST (ed244ead-df9a-464f-a48f-28478c7d8db3): где шестерня
[16:51:03] XBOST (ed244ead-df9a-464f-a48f-28478c7d8db3): как тебе zeekr
[16:51:12] LaNipge (347d9fd5-d990-49a9-9903-2d39a3b73974): кто
[16:51:18] XBOST (ed244ead-df9a-464f-a48f-28478c7d8db3): машина такая
[16:53:20] XBOST (ed244ead-df9a-464f-a48f-28478c7d8db3): ты не ответил мне
[16:53:28] LaNipge (347d9fd5-d990-49a9-9903-2d39a3b73974): я не знаю что это
[16:53:35] XBOST (ed244ead-df9a-464f-a48f-28478c7d8db3): загугли
[16:54:12] LaNipge (347d9fd5-d990-49a9-9903-2d39a3b73974): выглядит и стоит как каен
[16:54:57] XBOST (ed244ead-df9a-464f-a48f-28478c7d8db3): я реактор сношу?
[16:55:00] LaNipge (347d9fd5-d990-49a9-9903-2d39a3b73974): нет
[16:55:06] LaNipge (347d9fd5-d990-49a9-9903-2d39a3b73974): сноси но кинь в ме
[16:55:15] LaNipge (347d9fd5-d990-49a9-9903-2d39a3b73974): я попробую доделать
[16:55:20] LaNipge (347d9fd5-d990-49a9-9903-2d39a3b73974): он мб много дает
[16:55:28] XBOST (ed244ead-df9a-464f-a48f-28478c7d8db3): не верю в это
[16:57:24] LaNipge (347d9fd5-d990-49a9-9903-2d39a3b73974): у тебя тут долго?
[17:01:01] XBOST (ed244ead-df9a-464f-a48f-28478c7d8db3): у тебя тут долго?
[17:01:09] LaNipge (347d9fd5-d990-49a9-9903-2d39a3b73974): еще 4
[17:01:33] XBOST (ed244ead-df9a-464f-a48f-28478c7d8db3): какую панельку то делаешь
[17:01:43] LaNipge (347d9fd5-d990-49a9-9903-2d39a3b73974): пока 2 желтеньких
[17:01:49] XBOST (ed244ead-df9a-464f-a48f-28478c7d8db3): как называется
[17:02:10] LaNipge (347d9fd5-d990-49a9-9903-2d39a3b73974): улучшеная чтоб потом улучшить
[17:02:16] XBOST (ed244ead-df9a-464f-a48f-28478c7d8db3): в ме кинь
[17:04:33] XBOST (ed244ead-df9a-464f-a48f-28478c7d8db3): скок она вырабатывает?
[17:04:42] LaNipge (347d9fd5-d990-49a9-9903-2d39a3b73974): нисколько
[17:04:46] LaNipge (347d9fd5-d990-49a9-9903-2d39a3b73974): 5 нахуй
[17:04:48] XBOST (ed244ead-df9a-464f-a48f-28478c7d8db3): миллион надеюсь
[17:27:02] XBOST (ed244ead-df9a-464f-a48f-28478c7d8db3): производитель схем занят пока что
[17:27:03] XBOST (ed244ead-df9a-464f-a48f-28478c7d8db3): не трогай
[17:28:12] XBOST (ed244ead-df9a-464f-a48f-28478c7d8db3): все
[17:29:00] LaNipge (347d9fd5-d990-49a9-9903-2d39a3b73974): че делать гибридку на 20 еу или мана сталевую на 120
[17:29:07] XBOST (ed244ead-df9a-464f-a48f-28478c7d8db3): хз
[17:29:10] XBOST (ed244ead-df9a-464f-a48f-28478c7d8db3): сам решай
[17:29:15] XBOST (ed244ead-df9a-464f-a48f-28478c7d8db3): гибридку потом улучшить можно так то
[17:29:20] XBOST (ed244ead-df9a-464f-a48f-28478c7d8db3): а манасталевую нет
[17:29:41] LaNipge (347d9fd5-d990-49a9-9903-2d39a3b73974): ну мы с трудом можем позволить только гибридку
[17:29:45] LaNipge (347d9fd5-d990-49a9-9903-2d39a3b73974): а щас важна еу
[17:29:52] XBOST (ed244ead-df9a-464f-a48f-28478c7d8db3): ну делай манасталевую
[17:29:54] XBOST (ed244ead-df9a-464f-a48f-28478c7d8db3): пох
[17:33:05] XBOST (ed244ead-df9a-464f-a48f-28478c7d8db3): как пластик сделать
[17:33:06] XBOST (ed244ead-df9a-464f-a48f-28478c7d8db3): помоги
[17:33:08] XBOST (ed244ead-df9a-464f-a48f-28478c7d8db3): 2 шт надо
[17:54:40] LaNipge (347d9fd5-d990-49a9-9903-2d39a3b73974): жесткая нехватка железа
[17:56:07] XBOST (ed244ead-df9a-464f-a48f-28478c7d8db3): а как сделать чтоб саженцы сыми возращались
[17:56:09] XBOST (ed244ead-df9a-464f-a48f-28478c7d8db3): не шаришь
[17:56:13] LaNipge (347d9fd5-d990-49a9-9903-2d39a3b73974): расширение
[17:56:19] XBOST (ed244ead-df9a-464f-a48f-28478c7d8db3): какое
[17:56:26] LaNipge (347d9fd5-d990-49a9-9903-2d39a3b73974): сам найди
[17:56:31] XBOST (ed244ead-df9a-464f-a48f-28478c7d8db3): иди нахуй
[17:56:38] XBOST (ed244ead-df9a-464f-a48f-28478c7d8db3): я как будто не искал
[17:57:02] LaNipge (347d9fd5-d990-49a9-9903-2d39a3b73974): монокультурный цикл
[18:31:00] XBOST (ed244ead-df9a-464f-a48f-28478c7d8db3): сделал завод используя один канал
[18:31:01] XBOST (ed244ead-df9a-464f-a48f-28478c7d8db3): гений
[18:31:36] XBOST (ed244ead-df9a-464f-a48f-28478c7d8db3): теперь жемчуги по чуть-чуть
[18:31:40] XBOST (ed244ead-df9a-464f-a48f-28478c7d8db3): фармятся
[18:31:46] LaNipge (347d9fd5-d990-49a9-9903-2d39a3b73974): где
[18:33:18] XBOST (ed244ead-df9a-464f-a48f-28478c7d8db3): ну сделай блоки
[18:33:21] XBOST (ed244ead-df9a-464f-a48f-28478c7d8db3): и передроби
[18:33:29] XBOST (ed244ead-df9a-464f-a48f-28478c7d8db3): а не крафт занимай
[18:33:32] XBOST (ed244ead-df9a-464f-a48f-28478c7d8db3): быстрее будет
[18:33:51] LaNipge (347d9fd5-d990-49a9-9903-2d39a3b73974): душнила
[18:34:05] XBOST (ed244ead-df9a-464f-a48f-28478c7d8db3): лайфак теперь рассказал просто
[18:34:07] XBOST (ed244ead-df9a-464f-a48f-28478c7d8db3): не более
[18:36:25] XBOST (ed244ead-df9a-464f-a48f-28478c7d8db3): ты хоть один иридий потратил?
[18:36:32] LaNipge (347d9fd5-d990-49a9-9903-2d39a3b73974): 4
[18:36:59] LaNipge (347d9fd5-d990-49a9-9903-2d39a3b73974): ляг
[18:37:31] LaNipge (347d9fd5-d990-49a9-9903-2d39a3b73974): потыкай
[18:37:40] XBOST (ed244ead-df9a-464f-a48f-28478c7d8db3): нахуя время тратить на это
[18:37:47] XBOST (ed244ead-df9a-464f-a48f-28478c7d8db3): я лучше в будущем на к урочек оставлю
[18:38:52] XBOST (ed244ead-df9a-464f-a48f-28478c7d8db3): серебро опять кончилось
[18:39:29] SpunkY (76aedc73-2b6e-4e3e-a0ff-4bd75a31ea75): 1
[18:39:34] SpunkY (76aedc73-2b6e-4e3e-a0ff-4bd75a31ea75): ea
[18:39:38] SpunkY (76aedc73-2b6e-4e3e-a0ff-4bd75a31ea75): ламаєтсья?
[18:39:42] SpunkY (76aedc73-2b6e-4e3e-a0ff-4bd75a31ea75): норм
[18:39:48] SpunkY (76aedc73-2b6e-4e3e-a0ff-4bd75a31ea75): оце межа
[18:39:53] SpunkY (76aedc73-2b6e-4e3e-a0ff-4bd75a31ea75): зроби тож 4 привата
[18:39:57] SpunkY (76aedc73-2b6e-4e3e-a0ff-4bd75a31ea75): по 2 на 2 чанка
[18:40:01] SpunkY (76aedc73-2b6e-4e3e-a0ff-4bd75a31ea75): од цюда
[18:40:23] XBOST (ed244ead-df9a-464f-a48f-28478c7d8db3): пойду похавю
[18:40:30] SpunkY (76aedc73-2b6e-4e3e-a0ff-4bd75a31ea75): я додав в рг тебе
[18:41:44] SpunkY (76aedc73-2b6e-4e3e-a0ff-4bd75a31ea75): і можна в іншу сторону 2 привата дать
[18:41:57] SpunkY (76aedc73-2b6e-4e3e-a0ff-4bd75a31ea75): аааа
[18:42:02] SpunkY (76aedc73-2b6e-4e3e-a0ff-4bd75a31ea75): бить не можна
[18:42:05] SpunkY (76aedc73-2b6e-4e3e-a0ff-4bd75a31ea75): якшо ти не в рг
[18:42:12] SpunkY (76aedc73-2b6e-4e3e-a0ff-4bd75a31ea75): еее
[18:42:16] IZI (600493b8-728e-473b-b0c0-c1d82609a7a4): це гріф
[18:42:43] SpunkY (76aedc73-2b6e-4e3e-a0ff-4bd75a31ea75): ти 2 привата дав?
[18:42:52] SpunkY (76aedc73-2b6e-4e3e-a0ff-4bd75a31ea75): давай туда
[18:42:54] SpunkY (76aedc73-2b6e-4e3e-a0ff-4bd75a31ea75): 2
[18:43:49] SpunkY (76aedc73-2b6e-4e3e-a0ff-4bd75a31ea75): xaxaxa
[18:43:59] IZI (600493b8-728e-473b-b0c0-c1d82609a7a4): а нєфіг було
[18:44:37] IZI (600493b8-728e-473b-b0c0-c1d82609a7a4): куда
[18:44:39] IZI (600493b8-728e-473b-b0c0-c1d82609a7a4): приватить
[18:44:41] IZI (600493b8-728e-473b-b0c0-c1d82609a7a4): откуд
[18:44:52] SpunkY (76aedc73-2b6e-4e3e-a0ff-4bd75a31ea75): туда приват
[18:44:54] SpunkY (76aedc73-2b6e-4e3e-a0ff-4bd75a31ea75): 2 на 2
[18:44:58] SpunkY (76aedc73-2b6e-4e3e-a0ff-4bd75a31ea75): і од туда
[18:45:07] SpunkY (76aedc73-2b6e-4e3e-a0ff-4bd75a31ea75): ну тіпа такій 4 на 2 приват
[18:45:08] SpunkY (76aedc73-2b6e-4e3e-a0ff-4bd75a31ea75): як і там
[19:02:21] XBOST (ed244ead-df9a-464f-a48f-28478c7d8db3): ты джетпак выкинул
[19:03:11] XBOST (ed244ead-df9a-464f-a48f-28478c7d8db3): у меня там на крафт надо 64 серебря
[19:03:15] XBOST (ed244ead-df9a-464f-a48f-28478c7d8db3): так что больше копай
[19:03:29] LaNipge (347d9fd5-d990-49a9-9903-2d39a3b73974): магнит офни
[19:03:31] LaNipge (347d9fd5-d990-49a9-9903-2d39a3b73974): и иди грузи
[19:03:37] LaNipge (347d9fd5-d990-49a9-9903-2d39a3b73974): чанки
[19:08:59] XBOST (ed244ead-df9a-464f-a48f-28478c7d8db3): скок накопал
[19:11:02] XBOST (ed244ead-df9a-464f-a48f-28478c7d8db3): чет мало как то
[19:16:28] XBOST (ed244ead-df9a-464f-a48f-28478c7d8db3): у тебя в щеке стрела
[19:16:38] LaNipge (347d9fd5-d990-49a9-9903-2d39a3b73974): это ус
[19:21:25] LaNipge (347d9fd5-d990-49a9-9903-2d39a3b73974): у тебя тоже баганая?
[19:21:31] XBOST (ed244ead-df9a-464f-a48f-28478c7d8db3): всм
[19:21:41] XBOST (ed244ead-df9a-464f-a48f-28478c7d8db3): обычная
[19:21:42] LaNipge (347d9fd5-d990-49a9-9903-2d39a3b73974): у меня кубик фиолетовый
[19:21:59] XBOST (ed244ead-df9a-464f-a48f-28478c7d8db3): и за все это время ты сделал ток ее?
[19:22:10] XBOST (ed244ead-df9a-464f-a48f-28478c7d8db3): все настолько сложно?
[19:22:15] LaNipge (347d9fd5-d990-49a9-9903-2d39a3b73974): оч
[19:22:50] XBOST (ed244ead-df9a-464f-a48f-28478c7d8db3): в плане крафтить сложно или ресов много
[19:23:01] LaNipge (347d9fd5-d990-49a9-9903-2d39a3b73974): крафтить не сложно
[19:23:04] LaNipge (347d9fd5-d990-49a9-9903-2d39a3b73974): ресов много
[19:30:22] XBOST (ed244ead-df9a-464f-a48f-28478c7d8db3): коллектор яркого звездного неба
[19:30:28] XBOST (ed244ead-df9a-464f-a48f-28478c7d8db3): коллектор яркого звездного света
[19:30:41] XBOST (ed244ead-df9a-464f-a48f-28478c7d8db3): ток там надо продвинутый молекулярный сборщи
[19:31:03] XBOST (ed244ead-df9a-464f-a48f-28478c7d8db3): 16к днем
[19:31:21] XBOST (ed244ead-df9a-464f-a48f-28478c7d8db3): то что в центре сможем сделать?
[19:31:36] LaNipge (347d9fd5-d990-49a9-9903-2d39a3b73974): там кроме энергии не навдо ниче
[19:31:52] LaNipge (347d9fd5-d990-49a9-9903-2d39a3b73974): выглядит изи
[19:31:59] LaNipge (347d9fd5-d990-49a9-9903-2d39a3b73974): но энергии много надо
[19:32:01] XBOST (ed244ead-df9a-464f-a48f-28478c7d8db3): с тебя молекулярка
[19:34:00] XBOST (ed244ead-df9a-464f-a48f-28478c7d8db3): zzz
[19:34:14] XBOST (ed244ead-df9a-464f-a48f-28478c7d8db3): че сделаешь?
[19:34:21] LaNipge (347d9fd5-d990-49a9-9903-2d39a3b73974): молекулярку да
[19:34:26] LaNipge (347d9fd5-d990-49a9-9903-2d39a3b73974): всё что с астрала ты
[19:34:34] XBOST (ed244ead-df9a-464f-a48f-28478c7d8db3): ядро тогда тож с тебя
[19:34:39] XBOST (ed244ead-df9a-464f-a48f-28478c7d8db3): начинай прям щас ядро делать
[19:34:42] XBOST (ed244ead-df9a-464f-a48f-28478c7d8db3): чтоб афк не стоять
[19:34:49] XBOST (ed244ead-df9a-464f-a48f-28478c7d8db3): мразь
[19:36:12] XBOST (ed244ead-df9a-464f-a48f-28478c7d8db3): дай книгу фордж
[19:36:28] XBOST (ed244ead-df9a-464f-a48f-28478c7d8db3): дай книгу фордж
[19:36:38] XBOST (ed244ead-df9a-464f-a48f-28478c7d8db3): магнит
[19:37:04] IZI (600493b8-728e-473b-b0c0-c1d82609a7a4): фул забирай
[19:45:27] SpunkY (76aedc73-2b6e-4e3e-a0ff-4bd75a31ea75): на
[19:45:29] SpunkY (76aedc73-2b6e-4e3e-a0ff-4bd75a31ea75): загубив
[19:47:14] XBOST (ed244ead-df9a-464f-a48f-28478c7d8db3): zz
[19:59:53] LaNipge (347d9fd5-d990-49a9-9903-2d39a3b73974): - серебро
[20:10:12] XBOST (ed244ead-df9a-464f-a48f-28478c7d8db3): 2 здвезды гаста надо)
[20:10:36] XBOST (ed244ead-df9a-464f-a48f-28478c7d8db3): дай ранец твой
[20:10:57] XBOST (ed244ead-df9a-464f-a48f-28478c7d8db3): zzz
[20:19:17] XBOST (ed244ead-df9a-464f-a48f-28478c7d8db3): там реально спавнер гастов
[20:19:19] XBOST (ed244ead-df9a-464f-a48f-28478c7d8db3): прикинь
[20:36:50] SpunkY (76aedc73-2b6e-4e3e-a0ff-4bd75a31ea75): бери шо треба
[20:46:24] LaNipge (347d9fd5-d990-49a9-9903-2d39a3b73974): cgc
[20:46:31] XBOST (ed244ead-df9a-464f-a48f-28478c7d8db3): зачем ты выложил
[20:46:37] LaNipge (347d9fd5-d990-49a9-9903-2d39a3b73974): не надо
[20:48:07] Stxywxthme (6ce0cde9-8c92-4c66-96ad-6bffb9dfc01b): хмм
[20:48:20] XBOST (ed244ead-df9a-464f-a48f-28478c7d8db3): ?
[20:48:29] Stxywxthme (6ce0cde9-8c92-4c66-96ad-6bffb9dfc01b): чет лагает
[20:50:57] Stxywxthme (6ce0cde9-8c92-4c66-96ad-6bffb9dfc01b): .езы
[20:58:58] LaNipge (347d9fd5-d990-49a9-9903-2d39a3b73974): хз
[20:59:06] XBOST (ed244ead-df9a-464f-a48f-28478c7d8db3): обычную хотя б сделал?
[20:59:25] LaNipge (347d9fd5-d990-49a9-9903-2d39a3b73974): почти
[20:59:42] XBOST (ed244ead-df9a-464f-a48f-28478c7d8db3): я опять джетпак проебал
[20:59:48] XBOST (ed244ead-df9a-464f-a48f-28478c7d8db3): он сам как то выкидывается
[21:01:07] LaNipge (347d9fd5-d990-49a9-9903-2d39a3b73974): сходи за жемчугами
[21:01:18] XBOST (ed244ead-df9a-464f-a48f-28478c7d8db3): скок надо
[21:01:22] LaNipge (347d9fd5-d990-49a9-9903-2d39a3b73974): стак
[21:01:29] XBOST (ed244ead-df9a-464f-a48f-28478c7d8db3): ебнутый?
[21:01:31] XBOST (ed244ead-df9a-464f-a48f-28478c7d8db3): ну лан
[21:01:36] XBOST (ed244ead-df9a-464f-a48f-28478c7d8db3): меч на добычу есть?
[21:01:47] XBOST (ed244ead-df9a-464f-a48f-28478c7d8db3): нихуя
[21:01:49] XBOST (ed244ead-df9a-464f-a48f-28478c7d8db3): откуда
[21:08:36] XBOST (ed244ead-df9a-464f-a48f-28478c7d8db3): 61 хватит
[21:08:39] XBOST (ed244ead-df9a-464f-a48f-28478c7d8db3): а то меня почти убили
[21:08:46] LaNipge (347d9fd5-d990-49a9-9903-2d39a3b73974): da
[21:09:00] XBOST (ed244ead-df9a-464f-a48f-28478c7d8db3): на меч
[21:14:44] XBOST (ed244ead-df9a-464f-a48f-28478c7d8db3): че как успех
[21:16:41] XBOST (ed244ead-df9a-464f-a48f-28478c7d8db3): че как успех
[21:16:47] LaNipge (347d9fd5-d990-49a9-9903-2d39a3b73974): не отвлекай
[21:21:22] LaNipge (347d9fd5-d990-49a9-9903-2d39a3b73974): надо потихоньку систему улучшать
[21:21:26] LaNipge (347d9fd5-d990-49a9-9903-2d39a3b73974): не тянет уже
[21:22:19] XBOST (ed244ead-df9a-464f-a48f-28478c7d8db3): че улучшать
[21:22:30] LaNipge (347d9fd5-d990-49a9-9903-2d39a3b73974): еще 47 глаз давай
[21:26:57] XBOST (ed244ead-df9a-464f-a48f-28478c7d8db3): 49
[21:28:42] XBOST (ed244ead-df9a-464f-a48f-28478c7d8db3): как успех
[21:29:34] LaNipge (347d9fd5-d990-49a9-9903-2d39a3b73974): почти
[21:32:52] LaNipge (347d9fd5-d990-49a9-9903-2d39a3b73974): серебра опять почти нет
[21:32:54] LaNipge (347d9fd5-d990-49a9-9903-2d39a3b73974): я в ахуе
[21:36:25] LaNipge (347d9fd5-d990-49a9-9903-2d39a3b73974): ласт крафт
[21:37:11] LaNipge (347d9fd5-d990-49a9-9903-2d39a3b73974): иридия то хватит?
[21:39:24] XBOST (ed244ead-df9a-464f-a48f-28478c7d8db3): 16кк энергии жмем
[21:39:25] LaNipge (347d9fd5-d990-49a9-9903-2d39a3b73974): анимации не будет
[21:40:29] XBOST (ed244ead-df9a-464f-a48f-28478c7d8db3): гений
[21:41:18] XBOST (ed244ead-df9a-464f-a48f-28478c7d8db3): zzz
[21:42:26] LaNipge (347d9fd5-d990-49a9-9903-2d39a3b73974): дай затестить
[21:42:47] LaNipge (347d9fd5-d990-49a9-9903-2d39a3b73974): а сапожки
[21:42:56] XBOST (ed244ead-df9a-464f-a48f-28478c7d8db3): без них работает
[21:42:59] LaNipge (347d9fd5-d990-49a9-9903-2d39a3b73974): )
[21:43:51] XBOST (ed244ead-df9a-464f-a48f-28478c7d8db3): скрафть себе
[21:44:08] LaNipge (347d9fd5-d990-49a9-9903-2d39a3b73974): уже 5
[21:44:10] LaNipge (347d9fd5-d990-49a9-9903-2d39a3b73974): 6
[21:45:27] LaNipge (347d9fd5-d990-49a9-9903-2d39a3b73974): 7
[21:45:52] XBOST (ed244ead-df9a-464f-a48f-28478c7d8db3): прикинь как крафт отличается манасталевой панели и крафт звёздной панели
[21:46:04] LaNipge (347d9fd5-d990-49a9-9903-2d39a3b73974): не сбалансированное говно
[21:46:13] XBOST (ed244ead-df9a-464f-a48f-28478c7d8db3): там некст 250к вообще
[21:46:57] LaNipge (347d9fd5-d990-49a9-9903-2d39a3b73974): а че мы одну делаем?
[21:47:08] XBOST (ed244ead-df9a-464f-a48f-28478c7d8db3): потом еще сделаем
[21:47:14] XBOST (ed244ead-df9a-464f-a48f-28478c7d8db3): автокрафт бы на нее вообще
[21:47:21] LaNipge (347d9fd5-d990-49a9-9903-2d39a3b73974): надо трансформатор с еу на рф
[21:47:26] XBOST (ed244ead-df9a-464f-a48f-28478c7d8db3): сделай
[21:48:15] LaNipge (347d9fd5-d990-49a9-9903-2d39a3b73974): 12
[21:49:38] LaNipge (347d9fd5-d990-49a9-9903-2d39a3b73974): 13
[21:49:55] XBOST (ed244ead-df9a-464f-a48f-28478c7d8db3): 28 еу
[21:50:01] XBOST (ed244ead-df9a-464f-a48f-28478c7d8db3): не буду на этот калл тратить
[21:50:09] LaNipge (347d9fd5-d990-49a9-9903-2d39a3b73974): 14
[21:50:25] LaNipge (347d9fd5-d990-49a9-9903-2d39a3b73974): там энергия не потратилась а он опять кликает
[21:50:55] LaNipge (347d9fd5-d990-49a9-9903-2d39a3b73974): 15
[21:51:02] XBOST (ed244ead-df9a-464f-a48f-28478c7d8db3): чел я без тебя вижу
[21:51:32] LaNipge (347d9fd5-d990-49a9-9903-2d39a3b73974): выпала
[21:51:35] XBOST (ed244ead-df9a-464f-a48f-28478c7d8db3): че
[21:51:45] XBOST (ed244ead-df9a-464f-a48f-28478c7d8db3): 1 еу
[21:51:54] LaNipge (347d9fd5-d990-49a9-9903-2d39a3b73974): 3
[21:54:28] LaNipge (347d9fd5-d990-49a9-9903-2d39a3b73974): нормис
[21:55:18] XBOST (ed244ead-df9a-464f-a48f-28478c7d8db3): модуль: генерация днём
[21:55:20] XBOST (ed244ead-df9a-464f-a48f-28478c7d8db3): чек
[21:56:02] LaNipge (347d9fd5-d990-49a9-9903-2d39a3b73974): там есть одно, ставишь на высоту 130 блоков и 150% генерации
[21:56:16] LaNipge (347d9fd5-d990-49a9-9903-2d39a3b73974): воздушная панель
[21:56:34] LaNipge (347d9fd5-d990-49a9-9903-2d39a3b73974): там иридий нужен
[21:56:40] XBOST (ed244ead-df9a-464f-a48f-28478c7d8db3): та пох
[21:56:57] XBOST (ed244ead-df9a-464f-a48f-28478c7d8db3): над на 250к делать
[21:57:02] XBOST (ed244ead-df9a-464f-a48f-28478c7d8db3): вот в нее будет смысл сувать
[21:57:10] LaNipge (347d9fd5-d990-49a9-9903-2d39a3b73974): факт
[21:57:11] XBOST (ed244ead-df9a-464f-a48f-28478c7d8db3): трансформатор сделай
[21:57:15] XBOST (ed244ead-df9a-464f-a48f-28478c7d8db3): еу в рф
[21:57:40] XBOST (ed244ead-df9a-464f-a48f-28478c7d8db3): когда будет 256к панель уже можно будет с помощью жидкой материи делать серебро
[21:58:06] LaNipge (347d9fd5-d990-49a9-9903-2d39a3b73974): всё железо уходит на говно
[21:58:16] XBOST (ed244ead-df9a-464f-a48f-28478c7d8db3): на какое
[21:58:20] XBOST (ed244ead-df9a-464f-a48f-28478c7d8db3): говно
[21:58:28] LaNipge (347d9fd5-d990-49a9-9903-2d39a3b73974): на жемчуги 1 в час нахуй
[21:58:40] XBOST (ed244ead-df9a-464f-a48f-28478c7d8db3): тут 0 железа уходит
[21:58:53] XBOST (ed244ead-df9a-464f-a48f-28478c7d8db3): я могу даже в экспорте убрать его
[21:58:56] XBOST (ed244ead-df9a-464f-a48f-28478c7d8db3): тут гениальная хуйня
[21:59:29] XBOST (ed244ead-df9a-464f-a48f-28478c7d8db3): я гениален)
[21:59:51] LaNipge (347d9fd5-d990-49a9-9903-2d39a3b73974): я чет понял
[21:59:53] LaNipge (347d9fd5-d990-49a9-9903-2d39a3b73974): поднял
[21:59:54] XBOST (ed244ead-df9a-464f-a48f-28478c7d8db3): че
[22:01:23] XBOST (ed244ead-df9a-464f-a48f-28478c7d8db3): можно попробовать семена серебра сделать
[22:01:57] LaNipge (347d9fd5-d990-49a9-9903-2d39a3b73974): эссенции не хватит думаю
[22:03:58] LaNipge (347d9fd5-d990-49a9-9903-2d39a3b73974): 80 серебра
[22:04:51] XBOST (ed244ead-df9a-464f-a48f-28478c7d8db3): а курятник интересно сможем сделать
[22:05:02] LaNipge (347d9fd5-d990-49a9-9903-2d39a3b73974): там помоему пчелки нужны
[22:05:17] XBOST (ed244ead-df9a-464f-a48f-28478c7d8db3): +
[22:06:18] LaNipge (347d9fd5-d990-49a9-9903-2d39a3b73974): яяя
[22:06:26] LaNipge (347d9fd5-d990-49a9-9903-2d39a3b73974): zzz
[22:09:19] XBOST (ed244ead-df9a-464f-a48f-28478c7d8db3): на че серебро надо тебе
[22:09:27] LaNipge (347d9fd5-d990-49a9-9903-2d39a3b73974): на всё
[22:09:30] LaNipge (347d9fd5-d990-49a9-9903-2d39a3b73974): оно везде
[22:09:39] XBOST (ed244ead-df9a-464f-a48f-28478c7d8db3): в данный момент
[22:09:52] LaNipge (347d9fd5-d990-49a9-9903-2d39a3b73974): пока не надо
[22:09:58] LaNipge (347d9fd5-d990-49a9-9903-2d39a3b73974): на панельки надо
[22:10:01] LaNipge (347d9fd5-d990-49a9-9903-2d39a3b73974): на мехи надо
[22:10:10] LaNipge (347d9fd5-d990-49a9-9903-2d39a3b73974): на интерфейсы надо
[22:17:08] LaNipge (347d9fd5-d990-49a9-9903-2d39a3b73974): проблемс есть
[22:17:11] XBOST (ed244ead-df9a-464f-a48f-28478c7d8db3): че
[22:17:28] XBOST (ed244ead-df9a-464f-a48f-28478c7d8db3): пон
[22:18:38] XBOST (ed244ead-df9a-464f-a48f-28478c7d8db3): работает вроде
[22:18:38] LaNipge (347d9fd5-d990-49a9-9903-2d39a3b73974): трубы говнище
[22:18:44] LaNipge (347d9fd5-d990-49a9-9903-2d39a3b73974): исправляю
[22:23:04] XBOST (ed244ead-df9a-464f-a48f-28478c7d8db3): zzz
[22:23:51] XBOST (ed244ead-df9a-464f-a48f-28478c7d8db3): я пойду в кс поиграю
[23:04:16] SpunkY (76aedc73-2b6e-4e3e-a0ff-4bd75a31ea75): шукай
[23:05:35] SpunkY (76aedc73-2b6e-4e3e-a0ff-4bd75a31ea75): шукай
[23:07:02] SpunkY (76aedc73-2b6e-4e3e-a0ff-4bd75a31ea75): шукай
[23:07:04] SpunkY (76aedc73-2b6e-4e3e-a0ff-4bd75a31ea75): шукайц
[23:07:25] IZI (600493b8-728e-473b-b0c0-c1d82609a7a4): я енд копать
[23:21:04] SpunkY (76aedc73-2b6e-4e3e-a0ff-4bd75a31ea75): мо ця потвора і алтарі всі очіщяє тупо
[23:21:29] IZI (600493b8-728e-473b-b0c0-c1d82609a7a4): хз
[23:24:58] SpunkY (76aedc73-2b6e-4e3e-a0ff-4bd75a31ea75): Я хз
[23:25:07] SpunkY (76aedc73-2b6e-4e3e-a0ff-4bd75a31ea75): я щя тупо лівну і не зайду ніколи
[23:25:11] SpunkY (76aedc73-2b6e-4e3e-a0ff-4bd75a31ea75): шо це таке
[23:25:53] IZI (600493b8-728e-473b-b0c0-c1d82609a7a4): Стоп
[23:25:54] SpunkY (76aedc73-2b6e-4e3e-a0ff-4bd75a31ea75): я пробіг 15 км а проплив на лодці 24
[23:25:55] IZI (600493b8-728e-473b-b0c0-c1d82609a7a4): Стоп
[23:25:59] IZI (600493b8-728e-473b-b0c0-c1d82609a7a4): а що ти хочеш
[23:26:03] IZI (600493b8-728e-473b-b0c0-c1d82609a7a4): конкретно
[23:26:07] SpunkY (76aedc73-2b6e-4e3e-a0ff-4bd75a31ea75): я скрін в тг кідав
[23:26:14] IZI (600493b8-728e-473b-b0c0-c1d82609a7a4): Ну кидав
[23:26:16] IZI (600493b8-728e-473b-b0c0-c1d82609a7a4): ну кидав
[23:26:19] IZI (600493b8-728e-473b-b0c0-c1d82609a7a4): і чо
[23:26:24] SpunkY (76aedc73-2b6e-4e3e-a0ff-4bd75a31ea75): ото таке мені треба
[23:26:30] IZI (600493b8-728e-473b-b0c0-c1d82609a7a4): для чого
[23:26:43] SpunkY (76aedc73-2b6e-4e3e-a0ff-4bd75a31ea75): шоб верстак скравтить за помощю лунного свєта
[23:30:43] SpunkY (76aedc73-2b6e-4e3e-a0ff-4bd75a31ea75): да
[23:32:22] [ADVERTISEMENT] IZI (600493b8-728e-473b-b0c0-c1d82609a7a4): <advertisement>§f
[23:32:25] SpunkY (76aedc73-2b6e-4e3e-a0ff-4bd75a31ea75): воно тіпа в горах має буть
[23:32:27] IZI (600493b8-728e-473b-b0c0-c1d82609a7a4): na hom
[23:32:30] IZI (600493b8-728e-473b-b0c0-c1d82609a7a4): tp
[23:32:33] SpunkY (76aedc73-2b6e-4e3e-a0ff-4bd75a31ea75): я?
[23:32:37] SpunkY (76aedc73-2b6e-4e3e-a0ff-4bd75a31ea75): Я?
[23:32:53] IZI (600493b8-728e-473b-b0c0-c1d82609a7a4): або кинь просто все для крафта мені
[23:33:14] SpunkY (76aedc73-2b6e-4e3e-a0ff-4bd75a31ea75): всьо
[23:33:17] SpunkY (76aedc73-2b6e-4e3e-a0ff-4bd75a31ea75): а шо на хоміН
[23:36:08] SpunkY (76aedc73-2b6e-4e3e-a0ff-4bd75a31ea75): Да
[23:36:34] SpunkY (76aedc73-2b6e-4e3e-a0ff-4bd75a31ea75): А
[23:36:39] SpunkY (76aedc73-2b6e-4e3e-a0ff-4bd75a31ea75): (
[23:37:30] SpunkY (76aedc73-2b6e-4e3e-a0ff-4bd75a31ea75): дай
[23:38:57] SpunkY (76aedc73-2b6e-4e3e-a0ff-4bd75a31ea75): глянь крафт
[23:39:24] SpunkY (76aedc73-2b6e-4e3e-a0ff-4bd75a31ea75): ще диви яке сміття
[23:39:36] SpunkY (76aedc73-2b6e-4e3e-a0ff-4bd75a31ea75): в прямому сенсі сміття
[23:40:13] SpunkY (76aedc73-2b6e-4e3e-a0ff-4bd75a31ea75): добав в привати всі
[23:41:26] IZI (600493b8-728e-473b-b0c0-c1d82609a7a4): походу ця штука
[23:41:30] IZI (600493b8-728e-473b-b0c0-c1d82609a7a4): слізнів спаунить
[23:41:34] IZI (600493b8-728e-473b-b0c0-c1d82609a7a4): бо тільки що появився
[23:41:38] IZI (600493b8-728e-473b-b0c0-c1d82609a7a4): тут
[23:41:39] IZI (600493b8-728e-473b-b0c0-c1d82609a7a4): пригав
[23:41:44] IZI (600493b8-728e-473b-b0c0-c1d82609a7a4): або просто повезло так
[23:41:53] SpunkY (76aedc73-2b6e-4e3e-a0ff-4bd75a31ea75): мб
[23:42:20] SpunkY (76aedc73-2b6e-4e3e-a0ff-4bd75a31ea75): е
[23:42:24] SpunkY (76aedc73-2b6e-4e3e-a0ff-4bd75a31ea75): а чо желізо не плавить
[23:42:32] SpunkY (76aedc73-2b6e-4e3e-a0ff-4bd75a31ea75): а
[23:42:36] SpunkY (76aedc73-2b6e-4e3e-a0ff-4bd75a31ea75): шифтом нізя кідать
[23:46:08] SpunkY (76aedc73-2b6e-4e3e-a0ff-4bd75a31ea75): треба фігня шоб пластіни робить
[23:46:14] IZI (600493b8-728e-473b-b0c0-c1d82609a7a4): yaka
[23:46:18] SpunkY (76aedc73-2b6e-4e3e-a0ff-4bd75a31ea75): отлівка прастіни
