[00:19:29] SpunkY (76aedc73-2b6e-4e3e-a0ff-4bd75a31ea75): а нє
[00:19:30] SpunkY (76aedc73-2b6e-4e3e-a0ff-4bd75a31ea75): все норм
[00:26:29] SpunkY (76aedc73-2b6e-4e3e-a0ff-4bd75a31ea75): я хз
[00:26:32] IZI (600493b8-728e-473b-b0c0-c1d82609a7a4): f
[00:26:33] SpunkY (76aedc73-2b6e-4e3e-a0ff-4bd75a31ea75): як сундук той крафтить
[00:26:40] IZI (600493b8-728e-473b-b0c0-c1d82609a7a4): який обичний?
[00:26:46] SpunkY (76aedc73-2b6e-4e3e-a0ff-4bd75a31ea75): та зоть якийсь
[00:26:50] IZI (600493b8-728e-473b-b0c0-c1d82609a7a4): хвхввхвх
[00:26:52] IZI (600493b8-728e-473b-b0c0-c1d82609a7a4): ну ото так
[00:28:30] SpunkY (76aedc73-2b6e-4e3e-a0ff-4bd75a31ea75): Щя вернусь
[00:28:35] IZI (600493b8-728e-473b-b0c0-c1d82609a7a4): ОК
[00:37:20] SpunkY (76aedc73-2b6e-4e3e-a0ff-4bd75a31ea75): ?
[02:10:44] XBOST (ed244ead-df9a-464f-a48f-28478c7d8db3): че там с флаксом
[02:11:12] LaNipge (347d9fd5-d990-49a9-9903-2d39a3b73974): панель то будет еще одна или нет
[02:11:19] XBOST (ed244ead-df9a-464f-a48f-28478c7d8db3): серебра 0
[02:12:38] LaNipge (347d9fd5-d990-49a9-9903-2d39a3b73974): 224 серебра на семечку надо
[02:12:44] LaNipge (347d9fd5-d990-49a9-9903-2d39a3b73974): надо попробовать
[02:12:55] XBOST (ed244ead-df9a-464f-a48f-28478c7d8db3): я уже делаю семя это ебанное
[02:14:07] LaNipge (347d9fd5-d990-49a9-9903-2d39a3b73974): серебро копать?
[02:15:31] LaNipge (347d9fd5-d990-49a9-9903-2d39a3b73974): че еще надо для семечки?
[02:15:36] XBOST (ed244ead-df9a-464f-a48f-28478c7d8db3): звёзды
[02:15:56] LaNipge (347d9fd5-d990-49a9-9903-2d39a3b73974): не пон
[02:16:28] XBOST (ed244ead-df9a-464f-a48f-28478c7d8db3): инфузионны кристалл нужен
[02:16:32] LaNipge (347d9fd5-d990-49a9-9903-2d39a3b73974): пон
[02:16:33] XBOST (ed244ead-df9a-464f-a48f-28478c7d8db3): а там 2 звезды надо
[02:16:37] XBOST (ed244ead-df9a-464f-a48f-28478c7d8db3): но нам одного явно не хватит
[02:16:40] LaNipge (347d9fd5-d990-49a9-9903-2d39a3b73974): дай ранец
[02:17:03] LaNipge (347d9fd5-d990-49a9-9903-2d39a3b73974): и где теперь крепость искать?
[02:17:14] XBOST (ed244ead-df9a-464f-a48f-28478c7d8db3): я в молекулярке фармлю звезды
[02:17:19] XBOST (ed244ead-df9a-464f-a48f-28478c7d8db3): 6 штук должно хватит
[02:18:18] LaNipge (347d9fd5-d990-49a9-9903-2d39a3b73974): а ты бич кристал делаешь?
[02:18:40] XBOST (ed244ead-df9a-464f-a48f-28478c7d8db3): хз
[02:18:51] LaNipge (347d9fd5-d990-49a9-9903-2d39a3b73974): самый маленький?
[02:18:56] XBOST (ed244ead-df9a-464f-a48f-28478c7d8db3): побольше наверн
[02:39:02] XBOST (ed244ead-df9a-464f-a48f-28478c7d8db3): пох крч
[02:39:06] XBOST (ed244ead-df9a-464f-a48f-28478c7d8db3): там другой крафт есть
[02:39:12] XBOST (ed244ead-df9a-464f-a48f-28478c7d8db3): щас расплавлю и все
[02:39:13] XBOST (ed244ead-df9a-464f-a48f-28478c7d8db3): дай
[02:55:16] LaNipge (347d9fd5-d990-49a9-9903-2d39a3b73974): клади
[02:55:55] LaNipge (347d9fd5-d990-49a9-9903-2d39a3b73974): че дрочишь
[02:56:05] XBOST (ed244ead-df9a-464f-a48f-28478c7d8db3): в молекулярке
[02:56:28] XBOST (ed244ead-df9a-464f-a48f-28478c7d8db3): ток как это автоматизировать хз вообще
[02:56:36] LaNipge (347d9fd5-d990-49a9-9903-2d39a3b73974): действительно
[02:56:39] LaNipge (347d9fd5-d990-49a9-9903-2d39a3b73974): сюда иди
[02:58:16] XBOST (ed244ead-df9a-464f-a48f-28478c7d8db3): как автоматизировать
[02:58:21] LaNipge (347d9fd5-d990-49a9-9903-2d39a3b73974): щас
[02:58:25] LaNipge (347d9fd5-d990-49a9-9903-2d39a3b73974): дай подумать
[02:58:31] LaNipge (347d9fd5-d990-49a9-9903-2d39a3b73974): есть план
[02:59:21] LaNipge (347d9fd5-d990-49a9-9903-2d39a3b73974): сделать еще один молекулярный)
[02:59:35] LaNipge (347d9fd5-d990-49a9-9903-2d39a3b73974): в сундук из сундука
[02:59:38] LaNipge (347d9fd5-d990-49a9-9903-2d39a3b73974): че еще
[02:59:46] LaNipge (347d9fd5-d990-49a9-9903-2d39a3b73974): ас
[02:59:47] LaNipge (347d9fd5-d990-49a9-9903-2d39a3b73974): а
[02:59:52] LaNipge (347d9fd5-d990-49a9-9903-2d39a3b73974): экспортом
[03:00:00] LaNipge (347d9fd5-d990-49a9-9903-2d39a3b73974): там есть 50/50
[03:00:05] XBOST (ed244ead-df9a-464f-a48f-28478c7d8db3): чтоб по очереди типо
[03:00:06] LaNipge (347d9fd5-d990-49a9-9903-2d39a3b73974): карта расширения и
[03:00:09] LaNipge (347d9fd5-d990-49a9-9903-2d39a3b73974): да
[03:02:04] XBOST (ed244ead-df9a-464f-a48f-28478c7d8db3): не пошло
[03:02:29] LaNipge (347d9fd5-d990-49a9-9903-2d39a3b73974): похуй
[03:02:33] LaNipge (347d9fd5-d990-49a9-9903-2d39a3b73974): пока не кончиться одно
[03:02:39] LaNipge (347d9fd5-d990-49a9-9903-2d39a3b73974): другое не пойдет
[03:02:43] LaNipge (347d9fd5-d990-49a9-9903-2d39a3b73974): и так по очереди
[03:03:06] XBOST (ed244ead-df9a-464f-a48f-28478c7d8db3): гениально
[03:03:18] LaNipge (347d9fd5-d990-49a9-9903-2d39a3b73974): гений на сервере
[03:03:55] XBOST (ed244ead-df9a-464f-a48f-28478c7d8db3): у нас все для молекулярки есть
[03:04:00] XBOST (ed244ead-df9a-464f-a48f-28478c7d8db3): кроме датчика этого
[03:04:30] LaNipge (347d9fd5-d990-49a9-9903-2d39a3b73974): тоже самое будет
[03:04:36] LaNipge (347d9fd5-d990-49a9-9903-2d39a3b73974): мб чуть быстрее
[03:05:05] LaNipge (347d9fd5-d990-49a9-9903-2d39a3b73974): вот завтра серебно надо будет
[03:05:08] LaNipge (347d9fd5-d990-49a9-9903-2d39a3b73974): и че делать
[03:05:11] LaNipge (347d9fd5-d990-49a9-9903-2d39a3b73974): ждать?
[03:05:33] XBOST (ed244ead-df9a-464f-a48f-28478c7d8db3): а че завтра будет
[03:05:58] LaNipge (347d9fd5-d990-49a9-9903-2d39a3b73974): а ну впринципе
[03:06:13] LaNipge (347d9fd5-d990-49a9-9903-2d39a3b73974): хуй знает как это будет
[03:06:21] LaNipge (347d9fd5-d990-49a9-9903-2d39a3b73974): по миллиону каждого или одного
[03:07:33] LaNipge (347d9fd5-d990-49a9-9903-2d39a3b73974): почти успевает
[03:07:34] LaNipge (347d9fd5-d990-49a9-9903-2d39a3b73974): )
[03:07:57] XBOST (ed244ead-df9a-464f-a48f-28478c7d8db3): если ты хочешь миллион серебра то там явно не сундук должен быть
[03:08:05] XBOST (ed244ead-df9a-464f-a48f-28478c7d8db3): а то я когда афк встану он за 5 мин забьется
[03:08:42] LaNipge (347d9fd5-d990-49a9-9903-2d39a3b73974): щас
[03:08:53] LaNipge (347d9fd5-d990-49a9-9903-2d39a3b73974): тыкни
[03:13:36] LaNipge (347d9fd5-d990-49a9-9903-2d39a3b73974): надо семечку спрятать одну
[03:13:39] LaNipge (347d9fd5-d990-49a9-9903-2d39a3b73974): мало ли
[03:13:41] XBOST (ed244ead-df9a-464f-a48f-28478c7d8db3): уже
[03:13:46] XBOST (ed244ead-df9a-464f-a48f-28478c7d8db3): стак спрятал
[03:16:08] LaNipge (347d9fd5-d990-49a9-9903-2d39a3b73974): а еще на одну семечку хватит?
[03:16:14] XBOST (ed244ead-df9a-464f-a48f-28478c7d8db3): на какую
[03:16:18] LaNipge (347d9fd5-d990-49a9-9903-2d39a3b73974): зотоло и железо
[03:16:32] XBOST (ed244ead-df9a-464f-a48f-28478c7d8db3): золото и так много с железом
[03:16:37] XBOST (ed244ead-df9a-464f-a48f-28478c7d8db3): надо просто переработку сделать
[03:16:41] XBOST (ed244ead-df9a-464f-a48f-28478c7d8db3): нормульую
[03:16:49] LaNipge (347d9fd5-d990-49a9-9903-2d39a3b73974): железа не хватает
[03:16:57] XBOST (ed244ead-df9a-464f-a48f-28478c7d8db3): 1000 железа в мэ лежит
[03:17:06] LaNipge (347d9fd5-d990-49a9-9903-2d39a3b73974): это мало
[03:17:12] XBOST (ed244ead-df9a-464f-a48f-28478c7d8db3): потрать сначала
[03:17:25] LaNipge (347d9fd5-d990-49a9-9903-2d39a3b73974): я пока крафтил чето потратил 1к
[03:18:03] XBOST (ed244ead-df9a-464f-a48f-28478c7d8db3): тебе просто впадлу переработку делать
[03:18:39] LaNipge (347d9fd5-d990-49a9-9903-2d39a3b73974): надо панельку еще одну
[03:19:12] XBOST (ed244ead-df9a-464f-a48f-28478c7d8db3): не сегодня
[03:19:18] XBOST (ed244ead-df9a-464f-a48f-28478c7d8db3): я щас уйду уже
[03:19:26] LaNipge (347d9fd5-d990-49a9-9903-2d39a3b73974): ахуел?
[03:19:36] XBOST (ed244ead-df9a-464f-a48f-28478c7d8db3): ну ты сам ливнул когда я ушел играть в доту
[03:19:44] XBOST (ed244ead-df9a-464f-a48f-28478c7d8db3): ты мог вполне поиграть и чет поделать
[03:19:59] XBOST (ed244ead-df9a-464f-a48f-28478c7d8db3): но ты выходишь когда я выхожу
[03:21:14] XBOST (ed244ead-df9a-464f-a48f-28478c7d8db3): у тебя морковь из золота,а ты говоришь золота не хватает
[03:21:23] LaNipge (347d9fd5-d990-49a9-9903-2d39a3b73974): для ада делал
[03:22:25] XBOST (ed244ead-df9a-464f-a48f-28478c7d8db3): ты даже афк не постоял когда я ливнул
[03:22:43] LaNipge (347d9fd5-d990-49a9-9903-2d39a3b73974): че началось то
[03:24:23] XBOST (ed244ead-df9a-464f-a48f-28478c7d8db3): если по факту то можно и на 2кк панель сделать
[03:24:33] XBOST (ed244ead-df9a-464f-a48f-28478c7d8db3): та легкий крафт по сути
[03:25:53] LaNipge (347d9fd5-d990-49a9-9903-2d39a3b73974): много иридия надо а так вроде легкая
[03:26:02] XBOST (ed244ead-df9a-464f-a48f-28478c7d8db3): иридий быстро делается
[03:26:09] LaNipge (347d9fd5-d990-49a9-9903-2d39a3b73974): не так быстро
[03:26:11] XBOST (ed244ead-df9a-464f-a48f-28478c7d8db3): тем более мы постепенно будем ее делать
[03:26:20] XBOST (ed244ead-df9a-464f-a48f-28478c7d8db3): на 800к сделаем и там полетил
[03:26:28] XBOST (ed244ead-df9a-464f-a48f-28478c7d8db3): на 250*
[03:28:57] XBOST (ed244ead-df9a-464f-a48f-28478c7d8db3): че делаешь
[03:29:06] LaNipge (347d9fd5-d990-49a9-9903-2d39a3b73974): переработку
[03:31:29] LaNipge (347d9fd5-d990-49a9-9903-2d39a3b73974): надо еще ферму кремния из ае
[03:31:42] XBOST (ed244ead-df9a-464f-a48f-28478c7d8db3): ща сделаю
[03:35:39] LaNipge (347d9fd5-d990-49a9-9903-2d39a3b73974): ебаный дождь
[03:35:41] XBOST (ed244ead-df9a-464f-a48f-28478c7d8db3): сделал
[03:35:44] LaNipge (347d9fd5-d990-49a9-9903-2d39a3b73974): вот именно щас
[03:35:56] XBOST (ed244ead-df9a-464f-a48f-28478c7d8db3): это не он
[03:36:12] XBOST (ed244ead-df9a-464f-a48f-28478c7d8db3): делай
[03:36:29] XBOST (ed244ead-df9a-464f-a48f-28478c7d8db3): ты нуб просто
[03:36:34] XBOST (ed244ead-df9a-464f-a48f-28478c7d8db3): не изучено ничего типо
[03:37:27] LaNipge (347d9fd5-d990-49a9-9903-2d39a3b73974): а где сделал то
[03:38:02] XBOST (ed244ead-df9a-464f-a48f-28478c7d8db3): я пошел
[03:38:07] XBOST (ed244ead-df9a-464f-a48f-28478c7d8db3): бб
[03:38:10] LaNipge (347d9fd5-d990-49a9-9903-2d39a3b73974): 66
[03:38:32] LaNipge (347d9fd5-d990-49a9-9903-2d39a3b73974): стой
[04:09:59] XBOST (ed244ead-df9a-464f-a48f-28478c7d8db3): почему у меня голод и пол сердечка
[04:10:03] XBOST (ed244ead-df9a-464f-a48f-28478c7d8db3): спавнер выключи нахуй
[04:10:17] LaNipge (347d9fd5-d990-49a9-9903-2d39a3b73974): скрафти линзу
[04:10:20] LaNipge (347d9fd5-d990-49a9-9903-2d39a3b73974): фиолетовую
[04:10:36] XBOST (ed244ead-df9a-464f-a48f-28478c7d8db3): где вещи
[04:10:52] LaNipge (347d9fd5-d990-49a9-9903-2d39a3b73974): забей
[04:10:54] LaNipge (347d9fd5-d990-49a9-9903-2d39a3b73974): спи
[04:12:06] XBOST (ed244ead-df9a-464f-a48f-28478c7d8db3): не понял
[04:12:17] XBOST (ed244ead-df9a-464f-a48f-28478c7d8db3): где экспорт
[04:12:20] XBOST (ed244ead-df9a-464f-a48f-28478c7d8db3): или это баг
[04:12:22] LaNipge (347d9fd5-d990-49a9-9903-2d39a3b73974): на серебре
[04:12:25] LaNipge (347d9fd5-d990-49a9-9903-2d39a3b73974): временно
[04:12:32] LaNipge (347d9fd5-d990-49a9-9903-2d39a3b73974): я не могу линзы делать
[04:12:36] XBOST (ed244ead-df9a-464f-a48f-28478c7d8db3): временно (пока я новый не сделаю)
[04:12:43] LaNipge (347d9fd5-d990-49a9-9903-2d39a3b73974): ну да
[04:12:49] XBOST (ed244ead-df9a-464f-a48f-28478c7d8db3): я могу встань там афк типо и кликать на стол если надо
[04:12:58] LaNipge (347d9fd5-d990-49a9-9903-2d39a3b73974): забей
[04:12:59] LaNipge (347d9fd5-d990-49a9-9903-2d39a3b73974): спи
[05:49:19] LaNipge (347d9fd5-d990-49a9-9903-2d39a3b73974): а че
[05:49:40] LaNipge (347d9fd5-d990-49a9-9903-2d39a3b73974): а ты
[05:50:05] LaNipge (347d9fd5-d990-49a9-9903-2d39a3b73974): я решил режимв вернуть
[05:50:12] LaNipge (347d9fd5-d990-49a9-9903-2d39a3b73974): сборщик делаю массивный
[06:06:01] XBOST (ed244ead-df9a-464f-a48f-28478c7d8db3): ))
[06:06:13] XBOST (ed244ead-df9a-464f-a48f-28478c7d8db3): чтобы сделать автокрафт для большого верстака
[06:06:18] XBOST (ed244ead-df9a-464f-a48f-28478c7d8db3): надо пчел развивать
[06:07:09] XBOST (ed244ead-df9a-464f-a48f-28478c7d8db3): пришло время для пчел чтоли
[06:09:38] LaNipge (347d9fd5-d990-49a9-9903-2d39a3b73974): сделай пж 2 голубых линзы
[06:10:14] XBOST (ed244ead-df9a-464f-a48f-28478c7d8db3): булыги нету для поршней
[06:11:44] XBOST (ed244ead-df9a-464f-a48f-28478c7d8db3): мб 5к кремня хватит
[06:11:48] XBOST (ed244ead-df9a-464f-a48f-28478c7d8db3): булыгу поставить фармится
[06:11:55] LaNipge (347d9fd5-d990-49a9-9903-2d39a3b73974): ок
[06:13:58] LaNipge (347d9fd5-d990-49a9-9903-2d39a3b73974): спс
[06:18:34] XBOST (ed244ead-df9a-464f-a48f-28478c7d8db3): магнит офф
[06:18:38] XBOST (ed244ead-df9a-464f-a48f-28478c7d8db3): илепестки отдай
[06:29:26] XBOST (ed244ead-df9a-464f-a48f-28478c7d8db3): я не могу включить
[06:29:29] XBOST (ed244ead-df9a-464f-a48f-28478c7d8db3): че за рофл
[06:30:19] XBOST (ed244ead-df9a-464f-a48f-28478c7d8db3): он типо работал
[06:30:24] XBOST (ed244ead-df9a-464f-a48f-28478c7d8db3): я нажал отключить
[06:30:31] XBOST (ed244ead-df9a-464f-a48f-28478c7d8db3): и теперь нельзя включить
[06:30:36] LaNipge (347d9fd5-d990-49a9-9903-2d39a3b73974): а сломать
[06:32:11] XBOST (ed244ead-df9a-464f-a48f-28478c7d8db3): тварь ебанная
[06:38:41] XBOST (ed244ead-df9a-464f-a48f-28478c7d8db3): 390 иридия
[06:38:45] XBOST (ed244ead-df9a-464f-a48f-28478c7d8db3): а говоришь долго делается
[06:40:09] LaNipge (347d9fd5-d990-49a9-9903-2d39a3b73974): пропиши кит старт дай яблоки
[06:40:35] XBOST (ed244ead-df9a-464f-a48f-28478c7d8db3): через день и 13 часов
[06:56:50] XBOST (ed244ead-df9a-464f-a48f-28478c7d8db3): дай мне улучшение производительность
[06:56:54] XBOST (ed244ead-df9a-464f-a48f-28478c7d8db3): там в квесте дают
[06:57:10] LaNipge (347d9fd5-d990-49a9-9903-2d39a3b73974): че тебе дать?
[06:57:14] XBOST (ed244ead-df9a-464f-a48f-28478c7d8db3): дай мне улучшение производительность
[06:57:18] XBOST (ed244ead-df9a-464f-a48f-28478c7d8db3): дай за пасеку дают
[06:57:28] XBOST (ed244ead-df9a-464f-a48f-28478c7d8db3): там за пасеку дают
[07:18:18] LaNipge (347d9fd5-d990-49a9-9903-2d39a3b73974): ебаный таумкрафт
[07:18:22] XBOST (ed244ead-df9a-464f-a48f-28478c7d8db3): че такое
[07:18:34] LaNipge (347d9fd5-d990-49a9-9903-2d39a3b73974): вис кристалы нужны
[07:22:05] LaNipge (347d9fd5-d990-49a9-9903-2d39a3b73974): я насрал тут
[07:38:24] XBOST (ed244ead-df9a-464f-a48f-28478c7d8db3): че происходило?
[07:42:54] XBOST (ed244ead-df9a-464f-a48f-28478c7d8db3): ez
[07:43:08] XBOST (ed244ead-df9a-464f-a48f-28478c7d8db3): сделал пчелу которая нужна для автокрафта большого верстака
[07:45:16] XBOST (ed244ead-df9a-464f-a48f-28478c7d8db3): надеюсь она норм проживет
[07:45:45] LaNipge (347d9fd5-d990-49a9-9903-2d39a3b73974): ща будет
[07:45:46] LaNipge (347d9fd5-d990-49a9-9903-2d39a3b73974): уже
[07:45:48] LaNipge (347d9fd5-d990-49a9-9903-2d39a3b73974): скоро
[07:45:48] XBOST (ed244ead-df9a-464f-a48f-28478c7d8db3): че
[07:45:54] LaNipge (347d9fd5-d990-49a9-9903-2d39a3b73974): биг штука
[07:46:13] LaNipge (347d9fd5-d990-49a9-9903-2d39a3b73974): тыкни плиз
[07:46:20] LaNipge (347d9fd5-d990-49a9-9903-2d39a3b73974): отмена
[07:49:52] XBOST (ed244ead-df9a-464f-a48f-28478c7d8db3): посмотри у тебя никакой пчелы нету в инвентаре
[07:49:58] LaNipge (347d9fd5-d990-49a9-9903-2d39a3b73974): нет
[07:50:12] LaNipge (347d9fd5-d990-49a9-9903-2d39a3b73974): улетела
[07:50:26] XBOST (ed244ead-df9a-464f-a48f-28478c7d8db3): я щас откат посмотрю
[07:50:29] XBOST (ed244ead-df9a-464f-a48f-28478c7d8db3): че за хуйня
[07:51:48] LaNipge (347d9fd5-d990-49a9-9903-2d39a3b73974): кабели отдай
[07:52:11] XBOST (ed244ead-df9a-464f-a48f-28478c7d8db3): я дау
[07:52:13] XBOST (ed244ead-df9a-464f-a48f-28478c7d8db3): я даун
[07:52:19] XBOST (ed244ead-df9a-464f-a48f-28478c7d8db3): я ее в анализатор положил
[07:52:27] XBOST (ed244ead-df9a-464f-a48f-28478c7d8db3): какие кабеля
[07:53:01] XBOST (ed244ead-df9a-464f-a48f-28478c7d8db3): ох ебать
[07:53:23] XBOST (ed244ead-df9a-464f-a48f-28478c7d8db3): соты то летят
[07:53:30] XBOST (ed244ead-df9a-464f-a48f-28478c7d8db3): с часами правда но пох
[07:54:07] LaNipge (347d9fd5-d990-49a9-9903-2d39a3b73974): я строчка осталась
[07:54:09] LaNipge (347d9fd5-d990-49a9-9903-2d39a3b73974): мда
[07:54:15] LaNipge (347d9fd5-d990-49a9-9903-2d39a3b73974): надо побольше делать
[07:54:32] XBOST (ed244ead-df9a-464f-a48f-28478c7d8db3): ток не сломай его с шаблонами
[07:54:41] XBOST (ed244ead-df9a-464f-a48f-28478c7d8db3): а то я как то раз с какого то проекта так ливнул
[07:55:19] LaNipge (347d9fd5-d990-49a9-9903-2d39a3b73974): пон
[07:56:08] XBOST (ed244ead-df9a-464f-a48f-28478c7d8db3): лава гг
[07:56:20] XBOST (ed244ead-df9a-464f-a48f-28478c7d8db3): электрический надо сделать уже
[07:56:40] XBOST (ed244ead-df9a-464f-a48f-28478c7d8db3): там норм крафт щас сделаю
[07:56:45] XBOST (ed244ead-df9a-464f-a48f-28478c7d8db3): ток все равно лавы найди
[08:00:18] XBOST (ed244ead-df9a-464f-a48f-28478c7d8db3): .рщьу
[08:02:02] XBOST (ed244ead-df9a-464f-a48f-28478c7d8db3): ключ есть?
[08:02:45] LaNipge (347d9fd5-d990-49a9-9903-2d39a3b73974): че по энергии
[08:34:05] LaNipge (347d9fd5-d990-49a9-9903-2d39a3b73974): а я думал ты ушел
[08:34:11] XBOST (ed244ead-df9a-464f-a48f-28478c7d8db3): не
[08:34:16] XBOST (ed244ead-df9a-464f-a48f-28478c7d8db3): я сам разобрался
[08:34:24] LaNipge (347d9fd5-d990-49a9-9903-2d39a3b73974): с кем
[08:34:34] XBOST (ed244ead-df9a-464f-a48f-28478c7d8db3): без того англоязычного далбаеба
[08:34:42] XBOST (ed244ead-df9a-464f-a48f-28478c7d8db3): автокрафтом на большом верстаке
[08:36:09] XBOST (ed244ead-df9a-464f-a48f-28478c7d8db3): осталось дохуя сот нафармить
[08:36:54] XBOST (ed244ead-df9a-464f-a48f-28478c7d8db3): 6 с половиной стаков)
[08:37:00] LaNipge (347d9fd5-d990-49a9-9903-2d39a3b73974): )
[08:37:39] XBOST (ed244ead-df9a-464f-a48f-28478c7d8db3): это будет автокрафт на интерфейс прикинь да
[08:40:57] LaNipge (347d9fd5-d990-49a9-9903-2d39a3b73974): пойду поем(
[08:41:09] XBOST (ed244ead-df9a-464f-a48f-28478c7d8db3): я тож наверн
[08:56:30] XBOST (ed244ead-df9a-464f-a48f-28478c7d8db3): че поел чтоли уже
[08:56:36] LaNipge (347d9fd5-d990-49a9-9903-2d39a3b73974): чаю попил
[09:00:30] LaNipge (347d9fd5-d990-49a9-9903-2d39a3b73974): ало
[09:00:33] LaNipge (347d9fd5-d990-49a9-9903-2d39a3b73974): ты тут
[09:00:33] XBOST (ed244ead-df9a-464f-a48f-28478c7d8db3): че
[09:00:41] LaNipge (347d9fd5-d990-49a9-9903-2d39a3b73974): как стар метал делать
[09:01:26] LaNipge (347d9fd5-d990-49a9-9903-2d39a3b73974): пон
[09:01:41] XBOST (ed244ead-df9a-464f-a48f-28478c7d8db3): ток удвой его
[09:01:51] LaNipge (347d9fd5-d990-49a9-9903-2d39a3b73974): 3
[09:01:54] XBOST (ed244ead-df9a-464f-a48f-28478c7d8db3): либо сразу в индукционку
[09:08:16] LaNipge (347d9fd5-d990-49a9-9903-2d39a3b73974): ночь не скипай
[09:08:18] LaNipge (347d9fd5-d990-49a9-9903-2d39a3b73974): пж
[09:08:24] XBOST (ed244ead-df9a-464f-a48f-28478c7d8db3): поч
[09:08:31] LaNipge (347d9fd5-d990-49a9-9903-2d39a3b73974): панельку делаю
[09:10:48] LaNipge (347d9fd5-d990-49a9-9903-2d39a3b73974): а че там со слезами
[09:11:04] XBOST (ed244ead-df9a-464f-a48f-28478c7d8db3): могу корды дать
[09:11:07] XBOST (ed244ead-df9a-464f-a48f-28478c7d8db3): долетишь
[09:11:08] LaNipge (347d9fd5-d990-49a9-9903-2d39a3b73974): давай
[09:12:00] XBOST (ed244ead-df9a-464f-a48f-28478c7d8db3): в аду ток метку добавляй
[09:29:21] XBOST (ed244ead-df9a-464f-a48f-28478c7d8db3): tps
[09:29:34] LaNipge (347d9fd5-d990-49a9-9903-2d39a3b73974): 20
[09:30:15] XBOST (ed244ead-df9a-464f-a48f-28478c7d8db3): помоги
[09:30:34] LaNipge (347d9fd5-d990-49a9-9903-2d39a3b73974): стой
[09:30:39] LaNipge (347d9fd5-d990-49a9-9903-2d39a3b73974): если жезл
[09:30:42] LaNipge (347d9fd5-d990-49a9-9903-2d39a3b73974): есть
[09:31:26] XBOST (ed244ead-df9a-464f-a48f-28478c7d8db3): жестко
[09:31:33] LaNipge (347d9fd5-d990-49a9-9903-2d39a3b73974): надо разобраться
[09:32:08] XBOST (ed244ead-df9a-464f-a48f-28478c7d8db3): из мэ кварц еще возьми тогда
[09:32:36] LaNipge (347d9fd5-d990-49a9-9903-2d39a3b73974): надо разобраться
[09:33:18] XBOST (ed244ead-df9a-464f-a48f-28478c7d8db3): сломай в воздухе
[09:37:46] LaNipge (347d9fd5-d990-49a9-9903-2d39a3b73974): помощь будет?
[09:39:22] LaNipge (347d9fd5-d990-49a9-9903-2d39a3b73974): сделай свет тут
[09:39:25] LaNipge (347d9fd5-d990-49a9-9903-2d39a3b73974): или нельзя?
[09:40:17] LaNipge (347d9fd5-d990-49a9-9903-2d39a3b73974): сюда иди
[09:40:46] LaNipge (347d9fd5-d990-49a9-9903-2d39a3b73974): куда пошел
[09:41:52] LaNipge (347d9fd5-d990-49a9-9903-2d39a3b73974): пока все
[09:42:39] LaNipge (347d9fd5-d990-49a9-9903-2d39a3b73974): а че изучить для линз надо?
[09:42:44] LaNipge (347d9fd5-d990-49a9-9903-2d39a3b73974): созвездия?
[09:42:45] XBOST (ed244ead-df9a-464f-a48f-28478c7d8db3): хз
[09:42:57] LaNipge (347d9fd5-d990-49a9-9903-2d39a3b73974): а потыкай еще пж
[09:43:01] LaNipge (347d9fd5-d990-49a9-9903-2d39a3b73974): последнии 4 раза
[09:44:22] LaNipge (347d9fd5-d990-49a9-9903-2d39a3b73974): все
[09:49:00] LaNipge (347d9fd5-d990-49a9-9903-2d39a3b73974): тут какая то штука прилетела
[09:49:08] LaNipge (347d9fd5-d990-49a9-9903-2d39a3b73974): улетела
[09:49:16] LaNipge (347d9fd5-d990-49a9-9903-2d39a3b73974): шар какой тобыл
[09:56:54] LaNipge (347d9fd5-d990-49a9-9903-2d39a3b73974): занят?
[09:57:02] XBOST (ed244ead-df9a-464f-a48f-28478c7d8db3): ну так
[09:57:06] LaNipge (347d9fd5-d990-49a9-9903-2d39a3b73974): потыкай
[09:57:45] LaNipge (347d9fd5-d990-49a9-9903-2d39a3b73974): 5 раз
[09:57:51] XBOST (ed244ead-df9a-464f-a48f-28478c7d8db3): ты заебал
[09:57:58] XBOST (ed244ead-df9a-464f-a48f-28478c7d8db3): сразу че все не сделал
[09:58:43] LaNipge (347d9fd5-d990-49a9-9903-2d39a3b73974): тык
[10:00:06] LaNipge (347d9fd5-d990-49a9-9903-2d39a3b73974): секунду
[10:00:45] LaNipge (347d9fd5-d990-49a9-9903-2d39a3b73974): пока все
[10:05:58] XBOST (ed244ead-df9a-464f-a48f-28478c7d8db3): у тебя лагает?
[10:06:05] LaNipge (347d9fd5-d990-49a9-9903-2d39a3b73974): нет
[10:09:11] LaNipge (347d9fd5-d990-49a9-9903-2d39a3b73974): ласт тык
[10:09:30] XBOST (ed244ead-df9a-464f-a48f-28478c7d8db3): а че за переработка тут нереальная?
[10:09:39] LaNipge (347d9fd5-d990-49a9-9903-2d39a3b73974): 1к2
[10:21:29] LaNipge (347d9fd5-d990-49a9-9903-2d39a3b73974): 192 блоков стар метала для некст панели
[10:23:02] SpunkY (76aedc73-2b6e-4e3e-a0ff-4bd75a31ea75): шо по енергії
[10:23:11] IZI (600493b8-728e-473b-b0c0-c1d82609a7a4): хз
[10:23:29] SpunkY (76aedc73-2b6e-4e3e-a0ff-4bd75a31ea75): ти бачів крафт поршня?
[10:23:35] IZI (600493b8-728e-473b-b0c0-c1d82609a7a4): -
[10:23:38] SpunkY (76aedc73-2b6e-4e3e-a0ff-4bd75a31ea75): глянь
[10:23:48] IZI (600493b8-728e-473b-b0c0-c1d82609a7a4): бачу
[10:24:33] LaNipge (347d9fd5-d990-49a9-9903-2d39a3b73974): свяжи плиз
[10:25:24] XBOST (ed244ead-df9a-464f-a48f-28478c7d8db3): ты хочешь панельку улучшить?
[10:25:43] LaNipge (347d9fd5-d990-49a9-9903-2d39a3b73974): делаю все для этого
[10:26:38] LaNipge (347d9fd5-d990-49a9-9903-2d39a3b73974): 8 tps
[10:26:55] XBOST (ed244ead-df9a-464f-a48f-28478c7d8db3): чел в твайлайте 100 проц
[10:27:22] LaNipge (347d9fd5-d990-49a9-9903-2d39a3b73974): он нагу пиздил
[10:27:28] LaNipge (347d9fd5-d990-49a9-9903-2d39a3b73974): офк там
[10:30:23] XBOST (ed244ead-df9a-464f-a48f-28478c7d8db3): тип броню наги сделал
[10:40:27] XBOST (ed244ead-df9a-464f-a48f-28478c7d8db3): шаришь да
[10:40:30] XBOST (ed244ead-df9a-464f-a48f-28478c7d8db3): дай ранец
[10:40:38] XBOST (ed244ead-df9a-464f-a48f-28478c7d8db3): и меч на выбивание голов
[10:41:01] LaNipge (347d9fd5-d990-49a9-9903-2d39a3b73974): яя
[10:41:16] LaNipge (347d9fd5-d990-49a9-9903-2d39a3b73974): он не макс если что
[10:41:21] XBOST (ed244ead-df9a-464f-a48f-28478c7d8db3): кто
[10:41:24] LaNipge (347d9fd5-d990-49a9-9903-2d39a3b73974): метч
[10:41:34] XBOST (ed244ead-df9a-464f-a48f-28478c7d8db3): а че норм падает?
[10:41:41] LaNipge (347d9fd5-d990-49a9-9903-2d39a3b73974): да
[10:41:48] LaNipge (347d9fd5-d990-49a9-9903-2d39a3b73974): иди туда где взорвано
[10:41:55] LaNipge (347d9fd5-d990-49a9-9903-2d39a3b73974): там в ямах их много
[10:42:28] XBOST (ed244ead-df9a-464f-a48f-28478c7d8db3): а че она дает
[10:42:37] LaNipge (347d9fd5-d990-49a9-9903-2d39a3b73974): поймешь сам
[10:42:39] LaNipge (347d9fd5-d990-49a9-9903-2d39a3b73974): мб
[10:42:43] XBOST (ed244ead-df9a-464f-a48f-28478c7d8db3): пох
[10:42:43] LaNipge (347d9fd5-d990-49a9-9903-2d39a3b73974): насыщенность
[10:42:48] LaNipge (347d9fd5-d990-49a9-9903-2d39a3b73974): регенит долго
[10:42:54] XBOST (ed244ead-df9a-464f-a48f-28478c7d8db3): у меня мясо гаста жареное
[10:42:59] XBOST (ed244ead-df9a-464f-a48f-28478c7d8db3): которое я у тебя спиздил
[10:43:03] LaNipge (347d9fd5-d990-49a9-9903-2d39a3b73974): ок
[10:50:57] LaNipge (347d9fd5-d990-49a9-9903-2d39a3b73974): скок добыл
[10:51:02] XBOST (ed244ead-df9a-464f-a48f-28478c7d8db3): 9
[10:51:23] XBOST (ed244ead-df9a-464f-a48f-28478c7d8db3): без шансов
[10:51:32] XBOST (ed244ead-df9a-464f-a48f-28478c7d8db3): нах они заходят
[10:51:34] XBOST (ed244ead-df9a-464f-a48f-28478c7d8db3): мешают ток
[10:57:40] SpunkY (76aedc73-2b6e-4e3e-a0ff-4bd75a31ea75): в шахту треба
[11:02:45] XBOST (ed244ead-df9a-464f-a48f-28478c7d8db3): я какать
[11:03:44] IZI (600493b8-728e-473b-b0c0-c1d82609a7a4): latecs
[11:03:46] IZI (600493b8-728e-473b-b0c0-c1d82609a7a4): плавить
[11:03:47] IZI (600493b8-728e-473b-b0c0-c1d82609a7a4): а
[11:03:50] SpunkY (76aedc73-2b6e-4e3e-a0ff-4bd75a31ea75): а не різіна
[11:04:08] SpunkY (76aedc73-2b6e-4e3e-a0ff-4bd75a31ea75): ага
[11:04:15] IZI (600493b8-728e-473b-b0c0-c1d82609a7a4): юнит
[11:04:18] IZI (600493b8-728e-473b-b0c0-c1d82609a7a4): производства
[11:04:19] IZI (600493b8-728e-473b-b0c0-c1d82609a7a4): латекса
[11:04:23] IZI (600493b8-728e-473b-b0c0-c1d82609a7a4): цей блок
[11:04:36] IZI (600493b8-728e-473b-b0c0-c1d82609a7a4): начебто його в упор до дерева поставить
[11:04:41] IZI (600493b8-728e-473b-b0c0-c1d82609a7a4): і буде фармить
[11:04:50] SpunkY (76aedc73-2b6e-4e3e-a0ff-4bd75a31ea75): де такій юніт
[11:06:15] IZI (600493b8-728e-473b-b0c0-c1d82609a7a4): а
[11:06:23] IZI (600493b8-728e-473b-b0c0-c1d82609a7a4): трошки не так всповнив
[11:06:34] IZI (600493b8-728e-473b-b0c0-c1d82609a7a4): извлекатель жидкости из дерева
[11:06:36] IZI (600493b8-728e-473b-b0c0-c1d82609a7a4): ще треба
[11:06:41] IZI (600493b8-728e-473b-b0c0-c1d82609a7a4): от його до деревини
[11:06:45] IZI (600493b8-728e-473b-b0c0-c1d82609a7a4): а юнит
[11:06:57] IZI (600493b8-728e-473b-b0c0-c1d82609a7a4): для того щоб рідину перероблювать у латекс
[11:07:07] IZI (600493b8-728e-473b-b0c0-c1d82609a7a4): і його вже жарить в пласьік
[11:14:48] XBOST (ed244ead-df9a-464f-a48f-28478c7d8db3): zzz
[11:18:39] LaNipge (347d9fd5-d990-49a9-9903-2d39a3b73974): fkj
[11:18:40] LaNipge (347d9fd5-d990-49a9-9903-2d39a3b73974): ало
[11:20:30] SpunkY (76aedc73-2b6e-4e3e-a0ff-4bd75a31ea75): а шо за фігня
[11:20:41] SpunkY (76aedc73-2b6e-4e3e-a0ff-4bd75a31ea75): тут є екстраутілітес а через @ не находить його
[11:20:54] SpunkY (76aedc73-2b6e-4e3e-a0ff-4bd75a31ea75): о
[11:21:12] IZI (600493b8-728e-473b-b0c0-c1d82609a7a4): як одне слово пишиш
[11:21:25] SpunkY (76aedc73-2b6e-4e3e-a0ff-4bd75a31ea75): furnance generator
[11:21:26] SpunkY (76aedc73-2b6e-4e3e-a0ff-4bd75a31ea75): може
[11:21:31] SpunkY (76aedc73-2b6e-4e3e-a0ff-4bd75a31ea75): скрафтиш
[11:23:10] LaNipge (347d9fd5-d990-49a9-9903-2d39a3b73974): направь
[11:23:58] IZI (600493b8-728e-473b-b0c0-c1d82609a7a4): та я оце дивлюсь і фіг знає як та даже його скрафтить
[11:25:06] SpunkY (76aedc73-2b6e-4e3e-a0ff-4bd75a31ea75): ну я хз
[11:25:10] SpunkY (76aedc73-2b6e-4e3e-a0ff-4bd75a31ea75): придумай шось шо дасть енергію
[11:25:24] SpunkY (76aedc73-2b6e-4e3e-a0ff-4bd75a31ea75): походу це шось має буть з термала
[11:25:33] SpunkY (76aedc73-2b6e-4e3e-a0ff-4bd75a31ea75): бо це єдине шо без проблем крафтиться
[11:25:46] SpunkY (76aedc73-2b6e-4e3e-a0ff-4bd75a31ea75): там є якійсь парогенератор
[11:25:48] SpunkY (76aedc73-2b6e-4e3e-a0ff-4bd75a31ea75): чи шось таке
[11:25:49] SpunkY (76aedc73-2b6e-4e3e-a0ff-4bd75a31ea75): на воді
[11:27:05] IZI (600493b8-728e-473b-b0c0-c1d82609a7a4): короче я знаю що нам треба робить
[11:27:11] IZI (600493b8-728e-473b-b0c0-c1d82609a7a4): тільки мені відійти треба
[11:27:16] SpunkY (76aedc73-2b6e-4e3e-a0ff-4bd75a31ea75): я роблю компактор
[11:27:16] IZI (600493b8-728e-473b-b0c0-c1d82609a7a4): заразз
[11:27:20] IZI (600493b8-728e-473b-b0c0-c1d82609a7a4): короче
[11:27:33] IZI (600493b8-728e-473b-b0c0-c1d82609a7a4): не зря я твайлайт як ти росказув
[11:27:43] IZI (600493b8-728e-473b-b0c0-c1d82609a7a4): "бесполєзний вообще"
[11:27:48] XBOST (ed244ead-df9a-464f-a48f-28478c7d8db3): zzz
[11:27:51] IZI (600493b8-728e-473b-b0c0-c1d82609a7a4): з штук що нага дропаэ
[11:27:53] IZI (600493b8-728e-473b-b0c0-c1d82609a7a4): басейн мани
[11:27:54] SpunkY (76aedc73-2b6e-4e3e-a0ff-4bd75a31ea75): я сказав шо щяс
[11:27:58] SpunkY (76aedc73-2b6e-4e3e-a0ff-4bd75a31ea75): бесполєзний
[11:28:02] IZI (600493b8-728e-473b-b0c0-c1d82609a7a4): ну так
[11:28:08] IZI (600493b8-728e-473b-b0c0-c1d82609a7a4): а не бесполєзний
[11:28:15] SpunkY (76aedc73-2b6e-4e3e-a0ff-4bd75a31ea75): ну пока пользу не бачу
[11:28:15] IZI (600493b8-728e-473b-b0c0-c1d82609a7a4): басейн мани
[11:28:18] IZI (600493b8-728e-473b-b0c0-c1d82609a7a4): мана сталь
[11:28:27] IZI (600493b8-728e-473b-b0c0-c1d82609a7a4): аккумулятор із мана сталі
[11:28:41] IZI (600493b8-728e-473b-b0c0-c1d82609a7a4): і з них 2 угольний генератор
[11:28:58] SpunkY (76aedc73-2b6e-4e3e-a0ff-4bd75a31ea75): так то ботанія
[11:29:13] IZI (600493b8-728e-473b-b0c0-c1d82609a7a4): ну
[11:29:19] IZI (600493b8-728e-473b-b0c0-c1d82609a7a4): а що тебе не влаштовує
[11:29:22] SpunkY (76aedc73-2b6e-4e3e-a0ff-4bd75a31ea75): а ти мені про твайлайт говориш
[11:30:09] IZI (600493b8-728e-473b-b0c0-c1d82609a7a4): mana pool
[11:30:14] IZI (600493b8-728e-473b-b0c0-c1d82609a7a4): напиши в JEI
[11:30:20] SpunkY (76aedc73-2b6e-4e3e-a0ff-4bd75a31ea75): ну так нагу вбить це 2 минути
[11:30:23] SpunkY (76aedc73-2b6e-4e3e-a0ff-4bd75a31ea75): а ти там 2 дня бігав
[11:30:28] SpunkY (76aedc73-2b6e-4e3e-a0ff-4bd75a31ea75): і броню собі крафтив
[11:30:34] SpunkY (76aedc73-2b6e-4e3e-a0ff-4bd75a31ea75): знімай розбирай
[11:30:42] SpunkY (76aedc73-2b6e-4e3e-a0ff-4bd75a31ea75): забери
[11:30:45] SpunkY (76aedc73-2b6e-4e3e-a0ff-4bd75a31ea75): опять загубив
[11:31:30] LaNipge (347d9fd5-d990-49a9-9903-2d39a3b73974): направь
[11:31:51] XBOST (ed244ead-df9a-464f-a48f-28478c7d8db3): ты искру спиздил?
[11:31:56] LaNipge (347d9fd5-d990-49a9-9903-2d39a3b73974): нет
[11:33:26] LaNipge (347d9fd5-d990-49a9-9903-2d39a3b73974): а говорил желещо не потрачу
[11:33:42] XBOST (ed244ead-df9a-464f-a48f-28478c7d8db3): молодец
[11:33:51] XBOST (ed244ead-df9a-464f-a48f-28478c7d8db3): специально спать не пошел чтобы потратить
[11:35:17] LaNipge (347d9fd5-d990-49a9-9903-2d39a3b73974): там на панель созвездие нужно, сможешь?
[11:35:20] LaNipge (347d9fd5-d990-49a9-9903-2d39a3b73974): потом
[11:36:12] XBOST (ed244ead-df9a-464f-a48f-28478c7d8db3): могу по сути
[11:38:40] LaNipge (347d9fd5-d990-49a9-9903-2d39a3b73974): занят?
[11:38:47] XBOST (ed244ead-df9a-464f-a48f-28478c7d8db3): 50 на 50
[11:40:15] LaNipge (347d9fd5-d990-49a9-9903-2d39a3b73974): ой
[11:40:27] XBOST (ed244ead-df9a-464f-a48f-28478c7d8db3): )
[11:41:24] LaNipge (347d9fd5-d990-49a9-9903-2d39a3b73974): тык
[11:44:58] LaNipge (347d9fd5-d990-49a9-9903-2d39a3b73974): тык
[11:52:00] XBOST (ed244ead-df9a-464f-a48f-28478c7d8db3): глаза уже закрываются
[11:52:05] LaNipge (347d9fd5-d990-49a9-9903-2d39a3b73974): факт
[11:52:25] XBOST (ed244ead-df9a-464f-a48f-28478c7d8db3): похуй думаю спать пойду
[11:52:29] XBOST (ed244ead-df9a-464f-a48f-28478c7d8db3): все равно седня не еду
[11:52:32] XBOST (ed244ead-df9a-464f-a48f-28478c7d8db3): завтра поеду
[11:53:06] XBOST (ed244ead-df9a-464f-a48f-28478c7d8db3): а вечерком за жижой сьезжу
[11:53:13] LaNipge (347d9fd5-d990-49a9-9903-2d39a3b73974): и мне купи
[11:53:28] XBOST (ed244ead-df9a-464f-a48f-28478c7d8db3): че там долго до панели?
[11:53:33] LaNipge (347d9fd5-d990-49a9-9903-2d39a3b73974): почти
[11:53:43] XBOST (ed244ead-df9a-464f-a48f-28478c7d8db3): я кликну и спать пойду пох
[11:53:55] XBOST (ed244ead-df9a-464f-a48f-28478c7d8db3): главное по будильнику проснутся часов в 5
[11:54:00] LaNipge (347d9fd5-d990-49a9-9903-2d39a3b73974): а созвездие
[11:54:17] LaNipge (347d9fd5-d990-49a9-9903-2d39a3b73974): отмена по панели
[11:54:20] XBOST (ed244ead-df9a-464f-a48f-28478c7d8db3): нахуя мне созвездие
[11:54:21] LaNipge (347d9fd5-d990-49a9-9903-2d39a3b73974): иридия то нет
[11:54:31] XBOST (ed244ead-df9a-464f-a48f-28478c7d8db3): какого
[11:54:34] XBOST (ed244ead-df9a-464f-a48f-28478c7d8db3): руды?
[11:54:36] LaNipge (347d9fd5-d990-49a9-9903-2d39a3b73974): да
[11:54:43] XBOST (ed244ead-df9a-464f-a48f-28478c7d8db3): ну и пох
[11:54:44] XBOST (ed244ead-df9a-464f-a48f-28478c7d8db3): я пошел
[11:54:47] LaNipge (347d9fd5-d990-49a9-9903-2d39a3b73974): 66
[11:56:11] [CAPS] LaNipge (347d9fd5-d990-49a9-9903-2d39a3b73974): 4к иридия надо
[18:32:22] SpunkY (76aedc73-2b6e-4e3e-a0ff-4bd75a31ea75): ya kupavsya
[18:32:28] IZI (600493b8-728e-473b-b0c0-c1d82609a7a4): норм
[18:32:36] SpunkY (76aedc73-2b6e-4e3e-a0ff-4bd75a31ea75): ba
[18:32:37] IZI (600493b8-728e-473b-b0c0-c1d82609a7a4): з мене приклад береш,
[18:32:39] IZI (600493b8-728e-473b-b0c0-c1d82609a7a4): ?
[18:32:51] SpunkY (76aedc73-2b6e-4e3e-a0ff-4bd75a31ea75): ta ya tok postaviv
[18:32:53] IZI (600493b8-728e-473b-b0c0-c1d82609a7a4): norm
[18:33:01] SpunkY (76aedc73-2b6e-4e3e-a0ff-4bd75a31ea75): kupiv u jitelya
[18:33:21] SpunkY (76aedc73-2b6e-4e3e-a0ff-4bd75a31ea75): tok energii nema
[18:38:51] SpunkY (76aedc73-2b6e-4e3e-a0ff-4bd75a31ea75): а тут є якійсь танк?
[18:38:56] SpunkY (76aedc73-2b6e-4e3e-a0ff-4bd75a31ea75): ну тіпа
[18:38:59] IZI (600493b8-728e-473b-b0c0-c1d82609a7a4): хм
[18:39:01] SpunkY (76aedc73-2b6e-4e3e-a0ff-4bd75a31ea75): шоб туди налить шось
[18:39:03] SpunkY (76aedc73-2b6e-4e3e-a0ff-4bd75a31ea75): багато налить
[18:39:15] IZI (600493b8-728e-473b-b0c0-c1d82609a7a4): отаке можемо наробить ну хєз
[18:39:20] SpunkY (76aedc73-2b6e-4e3e-a0ff-4bd75a31ea75): я кукліка мб шось є
[18:39:42] SpunkY (76aedc73-2b6e-4e3e-a0ff-4bd75a31ea75): тікі як прописать
[18:40:00] IZI (600493b8-728e-473b-b0c0-c1d82609a7a4): а знаю
[18:40:03] SpunkY (76aedc73-2b6e-4e3e-a0ff-4bd75a31ea75): а
[18:40:06] IZI (600493b8-728e-473b-b0c0-c1d82609a7a4): Жидкостній резерувар
[18:40:10] IZI (600493b8-728e-473b-b0c0-c1d82609a7a4): Там з Ендер ІО
[18:40:11] IZI (600493b8-728e-473b-b0c0-c1d82609a7a4): найди
[18:40:16] IZI (600493b8-728e-473b-b0c0-c1d82609a7a4): іщі крафт наче
[18:40:17] IZI (600493b8-728e-473b-b0c0-c1d82609a7a4): НАЧЕ
[18:40:37] SpunkY (76aedc73-2b6e-4e3e-a0ff-4bd75a31ea75): резервуар для хранения жидкостей кручє
[18:40:38] SpunkY (76aedc73-2b6e-4e3e-a0ff-4bd75a31ea75): наче
[18:40:40] SpunkY (76aedc73-2b6e-4e3e-a0ff-4bd75a31ea75): із кукліка
[18:40:51] SpunkY (76aedc73-2b6e-4e3e-a0ff-4bd75a31ea75): крафт проще
[18:41:28] IZI (600493b8-728e-473b-b0c0-c1d82609a7a4): крафт вообще не проще, но шо лучше то може буть
[18:41:39] SpunkY (76aedc73-2b6e-4e3e-a0ff-4bd75a31ea75): ну просто в мене все є
[18:41:40] IZI (600493b8-728e-473b-b0c0-c1d82609a7a4): 64 відра
[18:41:42] SpunkY (76aedc73-2b6e-4e3e-a0ff-4bd75a31ea75): кроме желазі
[18:41:57] SpunkY (76aedc73-2b6e-4e3e-a0ff-4bd75a31ea75): зе треба
[18:42:18] IZI (600493b8-728e-473b-b0c0-c1d82609a7a4): якщо що
[18:42:21] IZI (600493b8-728e-473b-b0c0-c1d82609a7a4): предмети
[18:42:24] IZI (600493b8-728e-473b-b0c0-c1d82609a7a4): через кнопку T
[18:42:26] IZI (600493b8-728e-473b-b0c0-c1d82609a7a4): шукать можна
[18:42:44] IZI (600493b8-728e-473b-b0c0-c1d82609a7a4): тіпа в інвентарі англійську T і воно сундук підсвітить
[18:52:48] IZI (600493b8-728e-473b-b0c0-c1d82609a7a4): організуй
[19:31:48] SpunkY (76aedc73-2b6e-4e3e-a0ff-4bd75a31ea75): pf,thb rdtcn
[19:31:52] SpunkY (76aedc73-2b6e-4e3e-a0ff-4bd75a31ea75): забери квест на алтарь
[19:31:56] SpunkY (76aedc73-2b6e-4e3e-a0ff-4bd75a31ea75): там сундук дикий дають
[19:31:57] SpunkY (76aedc73-2b6e-4e3e-a0ff-4bd75a31ea75): астрал
[19:32:04] SpunkY (76aedc73-2b6e-4e3e-a0ff-4bd75a31ea75): ij nfv
[19:32:07] SpunkY (76aedc73-2b6e-4e3e-a0ff-4bd75a31ea75): шо там?
[19:32:40] SpunkY (76aedc73-2b6e-4e3e-a0ff-4bd75a31ea75): ну я астрал на половину пройшов
[19:32:47] SpunkY (76aedc73-2b6e-4e3e-a0ff-4bd75a31ea75): а нє
[19:32:48] SpunkY (76aedc73-2b6e-4e3e-a0ff-4bd75a31ea75): на більшу
[19:32:55] SpunkY (76aedc73-2b6e-4e3e-a0ff-4bd75a31ea75): це перед останній алтарь
[19:33:20] SpunkY (76aedc73-2b6e-4e3e-a0ff-4bd75a31ea75): стой
[19:33:22] SpunkY (76aedc73-2b6e-4e3e-a0ff-4bd75a31ea75): не бий
[19:33:51] SpunkY (76aedc73-2b6e-4e3e-a0ff-4bd75a31ea75): а пофіг
[19:33:53] SpunkY (76aedc73-2b6e-4e3e-a0ff-4bd75a31ea75): зелья нема
[19:34:32] SpunkY (76aedc73-2b6e-4e3e-a0ff-4bd75a31ea75): улик мб і імба
[19:34:35] SpunkY (76aedc73-2b6e-4e3e-a0ff-4bd75a31ea75): а енергії нема
[19:34:45] SpunkY (76aedc73-2b6e-4e3e-a0ff-4bd75a31ea75): чі шо воно таке
[19:34:54] IZI (600493b8-728e-473b-b0c0-c1d82609a7a4): ну да
[19:34:58] IZI (600493b8-728e-473b-b0c0-c1d82609a7a4): на енергії імба навєрн
[19:35:02] SpunkY (76aedc73-2b6e-4e3e-a0ff-4bd75a31ea75): хай чекає кращого дня
[19:44:23] SpunkY (76aedc73-2b6e-4e3e-a0ff-4bd75a31ea75): я наче ото індус шо палкою замкі строїть
[19:44:28] SpunkY (76aedc73-2b6e-4e3e-a0ff-4bd75a31ea75): я вже той алтарь 3 раз перестраюю
[19:44:32] SpunkY (76aedc73-2b6e-4e3e-a0ff-4bd75a31ea75): бо апаю його
[19:44:59] SpunkY (76aedc73-2b6e-4e3e-a0ff-4bd75a31ea75): завіс
[19:48:59] SpunkY (76aedc73-2b6e-4e3e-a0ff-4bd75a31ea75): отойшов по воду чісто
[19:49:01] SpunkY (76aedc73-2b6e-4e3e-a0ff-4bd75a31ea75): уже вбили
[19:49:10] IZI (600493b8-728e-473b-b0c0-c1d82609a7a4): a
[19:49:13] IZI (600493b8-728e-473b-b0c0-c1d82609a7a4): я й не бачивъ
[20:04:28] SpunkY (76aedc73-2b6e-4e3e-a0ff-4bd75a31ea75): я тупо майже астрал ізучів
[20:04:30] SpunkY (76aedc73-2b6e-4e3e-a0ff-4bd75a31ea75): я хх
[20:13:56] IZI (600493b8-728e-473b-b0c0-c1d82609a7a4): це гг
[20:13:59] IZI (600493b8-728e-473b-b0c0-c1d82609a7a4): Uru
[20:13:59] SpunkY (76aedc73-2b6e-4e3e-a0ff-4bd75a31ea75): шо
[20:14:00] IZI (600493b8-728e-473b-b0c0-c1d82609a7a4): треба
[20:14:11] IZI (600493b8-728e-473b-b0c0-c1d82609a7a4): я там цілий план розроблюю як його нафармить
[20:14:26] IZI (600493b8-728e-473b-b0c0-c1d82609a7a4): ладно треба зараз одійти
[20:37:26] XBOST (ed244ead-df9a-464f-a48f-28478c7d8db3): zzz
[20:39:23] XBOST (ed244ead-df9a-464f-a48f-28478c7d8db3): летсгоу в энд
[20:39:27] XBOST (ed244ead-df9a-464f-a48f-28478c7d8db3): обсу копать
[20:47:48] XBOST (ed244ead-df9a-464f-a48f-28478c7d8db3): zzz
[20:51:26] XBOST (ed244ead-df9a-464f-a48f-28478c7d8db3): дай ранец
[20:55:38] LaNipge (347d9fd5-d990-49a9-9903-2d39a3b73974): где автокрафт мана жемчугов
[20:55:49] XBOST (ed244ead-df9a-464f-a48f-28478c7d8db3): нету
[20:56:52] LaNipge (347d9fd5-d990-49a9-9903-2d39a3b73974): тащи кабели
[21:00:26] LaNipge (347d9fd5-d990-49a9-9903-2d39a3b73974): магнит не носить на базе больше
[21:00:33] XBOST (ed244ead-df9a-464f-a48f-28478c7d8db3): расскажешь
[21:00:41] LaNipge (347d9fd5-d990-49a9-9903-2d39a3b73974): автокрафты буду тломаться
[21:12:11] LaNipge (347d9fd5-d990-49a9-9903-2d39a3b73974): дубы ломал
[21:19:46] XBOST (ed244ead-df9a-464f-a48f-28478c7d8db3): zzz
[21:19:54] XBOST (ed244ead-df9a-464f-a48f-28478c7d8db3): дай ранец
[21:30:40] XBOST (ed244ead-df9a-464f-a48f-28478c7d8db3): zzz
[21:41:37] XBOST (ed244ead-df9a-464f-a48f-28478c7d8db3): zz
[21:43:36] XBOST (ed244ead-df9a-464f-a48f-28478c7d8db3): светопыль гг
[21:43:41] LaNipge (347d9fd5-d990-49a9-9903-2d39a3b73974): ранец дай
[21:51:33] LaNipge (347d9fd5-d990-49a9-9903-2d39a3b73974): zzz
[22:08:20] LaNipge (347d9fd5-d990-49a9-9903-2d39a3b73974): делай
[22:08:23] LaNipge (347d9fd5-d990-49a9-9903-2d39a3b73974): давай
[22:08:32] XBOST (ed244ead-df9a-464f-a48f-28478c7d8db3): ключом сломай
[22:09:25] LaNipge (347d9fd5-d990-49a9-9903-2d39a3b73974): да
[22:10:25] XBOST (ed244ead-df9a-464f-a48f-28478c7d8db3): ночь не скипай
[22:14:48] LaNipge (347d9fd5-d990-49a9-9903-2d39a3b73974): слоты кончились
[22:15:49] SpunkY (76aedc73-2b6e-4e3e-a0ff-4bd75a31ea75): диви імбу
[22:15:51] IZI (600493b8-728e-473b-b0c0-c1d82609a7a4): а я думав league of legends
[22:16:05] SpunkY (76aedc73-2b6e-4e3e-a0ff-4bd75a31ea75): пошла енергія
[22:16:07] SpunkY (76aedc73-2b6e-4e3e-a0ff-4bd75a31ea75): ойойойойойоойойойоойой
[22:16:14] SpunkY (76aedc73-2b6e-4e3e-a0ff-4bd75a31ea75): бжжж
[22:16:24] SpunkY (76aedc73-2b6e-4e3e-a0ff-4bd75a31ea75): я прикол в тг скінув
[22:16:26] SpunkY (76aedc73-2b6e-4e3e-a0ff-4bd75a31ea75): іди почітай
[22:16:31] IZI (600493b8-728e-473b-b0c0-c1d82609a7a4): OK
[22:16:38] IZI (600493b8-728e-473b-b0c0-c1d82609a7a4): шя гляну
[22:18:27] IZI (600493b8-728e-473b-b0c0-c1d82609a7a4): хвхвхвхвхв
[22:18:29] IZI (600493b8-728e-473b-b0c0-c1d82609a7a4): подививсь
[22:18:37] IZI (600493b8-728e-473b-b0c0-c1d82609a7a4): норм
[22:19:07] SpunkY (76aedc73-2b6e-4e3e-a0ff-4bd75a31ea75): там ще було де він комусь про нато і дамбілі бамбас виписував но то не так цікаво
[22:19:39] SpunkY (76aedc73-2b6e-4e3e-a0ff-4bd75a31ea75): оце імба генератор
[22:19:44] SpunkY (76aedc73-2b6e-4e3e-a0ff-4bd75a31ea75): оце я понімаю
[22:20:00] SpunkY (76aedc73-2b6e-4e3e-a0ff-4bd75a31ea75): надіюсь шо воно скрафтить щя
[22:20:04] SpunkY (76aedc73-2b6e-4e3e-a0ff-4bd75a31ea75): алтарь
[22:20:13] IZI (600493b8-728e-473b-b0c0-c1d82609a7a4): ну виходить трошки афк
[22:20:17] IZI (600493b8-728e-473b-b0c0-c1d82609a7a4): бо мені цього масла
[22:20:18] SpunkY (76aedc73-2b6e-4e3e-a0ff-4bd75a31ea75): я потикаю
[22:20:19] IZI (600493b8-728e-473b-b0c0-c1d82609a7a4): треба
[22:20:20] SpunkY (76aedc73-2b6e-4e3e-a0ff-4bd75a31ea75): до ночі
[22:20:37] XBOST (ed244ead-df9a-464f-a48f-28478c7d8db3): спаси
[22:20:39] XBOST (ed244ead-df9a-464f-a48f-28478c7d8db3): пластик нужен
[22:20:43] LaNipge (347d9fd5-d990-49a9-9903-2d39a3b73974): какой
[22:20:45] LaNipge (347d9fd5-d990-49a9-9903-2d39a3b73974): там их 2
[22:20:51] XBOST (ed244ead-df9a-464f-a48f-28478c7d8db3): из ic
[22:21:03] XBOST (ed244ead-df9a-464f-a48f-28478c7d8db3): 16 шт
[22:21:07] IZI (600493b8-728e-473b-b0c0-c1d82609a7a4): тии той юніт і ізвлжєкатель жидкості
[22:21:10] IZI (600493b8-728e-473b-b0c0-c1d82609a7a4): не робиив?
[22:21:12] IZI (600493b8-728e-473b-b0c0-c1d82609a7a4): же
[22:21:18] SpunkY (76aedc73-2b6e-4e3e-a0ff-4bd75a31ea75): нє
[22:21:21] IZI (600493b8-728e-473b-b0c0-c1d82609a7a4): олк
[22:21:31] SpunkY (76aedc73-2b6e-4e3e-a0ff-4bd75a31ea75): не обізатільно тикать коли воно перестає красним буть
[22:21:42] SpunkY (76aedc73-2b6e-4e3e-a0ff-4bd75a31ea75): то тіпа колір натикування
[22:22:00] IZI (600493b8-728e-473b-b0c0-c1d82609a7a4): а ти всі квести забирав?
[22:22:12] IZI (600493b8-728e-473b-b0c0-c1d82609a7a4): просто мені пічка треба і так хотілось би щоб вона за квест випала
[22:22:56] LaNipge (347d9fd5-d990-49a9-9903-2d39a3b73974): home
[22:23:11] LaNipge (347d9fd5-d990-49a9-9903-2d39a3b73974): нефть кончилась
[22:23:17] XBOST (ed244ead-df9a-464f-a48f-28478c7d8db3): созвездие выпало
[22:23:21] LaNipge (347d9fd5-d990-49a9-9903-2d39a3b73974): че по созвездию
[22:23:31] LaNipge (347d9fd5-d990-49a9-9903-2d39a3b73974): ну
[22:23:42] LaNipge (347d9fd5-d990-49a9-9903-2d39a3b73974): крафтить то будем?
[22:24:06] SpunkY (76aedc73-2b6e-4e3e-a0ff-4bd75a31ea75): ааааааааа
[22:24:09] SpunkY (76aedc73-2b6e-4e3e-a0ff-4bd75a31ea75): потвора
[22:24:13] SpunkY (76aedc73-2b6e-4e3e-a0ff-4bd75a31ea75): не хвата світла
[22:25:51] XBOST (ed244ead-df9a-464f-a48f-28478c7d8db3): панели
[22:26:46] IZI (600493b8-728e-473b-b0c0-c1d82609a7a4): йомайцо тупо верстаків нехватає
[22:27:13] XBOST (ed244ead-df9a-464f-a48f-28478c7d8db3): zz
[22:27:39] IZI (600493b8-728e-473b-b0c0-c1d82609a7a4): всьо мє походу нескоро бо збірка дика, поки що так крафти
[22:29:26] XBOST (ed244ead-df9a-464f-a48f-28478c7d8db3): пофкси срочно
[22:31:11] SpunkY (76aedc73-2b6e-4e3e-a0ff-4bd75a31ea75): ти понімаєш
[22:31:13] XBOST (ed244ead-df9a-464f-a48f-28478c7d8db3): че там с пластиком
[22:31:14] IZI (600493b8-728e-473b-b0c0-c1d82609a7a4): а
[22:31:15] SpunkY (76aedc73-2b6e-4e3e-a0ff-4bd75a31ea75): іди сюда
[22:31:19] SpunkY (76aedc73-2b6e-4e3e-a0ff-4bd75a31ea75): бач оце
[22:31:21] LaNipge (347d9fd5-d990-49a9-9903-2d39a3b73974): 15 штук есть
[22:31:23] SpunkY (76aedc73-2b6e-4e3e-a0ff-4bd75a31ea75): якшо мені не хватить
[22:31:24] XBOST (ed244ead-df9a-464f-a48f-28478c7d8db3): еще 1 надо
[22:31:28] XBOST (ed244ead-df9a-464f-a48f-28478c7d8db3): а не
[22:31:30] XBOST (ed244ead-df9a-464f-a48f-28478c7d8db3): не надо
[22:31:30] SpunkY (76aedc73-2b6e-4e3e-a0ff-4bd75a31ea75): то прийдеться оце переносить
[22:33:28] SpunkY (76aedc73-2b6e-4e3e-a0ff-4bd75a31ea75): вазхахвахзхва
[22:33:33] SpunkY (76aedc73-2b6e-4e3e-a0ff-4bd75a31ea75): норм тут в тебе
[22:33:35] IZI (600493b8-728e-473b-b0c0-c1d82609a7a4): угу
[22:35:32] SpunkY (76aedc73-2b6e-4e3e-a0ff-4bd75a31ea75): хіхіхіхі
[22:35:43] SpunkY (76aedc73-2b6e-4e3e-a0ff-4bd75a31ea75): хіхіхіхі
[22:39:08] SpunkY (76aedc73-2b6e-4e3e-a0ff-4bd75a31ea75): ізі
[22:39:50] SpunkY (76aedc73-2b6e-4e3e-a0ff-4bd75a31ea75): ану
[22:39:53] SpunkY (76aedc73-2b6e-4e3e-a0ff-4bd75a31ea75): леджендарі кейса
[22:39:58] SpunkY (76aedc73-2b6e-4e3e-a0ff-4bd75a31ea75): открива
[22:40:35] IZI (600493b8-728e-473b-b0c0-c1d82609a7a4): нановолоконный шлем
[22:41:17] SpunkY (76aedc73-2b6e-4e3e-a0ff-4bd75a31ea75): короче щя нафігачу так шоб було максімум світла
[22:41:21] SpunkY (76aedc73-2b6e-4e3e-a0ff-4bd75a31ea75): а там уже структури доставлю
[22:41:25] XBOST (ed244ead-df9a-464f-a48f-28478c7d8db3): zzzz
[22:41:26] XBOST (ed244ead-df9a-464f-a48f-28478c7d8db3): \
[22:42:20] IZI (600493b8-728e-473b-b0c0-c1d82609a7a4): я вафігє
[22:42:30] IZI (600493b8-728e-473b-b0c0-c1d82609a7a4): щоб пластік зробить
[22:42:40] IZI (600493b8-728e-473b-b0c0-c1d82609a7a4): я пройшов війну тупо якусь
[22:42:49] IZI (600493b8-728e-473b-b0c0-c1d82609a7a4): і то ще не зробив
[22:46:09] SpunkY (76aedc73-2b6e-4e3e-a0ff-4bd75a31ea75): ану ди сюда
[22:46:22] SpunkY (76aedc73-2b6e-4e3e-a0ff-4bd75a31ea75): открий алтарь
[22:46:29] SpunkY (76aedc73-2b6e-4e3e-a0ff-4bd75a31ea75): нажимай
[22:46:32] SpunkY (76aedc73-2b6e-4e3e-a0ff-4bd75a31ea75): там полоска
[22:46:42] SpunkY (76aedc73-2b6e-4e3e-a0ff-4bd75a31ea75): добавилось шосб?
[22:46:44] IZI (600493b8-728e-473b-b0c0-c1d82609a7a4): куди нажиать
[22:46:44] SpunkY (76aedc73-2b6e-4e3e-a0ff-4bd75a31ea75): до полоски
[22:46:49] IZI (600493b8-728e-473b-b0c0-c1d82609a7a4): ну
[22:46:51] IZI (600493b8-728e-473b-b0c0-c1d82609a7a4): чуть чуть
[22:46:54] IZI (600493b8-728e-473b-b0c0-c1d82609a7a4): капнуло щось
[22:46:55] IZI (600493b8-728e-473b-b0c0-c1d82609a7a4): я бачив
[22:46:56] SpunkY (76aedc73-2b6e-4e3e-a0ff-4bd75a31ea75): добавилоь
[22:46:58] SpunkY (76aedc73-2b6e-4e3e-a0ff-4bd75a31ea75): норм
[22:46:59] IZI (600493b8-728e-473b-b0c0-c1d82609a7a4): коли тільки открив
[22:47:00] SpunkY (76aedc73-2b6e-4e3e-a0ff-4bd75a31ea75): всьо
[22:49:19] SpunkY (76aedc73-2b6e-4e3e-a0ff-4bd75a31ea75): надєюсь шо там буде фул світло
[22:51:23] SpunkY (76aedc73-2b6e-4e3e-a0ff-4bd75a31ea75): щя побачим
[22:51:28] SpunkY (76aedc73-2b6e-4e3e-a0ff-4bd75a31ea75): надєюсь шо фул алтарь
[22:51:35] SpunkY (76aedc73-2b6e-4e3e-a0ff-4bd75a31ea75): або просто багато
[22:51:40] SpunkY (76aedc73-2b6e-4e3e-a0ff-4bd75a31ea75): бо фул мб не треба на
[22:51:41] SpunkY (76aedc73-2b6e-4e3e-a0ff-4bd75a31ea75): м
[22:58:10] XBOST (ed244ead-df9a-464f-a48f-28478c7d8db3): ты не будешь им пользоваться
[22:58:18] LaNipge (347d9fd5-d990-49a9-9903-2d39a3b73974): я для ботании сделал
[22:58:19] IZI (600493b8-728e-473b-b0c0-c1d82609a7a4): стільки всяких сплавів подобавляли
[22:58:24] LaNipge (347d9fd5-d990-49a9-9903-2d39a3b73974): штоб не бегать
[22:58:36] IZI (600493b8-728e-473b-b0c0-c1d82609a7a4): можна як в доті на предмет замочок ставиш щоб не собиралось в щось друге
[22:58:41] IZI (600493b8-728e-473b-b0c0-c1d82609a7a4): тут на рідину
[22:58:43] IZI (600493b8-728e-473b-b0c0-c1d82609a7a4): поставить
[22:58:45] IZI (600493b8-728e-473b-b0c0-c1d82609a7a4): в печі
[22:58:49] IZI (600493b8-728e-473b-b0c0-c1d82609a7a4): ?
[22:58:56] SpunkY (76aedc73-2b6e-4e3e-a0ff-4bd75a31ea75): ni
[22:58:56] IZI (600493b8-728e-473b-b0c0-c1d82609a7a4): ну це риторичне питання, знающо не можна
[23:00:40] SpunkY (76aedc73-2b6e-4e3e-a0ff-4bd75a31ea75): dcmj
[23:00:42] SpunkY (76aedc73-2b6e-4e3e-a0ff-4bd75a31ea75): всьо
[23:00:46] IZI (600493b8-728e-473b-b0c0-c1d82609a7a4): а
[23:00:57] SpunkY (76aedc73-2b6e-4e3e-a0ff-4bd75a31ea75): закончів я астрал
[23:01:08] SpunkY (76aedc73-2b6e-4e3e-a0ff-4bd75a31ea75): нема мені шо тут ще робить з ним
[23:01:13] SpunkY (76aedc73-2b6e-4e3e-a0ff-4bd75a31ea75): якшо шось треба то дороблю
[23:01:19] SpunkY (76aedc73-2b6e-4e3e-a0ff-4bd75a31ea75): а так самий дикий алтарь є
[23:01:44] IZI (600493b8-728e-473b-b0c0-c1d82609a7a4): а я через міліард сплавів пластік робив
[23:02:15] SpunkY (76aedc73-2b6e-4e3e-a0ff-4bd75a31ea75): скло є одне
[23:02:16] SpunkY (76aedc73-2b6e-4e3e-a0ff-4bd75a31ea75): ?
[23:02:20] IZI (600493b8-728e-473b-b0c0-c1d82609a7a4): да
[23:02:22] IZI (600493b8-728e-473b-b0c0-c1d82609a7a4): обичне да
[23:02:23] SpunkY (76aedc73-2b6e-4e3e-a0ff-4bd75a31ea75): дай
[23:02:32] IZI (600493b8-728e-473b-b0c0-c1d82609a7a4): піщяноскляне потратив
[23:04:29] IZI (600493b8-728e-473b-b0c0-c1d82609a7a4): ненадовго поїсти отоііііііду думаю
[23:04:33] SpunkY (76aedc73-2b6e-4e3e-a0ff-4bd75a31ea75): ок
[23:21:43] SpunkY (76aedc73-2b6e-4e3e-a0ff-4bd75a31ea75): мені лінь копаться було
[23:21:50] SpunkY (76aedc73-2b6e-4e3e-a0ff-4bd75a31ea75): я лівнув поки отходиі
[23:24:39] SpunkY (76aedc73-2b6e-4e3e-a0ff-4bd75a31ea75): так ти ж на другу зборку сам піти не міг
[23:24:41] SpunkY (76aedc73-2b6e-4e3e-a0ff-4bd75a31ea75): я то шо
[23:25:26] SpunkY (76aedc73-2b6e-4e3e-a0ff-4bd75a31ea75): давай крафть іди
[23:25:41] SpunkY (76aedc73-2b6e-4e3e-a0ff-4bd75a31ea75): чо
[23:26:59] SpunkY (76aedc73-2b6e-4e3e-a0ff-4bd75a31ea75): шл
[23:30:39] SpunkY (76aedc73-2b6e-4e3e-a0ff-4bd75a31ea75): а я хз
[23:30:42] SpunkY (76aedc73-2b6e-4e3e-a0ff-4bd75a31ea75): я на допках не був
[23:30:50] SpunkY (76aedc73-2b6e-4e3e-a0ff-4bd75a31ea75): спитай у того хто таке сказав
[23:31:02] SpunkY (76aedc73-2b6e-4e3e-a0ff-4bd75a31ea75): мб треба іти
[23:31:19] SpunkY (76aedc73-2b6e-4e3e-a0ff-4bd75a31ea75): а
[23:31:29] SpunkY (76aedc73-2b6e-4e3e-a0ff-4bd75a31ea75): навєрно знач тіпа дикий і не треба писать
[23:32:42] SpunkY (76aedc73-2b6e-4e3e-a0ff-4bd75a31ea75): ну знач всьо
[23:32:49] SpunkY (76aedc73-2b6e-4e3e-a0ff-4bd75a31ea75): норм
[23:34:12] SpunkY (76aedc73-2b6e-4e3e-a0ff-4bd75a31ea75): шо там
[23:34:15] SpunkY (76aedc73-2b6e-4e3e-a0ff-4bd75a31ea75): ще довго
[23:34:30] IZI (600493b8-728e-473b-b0c0-c1d82609a7a4): хз може скоро прийту
[23:34:52] IZI (600493b8-728e-473b-b0c0-c1d82609a7a4): ну я ще й ніч сидітиму й ранок так що пофіг
[23:34:57] SpunkY (76aedc73-2b6e-4e3e-a0ff-4bd75a31ea75): норм
[23:35:46] SpunkY (76aedc73-2b6e-4e3e-a0ff-4bd75a31ea75): ну да
[23:35:51] SpunkY (76aedc73-2b6e-4e3e-a0ff-4bd75a31ea75): бджоли тут тож треба
[23:35:54] SpunkY (76aedc73-2b6e-4e3e-a0ff-4bd75a31ea75): хоч не хоч
[23:36:00] SpunkY (76aedc73-2b6e-4e3e-a0ff-4bd75a31ea75): а там воно в крафтах
