[00:27:04] IZI (600493b8-728e-473b-b0c0-c1d82609a7a4): yai
[00:27:05] SpunkY (76aedc73-2b6e-4e3e-a0ff-4bd75a31ea75): лук тут
[00:27:05] IZI (600493b8-728e-473b-b0c0-c1d82609a7a4): ki
[00:27:11] IZI (600493b8-728e-473b-b0c0-c1d82609a7a4): poloni
[00:27:13] SpunkY (76aedc73-2b6e-4e3e-a0ff-4bd75a31ea75): я виложив
[00:27:19] SpunkY (76aedc73-2b6e-4e3e-a0ff-4bd75a31ea75): пилон мани
[00:27:36] IZI (600493b8-728e-473b-b0c0-c1d82609a7a4): а поттла
[00:27:38] IZI (600493b8-728e-473b-b0c0-c1d82609a7a4): а
[00:27:39] IZI (600493b8-728e-473b-b0c0-c1d82609a7a4): є
[00:27:43] IZI (600493b8-728e-473b-b0c0-c1d82609a7a4): нагадай
[00:27:48] IZI (600493b8-728e-473b-b0c0-c1d82609a7a4): як запускать
[00:27:49] SpunkY (76aedc73-2b6e-4e3e-a0ff-4bd75a31ea75): шо таке поттла
[00:27:50] IZI (600493b8-728e-473b-b0c0-c1d82609a7a4): портал
[00:28:04] SpunkY (76aedc73-2b6e-4e3e-a0ff-4bd75a31ea75): я для чого тобі
[00:28:05] IZI (600493b8-728e-473b-b0c0-c1d82609a7a4): пкм по ядру оцьому рукою
[00:28:06] IZI (600493b8-728e-473b-b0c0-c1d82609a7a4): просто
[00:28:09] SpunkY (76aedc73-2b6e-4e3e-a0ff-4bd75a31ea75): коли пілонів нема
[00:28:59] SpunkY (76aedc73-2b6e-4e3e-a0ff-4bd75a31ea75): зроби пілони
[00:29:04] SpunkY (76aedc73-2b6e-4e3e-a0ff-4bd75a31ea75): а там уже зробим
[00:29:24] IZI (600493b8-728e-473b-b0c0-c1d82609a7a4): 2?
[00:29:27] SpunkY (76aedc73-2b6e-4e3e-a0ff-4bd75a31ea75): да
[00:29:29] SpunkY (76aedc73-2b6e-4e3e-a0ff-4bd75a31ea75): ун
[00:29:33] SpunkY (76aedc73-2b6e-4e3e-a0ff-4bd75a31ea75): захвазвхазвхавза
[00:30:45] IZI (600493b8-728e-473b-b0c0-c1d82609a7a4): дай огняний
[00:30:46] IZI (600493b8-728e-473b-b0c0-c1d82609a7a4): сліток
[00:30:48] IZI (600493b8-728e-473b-b0c0-c1d82609a7a4): зквест
[00:30:55] SpunkY (76aedc73-2b6e-4e3e-a0ff-4bd75a31ea75): якого
[00:31:02] IZI (600493b8-728e-473b-b0c0-c1d82609a7a4): твайлайтфорестр
[00:32:31] SpunkY (76aedc73-2b6e-4e3e-a0ff-4bd75a31ea75): мани мало
[00:32:37] SpunkY (76aedc73-2b6e-4e3e-a0ff-4bd75a31ea75): ждем
[00:38:40] SpunkY (76aedc73-2b6e-4e3e-a0ff-4bd75a31ea75): потвора
[00:38:47] SpunkY (76aedc73-2b6e-4e3e-a0ff-4bd75a31ea75): алмази вкрало а не дало нові
[00:40:48] SpunkY (76aedc73-2b6e-4e3e-a0ff-4bd75a31ea75): йомайо
[00:40:55] SpunkY (76aedc73-2b6e-4e3e-a0ff-4bd75a31ea75): і ці роздаватєлі не витримують тупо
[00:42:31] SpunkY (76aedc73-2b6e-4e3e-a0ff-4bd75a31ea75): ну да
[00:42:34] SpunkY (76aedc73-2b6e-4e3e-a0ff-4bd75a31ea75): уже бистріше
[00:42:49] SpunkY (76aedc73-2b6e-4e3e-a0ff-4bd75a31ea75): глянь крафт пілонів гаї
[00:42:55] SpunkY (76aedc73-2b6e-4e3e-a0ff-4bd75a31ea75): треба убить гаста
[00:44:40] IZI (600493b8-728e-473b-b0c0-c1d82609a7a4): у тебе
[00:44:42] IZI (600493b8-728e-473b-b0c0-c1d82609a7a4): яка кірка
[00:44:47] SpunkY (76aedc73-2b6e-4e3e-a0ff-4bd75a31ea75): топочка
[00:44:57] IZI (600493b8-728e-473b-b0c0-c1d82609a7a4): з якого матеріалу
[00:44:58] IZI (600493b8-728e-473b-b0c0-c1d82609a7a4): булижєні
[00:45:05] SpunkY (76aedc73-2b6e-4e3e-a0ff-4bd75a31ea75): фіг зна
[00:45:11] SpunkY (76aedc73-2b6e-4e3e-a0ff-4bd75a31ea75): у мене не з тінкера
[00:45:12] IZI (600493b8-728e-473b-b0c0-c1d82609a7a4): основний матеріал
[00:45:13] IZI (600493b8-728e-473b-b0c0-c1d82609a7a4): а
[00:45:20] SpunkY (76aedc73-2b6e-4e3e-a0ff-4bd75a31ea75): можу дать
[00:45:22] IZI (600493b8-728e-473b-b0c0-c1d82609a7a4): вона на почінку?
[00:45:23] SpunkY (76aedc73-2b6e-4e3e-a0ff-4bd75a31ea75): там почінка
[00:45:25] SpunkY (76aedc73-2b6e-4e3e-a0ff-4bd75a31ea75): да
[00:45:25] IZI (600493b8-728e-473b-b0c0-c1d82609a7a4): ок
[00:45:29] SpunkY (76aedc73-2b6e-4e3e-a0ff-4bd75a31ea75): тікі вона майже здохла
[00:45:35] SpunkY (76aedc73-2b6e-4e3e-a0ff-4bd75a31ea75): треба шоб ти покопав уголь якійсь
[00:45:41] IZI (600493b8-728e-473b-b0c0-c1d82609a7a4): GO
[00:45:46] SpunkY (76aedc73-2b6e-4e3e-a0ff-4bd75a31ea75): ну так іди сюда
[00:45:48] IZI (600493b8-728e-473b-b0c0-c1d82609a7a4): просто моя ото багом зникла
[00:45:49] IZI (600493b8-728e-473b-b0c0-c1d82609a7a4): а нова
[00:45:52] IZI (600493b8-728e-473b-b0c0-c1d82609a7a4): нанокірка
[00:45:56] IZI (600493b8-728e-473b-b0c0-c1d82609a7a4): я її наполовину
[00:47:40] SpunkY (76aedc73-2b6e-4e3e-a0ff-4bd75a31ea75): дай якусь кірку
[00:47:51] IZI (600493b8-728e-473b-b0c0-c1d82609a7a4): на
[01:06:48] IZI (600493b8-728e-473b-b0c0-c1d82609a7a4): так, всьо. кірка в одному з верстаків
[02:48:24] Apt_bolka (99791d25-cc6a-40d5-9fab-db8d91e26277): Есть ядовитая картошка? IZI
[17:27:17] Stxywxthme (6ce0cde9-8c92-4c66-96ad-6bffb9dfc01b): привет
[17:27:34] Stxywxthme (6ce0cde9-8c92-4c66-96ad-6bffb9dfc01b): играю
[17:27:57] Stxywxthme (6ce0cde9-8c92-4c66-96ad-6bffb9dfc01b): хз
[18:23:18] Stxywxthme (6ce0cde9-8c92-4c66-96ad-6bffb9dfc01b): норм
[19:18:08] SpunkY (76aedc73-2b6e-4e3e-a0ff-4bd75a31ea75): шо
[19:18:11] IZI (600493b8-728e-473b-b0c0-c1d82609a7a4): нічо
[19:18:25] SpunkY (76aedc73-2b6e-4e3e-a0ff-4bd75a31ea75): відбулась велика забудова
[19:18:31] SpunkY (76aedc73-2b6e-4e3e-a0ff-4bd75a31ea75): шоб афк стоять і мене не вбили
[19:18:55] SpunkY (76aedc73-2b6e-4e3e-a0ff-4bd75a31ea75): ну я хз куда тратить ману
[19:18:58] IZI (600493b8-728e-473b-b0c0-c1d82609a7a4): босс зомбі який телепортується як ендермен:
[19:19:11] SpunkY (76aedc73-2b6e-4e3e-a0ff-4bd75a31ea75): так такого ударить треба шоб він тепався
[19:27:15] SpunkY (76aedc73-2b6e-4e3e-a0ff-4bd75a31ea75): кого?
[19:27:17] IZI (600493b8-728e-473b-b0c0-c1d82609a7a4): хз
[19:27:24] IZI (600493b8-728e-473b-b0c0-c1d82609a7a4): такі хз чи є
[19:27:26] IZI (600493b8-728e-473b-b0c0-c1d82609a7a4): друіди
[19:27:32] IZI (600493b8-728e-473b-b0c0-c1d82609a7a4): що ізумруди
[19:27:35] IZI (600493b8-728e-473b-b0c0-c1d82609a7a4): за рослиини
[19:27:38] IZI (600493b8-728e-473b-b0c0-c1d82609a7a4): купляють
[19:27:41] SpunkY (76aedc73-2b6e-4e3e-a0ff-4bd75a31ea75): я хз нафіг він нам
[19:27:43] IZI (600493b8-728e-473b-b0c0-c1d82609a7a4): ожеш і других глянут
[19:46:50] SpunkY (76aedc73-2b6e-4e3e-a0ff-4bd75a31ea75): треба кавуна
[19:46:57] SpunkY (76aedc73-2b6e-4e3e-a0ff-4bd75a31ea75): я поїм і вернусь
[19:46:59] SpunkY (76aedc73-2b6e-4e3e-a0ff-4bd75a31ea75): минут 5
[19:47:00] SpunkY (76aedc73-2b6e-4e3e-a0ff-4bd75a31ea75): лівну
[19:47:15] IZI (600493b8-728e-473b-b0c0-c1d82609a7a4): скелет на пауку босс
[19:47:30] IZI (600493b8-728e-473b-b0c0-c1d82609a7a4): і ще лук наче на огонь зачарений у скелеет4а
[19:47:39] SpunkY (76aedc73-2b6e-4e3e-a0ff-4bd75a31ea75): я скоро
[19:51:29] SpunkY (76aedc73-2b6e-4e3e-a0ff-4bd75a31ea75): я тут
[19:52:32] SpunkY (76aedc73-2b6e-4e3e-a0ff-4bd75a31ea75): де там портал?
[19:52:53] SpunkY (76aedc73-2b6e-4e3e-a0ff-4bd75a31ea75): ти тепнешся помогти 7
[19:53:00] IZI (600493b8-728e-473b-b0c0-c1d82609a7a4): ok
[19:53:05] SpunkY (76aedc73-2b6e-4e3e-a0ff-4bd75a31ea75): дай лук
[19:53:33] SpunkY (76aedc73-2b6e-4e3e-a0ff-4bd75a31ea75): я погнав
[20:01:41] SpunkY (76aedc73-2b6e-4e3e-a0ff-4bd75a31ea75): я короче не поняв
[20:01:45] SpunkY (76aedc73-2b6e-4e3e-a0ff-4bd75a31ea75): я нашов там портал
[20:01:49] SpunkY (76aedc73-2b6e-4e3e-a0ff-4bd75a31ea75): шмальнув у нього
[20:01:51] SpunkY (76aedc73-2b6e-4e3e-a0ff-4bd75a31ea75): і він зник
[20:01:55] SpunkY (76aedc73-2b6e-4e3e-a0ff-4bd75a31ea75): а потом найшов ще один
[20:02:05] SpunkY (76aedc73-2b6e-4e3e-a0ff-4bd75a31ea75): він тупо виплюнув культіста
[20:02:11] SpunkY (76aedc73-2b6e-4e3e-a0ff-4bd75a31ea75): прям не шо то шо тіпа заспаунив
[20:02:19] SpunkY (76aedc73-2b6e-4e3e-a0ff-4bd75a31ea75): а наче з гармати із звуком тнт
[20:02:21] SpunkY (76aedc73-2b6e-4e3e-a0ff-4bd75a31ea75): БАМ
[20:02:26] SpunkY (76aedc73-2b6e-4e3e-a0ff-4bd75a31ea75): шо той як полетів чісто
[20:02:30] SpunkY (76aedc73-2b6e-4e3e-a0ff-4bd75a31ea75): і портал зник
[20:14:54] IZI (600493b8-728e-473b-b0c0-c1d82609a7a4): sps
[20:14:58] SpunkY (76aedc73-2b6e-4e3e-a0ff-4bd75a31ea75): я один зламав случайно
[20:15:02] SpunkY (76aedc73-2b6e-4e3e-a0ff-4bd75a31ea75): хз для чого
[20:32:27] SpunkY (76aedc73-2b6e-4e3e-a0ff-4bd75a31ea75): gjxbnf'i
[20:32:30] SpunkY (76aedc73-2b6e-4e3e-a0ff-4bd75a31ea75): почитаєш
[20:46:09] SpunkY (76aedc73-2b6e-4e3e-a0ff-4bd75a31ea75): глянь крафт
[20:46:26] SpunkY (76aedc73-2b6e-4e3e-a0ff-4bd75a31ea75): з данж
[21:12:54] ExieD (a940581e-ac90-4832-9fda-400d30426d35): Ohae
[21:13:22] ExieD (a940581e-ac90-4832-9fda-400d30426d35): Возле кого можно жить?
[21:16:55] ExieD (a940581e-ac90-4832-9fda-400d30426d35): С кем можно стать соседями, и жить не подалёку
[21:32:51] IZI (600493b8-728e-473b-b0c0-c1d82609a7a4): я затупив
[21:38:19] IZI (600493b8-728e-473b-b0c0-c1d82609a7a4): 0
[21:38:21] SpunkY (76aedc73-2b6e-4e3e-a0ff-4bd75a31ea75): на скікі ти придурок?
[21:38:24] SpunkY (76aedc73-2b6e-4e3e-a0ff-4bd75a31ea75): я тож
[21:38:26] SpunkY (76aedc73-2b6e-4e3e-a0ff-4bd75a31ea75): ану
[21:38:34] SpunkY (76aedc73-2b6e-4e3e-a0ff-4bd75a31ea75): ооо
[21:38:36] SpunkY (76aedc73-2b6e-4e3e-a0ff-4bd75a31ea75): дає
[21:38:50] SpunkY (76aedc73-2b6e-4e3e-a0ff-4bd75a31ea75): агааа
[21:39:00] SpunkY (76aedc73-2b6e-4e3e-a0ff-4bd75a31ea75): а твоя броня не дає іскаженія як пустотна?
[21:39:05] IZI (600493b8-728e-473b-b0c0-c1d82609a7a4): -
[21:39:10] IZI (600493b8-728e-473b-b0c0-c1d82609a7a4): це багрова
[21:39:15] IZI (600493b8-728e-473b-b0c0-c1d82609a7a4): вона і на 1 7 10
[21:39:20] IZI (600493b8-728e-473b-b0c0-c1d82609a7a4): нічо погано не даваал
[21:39:23] IZI (600493b8-728e-473b-b0c0-c1d82609a7a4): чорна давала
[21:39:26] IZI (600493b8-728e-473b-b0c0-c1d82609a7a4): пустотна
[21:39:26] SpunkY (76aedc73-2b6e-4e3e-a0ff-4bd75a31ea75): алдно
[21:39:31] SpunkY (76aedc73-2b6e-4e3e-a0ff-4bd75a31ea75): наїмся голов
[21:39:33] SpunkY (76aedc73-2b6e-4e3e-a0ff-4bd75a31ea75): мозгів
[21:39:59] SpunkY (76aedc73-2b6e-4e3e-a0ff-4bd75a31ea75): а є якійсь бомж меч?
[21:40:07] SpunkY (76aedc73-2b6e-4e3e-a0ff-4bd75a31ea75): бо фармілка уже мого нормального забрала
[21:40:08] IZI (600493b8-728e-473b-b0c0-c1d82609a7a4): я кіркою бюсь
[21:40:17] SpunkY (76aedc73-2b6e-4e3e-a0ff-4bd75a31ea75): ладно
[21:40:19] IZI (600493b8-728e-473b-b0c0-c1d82609a7a4): на
[21:49:18] SpunkY (76aedc73-2b6e-4e3e-a0ff-4bd75a31ea75): я кста больний я кончений
[21:49:36] SpunkY (76aedc73-2b6e-4e3e-a0ff-4bd75a31ea75): уже 1 заспаунилось
[21:49:39] SpunkY (76aedc73-2b6e-4e3e-a0ff-4bd75a31ea75): норм думаю
[21:49:45] SpunkY (76aedc73-2b6e-4e3e-a0ff-4bd75a31ea75): а це я ток на половину кончений
[21:50:14] SpunkY (76aedc73-2b6e-4e3e-a0ff-4bd75a31ea75): харашо шо ти сказав
[21:50:17] SpunkY (76aedc73-2b6e-4e3e-a0ff-4bd75a31ea75): шо треба іскаженія
[21:50:21] SpunkY (76aedc73-2b6e-4e3e-a0ff-4bd75a31ea75): бо я не знав
[21:50:26] IZI (600493b8-728e-473b-b0c0-c1d82609a7a4): стоп а яке
[21:50:28] IZI (600493b8-728e-473b-b0c0-c1d82609a7a4): маленький
[21:50:30] IZI (600493b8-728e-473b-b0c0-c1d82609a7a4): заспаунивьс
[21:50:34] SpunkY (76aedc73-2b6e-4e3e-a0ff-4bd75a31ea75): ну да
[21:50:41] SpunkY (76aedc73-2b6e-4e3e-a0ff-4bd75a31ea75): я думаю треба більш дурним стать мо
[21:50:47] IZI (600493b8-728e-473b-b0c0-c1d82609a7a4): maybe
[22:08:24] SpunkY (76aedc73-2b6e-4e3e-a0ff-4bd75a31ea75): тут нема привата
[22:08:38] SpunkY (76aedc73-2b6e-4e3e-a0ff-4bd75a31ea75): розбирай
[22:08:41] SpunkY (76aedc73-2b6e-4e3e-a0ff-4bd75a31ea75): я тут стою
[22:08:48] SpunkY (76aedc73-2b6e-4e3e-a0ff-4bd75a31ea75): азвхзахва
[22:09:17] SpunkY (76aedc73-2b6e-4e3e-a0ff-4bd75a31ea75): а чо ти вмер?
[22:09:18] IZI (600493b8-728e-473b-b0c0-c1d82609a7a4): та наче чел бомж
[22:09:24] IZI (600493b8-728e-473b-b0c0-c1d82609a7a4): пофіг думаю
[22:09:31] IZI (600493b8-728e-473b-b0c0-c1d82609a7a4): давай таблички поставим
[22:09:35] IZI (600493b8-728e-473b-b0c0-c1d82609a7a4): шо тут були
[22:09:37] SpunkY (76aedc73-2b6e-4e3e-a0ff-4bd75a31ea75): та го роберем
[22:10:17] IZI (600493b8-728e-473b-b0c0-c1d82609a7a4): тут даже нема шо забирать якщо чесно
[22:10:24] SpunkY (76aedc73-2b6e-4e3e-a0ff-4bd75a31ea75): фармілку мо
[22:10:25] IZI (600493b8-728e-473b-b0c0-c1d82609a7a4): кроме сундуков
[22:11:03] SpunkY (76aedc73-2b6e-4e3e-a0ff-4bd75a31ea75): фармілку мо
[22:14:45] IZI (600493b8-728e-473b-b0c0-c1d82609a7a4): я думаю
[22:14:51] IZI (600493b8-728e-473b-b0c0-c1d82609a7a4): як ці шестєрьонкі
[22:14:57] IZI (600493b8-728e-473b-b0c0-c1d82609a7a4): в такі ж тільки з другого моду
[22:14:59] IZI (600493b8-728e-473b-b0c0-c1d82609a7a4): зпробить
[22:15:07] SpunkY (76aedc73-2b6e-4e3e-a0ff-4bd75a31ea75): хз
[22:15:09] SpunkY (76aedc73-2b6e-4e3e-a0ff-4bd75a31ea75): я далі полетів
[22:33:57] IZI (600493b8-728e-473b-b0c0-c1d82609a7a4): Как скрафтить каменную составную шестерню, если так крафтится другая каменная шестерня??
[22:47:10] IZI (600493b8-728e-473b-b0c0-c1d82609a7a4): я в тільті
[22:47:28] SpunkY (76aedc73-2b6e-4e3e-a0ff-4bd75a31ea75): я тож
[22:59:58] IZI (600493b8-728e-473b-b0c0-c1d82609a7a4): хз
[23:00:06] IZI (600493b8-728e-473b-b0c0-c1d82609a7a4): якщо я зараз виливаю камепнь
[23:00:10] IZI (600493b8-728e-473b-b0c0-c1d82609a7a4): на цю шестерню
[23:00:11] IZI (600493b8-728e-473b-b0c0-c1d82609a7a4): деревяну
[23:00:15] SpunkY (76aedc73-2b6e-4e3e-a0ff-4bd75a31ea75): [df[dpf[dpf[df
[23:00:16] SpunkY (76aedc73-2b6e-4e3e-a0ff-4bd75a31ea75): jq
[23:00:16] IZI (600493b8-728e-473b-b0c0-c1d82609a7a4): і не виходить
[23:00:17] SpunkY (76aedc73-2b6e-4e3e-a0ff-4bd75a31ea75): jq
[23:00:19] IZI (600493b8-728e-473b-b0c0-c1d82609a7a4): камянна
[23:00:22] SpunkY (76aedc73-2b6e-4e3e-a0ff-4bd75a31ea75): ой
[23:00:22] IZI (600493b8-728e-473b-b0c0-c1d82609a7a4): шестерня
[23:00:24] IZI (600493b8-728e-473b-b0c0-c1d82609a7a4): шо мені треба
[23:00:31] IZI (600493b8-728e-473b-b0c0-c1d82609a7a4): то я просто ліваю і іду в доту
[23:00:47] SpunkY (76aedc73-2b6e-4e3e-a0ff-4bd75a31ea75): а шо тобі треба?
[23:00:49] IZI (600493b8-728e-473b-b0c0-c1d82609a7a4): бо без тої фігні я тупо не можу моди деякі ізучать
[23:01:05] IZI (600493b8-728e-473b-b0c0-c1d82609a7a4): Генератор
[23:01:08] IZI (600493b8-728e-473b-b0c0-c1d82609a7a4): з індастріала
[23:01:11] SpunkY (76aedc73-2b6e-4e3e-a0ff-4bd75a31ea75): якій
[23:01:17] IZI (600493b8-728e-473b-b0c0-c1d82609a7a4): Генератор
[23:01:20] IZI (600493b8-728e-473b-b0c0-c1d82609a7a4): Називається
[23:01:20] SpunkY (76aedc73-2b6e-4e3e-a0ff-4bd75a31ea75): йомайо
[23:01:23] IZI (600493b8-728e-473b-b0c0-c1d82609a7a4): Шо який
[23:01:23] SpunkY (76aedc73-2b6e-4e3e-a0ff-4bd75a31ea75): оце я снайпер
[23:01:59] SpunkY (76aedc73-2b6e-4e3e-a0ff-4bd75a31ea75): так а шо за шестєрьонка треба?
[23:02:12] IZI (600493b8-728e-473b-b0c0-c1d82609a7a4): Каменная составная шестерня
[23:02:28] SpunkY (76aedc73-2b6e-4e3e-a0ff-4bd75a31ea75): а
[23:02:36] IZI (600493b8-728e-473b-b0c0-c1d82609a7a4): для угольний генератор
[23:02:37] SpunkY (76aedc73-2b6e-4e3e-a0ff-4bd75a31ea75): я такіх міліон бачів коли данжи лутав
