[00:06:58] SpunkY (76aedc73-2b6e-4e3e-a0ff-4bd75a31ea75): ладно
[00:07:00] SpunkY (76aedc73-2b6e-4e3e-a0ff-4bd75a31ea75): роби шо хоч
[00:07:02] SpunkY (76aedc73-2b6e-4e3e-a0ff-4bd75a31ea75): я піду шерсть
[00:07:06] SpunkY (76aedc73-2b6e-4e3e-a0ff-4bd75a31ea75): можеш не іти тудаф
[00:07:10] SpunkY (76aedc73-2b6e-4e3e-a0ff-4bd75a31ea75): там броня фгня
[00:07:17] SpunkY (76aedc73-2b6e-4e3e-a0ff-4bd75a31ea75): ану
[00:07:21] IZI (600493b8-728e-473b-b0c0-c1d82609a7a4): ок тоді давай вдвох просто на ртп фармить
[00:07:22] SpunkY (76aedc73-2b6e-4e3e-a0ff-4bd75a31ea75): дай я раз тебе метом стукну
[00:07:23] IZI (600493b8-728e-473b-b0c0-c1d82609a7a4): мобів
[00:07:32] SpunkY (76aedc73-2b6e-4e3e-a0ff-4bd75a31ea75): вхазвхазхвзахвзав
[00:07:33] IZI (600493b8-728e-473b-b0c0-c1d82609a7a4): пів сердця
[00:07:36] SpunkY (76aedc73-2b6e-4e3e-a0ff-4bd75a31ea75): аж шолом тріснув
[00:07:42] SpunkY (76aedc73-2b6e-4e3e-a0ff-4bd75a31ea75): го
[00:07:46] SpunkY (76aedc73-2b6e-4e3e-a0ff-4bd75a31ea75): після очістки
[00:07:49] SpunkY (76aedc73-2b6e-4e3e-a0ff-4bd75a31ea75): на ртп
[00:07:59] IZI (600493b8-728e-473b-b0c0-c1d82609a7a4): ну там шльом мені б і зомбі зламав вже
[00:08:05] IZI (600493b8-728e-473b-b0c0-c1d82609a7a4): но урон да нормально
[00:15:48] SpunkY (76aedc73-2b6e-4e3e-a0ff-4bd75a31ea75): давай шоб я поставив десь їх
[00:15:51] SpunkY (76aedc73-2b6e-4e3e-a0ff-4bd75a31ea75): і пішов по нових
[00:16:02] IZI (600493b8-728e-473b-b0c0-c1d82609a7a4): роблю
[00:16:49] IZI (600493b8-728e-473b-b0c0-c1d82609a7a4): всьо
[00:16:49] IZI (600493b8-728e-473b-b0c0-c1d82609a7a4): ось
[00:16:56] SpunkY (76aedc73-2b6e-4e3e-a0ff-4bd75a31ea75): о
[00:17:01] SpunkY (76aedc73-2b6e-4e3e-a0ff-4bd75a31ea75): го я піду елітри тобі найду
[00:17:09] IZI (600493b8-728e-473b-b0c0-c1d82609a7a4): мені не треба
[00:17:11] IZI (600493b8-728e-473b-b0c0-c1d82609a7a4): елітра
[00:17:12] IZI (600493b8-728e-473b-b0c0-c1d82609a7a4): пох
[00:17:18] SpunkY (76aedc73-2b6e-4e3e-a0ff-4bd75a31ea75): ладно
[00:17:21] SpunkY (76aedc73-2b6e-4e3e-a0ff-4bd75a31ea75): я по овечок
[00:17:25] IZI (600493b8-728e-473b-b0c0-c1d82609a7a4): стоп
[00:17:26] IZI (600493b8-728e-473b-b0c0-c1d82609a7a4): а їх
[00:17:27] IZI (600493b8-728e-473b-b0c0-c1d82609a7a4): очістка
[00:17:31] IZI (600493b8-728e-473b-b0c0-c1d82609a7a4): не очістит
[00:17:33] SpunkY (76aedc73-2b6e-4e3e-a0ff-4bd75a31ea75): ну
[00:17:36] SpunkY (76aedc73-2b6e-4e3e-a0ff-4bd75a31ea75): житєлів не очіща
[00:17:44] SpunkY (76aedc73-2b6e-4e3e-a0ff-4bd75a31ea75): побачим
[00:17:46] SpunkY (76aedc73-2b6e-4e3e-a0ff-4bd75a31ea75): якшо очістить
[00:17:48] SpunkY (76aedc73-2b6e-4e3e-a0ff-4bd75a31ea75): бірки зробим
[00:34:08] SpunkY (76aedc73-2b6e-4e3e-a0ff-4bd75a31ea75): диви скікі там
[00:34:23] IZI (600493b8-728e-473b-b0c0-c1d82609a7a4): да імба
[00:34:37] IZI (600493b8-728e-473b-b0c0-c1d82609a7a4): а я диви
[00:34:40] IZI (600493b8-728e-473b-b0c0-c1d82609a7a4): цей сунуду
[00:34:50] SpunkY (76aedc73-2b6e-4e3e-a0ff-4bd75a31ea75): нори
[00:34:51] IZI (600493b8-728e-473b-b0c0-c1d82609a7a4): ліс вирізав
[00:34:52] IZI (600493b8-728e-473b-b0c0-c1d82609a7a4): тупо
[00:34:55] IZI (600493b8-728e-473b-b0c0-c1d82609a7a4): і не тільки в тому
[00:36:59] SpunkY (76aedc73-2b6e-4e3e-a0ff-4bd75a31ea75): шо його робить
[00:37:09] SpunkY (76aedc73-2b6e-4e3e-a0ff-4bd75a31ea75): хм
[00:37:13] SpunkY (76aedc73-2b6e-4e3e-a0ff-4bd75a31ea75): треба оту квітку з ботанії
[00:37:16] SpunkY (76aedc73-2b6e-4e3e-a0ff-4bd75a31ea75): шо сосе опит
[00:37:20] IZI (600493b8-728e-473b-b0c0-c1d82609a7a4): а да я думав
[00:37:23] IZI (600493b8-728e-473b-b0c0-c1d82609a7a4): ну глянув
[00:37:24] SpunkY (76aedc73-2b6e-4e3e-a0ff-4bd75a31ea75): а то трошки скопилось в мене
[00:37:25] IZI (600493b8-728e-473b-b0c0-c1d82609a7a4): там руна треба
[00:37:29] SpunkY (76aedc73-2b6e-4e3e-a0ff-4bd75a31ea75): 18767 опита
[00:37:31] IZI (600493b8-728e-473b-b0c0-c1d82609a7a4): і короч
[00:37:49] IZI (600493b8-728e-473b-b0c0-c1d82609a7a4): я подумав що пофіг якось пізніше покищо технології зроблю
[00:37:51] IZI (600493b8-728e-473b-b0c0-c1d82609a7a4): жоску
[00:38:00] SpunkY (76aedc73-2b6e-4e3e-a0ff-4bd75a31ea75): а мені робить то нічого
[00:38:04] SpunkY (76aedc73-2b6e-4e3e-a0ff-4bd75a31ea75): таум мусорка неробоча
[00:39:35] SpunkY (76aedc73-2b6e-4e3e-a0ff-4bd75a31ea75): як харашо
[00:39:40] SpunkY (76aedc73-2b6e-4e3e-a0ff-4bd75a31ea75): шо огняний сліток
[00:39:44] SpunkY (76aedc73-2b6e-4e3e-a0ff-4bd75a31ea75): 2 штука
[00:39:45] SpunkY (76aedc73-2b6e-4e3e-a0ff-4bd75a31ea75): є
[00:39:51] SpunkY (76aedc73-2b6e-4e3e-a0ff-4bd75a31ea75): а то я думв меча зрбить собі
[00:39:57] SpunkY (76aedc73-2b6e-4e3e-a0ff-4bd75a31ea75): а він якраз для ботанії треба
[00:40:25] SpunkY (76aedc73-2b6e-4e3e-a0ff-4bd75a31ea75): ноч не пропускай
[00:40:27] SpunkY (76aedc73-2b6e-4e3e-a0ff-4bd75a31ea75): кристал треба
[00:41:33] SpunkY (76aedc73-2b6e-4e3e-a0ff-4bd75a31ea75): Привет
[00:41:44] AETERNAL (6015b02d-f272-4154-8209-5e3b23bbc09c): привет роботяга
[00:41:52] SpunkY (76aedc73-2b6e-4e3e-a0ff-4bd75a31ea75): Тут осмотический стол не работает(
[00:42:28] SpunkY (76aedc73-2b6e-4e3e-a0ff-4bd75a31ea75): кристал забирает а не чарит
[00:42:51] AETERNAL (6015b02d-f272-4154-8209-5e3b23bbc09c): включи разметку чанков
[00:43:06] SpunkY (76aedc73-2b6e-4e3e-a0ff-4bd75a31ea75): должен в 1 чанке соять?
[00:43:10] SpunkY (76aedc73-2b6e-4e3e-a0ff-4bd75a31ea75): стоять*
[00:44:04] AETERNAL (6015b02d-f272-4154-8209-5e3b23bbc09c): куда тебе его тыкнуть
[00:44:18] SpunkY (76aedc73-2b6e-4e3e-a0ff-4bd75a31ea75): давай сюда
[00:45:45] SpunkY (76aedc73-2b6e-4e3e-a0ff-4bd75a31ea75): о
[00:45:48] SpunkY (76aedc73-2b6e-4e3e-a0ff-4bd75a31ea75): вот
[00:45:51] SpunkY (76aedc73-2b6e-4e3e-a0ff-4bd75a31ea75): забрал и не чарит
[00:45:55] AETERNAL (6015b02d-f272-4154-8209-5e3b23bbc09c): интересно
[00:46:27] SpunkY (76aedc73-2b6e-4e3e-a0ff-4bd75a31ea75): а я еще баг нашел ток хз как он работает
[00:46:35] SpunkY (76aedc73-2b6e-4e3e-a0ff-4bd75a31ea75): у меня сейчас 18к 767 уровень
[00:46:40] SpunkY (76aedc73-2b6e-4e3e-a0ff-4bd75a31ea75): с пилона дало
[00:47:26] AETERNAL (6015b02d-f272-4154-8209-5e3b23bbc09c): ну, что я могу сказать насчёт этого осмота
[00:49:09] AETERNAL (6015b02d-f272-4154-8209-5e3b23bbc09c): юзай другие чарки)
[00:49:15] SpunkY (76aedc73-2b6e-4e3e-a0ff-4bd75a31ea75): та уже
[00:49:26] AETERNAL (6015b02d-f272-4154-8209-5e3b23bbc09c): могу вернуть ресы за него
[00:49:38] SpunkY (76aedc73-2b6e-4e3e-a0ff-4bd75a31ea75): давай
[00:49:42] SpunkY (76aedc73-2b6e-4e3e-a0ff-4bd75a31ea75): мне ток чарку
[00:49:46] SpunkY (76aedc73-2b6e-4e3e-a0ff-4bd75a31ea75): остальное не надо
[00:50:01] SpunkY (76aedc73-2b6e-4e3e-a0ff-4bd75a31ea75): а тут разлом с таума можно создать?
[00:50:09] AETERNAL (6015b02d-f272-4154-8209-5e3b23bbc09c): не-а, отключены
[00:50:16] SpunkY (76aedc73-2b6e-4e3e-a0ff-4bd75a31ea75): а как жемчужину получить?
[00:51:02] AETERNAL (6015b02d-f272-4154-8209-5e3b23bbc09c): первобытный жемчуг?
[00:51:05] AETERNAL (6015b02d-f272-4154-8209-5e3b23bbc09c): или как его
[00:51:10] SpunkY (76aedc73-2b6e-4e3e-a0ff-4bd75a31ea75): да
[00:51:20] AETERNAL (6015b02d-f272-4154-8209-5e3b23bbc09c): он с магов падает знаю
[00:51:35] SpunkY (76aedc73-2b6e-4e3e-a0ff-4bd75a31ea75): надо поубивать значит
[00:51:53] AETERNAL (6015b02d-f272-4154-8209-5e3b23bbc09c): душу их возьми
[00:51:57] AETERNAL (6015b02d-f272-4154-8209-5e3b23bbc09c): и засунь в спаунер
[00:52:07] SpunkY (76aedc73-2b6e-4e3e-a0ff-4bd75a31ea75): та ее еще надо достать
[00:52:30] AETERNAL (6015b02d-f272-4154-8209-5e3b23bbc09c): чё там с уровнем кстат
[00:52:32] SpunkY (76aedc73-2b6e-4e3e-a0ff-4bd75a31ea75): мне мечь на жнец 5 свинозомби в рук вибьіл и молнией уничтожил
[00:52:36] SpunkY (76aedc73-2b6e-4e3e-a0ff-4bd75a31ea75): а я хз
[00:52:46] SpunkY (76aedc73-2b6e-4e3e-a0ff-4bd75a31ea75): у меня пилон есть на опьіт
[00:52:54] AETERNAL (6015b02d-f272-4154-8209-5e3b23bbc09c): какой
[00:52:55] SpunkY (76aedc73-2b6e-4e3e-a0ff-4bd75a31ea75): он сам фул наполнился
[00:53:18] SpunkY (76aedc73-2b6e-4e3e-a0ff-4bd75a31ea75): и он сразу работал обьічно
[00:53:24] SpunkY (76aedc73-2b6e-4e3e-a0ff-4bd75a31ea75): а потом дал мне 19 к левела
[00:53:54] SpunkY (76aedc73-2b6e-4e3e-a0ff-4bd75a31ea75): на вьібрасьівание поставить надо его
[00:54:18] SpunkY (76aedc73-2b6e-4e3e-a0ff-4bd75a31ea75): или можеш к моему подойти попробовать
[00:54:26] AETERNAL (6015b02d-f272-4154-8209-5e3b23bbc09c): я его взял себе
[00:54:45] SpunkY (76aedc73-2b6e-4e3e-a0ff-4bd75a31ea75): странньій предмет
[00:55:48] AETERNAL (6015b02d-f272-4154-8209-5e3b23bbc09c): мммммм
[00:55:51] AETERNAL (6015b02d-f272-4154-8209-5e3b23bbc09c): интресно
[00:58:01] IZI (600493b8-728e-473b-b0c0-c1d82609a7a4): квест неправильный
[00:58:57] SpunkY (76aedc73-2b6e-4e3e-a0ff-4bd75a31ea75): ой
[00:59:47] AETERNAL (6015b02d-f272-4154-8209-5e3b23bbc09c): xD
[01:00:07] AETERNAL (6015b02d-f272-4154-8209-5e3b23bbc09c): он криво с бустом опыта на мече работает
[01:02:08] AETERNAL (6015b02d-f272-4154-8209-5e3b23bbc09c): короче понял, уберу потом его
[01:02:51] SpunkY (76aedc73-2b6e-4e3e-a0ff-4bd75a31ea75): юзаем пока не пофиксили xD
[01:03:03] AETERNAL (6015b02d-f272-4154-8209-5e3b23bbc09c): ну опыт то такое
[01:03:18] SpunkY (76aedc73-2b6e-4e3e-a0ff-4bd75a31ea75): можна ману делать цветками по идее
[01:03:36] SpunkY (76aedc73-2b6e-4e3e-a0ff-4bd75a31ea75): в планах проверить такие моментьі
[01:03:53] IZI (600493b8-728e-473b-b0c0-c1d82609a7a4): Яафк
[01:03:56] SpunkY (76aedc73-2b6e-4e3e-a0ff-4bd75a31ea75): jr
[01:03:58] SpunkY (76aedc73-2b6e-4e3e-a0ff-4bd75a31ea75): jr
[01:04:01] SpunkY (76aedc73-2b6e-4e3e-a0ff-4bd75a31ea75): ok
[01:31:36] SpunkY (76aedc73-2b6e-4e3e-a0ff-4bd75a31ea75): роби шось
[01:32:21] IZI (600493b8-728e-473b-b0c0-c1d82609a7a4): а реально
[01:32:24] IZI (600493b8-728e-473b-b0c0-c1d82609a7a4): це отколи так
[01:32:35] SpunkY (76aedc73-2b6e-4e3e-a0ff-4bd75a31ea75): шо
[01:32:35] IZI (600493b8-728e-473b-b0c0-c1d82609a7a4): стріли які летять в портал Ад
[01:32:41] IZI (600493b8-728e-473b-b0c0-c1d82609a7a4): Залітають туди
[01:32:43] IZI (600493b8-728e-473b-b0c0-c1d82609a7a4): В Ад
[01:34:00] SpunkY (76aedc73-2b6e-4e3e-a0ff-4bd75a31ea75): ого
[01:34:02] SpunkY (76aedc73-2b6e-4e3e-a0ff-4bd75a31ea75): я у воздух
[01:35:16] SpunkY (76aedc73-2b6e-4e3e-a0ff-4bd75a31ea75): лох
[01:37:10] SpunkY (76aedc73-2b6e-4e3e-a0ff-4bd75a31ea75): щя зробим портал до ельфів
[01:37:24] SpunkY (76aedc73-2b6e-4e3e-a0ff-4bd75a31ea75): а нє
[01:37:26] SpunkY (76aedc73-2b6e-4e3e-a0ff-4bd75a31ea75): не зробим
[01:38:15] IZI (600493b8-728e-473b-b0c0-c1d82609a7a4): ті чо урод
[01:38:20] SpunkY (76aedc73-2b6e-4e3e-a0ff-4bd75a31ea75): шо
[01:38:41] IZI (600493b8-728e-473b-b0c0-c1d82609a7a4): а нічо короче нафіг іди
[01:38:45] SpunkY (76aedc73-2b6e-4e3e-a0ff-4bd75a31ea75): ти шо баран
[01:38:48] IZI (600493b8-728e-473b-b0c0-c1d82609a7a4): я ошибся то не ти взяв
[01:39:22] SpunkY (76aedc73-2b6e-4e3e-a0ff-4bd75a31ea75): баран тупо
[01:39:29] IZI (600493b8-728e-473b-b0c0-c1d82609a7a4): сам віноватий
[01:39:45] SpunkY (76aedc73-2b6e-4e3e-a0ff-4bd75a31ea75): я тебе лопну щяс
[01:47:04] SpunkY (76aedc73-2b6e-4e3e-a0ff-4bd75a31ea75): ладно
[01:47:09] SpunkY (76aedc73-2b6e-4e3e-a0ff-4bd75a31ea75): зроблю 1 терасталь
[01:47:11] SpunkY (76aedc73-2b6e-4e3e-a0ff-4bd75a31ea75): і уйду
[01:47:15] IZI (600493b8-728e-473b-b0c0-c1d82609a7a4): ОК
[01:47:42] SpunkY (76aedc73-2b6e-4e3e-a0ff-4bd75a31ea75): а там треба пів басейна?
[01:47:44] SpunkY (76aedc73-2b6e-4e3e-a0ff-4bd75a31ea75): чі скік
[01:51:09] SpunkY (76aedc73-2b6e-4e3e-a0ff-4bd75a31ea75): нє н
[01:51:12] SpunkY (76aedc73-2b6e-4e3e-a0ff-4bd75a31ea75): у
[01:51:17] SpunkY (76aedc73-2b6e-4e3e-a0ff-4bd75a31ea75): мені вобщє умирать не можна
[01:51:32] SpunkY (76aedc73-2b6e-4e3e-a0ff-4bd75a31ea75): щя буде
[01:51:44] SpunkY (76aedc73-2b6e-4e3e-a0ff-4bd75a31ea75): тут проблема в оціх фігнях шо ману передають
[01:52:07] SpunkY (76aedc73-2b6e-4e3e-a0ff-4bd75a31ea75): треба зарядить акумулятор якійсь із терасталі
[01:53:38] SpunkY (76aedc73-2b6e-4e3e-a0ff-4bd75a31ea75): глянь крафти фігонь
[01:53:42] SpunkY (76aedc73-2b6e-4e3e-a0ff-4bd75a31ea75): шо далі
[01:53:43] IZI (600493b8-728e-473b-b0c0-c1d82609a7a4): яких
[01:53:47] SpunkY (76aedc73-2b6e-4e3e-a0ff-4bd75a31ea75): там шось із твайлайта
[01:53:49] SpunkY (76aedc73-2b6e-4e3e-a0ff-4bd75a31ea75): для портала
[01:53:54] SpunkY (76aedc73-2b6e-4e3e-a0ff-4bd75a31ea75): добудь якос
[01:54:14] SpunkY (76aedc73-2b6e-4e3e-a0ff-4bd75a31ea75): оце зарядить ще треба
[01:54:22] SpunkY (76aedc73-2b6e-4e3e-a0ff-4bd75a31ea75): хз чим
[01:54:25] IZI (600493b8-728e-473b-b0c0-c1d82609a7a4): думаю
[01:54:27] SpunkY (76aedc73-2b6e-4e3e-a0ff-4bd75a31ea75): шо ти кидаєш
[01:54:28] IZI (600493b8-728e-473b-b0c0-c1d82609a7a4): в басенн
[01:54:29] IZI (600493b8-728e-473b-b0c0-c1d82609a7a4): може
[01:54:53] SpunkY (76aedc73-2b6e-4e3e-a0ff-4bd75a31ea75): нє
[01:55:00] SpunkY (76aedc73-2b6e-4e3e-a0ff-4bd75a31ea75): енергія походу
[01:55:14] IZI (600493b8-728e-473b-b0c0-c1d82609a7a4): хз
[01:55:18] IZI (600493b8-728e-473b-b0c0-c1d82609a7a4): акумулятор мани ж
[01:56:04] SpunkY (76aedc73-2b6e-4e3e-a0ff-4bd75a31ea75): розберешся
[01:56:07] SpunkY (76aedc73-2b6e-4e3e-a0ff-4bd75a31ea75): я спать
[01:56:13] SpunkY (76aedc73-2b6e-4e3e-a0ff-4bd75a31ea75): зроби все шо треба з твайлайта
[01:56:25] SpunkY (76aedc73-2b6e-4e3e-a0ff-4bd75a31ea75): листок отой треба
[01:56:29] SpunkY (76aedc73-2b6e-4e3e-a0ff-4bd75a31ea75): і заряди якось
[01:56:37] SpunkY (76aedc73-2b6e-4e3e-a0ff-4bd75a31ea75): мо як кристали з аплайта
[01:56:41] SpunkY (76aedc73-2b6e-4e3e-a0ff-4bd75a31ea75): пка
[12:43:23] SpunkY (76aedc73-2b6e-4e3e-a0ff-4bd75a31ea75): А почему у меня просто ищез мечь с инвентаря?
[12:50:41] SpunkY (76aedc73-2b6e-4e3e-a0ff-4bd75a31ea75): Так а ищез то он куда если там замкнутое пространство?
[12:59:14] SpunkY (76aedc73-2b6e-4e3e-a0ff-4bd75a31ea75): Со жнецом уже проходили в аду и свинозомби с молниями xD
[12:59:27] SpunkY (76aedc73-2b6e-4e3e-a0ff-4bd75a31ea75): А тут обиднее, просто ищез по приколу
[12:59:39] SpunkY (76aedc73-2b6e-4e3e-a0ff-4bd75a31ea75): Походу починкой перечинился
[13:00:31] SpunkY (76aedc73-2b6e-4e3e-a0ff-4bd75a31ea75): А жнец можно получить в дефолтной чарке?
[14:00:26] SpunkY (76aedc73-2b6e-4e3e-a0ff-4bd75a31ea75): треба
[14:00:30] SpunkY (76aedc73-2b6e-4e3e-a0ff-4bd75a31ea75): 2 зельєваркі
[14:22:30] SpunkY (76aedc73-2b6e-4e3e-a0ff-4bd75a31ea75): короче треба літать шукать всі дерева
[14:22:39] SpunkY (76aedc73-2b6e-4e3e-a0ff-4bd75a31ea75): фігота не робить
[14:22:51] SpunkY (76aedc73-2b6e-4e3e-a0ff-4bd75a31ea75): я полетів
[15:18:35] SpunkY (76aedc73-2b6e-4e3e-a0ff-4bd75a31ea75): де молоток
[15:18:42] IZI (600493b8-728e-473b-b0c0-c1d82609a7a4): hz
[15:18:42] SpunkY (76aedc73-2b6e-4e3e-a0ff-4bd75a31ea75): шоб робить пластіни
[15:18:56] SpunkY (76aedc73-2b6e-4e3e-a0ff-4bd75a31ea75): ні
[15:18:58] SpunkY (76aedc73-2b6e-4e3e-a0ff-4bd75a31ea75): не цей
[15:19:00] SpunkY (76aedc73-2b6e-4e3e-a0ff-4bd75a31ea75): хамер треба
[15:19:59] SpunkY (76aedc73-2b6e-4e3e-a0ff-4bd75a31ea75): ой
[15:20:00] SpunkY (76aedc73-2b6e-4e3e-a0ff-4bd75a31ea75): вахвзахвзахва
[15:20:07] SpunkY (76aedc73-2b6e-4e3e-a0ff-4bd75a31ea75): я думав тебе витолкаю
[23:36:30] SpunkY (76aedc73-2b6e-4e3e-a0ff-4bd75a31ea75): нє реально
[23:36:35] SpunkY (76aedc73-2b6e-4e3e-a0ff-4bd75a31ea75): якшо нічо робить не будеш
[23:36:41] SpunkY (76aedc73-2b6e-4e3e-a0ff-4bd75a31ea75): то поубивай потвор
[23:36:48] SpunkY (76aedc73-2b6e-4e3e-a0ff-4bd75a31ea75): луком там чи я хз
[23:36:54] SpunkY (76aedc73-2b6e-4e3e-a0ff-4bd75a31ea75): мо я невезучий
[23:37:10] SpunkY (76aedc73-2b6e-4e3e-a0ff-4bd75a31ea75): бо я хочу понять чи пада чи ні
[23:37:24] IZI (600493b8-728e-473b-b0c0-c1d82609a7a4): лука нема
[23:37:31] SpunkY (76aedc73-2b6e-4e3e-a0ff-4bd75a31ea75): ти шо алкаш?
[23:37:58] IZI (600493b8-728e-473b-b0c0-c1d82609a7a4): де портал
[23:38:00] IZI (600493b8-728e-473b-b0c0-c1d82609a7a4): в ліс
