[13:10:08] XBOST (ed244ead-df9a-464f-a48f-28478c7d8db3): я делаю уже ес че
[13:10:21] LaNipge (347d9fd5-d990-49a9-9903-2d39a3b73974): вручную или автокрафт?
[13:10:45] XBOST (ed244ead-df9a-464f-a48f-28478c7d8db3): руками сделал
[13:13:54] XBOST (ed244ead-df9a-464f-a48f-28478c7d8db3): осталось созвездие поймать
[13:14:39] XBOST (ed244ead-df9a-464f-a48f-28478c7d8db3): ты видел вообще вот это?
[13:14:46] XBOST (ed244ead-df9a-464f-a48f-28478c7d8db3): я войну прошел
[13:15:58] XBOST (ed244ead-df9a-464f-a48f-28478c7d8db3): я понял что у нас энергии мало
[13:16:16] XBOST (ed244ead-df9a-464f-a48f-28478c7d8db3): когда начал 8 слитков этих делать
[13:16:30] XBOST (ed244ead-df9a-464f-a48f-28478c7d8db3): аж уснул от ожидания
[13:17:00] XBOST (ed244ead-df9a-464f-a48f-28478c7d8db3): повезло
[13:18:01] XBOST (ed244ead-df9a-464f-a48f-28478c7d8db3): ez
[13:18:25] LaNipge (347d9fd5-d990-49a9-9903-2d39a3b73974): и че даль8ше
[13:18:58] XBOST (ed244ead-df9a-464f-a48f-28478c7d8db3): бля еще не все
[13:19:10] LaNipge (347d9fd5-d990-49a9-9903-2d39a3b73974): че еще
[13:19:36] XBOST (ed244ead-df9a-464f-a48f-28478c7d8db3): надо успеть сделать
[13:22:49] XBOST (ed244ead-df9a-464f-a48f-28478c7d8db3): э
[13:22:59] XBOST (ed244ead-df9a-464f-a48f-28478c7d8db3): на U нажми
[13:23:03] XBOST (ed244ead-df9a-464f-a48f-28478c7d8db3): структуру видишь?
[13:23:05] LaNipge (347d9fd5-d990-49a9-9903-2d39a3b73974): нет
[13:24:43] XBOST (ed244ead-df9a-464f-a48f-28478c7d8db3): отдай
[13:31:43] XBOST (ed244ead-df9a-464f-a48f-28478c7d8db3): тут?
[13:32:10] LaNipge (347d9fd5-d990-49a9-9903-2d39a3b73974): lf
[13:32:17] XBOST (ed244ead-df9a-464f-a48f-28478c7d8db3): у меня 3 карьера
[13:32:21] XBOST (ed244ead-df9a-464f-a48f-28478c7d8db3): я дюпнул их как то
[13:35:35] LaNipge (347d9fd5-d990-49a9-9903-2d39a3b73974): и где ты увидел
[13:35:39] LaNipge (347d9fd5-d990-49a9-9903-2d39a3b73974): структуру
[13:35:46] XBOST (ed244ead-df9a-464f-a48f-28478c7d8db3): по картинкам из дискорда делаю
[13:44:58] XBOST (ed244ead-df9a-464f-a48f-28478c7d8db3): лол а как бочку повернуть
[13:45:17] XBOST (ed244ead-df9a-464f-a48f-28478c7d8db3): она железной хуйню к контролеру должна быть
[13:45:21] LaNipge (347d9fd5-d990-49a9-9903-2d39a3b73974): поставь залупа
[13:45:39] LaNipge (347d9fd5-d990-49a9-9903-2d39a3b73974): переставь контроллер?
[13:48:05] XBOST (ed244ead-df9a-464f-a48f-28478c7d8db3): че с бочкой
[13:48:28] LaNipge (347d9fd5-d990-49a9-9903-2d39a3b73974): возвращай как было, я научился крутить)
[13:48:33] XBOST (ed244ead-df9a-464f-a48f-28478c7d8db3): пох уже
[13:50:26] LaNipge (347d9fd5-d990-49a9-9903-2d39a3b73974): точно все так?
[13:51:10] LaNipge (347d9fd5-d990-49a9-9903-2d39a3b73974): отдай
[13:51:18] XBOST (ed244ead-df9a-464f-a48f-28478c7d8db3): надо чтоб под землю почка смотрела
[13:51:39] XBOST (ed244ead-df9a-464f-a48f-28478c7d8db3): во
[13:51:44] LaNipge (347d9fd5-d990-49a9-9903-2d39a3b73974): я пробовал уже так
[13:52:00] LaNipge (347d9fd5-d990-49a9-9903-2d39a3b73974): чет не так с структурой
[13:52:16] LaNipge (347d9fd5-d990-49a9-9903-2d39a3b73974): дай скрины пж
[13:52:26] XBOST (ed244ead-df9a-464f-a48f-28478c7d8db3): дискорд скачен?
[13:52:46] XBOST (ed244ead-df9a-464f-a48f-28478c7d8db3): лучше ссылку на гайд кину
[13:53:01] [ADVERTISEMENT] XBOST (ed244ead-df9a-464f-a48f-28478c7d8db3): <advertisement>§f
[13:53:04] LaNipge (347d9fd5-d990-49a9-9903-2d39a3b73974): кидай
[13:53:08] XBOST (ed244ead-df9a-464f-a48f-28478c7d8db3): лс вк
[13:54:18] LaNipge (347d9fd5-d990-49a9-9903-2d39a3b73974): в дс скинь, с вк не открывается
[13:57:58] LaNipge (347d9fd5-d990-49a9-9903-2d39a3b73974): кто то писал, когда то что бочку крутим пока не сформируется
[13:58:23] XBOST (ed244ead-df9a-464f-a48f-28478c7d8db3): ну я же так все построил
[14:02:13] XBOST (ed244ead-df9a-464f-a48f-28478c7d8db3): бочку вниз пока сделай
[14:02:21] LaNipge (347d9fd5-d990-49a9-9903-2d39a3b73974): а где реле
[14:02:24] LaNipge (347d9fd5-d990-49a9-9903-2d39a3b73974): че не поставил
[14:02:49] XBOST (ed244ead-df9a-464f-a48f-28478c7d8db3): а лол
[14:02:53] XBOST (ed244ead-df9a-464f-a48f-28478c7d8db3): а где оно должно быть
[14:03:14] XBOST (ed244ead-df9a-464f-a48f-28478c7d8db3): ооо
[14:03:19] XBOST (ed244ead-df9a-464f-a48f-28478c7d8db3): все щас будет
[14:06:04] LaNipge (347d9fd5-d990-49a9-9903-2d39a3b73974): ща чета будет
[14:08:34] LaNipge (347d9fd5-d990-49a9-9903-2d39a3b73974): j
[14:08:43] LaNipge (347d9fd5-d990-49a9-9903-2d39a3b73974): было
[14:08:53] XBOST (ed244ead-df9a-464f-a48f-28478c7d8db3): я видел
[14:08:55] XBOST (ed244ead-df9a-464f-a48f-28478c7d8db3): ща накопится
[14:09:16] LaNipge (347d9fd5-d990-49a9-9903-2d39a3b73974): ему типо ниче не надо?
[14:09:30] XBOST (ed244ead-df9a-464f-a48f-28478c7d8db3): типо ниче не надо
[14:09:48] LaNipge (347d9fd5-d990-49a9-9903-2d39a3b73974): а кристалл можно получше поставить?
[14:10:12] XBOST (ed244ead-df9a-464f-a48f-28478c7d8db3): видимо надо покруче кристалл
[14:10:23] XBOST (ed244ead-df9a-464f-a48f-28478c7d8db3): либо ночь надо
[14:10:27] XBOST (ed244ead-df9a-464f-a48f-28478c7d8db3): щас ночь подождем
[14:10:41] LaNipge (347d9fd5-d990-49a9-9903-2d39a3b73974): а кристалл как то привязан к созвездию?
[14:10:47] XBOST (ed244ead-df9a-464f-a48f-28478c7d8db3): да
[14:11:00] XBOST (ed244ead-df9a-464f-a48f-28478c7d8db3): говорят ночью получше работает
[14:11:00] LaNipge (347d9fd5-d990-49a9-9903-2d39a3b73974): и типо в нужное созвездие он больше производит?
[14:11:54] XBOST (ed244ead-df9a-464f-a48f-28478c7d8db3): говорят еще можно побольше таких кристаллов и быстрее будет
[14:12:10] LaNipge (347d9fd5-d990-49a9-9903-2d39a3b73974): а еще 1-2 можно прям щас сделать?
[14:12:14] XBOST (ed244ead-df9a-464f-a48f-28478c7d8db3): нет
[14:12:37] XBOST (ed244ead-df9a-464f-a48f-28478c7d8db3): надо синие кристаллы выращивать
[14:13:03] XBOST (ed244ead-df9a-464f-a48f-28478c7d8db3): ну пока такое себе ес честно
[14:13:09] XBOST (ed244ead-df9a-464f-a48f-28478c7d8db3): я думал он будет нонстопом ебашить
[14:13:29] XBOST (ed244ead-df9a-464f-a48f-28478c7d8db3): ща ночь дождемся посмотрим
[14:13:30] LaNipge (347d9fd5-d990-49a9-9903-2d39a3b73974): ну это типо первый
[14:13:33] LaNipge (347d9fd5-d990-49a9-9903-2d39a3b73974): медленный
[14:13:42] XBOST (ed244ead-df9a-464f-a48f-28478c7d8db3): маразм типо понял
[14:13:48] XBOST (ed244ead-df9a-464f-a48f-28478c7d8db3): если он ночью пизже работает
[14:13:52] XBOST (ed244ead-df9a-464f-a48f-28478c7d8db3): то ночь нельзя скипать
[14:14:00] XBOST (ed244ead-df9a-464f-a48f-28478c7d8db3): а у нас уже скоро все на панельках основано будет
[14:14:07] XBOST (ed244ead-df9a-464f-a48f-28478c7d8db3): которые днем ток норм работают
[14:15:51] XBOST (ed244ead-df9a-464f-a48f-28478c7d8db3): у меня еще 4 карьера таких есть
[14:15:57] XBOST (ed244ead-df9a-464f-a48f-28478c7d8db3): я хз они сами как то дюпаются
[14:16:38] XBOST (ed244ead-df9a-464f-a48f-28478c7d8db3): 2 золота уже есть
[14:17:46] XBOST (ed244ead-df9a-464f-a48f-28478c7d8db3): побыстрее вроде стал копить
[14:17:52] LaNipge (347d9fd5-d990-49a9-9903-2d39a3b73974): гораздо
[14:17:53] XBOST (ed244ead-df9a-464f-a48f-28478c7d8db3): но не прям так чтобы я ахуела от скорости
[14:18:45] XBOST (ed244ead-df9a-464f-a48f-28478c7d8db3): лан,пойду поем и сделаю еще кристаллов
[14:30:25] XBOST (ed244ead-df9a-464f-a48f-28478c7d8db3): че делаешь
[14:42:37] XBOST (ed244ead-df9a-464f-a48f-28478c7d8db3): че за экзотик майнер э
[14:59:40] XBOST (ed244ead-df9a-464f-a48f-28478c7d8db3): че за майнер то
[14:59:47] LaNipge (347d9fd5-d990-49a9-9903-2d39a3b73974): че
[14:59:51] XBOST (ed244ead-df9a-464f-a48f-28478c7d8db3): у тебя ачивка была какая то
[14:59:55] XBOST (ed244ead-df9a-464f-a48f-28478c7d8db3): экзотик майнер
[15:00:08] LaNipge (347d9fd5-d990-49a9-9903-2d39a3b73974): я не делал ничего
[15:01:47] XBOST (ed244ead-df9a-464f-a48f-28478c7d8db3): 18 золота уже
[15:06:20] XBOST (ed244ead-df9a-464f-a48f-28478c7d8db3): че делаешь
[15:06:28] LaNipge (347d9fd5-d990-49a9-9903-2d39a3b73974): интерфейсы
[15:06:49] LaNipge (347d9fd5-d990-49a9-9903-2d39a3b73974): щас сделаю чан и буду делать ферму зерен бесконечности
[15:10:15] LaNipge (347d9fd5-d990-49a9-9903-2d39a3b73974): баганая хуйня
[15:10:18] LaNipge (347d9fd5-d990-49a9-9903-2d39a3b73974): надоело
[15:10:24] XBOST (ed244ead-df9a-464f-a48f-28478c7d8db3): chto
[15:10:34] LaNipge (347d9fd5-d990-49a9-9903-2d39a3b73974): автокрафт ломается
[15:10:57] XBOST (ed244ead-df9a-464f-a48f-28478c7d8db3): сделай эту хуйню через сундуку
[15:11:01] XBOST (ed244ead-df9a-464f-a48f-28478c7d8db3): рабочая хуйня сто проц
[15:11:11] LaNipge (347d9fd5-d990-49a9-9903-2d39a3b73974): это как
[15:11:20] XBOST (ed244ead-df9a-464f-a48f-28478c7d8db3): хотя не
[15:11:22] XBOST (ed244ead-df9a-464f-a48f-28478c7d8db3): хуйня будет
[15:11:39] LaNipge (347d9fd5-d990-49a9-9903-2d39a3b73974): тут интерферс походу ломается
[15:12:02] XBOST (ed244ead-df9a-464f-a48f-28478c7d8db3): ф
[15:18:31] XBOST (ed244ead-df9a-464f-a48f-28478c7d8db3): отпиздил лоха
[15:18:36] LaNipge (347d9fd5-d990-49a9-9903-2d39a3b73974): не работает
[15:18:39] LaNipge (347d9fd5-d990-49a9-9903-2d39a3b73974): я не знаю че
[15:19:03] LaNipge (347d9fd5-d990-49a9-9903-2d39a3b73974): и че это
[15:19:06] XBOST (ed244ead-df9a-464f-a48f-28478c7d8db3): хз
[15:20:15] LaNipge (347d9fd5-d990-49a9-9903-2d39a3b73974): а я понял
[15:20:17] XBOST (ed244ead-df9a-464f-a48f-28478c7d8db3): че
[15:20:28] LaNipge (347d9fd5-d990-49a9-9903-2d39a3b73974): тут рецепты отличаются
[15:20:34] XBOST (ed244ead-df9a-464f-a48f-28478c7d8db3): )
[15:20:47] XBOST (ed244ead-df9a-464f-a48f-28478c7d8db3): смотри че накопало
[15:21:09] XBOST (ed244ead-df9a-464f-a48f-28478c7d8db3): совзвездие не падает
[15:24:56] XBOST (ed244ead-df9a-464f-a48f-28478c7d8db3): ты заебал каждый терминал по своему настраивать
[15:24:59] XBOST (ed244ead-df9a-464f-a48f-28478c7d8db3): мой правый
[15:25:02] XBOST (ed244ead-df9a-464f-a48f-28478c7d8db3): твой левый
[15:25:11] LaNipge (347d9fd5-d990-49a9-9903-2d39a3b73974): я ниче уже не трогаю
[15:37:03] XBOST (ed244ead-df9a-464f-a48f-28478c7d8db3): и че быстрее стало?
[15:37:17] LaNipge (347d9fd5-d990-49a9-9903-2d39a3b73974): да
[15:37:24] XBOST (ed244ead-df9a-464f-a48f-28478c7d8db3): ща ночь еще ебанет
[15:37:38] LaNipge (347d9fd5-d990-49a9-9903-2d39a3b73974): прям летит
[15:39:38] XBOST (ed244ead-df9a-464f-a48f-28478c7d8db3): оно не успевает забирать
[15:39:43] XBOST (ed244ead-df9a-464f-a48f-28478c7d8db3): за счет этого хуево все
[15:39:54] XBOST (ed244ead-df9a-464f-a48f-28478c7d8db3): трубы побыстрее надо
[15:40:46] XBOST (ed244ead-df9a-464f-a48f-28478c7d8db3): а че с реактором кстати
[15:40:57] LaNipge (347d9fd5-d990-49a9-9903-2d39a3b73974): золота много надо
[15:46:29] LaNipge (347d9fd5-d990-49a9-9903-2d39a3b73974): этой мой терминал
[15:49:50] XBOST (ed244ead-df9a-464f-a48f-28478c7d8db3): 56 золота уже
[15:52:54] LaNipge (347d9fd5-d990-49a9-9903-2d39a3b73974): зерна фарматься
[15:53:01] LaNipge (347d9fd5-d990-49a9-9903-2d39a3b73974): медленно но фармятся
[15:53:32] XBOST (ed244ead-df9a-464f-a48f-28478c7d8db3): нихуя
[15:53:42] XBOST (ed244ead-df9a-464f-a48f-28478c7d8db3): че гений чтоли
[15:53:54] LaNipge (347d9fd5-d990-49a9-9903-2d39a3b73974): ток что 5 было
[15:53:58] LaNipge (347d9fd5-d990-49a9-9903-2d39a3b73974): уже 9
[15:55:00] LaNipge (347d9fd5-d990-49a9-9903-2d39a3b73974): шины импорты круто крафтятся
[15:55:30] XBOST (ed244ead-df9a-464f-a48f-28478c7d8db3): та так то не сложно,если слотов для шаблонов много есть
[15:55:48] LaNipge (347d9fd5-d990-49a9-9903-2d39a3b73974): астрал я так понимаю не автоматизировать
[15:55:55] LaNipge (347d9fd5-d990-49a9-9903-2d39a3b73974): поэтому линзы ручками
[15:56:00] XBOST (ed244ead-df9a-464f-a48f-28478c7d8db3): можно
[15:57:33] LaNipge (347d9fd5-d990-49a9-9903-2d39a3b73974): надо чет с рудами делать
[15:57:55] XBOST (ed244ead-df9a-464f-a48f-28478c7d8db3): я пока что занят
[16:00:05] LaNipge (347d9fd5-d990-49a9-9903-2d39a3b73974): тогда буду реактор сначала делать
[16:08:07] LaNipge (347d9fd5-d990-49a9-9903-2d39a3b73974): а зачем руды дробим, если в индукционной все равно 2 шт из 1 руды делается?
[16:19:10] XBOST (ed244ead-df9a-464f-a48f-28478c7d8db3): помоги
[16:19:16] XBOST (ed244ead-df9a-464f-a48f-28478c7d8db3): я не могу угольный генератор сделать
[16:19:23] XBOST (ed244ead-df9a-464f-a48f-28478c7d8db3): из рфтулс
[16:19:34] XBOST (ed244ead-df9a-464f-a48f-28478c7d8db3): шестеренка ебанная
[16:20:50] LaNipge (347d9fd5-d990-49a9-9903-2d39a3b73974): ситуация
[16:20:58] XBOST (ed244ead-df9a-464f-a48f-28478c7d8db3): че
[16:22:16] XBOST (ed244ead-df9a-464f-a48f-28478c7d8db3): ща приду
[16:22:36] LaNipge (347d9fd5-d990-49a9-9903-2d39a3b73974): хз
[16:27:19] XBOST (ed244ead-df9a-464f-a48f-28478c7d8db3): получилось?
[16:27:25] LaNipge (347d9fd5-d990-49a9-9903-2d39a3b73974): нет
[16:34:08] LaNipge (347d9fd5-d990-49a9-9903-2d39a3b73974): дай палку из ботании
[16:35:34] XBOST (ed244ead-df9a-464f-a48f-28478c7d8db3): че делаешь
[16:35:39] LaNipge (347d9fd5-d990-49a9-9903-2d39a3b73974): реактор
[16:35:52] XBOST (ed244ead-df9a-464f-a48f-28478c7d8db3): знаешь где шестерни чел брал
[16:35:58] XBOST (ed244ead-df9a-464f-a48f-28478c7d8db3): для генератора
[16:36:02] LaNipge (347d9fd5-d990-49a9-9903-2d39a3b73974): в данже?
[16:36:02] XBOST (ed244ead-df9a-464f-a48f-28478c7d8db3): из данжей)
[16:46:29] LaNipge (347d9fd5-d990-49a9-9903-2d39a3b73974): сломай а?
[16:50:29] XBOST (ed244ead-df9a-464f-a48f-28478c7d8db3): почему у нас 70 ведер
[16:50:36] LaNipge (347d9fd5-d990-49a9-9903-2d39a3b73974): чтоб было
[17:11:39] XBOST (ed244ead-df9a-464f-a48f-28478c7d8db3): реактор который будет вырабатывать 200 рф?
[17:11:51] LaNipge (347d9fd5-d990-49a9-9903-2d39a3b73974): хз сколько будет
[17:12:00] LaNipge (347d9fd5-d990-49a9-9903-2d39a3b73974): мы даже такой пока позволить не можем
[17:12:02] XBOST (ed244ead-df9a-464f-a48f-28478c7d8db3): помоему бессмысленную хуйню сделал
[17:12:13] LaNipge (347d9fd5-d990-49a9-9903-2d39a3b73974): варианты?
[17:12:21] LaNipge (347d9fd5-d990-49a9-9903-2d39a3b73974): панекльки с конвертором?
[17:12:26] XBOST (ed244ead-df9a-464f-a48f-28478c7d8db3): его почти всегда максимальным делают
[17:12:36] XBOST (ed244ead-df9a-464f-a48f-28478c7d8db3): потому что маленькие реакторы мало вырабатывают
[17:12:46] XBOST (ed244ead-df9a-464f-a48f-28478c7d8db3): я думал ты именно гигантский делаешь
[17:13:51] LaNipge (347d9fd5-d990-49a9-9903-2d39a3b73974): не хватает золота и вольфрама на большой
[17:16:46] XBOST (ed244ead-df9a-464f-a48f-28478c7d8db3): ку
[17:16:56] XBOST (ed244ead-df9a-464f-a48f-28478c7d8db3): Apt_bolka ты в шахтерском мире живешь?
[17:17:18] Apt_bolka (99791d25-cc6a-40d5-9fab-db8d91e26277): +
[17:17:41] XBOST (ed244ead-df9a-464f-a48f-28478c7d8db3): можешь тпнуть,мне деревни нужны шестеренки полутать,а то в обычном мире все деревни залутаны уже
[17:17:53] Apt_bolka (99791d25-cc6a-40d5-9fab-db8d91e26277): тепайся
[17:18:03] XBOST (ed244ead-df9a-464f-a48f-28478c7d8db3): sps
[17:18:18] XBOST (ed244ead-df9a-464f-a48f-28478c7d8db3): заодно базу чекну
[17:19:00] Apt_bolka (99791d25-cc6a-40d5-9fab-db8d91e26277): что тут чекать скоро пройдём сборку
[17:19:15] XBOST (ed244ead-df9a-464f-a48f-28478c7d8db3): та интересно все равно
[17:19:38] Apt_bolka (99791d25-cc6a-40d5-9fab-db8d91e26277): ой 829к Инфинити слитков
[17:19:43] Apt_bolka (99791d25-cc6a-40d5-9fab-db8d91e26277): забыл отключить вчера
[17:19:54] XBOST (ed244ead-df9a-464f-a48f-28478c7d8db3): лан,я побежалц
[17:19:57] Apt_bolka (99791d25-cc6a-40d5-9fab-db8d91e26277): ок
[17:42:19] Apt_bolka (99791d25-cc6a-40d5-9fab-db8d91e26277): ес чо я дракона воскрешаю
[17:42:26] Apt_bolka (99791d25-cc6a-40d5-9fab-db8d91e26277): кто хочет убьёт я прост дыхание собрать
[18:04:21] XBOST (ed244ead-df9a-464f-a48f-28478c7d8db3): че делаешь
[18:04:36] LaNipge (347d9fd5-d990-49a9-9903-2d39a3b73974): хоть какие то панельки
[18:04:41] LaNipge (347d9fd5-d990-49a9-9903-2d39a3b73974): энергии нет вообще
[18:04:44] XBOST (ed244ead-df9a-464f-a48f-28478c7d8db3): eu ili rf
[18:04:47] LaNipge (347d9fd5-d990-49a9-9903-2d39a3b73974): 2
[18:04:57] XBOST (ed244ead-df9a-464f-a48f-28478c7d8db3): на подгон
[18:05:08] LaNipge (347d9fd5-d990-49a9-9903-2d39a3b73974): хотябы чтоб сборщик поддерживать
[18:05:30] LaNipge (347d9fd5-d990-49a9-9903-2d39a3b73974): блять
[18:05:32] XBOST (ed244ead-df9a-464f-a48f-28478c7d8db3): че
[18:05:42] LaNipge (347d9fd5-d990-49a9-9903-2d39a3b73974): сьел этот торт и 2 инвентарь пропал
[18:05:51] XBOST (ed244ead-df9a-464f-a48f-28478c7d8db3): какой
[18:05:53] XBOST (ed244ead-df9a-464f-a48f-28478c7d8db3): основной?
[18:06:02] LaNipge (347d9fd5-d990-49a9-9903-2d39a3b73974): который открывается
[18:06:12] XBOST (ed244ead-df9a-464f-a48f-28478c7d8db3): не понял нихуя
[18:06:16] XBOST (ed244ead-df9a-464f-a48f-28478c7d8db3): вещи не пропали?
[18:06:21] LaNipge (347d9fd5-d990-49a9-9903-2d39a3b73974): расширитель инвентаря нужен
[18:06:28] LaNipge (347d9fd5-d990-49a9-9903-2d39a3b73974): пропали но не на вечно
[18:11:10] XBOST (ed244ead-df9a-464f-a48f-28478c7d8db3): серебра нету
[18:13:36] XBOST (ed244ead-df9a-464f-a48f-28478c7d8db3): 2 eu/t
[18:13:39] LaNipge (347d9fd5-d990-49a9-9903-2d39a3b73974): выпала
[18:16:33] XBOST (ed244ead-df9a-464f-a48f-28478c7d8db3): серебро надо
[18:17:05] LaNipge (347d9fd5-d990-49a9-9903-2d39a3b73974): копать чтоли
[18:20:05] LaNipge (347d9fd5-d990-49a9-9903-2d39a3b73974): это бред
[18:20:12] LaNipge (347d9fd5-d990-49a9-9903-2d39a3b73974): надо делать панельки из ик
[18:20:17] XBOST (ed244ead-df9a-464f-a48f-28478c7d8db3): зачем
[18:20:22] LaNipge (347d9fd5-d990-49a9-9903-2d39a3b73974): а как
[18:20:28] LaNipge (347d9fd5-d990-49a9-9903-2d39a3b73974): энергии нет
[18:22:59] XBOST (ed244ead-df9a-464f-a48f-28478c7d8db3): отойду
[18:57:37] XBOST (ed244ead-df9a-464f-a48f-28478c7d8db3): скок еще сделать
[18:57:43] XBOST (ed244ead-df9a-464f-a48f-28478c7d8db3): 4 шт хватит?
[19:01:47] LaNipge (347d9fd5-d990-49a9-9903-2d39a3b73974): нуда
[19:16:34] LaNipge (347d9fd5-d990-49a9-9903-2d39a3b73974): как крафтить панельки если там нужны эти шестеренки которые не крафтятся?
[19:17:01] XBOST (ed244ead-df9a-464f-a48f-28478c7d8db3): хз
[19:17:04] XBOST (ed244ead-df9a-464f-a48f-28478c7d8db3): фикса ждать
[19:17:14] XBOST (ed244ead-df9a-464f-a48f-28478c7d8db3): либо другие панельки апать
[19:23:35] XBOST (ed244ead-df9a-464f-a48f-28478c7d8db3): Apt_bolka
[19:23:41] Apt_bolka (99791d25-cc6a-40d5-9fab-db8d91e26277): ?
[19:23:54] XBOST (ed244ead-df9a-464f-a48f-28478c7d8db3): как ты панели крафтишь если там шестерни нужны эти
[19:24:05] Apt_bolka (99791d25-cc6a-40d5-9fab-db8d91e26277): творческий буфер у меня
[19:24:08] Apt_bolka (99791d25-cc6a-40d5-9fab-db8d91e26277): он дюпает ресы
[19:24:12] Apt_bolka (99791d25-cc6a-40d5-9fab-db8d91e26277): и шестерёнки
[19:24:18] Apt_bolka (99791d25-cc6a-40d5-9fab-db8d91e26277): а так искал
[19:24:37] XBOST (ed244ead-df9a-464f-a48f-28478c7d8db3): пон
[19:24:48] Apt_bolka (99791d25-cc6a-40d5-9fab-db8d91e26277): вам дать шестерёнок?
[19:24:57] XBOST (ed244ead-df9a-464f-a48f-28478c7d8db3): было б неплохо
[19:24:59] Apt_bolka (99791d25-cc6a-40d5-9fab-db8d91e26277): ок щя
[19:27:31] Apt_bolka (99791d25-cc6a-40d5-9fab-db8d91e26277): думаю на время хватит
[19:27:40] Apt_bolka (99791d25-cc6a-40d5-9fab-db8d91e26277): я кинул около мэ
[19:27:47] Apt_bolka (99791d25-cc6a-40d5-9fab-db8d91e26277): твой друг или мэ притянула
[19:27:57] XBOST (ed244ead-df9a-464f-a48f-28478c7d8db3): спасибо
[19:28:00] Apt_bolka (99791d25-cc6a-40d5-9fab-db8d91e26277): угу
[19:29:23] Apt_bolka (99791d25-cc6a-40d5-9fab-db8d91e26277): хотите подарок
[19:29:32] Apt_bolka (99791d25-cc6a-40d5-9fab-db8d91e26277): небольшой
[19:29:37] XBOST (ed244ead-df9a-464f-a48f-28478c7d8db3): только если он не имбовый
[19:30:02] XBOST (ed244ead-df9a-464f-a48f-28478c7d8db3): спасибо
[19:31:08] Apt_bolka (99791d25-cc6a-40d5-9fab-db8d91e26277): прикол в том что мы не пользовались этим карьером за всё выживание
[19:31:27] XBOST (ed244ead-df9a-464f-a48f-28478c7d8db3): а мы решили попользоваться
[19:31:41] Apt_bolka (99791d25-cc6a-40d5-9fab-db8d91e26277): выглядит красиво
[19:35:55] Apt_bolka (99791d25-cc6a-40d5-9fab-db8d91e26277): я жду повера для блоков
[19:36:05] Apt_bolka (99791d25-cc6a-40d5-9fab-db8d91e26277): вот зашол за вами понаблюдать
[19:36:08] Apt_bolka (99791d25-cc6a-40d5-9fab-db8d91e26277): не мешаю?
[19:36:10] XBOST (ed244ead-df9a-464f-a48f-28478c7d8db3): не
[19:36:35] Apt_bolka (99791d25-cc6a-40d5-9fab-db8d91e26277): может вам панельку подарить
[19:36:38] Apt_bolka (99791d25-cc6a-40d5-9fab-db8d91e26277): а то скорость нема
[19:36:38] XBOST (ed244ead-df9a-464f-a48f-28478c7d8db3): не
[19:36:45] Apt_bolka (99791d25-cc6a-40d5-9fab-db8d91e26277): ок
[19:36:45] XBOST (ed244ead-df9a-464f-a48f-28478c7d8db3): не интересно будет
[19:37:13] Apt_bolka (99791d25-cc6a-40d5-9fab-db8d91e26277): Сделайте время в бутылке
[19:37:19] Apt_bolka (99791d25-cc6a-40d5-9fab-db8d91e26277): имба вещь
[19:37:20] XBOST (ed244ead-df9a-464f-a48f-28478c7d8db3): уже есть
[19:37:26] XBOST (ed244ead-df9a-464f-a48f-28478c7d8db3): 30 часов в ней
[19:37:28] Apt_bolka (99791d25-cc6a-40d5-9fab-db8d91e26277): ускорь мольку)
[19:37:33] XBOST (ed244ead-df9a-464f-a48f-28478c7d8db3): та а смысл
[19:37:35] XBOST (ed244ead-df9a-464f-a48f-28478c7d8db3): энергии нету
[19:37:40] Apt_bolka (99791d25-cc6a-40d5-9fab-db8d91e26277): ускорь панельки)
[19:37:43] Apt_bolka (99791d25-cc6a-40d5-9fab-db8d91e26277): пхпхп
[19:38:02] XBOST (ed244ead-df9a-464f-a48f-28478c7d8db3): тут провода решают вообще?
[19:38:05] Apt_bolka (99791d25-cc6a-40d5-9fab-db8d91e26277): -
[19:38:08] Apt_bolka (99791d25-cc6a-40d5-9fab-db8d91e26277): не решают
[19:38:14] Apt_bolka (99791d25-cc6a-40d5-9fab-db8d91e26277): мы всю базу Медными питаем
[19:38:21] XBOST (ed244ead-df9a-464f-a48f-28478c7d8db3): понял
[19:39:18] Apt_bolka (99791d25-cc6a-40d5-9fab-db8d91e26277): давайте я вам накину вещей из моих мешочков если что то имбовое выкинете
[19:39:26] Apt_bolka (99791d25-cc6a-40d5-9fab-db8d91e26277): а то у меня мешочек забит
[19:40:01] Apt_bolka (99791d25-cc6a-40d5-9fab-db8d91e26277): всё
[19:40:32] XBOST (ed244ead-df9a-464f-a48f-28478c7d8db3): ну спасибо
[19:40:42] Apt_bolka (99791d25-cc6a-40d5-9fab-db8d91e26277): д пожалуйста
[19:40:44] Apt_bolka (99791d25-cc6a-40d5-9fab-db8d91e26277): )
[19:45:32] Apt_bolka (99791d25-cc6a-40d5-9fab-db8d91e26277): ура
[19:46:10] Apt_bolka (99791d25-cc6a-40d5-9fab-db8d91e26277): мне заказать Дк Сингу или ты на своём протестиш?
[19:46:18] Apt_bolka (99791d25-cc6a-40d5-9fab-db8d91e26277): и ты в ванише если что
[19:46:21] Apt_bolka (99791d25-cc6a-40d5-9fab-db8d91e26277): не вижу
[19:50:46] Apt_bolka (99791d25-cc6a-40d5-9fab-db8d91e26277): Аптечка выдай Заряженные драк блоки
[19:50:50] Apt_bolka (99791d25-cc6a-40d5-9fab-db8d91e26277): а то они не делаются
[19:50:58] Apt_bolka (99791d25-cc6a-40d5-9fab-db8d91e26277): а они нужны для крафта души дракона
[19:52:23] XBOST (ed244ead-df9a-464f-a48f-28478c7d8db3): ну да крутой
[19:52:34] LaNipge (347d9fd5-d990-49a9-9903-2d39a3b73974): и че делат
[19:53:38] AETERNAL (6015b02d-f272-4154-8209-5e3b23bbc09c): не вижу чё он там вам давал, но это вот, это что?
[19:53:47] XBOST (ed244ead-df9a-464f-a48f-28478c7d8db3): шестеренки
[19:54:01] AETERNAL (6015b02d-f272-4154-8209-5e3b23bbc09c): я о сундуке
[19:54:20] XBOST (ed244ead-df9a-464f-a48f-28478c7d8db3): ну вот такой сундук
[19:54:28] AETERNAL (6015b02d-f272-4154-8209-5e3b23bbc09c): да ладно
[19:54:31] LaNipge (347d9fd5-d990-49a9-9903-2d39a3b73974): только шестеренки не более
[19:54:33] AETERNAL (6015b02d-f272-4154-8209-5e3b23bbc09c): а я думал сова
[19:54:49] XBOST (ed244ead-df9a-464f-a48f-28478c7d8db3): ща шестеренки выложим
[19:54:49] AETERNAL (6015b02d-f272-4154-8209-5e3b23bbc09c): окей, как сундук делали
[19:54:53] AETERNAL (6015b02d-f272-4154-8209-5e3b23bbc09c): ребятки
[19:54:56] XBOST (ed244ead-df9a-464f-a48f-28478c7d8db3): и можешь забрать его
[19:55:48] XBOST (ed244ead-df9a-464f-a48f-28478c7d8db3): все,забирай
[19:56:09] Apt_bolka (99791d25-cc6a-40d5-9fab-db8d91e26277): Жду до сих пор блоки
[19:56:17] Apt_bolka (99791d25-cc6a-40d5-9fab-db8d91e26277): о и повер)
[19:56:34] AETERNAL (6015b02d-f272-4154-8209-5e3b23bbc09c): отвечать будет кто-то, нет?
[19:56:45] XBOST (ed244ead-df9a-464f-a48f-28478c7d8db3): ты сам все знаешь
[19:56:53] XBOST (ed244ead-df9a-464f-a48f-28478c7d8db3): он дал нам шестеренки в этом сундуке
[19:57:12] Apt_bolka (99791d25-cc6a-40d5-9fab-db8d91e26277): выдай хаос сет и ебанные блоки
[19:58:09] Apt_bolka (99791d25-cc6a-40d5-9fab-db8d91e26277): выдай хаос сет и ебанные блоки
[19:58:13] Stxywxthme (6ce0cde9-8c92-4c66-96ad-6bffb9dfc01b): ща
[19:58:15] Apt_bolka (99791d25-cc6a-40d5-9fab-db8d91e26277): jr
[19:58:17] Apt_bolka (99791d25-cc6a-40d5-9fab-db8d91e26277): ок
[20:03:05] XBOST (ed244ead-df9a-464f-a48f-28478c7d8db3): где посох мой
[20:03:07] XBOST (ed244ead-df9a-464f-a48f-28478c7d8db3): из ботании
[20:03:13] LaNipge (347d9fd5-d990-49a9-9903-2d39a3b73974): d vt
[20:03:15] LaNipge (347d9fd5-d990-49a9-9903-2d39a3b73974): в ме
[20:05:51] Stxywxthme (6ce0cde9-8c92-4c66-96ad-6bffb9dfc01b): ну ладно
[20:07:21] Apt_bolka (99791d25-cc6a-40d5-9fab-db8d91e26277): а хаос сет что думаеш?
[20:07:26] Stxywxthme (6ce0cde9-8c92-4c66-96ad-6bffb9dfc01b): думаю
[20:07:37] Apt_bolka (99791d25-cc6a-40d5-9fab-db8d91e26277): сидеть делать 10к эсенции(?
[20:07:44] Apt_bolka (99791d25-cc6a-40d5-9fab-db8d91e26277): даже не просто делать а ещё и смешивать
[20:07:49] Apt_bolka (99791d25-cc6a-40d5-9fab-db8d91e26277): а это милиард лет
[20:08:37] Stxywxthme (6ce0cde9-8c92-4c66-96ad-6bffb9dfc01b): Хммм
[20:09:06] Apt_bolka (99791d25-cc6a-40d5-9fab-db8d91e26277): ну чисто хаос посох и бронь
[20:10:40] Stxywxthme (6ce0cde9-8c92-4c66-96ad-6bffb9dfc01b): я думаю вполне можно сделать хаос сет
[20:10:50] Apt_bolka (99791d25-cc6a-40d5-9fab-db8d91e26277): ну блять
[20:11:04] Apt_bolka (99791d25-cc6a-40d5-9fab-db8d91e26277): Всё равно таум будут убирать(
[20:13:55] Apt_bolka (99791d25-cc6a-40d5-9fab-db8d91e26277): я уже хотел отчаиватся идти делать ячейки эсенции
[20:14:05] Stxywxthme (6ce0cde9-8c92-4c66-96ad-6bffb9dfc01b): ну сделал бы
[20:14:28] Apt_bolka (99791d25-cc6a-40d5-9fab-db8d91e26277): ну Просто там гемор со скоростью будет чтоб эсенцию на все крафты накопить
[20:14:35] Apt_bolka (99791d25-cc6a-40d5-9fab-db8d91e26277): потом сидеть стабилизировать это всё
[20:14:39] Stxywxthme (6ce0cde9-8c92-4c66-96ad-6bffb9dfc01b): на улучши
[20:15:43] Stxywxthme (6ce0cde9-8c92-4c66-96ad-6bffb9dfc01b): где буферы?
[20:15:48] Apt_bolka (99791d25-cc6a-40d5-9fab-db8d91e26277): ам
[20:15:52] Apt_bolka (99791d25-cc6a-40d5-9fab-db8d91e26277): Блять аптечка
[20:15:56] Apt_bolka (99791d25-cc6a-40d5-9fab-db8d91e26277): я его в рот ебал
[20:15:59] Stxywxthme (6ce0cde9-8c92-4c66-96ad-6bffb9dfc01b): сделай новый
[20:15:59] Apt_bolka (99791d25-cc6a-40d5-9fab-db8d91e26277): какого хуя
[20:16:17] Stxywxthme (6ce0cde9-8c92-4c66-96ad-6bffb9dfc01b): он не сложно делается
[20:16:20] Apt_bolka (99791d25-cc6a-40d5-9fab-db8d91e26277): бля лучше возьми потому что это пиздец
[20:16:25] Stxywxthme (6ce0cde9-8c92-4c66-96ad-6bffb9dfc01b): нет
[20:16:28] Apt_bolka (99791d25-cc6a-40d5-9fab-db8d91e26277): Какого хуя он вопше забирает
[20:16:46] Apt_bolka (99791d25-cc6a-40d5-9fab-db8d91e26277): ладно щяс сделаем
[20:16:49] Stxywxthme (6ce0cde9-8c92-4c66-96ad-6bffb9dfc01b): ему не нравится видимо
[20:16:54] Stxywxthme (6ce0cde9-8c92-4c66-96ad-6bffb9dfc01b): ¯\_(ツ)_/¯
[20:16:59] Apt_bolka (99791d25-cc6a-40d5-9fab-db8d91e26277): так бл а что нас то трогать
[20:17:03] AETERNAL (6015b02d-f272-4154-8209-5e3b23bbc09c): я бы на твоём месте не стал этого делать
[20:17:04] Apt_bolka (99791d25-cc6a-40d5-9fab-db8d91e26277): пусть идёт крафт меняет
[20:17:09] Apt_bolka (99791d25-cc6a-40d5-9fab-db8d91e26277): чел анрил
[20:17:13] Apt_bolka (99791d25-cc6a-40d5-9fab-db8d91e26277): что поменяется?
[20:17:31] AETERNAL (6015b02d-f272-4154-8209-5e3b23bbc09c): это не оправдание
[20:17:39] Apt_bolka (99791d25-cc6a-40d5-9fab-db8d91e26277): Какое нах опровдание
[20:17:43] Stxywxthme (6ce0cde9-8c92-4c66-96ad-6bffb9dfc01b): по дюпали и хватит
[20:17:45] Apt_bolka (99791d25-cc6a-40d5-9fab-db8d91e26277): Ты сам Пропустил то что он дюпает
[20:17:49] Apt_bolka (99791d25-cc6a-40d5-9fab-db8d91e26277): легально
[20:17:57] Apt_bolka (99791d25-cc6a-40d5-9fab-db8d91e26277): и забираеш
[20:17:59] Apt_bolka (99791d25-cc6a-40d5-9fab-db8d91e26277): без оснований
[20:18:06] AETERNAL (6015b02d-f272-4154-8209-5e3b23bbc09c): вот я тебе сейчас говорю, что отныне будет так
[20:18:14] Apt_bolka (99791d25-cc6a-40d5-9fab-db8d91e26277): ладно..
[20:18:19] AETERNAL (6015b02d-f272-4154-8209-5e3b23bbc09c): то что было меня не интересует
[20:18:28] Apt_bolka (99791d25-cc6a-40d5-9fab-db8d91e26277): ладно ладно
[20:20:24] Stxywxthme (6ce0cde9-8c92-4c66-96ad-6bffb9dfc01b): надо делать легендарный спавнер
[20:20:33] Stxywxthme (6ce0cde9-8c92-4c66-96ad-6bffb9dfc01b): и нейтронную мольку
[20:22:00] LaNipge (347d9fd5-d990-49a9-9903-2d39a3b73974): какой пидарас снизу воды закрыл
[20:22:07] XBOST (ed244ead-df9a-464f-a48f-28478c7d8db3): хз
[20:22:07] Stxywxthme (6ce0cde9-8c92-4c66-96ad-6bffb9dfc01b): надо бы пойти во все измерения дивана
[20:22:16] Stxywxthme (6ce0cde9-8c92-4c66-96ad-6bffb9dfc01b): и подолбить там боссов
[20:22:28] Stxywxthme (6ce0cde9-8c92-4c66-96ad-6bffb9dfc01b): крафты
[20:22:40] Stxywxthme (6ce0cde9-8c92-4c66-96ad-6bffb9dfc01b): ясно же
[20:22:45] LaNipge (347d9fd5-d990-49a9-9903-2d39a3b73974): как панельки делать
[20:22:47] XBOST (ed244ead-df9a-464f-a48f-28478c7d8db3): говорят книга forge
[20:22:49] Apt_bolka (99791d25-cc6a-40d5-9fab-db8d91e26277): угу.
[20:22:51] XBOST (ed244ead-df9a-464f-a48f-28478c7d8db3): через нее пластины
[20:22:54] Stxywxthme (6ce0cde9-8c92-4c66-96ad-6bffb9dfc01b): думаю другие вещи тоже поправит
[20:32:00] Apt_bolka (99791d25-cc6a-40d5-9fab-db8d91e26277): Аптечка на сервере?
[20:32:07] Stxywxthme (6ce0cde9-8c92-4c66-96ad-6bffb9dfc01b): нет вроде
[20:32:30] Apt_bolka (99791d25-cc6a-40d5-9fab-db8d91e26277): мммммммммм
[20:32:36] Stxywxthme (6ce0cde9-8c92-4c66-96ad-6bffb9dfc01b): ?
[20:32:38] Apt_bolka (99791d25-cc6a-40d5-9fab-db8d91e26277): Он инфинити бронь спиздил
[20:32:43] Apt_bolka (99791d25-cc6a-40d5-9fab-db8d91e26277): и не только
[20:32:59] Stxywxthme (6ce0cde9-8c92-4c66-96ad-6bffb9dfc01b): я ща
[20:33:13] Apt_bolka (99791d25-cc6a-40d5-9fab-db8d91e26277): выдай назад а то ну это пзд
[20:33:19] Apt_bolka (99791d25-cc6a-40d5-9fab-db8d91e26277): сделал же я её по честному
[20:33:20] Stxywxthme (6ce0cde9-8c92-4c66-96ad-6bffb9dfc01b): не уже
[20:33:44] Apt_bolka (99791d25-cc6a-40d5-9fab-db8d91e26277): пхпхп он ему даже крафт не удалял
[20:33:49] Stxywxthme (6ce0cde9-8c92-4c66-96ad-6bffb9dfc01b): удалил
[20:33:55] Stxywxthme (6ce0cde9-8c92-4c66-96ad-6bffb9dfc01b): нам не видно
[20:33:56] Apt_bolka (99791d25-cc6a-40d5-9fab-db8d91e26277): разве?
[20:34:04] Apt_bolka (99791d25-cc6a-40d5-9fab-db8d91e26277): у меня остался
[20:34:05] Stxywxthme (6ce0cde9-8c92-4c66-96ad-6bffb9dfc01b): после перезапуска клиента
[20:34:08] Apt_bolka (99791d25-cc6a-40d5-9fab-db8d91e26277): а
[20:34:09] Apt_bolka (99791d25-cc6a-40d5-9fab-db8d91e26277): пон
[20:34:31] Stxywxthme (6ce0cde9-8c92-4c66-96ad-6bffb9dfc01b): хах
[20:35:02] Stxywxthme (6ce0cde9-8c92-4c66-96ad-6bffb9dfc01b): пусть стоит
[20:35:20] Apt_bolka (99791d25-cc6a-40d5-9fab-db8d91e26277): бл я сидел радовался
[20:37:16] Apt_bolka (99791d25-cc6a-40d5-9fab-db8d91e26277): хотя бы хаос броне поменял бы
[20:37:36] Apt_bolka (99791d25-cc6a-40d5-9fab-db8d91e26277): Ладно сидеть щяс Делать ячейки
[20:37:40] Apt_bolka (99791d25-cc6a-40d5-9fab-db8d91e26277): на эсенции
[20:37:50] XBOST (ed244ead-df9a-464f-a48f-28478c7d8db3): че делаешь
[20:37:55] LaNipge (347d9fd5-d990-49a9-9903-2d39a3b73974): панельки
[20:37:57] Stxywxthme (6ce0cde9-8c92-4c66-96ad-6bffb9dfc01b): сделай отдельный накопитель
[20:38:01] Stxywxthme (6ce0cde9-8c92-4c66-96ad-6bffb9dfc01b): для эссенции
[20:38:41] Stxywxthme (6ce0cde9-8c92-4c66-96ad-6bffb9dfc01b): хммм
[20:39:45] Stxywxthme (6ce0cde9-8c92-4c66-96ad-6bffb9dfc01b): вот крч
[20:40:13] Stxywxthme (6ce0cde9-8c92-4c66-96ad-6bffb9dfc01b): бутылки со временем у тебя?
[20:40:21] Apt_bolka (99791d25-cc6a-40d5-9fab-db8d91e26277): -
[20:41:45] Stxywxthme (6ce0cde9-8c92-4c66-96ad-6bffb9dfc01b): натыкай кучу стабилизаторов
[20:42:01] Stxywxthme (6ce0cde9-8c92-4c66-96ad-6bffb9dfc01b): мб 10 штук хватит
[20:42:36] Apt_bolka (99791d25-cc6a-40d5-9fab-db8d91e26277): для Стабилизаторов надо 1 потому что если ты больше ставить будеш они смысла не дают
[20:42:48] Apt_bolka (99791d25-cc6a-40d5-9fab-db8d91e26277): там надо строить Мега огромную матрицу
[20:42:55] Apt_bolka (99791d25-cc6a-40d5-9fab-db8d91e26277): и делать на ней свечки черепа
[20:42:58] Apt_bolka (99791d25-cc6a-40d5-9fab-db8d91e26277): и т.д
[20:43:07] Stxywxthme (6ce0cde9-8c92-4c66-96ad-6bffb9dfc01b): я думал каждый стабилизатор дает 1 стабильности
[20:43:13] Apt_bolka (99791d25-cc6a-40d5-9fab-db8d91e26277): нет
[20:43:37] Stxywxthme (6ce0cde9-8c92-4c66-96ad-6bffb9dfc01b): надо сделать плавильню из мифинита
[20:44:09] Apt_bolka (99791d25-cc6a-40d5-9fab-db8d91e26277): надо сделать таких дахрена
[20:56:43] LaNipge (347d9fd5-d990-49a9-9903-2d39a3b73974): серебра не хватает очень
[20:56:52] XBOST (ed244ead-df9a-464f-a48f-28478c7d8db3): эта хуйня не копает его почти
[21:04:10] XBOST (ed244ead-df9a-464f-a48f-28478c7d8db3): фулл
[21:06:50] XBOST (ed244ead-df9a-464f-a48f-28478c7d8db3): книгу скрафтил?
[21:06:54] LaNipge (347d9fd5-d990-49a9-9903-2d39a3b73974): ДА
[21:06:54] XBOST (ed244ead-df9a-464f-a48f-28478c7d8db3): форд
[21:06:56] XBOST (ed244ead-df9a-464f-a48f-28478c7d8db3): и че робит
[21:07:00] LaNipge (347d9fd5-d990-49a9-9903-2d39a3b73974): да
[21:07:05] XBOST (ed244ead-df9a-464f-a48f-28478c7d8db3): ты рад?
[21:07:16] LaNipge (347d9fd5-d990-49a9-9903-2d39a3b73974): немного
[21:07:22] LaNipge (347d9fd5-d990-49a9-9903-2d39a3b73974): серебра бы
[21:09:23] XBOST (ed244ead-df9a-464f-a48f-28478c7d8db3): арбуз не растет
[21:09:57] XBOST (ed244ead-df9a-464f-a48f-28478c7d8db3): аа
[21:09:59] XBOST (ed244ead-df9a-464f-a48f-28478c7d8db3): я знаю
[21:10:38] XBOST (ed244ead-df9a-464f-a48f-28478c7d8db3): где
[21:10:44] LaNipge (347d9fd5-d990-49a9-9903-2d39a3b73974): вырастет
[21:10:54] XBOST (ed244ead-df9a-464f-a48f-28478c7d8db3): так я сломал арбуз
[21:22:30] XBOST (ed244ead-df9a-464f-a48f-28478c7d8db3): там фулл было
[21:22:42] XBOST (ed244ead-df9a-464f-a48f-28478c7d8db3): сука
[21:22:44] XBOST (ed244ead-df9a-464f-a48f-28478c7d8db3): какое хуя
[21:22:48] XBOST (ed244ead-df9a-464f-a48f-28478c7d8db3): ае на поиске стоит
[21:22:50] XBOST (ed244ead-df9a-464f-a48f-28478c7d8db3): а?
[21:22:51] XBOST (ed244ead-df9a-464f-a48f-28478c7d8db3): ?
[21:23:01] LaNipge (347d9fd5-d990-49a9-9903-2d39a3b73974): мой левый сам сказал
[21:23:13] XBOST (ed244ead-df9a-464f-a48f-28478c7d8db3): а почему в правом ае поиск стоит
[21:23:17] LaNipge (347d9fd5-d990-49a9-9903-2d39a3b73974): проблемы?
[21:23:29] LaNipge (347d9fd5-d990-49a9-9903-2d39a3b73974): дефолт же
[21:23:37] XBOST (ed244ead-df9a-464f-a48f-28478c7d8db3): я поменял уже потому что
[21:23:42] LaNipge (347d9fd5-d990-49a9-9903-2d39a3b73974): я не трогал
[21:35:40] XBOST (ed244ead-df9a-464f-a48f-28478c7d8db3): ахуеть
[21:35:41] XBOST (ed244ead-df9a-464f-a48f-28478c7d8db3): вау
[21:36:11] XBOST (ed244ead-df9a-464f-a48f-28478c7d8db3): ахахахахахаха
[21:36:14] XBOST (ed244ead-df9a-464f-a48f-28478c7d8db3): смотри че выпало
[21:36:27] LaNipge (347d9fd5-d990-49a9-9903-2d39a3b73974): че это
[21:36:29] XBOST (ed244ead-df9a-464f-a48f-28478c7d8db3): это даже не из того лут честа
[21:36:32] XBOST (ed244ead-df9a-464f-a48f-28478c7d8db3): нано кирка
[21:36:44] XBOST (ed244ead-df9a-464f-a48f-28478c7d8db3): оо
[21:36:47] XBOST (ed244ead-df9a-464f-a48f-28478c7d8db3): биг холес
[21:36:50] XBOST (ed244ead-df9a-464f-a48f-28478c7d8db3): го чекнем
[21:37:16] XBOST (ed244ead-df9a-464f-a48f-28478c7d8db3): хуета
[21:37:36] XBOST (ed244ead-df9a-464f-a48f-28478c7d8db3): 1
[21:37:37] XBOST (ed244ead-df9a-464f-a48f-28478c7d8db3): 2
[21:37:38] XBOST (ed244ead-df9a-464f-a48f-28478c7d8db3): 3
[21:37:50] LaNipge (347d9fd5-d990-49a9-9903-2d39a3b73974): ахаха
[21:38:15] XBOST (ed244ead-df9a-464f-a48f-28478c7d8db3): бесполезная хуйня для нас
[21:40:45] XBOST (ed244ead-df9a-464f-a48f-28478c7d8db3): как это работает
[21:40:47] XBOST (ed244ead-df9a-464f-a48f-28478c7d8db3): ты знаешь?
[21:41:35] LaNipge (347d9fd5-d990-49a9-9903-2d39a3b73974): залинкуй их
[21:41:51] LaNipge (347d9fd5-d990-49a9-9903-2d39a3b73974): дай
[21:42:57] XBOST (ed244ead-df9a-464f-a48f-28478c7d8db3): ooo
[21:43:24] LaNipge (347d9fd5-d990-49a9-9903-2d39a3b73974): лагать же будет
[21:44:22] XBOST (ed244ead-df9a-464f-a48f-28478c7d8db3): не будет
[21:44:23] XBOST (ed244ead-df9a-464f-a48f-28478c7d8db3): я гений
[21:44:42] LaNipge (347d9fd5-d990-49a9-9903-2d39a3b73974): еще б энергия была
[21:44:51] XBOST (ed244ead-df9a-464f-a48f-28478c7d8db3): а хули она не дает
[21:45:53] LaNipge (347d9fd5-d990-49a9-9903-2d39a3b73974): баганая хуита
[21:46:52] XBOST (ed244ead-df9a-464f-a48f-28478c7d8db3): дай кабеля
[22:09:10] LaNipge (347d9fd5-d990-49a9-9903-2d39a3b73974): отпиздили
[22:09:15] XBOST (ed244ead-df9a-464f-a48f-28478c7d8db3): кто
[22:09:35] LaNipge (347d9fd5-d990-49a9-9903-2d39a3b73974): босс
[22:09:39] XBOST (ed244ead-df9a-464f-a48f-28478c7d8db3): какой
[22:12:42] XBOST (ed244ead-df9a-464f-a48f-28478c7d8db3): куда бежишь то
[22:12:49] LaNipge (347d9fd5-d990-49a9-9903-2d39a3b73974): за вещами
[22:13:05] LaNipge (347d9fd5-d990-49a9-9903-2d39a3b73974): дай еды
[22:15:42] XBOST (ed244ead-df9a-464f-a48f-28478c7d8db3): че делать
[22:15:53] LaNipge (347d9fd5-d990-49a9-9903-2d39a3b73974): серебро копал
[22:16:09] XBOST (ed244ead-df9a-464f-a48f-28478c7d8db3): не бьет
[22:16:15] LaNipge (347d9fd5-d990-49a9-9903-2d39a3b73974): отойди
[22:17:31] LaNipge (347d9fd5-d990-49a9-9903-2d39a3b73974): не работает
[22:17:43] XBOST (ed244ead-df9a-464f-a48f-28478c7d8db3): там сундук фул
[22:18:38] XBOST (ed244ead-df9a-464f-a48f-28478c7d8db3): механикал юзер выручает
[22:26:45] XBOST (ed244ead-df9a-464f-a48f-28478c7d8db3): где светопыль
[22:26:53] LaNipge (347d9fd5-d990-49a9-9903-2d39a3b73974): в аду
[22:27:01] XBOST (ed244ead-df9a-464f-a48f-28478c7d8db3): ну нет
[22:27:06] XBOST (ed244ead-df9a-464f-a48f-28478c7d8db3): там нету
[22:35:28] LaNipge (347d9fd5-d990-49a9-9903-2d39a3b73974): светопыли нет
[22:35:31] LaNipge (347d9fd5-d990-49a9-9903-2d39a3b73974): накопай
[22:35:37] XBOST (ed244ead-df9a-464f-a48f-28478c7d8db3): не могу
[22:40:32] XBOST (ed244ead-df9a-464f-a48f-28478c7d8db3): че когда у нас 100к еу будет
[22:40:43] LaNipge (347d9fd5-d990-49a9-9903-2d39a3b73974): никогда
[22:40:47] XBOST (ed244ead-df9a-464f-a48f-28478c7d8db3): почему?
[22:40:50] LaNipge (347d9fd5-d990-49a9-9903-2d39a3b73974): если ты светопыли не накопаешь
[22:42:44] LaNipge (347d9fd5-d990-49a9-9903-2d39a3b73974): где каталик стоит
[22:42:49] XBOST (ed244ead-df9a-464f-a48f-28478c7d8db3): я сломал его
[22:42:53] LaNipge (347d9fd5-d990-49a9-9903-2d39a3b73974): поставь
[22:42:54] XBOST (ed244ead-df9a-464f-a48f-28478c7d8db3): в мэ
[22:42:54] LaNipge (347d9fd5-d990-49a9-9903-2d39a3b73974): пж
[22:52:17] LaNipge (347d9fd5-d990-49a9-9903-2d39a3b73974): там помоему дракона реснули
[23:20:52] LaNipge (347d9fd5-d990-49a9-9903-2d39a3b73974): есть уже такой
[23:20:53] LaNipge (347d9fd5-d990-49a9-9903-2d39a3b73974): крафт
[23:20:58] LaNipge (347d9fd5-d990-49a9-9903-2d39a3b73974): клоун
[23:21:03] XBOST (ed244ead-df9a-464f-a48f-28478c7d8db3): какой
[23:21:45] LaNipge (347d9fd5-d990-49a9-9903-2d39a3b73974): какой же ты клоун
[23:21:49] XBOST (ed244ead-df9a-464f-a48f-28478c7d8db3): че
[23:21:50] LaNipge (347d9fd5-d990-49a9-9903-2d39a3b73974): наделал лишнего
[23:22:02] XBOST (ed244ead-df9a-464f-a48f-28478c7d8db3): пох
[23:27:17] XBOST (ed244ead-df9a-464f-a48f-28478c7d8db3): помоги
[23:34:42] XBOST (ed244ead-df9a-464f-a48f-28478c7d8db3): ебать там крафт
[23:35:25] LaNipge (347d9fd5-d990-49a9-9903-2d39a3b73974): крафт пластин из истинного переделай
[23:35:33] LaNipge (347d9fd5-d990-49a9-9903-2d39a3b73974): по 10 за раз чтоб подавало
[23:42:22] XBOST (ed244ead-df9a-464f-a48f-28478c7d8db3): пизда
[23:42:26] XBOST (ed244ead-df9a-464f-a48f-28478c7d8db3): 1000 угля щас вьебал
[23:42:37] XBOST (ed244ead-df9a-464f-a48f-28478c7d8db3): алмазы сделал
[23:44:25] LaNipge (347d9fd5-d990-49a9-9903-2d39a3b73974): иди сюда
[23:45:57] LaNipge (347d9fd5-d990-49a9-9903-2d39a3b73974): иди сюда
[23:46:16] LaNipge (347d9fd5-d990-49a9-9903-2d39a3b73974): ночь?
[23:46:50] XBOST (ed244ead-df9a-464f-a48f-28478c7d8db3): как будто ночь надо ждать
